[2026-03-16T19:55:06.225+0000] {taskinstance.py:1125} INFO - Dependencies all met for dep_context=non-requeueable deps ti=<TaskInstance: dag_mlops_full_pipeline.trigger_jupyter scheduled__2026-03-16T19:50:00+00:00 [queued]>
[2026-03-16T19:55:06.228+0000] {taskinstance.py:1125} INFO - Dependencies all met for dep_context=requeueable deps ti=<TaskInstance: dag_mlops_full_pipeline.trigger_jupyter scheduled__2026-03-16T19:50:00+00:00 [queued]>
[2026-03-16T19:55:06.229+0000] {taskinstance.py:1331} INFO - Starting attempt 1 of 1
[2026-03-16T19:55:06.233+0000] {taskinstance.py:1350} INFO - Executing <Task(PythonOperator): trigger_jupyter> on 2026-03-16 19:50:00+00:00
[2026-03-16T19:55:06.236+0000] {standard_task_runner.py:57} INFO - Started process 30697 to run task
[2026-03-16T19:55:06.237+0000] {standard_task_runner.py:84} INFO - Running: ['***', 'tasks', 'run', 'dag_mlops_full_pipeline', 'trigger_jupyter', 'scheduled__2026-03-16T19:50:00+00:00', '--job-id', '392', '--raw', '--subdir', 'DAGS_FOLDER/dag2.py', '--cfg-path', '/tmp/tmpabdzpt5a']
[2026-03-16T19:55:06.238+0000] {standard_task_runner.py:85} INFO - Job 392: Subtask trigger_jupyter
[2026-03-16T19:55:06.256+0000] {task_command.py:410} INFO - Running <TaskInstance: dag_mlops_full_pipeline.trigger_jupyter scheduled__2026-03-16T19:50:00+00:00 [running]> on host 87aa27980d8e
[2026-03-16T19:55:06.286+0000] {taskinstance.py:1570} INFO - Exporting env vars: AIRFLOW_CTX_DAG_OWNER='***' AIRFLOW_CTX_DAG_ID='dag_mlops_full_pipeline' AIRFLOW_CTX_TASK_ID='trigger_jupyter' AIRFLOW_CTX_EXECUTION_DATE='2026-03-16T19:50:00+00:00' AIRFLOW_CTX_TRY_NUMBER='1' AIRFLOW_CTX_DAG_RUN_ID='scheduled__2026-03-16T19:50:00+00:00'
[2026-03-16T19:55:06.291+0000] {logging_mixin.py:149} INFO - Creando kernel en Jupyter...
[2026-03-16T19:55:06.320+0000] {logging_mixin.py:149} INFO - Kernel creado: 0881b68c-bc23-4c9e-98c7-aaf65c3c78e2
[2026-03-16T19:55:06.320+0000] {logging_mixin.py:149} INFO - Conectando WebSocket...
[2026-03-16T19:55:06.497+0000] {logging_mixin.py:149} INFO - WebSocket conectado
[2026-03-16T19:55:06.498+0000] {logging_mixin.py:149} INFO - Esperando que el kernel este listo...
[2026-03-16T19:55:06.513+0000] {logging_mixin.py:149} INFO -   Estado kernel: busy
[2026-03-16T19:55:07.519+0000] {logging_mixin.py:149} INFO -   Estado kernel: busy
[2026-03-16T19:55:08.523+0000] {logging_mixin.py:149} INFO -   Estado kernel: idle
[2026-03-16T19:55:08.524+0000] {logging_mixin.py:149} INFO - Kernel listo
[2026-03-16T19:55:08.525+0000] {logging_mixin.py:149} INFO - Leyendo notebook train_model.ipynb...
[2026-03-16T19:55:08.541+0000] {logging_mixin.py:149} INFO - Inyectando parametros...
[2026-03-16T19:55:08.550+0000] {logging_mixin.py:149} INFO -   [celda 0] Parametros inyectados: batch=4, group=4
[2026-03-16T19:55:08.552+0000] {logging_mixin.py:149} INFO - Ejecutando 6 celdas del notebook...
[2026-03-16T19:55:08.552+0000] {logging_mixin.py:149} INFO -   Ejecutando celda 1/6...
[2026-03-16T19:55:09.071+0000] {logging_mixin.py:149} INFO -   [celda 1] Librerias cargadas correctamente
[2026-03-16T19:55:09.072+0000] {logging_mixin.py:149} INFO -   Ejecutando celda 2/6...
[2026-03-16T19:55:09.076+0000] {logging_mixin.py:149} INFO -   [celda 2] Parametros: batch=4, group=4
[2026-03-16T19:55:09.076+0000] {logging_mixin.py:149} INFO -   Ejecutando celda 3/6...
[2026-03-16T19:55:09.159+0000] {logging_mixin.py:149} INFO -   [celda 3] Conectando a PostgreSQL en postgres:5432...
Datos cargados: 17430 filas
   elevation    aspect     slope  horizontal_distance_to_hydrology  \
0   0.248731  0.916667  0.784314                          0.166304   
1   0.348985  0.247222  0.215686                          0.254348   
2   0.196066  0.888889  0.784314                          0.163043   
3   0.288071  0.547222  0.313725                          0.234783   
4   0.730330  0.194444  0.156863                          0.000000   

   vertical_distance_to_hydrology  horizontal_distance_to_roadways  \
0                        0.465729                         0.283537   
1                        0.393673                         0.049652   
2                        0.381371                         0.241725   
3                        0.395431                         0.205139   
4                        0.274165                         0.032666   

   hillshade_9am  hillshade_noon  hillshade_3pm  \
0       0.397638        0.363014       0.730924   
1       0.929134        0.787671       0.469880   
2       0.366142        0.424658       0.807229   
3       0.842520        0.986301       0.674699   
4       0.901575        0.801370       0.518072   

   horizontal_distance_to_fire_points  wilderness_area_encoded  \
0                            0.291736                        0   
1                            0.108454                        0   
2                            0.263320                        0   
3                            0.172152                        0   
4                            0.260242                        1   

   soil_type_encoded  cover_type  
0                  6           2  
1                  1           2  
2                  6           2  
3                  5           2  
4                 22           1
[2026-03-16T19:55:09.159+0000] {logging_mixin.py:149} INFO -   [celda 3] /tmp/ipykernel_3280/3056758113.py:26: UserWarning: pandas only supports SQLAlchemy connectable (engine/connection) or database string URI or sqlite3 DBAPI2 connection. Other DBAPI2 objects are not tested. Please consider using SQLAlchemy.
  df = pd.read_sql(query, conn, params=(BATCH_NUMBER, GROUP_NUMBER))
[2026-03-16T19:55:09.160+0000] {logging_mixin.py:149} INFO -   Ejecutando celda 4/6...
[2026-03-16T19:55:09.167+0000] {logging_mixin.py:149} INFO -   [celda 4] Train: 13944 filas | Test: 3486 filas
[2026-03-16T19:55:09.168+0000] {logging_mixin.py:149} INFO -   Ejecutando celda 5/6...
[2026-03-16T19:55:09.275+0000] {logging_mixin.py:149} INFO -   [celda 5] Entrenando Random Forest...
[2026-03-16T19:55:09.425+0000] {logging_mixin.py:149} INFO -   [celda 5] Entrenamiento completado
Accuracy en test: 0.9464 (94.64%)
[2026-03-16T19:55:09.427+0000] {logging_mixin.py:149} INFO -   Ejecutando celda 6/6...
[2026-03-16T19:55:09.562+0000] {logging_mixin.py:149} INFO -   [celda 6] Conectando a MinIO en http://minio:9000...
Modelo guardado en MinIO: s3://models/group_4/batch_4_acc_0.9464_20260316_195509.pkl
Tamano: 21259.5 KB
Notebook completado exitosamente
[2026-03-16T19:55:09.563+0000] {logging_mixin.py:149} INFO - Todas las celdas ejecutadas exitosamente
[2026-03-16T19:55:09.789+0000] {logging_mixin.py:149} INFO - Kernel 0881b68c-bc23-4c9e-98c7-aaf65c3c78e2 eliminado
[2026-03-16T19:55:09.790+0000] {python.py:183} INFO - Done. Returned value was: None
[2026-03-16T19:55:09.795+0000] {taskinstance.py:1373} INFO - Marking task as SUCCESS. dag_id=dag_mlops_full_pipeline, task_id=trigger_jupyter, execution_date=20260316T195000, start_date=20260316T195506, end_date=20260316T195509
[2026-03-16T19:55:09.824+0000] {local_task_job_runner.py:232} INFO - Task exited with return code 0
[2026-03-16T19:55:09.836+0000] {taskinstance.py:2674} INFO - 1 downstream tasks scheduled from follow-on schedule check
