[2026-03-16T21:12:04.758+0000] {taskinstance.py:1125} INFO - Dependencies all met for dep_context=non-requeueable deps ti=<TaskInstance: dag_mlops_full_pipeline.trigger_jupyter scheduled__2026-03-16T21:06:00+00:00 [queued]>
[2026-03-16T21:12:04.760+0000] {taskinstance.py:1125} INFO - Dependencies all met for dep_context=requeueable deps ti=<TaskInstance: dag_mlops_full_pipeline.trigger_jupyter scheduled__2026-03-16T21:06:00+00:00 [queued]>
[2026-03-16T21:12:04.760+0000] {taskinstance.py:1331} INFO - Starting attempt 1 of 1
[2026-03-16T21:12:04.765+0000] {taskinstance.py:1350} INFO - Executing <Task(PythonOperator): trigger_jupyter> on 2026-03-16 21:06:00+00:00
[2026-03-16T21:12:04.767+0000] {standard_task_runner.py:57} INFO - Started process 36653 to run task
[2026-03-16T21:12:04.769+0000] {standard_task_runner.py:84} INFO - Running: ['***', 'tasks', 'run', 'dag_mlops_full_pipeline', 'trigger_jupyter', 'scheduled__2026-03-16T21:06:00+00:00', '--job-id', '483', '--raw', '--subdir', 'DAGS_FOLDER/dag2.py', '--cfg-path', '/tmp/tmpow3dqwx_']
[2026-03-16T21:12:04.769+0000] {standard_task_runner.py:85} INFO - Job 483: Subtask trigger_jupyter
[2026-03-16T21:12:04.786+0000] {task_command.py:410} INFO - Running <TaskInstance: dag_mlops_full_pipeline.trigger_jupyter scheduled__2026-03-16T21:06:00+00:00 [running]> on host 87aa27980d8e
[2026-03-16T21:12:04.815+0000] {taskinstance.py:1570} INFO - Exporting env vars: AIRFLOW_CTX_DAG_OWNER='***' AIRFLOW_CTX_DAG_ID='dag_mlops_full_pipeline' AIRFLOW_CTX_TASK_ID='trigger_jupyter' AIRFLOW_CTX_EXECUTION_DATE='2026-03-16T21:06:00+00:00' AIRFLOW_CTX_TRY_NUMBER='1' AIRFLOW_CTX_DAG_RUN_ID='scheduled__2026-03-16T21:06:00+00:00'
[2026-03-16T21:12:04.820+0000] {logging_mixin.py:149} INFO - Creando kernel en Jupyter...
[2026-03-16T21:12:04.838+0000] {logging_mixin.py:149} INFO - Kernel creado: 1bcfbe28-b183-4eeb-9188-39f94c36a062
[2026-03-16T21:12:04.839+0000] {logging_mixin.py:149} INFO - Conectando WebSocket...
[2026-03-16T21:12:05.064+0000] {logging_mixin.py:149} INFO - WebSocket conectado
[2026-03-16T21:12:05.065+0000] {logging_mixin.py:149} INFO - Esperando que el kernel este listo...
[2026-03-16T21:12:05.091+0000] {logging_mixin.py:149} INFO -   Estado kernel: busy
[2026-03-16T21:12:06.093+0000] {logging_mixin.py:149} INFO -   Estado kernel: busy
[2026-03-16T21:12:07.095+0000] {logging_mixin.py:149} INFO -   Estado kernel: idle
[2026-03-16T21:12:07.096+0000] {logging_mixin.py:149} INFO - Kernel listo
[2026-03-16T21:12:07.096+0000] {logging_mixin.py:149} INFO - Leyendo notebook train_model.ipynb...
[2026-03-16T21:12:07.109+0000] {logging_mixin.py:149} INFO - Inyectando parametros...
[2026-03-16T21:12:07.116+0000] {logging_mixin.py:149} INFO -   [celda 0] Parametros inyectados: batch=2, group=4
[2026-03-16T21:12:07.118+0000] {logging_mixin.py:149} INFO - Ejecutando 6 celdas del notebook...
[2026-03-16T21:12:07.118+0000] {logging_mixin.py:149} INFO -   Ejecutando celda 1/6...
[2026-03-16T21:12:07.579+0000] {logging_mixin.py:149} INFO -   [celda 1] Librerias cargadas correctamente
[2026-03-16T21:12:07.581+0000] {logging_mixin.py:149} INFO -   Ejecutando celda 2/6...
[2026-03-16T21:12:07.586+0000] {logging_mixin.py:149} INFO -   [celda 2] Parametros: batch=2, group=4
[2026-03-16T21:12:07.586+0000] {logging_mixin.py:149} INFO -   Ejecutando celda 3/6...
[2026-03-16T21:12:07.609+0000] {logging_mixin.py:149} INFO -   [celda 3] Conectando a PostgreSQL en postgres:5432...
Datos cargados: 5810 filas
   elevation    aspect     slope  horizontal_distance_to_hydrology  \
0   0.628446  0.888889  0.520833                          0.129301   
1   0.587093  0.888889  0.291667                          0.132430   
2   0.294486  0.375000  0.104167                          0.265902   
3   0.693609  0.425000  0.375000                          0.132430   
4   0.361529  0.991667  0.270833                          0.112617   

   vertical_distance_to_hydrology  horizontal_distance_to_roadways  \
0                        0.375000                         0.022151   
1                        0.312500                         0.494569   
2                        0.338235                         0.106709   
3                        0.325368                         0.286688   
4                        0.301471                         0.172524   

   hillshade_9am  hillshade_noon  hillshade_3pm  \
0       0.480198        0.680556       0.792683   
1       0.643564        0.798611       0.743902   
2       0.876238        0.888889       0.581301   
3       0.925743        0.888889       0.495935   
4       0.722772        0.729167       0.626016   

   horizontal_distance_to_fire_points  wilderness_area_encoded  \
0                            0.148209                        2   
1                            0.289159                        1   
2                            0.155935                        0   
3                            0.774292                        2   
4                            0.278389                        0   

   soil_type_encoded  cover_type  
0                 18           1  
1                 20           1  
2                  3           2  
3                 14           0  
4                  6           2
[2026-03-16T21:12:07.610+0000] {logging_mixin.py:149} INFO -   [celda 3] /tmp/ipykernel_4347/3056758113.py:26: UserWarning: pandas only supports SQLAlchemy connectable (engine/connection) or database string URI or sqlite3 DBAPI2 connection. Other DBAPI2 objects are not tested. Please consider using SQLAlchemy.
  df = pd.read_sql(query, conn, params=(BATCH_NUMBER, GROUP_NUMBER))
[2026-03-16T21:12:07.610+0000] {logging_mixin.py:149} INFO -   Ejecutando celda 4/6...
[2026-03-16T21:12:07.616+0000] {logging_mixin.py:149} INFO -   [celda 4] Train: 4648 filas | Test: 1162 filas
[2026-03-16T21:12:07.617+0000] {logging_mixin.py:149} INFO -   Ejecutando celda 5/6...
[2026-03-16T21:12:07.769+0000] {logging_mixin.py:149} INFO -   [celda 5] Entrenando Random Forest...
Entrenamiento completado
Accuracy en test: 0.8649 (86.49%)
[2026-03-16T21:12:07.770+0000] {logging_mixin.py:149} INFO -   Ejecutando celda 6/6...
[2026-03-16T21:12:07.816+0000] {logging_mixin.py:149} INFO -   [celda 6] Conectando a MinIO en http://minio:9000...
[2026-03-16T21:12:07.870+0000] {logging_mixin.py:149} INFO -   [celda 6] Modelo guardado en MinIO: s3://models/group_4/batch_2_acc_0.8649_20260316_211207.pkl
Tamano: 12320.1 KB
Notebook completado exitosamente
[2026-03-16T21:12:07.871+0000] {logging_mixin.py:149} INFO - Todas las celdas ejecutadas exitosamente
[2026-03-16T21:12:08.100+0000] {logging_mixin.py:149} INFO - Kernel 1bcfbe28-b183-4eeb-9188-39f94c36a062 eliminado
[2026-03-16T21:12:08.100+0000] {python.py:183} INFO - Done. Returned value was: None
[2026-03-16T21:12:08.104+0000] {taskinstance.py:1373} INFO - Marking task as SUCCESS. dag_id=dag_mlops_full_pipeline, task_id=trigger_jupyter, execution_date=20260316T210600, start_date=20260316T211204, end_date=20260316T211208
[2026-03-16T21:12:08.146+0000] {local_task_job_runner.py:232} INFO - Task exited with return code 0
[2026-03-16T21:12:08.156+0000] {taskinstance.py:2674} INFO - 0 downstream tasks scheduled from follow-on schedule check
