[2026-03-16T19:45:06.278+0000] {taskinstance.py:1125} INFO - Dependencies all met for dep_context=non-requeueable deps ti=<TaskInstance: dag_mlops_full_pipeline.trigger_jupyter scheduled__2026-03-16T19:40:00+00:00 [queued]>
[2026-03-16T19:45:06.280+0000] {taskinstance.py:1125} INFO - Dependencies all met for dep_context=requeueable deps ti=<TaskInstance: dag_mlops_full_pipeline.trigger_jupyter scheduled__2026-03-16T19:40:00+00:00 [queued]>
[2026-03-16T19:45:06.280+0000] {taskinstance.py:1331} INFO - Starting attempt 1 of 1
[2026-03-16T19:45:06.285+0000] {taskinstance.py:1350} INFO - Executing <Task(PythonOperator): trigger_jupyter> on 2026-03-16 19:40:00+00:00
[2026-03-16T19:45:06.287+0000] {standard_task_runner.py:57} INFO - Started process 29942 to run task
[2026-03-16T19:45:06.289+0000] {standard_task_runner.py:84} INFO - Running: ['***', 'tasks', 'run', 'dag_mlops_full_pipeline', 'trigger_jupyter', 'scheduled__2026-03-16T19:40:00+00:00', '--job-id', '382', '--raw', '--subdir', 'DAGS_FOLDER/dag2.py', '--cfg-path', '/tmp/tmp3ip0je2j']
[2026-03-16T19:45:06.289+0000] {standard_task_runner.py:85} INFO - Job 382: Subtask trigger_jupyter
[2026-03-16T19:45:06.306+0000] {task_command.py:410} INFO - Running <TaskInstance: dag_mlops_full_pipeline.trigger_jupyter scheduled__2026-03-16T19:40:00+00:00 [running]> on host 87aa27980d8e
[2026-03-16T19:45:06.335+0000] {taskinstance.py:1570} INFO - Exporting env vars: AIRFLOW_CTX_DAG_OWNER='***' AIRFLOW_CTX_DAG_ID='dag_mlops_full_pipeline' AIRFLOW_CTX_TASK_ID='trigger_jupyter' AIRFLOW_CTX_EXECUTION_DATE='2026-03-16T19:40:00+00:00' AIRFLOW_CTX_TRY_NUMBER='1' AIRFLOW_CTX_DAG_RUN_ID='scheduled__2026-03-16T19:40:00+00:00'
[2026-03-16T19:45:06.340+0000] {logging_mixin.py:149} INFO - Creando kernel en Jupyter...
[2026-03-16T19:45:06.359+0000] {logging_mixin.py:149} INFO - Kernel creado: 02339fb0-8cef-4eda-bb2a-a7310417144b
[2026-03-16T19:45:06.359+0000] {logging_mixin.py:149} INFO - Conectando WebSocket...
[2026-03-16T19:45:06.504+0000] {logging_mixin.py:149} INFO - WebSocket conectado
[2026-03-16T19:45:06.504+0000] {logging_mixin.py:149} INFO - Esperando que el kernel este listo...
[2026-03-16T19:45:06.512+0000] {logging_mixin.py:149} INFO -   Estado kernel: busy
[2026-03-16T19:45:07.518+0000] {logging_mixin.py:149} INFO -   Estado kernel: busy
[2026-03-16T19:45:08.522+0000] {logging_mixin.py:149} INFO -   Estado kernel: idle
[2026-03-16T19:45:08.523+0000] {logging_mixin.py:149} INFO - Kernel listo
[2026-03-16T19:45:08.523+0000] {logging_mixin.py:149} INFO - Leyendo notebook train_model.ipynb...
[2026-03-16T19:45:08.537+0000] {logging_mixin.py:149} INFO - Inyectando parametros...
[2026-03-16T19:45:08.546+0000] {logging_mixin.py:149} INFO -   [celda 0] Parametros inyectados: batch=3, group=4
[2026-03-16T19:45:08.549+0000] {logging_mixin.py:149} INFO - Ejecutando 6 celdas del notebook...
[2026-03-16T19:45:08.549+0000] {logging_mixin.py:149} INFO -   Ejecutando celda 1/6...
[2026-03-16T19:45:09.024+0000] {logging_mixin.py:149} INFO -   [celda 1] Librerias cargadas correctamente
[2026-03-16T19:45:09.026+0000] {logging_mixin.py:149} INFO -   Ejecutando celda 2/6...
[2026-03-16T19:45:09.030+0000] {logging_mixin.py:149} INFO -   [celda 2] Parametros: batch=3, group=4
[2026-03-16T19:45:09.030+0000] {logging_mixin.py:149} INFO -   Ejecutando celda 3/6...
[2026-03-16T19:45:09.099+0000] {logging_mixin.py:149} INFO -   [celda 3] Conectando a PostgreSQL en postgres:5432...
Datos cargados: 17430 filas
   elevation    aspect     slope  horizontal_distance_to_hydrology  \
0   0.728302  0.861111  0.630435                          0.454644   
1   0.687421  0.316667  0.347826                          0.045356   
2   0.057862  0.855556  0.673913                          0.235421   
3   0.725157  0.066667  0.369565                          0.323974   
4   0.657862  0.991667  0.195652                          0.683585   

   vertical_distance_to_hydrology  horizontal_distance_to_roadways  \
0                        0.166344                         0.268657   
1                        0.321083                         0.095949   
2                        0.529981                         0.038380   
3                        0.456480                         0.097655   
4                        0.373308                         0.307463   

   hillshade_9am  hillshade_noon  hillshade_3pm  \
0       0.362694        0.692810       0.853659   
1       0.958549        0.790850       0.402439   
2       0.310881        0.666667       0.869919   
3       0.761658        0.653595       0.508130   
4       0.751295        0.803922       0.634146   

   horizontal_distance_to_fire_points  wilderness_area_encoded  \
0                            0.693830                        2   
1                            0.360885                        1   
2                            0.185565                        0   
3                            0.378114                        1   
4                            0.244005                        1   

   soil_type_encoded  cover_type  
0                 14           0  
1                 22           1  
2                  4           5  
3                 16           0  
4                 21           1
[2026-03-16T19:45:09.100+0000] {logging_mixin.py:149} INFO -   [celda 3] /tmp/ipykernel_3155/3056758113.py:26: UserWarning: pandas only supports SQLAlchemy connectable (engine/connection) or database string URI or sqlite3 DBAPI2 connection. Other DBAPI2 objects are not tested. Please consider using SQLAlchemy.
  df = pd.read_sql(query, conn, params=(BATCH_NUMBER, GROUP_NUMBER))
[2026-03-16T19:45:09.100+0000] {logging_mixin.py:149} INFO -   Ejecutando celda 4/6...
[2026-03-16T19:45:09.108+0000] {logging_mixin.py:149} INFO -   [celda 4] Train: 13944 filas | Test: 3486 filas
[2026-03-16T19:45:09.108+0000] {logging_mixin.py:149} INFO -   Ejecutando celda 5/6...
[2026-03-16T19:45:09.227+0000] {logging_mixin.py:149} INFO -   [celda 5] Entrenando Random Forest...
[2026-03-16T19:45:09.350+0000] {logging_mixin.py:149} INFO -   [celda 5] Entrenamiento completado
Accuracy en test: 0.9208 (92.08%)
[2026-03-16T19:45:09.352+0000] {logging_mixin.py:149} INFO -   Ejecutando celda 6/6...
[2026-03-16T19:45:09.433+0000] {logging_mixin.py:149} INFO -   [celda 6] Conectando a MinIO en http://minio:9000...
Modelo guardado en MinIO: s3://models/group_4/batch_3_acc_0.9208_20260316_194509.pkl
Tamano: 22292.6 KB
Notebook completado exitosamente
[2026-03-16T19:45:09.435+0000] {logging_mixin.py:149} INFO - Todas las celdas ejecutadas exitosamente
[2026-03-16T19:45:09.656+0000] {logging_mixin.py:149} INFO - Kernel 02339fb0-8cef-4eda-bb2a-a7310417144b eliminado
[2026-03-16T19:45:09.656+0000] {python.py:183} INFO - Done. Returned value was: None
[2026-03-16T19:45:09.661+0000] {taskinstance.py:1373} INFO - Marking task as SUCCESS. dag_id=dag_mlops_full_pipeline, task_id=trigger_jupyter, execution_date=20260316T194000, start_date=20260316T194506, end_date=20260316T194509
[2026-03-16T19:45:09.705+0000] {local_task_job_runner.py:232} INFO - Task exited with return code 0
[2026-03-16T19:45:09.717+0000] {taskinstance.py:2674} INFO - 1 downstream tasks scheduled from follow-on schedule check
