[2026-03-16T22:06:04.622+0000] {taskinstance.py:1125} INFO - Dependencies all met for dep_context=non-requeueable deps ti=<TaskInstance: dag_mlops_full_pipeline.trigger_jupyter scheduled__2026-03-16T22:00:00+00:00 [queued]>
[2026-03-16T22:06:04.625+0000] {taskinstance.py:1125} INFO - Dependencies all met for dep_context=requeueable deps ti=<TaskInstance: dag_mlops_full_pipeline.trigger_jupyter scheduled__2026-03-16T22:00:00+00:00 [queued]>
[2026-03-16T22:06:04.625+0000] {taskinstance.py:1331} INFO - Starting attempt 1 of 1
[2026-03-16T22:06:04.630+0000] {taskinstance.py:1350} INFO - Executing <Task(PythonOperator): trigger_jupyter> on 2026-03-16 22:00:00+00:00
[2026-03-16T22:06:04.632+0000] {standard_task_runner.py:57} INFO - Started process 40542 to run task
[2026-03-16T22:06:04.634+0000] {standard_task_runner.py:84} INFO - Running: ['***', 'tasks', 'run', 'dag_mlops_full_pipeline', 'trigger_jupyter', 'scheduled__2026-03-16T22:00:00+00:00', '--job-id', '523', '--raw', '--subdir', 'DAGS_FOLDER/dag2.py', '--cfg-path', '/tmp/tmppdluji1c']
[2026-03-16T22:06:04.634+0000] {standard_task_runner.py:85} INFO - Job 523: Subtask trigger_jupyter
[2026-03-16T22:06:04.652+0000] {task_command.py:410} INFO - Running <TaskInstance: dag_mlops_full_pipeline.trigger_jupyter scheduled__2026-03-16T22:00:00+00:00 [running]> on host 87aa27980d8e
[2026-03-16T22:06:04.688+0000] {taskinstance.py:1570} INFO - Exporting env vars: AIRFLOW_CTX_DAG_OWNER='***' AIRFLOW_CTX_DAG_ID='dag_mlops_full_pipeline' AIRFLOW_CTX_TASK_ID='trigger_jupyter' AIRFLOW_CTX_EXECUTION_DATE='2026-03-16T22:00:00+00:00' AIRFLOW_CTX_TRY_NUMBER='1' AIRFLOW_CTX_DAG_RUN_ID='scheduled__2026-03-16T22:00:00+00:00'
[2026-03-16T22:06:04.696+0000] {logging_mixin.py:149} INFO - Creando kernel en Jupyter...
[2026-03-16T22:06:04.713+0000] {logging_mixin.py:149} INFO - Kernel creado: fb71978a-6493-43d6-bf6d-9c7dc7924063
[2026-03-16T22:06:04.714+0000] {logging_mixin.py:149} INFO - Conectando WebSocket...
[2026-03-16T22:06:05.010+0000] {logging_mixin.py:149} INFO - WebSocket conectado
[2026-03-16T22:06:05.010+0000] {logging_mixin.py:149} INFO - Esperando que el kernel este listo...
[2026-03-16T22:06:05.021+0000] {logging_mixin.py:149} INFO -   Estado kernel: busy
[2026-03-16T22:06:06.027+0000] {logging_mixin.py:149} INFO -   Estado kernel: idle
[2026-03-16T22:06:06.028+0000] {logging_mixin.py:149} INFO - Kernel listo
[2026-03-16T22:06:06.029+0000] {logging_mixin.py:149} INFO - Leyendo notebook train_model.ipynb...
[2026-03-16T22:06:06.042+0000] {logging_mixin.py:149} INFO - Inyectando parametros...
[2026-03-16T22:06:06.051+0000] {logging_mixin.py:149} INFO -   [celda 0] Parametros inyectados: batch=10, group=4
[2026-03-16T22:06:06.054+0000] {logging_mixin.py:149} INFO - Ejecutando 6 celdas del notebook...
[2026-03-16T22:06:06.054+0000] {logging_mixin.py:149} INFO -   Ejecutando celda 1/6...
[2026-03-16T22:06:06.540+0000] {logging_mixin.py:149} INFO -   [celda 1] Librerias cargadas correctamente
[2026-03-16T22:06:06.541+0000] {logging_mixin.py:149} INFO -   Ejecutando celda 2/6...
[2026-03-16T22:06:06.545+0000] {logging_mixin.py:149} INFO -   [celda 2] Parametros: batch=10, group=4
[2026-03-16T22:06:06.546+0000] {logging_mixin.py:149} INFO -   Ejecutando celda 3/6...
[2026-03-16T22:06:06.569+0000] {logging_mixin.py:149} INFO -   [celda 3] Conectando a PostgreSQL en postgres:5432...
Datos cargados: 5810 filas
   elevation    aspect     slope  horizontal_distance_to_hydrology  \
0   0.310649  0.863889  0.521739                          0.314164   
1   0.428481  0.019444  0.739130                          0.186368   
2   0.131695  0.861111  0.978261                          0.257721   
3   0.535602  0.941667  0.456522                          0.172524   
4   0.726528  0.050000  0.260870                          0.230032   

   vertical_distance_to_hydrology  horizontal_distance_to_roadways  \
0                        0.464419                         0.155034   
1                        0.404494                         0.184605   
2                        0.595506                         0.049576   
3                        0.397004                         0.363775   
4                        0.327715                         0.186562   

   hillshade_9am  hillshade_noon  hillshade_3pm  \
0       0.442105        0.732877       0.822581   
1       0.505263        0.308219       0.455645   
2       0.010526        0.397260       0.875000   
3       0.552632        0.657534       0.689516   
4       0.773684        0.732877       0.560484   

   horizontal_distance_to_fire_points  wilderness_area_encoded  \
0                            0.089741                        0   
1                            0.315027                        1   
2                            0.015658                        0   
3                            0.297499                        1   
4                            0.439121                        1   

   soil_type_encoded  cover_type  
0                  6           2  
1                  8           1  
2                  6           2  
3                 16           1  
4                 21           1
[2026-03-16T22:06:06.570+0000] {logging_mixin.py:149} INFO -   [celda 3] /tmp/ipykernel_4847/3056758113.py:26: UserWarning: pandas only supports SQLAlchemy connectable (engine/connection) or database string URI or sqlite3 DBAPI2 connection. Other DBAPI2 objects are not tested. Please consider using SQLAlchemy.
  df = pd.read_sql(query, conn, params=(BATCH_NUMBER, GROUP_NUMBER))
[2026-03-16T22:06:06.571+0000] {logging_mixin.py:149} INFO -   Ejecutando celda 4/6...
[2026-03-16T22:06:06.576+0000] {logging_mixin.py:149} INFO -   [celda 4] Train: 4648 filas | Test: 1162 filas
[2026-03-16T22:06:06.577+0000] {logging_mixin.py:149} INFO -   Ejecutando celda 5/6...
[2026-03-16T22:06:06.730+0000] {logging_mixin.py:149} INFO -   [celda 5] Entrenando Random Forest...
Entrenamiento completado
Accuracy en test: 0.8726 (87.26%)
[2026-03-16T22:06:06.731+0000] {logging_mixin.py:149} INFO -   Ejecutando celda 6/6...
[2026-03-16T22:06:06.778+0000] {logging_mixin.py:149} INFO -   [celda 6] Conectando a MinIO en http://minio:9000...
[2026-03-16T22:06:06.826+0000] {logging_mixin.py:149} INFO -   [celda 6] Modelo guardado en MinIO: s3://models/group_4/batch_10_acc_0.8726_20260316_220606.pkl
Tamano: 11995.7 KB
Notebook completado exitosamente
[2026-03-16T22:06:06.827+0000] {logging_mixin.py:149} INFO - Todas las celdas ejecutadas exitosamente
[2026-03-16T22:06:07.150+0000] {logging_mixin.py:149} INFO - Kernel fb71978a-6493-43d6-bf6d-9c7dc7924063 eliminado
[2026-03-16T22:06:07.151+0000] {python.py:183} INFO - Done. Returned value was: None
[2026-03-16T22:06:07.155+0000] {taskinstance.py:1373} INFO - Marking task as SUCCESS. dag_id=dag_mlops_full_pipeline, task_id=trigger_jupyter, execution_date=20260316T220000, start_date=20260316T220604, end_date=20260316T220607
[2026-03-16T22:06:07.195+0000] {local_task_job_runner.py:232} INFO - Task exited with return code 0
[2026-03-16T22:06:07.204+0000] {taskinstance.py:2674} INFO - 1 downstream tasks scheduled from follow-on schedule check
