[2026-03-16T18:35:05.592+0000] {taskinstance.py:1125} INFO - Dependencies all met for dep_context=non-requeueable deps ti=<TaskInstance: dag_mlops_full_pipeline.trigger_jupyter scheduled__2026-03-16T18:30:00+00:00 [queued]>
[2026-03-16T18:35:05.595+0000] {taskinstance.py:1125} INFO - Dependencies all met for dep_context=requeueable deps ti=<TaskInstance: dag_mlops_full_pipeline.trigger_jupyter scheduled__2026-03-16T18:30:00+00:00 [queued]>
[2026-03-16T18:35:05.595+0000] {taskinstance.py:1331} INFO - Starting attempt 1 of 1
[2026-03-16T18:35:05.600+0000] {taskinstance.py:1350} INFO - Executing <Task(PythonOperator): trigger_jupyter> on 2026-03-16 18:30:00+00:00
[2026-03-16T18:35:05.602+0000] {standard_task_runner.py:57} INFO - Started process 24615 to run task
[2026-03-16T18:35:05.604+0000] {standard_task_runner.py:84} INFO - Running: ['***', 'tasks', 'run', 'dag_mlops_full_pipeline', 'trigger_jupyter', 'scheduled__2026-03-16T18:30:00+00:00', '--job-id', '303', '--raw', '--subdir', 'DAGS_FOLDER/dag2.py', '--cfg-path', '/tmp/tmpayck3fr0']
[2026-03-16T18:35:05.605+0000] {standard_task_runner.py:85} INFO - Job 303: Subtask trigger_jupyter
[2026-03-16T18:35:05.622+0000] {task_command.py:410} INFO - Running <TaskInstance: dag_mlops_full_pipeline.trigger_jupyter scheduled__2026-03-16T18:30:00+00:00 [running]> on host 87aa27980d8e
[2026-03-16T18:35:05.651+0000] {taskinstance.py:1570} INFO - Exporting env vars: AIRFLOW_CTX_DAG_OWNER='***' AIRFLOW_CTX_DAG_ID='dag_mlops_full_pipeline' AIRFLOW_CTX_TASK_ID='trigger_jupyter' AIRFLOW_CTX_EXECUTION_DATE='2026-03-16T18:30:00+00:00' AIRFLOW_CTX_TRY_NUMBER='1' AIRFLOW_CTX_DAG_RUN_ID='scheduled__2026-03-16T18:30:00+00:00'
[2026-03-16T18:35:05.657+0000] {logging_mixin.py:149} INFO - Creando kernel en Jupyter...
[2026-03-16T18:35:05.675+0000] {logging_mixin.py:149} INFO - Kernel creado: 12ed666c-36c9-4da6-a0b8-e64cf74096c8
[2026-03-16T18:35:05.675+0000] {logging_mixin.py:149} INFO - Conectando WebSocket...
[2026-03-16T18:35:05.869+0000] {logging_mixin.py:149} INFO - WebSocket conectado
[2026-03-16T18:35:05.869+0000] {logging_mixin.py:149} INFO - Esperando que el kernel este listo...
[2026-03-16T18:35:05.887+0000] {logging_mixin.py:149} INFO -   Estado kernel: busy
[2026-03-16T18:35:06.890+0000] {logging_mixin.py:149} INFO -   Estado kernel: idle
[2026-03-16T18:35:06.891+0000] {logging_mixin.py:149} INFO - Kernel listo
[2026-03-16T18:35:06.892+0000] {logging_mixin.py:149} INFO - Leyendo notebook train_model.ipynb...
[2026-03-16T18:35:06.905+0000] {logging_mixin.py:149} INFO - Inyectando parametros...
[2026-03-16T18:35:06.914+0000] {logging_mixin.py:149} INFO -   [celda 0] Parametros inyectados: batch=1, group=4
[2026-03-16T18:35:06.915+0000] {logging_mixin.py:149} INFO - Ejecutando 6 celdas del notebook...
[2026-03-16T18:35:06.916+0000] {logging_mixin.py:149} INFO -   Ejecutando celda 1/6...
[2026-03-16T18:35:07.412+0000] {logging_mixin.py:149} INFO -   [celda 1] Librerias cargadas correctamente
[2026-03-16T18:35:07.413+0000] {logging_mixin.py:149} INFO -   Ejecutando celda 2/6...
[2026-03-16T18:35:07.417+0000] {logging_mixin.py:149} INFO -   [celda 2] Parametros: batch=1, group=4
[2026-03-16T18:35:07.417+0000] {logging_mixin.py:149} INFO -   Ejecutando celda 3/6...
[2026-03-16T18:35:07.487+0000] {logging_mixin.py:149} INFO -   [celda 3] Conectando a PostgreSQL en postgres:5432...
Datos cargados: 17430 filas
   elevation    aspect     slope  horizontal_distance_to_hydrology  \
0   0.679648  0.875000  0.166667                          0.237748   
1   0.268216  0.816667  0.520833                          0.156413   
2   0.209171  0.975000  0.458333                          0.392075   
3   0.751884  0.994444  0.541667                          0.606882   
4   0.389447  0.088889  0.187500                          0.156413   

   vertical_distance_to_hydrology  horizontal_distance_to_roadways  \
0                        0.351064                         0.228407   
1                        0.372340                         0.176717   
2                        0.627660                         0.087475   
3                        0.648936                         0.123481   
4                        0.331560                         0.119284   

   hillshade_9am  hillshade_noon  hillshade_3pm  \
0       0.712042        0.862069       0.701613   
1       0.408377        0.793103       0.883065   
2       0.586387        0.600000       0.625000   
3       0.565445        0.510345       0.572581   
4       0.811518        0.765517       0.552419   

   horizontal_distance_to_fire_points  wilderness_area_encoded  \
0                            0.672085                        2   
1                            0.084069                        0   
2                            0.098467                        0   
3                            0.380399                        2   
4                            0.322109                        0   

   soil_type_encoded  cover_type  
0                 15           0  
1                  6           2  
2                  6           2  
3                 20           1  
4                  5           2
[2026-03-16T18:35:07.488+0000] {logging_mixin.py:149} INFO -   [celda 3] /tmp/ipykernel_2216/3056758113.py:26: UserWarning: pandas only supports SQLAlchemy connectable (engine/connection) or database string URI or sqlite3 DBAPI2 connection. Other DBAPI2 objects are not tested. Please consider using SQLAlchemy.
  df = pd.read_sql(query, conn, params=(BATCH_NUMBER, GROUP_NUMBER))
[2026-03-16T18:35:07.488+0000] {logging_mixin.py:149} INFO -   Ejecutando celda 4/6...
[2026-03-16T18:35:07.496+0000] {logging_mixin.py:149} INFO -   [celda 4] Train: 13944 filas | Test: 3486 filas
[2026-03-16T18:35:07.496+0000] {logging_mixin.py:149} INFO -   Ejecutando celda 5/6...
[2026-03-16T18:35:07.617+0000] {logging_mixin.py:149} INFO -   [celda 5] Entrenando Random Forest...
[2026-03-16T18:35:07.739+0000] {logging_mixin.py:149} INFO -   [celda 5] Entrenamiento completado
Accuracy en test: 0.9355 (93.55%)
[2026-03-16T18:35:07.741+0000] {logging_mixin.py:149} INFO -   Ejecutando celda 6/6...
[2026-03-16T18:35:07.825+0000] {logging_mixin.py:149} INFO -   [celda 6] Conectando a MinIO en http://minio:9000...
Modelo guardado en MinIO: s3://models/group_4/batch_1_acc_0.9355_20260316_183507.pkl
Tamano: 21518.0 KB
Notebook completado exitosamente
[2026-03-16T18:35:07.827+0000] {logging_mixin.py:149} INFO - Todas las celdas ejecutadas exitosamente
[2026-03-16T18:35:08.043+0000] {logging_mixin.py:149} INFO - Kernel 12ed666c-36c9-4da6-a0b8-e64cf74096c8 eliminado
[2026-03-16T18:35:08.044+0000] {python.py:183} INFO - Done. Returned value was: None
[2026-03-16T18:35:08.048+0000] {taskinstance.py:1373} INFO - Marking task as SUCCESS. dag_id=dag_mlops_full_pipeline, task_id=trigger_jupyter, execution_date=20260316T183000, start_date=20260316T183505, end_date=20260316T183508
[2026-03-16T18:35:08.085+0000] {local_task_job_runner.py:232} INFO - Task exited with return code 0
[2026-03-16T18:35:08.096+0000] {taskinstance.py:2674} INFO - 1 downstream tasks scheduled from follow-on schedule check
