[2026-03-17T01:56:29.685+0000] {taskinstance.py:1125} INFO - Dependencies all met for dep_context=non-requeueable deps ti=<TaskInstance: dag_mlops_full_pipeline.verify_and_stop scheduled__2026-03-17T01:50:00+00:00 [queued]>
[2026-03-17T01:56:29.688+0000] {taskinstance.py:1125} INFO - Dependencies all met for dep_context=requeueable deps ti=<TaskInstance: dag_mlops_full_pipeline.verify_and_stop scheduled__2026-03-17T01:50:00+00:00 [queued]>
[2026-03-17T01:56:29.689+0000] {taskinstance.py:1331} INFO - Starting attempt 1 of 1
[2026-03-17T01:56:29.694+0000] {taskinstance.py:1350} INFO - Executing <Task(PythonOperator): verify_and_stop> on 2026-03-17 01:50:00+00:00
[2026-03-17T01:56:29.697+0000] {standard_task_runner.py:57} INFO - Started process 56021 to run task
[2026-03-17T01:56:29.700+0000] {standard_task_runner.py:84} INFO - Running: ['***', 'tasks', 'run', 'dag_mlops_full_pipeline', 'verify_and_stop', 'scheduled__2026-03-17T01:50:00+00:00', '--job-id', '614', '--raw', '--subdir', 'DAGS_FOLDER/dag2.py', '--cfg-path', '/tmp/tmp_34cs0c3']
[2026-03-17T01:56:29.701+0000] {standard_task_runner.py:85} INFO - Job 614: Subtask verify_and_stop
[2026-03-17T01:56:29.719+0000] {task_command.py:410} INFO - Running <TaskInstance: dag_mlops_full_pipeline.verify_and_stop scheduled__2026-03-17T01:50:00+00:00 [running]> on host 87aa27980d8e
[2026-03-17T01:56:29.750+0000] {taskinstance.py:1570} INFO - Exporting env vars: AIRFLOW_CTX_DAG_OWNER='***' AIRFLOW_CTX_DAG_ID='dag_mlops_full_pipeline' AIRFLOW_CTX_TASK_ID='verify_and_stop' AIRFLOW_CTX_EXECUTION_DATE='2026-03-17T01:50:00+00:00' AIRFLOW_CTX_TRY_NUMBER='1' AIRFLOW_CTX_DAG_RUN_ID='scheduled__2026-03-17T01:50:00+00:00'
[2026-03-17T01:56:29.896+0000] {logging_mixin.py:149} INFO - Modelo verificado: group_4/batch_1_acc_0.8907_20260317_015628.pkl (19467181 bytes)
[2026-03-17T01:56:29.900+0000] {crypto.py:83} WARNING - empty cryptography key - values will not be stored encrypted.
[2026-03-17T01:56:29.901+0000] {logging_mixin.py:149} INFO - Ejecucion 10/10 completada
[2026-03-17T01:56:29.903+0000] {logging_mixin.py:149} INFO - Se completaron 10 ejecuciones. Pausando el DAG...
[2026-03-17T01:56:29.907+0000] {logging_mixin.py:149} INFO - DAG 'dag_mlops_full_pipeline' pausado. Para una nueva ronda corre dag_restart_data y activa el toggle.
[2026-03-17T01:56:29.908+0000] {python.py:183} INFO - Done. Returned value was: None
[2026-03-17T01:56:29.910+0000] {taskinstance.py:1373} INFO - Marking task as SUCCESS. dag_id=dag_mlops_full_pipeline, task_id=verify_and_stop, execution_date=20260317T015000, start_date=20260317T015629, end_date=20260317T015629
[2026-03-17T01:56:29.919+0000] {local_task_job_runner.py:232} INFO - Task exited with return code 0
[2026-03-17T01:56:29.927+0000] {taskinstance.py:2674} INFO - 0 downstream tasks scheduled from follow-on schedule check
[2026-03-17T01:59:37.369+0000] {taskinstance.py:1125} INFO - Dependencies all met for dep_context=non-requeueable deps ti=<TaskInstance: dag_mlops_full_pipeline.verify_and_stop scheduled__2026-03-17T01:50:00+00:00 [queued]>
[2026-03-17T01:59:37.374+0000] {taskinstance.py:1125} INFO - Dependencies all met for dep_context=requeueable deps ti=<TaskInstance: dag_mlops_full_pipeline.verify_and_stop scheduled__2026-03-17T01:50:00+00:00 [queued]>
[2026-03-17T01:59:37.375+0000] {taskinstance.py:1331} INFO - Starting attempt 1 of 1
[2026-03-17T01:59:37.384+0000] {taskinstance.py:1350} INFO - Executing <Task(PythonOperator): verify_and_stop> on 2026-03-17 01:50:00+00:00
[2026-03-17T01:59:37.387+0000] {standard_task_runner.py:57} INFO - Started process 56277 to run task
[2026-03-17T01:59:37.390+0000] {standard_task_runner.py:84} INFO - Running: ['***', 'tasks', 'run', 'dag_mlops_full_pipeline', 'verify_and_stop', 'scheduled__2026-03-17T01:50:00+00:00', '--job-id', '621', '--raw', '--subdir', 'DAGS_FOLDER/dag2.py', '--cfg-path', '/tmp/tmpepw646g8']
[2026-03-17T01:59:37.391+0000] {standard_task_runner.py:85} INFO - Job 621: Subtask verify_and_stop
[2026-03-17T01:59:37.441+0000] {task_command.py:410} INFO - Running <TaskInstance: dag_mlops_full_pipeline.verify_and_stop scheduled__2026-03-17T01:50:00+00:00 [running]> on host 87aa27980d8e
[2026-03-17T01:59:37.479+0000] {taskinstance.py:1570} INFO - Exporting env vars: AIRFLOW_CTX_DAG_OWNER='***' AIRFLOW_CTX_DAG_ID='dag_mlops_full_pipeline' AIRFLOW_CTX_TASK_ID='verify_and_stop' AIRFLOW_CTX_EXECUTION_DATE='2026-03-17T01:50:00+00:00' AIRFLOW_CTX_TRY_NUMBER='1' AIRFLOW_CTX_DAG_RUN_ID='scheduled__2026-03-17T01:50:00+00:00'
[2026-03-17T01:59:37.633+0000] {logging_mixin.py:149} INFO - Modelo verificado: group_4/batch_1_acc_0.858_20260317_015936.pkl (12359482 bytes)
[2026-03-17T01:59:37.640+0000] {crypto.py:83} WARNING - empty cryptography key - values will not be stored encrypted.
[2026-03-17T01:59:37.642+0000] {logging_mixin.py:149} INFO - Ejecucion 1/10 completada
[2026-03-17T01:59:37.642+0000] {logging_mixin.py:149} INFO - Faltan 9 ejecuciones. El DAG seguira corriendo.
[2026-03-17T01:59:37.642+0000] {python.py:183} INFO - Done. Returned value was: None
[2026-03-17T01:59:37.646+0000] {taskinstance.py:1373} INFO - Marking task as SUCCESS. dag_id=dag_mlops_full_pipeline, task_id=verify_and_stop, execution_date=20260317T015000, start_date=20260317T015937, end_date=20260317T015937
[2026-03-17T01:59:37.695+0000] {local_task_job_runner.py:232} INFO - Task exited with return code 0
[2026-03-17T01:59:37.703+0000] {taskinstance.py:2674} INFO - 0 downstream tasks scheduled from follow-on schedule check
