[2026-03-16T17:35:06.909+0000] {taskinstance.py:1125} INFO - Dependencies all met for dep_context=non-requeueable deps ti=<TaskInstance: dag_mlops_full_pipeline.trigger_jupyter scheduled__2026-03-16T17:30:00+00:00 [queued]>
[2026-03-16T17:35:06.912+0000] {taskinstance.py:1125} INFO - Dependencies all met for dep_context=requeueable deps ti=<TaskInstance: dag_mlops_full_pipeline.trigger_jupyter scheduled__2026-03-16T17:30:00+00:00 [queued]>
[2026-03-16T17:35:06.912+0000] {taskinstance.py:1331} INFO - Starting attempt 1 of 1
[2026-03-16T17:35:06.917+0000] {taskinstance.py:1350} INFO - Executing <Task(PythonOperator): trigger_jupyter> on 2026-03-16 17:30:00+00:00
[2026-03-16T17:35:06.919+0000] {standard_task_runner.py:57} INFO - Started process 20455 to run task
[2026-03-16T17:35:06.921+0000] {standard_task_runner.py:84} INFO - Running: ['***', 'tasks', 'run', 'dag_mlops_full_pipeline', 'trigger_jupyter', 'scheduled__2026-03-16T17:30:00+00:00', '--job-id', '269', '--raw', '--subdir', 'DAGS_FOLDER/dag2.py', '--cfg-path', '/tmp/tmpkjd3j_gy']
[2026-03-16T17:35:06.922+0000] {standard_task_runner.py:85} INFO - Job 269: Subtask trigger_jupyter
[2026-03-16T17:35:06.939+0000] {task_command.py:410} INFO - Running <TaskInstance: dag_mlops_full_pipeline.trigger_jupyter scheduled__2026-03-16T17:30:00+00:00 [running]> on host 87aa27980d8e
[2026-03-16T17:35:06.968+0000] {taskinstance.py:1570} INFO - Exporting env vars: AIRFLOW_CTX_DAG_OWNER='***' AIRFLOW_CTX_DAG_ID='dag_mlops_full_pipeline' AIRFLOW_CTX_TASK_ID='trigger_jupyter' AIRFLOW_CTX_EXECUTION_DATE='2026-03-16T17:30:00+00:00' AIRFLOW_CTX_TRY_NUMBER='1' AIRFLOW_CTX_DAG_RUN_ID='scheduled__2026-03-16T17:30:00+00:00'
[2026-03-16T17:35:06.973+0000] {logging_mixin.py:149} INFO - Creando kernel en Jupyter...
[2026-03-16T17:35:06.993+0000] {logging_mixin.py:149} INFO - Kernel creado: a9bba579-7d95-49c9-80ea-f6f751671510
[2026-03-16T17:35:06.994+0000] {logging_mixin.py:149} INFO - Conectando WebSocket...
[2026-03-16T17:35:07.192+0000] {logging_mixin.py:149} INFO - WebSocket conectado
[2026-03-16T17:35:07.193+0000] {logging_mixin.py:149} INFO - Esperando que el kernel este listo...
[2026-03-16T17:35:07.217+0000] {logging_mixin.py:149} INFO -   Estado kernel: busy
[2026-03-16T17:35:08.220+0000] {logging_mixin.py:149} INFO -   Estado kernel: busy
[2026-03-16T17:35:09.224+0000] {logging_mixin.py:149} INFO -   Estado kernel: idle
[2026-03-16T17:35:09.225+0000] {logging_mixin.py:149} INFO - Kernel listo
[2026-03-16T17:35:09.225+0000] {logging_mixin.py:149} INFO - Leyendo notebook train_model.ipynb...
[2026-03-16T17:35:09.240+0000] {logging_mixin.py:149} INFO - Inyectando parametros...
[2026-03-16T17:35:09.247+0000] {logging_mixin.py:149} INFO -   [celda 0] Parametros inyectados: batch=7, group=4
[2026-03-16T17:35:09.250+0000] {logging_mixin.py:149} INFO - Ejecutando 6 celdas del notebook...
[2026-03-16T17:35:09.250+0000] {logging_mixin.py:149} INFO -   Ejecutando celda 1/6...
[2026-03-16T17:35:09.753+0000] {logging_mixin.py:149} INFO -   [celda 1] Librerias cargadas correctamente
[2026-03-16T17:35:09.754+0000] {logging_mixin.py:149} INFO -   Ejecutando celda 2/6...
[2026-03-16T17:35:09.758+0000] {logging_mixin.py:149} INFO -   [celda 2] Parametros: batch=7, group=4
[2026-03-16T17:35:09.758+0000] {logging_mixin.py:149} INFO -   Ejecutando celda 3/6...
[2026-03-16T17:35:09.835+0000] {logging_mixin.py:149} INFO -   [celda 3] Conectando a PostgreSQL en postgres:5432...
Datos cargados: 17430 filas
   elevation    aspect     slope  horizontal_distance_to_hydrology  \
0   0.603535  0.936111  0.270833                          0.372737   
1   0.693813  0.780556  0.208333                          0.314164   
2   0.307449  0.922222  0.541667                          0.132055   
3   0.281566  0.861111  0.333333                          0.159744   
4   0.209596  0.788889  0.750000                          0.159744   

   vertical_distance_to_hydrology  horizontal_distance_to_roadways  \
0                        0.314286                         0.185599   
1                        0.408929                         0.342963   
2                        0.385714                         0.046400   
3                        0.387500                         0.232436   
4                        0.448214                         0.120814   

   hillshade_9am  hillshade_noon  hillshade_3pm  \
0       0.675393        0.780822       0.684211   
1       0.675393        0.910959       0.765182   
2       0.455497        0.609589       0.732794   
3       0.581152        0.815068       0.777328   
4       0.198953        0.726027       0.971660   

   horizontal_distance_to_fire_points  wilderness_area_encoded  \
0                            0.035581                        1   
1                            0.316713                        1   
2                            0.024345                        0   
3                            0.114232                        0   
4                            0.143024                        0   

   soil_type_encoded  cover_type  
0                 22           1  
1                 20           1  
2                  6           2  
3                  4           5  
4                  6           2
[2026-03-16T17:35:09.836+0000] {logging_mixin.py:149} INFO -   [celda 3] /tmp/ipykernel_1841/3056758113.py:26: UserWarning: pandas only supports SQLAlchemy connectable (engine/connection) or database string URI or sqlite3 DBAPI2 connection. Other DBAPI2 objects are not tested. Please consider using SQLAlchemy.
  df = pd.read_sql(query, conn, params=(BATCH_NUMBER, GROUP_NUMBER))
[2026-03-16T17:35:09.836+0000] {logging_mixin.py:149} INFO -   Ejecutando celda 4/6...
[2026-03-16T17:35:09.843+0000] {logging_mixin.py:149} INFO -   [celda 4] Train: 13944 filas | Test: 3486 filas
[2026-03-16T17:35:09.843+0000] {logging_mixin.py:149} INFO -   Ejecutando celda 5/6...
[2026-03-16T17:35:09.962+0000] {logging_mixin.py:149} INFO -   [celda 5] Entrenando Random Forest...
[2026-03-16T17:35:10.084+0000] {logging_mixin.py:149} INFO -   [celda 5] Entrenamiento completado
Accuracy en test: 0.9398 (93.98%)
[2026-03-16T17:35:10.085+0000] {logging_mixin.py:149} INFO -   Ejecutando celda 6/6...
[2026-03-16T17:35:10.222+0000] {logging_mixin.py:149} INFO -   [celda 6] Conectando a MinIO en http://minio:9000...
Modelo guardado en MinIO: s3://models/group_4/batch_7_acc_0.9398_20260316_173510.pkl
Tamano: 22239.4 KB
Notebook completado exitosamente
[2026-03-16T17:35:10.222+0000] {logging_mixin.py:149} INFO - Todas las celdas ejecutadas exitosamente
[2026-03-16T17:35:10.444+0000] {logging_mixin.py:149} INFO - Kernel a9bba579-7d95-49c9-80ea-f6f751671510 eliminado
[2026-03-16T17:35:10.447+0000] {python.py:183} INFO - Done. Returned value was: None
[2026-03-16T17:35:10.454+0000] {taskinstance.py:1373} INFO - Marking task as SUCCESS. dag_id=dag_mlops_full_pipeline, task_id=trigger_jupyter, execution_date=20260316T173000, start_date=20260316T173506, end_date=20260316T173510
[2026-03-16T17:35:10.498+0000] {local_task_job_runner.py:232} INFO - Task exited with return code 0
[2026-03-16T17:35:10.517+0000] {taskinstance.py:2674} INFO - 1 downstream tasks scheduled from follow-on schedule check
