[2026-03-16T21:06:07.752+0000] {taskinstance.py:1125} INFO - Dependencies all met for dep_context=non-requeueable deps ti=<TaskInstance: dag_mlops_full_pipeline.trigger_jupyter scheduled__2026-03-16T21:00:00+00:00 [queued]>
[2026-03-16T21:06:07.755+0000] {taskinstance.py:1125} INFO - Dependencies all met for dep_context=requeueable deps ti=<TaskInstance: dag_mlops_full_pipeline.trigger_jupyter scheduled__2026-03-16T21:00:00+00:00 [queued]>
[2026-03-16T21:06:07.755+0000] {taskinstance.py:1331} INFO - Starting attempt 1 of 1
[2026-03-16T21:06:07.760+0000] {taskinstance.py:1350} INFO - Executing <Task(PythonOperator): trigger_jupyter> on 2026-03-16 21:00:00+00:00
[2026-03-16T21:06:07.762+0000] {standard_task_runner.py:57} INFO - Started process 36224 to run task
[2026-03-16T21:06:07.764+0000] {standard_task_runner.py:84} INFO - Running: ['***', 'tasks', 'run', 'dag_mlops_full_pipeline', 'trigger_jupyter', 'scheduled__2026-03-16T21:00:00+00:00', '--job-id', '478', '--raw', '--subdir', 'DAGS_FOLDER/dag2.py', '--cfg-path', '/tmp/tmpd7_fi5q6']
[2026-03-16T21:06:07.764+0000] {standard_task_runner.py:85} INFO - Job 478: Subtask trigger_jupyter
[2026-03-16T21:06:07.781+0000] {task_command.py:410} INFO - Running <TaskInstance: dag_mlops_full_pipeline.trigger_jupyter scheduled__2026-03-16T21:00:00+00:00 [running]> on host 87aa27980d8e
[2026-03-16T21:06:07.810+0000] {taskinstance.py:1570} INFO - Exporting env vars: AIRFLOW_CTX_DAG_OWNER='***' AIRFLOW_CTX_DAG_ID='dag_mlops_full_pipeline' AIRFLOW_CTX_TASK_ID='trigger_jupyter' AIRFLOW_CTX_EXECUTION_DATE='2026-03-16T21:00:00+00:00' AIRFLOW_CTX_TRY_NUMBER='1' AIRFLOW_CTX_DAG_RUN_ID='scheduled__2026-03-16T21:00:00+00:00'
[2026-03-16T21:06:07.816+0000] {logging_mixin.py:149} INFO - Creando kernel en Jupyter...
[2026-03-16T21:06:07.833+0000] {logging_mixin.py:149} INFO - Kernel creado: 9fdace8a-a764-4e2a-a18b-c333f1bac77a
[2026-03-16T21:06:07.834+0000] {logging_mixin.py:149} INFO - Conectando WebSocket...
[2026-03-16T21:06:08.032+0000] {logging_mixin.py:149} INFO - WebSocket conectado
[2026-03-16T21:06:08.032+0000] {logging_mixin.py:149} INFO - Esperando que el kernel este listo...
[2026-03-16T21:06:08.052+0000] {logging_mixin.py:149} INFO -   Estado kernel: busy
[2026-03-16T21:06:09.058+0000] {logging_mixin.py:149} INFO -   Estado kernel: idle
[2026-03-16T21:06:09.059+0000] {logging_mixin.py:149} INFO - Kernel listo
[2026-03-16T21:06:09.059+0000] {logging_mixin.py:149} INFO - Leyendo notebook train_model.ipynb...
[2026-03-16T21:06:09.068+0000] {logging_mixin.py:149} INFO - Inyectando parametros...
[2026-03-16T21:06:09.074+0000] {logging_mixin.py:149} INFO -   [celda 0] Parametros inyectados: batch=1, group=4
[2026-03-16T21:06:09.075+0000] {logging_mixin.py:149} INFO - Ejecutando 6 celdas del notebook...
[2026-03-16T21:06:09.076+0000] {logging_mixin.py:149} INFO -   Ejecutando celda 1/6...
[2026-03-16T21:06:09.545+0000] {logging_mixin.py:149} INFO -   [celda 1] Librerias cargadas correctamente
[2026-03-16T21:06:09.547+0000] {logging_mixin.py:149} INFO -   Ejecutando celda 2/6...
[2026-03-16T21:06:09.551+0000] {logging_mixin.py:149} INFO -   [celda 2] Parametros: batch=1, group=4
[2026-03-16T21:06:09.551+0000] {logging_mixin.py:149} INFO -   Ejecutando celda 3/6...
[2026-03-16T21:06:09.621+0000] {logging_mixin.py:149} INFO -   [celda 3] Conectando a PostgreSQL en postgres:5432...
Datos cargados: 17430 filas
   elevation    aspect     slope  horizontal_distance_to_hydrology  \
0   0.355709  0.702778  0.108696                          0.353493   
1   0.147428  0.847222  0.891304                          0.031283   
2   0.668130  0.033333  0.326087                          0.252346   
3   0.283563  0.050000  0.434783                          0.455683   
4   0.583438  0.783333  0.500000                          0.312826   

   vertical_distance_to_hydrology  horizontal_distance_to_roadways  \
0                        0.614828                         0.300687   
1                        0.349005                         0.034794   
2                        0.356239                         0.315936   
3                        0.475588                         0.251933   
4                        0.538879                         0.460696   

   hillshade_9am  hillshade_noon  hillshade_3pm  \
0       0.763158        0.923611       0.700405   
1       0.078947        0.500000       0.910931   
2       0.731579        0.680556       0.566802   
3       0.715789        0.590278       0.510121   
4       0.452632        0.861111       0.894737   

   horizontal_distance_to_fire_points  wilderness_area_encoded  \
0                            0.128043                        0   
1                            0.144195                        0   
2                            0.168539                        1   
3                            0.103933                        0   
4                            0.068586                        1   

   soil_type_encoded  cover_type  
0                  5           2  
1                  6           2  
2                 21           1  
3                  5           2  
4                 23           1
[2026-03-16T21:06:09.622+0000] {logging_mixin.py:149} INFO -   [celda 3] /tmp/ipykernel_4284/3056758113.py:26: UserWarning: pandas only supports SQLAlchemy connectable (engine/connection) or database string URI or sqlite3 DBAPI2 connection. Other DBAPI2 objects are not tested. Please consider using SQLAlchemy.
  df = pd.read_sql(query, conn, params=(BATCH_NUMBER, GROUP_NUMBER))
[2026-03-16T21:06:09.622+0000] {logging_mixin.py:149} INFO -   Ejecutando celda 4/6...
[2026-03-16T21:06:09.629+0000] {logging_mixin.py:149} INFO -   [celda 4] Train: 13944 filas | Test: 3486 filas
[2026-03-16T21:06:09.630+0000] {logging_mixin.py:149} INFO -   Ejecutando celda 5/6...
[2026-03-16T21:06:09.749+0000] {logging_mixin.py:149} INFO -   [celda 5] Entrenando Random Forest...
[2026-03-16T21:06:09.879+0000] {logging_mixin.py:149} INFO -   [celda 5] Entrenamiento completado
Accuracy en test: 0.9406 (94.06%)
[2026-03-16T21:06:09.880+0000] {logging_mixin.py:149} INFO -   Ejecutando celda 6/6...
[2026-03-16T21:06:09.962+0000] {logging_mixin.py:149} INFO -   [celda 6] Conectando a MinIO en http://minio:9000...
Modelo guardado en MinIO: s3://models/group_4/batch_1_acc_0.9406_20260316_210609.pkl
Tamano: 21526.7 KB
Notebook completado exitosamente
[2026-03-16T21:06:09.963+0000] {logging_mixin.py:149} INFO - Todas las celdas ejecutadas exitosamente
[2026-03-16T21:06:10.186+0000] {logging_mixin.py:149} INFO - Kernel 9fdace8a-a764-4e2a-a18b-c333f1bac77a eliminado
[2026-03-16T21:06:10.186+0000] {python.py:183} INFO - Done. Returned value was: None
[2026-03-16T21:06:10.190+0000] {taskinstance.py:1373} INFO - Marking task as SUCCESS. dag_id=dag_mlops_full_pipeline, task_id=trigger_jupyter, execution_date=20260316T210000, start_date=20260316T210607, end_date=20260316T210610
[2026-03-16T21:06:10.235+0000] {local_task_job_runner.py:232} INFO - Task exited with return code 0
[2026-03-16T21:06:10.246+0000] {taskinstance.py:2674} INFO - 1 downstream tasks scheduled from follow-on schedule check
