[2026-03-16T22:00:05.090+0000] {taskinstance.py:1125} INFO - Dependencies all met for dep_context=non-requeueable deps ti=<TaskInstance: dag_mlops_full_pipeline.trigger_jupyter scheduled__2026-03-16T21:54:00+00:00 [queued]>
[2026-03-16T22:00:05.092+0000] {taskinstance.py:1125} INFO - Dependencies all met for dep_context=requeueable deps ti=<TaskInstance: dag_mlops_full_pipeline.trigger_jupyter scheduled__2026-03-16T21:54:00+00:00 [queued]>
[2026-03-16T22:00:05.093+0000] {taskinstance.py:1331} INFO - Starting attempt 1 of 1
[2026-03-16T22:00:05.097+0000] {taskinstance.py:1350} INFO - Executing <Task(PythonOperator): trigger_jupyter> on 2026-03-16 21:54:00+00:00
[2026-03-16T22:00:05.100+0000] {standard_task_runner.py:57} INFO - Started process 40113 to run task
[2026-03-16T22:00:05.101+0000] {standard_task_runner.py:84} INFO - Running: ['***', 'tasks', 'run', 'dag_mlops_full_pipeline', 'trigger_jupyter', 'scheduled__2026-03-16T21:54:00+00:00', '--job-id', '518', '--raw', '--subdir', 'DAGS_FOLDER/dag2.py', '--cfg-path', '/tmp/tmpwx4i8_wr']
[2026-03-16T22:00:05.102+0000] {standard_task_runner.py:85} INFO - Job 518: Subtask trigger_jupyter
[2026-03-16T22:00:05.120+0000] {task_command.py:410} INFO - Running <TaskInstance: dag_mlops_full_pipeline.trigger_jupyter scheduled__2026-03-16T21:54:00+00:00 [running]> on host 87aa27980d8e
[2026-03-16T22:00:05.151+0000] {taskinstance.py:1570} INFO - Exporting env vars: AIRFLOW_CTX_DAG_OWNER='***' AIRFLOW_CTX_DAG_ID='dag_mlops_full_pipeline' AIRFLOW_CTX_TASK_ID='trigger_jupyter' AIRFLOW_CTX_EXECUTION_DATE='2026-03-16T21:54:00+00:00' AIRFLOW_CTX_TRY_NUMBER='1' AIRFLOW_CTX_DAG_RUN_ID='scheduled__2026-03-16T21:54:00+00:00'
[2026-03-16T22:00:05.156+0000] {logging_mixin.py:149} INFO - Creando kernel en Jupyter...
[2026-03-16T22:00:05.175+0000] {logging_mixin.py:149} INFO - Kernel creado: 42b6b86b-83ff-4960-a19e-6faeb93610e6
[2026-03-16T22:00:05.175+0000] {logging_mixin.py:149} INFO - Conectando WebSocket...
[2026-03-16T22:00:05.476+0000] {logging_mixin.py:149} INFO - WebSocket conectado
[2026-03-16T22:00:05.476+0000] {logging_mixin.py:149} INFO - Esperando que el kernel este listo...
[2026-03-16T22:00:05.493+0000] {logging_mixin.py:149} INFO -   Estado kernel: busy
[2026-03-16T22:00:06.496+0000] {logging_mixin.py:149} INFO -   Estado kernel: idle
[2026-03-16T22:00:06.498+0000] {logging_mixin.py:149} INFO - Kernel listo
[2026-03-16T22:00:06.498+0000] {logging_mixin.py:149} INFO - Leyendo notebook train_model.ipynb...
[2026-03-16T22:00:06.510+0000] {logging_mixin.py:149} INFO - Inyectando parametros...
[2026-03-16T22:00:06.520+0000] {logging_mixin.py:149} INFO -   [celda 0] Parametros inyectados: batch=9, group=4
[2026-03-16T22:00:06.523+0000] {logging_mixin.py:149} INFO - Ejecutando 6 celdas del notebook...
[2026-03-16T22:00:06.523+0000] {logging_mixin.py:149} INFO -   Ejecutando celda 1/6...
[2026-03-16T22:00:07.015+0000] {logging_mixin.py:149} INFO -   [celda 1] Librerias cargadas correctamente
[2026-03-16T22:00:07.017+0000] {logging_mixin.py:149} INFO -   Ejecutando celda 2/6...
[2026-03-16T22:00:07.021+0000] {logging_mixin.py:149} INFO -   [celda 2] Parametros: batch=9, group=4
[2026-03-16T22:00:07.021+0000] {logging_mixin.py:149} INFO -   Ejecutando celda 3/6...
[2026-03-16T22:00:07.045+0000] {logging_mixin.py:149} INFO -   [celda 3] Conectando a PostgreSQL en postgres:5432...
Datos cargados: 5810 filas
   elevation    aspect     slope  horizontal_distance_to_hydrology  \
0   0.289919  0.961111  0.604167                          0.207430   
1   0.257984  0.805556  0.500000                          0.216718   
2   0.537884  0.900000  0.291667                          0.154799   
3   0.643707  0.130556  0.187500                          0.154799   
4   0.392611  0.963889  0.125000                          0.480908   

   vertical_distance_to_hydrology  horizontal_distance_to_roadways  \
0                        0.444444                         0.280467   
1                        0.456989                         0.191876   
2                        0.399642                         0.096370   
3                        0.317204                         0.345073   
4                        0.471326                         0.248055   

   hillshade_9am  hillshade_noon  hillshade_3pm  \
0       0.452128        0.531646          0.632   
1       0.420213        0.835443          0.876   
2       0.627660        0.810127          0.716   
3       0.840426        0.784810          0.520   
4       0.755319        0.848101          0.640   

   horizontal_distance_to_fire_points  wilderness_area_encoded  \
0                            0.245940                        0   
1                            0.124594                        0   
2                            0.123434                        2   
3                            0.239675                        1   
4                            0.129466                        0   

   soil_type_encoded  cover_type  
0                  6           2  
1                  0           2  
2                 19           1  
3                 21           1  
4                  5           2
[2026-03-16T22:00:07.047+0000] {logging_mixin.py:149} INFO -   [celda 3] /tmp/ipykernel_4784/3056758113.py:26: UserWarning: pandas only supports SQLAlchemy connectable (engine/connection) or database string URI or sqlite3 DBAPI2 connection. Other DBAPI2 objects are not tested. Please consider using SQLAlchemy.
  df = pd.read_sql(query, conn, params=(BATCH_NUMBER, GROUP_NUMBER))
[2026-03-16T22:00:07.047+0000] {logging_mixin.py:149} INFO -   Ejecutando celda 4/6...
[2026-03-16T22:00:07.053+0000] {logging_mixin.py:149} INFO -   [celda 4] Train: 4648 filas | Test: 1162 filas
[2026-03-16T22:00:07.053+0000] {logging_mixin.py:149} INFO -   Ejecutando celda 5/6...
[2026-03-16T22:00:07.204+0000] {logging_mixin.py:149} INFO -   [celda 5] Entrenando Random Forest...
Entrenamiento completado
Accuracy en test: 0.8735 (87.35%)
[2026-03-16T22:00:07.206+0000] {logging_mixin.py:149} INFO -   Ejecutando celda 6/6...
[2026-03-16T22:00:07.252+0000] {logging_mixin.py:149} INFO -   [celda 6] Conectando a MinIO en http://minio:9000...
[2026-03-16T22:00:07.305+0000] {logging_mixin.py:149} INFO -   [celda 6] Modelo guardado en MinIO: s3://models/group_4/batch_9_acc_0.8735_20260316_220007.pkl
Tamano: 11920.2 KB
Notebook completado exitosamente
[2026-03-16T22:00:07.307+0000] {logging_mixin.py:149} INFO - Todas las celdas ejecutadas exitosamente
[2026-03-16T22:00:07.529+0000] {logging_mixin.py:149} INFO - Kernel 42b6b86b-83ff-4960-a19e-6faeb93610e6 eliminado
[2026-03-16T22:00:07.529+0000] {python.py:183} INFO - Done. Returned value was: None
[2026-03-16T22:00:07.533+0000] {taskinstance.py:1373} INFO - Marking task as SUCCESS. dag_id=dag_mlops_full_pipeline, task_id=trigger_jupyter, execution_date=20260316T215400, start_date=20260316T220005, end_date=20260316T220007
[2026-03-16T22:00:07.555+0000] {local_task_job_runner.py:232} INFO - Task exited with return code 0
[2026-03-16T22:00:07.566+0000] {taskinstance.py:2674} INFO - 1 downstream tasks scheduled from follow-on schedule check
