[2026-03-14T20:50:24.782+0000] {taskinstance.py:1125} INFO - Dependencies all met for dep_context=non-requeueable deps ti=<TaskInstance: dag_mlops_full_pipeline.trigger_jupyter manual__2026-03-14T20:50:19.923030+00:00 [queued]>
[2026-03-14T20:50:24.785+0000] {taskinstance.py:1125} INFO - Dependencies all met for dep_context=requeueable deps ti=<TaskInstance: dag_mlops_full_pipeline.trigger_jupyter manual__2026-03-14T20:50:19.923030+00:00 [queued]>
[2026-03-14T20:50:24.785+0000] {taskinstance.py:1331} INFO - Starting attempt 1 of 1
[2026-03-14T20:50:24.790+0000] {taskinstance.py:1350} INFO - Executing <Task(PythonOperator): trigger_jupyter> on 2026-03-14 20:50:19.923030+00:00
[2026-03-14T20:50:24.792+0000] {standard_task_runner.py:57} INFO - Started process 1659 to run task
[2026-03-14T20:50:24.794+0000] {standard_task_runner.py:84} INFO - Running: ['***', 'tasks', 'run', 'dag_mlops_full_pipeline', 'trigger_jupyter', 'manual__2026-03-14T20:50:19.923030+00:00', '--job-id', '108', '--raw', '--subdir', 'DAGS_FOLDER/dag2.py', '--cfg-path', '/tmp/tmppfcz1pw9']
[2026-03-14T20:50:24.795+0000] {standard_task_runner.py:85} INFO - Job 108: Subtask trigger_jupyter
[2026-03-14T20:50:24.813+0000] {task_command.py:410} INFO - Running <TaskInstance: dag_mlops_full_pipeline.trigger_jupyter manual__2026-03-14T20:50:19.923030+00:00 [running]> on host 806b7d0ca00f
[2026-03-14T20:50:24.839+0000] {taskinstance.py:1570} INFO - Exporting env vars: AIRFLOW_CTX_DAG_OWNER='***' AIRFLOW_CTX_DAG_ID='dag_mlops_full_pipeline' AIRFLOW_CTX_TASK_ID='trigger_jupyter' AIRFLOW_CTX_EXECUTION_DATE='2026-03-14T20:50:19.923030+00:00' AIRFLOW_CTX_TRY_NUMBER='1' AIRFLOW_CTX_DAG_RUN_ID='manual__2026-03-14T20:50:19.923030+00:00'
[2026-03-14T20:50:24.845+0000] {logging_mixin.py:149} INFO - Creando kernel en Jupyter...
[2026-03-14T20:50:24.861+0000] {logging_mixin.py:149} INFO - Kernel creado: 211f1115-6aef-4228-9d59-8fb1b7525254
[2026-03-14T20:50:24.862+0000] {logging_mixin.py:149} INFO - Conectando WebSocket...
[2026-03-14T20:50:25.063+0000] {logging_mixin.py:149} INFO - WebSocket conectado
[2026-03-14T20:50:25.063+0000] {logging_mixin.py:149} INFO - Esperando que el kernel esté listo...
[2026-03-14T20:50:25.083+0000] {logging_mixin.py:149} INFO -   Estado kernel: busy
[2026-03-14T20:50:26.089+0000] {logging_mixin.py:149} INFO -   Estado kernel: idle
[2026-03-14T20:50:26.092+0000] {logging_mixin.py:149} INFO - Kernel listo
[2026-03-14T20:50:26.093+0000] {logging_mixin.py:149} INFO - Leyendo notebook train_model.ipynb...
[2026-03-14T20:50:26.115+0000] {logging_mixin.py:149} INFO - Inyectando parámetros...
[2026-03-14T20:50:26.123+0000] {logging_mixin.py:149} INFO -   [celda 0] Parámetros inyectados: batch=4, group=4
[2026-03-14T20:50:26.125+0000] {logging_mixin.py:149} INFO - Ejecutando 6 celdas del notebook...
[2026-03-14T20:50:26.126+0000] {logging_mixin.py:149} INFO -   Ejecutando celda 1/6...
[2026-03-14T20:50:26.136+0000] {logging_mixin.py:149} INFO -   [celda 1 ERROR] SyntaxError: unterminated string literal (detected at line 336) (1847263792.py, line 336)
[2026-03-14T20:50:26.297+0000] {logging_mixin.py:149} INFO - Kernel 211f1115-6aef-4228-9d59-8fb1b7525254 eliminado
[2026-03-14T20:50:26.297+0000] {taskinstance.py:1847} ERROR - Task failed with exception
Traceback (most recent call last):
  File "/home/airflow/.local/lib/python3.7/site-packages/airflow/operators/python.py", line 181, in execute
    return_value = self.execute_callable()
  File "/home/airflow/.local/lib/python3.7/site-packages/airflow/operators/python.py", line 198, in execute_callable
    return self.python_callable(*self.op_args, **self.op_kwargs)
  File "/opt/airflow/dags/dag2.py", line 404, in trigger_jupyter
    raise RuntimeError(f"Error en celda {i}:\n" + "\n".join(errors))
RuntimeError: Error en celda 1:
SyntaxError: unterminated string literal (detected at line 336) (1847263792.py, line 336)
execute_reply: SyntaxError: unterminated string literal (detected at line 336) (1847263792.py, line 336)
[2026-03-14T20:50:26.301+0000] {taskinstance.py:1373} INFO - Marking task as FAILED. dag_id=dag_mlops_full_pipeline, task_id=trigger_jupyter, execution_date=20260314T205019, start_date=20260314T205024, end_date=20260314T205026
[2026-03-14T20:50:26.306+0000] {standard_task_runner.py:109} ERROR - Failed to execute job 108 for task trigger_jupyter (Error en celda 1:
SyntaxError: unterminated string literal (detected at line 336) (1847263792.py, line 336)
execute_reply: SyntaxError: unterminated string literal (detected at line 336) (1847263792.py, line 336); 1659)
[2026-03-14T20:50:26.338+0000] {local_task_job_runner.py:232} INFO - Task exited with return code 1
[2026-03-14T20:50:26.350+0000] {taskinstance.py:2674} INFO - 0 downstream tasks scheduled from follow-on schedule check
