[2026-03-16T16:25:06.172+0000] {taskinstance.py:1125} INFO - Dependencies all met for dep_context=non-requeueable deps ti=<TaskInstance: dag_mlops_full_pipeline.trigger_jupyter scheduled__2026-03-16T16:20:00+00:00 [queued]>
[2026-03-16T16:25:06.183+0000] {taskinstance.py:1125} INFO - Dependencies all met for dep_context=requeueable deps ti=<TaskInstance: dag_mlops_full_pipeline.trigger_jupyter scheduled__2026-03-16T16:20:00+00:00 [queued]>
[2026-03-16T16:25:06.183+0000] {taskinstance.py:1331} INFO - Starting attempt 1 of 1
[2026-03-16T16:25:06.197+0000] {taskinstance.py:1350} INFO - Executing <Task(PythonOperator): trigger_jupyter> on 2026-03-16 16:20:00+00:00
[2026-03-16T16:25:06.209+0000] {standard_task_runner.py:57} INFO - Started process 14743 to run task
[2026-03-16T16:25:06.213+0000] {standard_task_runner.py:84} INFO - Running: ['***', 'tasks', 'run', 'dag_mlops_full_pipeline', 'trigger_jupyter', 'scheduled__2026-03-16T16:20:00+00:00', '--job-id', '149', '--raw', '--subdir', 'DAGS_FOLDER/dag2.py', '--cfg-path', '/tmp/tmp4a6h1lld']
[2026-03-16T16:25:06.215+0000] {standard_task_runner.py:85} INFO - Job 149: Subtask trigger_jupyter
[2026-03-16T16:25:06.252+0000] {task_command.py:410} INFO - Running <TaskInstance: dag_mlops_full_pipeline.trigger_jupyter scheduled__2026-03-16T16:20:00+00:00 [running]> on host 87aa27980d8e
[2026-03-16T16:25:06.297+0000] {taskinstance.py:1570} INFO - Exporting env vars: AIRFLOW_CTX_DAG_OWNER='***' AIRFLOW_CTX_DAG_ID='dag_mlops_full_pipeline' AIRFLOW_CTX_TASK_ID='trigger_jupyter' AIRFLOW_CTX_EXECUTION_DATE='2026-03-16T16:20:00+00:00' AIRFLOW_CTX_TRY_NUMBER='1' AIRFLOW_CTX_DAG_RUN_ID='scheduled__2026-03-16T16:20:00+00:00'
[2026-03-16T16:25:06.305+0000] {logging_mixin.py:149} INFO - Creando kernel en Jupyter...
[2026-03-16T16:25:06.337+0000] {logging_mixin.py:149} INFO - Kernel creado: 06fbfd66-cc9d-4535-b83c-179e106f7464
[2026-03-16T16:25:06.337+0000] {logging_mixin.py:149} INFO - Conectando WebSocket...
[2026-03-16T16:25:06.628+0000] {logging_mixin.py:149} INFO - WebSocket conectado
[2026-03-16T16:25:06.629+0000] {logging_mixin.py:149} INFO - Esperando que el kernel este listo...
[2026-03-16T16:25:06.639+0000] {logging_mixin.py:149} INFO -   Estado kernel: busy
[2026-03-16T16:25:07.644+0000] {logging_mixin.py:149} INFO -   Estado kernel: busy
[2026-03-16T16:25:08.646+0000] {logging_mixin.py:149} INFO -   Estado kernel: idle
[2026-03-16T16:25:08.646+0000] {logging_mixin.py:149} INFO - Kernel listo
[2026-03-16T16:25:08.647+0000] {logging_mixin.py:149} INFO - Leyendo notebook train_model.ipynb...
[2026-03-16T16:25:08.657+0000] {logging_mixin.py:149} INFO - Inyectando parametros...
[2026-03-16T16:25:08.665+0000] {logging_mixin.py:149} INFO -   [celda 0] Parametros inyectados: batch=2, group=4
[2026-03-16T16:25:08.666+0000] {logging_mixin.py:149} INFO - Ejecutando 6 celdas del notebook...
[2026-03-16T16:25:08.667+0000] {logging_mixin.py:149} INFO -   Ejecutando celda 1/6...
[2026-03-16T16:25:09.237+0000] {logging_mixin.py:149} INFO -   [celda 1] Librerias cargadas correctamente
[2026-03-16T16:25:09.238+0000] {logging_mixin.py:149} INFO -   Ejecutando celda 2/6...
[2026-03-16T16:25:09.244+0000] {logging_mixin.py:149} INFO -   [celda 2] Parametros: batch=2, group=4
[2026-03-16T16:25:09.244+0000] {logging_mixin.py:149} INFO -   Ejecutando celda 3/6...
[2026-03-16T16:25:09.268+0000] {logging_mixin.py:149} INFO -   [celda 3] Conectando a PostgreSQL en postgres:5432...
Datos cargados: 5810 filas
   elevation    aspect     slope  horizontal_distance_to_hydrology  \
0   0.606599  0.980556  0.260870                          0.031480   
1   0.185279  0.816667  0.913043                          0.290661   
2   0.682107  0.977778  0.195652                          0.314795   
3   0.180838  0.286111  0.760870                          0.464848   
4   0.838198  0.172222  0.282609                          0.693599   

   vertical_distance_to_hydrology  horizontal_distance_to_roadways  \
0                        0.262681                         0.517070   
1                        0.514493                         0.075843   
2                        0.306159                         0.301426   
3                        0.650362                         0.098747   
4                        0.416667                         0.212403   

   hillshade_9am  hillshade_noon  hillshade_3pm  \
0       0.714286        0.758621       0.640816   
1       0.058201        0.572414       0.971429   
2       0.740741        0.800000       0.644898   
3       0.994709        0.441379       0.000000   
4       0.873016        0.717241       0.461224   

   horizontal_distance_to_fire_points  wilderness_area_encoded  \
0                            0.173651                        1   
1                            0.029405                        0   
2                            0.119935                        1   
3                            0.111368                        0   
4                            0.447557                        2   

   soil_type_encoded  cover_type  
0                 15           1  
1                  6           2  
2                 15           0  
3                  0           2  
4                 18           1
[2026-03-16T16:25:09.269+0000] {logging_mixin.py:149} INFO -   [celda 3] /tmp/ipykernel_451/3056758113.py:26: UserWarning: pandas only supports SQLAlchemy connectable (engine/connection) or database string URI or sqlite3 DBAPI2 connection. Other DBAPI2 objects are not tested. Please consider using SQLAlchemy.
  df = pd.read_sql(query, conn, params=(BATCH_NUMBER, GROUP_NUMBER))
[2026-03-16T16:25:09.269+0000] {logging_mixin.py:149} INFO -   Ejecutando celda 4/6...
[2026-03-16T16:25:09.277+0000] {logging_mixin.py:149} INFO -   [celda 4] Train: 4648 filas | Test: 1162 filas
[2026-03-16T16:25:09.277+0000] {logging_mixin.py:149} INFO -   Ejecutando celda 5/6...
[2026-03-16T16:25:09.439+0000] {logging_mixin.py:149} INFO -   [celda 5] Entrenando Random Forest...
[2026-03-16T16:25:09.444+0000] {logging_mixin.py:149} INFO -   [celda 5] Entrenamiento completado
Accuracy en test: 0.8701 (87.01%)
[2026-03-16T16:25:09.446+0000] {logging_mixin.py:149} INFO -   Ejecutando celda 6/6...
[2026-03-16T16:25:09.493+0000] {logging_mixin.py:149} INFO -   [celda 6] Conectando a MinIO en http://minio:9000...
[2026-03-16T16:25:09.566+0000] {logging_mixin.py:149} INFO -   [celda 6] Modelo guardado en MinIO: s3://models/group_4/batch_2_acc_0.8701_20260316_162509.pkl
Tamano: 12116.9 KB
Notebook completado exitosamente
[2026-03-16T16:25:09.567+0000] {logging_mixin.py:149} INFO - Todas las celdas ejecutadas exitosamente
[2026-03-16T16:25:09.789+0000] {logging_mixin.py:149} INFO - Kernel 06fbfd66-cc9d-4535-b83c-179e106f7464 eliminado
[2026-03-16T16:25:09.789+0000] {python.py:183} INFO - Done. Returned value was: None
[2026-03-16T16:25:09.794+0000] {taskinstance.py:1373} INFO - Marking task as SUCCESS. dag_id=dag_mlops_full_pipeline, task_id=trigger_jupyter, execution_date=20260316T162000, start_date=20260316T162506, end_date=20260316T162509
[2026-03-16T16:25:09.826+0000] {local_task_job_runner.py:232} INFO - Task exited with return code 0
[2026-03-16T16:25:09.837+0000] {taskinstance.py:2674} INFO - 1 downstream tasks scheduled from follow-on schedule check
