[2026-03-16T22:24:01.727+0000] {taskinstance.py:1125} INFO - Dependencies all met for dep_context=non-requeueable deps ti=<TaskInstance: dag_mlops_full_pipeline.get_api_data scheduled__2026-03-16T22:18:00+00:00 [queued]>
[2026-03-16T22:24:01.729+0000] {taskinstance.py:1125} INFO - Dependencies all met for dep_context=requeueable deps ti=<TaskInstance: dag_mlops_full_pipeline.get_api_data scheduled__2026-03-16T22:18:00+00:00 [queued]>
[2026-03-16T22:24:01.729+0000] {taskinstance.py:1331} INFO - Starting attempt 1 of 1
[2026-03-16T22:24:01.734+0000] {taskinstance.py:1350} INFO - Executing <Task(PythonOperator): get_api_data> on 2026-03-16 22:18:00+00:00
[2026-03-16T22:24:01.736+0000] {standard_task_runner.py:57} INFO - Started process 41807 to run task
[2026-03-16T22:24:01.738+0000] {standard_task_runner.py:84} INFO - Running: ['***', 'tasks', 'run', 'dag_mlops_full_pipeline', 'get_api_data', 'scheduled__2026-03-16T22:18:00+00:00', '--job-id', '533', '--raw', '--subdir', 'DAGS_FOLDER/dag2.py', '--cfg-path', '/tmp/tmp50o1o3tm']
[2026-03-16T22:24:01.738+0000] {standard_task_runner.py:85} INFO - Job 533: Subtask get_api_data
[2026-03-16T22:24:01.755+0000] {task_command.py:410} INFO - Running <TaskInstance: dag_mlops_full_pipeline.get_api_data scheduled__2026-03-16T22:18:00+00:00 [running]> on host 87aa27980d8e
[2026-03-16T22:24:01.783+0000] {taskinstance.py:1570} INFO - Exporting env vars: AIRFLOW_CTX_DAG_OWNER='***' AIRFLOW_CTX_DAG_ID='dag_mlops_full_pipeline' AIRFLOW_CTX_TASK_ID='get_api_data' AIRFLOW_CTX_EXECUTION_DATE='2026-03-16T22:18:00+00:00' AIRFLOW_CTX_TRY_NUMBER='1' AIRFLOW_CTX_DAG_RUN_ID='scheduled__2026-03-16T22:18:00+00:00'
[2026-03-16T22:24:01.786+0000] {base.py:73} INFO - Using connection ID 'postgres_default' for task execution.
[2026-03-16T22:24:01.787+0000] {logging_mixin.py:149} INFO - Llamando API: http://host.docker.internal:8080/data | group_number=4
[2026-03-16T22:24:01.791+0000] {taskinstance.py:1847} ERROR - Task failed with exception
Traceback (most recent call last):
  File "/home/airflow/.local/lib/python3.7/site-packages/airflow/operators/python.py", line 181, in execute
    return_value = self.execute_callable()
  File "/home/airflow/.local/lib/python3.7/site-packages/airflow/operators/python.py", line 198, in execute_callable
    return self.python_callable(*self.op_args, **self.op_kwargs)
  File "/opt/airflow/dags/dag2.py", line 157, in get_api_data
    response.raise_for_status()
  File "/home/airflow/.local/lib/python3.7/site-packages/requests/models.py", line 1021, in raise_for_status
    raise HTTPError(http_error_msg, response=self)
requests.exceptions.HTTPError: 400 Client Error: Bad Request for url: http://host.docker.internal:8080/data?group_number=4
[2026-03-16T22:24:01.794+0000] {taskinstance.py:1373} INFO - Marking task as FAILED. dag_id=dag_mlops_full_pipeline, task_id=get_api_data, execution_date=20260316T221800, start_date=20260316T222401, end_date=20260316T222401
[2026-03-16T22:24:01.797+0000] {standard_task_runner.py:109} ERROR - Failed to execute job 533 for task get_api_data (400 Client Error: Bad Request for url: http://host.docker.internal:8080/data?group_number=4; 41807)
[2026-03-16T22:24:01.835+0000] {local_task_job_runner.py:232} INFO - Task exited with return code 1
[2026-03-16T22:24:01.846+0000] {taskinstance.py:2674} INFO - 0 downstream tasks scheduled from follow-on schedule check
