[2026-03-17T02:07:53.496+0000] {taskinstance.py:1125} INFO - Dependencies all met for dep_context=non-requeueable deps ti=<TaskInstance: dag_mlops_full_pipeline.trigger_jupyter manual__2026-03-17T02:07:46.466786+00:00 [queued]>
[2026-03-17T02:07:53.499+0000] {taskinstance.py:1125} INFO - Dependencies all met for dep_context=requeueable deps ti=<TaskInstance: dag_mlops_full_pipeline.trigger_jupyter manual__2026-03-17T02:07:46.466786+00:00 [queued]>
[2026-03-17T02:07:53.500+0000] {taskinstance.py:1331} INFO - Starting attempt 1 of 1
[2026-03-17T02:07:53.504+0000] {taskinstance.py:1350} INFO - Executing <Task(PythonOperator): trigger_jupyter> on 2026-03-17 02:07:46.466786+00:00
[2026-03-17T02:07:53.507+0000] {standard_task_runner.py:57} INFO - Started process 56977 to run task
[2026-03-17T02:07:53.508+0000] {standard_task_runner.py:84} INFO - Running: ['***', 'tasks', 'run', 'dag_mlops_full_pipeline', 'trigger_jupyter', 'manual__2026-03-17T02:07:46.466786+00:00', '--job-id', '635', '--raw', '--subdir', 'DAGS_FOLDER/dag2.py', '--cfg-path', '/tmp/tmprufhdmi1']
[2026-03-17T02:07:53.509+0000] {standard_task_runner.py:85} INFO - Job 635: Subtask trigger_jupyter
[2026-03-17T02:07:53.526+0000] {task_command.py:410} INFO - Running <TaskInstance: dag_mlops_full_pipeline.trigger_jupyter manual__2026-03-17T02:07:46.466786+00:00 [running]> on host 87aa27980d8e
[2026-03-17T02:07:53.555+0000] {taskinstance.py:1570} INFO - Exporting env vars: AIRFLOW_CTX_DAG_OWNER='***' AIRFLOW_CTX_DAG_ID='dag_mlops_full_pipeline' AIRFLOW_CTX_TASK_ID='trigger_jupyter' AIRFLOW_CTX_EXECUTION_DATE='2026-03-17T02:07:46.466786+00:00' AIRFLOW_CTX_TRY_NUMBER='1' AIRFLOW_CTX_DAG_RUN_ID='manual__2026-03-17T02:07:46.466786+00:00'
[2026-03-17T02:07:53.561+0000] {logging_mixin.py:149} INFO - Creando kernel en Jupyter...
[2026-03-17T02:07:53.577+0000] {logging_mixin.py:149} INFO - Kernel creado: 53c61fc7-1eaa-4f91-9068-d36366d25442
[2026-03-17T02:07:53.577+0000] {logging_mixin.py:149} INFO - Conectando WebSocket...
[2026-03-17T02:07:53.807+0000] {logging_mixin.py:149} INFO - WebSocket conectado
[2026-03-17T02:07:53.807+0000] {logging_mixin.py:149} INFO - Esperando que el kernel este listo...
[2026-03-17T02:07:53.823+0000] {logging_mixin.py:149} INFO -   Estado kernel: busy
[2026-03-17T02:07:54.827+0000] {logging_mixin.py:149} INFO -   Estado kernel: busy
[2026-03-17T02:07:55.832+0000] {logging_mixin.py:149} INFO -   Estado kernel: idle
[2026-03-17T02:07:55.833+0000] {logging_mixin.py:149} INFO - Kernel listo
[2026-03-17T02:07:55.833+0000] {logging_mixin.py:149} INFO - Leyendo notebook train_model.ipynb...
[2026-03-17T02:07:55.842+0000] {logging_mixin.py:149} INFO - Inyectando parametros...
[2026-03-17T02:07:55.847+0000] {logging_mixin.py:149} INFO -   [celda 0] Parametros inyectados: batch=2, group=4
[2026-03-17T02:07:55.849+0000] {logging_mixin.py:149} INFO - Ejecutando 7 celdas del notebook...
[2026-03-17T02:07:55.849+0000] {logging_mixin.py:149} INFO -   Ejecutando celda 1/7...
[2026-03-17T02:07:56.414+0000] {logging_mixin.py:149} INFO -   [celda 1] Librerias cargadas correctamente
[2026-03-17T02:07:56.416+0000] {logging_mixin.py:149} INFO -   Ejecutando celda 2/7...
[2026-03-17T02:07:56.419+0000] {logging_mixin.py:149} INFO -   [celda 2] Parametros: batch=2, group=4
[2026-03-17T02:07:56.462+0000] {logging_mixin.py:149} INFO -   Ejecutando celda 3/7...
[2026-03-17T02:07:56.532+0000] {logging_mixin.py:149} INFO -   [celda 3] Conectando a PostgreSQL en postgres:5432...
Datos cargados: 13984 filas (sin cover_type invalido)
   elevation    aspect     slope  horizontal_distance_to_hydrology  \
0   0.151042  0.830556  0.571429                          0.072043   
1   0.223958  0.958333  0.367347                          0.174194   
2   0.281250  0.708333  0.632653                          0.505376   
3   0.257161  0.136111  0.387755                          0.174194   
4   0.743490  0.138889  0.428571                          0.182796   

   vertical_distance_to_hydrology  horizontal_distance_to_roadways  \
0                        0.345898                         0.128866   
1                        0.379157                         0.280713   
2                        0.627494                         0.117483   
3                        0.303769                         0.277706   
4                        0.383592                         0.053050   

   hillshade_9am  hillshade_noon  hillshade_3pm  \
0       0.413462        0.743056       0.879518   
1       0.649038        0.680556       0.658635   
2       0.427885        0.916667       0.939759   
3       0.855769        0.597222       0.393574   
4       0.855769        0.548611       0.357430   

   horizontal_distance_to_fire_points  wilderness_area_encoded  \
0                            0.051406                        0   
1                            0.234481                        0   
2                            0.408341                        0   
3                            0.138943                        0   
4                            0.351115                        1   

   soil_type_encoded  cover_type  
0                  6           2  
1                  6           2  
2                  6           2  
3                  1           5  
4                 17           1
[2026-03-17T02:07:56.533+0000] {logging_mixin.py:149} INFO -   [celda 3] /tmp/ipykernel_6098/4271717583.py:45: UserWarning: pandas only supports SQLAlchemy connectable (engine/connection) or database string URI or sqlite3 DBAPI2 connection. Other DBAPI2 objects are not tested. Please consider using SQLAlchemy.
  df = pd.read_sql(query, conn, params=(BATCH_NUMBER, GROUP_NUMBER))
/tmp/ipykernel_6098/4271717583.py:55: UserWarning: pandas only supports SQLAlchemy connectable (engine/connection) or database string URI or sqlite3 DBAPI2 connection. Other DBAPI2 objects are not tested. Please consider using SQLAlchemy.
  df_text = pd.read_sql(query_text, conn, params=(BATCH_NUMBER, GROUP_NUMBER))
[2026-03-17T02:07:56.534+0000] {logging_mixin.py:149} INFO -   Ejecutando celda 4/7...
[2026-03-17T02:07:56.536+0000] {logging_mixin.py:149} INFO -   [celda 4] Wilderness areas en el encoder: ['Cache', 'Commanche', 'Rawah']
Soil types en el encoder: 28 tipos
[2026-03-17T02:07:56.577+0000] {logging_mixin.py:149} INFO -   Ejecutando celda 5/7...
[2026-03-17T02:07:56.583+0000] {logging_mixin.py:149} INFO -   [celda 5] Clases unicas en y: [np.int64(1), np.int64(2), np.int64(3), np.int64(4), np.int64(5), np.int64(6)]
Train: 11187 filas | Test: 2797 filas
[2026-03-17T02:07:56.624+0000] {logging_mixin.py:149} INFO -   Ejecutando celda 6/7...
[2026-03-17T02:07:56.668+0000] {logging_mixin.py:149} INFO -   [celda 6] Entrenando Random Forest...
[2026-03-17T02:07:56.849+0000] {logging_mixin.py:149} INFO -   [celda 6] Entrenamiento completado
Accuracy en test: 0.9524 (95.24%)
Clases predichas: [np.int64(1), np.int64(2), np.int64(3), np.int64(4), np.int64(5), np.int64(6)]
[2026-03-17T02:07:56.851+0000] {logging_mixin.py:149} INFO -   Ejecutando celda 7/7...
[2026-03-17T02:07:56.945+0000] {logging_mixin.py:149} INFO -   [celda 7] Conectando a MinIO en http://minio:9000...
Bundle guardado en MinIO: s3://models/group_4/batch_2_acc_0.9524_20260317_020756.pkl
Tamano: 13721.7 KB
Wilderness areas en el bundle: ['Cache', 'Commanche', 'Rawah']
Soil types en el bundle: 28 tipos
Notebook completado exitosamente
[2026-03-17T02:07:56.947+0000] {logging_mixin.py:149} INFO - Todas las celdas ejecutadas exitosamente
[2026-03-17T02:07:57.171+0000] {logging_mixin.py:149} INFO - Kernel 53c61fc7-1eaa-4f91-9068-d36366d25442 eliminado
[2026-03-17T02:07:57.171+0000] {python.py:183} INFO - Done. Returned value was: None
[2026-03-17T02:07:57.176+0000] {taskinstance.py:1373} INFO - Marking task as SUCCESS. dag_id=dag_mlops_full_pipeline, task_id=trigger_jupyter, execution_date=20260317T020746, start_date=20260317T020753, end_date=20260317T020757
[2026-03-17T02:07:57.211+0000] {local_task_job_runner.py:232} INFO - Task exited with return code 0
[2026-03-17T02:07:57.223+0000] {taskinstance.py:2674} INFO - 1 downstream tasks scheduled from follow-on schedule check
