[2026-03-16T19:25:20.086+0000] {taskinstance.py:1125} INFO - Dependencies all met for dep_context=non-requeueable deps ti=<TaskInstance: dag_mlops_full_pipeline.verify_and_stop scheduled__2026-03-16T19:20:00+00:00 [queued]>
[2026-03-16T19:25:20.090+0000] {taskinstance.py:1125} INFO - Dependencies all met for dep_context=requeueable deps ti=<TaskInstance: dag_mlops_full_pipeline.verify_and_stop scheduled__2026-03-16T19:20:00+00:00 [queued]>
[2026-03-16T19:25:20.090+0000] {taskinstance.py:1331} INFO - Starting attempt 1 of 1
[2026-03-16T19:25:20.094+0000] {taskinstance.py:1350} INFO - Executing <Task(PythonOperator): verify_and_stop> on 2026-03-16 19:20:00+00:00
[2026-03-16T19:25:20.097+0000] {standard_task_runner.py:57} INFO - Started process 28396 to run task
[2026-03-16T19:25:20.098+0000] {standard_task_runner.py:84} INFO - Running: ['***', 'tasks', 'run', 'dag_mlops_full_pipeline', 'verify_and_stop', 'scheduled__2026-03-16T19:20:00+00:00', '--job-id', '356', '--raw', '--subdir', 'DAGS_FOLDER/dag2.py', '--cfg-path', '/tmp/tmpu20m3u1o']
[2026-03-16T19:25:20.099+0000] {standard_task_runner.py:85} INFO - Job 356: Subtask verify_and_stop
[2026-03-16T19:25:20.120+0000] {task_command.py:410} INFO - Running <TaskInstance: dag_mlops_full_pipeline.verify_and_stop scheduled__2026-03-16T19:20:00+00:00 [running]> on host 87aa27980d8e
[2026-03-16T19:25:20.154+0000] {taskinstance.py:1570} INFO - Exporting env vars: AIRFLOW_CTX_DAG_OWNER='***' AIRFLOW_CTX_DAG_ID='dag_mlops_full_pipeline' AIRFLOW_CTX_TASK_ID='verify_and_stop' AIRFLOW_CTX_EXECUTION_DATE='2026-03-16T19:20:00+00:00' AIRFLOW_CTX_TRY_NUMBER='1' AIRFLOW_CTX_DAG_RUN_ID='scheduled__2026-03-16T19:20:00+00:00'
[2026-03-16T19:25:20.291+0000] {logging_mixin.py:149} INFO - Modelo verificado: group_4/batch_2_acc_0.9357_20260316_192518.pkl (21733031 bytes)
[2026-03-16T19:25:20.295+0000] {crypto.py:83} WARNING - empty cryptography key - values will not be stored encrypted.
[2026-03-16T19:25:20.297+0000] {logging_mixin.py:149} INFO - Ejecucion 2/10 completada
[2026-03-16T19:25:20.297+0000] {logging_mixin.py:149} INFO - Faltan 8 ejecuciones. El DAG seguira corriendo.
[2026-03-16T19:25:20.297+0000] {python.py:183} INFO - Done. Returned value was: None
[2026-03-16T19:25:20.301+0000] {taskinstance.py:1373} INFO - Marking task as SUCCESS. dag_id=dag_mlops_full_pipeline, task_id=verify_and_stop, execution_date=20260316T192000, start_date=20260316T192520, end_date=20260316T192520
[2026-03-16T19:25:20.322+0000] {local_task_job_runner.py:232} INFO - Task exited with return code 0
[2026-03-16T19:25:20.329+0000] {taskinstance.py:2674} INFO - 0 downstream tasks scheduled from follow-on schedule check
[2026-03-16T19:29:02.370+0000] {taskinstance.py:1125} INFO - Dependencies all met for dep_context=non-requeueable deps ti=<TaskInstance: dag_mlops_full_pipeline.verify_and_stop scheduled__2026-03-16T19:20:00+00:00 [queued]>
[2026-03-16T19:29:02.373+0000] {taskinstance.py:1125} INFO - Dependencies all met for dep_context=requeueable deps ti=<TaskInstance: dag_mlops_full_pipeline.verify_and_stop scheduled__2026-03-16T19:20:00+00:00 [queued]>
[2026-03-16T19:29:02.374+0000] {taskinstance.py:1331} INFO - Starting attempt 1 of 1
[2026-03-16T19:29:02.378+0000] {taskinstance.py:1350} INFO - Executing <Task(PythonOperator): verify_and_stop> on 2026-03-16 19:20:00+00:00
[2026-03-16T19:29:02.381+0000] {standard_task_runner.py:57} INFO - Started process 28706 to run task
[2026-03-16T19:29:02.382+0000] {standard_task_runner.py:84} INFO - Running: ['***', 'tasks', 'run', 'dag_mlops_full_pipeline', 'verify_and_stop', 'scheduled__2026-03-16T19:20:00+00:00', '--job-id', '363', '--raw', '--subdir', 'DAGS_FOLDER/dag2.py', '--cfg-path', '/tmp/tmp44a2mt4d']
[2026-03-16T19:29:02.383+0000] {standard_task_runner.py:85} INFO - Job 363: Subtask verify_and_stop
[2026-03-16T19:29:02.401+0000] {task_command.py:410} INFO - Running <TaskInstance: dag_mlops_full_pipeline.verify_and_stop scheduled__2026-03-16T19:20:00+00:00 [running]> on host 87aa27980d8e
[2026-03-16T19:29:02.428+0000] {taskinstance.py:1570} INFO - Exporting env vars: AIRFLOW_CTX_DAG_OWNER='***' AIRFLOW_CTX_DAG_ID='dag_mlops_full_pipeline' AIRFLOW_CTX_TASK_ID='verify_and_stop' AIRFLOW_CTX_EXECUTION_DATE='2026-03-16T19:20:00+00:00' AIRFLOW_CTX_TRY_NUMBER='1' AIRFLOW_CTX_DAG_RUN_ID='scheduled__2026-03-16T19:20:00+00:00'
[2026-03-16T19:29:02.564+0000] {logging_mixin.py:149} INFO - Modelo verificado: group_4/batch_1_acc_0.8718_20260316_192901.pkl (12732941 bytes)
[2026-03-16T19:29:02.569+0000] {crypto.py:83} WARNING - empty cryptography key - values will not be stored encrypted.
[2026-03-16T19:29:02.570+0000] {logging_mixin.py:149} INFO - Ejecucion 3/10 completada
[2026-03-16T19:29:02.570+0000] {logging_mixin.py:149} INFO - Faltan 7 ejecuciones. El DAG seguira corriendo.
[2026-03-16T19:29:02.570+0000] {python.py:183} INFO - Done. Returned value was: None
[2026-03-16T19:29:02.573+0000] {taskinstance.py:1373} INFO - Marking task as SUCCESS. dag_id=dag_mlops_full_pipeline, task_id=verify_and_stop, execution_date=20260316T192000, start_date=20260316T192902, end_date=20260316T192902
[2026-03-16T19:29:02.604+0000] {local_task_job_runner.py:232} INFO - Task exited with return code 0
[2026-03-16T19:29:02.612+0000] {taskinstance.py:2674} INFO - 0 downstream tasks scheduled from follow-on schedule check
