[2026-03-14T19:20:40.218+0000] {taskinstance.py:1125} INFO - Dependencies all met for dep_context=non-requeueable deps ti=<TaskInstance: dag_mlops_full_pipeline.trigger_jupyter manual__2026-03-14T18:54:32.570904+00:00 [queued]>
[2026-03-14T19:20:40.221+0000] {taskinstance.py:1125} INFO - Dependencies all met for dep_context=requeueable deps ti=<TaskInstance: dag_mlops_full_pipeline.trigger_jupyter manual__2026-03-14T18:54:32.570904+00:00 [queued]>
[2026-03-14T19:20:40.221+0000] {taskinstance.py:1331} INFO - Starting attempt 1 of 1
[2026-03-14T19:20:40.226+0000] {taskinstance.py:1350} INFO - Executing <Task(PythonOperator): trigger_jupyter> on 2026-03-14 18:54:32.570904+00:00
[2026-03-14T19:20:40.229+0000] {standard_task_runner.py:57} INFO - Started process 1130 to run task
[2026-03-14T19:20:40.230+0000] {standard_task_runner.py:84} INFO - Running: ['***', 'tasks', 'run', 'dag_mlops_full_pipeline', 'trigger_jupyter', 'manual__2026-03-14T18:54:32.570904+00:00', '--job-id', '71', '--raw', '--subdir', 'DAGS_FOLDER/dag2.py', '--cfg-path', '/tmp/tmpvia1pk2i']
[2026-03-14T19:20:40.231+0000] {standard_task_runner.py:85} INFO - Job 71: Subtask trigger_jupyter
[2026-03-14T19:20:40.250+0000] {task_command.py:410} INFO - Running <TaskInstance: dag_mlops_full_pipeline.trigger_jupyter manual__2026-03-14T18:54:32.570904+00:00 [running]> on host 463b4b91a996
[2026-03-14T19:20:40.279+0000] {taskinstance.py:1570} INFO - Exporting env vars: AIRFLOW_CTX_DAG_OWNER='***' AIRFLOW_CTX_DAG_ID='dag_mlops_full_pipeline' AIRFLOW_CTX_TASK_ID='trigger_jupyter' AIRFLOW_CTX_EXECUTION_DATE='2026-03-14T18:54:32.570904+00:00' AIRFLOW_CTX_TRY_NUMBER='1' AIRFLOW_CTX_DAG_RUN_ID='manual__2026-03-14T18:54:32.570904+00:00'
[2026-03-14T19:20:40.285+0000] {logging_mixin.py:149} INFO - Creando sesión de kernel en Jupyter para train_model.ipynb...
[2026-03-14T19:20:40.288+0000] {logging_mixin.py:149} INFO - Kernel creado: 0e357931-f4cf-43a3-bf62-4df91e0afeb2
[2026-03-14T19:20:40.291+0000] {logging_mixin.py:149} INFO - Ejecutando notebook con batch=11, group=4...
[2026-03-14T19:20:40.294+0000] {logging_mixin.py:149} INFO - Esperando que el notebook termine...
[2026-03-14T19:20:50.322+0000] {logging_mixin.py:149} INFO -   Estado del kernel (10s): unknown
[2026-03-14T19:21:00.348+0000] {logging_mixin.py:149} INFO -   Estado del kernel (20s): unknown
[2026-03-14T19:21:10.369+0000] {logging_mixin.py:149} INFO -   Estado del kernel (30s): unknown
[2026-03-14T19:21:20.392+0000] {logging_mixin.py:149} INFO -   Estado del kernel (40s): unknown
[2026-03-14T19:21:30.407+0000] {logging_mixin.py:149} INFO -   Estado del kernel (50s): unknown
[2026-03-14T19:21:40.430+0000] {logging_mixin.py:149} INFO -   Estado del kernel (60s): unknown
[2026-03-14T19:21:50.452+0000] {logging_mixin.py:149} INFO -   Estado del kernel (70s): unknown
[2026-03-14T19:22:00.467+0000] {logging_mixin.py:149} INFO -   Estado del kernel (80s): unknown
[2026-03-14T19:22:10.490+0000] {logging_mixin.py:149} INFO -   Estado del kernel (90s): unknown
[2026-03-14T19:22:20.506+0000] {logging_mixin.py:149} INFO -   Estado del kernel (100s): unknown
[2026-03-14T19:22:30.526+0000] {logging_mixin.py:149} INFO -   Estado del kernel (110s): unknown
[2026-03-14T19:22:40.550+0000] {logging_mixin.py:149} INFO -   Estado del kernel (120s): unknown
[2026-03-14T19:22:50.569+0000] {logging_mixin.py:149} INFO -   Estado del kernel (130s): unknown
[2026-03-14T19:23:00.590+0000] {logging_mixin.py:149} INFO -   Estado del kernel (140s): unknown
[2026-03-14T19:23:10.615+0000] {logging_mixin.py:149} INFO -   Estado del kernel (150s): unknown
[2026-03-14T19:23:20.642+0000] {logging_mixin.py:149} INFO -   Estado del kernel (160s): unknown
[2026-03-14T19:23:30.661+0000] {logging_mixin.py:149} INFO -   Estado del kernel (170s): unknown
[2026-03-14T19:23:40.683+0000] {logging_mixin.py:149} INFO -   Estado del kernel (180s): unknown
[2026-03-14T19:23:50.705+0000] {logging_mixin.py:149} INFO -   Estado del kernel (190s): unknown
[2026-03-14T19:24:00.727+0000] {logging_mixin.py:149} INFO -   Estado del kernel (200s): unknown
[2026-03-14T19:24:10.749+0000] {logging_mixin.py:149} INFO -   Estado del kernel (210s): unknown
[2026-03-14T19:24:20.761+0000] {logging_mixin.py:149} INFO -   Estado del kernel (220s): unknown
[2026-03-14T19:24:30.780+0000] {logging_mixin.py:149} INFO -   Estado del kernel (230s): unknown
[2026-03-14T19:24:40.794+0000] {logging_mixin.py:149} INFO -   Estado del kernel (240s): unknown
[2026-03-14T19:24:50.802+0000] {logging_mixin.py:149} INFO -   Estado del kernel (250s): unknown
[2026-03-14T19:25:00.819+0000] {logging_mixin.py:149} INFO -   Estado del kernel (260s): unknown
[2026-03-14T19:25:10.840+0000] {logging_mixin.py:149} INFO -   Estado del kernel (270s): unknown
[2026-03-14T19:25:20.862+0000] {logging_mixin.py:149} INFO -   Estado del kernel (280s): unknown
[2026-03-14T19:25:30.885+0000] {logging_mixin.py:149} INFO -   Estado del kernel (290s): unknown
[2026-03-14T19:25:40.907+0000] {logging_mixin.py:149} INFO -   Estado del kernel (300s): unknown
[2026-03-14T19:25:50.911+0000] {logging_mixin.py:149} INFO -   Estado del kernel (310s): unknown
[2026-03-14T19:26:00.934+0000] {logging_mixin.py:149} INFO -   Estado del kernel (320s): unknown
[2026-03-14T19:26:10.956+0000] {logging_mixin.py:149} INFO -   Estado del kernel (330s): unknown
[2026-03-14T19:26:20.977+0000] {logging_mixin.py:149} INFO -   Estado del kernel (340s): unknown
[2026-03-14T19:26:30.992+0000] {logging_mixin.py:149} INFO -   Estado del kernel (350s): unknown
[2026-03-14T19:26:41.000+0000] {logging_mixin.py:149} INFO -   Estado del kernel (360s): unknown
[2026-03-14T19:26:51.013+0000] {logging_mixin.py:149} INFO -   Estado del kernel (370s): unknown
[2026-03-14T19:27:01.035+0000] {logging_mixin.py:149} INFO -   Estado del kernel (380s): unknown
[2026-03-14T19:27:11.057+0000] {logging_mixin.py:149} INFO -   Estado del kernel (390s): unknown
[2026-03-14T19:27:21.083+0000] {logging_mixin.py:149} INFO -   Estado del kernel (400s): unknown
[2026-03-14T19:27:31.098+0000] {logging_mixin.py:149} INFO -   Estado del kernel (410s): unknown
[2026-03-14T19:27:41.122+0000] {logging_mixin.py:149} INFO -   Estado del kernel (420s): unknown
[2026-03-14T19:27:51.147+0000] {logging_mixin.py:149} INFO -   Estado del kernel (430s): unknown
[2026-03-14T19:28:01.169+0000] {logging_mixin.py:149} INFO -   Estado del kernel (440s): unknown
[2026-03-14T19:28:11.196+0000] {logging_mixin.py:149} INFO -   Estado del kernel (450s): unknown
[2026-03-14T19:28:21.219+0000] {logging_mixin.py:149} INFO -   Estado del kernel (460s): unknown
[2026-03-14T19:28:31.242+0000] {logging_mixin.py:149} INFO -   Estado del kernel (470s): unknown
[2026-03-14T19:28:41.257+0000] {logging_mixin.py:149} INFO -   Estado del kernel (480s): unknown
[2026-03-14T19:28:51.278+0000] {logging_mixin.py:149} INFO -   Estado del kernel (490s): unknown
[2026-03-14T19:29:01.301+0000] {logging_mixin.py:149} INFO -   Estado del kernel (500s): unknown
[2026-03-14T19:29:11.321+0000] {logging_mixin.py:149} INFO -   Estado del kernel (510s): unknown
[2026-03-14T19:29:21.347+0000] {logging_mixin.py:149} INFO -   Estado del kernel (520s): unknown
[2026-03-14T19:29:31.371+0000] {logging_mixin.py:149} INFO -   Estado del kernel (530s): unknown
[2026-03-14T19:29:41.399+0000] {logging_mixin.py:149} INFO -   Estado del kernel (540s): unknown
[2026-03-14T19:29:51.420+0000] {logging_mixin.py:149} INFO -   Estado del kernel (550s): unknown
[2026-03-14T19:30:01.442+0000] {logging_mixin.py:149} INFO -   Estado del kernel (560s): unknown
[2026-03-14T19:30:11.463+0000] {logging_mixin.py:149} INFO -   Estado del kernel (570s): unknown
[2026-03-14T19:30:21.478+0000] {logging_mixin.py:149} INFO -   Estado del kernel (580s): unknown
[2026-03-14T19:30:31.500+0000] {logging_mixin.py:149} INFO -   Estado del kernel (590s): unknown
[2026-03-14T19:30:41.511+0000] {logging_mixin.py:149} INFO -   Estado del kernel (600s): unknown
[2026-03-14T19:30:41.513+0000] {logging_mixin.py:149} INFO - Cerrando sesión d88feedc-f463-43b5-9221-653323d29ef8...
[2026-03-14T19:30:41.521+0000] {logging_mixin.py:149} INFO - Sesión cerrada
[2026-03-14T19:30:41.522+0000] {taskinstance.py:1847} ERROR - Task failed with exception
Traceback (most recent call last):
  File "/home/airflow/.local/lib/python3.7/site-packages/airflow/operators/python.py", line 181, in execute
    return_value = self.execute_callable()
  File "/home/airflow/.local/lib/python3.7/site-packages/airflow/operators/python.py", line 198, in execute_callable
    return self.python_callable(*self.op_args, **self.op_kwargs)
  File "/opt/airflow/dags/dag2.py", line 347, in trigger_jupyter
    raise RuntimeError(
TimeoutError: El notebook no terminó en 600 segundos
[2026-03-14T19:30:41.532+0000] {taskinstance.py:1373} INFO - Marking task as FAILED. dag_id=dag_mlops_full_pipeline, task_id=trigger_jupyter, execution_date=20260314T185432, start_date=20260314T192040, end_date=20260314T193041
[2026-03-14T19:30:41.541+0000] {standard_task_runner.py:109} ERROR - Failed to execute job 71 for task trigger_jupyter (El notebook no terminó en 600 segundos; 1130)
[2026-03-14T19:30:41.588+0000] {local_task_job_runner.py:232} INFO - Task exited with return code 1
[2026-03-14T19:30:41.608+0000] {taskinstance.py:2674} INFO - 0 downstream tasks scheduled from follow-on schedule check
