[2026-03-16T20:40:05.188+0000] {taskinstance.py:1125} INFO - Dependencies all met for dep_context=non-requeueable deps ti=<TaskInstance: dag_mlops_full_pipeline.trigger_jupyter scheduled__2026-03-16T20:35:00+00:00 [queued]>
[2026-03-16T20:40:05.191+0000] {taskinstance.py:1125} INFO - Dependencies all met for dep_context=requeueable deps ti=<TaskInstance: dag_mlops_full_pipeline.trigger_jupyter scheduled__2026-03-16T20:35:00+00:00 [queued]>
[2026-03-16T20:40:05.191+0000] {taskinstance.py:1331} INFO - Starting attempt 1 of 1
[2026-03-16T20:40:05.196+0000] {taskinstance.py:1350} INFO - Executing <Task(PythonOperator): trigger_jupyter> on 2026-03-16 20:35:00+00:00
[2026-03-16T20:40:05.198+0000] {standard_task_runner.py:57} INFO - Started process 34112 to run task
[2026-03-16T20:40:05.199+0000] {standard_task_runner.py:84} INFO - Running: ['***', 'tasks', 'run', 'dag_mlops_full_pipeline', 'trigger_jupyter', 'scheduled__2026-03-16T20:35:00+00:00', '--job-id', '439', '--raw', '--subdir', 'DAGS_FOLDER/dag2.py', '--cfg-path', '/tmp/tmp6lqcp6er']
[2026-03-16T20:40:05.200+0000] {standard_task_runner.py:85} INFO - Job 439: Subtask trigger_jupyter
[2026-03-16T20:40:05.217+0000] {task_command.py:410} INFO - Running <TaskInstance: dag_mlops_full_pipeline.trigger_jupyter scheduled__2026-03-16T20:35:00+00:00 [running]> on host 87aa27980d8e
[2026-03-16T20:40:05.246+0000] {taskinstance.py:1570} INFO - Exporting env vars: AIRFLOW_CTX_DAG_OWNER='***' AIRFLOW_CTX_DAG_ID='dag_mlops_full_pipeline' AIRFLOW_CTX_TASK_ID='trigger_jupyter' AIRFLOW_CTX_EXECUTION_DATE='2026-03-16T20:35:00+00:00' AIRFLOW_CTX_TRY_NUMBER='1' AIRFLOW_CTX_DAG_RUN_ID='scheduled__2026-03-16T20:35:00+00:00'
[2026-03-16T20:40:05.251+0000] {logging_mixin.py:149} INFO - Creando kernel en Jupyter...
[2026-03-16T20:40:05.272+0000] {logging_mixin.py:149} INFO - Kernel creado: 471654f6-742c-47f7-a7eb-619c2f80da85
[2026-03-16T20:40:05.273+0000] {logging_mixin.py:149} INFO - Conectando WebSocket...
[2026-03-16T20:40:05.426+0000] {logging_mixin.py:149} INFO - WebSocket conectado
[2026-03-16T20:40:05.426+0000] {logging_mixin.py:149} INFO - Esperando que el kernel este listo...
[2026-03-16T20:40:05.446+0000] {logging_mixin.py:149} INFO -   Estado kernel: busy
[2026-03-16T20:40:06.447+0000] {logging_mixin.py:149} INFO -   Estado kernel: idle
[2026-03-16T20:40:06.448+0000] {logging_mixin.py:149} INFO - Kernel listo
[2026-03-16T20:40:06.448+0000] {logging_mixin.py:149} INFO - Leyendo notebook train_model.ipynb...
[2026-03-16T20:40:06.455+0000] {logging_mixin.py:149} INFO - Inyectando parametros...
[2026-03-16T20:40:06.461+0000] {logging_mixin.py:149} INFO -   [celda 0] Parametros inyectados: batch=4, group=4
[2026-03-16T20:40:06.466+0000] {logging_mixin.py:149} INFO - Ejecutando 6 celdas del notebook...
[2026-03-16T20:40:06.470+0000] {logging_mixin.py:149} INFO -   Ejecutando celda 1/6...
[2026-03-16T20:40:06.995+0000] {logging_mixin.py:149} INFO -   [celda 1] Librerias cargadas correctamente
[2026-03-16T20:40:06.997+0000] {logging_mixin.py:149} INFO -   Ejecutando celda 2/6...
[2026-03-16T20:40:07.002+0000] {logging_mixin.py:149} INFO -   [celda 2] Parametros: batch=4, group=4
[2026-03-16T20:40:07.002+0000] {logging_mixin.py:149} INFO -   Ejecutando celda 3/6...
[2026-03-16T20:40:07.026+0000] {logging_mixin.py:149} INFO -   [celda 3] Conectando a PostgreSQL en postgres:5432...
Datos cargados: 5810 filas
   elevation    aspect     slope  horizontal_distance_to_hydrology  \
0   0.293782  0.825000  0.203704                          0.233405   
1   0.676396  0.927778  0.314815                          0.032120   
2   0.304569  0.150000  0.500000                          0.330835   
3   0.506980  0.136111  0.333333                          0.091006   
4   0.343274  0.891667  0.425926                          0.428266   

   vertical_distance_to_hydrology  horizontal_distance_to_roadways  \
0                        0.476364                         0.218113   
1                        0.263636                         0.143690   
2                        0.452727                         0.274378   
3                        0.287273                         0.361354   
4                        0.641818                         0.283569   

   hillshade_9am  hillshade_noon  hillshade_3pm  \
0       0.701835        0.881944          0.748   
1       0.655963        0.729167          0.696   
2       0.862385        0.423611          0.260   
3       0.866972        0.611111          0.404   
4       0.545872        0.701389          0.772   

   horizontal_distance_to_fire_points  wilderness_area_encoded  \
0                            0.167950                        0   
1                            0.275017                        1   
2                            0.222300                        0   
3                            0.104035                        1   
4                            0.173081                        0   

   soil_type_encoded  cover_type  
0                  4           5  
1                 16           1  
2                  6           2  
3                 22           0  
4                  6           2
[2026-03-16T20:40:07.027+0000] {logging_mixin.py:149} INFO -   [celda 3] /tmp/ipykernel_3845/3056758113.py:26: UserWarning: pandas only supports SQLAlchemy connectable (engine/connection) or database string URI or sqlite3 DBAPI2 connection. Other DBAPI2 objects are not tested. Please consider using SQLAlchemy.
  df = pd.read_sql(query, conn, params=(BATCH_NUMBER, GROUP_NUMBER))
[2026-03-16T20:40:07.027+0000] {logging_mixin.py:149} INFO -   Ejecutando celda 4/6...
[2026-03-16T20:40:07.033+0000] {logging_mixin.py:149} INFO -   [celda 4] Train: 4648 filas | Test: 1162 filas
[2026-03-16T20:40:07.034+0000] {logging_mixin.py:149} INFO -   Ejecutando celda 5/6...
[2026-03-16T20:40:07.186+0000] {logging_mixin.py:149} INFO -   [celda 5] Entrenando Random Forest...
Entrenamiento completado
Accuracy en test: 0.8769 (87.69%)
[2026-03-16T20:40:07.188+0000] {logging_mixin.py:149} INFO -   Ejecutando celda 6/6...
[2026-03-16T20:40:07.234+0000] {logging_mixin.py:149} INFO -   [celda 6] Conectando a MinIO en http://minio:9000...
[2026-03-16T20:40:07.285+0000] {logging_mixin.py:149} INFO -   [celda 6] Modelo guardado en MinIO: s3://models/group_4/batch_4_acc_0.8769_20260316_204007.pkl
Tamano: 12265.7 KB
Notebook completado exitosamente
[2026-03-16T20:40:07.286+0000] {logging_mixin.py:149} INFO - Todas las celdas ejecutadas exitosamente
[2026-03-16T20:40:07.514+0000] {logging_mixin.py:149} INFO - Kernel 471654f6-742c-47f7-a7eb-619c2f80da85 eliminado
[2026-03-16T20:40:07.515+0000] {python.py:183} INFO - Done. Returned value was: None
[2026-03-16T20:40:07.519+0000] {taskinstance.py:1373} INFO - Marking task as SUCCESS. dag_id=dag_mlops_full_pipeline, task_id=trigger_jupyter, execution_date=20260316T203500, start_date=20260316T204005, end_date=20260316T204007
[2026-03-16T20:40:07.557+0000] {local_task_job_runner.py:232} INFO - Task exited with return code 0
[2026-03-16T20:40:07.568+0000] {taskinstance.py:2674} INFO - 1 downstream tasks scheduled from follow-on schedule check
