[2026-03-16T19:10:00.552+0000] {taskinstance.py:1125} INFO - Dependencies all met for dep_context=non-requeueable deps ti=<TaskInstance: dag_mlops_full_pipeline.create_tables scheduled__2026-03-16T19:05:00+00:00 [queued]>
[2026-03-16T19:10:00.554+0000] {taskinstance.py:1125} INFO - Dependencies all met for dep_context=requeueable deps ti=<TaskInstance: dag_mlops_full_pipeline.create_tables scheduled__2026-03-16T19:05:00+00:00 [queued]>
[2026-03-16T19:10:00.555+0000] {taskinstance.py:1331} INFO - Starting attempt 1 of 1
[2026-03-16T19:10:00.559+0000] {taskinstance.py:1350} INFO - Executing <Task(PythonOperator): create_tables> on 2026-03-16 19:05:00+00:00
[2026-03-16T19:10:00.562+0000] {standard_task_runner.py:57} INFO - Started process 27213 to run task
[2026-03-16T19:10:00.563+0000] {standard_task_runner.py:84} INFO - Running: ['***', 'tasks', 'run', 'dag_mlops_full_pipeline', 'create_tables', 'scheduled__2026-03-16T19:05:00+00:00', '--job-id', '335', '--raw', '--subdir', 'DAGS_FOLDER/dag2.py', '--cfg-path', '/tmp/tmp68csbgxy']
[2026-03-16T19:10:00.564+0000] {standard_task_runner.py:85} INFO - Job 335: Subtask create_tables
[2026-03-16T19:10:00.581+0000] {task_command.py:410} INFO - Running <TaskInstance: dag_mlops_full_pipeline.create_tables scheduled__2026-03-16T19:05:00+00:00 [running]> on host 87aa27980d8e
[2026-03-16T19:10:00.611+0000] {taskinstance.py:1570} INFO - Exporting env vars: AIRFLOW_CTX_DAG_OWNER='***' AIRFLOW_CTX_DAG_ID='dag_mlops_full_pipeline' AIRFLOW_CTX_TASK_ID='create_tables' AIRFLOW_CTX_EXECUTION_DATE='2026-03-16T19:05:00+00:00' AIRFLOW_CTX_TRY_NUMBER='1' AIRFLOW_CTX_DAG_RUN_ID='scheduled__2026-03-16T19:05:00+00:00'
[2026-03-16T19:10:00.611+0000] {logging_mixin.py:149} INFO - Verificando/creando tablas en Postgres...
[2026-03-16T19:10:00.614+0000] {base.py:73} INFO - Using connection ID 'postgres_default' for task execution.
[2026-03-16T19:10:00.615+0000] {sql.py:375} INFO - Running statement: 
    CREATE TABLE IF NOT EXISTS public.training_data (
        id                                      SERIAL PRIMARY KEY,
        group_number                            INTEGER,
        batch_number                            INTEGER,
        elevation                               INTEGER,
        aspect                                  INTEGER,
        slope                                   INTEGER,
        horizontal_distance_to_hydrology        INTEGER,
        vertical_distance_to_hydrology          INTEGER,
        horizontal_distance_to_roadways         INTEGER,
        hillshade_9am                           INTEGER,
        hillshade_noon                          INTEGER,
        hillshade_3pm                           INTEGER,
        horizontal_distance_to_fire_points      INTEGER,
        wilderness_area                         VARCHAR(100),
        soil_type                               VARCHAR(100),
        cover_type                              INTEGER,
        inserted_at                             TIMESTAMP DEFAULT NOW()
    );
    , parameters: None
[2026-03-16T19:10:00.616+0000] {base.py:73} INFO - Using connection ID 'postgres_default' for task execution.
[2026-03-16T19:10:00.617+0000] {sql.py:375} INFO - Running statement: 
    CREATE TABLE IF NOT EXISTS public.training_data_processed (
        id                                      SERIAL PRIMARY KEY,
        group_number                            INTEGER,
        batch_number                            INTEGER,
        elevation                               FLOAT,
        aspect                                  FLOAT,
        slope                                   FLOAT,
        horizontal_distance_to_hydrology        FLOAT,
        vertical_distance_to_hydrology          FLOAT,
        horizontal_distance_to_roadways         FLOAT,
        hillshade_9am                           FLOAT,
        hillshade_noon                          FLOAT,
        hillshade_3pm                           FLOAT,
        horizontal_distance_to_fire_points      FLOAT,
        wilderness_area_encoded                 INTEGER,
        soil_type_encoded                       INTEGER,
        cover_type                              INTEGER,
        inserted_at                             TIMESTAMP DEFAULT NOW()
    );
    , parameters: None
[2026-03-16T19:10:00.619+0000] {base.py:73} INFO - Using connection ID 'postgres_default' for task execution.
[2026-03-16T19:10:00.620+0000] {sql.py:375} INFO - Running statement: 
    CREATE TABLE IF NOT EXISTS public.training_data_ready (
        id                                      SERIAL PRIMARY KEY,
        elevation                               FLOAT,
        aspect                                  FLOAT,
        slope                                   FLOAT,
        horizontal_distance_to_hydrology        FLOAT,
        vertical_distance_to_hydrology          FLOAT,
        horizontal_distance_to_roadways         FLOAT,
        hillshade_9am                           FLOAT,
        hillshade_noon                          FLOAT,
        hillshade_3pm                           FLOAT,
        horizontal_distance_to_fire_points      FLOAT,
        wilderness_area_encoded                 INTEGER,
        soil_type_encoded                       INTEGER,
        cover_type                              INTEGER
    );
    , parameters: None
[2026-03-16T19:10:00.620+0000] {logging_mixin.py:149} INFO - Tablas listas
[2026-03-16T19:10:00.620+0000] {python.py:183} INFO - Done. Returned value was: None
[2026-03-16T19:10:00.623+0000] {taskinstance.py:1373} INFO - Marking task as SUCCESS. dag_id=dag_mlops_full_pipeline, task_id=create_tables, execution_date=20260316T190500, start_date=20260316T191000, end_date=20260316T191000
[2026-03-16T19:10:00.661+0000] {local_task_job_runner.py:232} INFO - Task exited with return code 0
[2026-03-16T19:10:00.673+0000] {taskinstance.py:2674} INFO - 1 downstream tasks scheduled from follow-on schedule check
[2026-03-16T19:14:11.679+0000] {taskinstance.py:1125} INFO - Dependencies all met for dep_context=non-requeueable deps ti=<TaskInstance: dag_mlops_full_pipeline.create_tables scheduled__2026-03-16T19:05:00+00:00 [queued]>
[2026-03-16T19:14:11.681+0000] {taskinstance.py:1125} INFO - Dependencies all met for dep_context=requeueable deps ti=<TaskInstance: dag_mlops_full_pipeline.create_tables scheduled__2026-03-16T19:05:00+00:00 [queued]>
[2026-03-16T19:14:11.681+0000] {taskinstance.py:1331} INFO - Starting attempt 1 of 1
[2026-03-16T19:14:11.686+0000] {taskinstance.py:1350} INFO - Executing <Task(PythonOperator): create_tables> on 2026-03-16 19:05:00+00:00
[2026-03-16T19:14:11.689+0000] {standard_task_runner.py:57} INFO - Started process 27538 to run task
[2026-03-16T19:14:11.690+0000] {standard_task_runner.py:84} INFO - Running: ['***', 'tasks', 'run', 'dag_mlops_full_pipeline', 'create_tables', 'scheduled__2026-03-16T19:05:00+00:00', '--job-id', '342', '--raw', '--subdir', 'DAGS_FOLDER/dag2.py', '--cfg-path', '/tmp/tmp2wrc6f28']
[2026-03-16T19:14:11.691+0000] {standard_task_runner.py:85} INFO - Job 342: Subtask create_tables
[2026-03-16T19:14:11.710+0000] {task_command.py:410} INFO - Running <TaskInstance: dag_mlops_full_pipeline.create_tables scheduled__2026-03-16T19:05:00+00:00 [running]> on host 87aa27980d8e
[2026-03-16T19:14:11.738+0000] {taskinstance.py:1570} INFO - Exporting env vars: AIRFLOW_CTX_DAG_OWNER='***' AIRFLOW_CTX_DAG_ID='dag_mlops_full_pipeline' AIRFLOW_CTX_TASK_ID='create_tables' AIRFLOW_CTX_EXECUTION_DATE='2026-03-16T19:05:00+00:00' AIRFLOW_CTX_TRY_NUMBER='1' AIRFLOW_CTX_DAG_RUN_ID='scheduled__2026-03-16T19:05:00+00:00'
[2026-03-16T19:14:11.739+0000] {logging_mixin.py:149} INFO - Verificando/creando tablas en Postgres...
[2026-03-16T19:14:11.742+0000] {base.py:73} INFO - Using connection ID 'postgres_default' for task execution.
[2026-03-16T19:14:11.743+0000] {sql.py:375} INFO - Running statement: 
    CREATE TABLE IF NOT EXISTS public.training_data (
        id                                      SERIAL PRIMARY KEY,
        group_number                            INTEGER,
        batch_number                            INTEGER,
        elevation                               INTEGER,
        aspect                                  INTEGER,
        slope                                   INTEGER,
        horizontal_distance_to_hydrology        INTEGER,
        vertical_distance_to_hydrology          INTEGER,
        horizontal_distance_to_roadways         INTEGER,
        hillshade_9am                           INTEGER,
        hillshade_noon                          INTEGER,
        hillshade_3pm                           INTEGER,
        horizontal_distance_to_fire_points      INTEGER,
        wilderness_area                         VARCHAR(100),
        soil_type                               VARCHAR(100),
        cover_type                              INTEGER,
        inserted_at                             TIMESTAMP DEFAULT NOW()
    );
    , parameters: None
[2026-03-16T19:14:11.747+0000] {base.py:73} INFO - Using connection ID 'postgres_default' for task execution.
[2026-03-16T19:14:11.748+0000] {sql.py:375} INFO - Running statement: 
    CREATE TABLE IF NOT EXISTS public.training_data_processed (
        id                                      SERIAL PRIMARY KEY,
        group_number                            INTEGER,
        batch_number                            INTEGER,
        elevation                               FLOAT,
        aspect                                  FLOAT,
        slope                                   FLOAT,
        horizontal_distance_to_hydrology        FLOAT,
        vertical_distance_to_hydrology          FLOAT,
        horizontal_distance_to_roadways         FLOAT,
        hillshade_9am                           FLOAT,
        hillshade_noon                          FLOAT,
        hillshade_3pm                           FLOAT,
        horizontal_distance_to_fire_points      FLOAT,
        wilderness_area_encoded                 INTEGER,
        soil_type_encoded                       INTEGER,
        cover_type                              INTEGER,
        inserted_at                             TIMESTAMP DEFAULT NOW()
    );
    , parameters: None
[2026-03-16T19:14:11.751+0000] {base.py:73} INFO - Using connection ID 'postgres_default' for task execution.
[2026-03-16T19:14:11.752+0000] {sql.py:375} INFO - Running statement: 
    CREATE TABLE IF NOT EXISTS public.training_data_ready (
        id                                      SERIAL PRIMARY KEY,
        elevation                               FLOAT,
        aspect                                  FLOAT,
        slope                                   FLOAT,
        horizontal_distance_to_hydrology        FLOAT,
        vertical_distance_to_hydrology          FLOAT,
        horizontal_distance_to_roadways         FLOAT,
        hillshade_9am                           FLOAT,
        hillshade_noon                          FLOAT,
        hillshade_3pm                           FLOAT,
        horizontal_distance_to_fire_points      FLOAT,
        wilderness_area_encoded                 INTEGER,
        soil_type_encoded                       INTEGER,
        cover_type                              INTEGER
    );
    , parameters: None
[2026-03-16T19:14:11.754+0000] {logging_mixin.py:149} INFO - Tablas listas
[2026-03-16T19:14:11.754+0000] {python.py:183} INFO - Done. Returned value was: None
[2026-03-16T19:14:11.757+0000] {taskinstance.py:1373} INFO - Marking task as SUCCESS. dag_id=dag_mlops_full_pipeline, task_id=create_tables, execution_date=20260316T190500, start_date=20260316T191411, end_date=20260316T191411
[2026-03-16T19:14:11.790+0000] {local_task_job_runner.py:232} INFO - Task exited with return code 0
[2026-03-16T19:14:11.802+0000] {taskinstance.py:2674} INFO - 1 downstream tasks scheduled from follow-on schedule check
