[2026-03-16T21:30:04.819+0000] {taskinstance.py:1125} INFO - Dependencies all met for dep_context=non-requeueable deps ti=<TaskInstance: dag_mlops_full_pipeline.trigger_jupyter scheduled__2026-03-16T21:24:00+00:00 [queued]>
[2026-03-16T21:30:04.821+0000] {taskinstance.py:1125} INFO - Dependencies all met for dep_context=requeueable deps ti=<TaskInstance: dag_mlops_full_pipeline.trigger_jupyter scheduled__2026-03-16T21:24:00+00:00 [queued]>
[2026-03-16T21:30:04.821+0000] {taskinstance.py:1331} INFO - Starting attempt 1 of 1
[2026-03-16T21:30:04.826+0000] {taskinstance.py:1350} INFO - Executing <Task(PythonOperator): trigger_jupyter> on 2026-03-16 21:24:00+00:00
[2026-03-16T21:30:04.828+0000] {standard_task_runner.py:57} INFO - Started process 37974 to run task
[2026-03-16T21:30:04.830+0000] {standard_task_runner.py:84} INFO - Running: ['***', 'tasks', 'run', 'dag_mlops_full_pipeline', 'trigger_jupyter', 'scheduled__2026-03-16T21:24:00+00:00', '--job-id', '498', '--raw', '--subdir', 'DAGS_FOLDER/dag2.py', '--cfg-path', '/tmp/tmp5p1gv2t5']
[2026-03-16T21:30:04.831+0000] {standard_task_runner.py:85} INFO - Job 498: Subtask trigger_jupyter
[2026-03-16T21:30:04.848+0000] {task_command.py:410} INFO - Running <TaskInstance: dag_mlops_full_pipeline.trigger_jupyter scheduled__2026-03-16T21:24:00+00:00 [running]> on host 87aa27980d8e
[2026-03-16T21:30:04.877+0000] {taskinstance.py:1570} INFO - Exporting env vars: AIRFLOW_CTX_DAG_OWNER='***' AIRFLOW_CTX_DAG_ID='dag_mlops_full_pipeline' AIRFLOW_CTX_TASK_ID='trigger_jupyter' AIRFLOW_CTX_EXECUTION_DATE='2026-03-16T21:24:00+00:00' AIRFLOW_CTX_TRY_NUMBER='1' AIRFLOW_CTX_DAG_RUN_ID='scheduled__2026-03-16T21:24:00+00:00'
[2026-03-16T21:30:04.882+0000] {logging_mixin.py:149} INFO - Creando kernel en Jupyter...
[2026-03-16T21:30:04.898+0000] {logging_mixin.py:149} INFO - Kernel creado: 10c6d666-0603-4d34-9474-3538f117bfa1
[2026-03-16T21:30:04.898+0000] {logging_mixin.py:149} INFO - Conectando WebSocket...
[2026-03-16T21:30:05.050+0000] {logging_mixin.py:149} INFO - WebSocket conectado
[2026-03-16T21:30:05.051+0000] {logging_mixin.py:149} INFO - Esperando que el kernel este listo...
[2026-03-16T21:30:05.065+0000] {logging_mixin.py:149} INFO -   Estado kernel: busy
[2026-03-16T21:30:06.070+0000] {logging_mixin.py:149} INFO -   Estado kernel: busy
[2026-03-16T21:30:07.076+0000] {logging_mixin.py:149} INFO -   Estado kernel: idle
[2026-03-16T21:30:07.077+0000] {logging_mixin.py:149} INFO - Kernel listo
[2026-03-16T21:30:07.077+0000] {logging_mixin.py:149} INFO - Leyendo notebook train_model.ipynb...
[2026-03-16T21:30:07.091+0000] {logging_mixin.py:149} INFO - Inyectando parametros...
[2026-03-16T21:30:07.100+0000] {logging_mixin.py:149} INFO -   [celda 0] Parametros inyectados: batch=5, group=4
[2026-03-16T21:30:07.102+0000] {logging_mixin.py:149} INFO - Ejecutando 6 celdas del notebook...
[2026-03-16T21:30:07.102+0000] {logging_mixin.py:149} INFO -   Ejecutando celda 1/6...
[2026-03-16T21:30:07.571+0000] {logging_mixin.py:149} INFO -   [celda 1] Librerias cargadas correctamente
[2026-03-16T21:30:07.572+0000] {logging_mixin.py:149} INFO -   Ejecutando celda 2/6...
[2026-03-16T21:30:07.576+0000] {logging_mixin.py:149} INFO -   [celda 2] Parametros: batch=5, group=4
[2026-03-16T21:30:07.576+0000] {logging_mixin.py:149} INFO -   Ejecutando celda 3/6...
[2026-03-16T21:30:07.598+0000] {logging_mixin.py:149} INFO -   [celda 3] Conectando a PostgreSQL en postgres:5432...
Datos cargados: 5810 filas
   elevation    aspect     slope  horizontal_distance_to_hydrology  \
0   0.180089  0.763889  0.717391                          0.112617   
1   0.636652  0.227778  0.304348                          0.326382   
2   0.358909  0.111111  0.326087                          0.407716   
3   0.705136  0.783333  0.521739                          0.168926   
4   0.192137  0.002778  0.565217                          0.524505   

   vertical_distance_to_hydrology  horizontal_distance_to_roadways  \
0                        0.401099                         0.110433   
1                        0.456044                         0.423873   
2                        0.738095                         0.187541   
3                        0.315018                         0.116750   
4                        0.476190                         0.107820   

   hillshade_9am  hillshade_noon  hillshade_3pm  \
0       0.257895        0.814570       0.971774   
1       0.921053        0.735099       0.415323   
2       0.821053        0.675497       0.467742   
3       0.431579        0.860927       0.899194   
4       0.584211        0.523179       0.552419   

   horizontal_distance_to_fire_points  wilderness_area_encoded  \
0                            0.154490                        0   
1                            0.326431                        1   
2                            0.246626                        0   
3                            0.373430                        1   
4                            0.178455                        0   

   soil_type_encoded  cover_type  
0                  6           2  
1                  8           4  
2                  5           2  
3                 16           1  
4                  6           2
[2026-03-16T21:30:07.599+0000] {logging_mixin.py:149} INFO -   [celda 3] /tmp/ipykernel_4534/3056758113.py:26: UserWarning: pandas only supports SQLAlchemy connectable (engine/connection) or database string URI or sqlite3 DBAPI2 connection. Other DBAPI2 objects are not tested. Please consider using SQLAlchemy.
  df = pd.read_sql(query, conn, params=(BATCH_NUMBER, GROUP_NUMBER))
[2026-03-16T21:30:07.599+0000] {logging_mixin.py:149} INFO -   Ejecutando celda 4/6...
[2026-03-16T21:30:07.605+0000] {logging_mixin.py:149} INFO -   [celda 4] Train: 4648 filas | Test: 1162 filas
[2026-03-16T21:30:07.606+0000] {logging_mixin.py:149} INFO -   Ejecutando celda 5/6...
[2026-03-16T21:30:07.753+0000] {logging_mixin.py:149} INFO -   [celda 5] Entrenando Random Forest...
Entrenamiento completado
Accuracy en test: 0.8563 (85.63%)
[2026-03-16T21:30:07.755+0000] {logging_mixin.py:149} INFO -   Ejecutando celda 6/6...
[2026-03-16T21:30:07.800+0000] {logging_mixin.py:149} INFO -   [celda 6] Conectando a MinIO en http://minio:9000...
[2026-03-16T21:30:07.861+0000] {logging_mixin.py:149} INFO -   [celda 6] Modelo guardado en MinIO: s3://models/group_4/batch_5_acc_0.8563_20260316_213007.pkl
Tamano: 12014.0 KB
Notebook completado exitosamente
[2026-03-16T21:30:07.862+0000] {logging_mixin.py:149} INFO - Todas las celdas ejecutadas exitosamente
[2026-03-16T21:30:08.087+0000] {logging_mixin.py:149} INFO - Kernel 10c6d666-0603-4d34-9474-3538f117bfa1 eliminado
[2026-03-16T21:30:08.087+0000] {python.py:183} INFO - Done. Returned value was: None
[2026-03-16T21:30:08.092+0000] {taskinstance.py:1373} INFO - Marking task as SUCCESS. dag_id=dag_mlops_full_pipeline, task_id=trigger_jupyter, execution_date=20260316T212400, start_date=20260316T213004, end_date=20260316T213008
[2026-03-16T21:30:08.127+0000] {local_task_job_runner.py:232} INFO - Task exited with return code 0
[2026-03-16T21:30:08.138+0000] {taskinstance.py:2674} INFO - 1 downstream tasks scheduled from follow-on schedule check
