[2026-03-16T16:30:22.803+0000] {taskinstance.py:1125} INFO - Dependencies all met for dep_context=non-requeueable deps ti=<TaskInstance: dag_mlops_full_pipeline.verify_and_stop scheduled__2026-03-16T16:25:00+00:00 [queued]>
[2026-03-16T16:30:22.807+0000] {taskinstance.py:1125} INFO - Dependencies all met for dep_context=requeueable deps ti=<TaskInstance: dag_mlops_full_pipeline.verify_and_stop scheduled__2026-03-16T16:25:00+00:00 [queued]>
[2026-03-16T16:30:22.807+0000] {taskinstance.py:1331} INFO - Starting attempt 1 of 1
[2026-03-16T16:30:22.811+0000] {taskinstance.py:1350} INFO - Executing <Task(PythonOperator): verify_and_stop> on 2026-03-16 16:25:00+00:00
[2026-03-16T16:30:22.814+0000] {standard_task_runner.py:57} INFO - Started process 15151 to run task
[2026-03-16T16:30:22.815+0000] {standard_task_runner.py:84} INFO - Running: ['***', 'tasks', 'run', 'dag_mlops_full_pipeline', 'verify_and_stop', 'scheduled__2026-03-16T16:25:00+00:00', '--job-id', '155', '--raw', '--subdir', 'DAGS_FOLDER/dag2.py', '--cfg-path', '/tmp/tmpaiaapn8b']
[2026-03-16T16:30:22.816+0000] {standard_task_runner.py:85} INFO - Job 155: Subtask verify_and_stop
[2026-03-16T16:30:22.834+0000] {task_command.py:410} INFO - Running <TaskInstance: dag_mlops_full_pipeline.verify_and_stop scheduled__2026-03-16T16:25:00+00:00 [running]> on host 87aa27980d8e
[2026-03-16T16:30:22.864+0000] {taskinstance.py:1570} INFO - Exporting env vars: AIRFLOW_CTX_DAG_OWNER='***' AIRFLOW_CTX_DAG_ID='dag_mlops_full_pipeline' AIRFLOW_CTX_TASK_ID='verify_and_stop' AIRFLOW_CTX_EXECUTION_DATE='2026-03-16T16:25:00+00:00' AIRFLOW_CTX_TRY_NUMBER='1' AIRFLOW_CTX_DAG_RUN_ID='scheduled__2026-03-16T16:25:00+00:00'
[2026-03-16T16:30:23.001+0000] {logging_mixin.py:149} INFO - Buscando modelos en MinIO: bucket=models, prefix=group_4/
[2026-03-16T16:30:23.005+0000] {logging_mixin.py:149} INFO - Modelo verificado en MinIO:
[2026-03-16T16:30:23.005+0000] {logging_mixin.py:149} INFO -   Ruta:   group_4/batch_3_acc_0.8597_20260316_163021.pkl
[2026-03-16T16:30:23.005+0000] {logging_mixin.py:149} INFO -   Tamano: 12682070 bytes
[2026-03-16T16:30:23.005+0000] {logging_mixin.py:149} INFO - Total de modelos en MinIO para group_4: 4
[2026-03-16T16:30:23.005+0000] {logging_mixin.py:149} INFO - Ejecucion 4/10 completada. El DAG seguira corriendo.
[2026-03-16T16:30:23.005+0000] {python.py:183} INFO - Done. Returned value was: None
[2026-03-16T16:30:23.009+0000] {taskinstance.py:1373} INFO - Marking task as SUCCESS. dag_id=dag_mlops_full_pipeline, task_id=verify_and_stop, execution_date=20260316T162500, start_date=20260316T163022, end_date=20260316T163023
[2026-03-16T16:30:23.039+0000] {local_task_job_runner.py:232} INFO - Task exited with return code 0
[2026-03-16T16:30:23.047+0000] {taskinstance.py:2674} INFO - 0 downstream tasks scheduled from follow-on schedule check
[2026-03-16T16:31:12.118+0000] {taskinstance.py:1125} INFO - Dependencies all met for dep_context=non-requeueable deps ti=<TaskInstance: dag_mlops_full_pipeline.verify_and_stop scheduled__2026-03-16T16:25:00+00:00 [queued]>
[2026-03-16T16:31:12.121+0000] {taskinstance.py:1125} INFO - Dependencies all met for dep_context=requeueable deps ti=<TaskInstance: dag_mlops_full_pipeline.verify_and_stop scheduled__2026-03-16T16:25:00+00:00 [queued]>
[2026-03-16T16:31:12.121+0000] {taskinstance.py:1331} INFO - Starting attempt 1 of 1
[2026-03-16T16:31:12.126+0000] {taskinstance.py:1350} INFO - Executing <Task(PythonOperator): verify_and_stop> on 2026-03-16 16:25:00+00:00
[2026-03-16T16:31:12.128+0000] {standard_task_runner.py:57} INFO - Started process 15275 to run task
[2026-03-16T16:31:12.130+0000] {standard_task_runner.py:84} INFO - Running: ['***', 'tasks', 'run', 'dag_mlops_full_pipeline', 'verify_and_stop', 'scheduled__2026-03-16T16:25:00+00:00', '--job-id', '160', '--raw', '--subdir', 'DAGS_FOLDER/dag2.py', '--cfg-path', '/tmp/tmp1_8jfn88']
[2026-03-16T16:31:12.131+0000] {standard_task_runner.py:85} INFO - Job 160: Subtask verify_and_stop
[2026-03-16T16:31:12.148+0000] {task_command.py:410} INFO - Running <TaskInstance: dag_mlops_full_pipeline.verify_and_stop scheduled__2026-03-16T16:25:00+00:00 [running]> on host 87aa27980d8e
[2026-03-16T16:31:12.174+0000] {taskinstance.py:1570} INFO - Exporting env vars: AIRFLOW_CTX_DAG_OWNER='***' AIRFLOW_CTX_DAG_ID='dag_mlops_full_pipeline' AIRFLOW_CTX_TASK_ID='verify_and_stop' AIRFLOW_CTX_EXECUTION_DATE='2026-03-16T16:25:00+00:00' AIRFLOW_CTX_TRY_NUMBER='1' AIRFLOW_CTX_DAG_RUN_ID='scheduled__2026-03-16T16:25:00+00:00'
[2026-03-16T16:31:12.303+0000] {logging_mixin.py:149} INFO - Buscando modelos en MinIO: bucket=models, prefix=group_4/
[2026-03-16T16:31:12.307+0000] {logging_mixin.py:149} INFO - Modelo verificado en MinIO:
[2026-03-16T16:31:12.307+0000] {logging_mixin.py:149} INFO -   Ruta:   group_4/batch_3_acc_0.8649_20260316_163111.pkl
[2026-03-16T16:31:12.307+0000] {logging_mixin.py:149} INFO -   Tamano: 12399029 bytes
[2026-03-16T16:31:12.307+0000] {logging_mixin.py:149} INFO - Total de modelos en MinIO para group_4: 5
[2026-03-16T16:31:12.307+0000] {logging_mixin.py:149} INFO - Ejecucion 5/10 completada. El DAG seguira corriendo.
[2026-03-16T16:31:12.307+0000] {python.py:183} INFO - Done. Returned value was: None
[2026-03-16T16:31:12.310+0000] {taskinstance.py:1373} INFO - Marking task as SUCCESS. dag_id=dag_mlops_full_pipeline, task_id=verify_and_stop, execution_date=20260316T162500, start_date=20260316T163112, end_date=20260316T163112
[2026-03-16T16:31:12.354+0000] {local_task_job_runner.py:232} INFO - Task exited with return code 0
[2026-03-16T16:31:12.362+0000] {taskinstance.py:2674} INFO - 0 downstream tasks scheduled from follow-on schedule check
[2026-03-16T16:32:55.114+0000] {taskinstance.py:1125} INFO - Dependencies all met for dep_context=non-requeueable deps ti=<TaskInstance: dag_mlops_full_pipeline.verify_and_stop scheduled__2026-03-16T16:25:00+00:00 [queued]>
[2026-03-16T16:32:55.117+0000] {taskinstance.py:1125} INFO - Dependencies all met for dep_context=requeueable deps ti=<TaskInstance: dag_mlops_full_pipeline.verify_and_stop scheduled__2026-03-16T16:25:00+00:00 [queued]>
[2026-03-16T16:32:55.117+0000] {taskinstance.py:1331} INFO - Starting attempt 1 of 1
[2026-03-16T16:32:55.122+0000] {taskinstance.py:1350} INFO - Executing <Task(PythonOperator): verify_and_stop> on 2026-03-16 16:25:00+00:00
[2026-03-16T16:32:55.124+0000] {standard_task_runner.py:57} INFO - Started process 15448 to run task
[2026-03-16T16:32:55.126+0000] {standard_task_runner.py:84} INFO - Running: ['***', 'tasks', 'run', 'dag_mlops_full_pipeline', 'verify_and_stop', 'scheduled__2026-03-16T16:25:00+00:00', '--job-id', '166', '--raw', '--subdir', 'DAGS_FOLDER/dag2.py', '--cfg-path', '/tmp/tmpq54wydhi']
[2026-03-16T16:32:55.126+0000] {standard_task_runner.py:85} INFO - Job 166: Subtask verify_and_stop
[2026-03-16T16:32:55.145+0000] {task_command.py:410} INFO - Running <TaskInstance: dag_mlops_full_pipeline.verify_and_stop scheduled__2026-03-16T16:25:00+00:00 [running]> on host 87aa27980d8e
[2026-03-16T16:32:55.172+0000] {taskinstance.py:1570} INFO - Exporting env vars: AIRFLOW_CTX_DAG_OWNER='***' AIRFLOW_CTX_DAG_ID='dag_mlops_full_pipeline' AIRFLOW_CTX_TASK_ID='verify_and_stop' AIRFLOW_CTX_EXECUTION_DATE='2026-03-16T16:25:00+00:00' AIRFLOW_CTX_TRY_NUMBER='1' AIRFLOW_CTX_DAG_RUN_ID='scheduled__2026-03-16T16:25:00+00:00'
[2026-03-16T16:32:55.309+0000] {logging_mixin.py:149} INFO - Buscando modelos en MinIO: bucket=models, prefix=group_4/
[2026-03-16T16:32:55.312+0000] {logging_mixin.py:149} INFO - Modelo verificado en MinIO:
[2026-03-16T16:32:55.312+0000] {logging_mixin.py:149} INFO -   Ruta:   group_4/batch_1_acc_0.8666_20260316_163253.pkl
[2026-03-16T16:32:55.312+0000] {logging_mixin.py:149} INFO -   Tamano: 12416069 bytes
[2026-03-16T16:32:55.312+0000] {logging_mixin.py:149} INFO - Total de modelos en MinIO para group_4: 1
[2026-03-16T16:32:55.312+0000] {logging_mixin.py:149} INFO - Ejecucion 1/10 completada. El DAG seguira corriendo.
[2026-03-16T16:32:55.313+0000] {python.py:183} INFO - Done. Returned value was: None
[2026-03-16T16:32:55.316+0000] {taskinstance.py:1373} INFO - Marking task as SUCCESS. dag_id=dag_mlops_full_pipeline, task_id=verify_and_stop, execution_date=20260316T162500, start_date=20260316T163255, end_date=20260316T163255
[2026-03-16T16:32:55.347+0000] {local_task_job_runner.py:232} INFO - Task exited with return code 0
[2026-03-16T16:32:55.354+0000] {taskinstance.py:2674} INFO - 0 downstream tasks scheduled from follow-on schedule check
