[2026-03-17T03:10:03.117+0000] {taskinstance.py:1125} INFO - Dependencies all met for dep_context=non-requeueable deps ti=<TaskInstance: dag_mlops_full_pipeline.preprocess_data scheduled__2026-03-17T03:05:00+00:00 [queued]>
[2026-03-17T03:10:03.120+0000] {taskinstance.py:1125} INFO - Dependencies all met for dep_context=requeueable deps ti=<TaskInstance: dag_mlops_full_pipeline.preprocess_data scheduled__2026-03-17T03:05:00+00:00 [queued]>
[2026-03-17T03:10:03.120+0000] {taskinstance.py:1331} INFO - Starting attempt 1 of 1
[2026-03-17T03:10:03.125+0000] {taskinstance.py:1350} INFO - Executing <Task(PythonOperator): preprocess_data> on 2026-03-17 03:05:00+00:00
[2026-03-17T03:10:03.127+0000] {standard_task_runner.py:57} INFO - Started process 61707 to run task
[2026-03-17T03:10:03.129+0000] {standard_task_runner.py:84} INFO - Running: ['***', 'tasks', 'run', 'dag_mlops_full_pipeline', 'preprocess_data', 'scheduled__2026-03-17T03:05:00+00:00', '--job-id', '708', '--raw', '--subdir', 'DAGS_FOLDER/dag2.py', '--cfg-path', '/tmp/tmplbjqvil4']
[2026-03-17T03:10:03.130+0000] {standard_task_runner.py:85} INFO - Job 708: Subtask preprocess_data
[2026-03-17T03:10:03.147+0000] {task_command.py:410} INFO - Running <TaskInstance: dag_mlops_full_pipeline.preprocess_data scheduled__2026-03-17T03:05:00+00:00 [running]> on host 87aa27980d8e
[2026-03-17T03:10:03.175+0000] {taskinstance.py:1570} INFO - Exporting env vars: AIRFLOW_CTX_DAG_OWNER='***' AIRFLOW_CTX_DAG_ID='dag_mlops_full_pipeline' AIRFLOW_CTX_TASK_ID='preprocess_data' AIRFLOW_CTX_EXECUTION_DATE='2026-03-17T03:05:00+00:00' AIRFLOW_CTX_TRY_NUMBER='1' AIRFLOW_CTX_DAG_RUN_ID='scheduled__2026-03-17T03:05:00+00:00'
[2026-03-17T03:10:03.183+0000] {base.py:73} INFO - Using connection ID 'postgres_default' for task execution.
[2026-03-17T03:10:03.198+0000] {logging_mixin.py:149} INFO - Filas recibidas: 5810
[2026-03-17T03:10:03.199+0000] {logging_mixin.py:149} INFO - Filas eliminadas por cover_type invalido (fuera de [1,7]): 1215
[2026-03-17T03:10:03.199+0000] {logging_mixin.py:149} INFO - Filas validas para procesar: 4595
[2026-03-17T03:10:04.021+0000] {logging_mixin.py:149} INFO - Preprocesamiento completado: 4595 filas en ambas tablas
[2026-03-17T03:10:04.022+0000] {python.py:183} INFO - Done. Returned value was: None
[2026-03-17T03:10:04.025+0000] {taskinstance.py:1373} INFO - Marking task as SUCCESS. dag_id=dag_mlops_full_pipeline, task_id=preprocess_data, execution_date=20260317T030500, start_date=20260317T031003, end_date=20260317T031004
[2026-03-17T03:10:04.058+0000] {local_task_job_runner.py:232} INFO - Task exited with return code 0
[2026-03-17T03:10:04.070+0000] {taskinstance.py:2674} INFO - 1 downstream tasks scheduled from follow-on schedule check
[2026-03-17T03:12:56.792+0000] {taskinstance.py:1125} INFO - Dependencies all met for dep_context=non-requeueable deps ti=<TaskInstance: dag_mlops_full_pipeline.preprocess_data scheduled__2026-03-17T03:05:00+00:00 [queued]>
[2026-03-17T03:12:56.795+0000] {taskinstance.py:1125} INFO - Dependencies all met for dep_context=requeueable deps ti=<TaskInstance: dag_mlops_full_pipeline.preprocess_data scheduled__2026-03-17T03:05:00+00:00 [queued]>
[2026-03-17T03:12:56.795+0000] {taskinstance.py:1331} INFO - Starting attempt 1 of 1
[2026-03-17T03:12:56.800+0000] {taskinstance.py:1350} INFO - Executing <Task(PythonOperator): preprocess_data> on 2026-03-17 03:05:00+00:00
[2026-03-17T03:12:56.802+0000] {standard_task_runner.py:57} INFO - Started process 61963 to run task
[2026-03-17T03:12:56.804+0000] {standard_task_runner.py:84} INFO - Running: ['***', 'tasks', 'run', 'dag_mlops_full_pipeline', 'preprocess_data', 'scheduled__2026-03-17T03:05:00+00:00', '--job-id', '715', '--raw', '--subdir', 'DAGS_FOLDER/dag2.py', '--cfg-path', '/tmp/tmpmq8jiled']
[2026-03-17T03:12:56.805+0000] {standard_task_runner.py:85} INFO - Job 715: Subtask preprocess_data
[2026-03-17T03:12:56.823+0000] {task_command.py:410} INFO - Running <TaskInstance: dag_mlops_full_pipeline.preprocess_data scheduled__2026-03-17T03:05:00+00:00 [running]> on host 87aa27980d8e
[2026-03-17T03:12:56.851+0000] {taskinstance.py:1570} INFO - Exporting env vars: AIRFLOW_CTX_DAG_OWNER='***' AIRFLOW_CTX_DAG_ID='dag_mlops_full_pipeline' AIRFLOW_CTX_TASK_ID='preprocess_data' AIRFLOW_CTX_EXECUTION_DATE='2026-03-17T03:05:00+00:00' AIRFLOW_CTX_TRY_NUMBER='1' AIRFLOW_CTX_DAG_RUN_ID='scheduled__2026-03-17T03:05:00+00:00'
[2026-03-17T03:12:56.859+0000] {base.py:73} INFO - Using connection ID 'postgres_default' for task execution.
[2026-03-17T03:12:56.873+0000] {logging_mixin.py:149} INFO - Filas recibidas: 5810
[2026-03-17T03:12:56.874+0000] {logging_mixin.py:149} INFO - Filas eliminadas por cover_type invalido (fuera de [1,7]): 1223
[2026-03-17T03:12:56.874+0000] {logging_mixin.py:149} INFO - Filas validas para procesar: 4587
[2026-03-17T03:12:57.708+0000] {logging_mixin.py:149} INFO - Preprocesamiento completado: 4587 filas en ambas tablas
[2026-03-17T03:12:57.709+0000] {python.py:183} INFO - Done. Returned value was: None
[2026-03-17T03:12:57.713+0000] {taskinstance.py:1373} INFO - Marking task as SUCCESS. dag_id=dag_mlops_full_pipeline, task_id=preprocess_data, execution_date=20260317T030500, start_date=20260317T031256, end_date=20260317T031257
[2026-03-17T03:12:57.732+0000] {local_task_job_runner.py:232} INFO - Task exited with return code 0
[2026-03-17T03:12:57.744+0000] {taskinstance.py:2674} INFO - 1 downstream tasks scheduled from follow-on schedule check
