[2026-03-16T19:10:01.630+0000] {taskinstance.py:1125} INFO - Dependencies all met for dep_context=non-requeueable deps ti=<TaskInstance: dag_mlops_full_pipeline.get_api_data scheduled__2026-03-16T19:05:00+00:00 [queued]>
[2026-03-16T19:10:01.633+0000] {taskinstance.py:1125} INFO - Dependencies all met for dep_context=requeueable deps ti=<TaskInstance: dag_mlops_full_pipeline.get_api_data scheduled__2026-03-16T19:05:00+00:00 [queued]>
[2026-03-16T19:10:01.633+0000] {taskinstance.py:1331} INFO - Starting attempt 1 of 1
[2026-03-16T19:10:01.638+0000] {taskinstance.py:1350} INFO - Executing <Task(PythonOperator): get_api_data> on 2026-03-16 19:05:00+00:00
[2026-03-16T19:10:01.640+0000] {standard_task_runner.py:57} INFO - Started process 27225 to run task
[2026-03-16T19:10:01.641+0000] {standard_task_runner.py:84} INFO - Running: ['***', 'tasks', 'run', 'dag_mlops_full_pipeline', 'get_api_data', 'scheduled__2026-03-16T19:05:00+00:00', '--job-id', '336', '--raw', '--subdir', 'DAGS_FOLDER/dag2.py', '--cfg-path', '/tmp/tmp24rqx4hm']
[2026-03-16T19:10:01.642+0000] {standard_task_runner.py:85} INFO - Job 336: Subtask get_api_data
[2026-03-16T19:10:01.660+0000] {task_command.py:410} INFO - Running <TaskInstance: dag_mlops_full_pipeline.get_api_data scheduled__2026-03-16T19:05:00+00:00 [running]> on host 87aa27980d8e
[2026-03-16T19:10:01.689+0000] {taskinstance.py:1570} INFO - Exporting env vars: AIRFLOW_CTX_DAG_OWNER='***' AIRFLOW_CTX_DAG_ID='dag_mlops_full_pipeline' AIRFLOW_CTX_TASK_ID='get_api_data' AIRFLOW_CTX_EXECUTION_DATE='2026-03-16T19:05:00+00:00' AIRFLOW_CTX_TRY_NUMBER='1' AIRFLOW_CTX_DAG_RUN_ID='scheduled__2026-03-16T19:05:00+00:00'
[2026-03-16T19:10:01.691+0000] {base.py:73} INFO - Using connection ID 'postgres_default' for task execution.
[2026-03-16T19:10:01.692+0000] {logging_mixin.py:149} INFO - Llamando API: http://host.docker.internal:8080/data | group_number=4
[2026-03-16T19:10:01.712+0000] {logging_mixin.py:149} INFO - Recibido: group=4, batch=5, filas=5810
[2026-03-16T19:10:02.033+0000] {logging_mixin.py:149} INFO - Insercion completada
[2026-03-16T19:10:02.036+0000] {logging_mixin.py:149} INFO - Total filas en training_data: 52290
[2026-03-16T19:10:02.044+0000] {python.py:183} INFO - Done. Returned value was: None
[2026-03-16T19:10:02.047+0000] {taskinstance.py:1373} INFO - Marking task as SUCCESS. dag_id=dag_mlops_full_pipeline, task_id=get_api_data, execution_date=20260316T190500, start_date=20260316T191001, end_date=20260316T191002
[2026-03-16T19:10:02.068+0000] {local_task_job_runner.py:232} INFO - Task exited with return code 0
[2026-03-16T19:10:02.080+0000] {taskinstance.py:2674} INFO - 1 downstream tasks scheduled from follow-on schedule check
[2026-03-16T19:14:12.774+0000] {taskinstance.py:1125} INFO - Dependencies all met for dep_context=non-requeueable deps ti=<TaskInstance: dag_mlops_full_pipeline.get_api_data scheduled__2026-03-16T19:05:00+00:00 [queued]>
[2026-03-16T19:14:12.777+0000] {taskinstance.py:1125} INFO - Dependencies all met for dep_context=requeueable deps ti=<TaskInstance: dag_mlops_full_pipeline.get_api_data scheduled__2026-03-16T19:05:00+00:00 [queued]>
[2026-03-16T19:14:12.777+0000] {taskinstance.py:1331} INFO - Starting attempt 1 of 1
[2026-03-16T19:14:12.781+0000] {taskinstance.py:1350} INFO - Executing <Task(PythonOperator): get_api_data> on 2026-03-16 19:05:00+00:00
[2026-03-16T19:14:12.784+0000] {standard_task_runner.py:57} INFO - Started process 27550 to run task
[2026-03-16T19:14:12.785+0000] {standard_task_runner.py:84} INFO - Running: ['***', 'tasks', 'run', 'dag_mlops_full_pipeline', 'get_api_data', 'scheduled__2026-03-16T19:05:00+00:00', '--job-id', '343', '--raw', '--subdir', 'DAGS_FOLDER/dag2.py', '--cfg-path', '/tmp/tmp09td9yco']
[2026-03-16T19:14:12.786+0000] {standard_task_runner.py:85} INFO - Job 343: Subtask get_api_data
[2026-03-16T19:14:12.804+0000] {task_command.py:410} INFO - Running <TaskInstance: dag_mlops_full_pipeline.get_api_data scheduled__2026-03-16T19:05:00+00:00 [running]> on host 87aa27980d8e
[2026-03-16T19:14:12.830+0000] {taskinstance.py:1570} INFO - Exporting env vars: AIRFLOW_CTX_DAG_OWNER='***' AIRFLOW_CTX_DAG_ID='dag_mlops_full_pipeline' AIRFLOW_CTX_TASK_ID='get_api_data' AIRFLOW_CTX_EXECUTION_DATE='2026-03-16T19:05:00+00:00' AIRFLOW_CTX_TRY_NUMBER='1' AIRFLOW_CTX_DAG_RUN_ID='scheduled__2026-03-16T19:05:00+00:00'
[2026-03-16T19:14:12.833+0000] {base.py:73} INFO - Using connection ID 'postgres_default' for task execution.
[2026-03-16T19:14:12.834+0000] {logging_mixin.py:149} INFO - Llamando API: http://host.docker.internal:8080/data | group_number=4
[2026-03-16T19:14:12.855+0000] {logging_mixin.py:149} INFO - Recibido: group=4, batch=1, filas=5810
[2026-03-16T19:14:13.247+0000] {logging_mixin.py:149} INFO - Insercion completada
[2026-03-16T19:14:13.247+0000] {logging_mixin.py:149} INFO - Total filas en training_data: 5810
[2026-03-16T19:14:13.256+0000] {python.py:183} INFO - Done. Returned value was: None
[2026-03-16T19:14:13.259+0000] {taskinstance.py:1373} INFO - Marking task as SUCCESS. dag_id=dag_mlops_full_pipeline, task_id=get_api_data, execution_date=20260316T190500, start_date=20260316T191412, end_date=20260316T191413
[2026-03-16T19:14:13.295+0000] {local_task_job_runner.py:232} INFO - Task exited with return code 0
[2026-03-16T19:14:13.307+0000] {taskinstance.py:2674} INFO - 1 downstream tasks scheduled from follow-on schedule check
