[2026-03-16T19:30:05.741+0000] {taskinstance.py:1125} INFO - Dependencies all met for dep_context=non-requeueable deps ti=<TaskInstance: dag_mlops_full_pipeline.trigger_jupyter scheduled__2026-03-16T19:25:00+00:00 [queued]>
[2026-03-16T19:30:05.744+0000] {taskinstance.py:1125} INFO - Dependencies all met for dep_context=requeueable deps ti=<TaskInstance: dag_mlops_full_pipeline.trigger_jupyter scheduled__2026-03-16T19:25:00+00:00 [queued]>
[2026-03-16T19:30:05.744+0000] {taskinstance.py:1331} INFO - Starting attempt 1 of 1
[2026-03-16T19:30:05.749+0000] {taskinstance.py:1350} INFO - Executing <Task(PythonOperator): trigger_jupyter> on 2026-03-16 19:25:00+00:00
[2026-03-16T19:30:05.751+0000] {standard_task_runner.py:57} INFO - Started process 28818 to run task
[2026-03-16T19:30:05.753+0000] {standard_task_runner.py:84} INFO - Running: ['***', 'tasks', 'run', 'dag_mlops_full_pipeline', 'trigger_jupyter', 'scheduled__2026-03-16T19:25:00+00:00', '--job-id', '367', '--raw', '--subdir', 'DAGS_FOLDER/dag2.py', '--cfg-path', '/tmp/tmp4gkq7k1_']
[2026-03-16T19:30:05.753+0000] {standard_task_runner.py:85} INFO - Job 367: Subtask trigger_jupyter
[2026-03-16T19:30:05.770+0000] {task_command.py:410} INFO - Running <TaskInstance: dag_mlops_full_pipeline.trigger_jupyter scheduled__2026-03-16T19:25:00+00:00 [running]> on host 87aa27980d8e
[2026-03-16T19:30:05.800+0000] {taskinstance.py:1570} INFO - Exporting env vars: AIRFLOW_CTX_DAG_OWNER='***' AIRFLOW_CTX_DAG_ID='dag_mlops_full_pipeline' AIRFLOW_CTX_TASK_ID='trigger_jupyter' AIRFLOW_CTX_EXECUTION_DATE='2026-03-16T19:25:00+00:00' AIRFLOW_CTX_TRY_NUMBER='1' AIRFLOW_CTX_DAG_RUN_ID='scheduled__2026-03-16T19:25:00+00:00'
[2026-03-16T19:30:05.805+0000] {logging_mixin.py:149} INFO - Creando kernel en Jupyter...
[2026-03-16T19:30:05.821+0000] {logging_mixin.py:149} INFO - Kernel creado: 7d65082c-e20a-4697-a3d4-d8fe75278ae7
[2026-03-16T19:30:05.823+0000] {logging_mixin.py:149} INFO - Conectando WebSocket...
[2026-03-16T19:30:05.980+0000] {logging_mixin.py:149} INFO - WebSocket conectado
[2026-03-16T19:30:05.981+0000] {logging_mixin.py:149} INFO - Esperando que el kernel este listo...
[2026-03-16T19:30:05.989+0000] {logging_mixin.py:149} INFO -   Estado kernel: busy
[2026-03-16T19:30:06.993+0000] {logging_mixin.py:149} INFO -   Estado kernel: busy
[2026-03-16T19:30:07.999+0000] {logging_mixin.py:149} INFO -   Estado kernel: idle
[2026-03-16T19:30:08.000+0000] {logging_mixin.py:149} INFO - Kernel listo
[2026-03-16T19:30:08.000+0000] {logging_mixin.py:149} INFO - Leyendo notebook train_model.ipynb...
[2026-03-16T19:30:08.012+0000] {logging_mixin.py:149} INFO - Inyectando parametros...
[2026-03-16T19:30:08.019+0000] {logging_mixin.py:149} INFO -   [celda 0] Parametros inyectados: batch=1, group=4
[2026-03-16T19:30:08.021+0000] {logging_mixin.py:149} INFO - Ejecutando 6 celdas del notebook...
[2026-03-16T19:30:08.021+0000] {logging_mixin.py:149} INFO -   Ejecutando celda 1/6...
[2026-03-16T19:30:08.496+0000] {logging_mixin.py:149} INFO -   [celda 1] Librerias cargadas correctamente
[2026-03-16T19:30:08.498+0000] {logging_mixin.py:149} INFO -   Ejecutando celda 2/6...
[2026-03-16T19:30:08.502+0000] {logging_mixin.py:149} INFO -   [celda 2] Parametros: batch=1, group=4
[2026-03-16T19:30:08.502+0000] {logging_mixin.py:149} INFO -   Ejecutando celda 3/6...
[2026-03-16T19:30:08.572+0000] {logging_mixin.py:149} INFO -   [celda 3] Conectando a PostgreSQL en postgres:5432...
Datos cargados: 17430 filas
   elevation    aspect     slope  horizontal_distance_to_hydrology  \
0   0.165509  0.744444  0.461538                          0.284501   
1   0.678459  0.844444  0.288462                          0.271762   
2   0.880606  0.541667  0.211538                          0.419321   
3   0.182565  0.033333  0.730769                          0.342887   
4   0.576121  0.908333  0.442308                          0.402335   

   vertical_distance_to_hydrology  horizontal_distance_to_roadways  \
0                        0.408602                         0.098749   
1                        0.370968                         0.432083   
2                        0.444444                         0.709458   
3                        0.634409                         0.072855   
4                        0.335125                         0.207593   

   hillshade_9am  hillshade_noon  hillshade_3pm  \
0       0.598425        0.917722       0.899598   
1       0.692913        0.854430       0.783133   
2       0.858268        0.968354       0.658635   
3       0.610236        0.265823       0.389558   
4       0.625984        0.708861       0.742972   

   horizontal_distance_to_fire_points  wilderness_area_encoded  \
0                            0.241792                        0   
1                            0.356238                        1   
2                            0.695356                        2   
3                            0.044090                        0   
4                            0.262664                        1   

   soil_type_encoded  cover_type  
0                  0           5  
1                 21           1  
2                 16           0  
3                  6           2  
4                 21           1
[2026-03-16T19:30:08.573+0000] {logging_mixin.py:149} INFO -   [celda 3] /tmp/ipykernel_2968/3056758113.py:26: UserWarning: pandas only supports SQLAlchemy connectable (engine/connection) or database string URI or sqlite3 DBAPI2 connection. Other DBAPI2 objects are not tested. Please consider using SQLAlchemy.
  df = pd.read_sql(query, conn, params=(BATCH_NUMBER, GROUP_NUMBER))
[2026-03-16T19:30:08.573+0000] {logging_mixin.py:149} INFO -   Ejecutando celda 4/6...
[2026-03-16T19:30:08.581+0000] {logging_mixin.py:149} INFO -   [celda 4] Train: 13944 filas | Test: 3486 filas
[2026-03-16T19:30:08.581+0000] {logging_mixin.py:149} INFO -   Ejecutando celda 5/6...
[2026-03-16T19:30:08.704+0000] {logging_mixin.py:149} INFO -   [celda 5] Entrenando Random Forest...
[2026-03-16T19:30:08.820+0000] {logging_mixin.py:149} INFO -   [celda 5] Entrenamiento completado
Accuracy en test: 0.9332 (93.32%)
[2026-03-16T19:30:08.821+0000] {logging_mixin.py:149} INFO -   Ejecutando celda 6/6...
[2026-03-16T19:30:08.906+0000] {logging_mixin.py:149} INFO -   [celda 6] Conectando a MinIO en http://minio:9000...
Modelo guardado en MinIO: s3://models/group_4/batch_1_acc_0.9332_20260316_193008.pkl
Tamano: 21822.5 KB
Notebook completado exitosamente
[2026-03-16T19:30:08.906+0000] {logging_mixin.py:149} INFO - Todas las celdas ejecutadas exitosamente
[2026-03-16T19:30:09.128+0000] {logging_mixin.py:149} INFO - Kernel 7d65082c-e20a-4697-a3d4-d8fe75278ae7 eliminado
[2026-03-16T19:30:09.129+0000] {python.py:183} INFO - Done. Returned value was: None
[2026-03-16T19:30:09.133+0000] {taskinstance.py:1373} INFO - Marking task as SUCCESS. dag_id=dag_mlops_full_pipeline, task_id=trigger_jupyter, execution_date=20260316T192500, start_date=20260316T193005, end_date=20260316T193009
[2026-03-16T19:30:09.148+0000] {local_task_job_runner.py:232} INFO - Task exited with return code 0
[2026-03-16T19:30:09.158+0000] {taskinstance.py:2674} INFO - 1 downstream tasks scheduled from follow-on schedule check
