[2026-03-16T16:40:05.951+0000] {taskinstance.py:1125} INFO - Dependencies all met for dep_context=non-requeueable deps ti=<TaskInstance: dag_mlops_full_pipeline.trigger_jupyter scheduled__2026-03-16T16:35:00+00:00 [queued]>
[2026-03-16T16:40:05.955+0000] {taskinstance.py:1125} INFO - Dependencies all met for dep_context=requeueable deps ti=<TaskInstance: dag_mlops_full_pipeline.trigger_jupyter scheduled__2026-03-16T16:35:00+00:00 [queued]>
[2026-03-16T16:40:05.955+0000] {taskinstance.py:1331} INFO - Starting attempt 1 of 1
[2026-03-16T16:40:05.960+0000] {taskinstance.py:1350} INFO - Executing <Task(PythonOperator): trigger_jupyter> on 2026-03-16 16:35:00+00:00
[2026-03-16T16:40:05.963+0000] {standard_task_runner.py:57} INFO - Started process 16109 to run task
[2026-03-16T16:40:05.965+0000] {standard_task_runner.py:84} INFO - Running: ['***', 'tasks', 'run', 'dag_mlops_full_pipeline', 'trigger_jupyter', 'scheduled__2026-03-16T16:35:00+00:00', '--job-id', '183', '--raw', '--subdir', 'DAGS_FOLDER/dag2.py', '--cfg-path', '/tmp/tmpa_33iaex']
[2026-03-16T16:40:05.966+0000] {standard_task_runner.py:85} INFO - Job 183: Subtask trigger_jupyter
[2026-03-16T16:40:05.989+0000] {task_command.py:410} INFO - Running <TaskInstance: dag_mlops_full_pipeline.trigger_jupyter scheduled__2026-03-16T16:35:00+00:00 [running]> on host 87aa27980d8e
[2026-03-16T16:40:06.026+0000] {taskinstance.py:1570} INFO - Exporting env vars: AIRFLOW_CTX_DAG_OWNER='***' AIRFLOW_CTX_DAG_ID='dag_mlops_full_pipeline' AIRFLOW_CTX_TASK_ID='trigger_jupyter' AIRFLOW_CTX_EXECUTION_DATE='2026-03-16T16:35:00+00:00' AIRFLOW_CTX_TRY_NUMBER='1' AIRFLOW_CTX_DAG_RUN_ID='scheduled__2026-03-16T16:35:00+00:00'
[2026-03-16T16:40:06.034+0000] {logging_mixin.py:149} INFO - Creando kernel en Jupyter...
[2026-03-16T16:40:06.057+0000] {logging_mixin.py:149} INFO - Kernel creado: 47d52922-df2a-452b-8916-98b3235895ff
[2026-03-16T16:40:06.057+0000] {logging_mixin.py:149} INFO - Conectando WebSocket...
[2026-03-16T16:40:06.248+0000] {logging_mixin.py:149} INFO - WebSocket conectado
[2026-03-16T16:40:06.248+0000] {logging_mixin.py:149} INFO - Esperando que el kernel este listo...
[2026-03-16T16:40:06.266+0000] {logging_mixin.py:149} INFO -   Estado kernel: busy
[2026-03-16T16:40:07.268+0000] {logging_mixin.py:149} INFO -   Estado kernel: idle
[2026-03-16T16:40:07.269+0000] {logging_mixin.py:149} INFO - Kernel listo
[2026-03-16T16:40:07.269+0000] {logging_mixin.py:149} INFO - Leyendo notebook train_model.ipynb...
[2026-03-16T16:40:07.280+0000] {logging_mixin.py:149} INFO - Inyectando parametros...
[2026-03-16T16:40:07.290+0000] {logging_mixin.py:149} INFO -   [celda 0] Parametros inyectados: batch=1, group=4
[2026-03-16T16:40:07.291+0000] {logging_mixin.py:149} INFO - Ejecutando 6 celdas del notebook...
[2026-03-16T16:40:07.291+0000] {logging_mixin.py:149} INFO -   Ejecutando celda 1/6...
[2026-03-16T16:40:07.877+0000] {logging_mixin.py:149} INFO -   [celda 1] Librerias cargadas correctamente
[2026-03-16T16:40:07.879+0000] {logging_mixin.py:149} INFO -   Ejecutando celda 2/6...
[2026-03-16T16:40:07.885+0000] {logging_mixin.py:149} INFO -   [celda 2] Parametros: batch=1, group=4
[2026-03-16T16:40:07.886+0000] {logging_mixin.py:149} INFO -   Ejecutando celda 3/6...
[2026-03-16T16:40:07.909+0000] {logging_mixin.py:149} INFO -   [celda 3] Conectando a PostgreSQL en postgres:5432...
Datos cargados: 5810 filas
   elevation    aspect     slope  horizontal_distance_to_hydrology  \
0   0.268465  0.122222  0.673077                          0.284501   
1   0.123956  0.825000  0.673077                          0.071125   
2   0.120745  0.094444  0.423077                          0.031847   
3   0.696853  0.700000  0.250000                          0.071125   
4   0.719974  0.338889  0.480769                          0.541401   

   vertical_distance_to_hydrology  horizontal_distance_to_roadways  \
0                        0.558140                         0.211859   
1                        0.366726                         0.028998   
2                        0.288014                         0.217053   
3                        0.298748                         0.035057   
4                        0.572451                         0.223761   

   hillshade_9am  hillshade_noon  hillshade_3pm  \
0       0.803150        0.205674       0.189516   
1       0.401575        0.638298       0.927419   
2       0.826772        0.510638       0.403226   
3       0.748031        0.957447       0.790323   
4       0.996063        0.695035       0.282258   

   horizontal_distance_to_fire_points  wilderness_area_encoded  \
0                            0.340390                        0   
1                            0.139732                        0   
2                            0.085862                        0   
3                            0.275229                        1   
4                            0.143731                        2   

   soil_type_encoded  cover_type  
0                  6           2  
1                  6           2  
2                 11           2  
3                 21           1  
4                 19           1
[2026-03-16T16:40:07.910+0000] {logging_mixin.py:149} INFO -   [celda 3] /tmp/ipykernel_824/3056758113.py:26: UserWarning: pandas only supports SQLAlchemy connectable (engine/connection) or database string URI or sqlite3 DBAPI2 connection. Other DBAPI2 objects are not tested. Please consider using SQLAlchemy.
  df = pd.read_sql(query, conn, params=(BATCH_NUMBER, GROUP_NUMBER))
[2026-03-16T16:40:07.910+0000] {logging_mixin.py:149} INFO -   Ejecutando celda 4/6...
[2026-03-16T16:40:07.917+0000] {logging_mixin.py:149} INFO -   [celda 4] Train: 4648 filas | Test: 1162 filas
[2026-03-16T16:40:07.918+0000] {logging_mixin.py:149} INFO -   Ejecutando celda 5/6...
[2026-03-16T16:40:08.079+0000] {logging_mixin.py:149} INFO -   [celda 5] Entrenando Random Forest...
[2026-03-16T16:40:08.094+0000] {logging_mixin.py:149} INFO -   [celda 5] Entrenamiento completado
Accuracy en test: 0.8701 (87.01%)
[2026-03-16T16:40:08.095+0000] {logging_mixin.py:149} INFO -   Ejecutando celda 6/6...
[2026-03-16T16:40:08.141+0000] {logging_mixin.py:149} INFO -   [celda 6] Conectando a MinIO en http://minio:9000...
[2026-03-16T16:40:08.210+0000] {logging_mixin.py:149} INFO -   [celda 6] Modelo guardado en MinIO: s3://models/group_4/batch_1_acc_0.8701_20260316_164008.pkl
Tamano: 12237.8 KB
Notebook completado exitosamente
[2026-03-16T16:40:08.212+0000] {logging_mixin.py:149} INFO - Todas las celdas ejecutadas exitosamente
[2026-03-16T16:40:08.429+0000] {logging_mixin.py:149} INFO - Kernel 47d52922-df2a-452b-8916-98b3235895ff eliminado
[2026-03-16T16:40:08.429+0000] {python.py:183} INFO - Done. Returned value was: None
[2026-03-16T16:40:08.434+0000] {taskinstance.py:1373} INFO - Marking task as SUCCESS. dag_id=dag_mlops_full_pipeline, task_id=trigger_jupyter, execution_date=20260316T163500, start_date=20260316T164005, end_date=20260316T164008
[2026-03-16T16:40:08.464+0000] {local_task_job_runner.py:232} INFO - Task exited with return code 0
[2026-03-16T16:40:08.475+0000] {taskinstance.py:2674} INFO - 1 downstream tasks scheduled from follow-on schedule check
