[2026-03-17T01:00:05.085+0000] {taskinstance.py:1125} INFO - Dependencies all met for dep_context=non-requeueable deps ti=<TaskInstance: dag_mlops_full_pipeline.trigger_jupyter scheduled__2026-03-17T00:54:00+00:00 [queued]>
[2026-03-17T01:00:05.088+0000] {taskinstance.py:1125} INFO - Dependencies all met for dep_context=requeueable deps ti=<TaskInstance: dag_mlops_full_pipeline.trigger_jupyter scheduled__2026-03-17T00:54:00+00:00 [queued]>
[2026-03-17T01:00:05.088+0000] {taskinstance.py:1331} INFO - Starting attempt 1 of 1
[2026-03-17T01:00:05.093+0000] {taskinstance.py:1350} INFO - Executing <Task(PythonOperator): trigger_jupyter> on 2026-03-17 00:54:00+00:00
[2026-03-17T01:00:05.096+0000] {standard_task_runner.py:57} INFO - Started process 51931 to run task
[2026-03-17T01:00:05.098+0000] {standard_task_runner.py:84} INFO - Running: ['***', 'tasks', 'run', 'dag_mlops_full_pipeline', 'trigger_jupyter', 'scheduled__2026-03-17T00:54:00+00:00', '--job-id', '559', '--raw', '--subdir', 'DAGS_FOLDER/dag2.py', '--cfg-path', '/tmp/tmpvvq_2e00']
[2026-03-17T01:00:05.099+0000] {standard_task_runner.py:85} INFO - Job 559: Subtask trigger_jupyter
[2026-03-17T01:00:05.119+0000] {task_command.py:410} INFO - Running <TaskInstance: dag_mlops_full_pipeline.trigger_jupyter scheduled__2026-03-17T00:54:00+00:00 [running]> on host 87aa27980d8e
[2026-03-17T01:00:05.149+0000] {taskinstance.py:1570} INFO - Exporting env vars: AIRFLOW_CTX_DAG_OWNER='***' AIRFLOW_CTX_DAG_ID='dag_mlops_full_pipeline' AIRFLOW_CTX_TASK_ID='trigger_jupyter' AIRFLOW_CTX_EXECUTION_DATE='2026-03-17T00:54:00+00:00' AIRFLOW_CTX_TRY_NUMBER='1' AIRFLOW_CTX_DAG_RUN_ID='scheduled__2026-03-17T00:54:00+00:00'
[2026-03-17T01:00:05.155+0000] {logging_mixin.py:149} INFO - Creando kernel en Jupyter...
[2026-03-17T01:00:05.186+0000] {logging_mixin.py:149} INFO - Kernel creado: ce587214-007c-4788-8d33-87c06ae2b435
[2026-03-17T01:00:05.186+0000] {logging_mixin.py:149} INFO - Conectando WebSocket...
[2026-03-17T01:00:05.493+0000] {logging_mixin.py:149} INFO - WebSocket conectado
[2026-03-17T01:00:05.494+0000] {logging_mixin.py:149} INFO - Esperando que el kernel este listo...
[2026-03-17T01:00:05.508+0000] {logging_mixin.py:149} INFO -   Estado kernel: busy
[2026-03-17T01:00:06.510+0000] {logging_mixin.py:149} INFO -   Estado kernel: idle
[2026-03-17T01:00:06.511+0000] {logging_mixin.py:149} INFO - Kernel listo
[2026-03-17T01:00:06.511+0000] {logging_mixin.py:149} INFO - Leyendo notebook train_model.ipynb...
[2026-03-17T01:00:06.527+0000] {logging_mixin.py:149} INFO - Inyectando parametros...
[2026-03-17T01:00:06.533+0000] {logging_mixin.py:149} INFO -   [celda 0] Parametros inyectados: batch=5, group=4
[2026-03-17T01:00:06.534+0000] {logging_mixin.py:149} INFO - Ejecutando 6 celdas del notebook...
[2026-03-17T01:00:06.534+0000] {logging_mixin.py:149} INFO -   Ejecutando celda 1/6...
[2026-03-17T01:00:07.047+0000] {logging_mixin.py:149} INFO -   [celda 1] Librerias cargadas correctamente
[2026-03-17T01:00:07.049+0000] {logging_mixin.py:149} INFO -   Ejecutando celda 2/6...
[2026-03-17T01:00:07.054+0000] {logging_mixin.py:149} INFO -   [celda 2] Parametros: batch=5, group=4
[2026-03-17T01:00:07.054+0000] {logging_mixin.py:149} INFO -   Ejecutando celda 3/6...
[2026-03-17T01:00:07.082+0000] {logging_mixin.py:149} INFO -   [celda 3] Conectando a PostgreSQL en postgres:5432...
Datos cargados: 5810 filas
   elevation    aspect     slope  horizontal_distance_to_hydrology  \
0   0.500000  0.949861  0.291667                          0.031847   
1   0.719343  0.136490  0.500000                          0.162420   
2   0.327434  0.963788  0.312500                          0.522293   
3   0.690898  0.927577  0.458333                          0.090234   
4   0.295196  0.133705  0.395833                          0.248408   

   vertical_distance_to_hydrology  horizontal_distance_to_roadways  \
0                        0.310150                         0.075370   
1                        0.407895                         0.073438   
2                        0.710526                         0.329182   
3                        0.343985                         0.283015   
4                        0.364662                         0.186816   

   hillshade_9am  hillshade_noon  hillshade_3pm  \
0          0.685        0.756944          0.668   
1          0.840        0.500000          0.328   
2          0.685        0.736111          0.652   
3          0.555        0.666667          0.712   
4          0.850        0.597222          0.400   

   horizontal_distance_to_fire_points  wilderness_area_encoded  \
0                            0.143258                        2   
1                            0.353699                        1   
2                            0.150047                        0   
3                            0.539560                        1   
4                            0.159410                        0   

   soil_type_encoded  cover_type  
0                 15           1  
1                 22           1  
2                  5           2  
3                 22           1  
4                  6           2
[2026-03-17T01:00:07.083+0000] {logging_mixin.py:149} INFO -   [celda 3] /tmp/ipykernel_5223/3056758113.py:26: UserWarning: pandas only supports SQLAlchemy connectable (engine/connection) or database string URI or sqlite3 DBAPI2 connection. Other DBAPI2 objects are not tested. Please consider using SQLAlchemy.
  df = pd.read_sql(query, conn, params=(BATCH_NUMBER, GROUP_NUMBER))
[2026-03-17T01:00:07.083+0000] {logging_mixin.py:149} INFO -   Ejecutando celda 4/6...
[2026-03-17T01:00:07.090+0000] {logging_mixin.py:149} INFO -   [celda 4] Train: 4648 filas | Test: 1162 filas
[2026-03-17T01:00:07.091+0000] {logging_mixin.py:149} INFO -   Ejecutando celda 5/6...
[2026-03-17T01:00:07.245+0000] {logging_mixin.py:149} INFO -   [celda 5] Entrenando Random Forest...
Entrenamiento completado
Accuracy en test: 0.8752 (87.52%)
[2026-03-17T01:00:07.247+0000] {logging_mixin.py:149} INFO -   Ejecutando celda 6/6...
[2026-03-17T01:00:07.293+0000] {logging_mixin.py:149} INFO -   [celda 6] Conectando a MinIO en http://minio:9000...
[2026-03-17T01:00:07.364+0000] {logging_mixin.py:149} INFO -   [celda 6] Modelo guardado en MinIO: s3://models/group_4/batch_5_acc_0.8752_20260317_010007.pkl
Tamano: 12021.9 KB
Notebook completado exitosamente
[2026-03-17T01:00:07.365+0000] {logging_mixin.py:149} INFO - Todas las celdas ejecutadas exitosamente
[2026-03-17T01:00:07.588+0000] {logging_mixin.py:149} INFO - Kernel ce587214-007c-4788-8d33-87c06ae2b435 eliminado
[2026-03-17T01:00:07.589+0000] {python.py:183} INFO - Done. Returned value was: None
[2026-03-17T01:00:07.593+0000] {taskinstance.py:1373} INFO - Marking task as SUCCESS. dag_id=dag_mlops_full_pipeline, task_id=trigger_jupyter, execution_date=20260317T005400, start_date=20260317T010005, end_date=20260317T010007
[2026-03-17T01:00:07.632+0000] {local_task_job_runner.py:232} INFO - Task exited with return code 0
[2026-03-17T01:00:07.644+0000] {taskinstance.py:2674} INFO - 1 downstream tasks scheduled from follow-on schedule check
