[2026-03-16T18:55:04.909+0000] {taskinstance.py:1125} INFO - Dependencies all met for dep_context=non-requeueable deps ti=<TaskInstance: dag_mlops_full_pipeline.trigger_jupyter scheduled__2026-03-16T18:50:00+00:00 [queued]>
[2026-03-16T18:55:04.912+0000] {taskinstance.py:1125} INFO - Dependencies all met for dep_context=requeueable deps ti=<TaskInstance: dag_mlops_full_pipeline.trigger_jupyter scheduled__2026-03-16T18:50:00+00:00 [queued]>
[2026-03-16T18:55:04.912+0000] {taskinstance.py:1331} INFO - Starting attempt 1 of 1
[2026-03-16T18:55:04.916+0000] {taskinstance.py:1350} INFO - Executing <Task(PythonOperator): trigger_jupyter> on 2026-03-16 18:50:00+00:00
[2026-03-16T18:55:04.919+0000] {standard_task_runner.py:57} INFO - Started process 26114 to run task
[2026-03-16T18:55:04.920+0000] {standard_task_runner.py:84} INFO - Running: ['***', 'tasks', 'run', 'dag_mlops_full_pipeline', 'trigger_jupyter', 'scheduled__2026-03-16T18:50:00+00:00', '--job-id', '323', '--raw', '--subdir', 'DAGS_FOLDER/dag2.py', '--cfg-path', '/tmp/tmpbjjf86hx']
[2026-03-16T18:55:04.921+0000] {standard_task_runner.py:85} INFO - Job 323: Subtask trigger_jupyter
[2026-03-16T18:55:04.938+0000] {task_command.py:410} INFO - Running <TaskInstance: dag_mlops_full_pipeline.trigger_jupyter scheduled__2026-03-16T18:50:00+00:00 [running]> on host 87aa27980d8e
[2026-03-16T18:55:04.967+0000] {taskinstance.py:1570} INFO - Exporting env vars: AIRFLOW_CTX_DAG_OWNER='***' AIRFLOW_CTX_DAG_ID='dag_mlops_full_pipeline' AIRFLOW_CTX_TASK_ID='trigger_jupyter' AIRFLOW_CTX_EXECUTION_DATE='2026-03-16T18:50:00+00:00' AIRFLOW_CTX_TRY_NUMBER='1' AIRFLOW_CTX_DAG_RUN_ID='scheduled__2026-03-16T18:50:00+00:00'
[2026-03-16T18:55:04.973+0000] {logging_mixin.py:149} INFO - Creando kernel en Jupyter...
[2026-03-16T18:55:04.991+0000] {logging_mixin.py:149} INFO - Kernel creado: a439d54f-1165-432d-a1e0-550fc03a5dbd
[2026-03-16T18:55:04.991+0000] {logging_mixin.py:149} INFO - Conectando WebSocket...
[2026-03-16T18:55:05.171+0000] {logging_mixin.py:149} INFO - WebSocket conectado
[2026-03-16T18:55:05.171+0000] {logging_mixin.py:149} INFO - Esperando que el kernel este listo...
[2026-03-16T18:55:05.191+0000] {logging_mixin.py:149} INFO -   Estado kernel: busy
[2026-03-16T18:55:06.194+0000] {logging_mixin.py:149} INFO -   Estado kernel: idle
[2026-03-16T18:55:06.195+0000] {logging_mixin.py:149} INFO - Kernel listo
[2026-03-16T18:55:06.195+0000] {logging_mixin.py:149} INFO - Leyendo notebook train_model.ipynb...
[2026-03-16T18:55:06.207+0000] {logging_mixin.py:149} INFO - Inyectando parametros...
[2026-03-16T18:55:06.217+0000] {logging_mixin.py:149} INFO -   [celda 0] Parametros inyectados: batch=4, group=4
[2026-03-16T18:55:06.219+0000] {logging_mixin.py:149} INFO - Ejecutando 6 celdas del notebook...
[2026-03-16T18:55:06.219+0000] {logging_mixin.py:149} INFO -   Ejecutando celda 1/6...
[2026-03-16T18:55:06.713+0000] {logging_mixin.py:149} INFO -   [celda 1] Librerias cargadas correctamente
[2026-03-16T18:55:06.714+0000] {logging_mixin.py:149} INFO -   Ejecutando celda 2/6...
[2026-03-16T18:55:06.718+0000] {logging_mixin.py:149} INFO -   [celda 2] Parametros: batch=4, group=4
[2026-03-16T18:55:06.719+0000] {logging_mixin.py:149} INFO -   Ejecutando celda 3/6...
[2026-03-16T18:55:06.741+0000] {logging_mixin.py:149} INFO -   [celda 3] Conectando a PostgreSQL en postgres:5432...
Datos cargados: 5810 filas
   elevation    aspect     slope  horizontal_distance_to_hydrology  \
0   0.663569  0.991667  0.282609                          0.032120   
1   0.720570  0.638889  0.173913                          0.192719   
2   0.677819  0.055556  0.108696                          0.160600   
3   0.659232  0.263889  0.434783                          0.385439   
4   0.587980  0.000000  0.543478                          0.432548   

   vertical_distance_to_hydrology  horizontal_distance_to_roadways  \
0                        0.284192                         0.099739   
1                        0.339254                         0.277657   
2                        0.285968                         0.380009   
3                        0.474245                         0.080793   
4                        0.602131                         0.215592   

   hillshade_9am  hillshade_noon  hillshade_3pm  \
0       0.710526        0.737931       0.620968   
1       0.752632        0.958621       0.713710   
2       0.805263        0.827586       0.604839   
3       0.963158        0.668966       0.318548   
4       0.584211        0.524138       0.564516   

   horizontal_distance_to_fire_points  wilderness_area_encoded  \
0                            0.552030                        2   
1                            0.465236                        1   
2                            0.481568                        1   
3                            0.185021                        2   
4                            0.207186                        1   

   soil_type_encoded  cover_type  
0                 19           0  
1                 22           0  
2                 22           1  
3                 19           1  
4                 21           1
[2026-03-16T18:55:06.743+0000] {logging_mixin.py:149} INFO -   [celda 3] /tmp/ipykernel_2467/3056758113.py:26: UserWarning: pandas only supports SQLAlchemy connectable (engine/connection) or database string URI or sqlite3 DBAPI2 connection. Other DBAPI2 objects are not tested. Please consider using SQLAlchemy.
  df = pd.read_sql(query, conn, params=(BATCH_NUMBER, GROUP_NUMBER))
[2026-03-16T18:55:06.743+0000] {logging_mixin.py:149} INFO -   Ejecutando celda 4/6...
[2026-03-16T18:55:06.749+0000] {logging_mixin.py:149} INFO -   [celda 4] Train: 4648 filas | Test: 1162 filas
[2026-03-16T18:55:06.749+0000] {logging_mixin.py:149} INFO -   Ejecutando celda 5/6...
[2026-03-16T18:55:06.898+0000] {logging_mixin.py:149} INFO -   [celda 5] Entrenando Random Forest...
Entrenamiento completado
Accuracy en test: 0.8563 (85.63%)
[2026-03-16T18:55:06.900+0000] {logging_mixin.py:149} INFO -   Ejecutando celda 6/6...
[2026-03-16T18:55:06.946+0000] {logging_mixin.py:149} INFO -   [celda 6] Conectando a MinIO en http://minio:9000...
[2026-03-16T18:55:06.996+0000] {logging_mixin.py:149} INFO -   [celda 6] Modelo guardado en MinIO: s3://models/group_4/batch_4_acc_0.8563_20260316_185506.pkl
Tamano: 12527.8 KB
Notebook completado exitosamente
[2026-03-16T18:55:06.998+0000] {logging_mixin.py:149} INFO - Todas las celdas ejecutadas exitosamente
[2026-03-16T18:55:07.216+0000] {logging_mixin.py:149} INFO - Kernel a439d54f-1165-432d-a1e0-550fc03a5dbd eliminado
[2026-03-16T18:55:07.217+0000] {python.py:183} INFO - Done. Returned value was: None
[2026-03-16T18:55:07.221+0000] {taskinstance.py:1373} INFO - Marking task as SUCCESS. dag_id=dag_mlops_full_pipeline, task_id=trigger_jupyter, execution_date=20260316T185000, start_date=20260316T185504, end_date=20260316T185507
[2026-03-16T18:55:07.269+0000] {local_task_job_runner.py:232} INFO - Task exited with return code 0
[2026-03-16T18:55:07.279+0000] {taskinstance.py:2674} INFO - 1 downstream tasks scheduled from follow-on schedule check
