[2026-03-17T03:20:05.043+0000] {taskinstance.py:1125} INFO - Dependencies all met for dep_context=non-requeueable deps ti=<TaskInstance: dag_mlops_full_pipeline.trigger_jupyter scheduled__2026-03-17T03:15:00+00:00 [queued]>
[2026-03-17T03:20:05.046+0000] {taskinstance.py:1125} INFO - Dependencies all met for dep_context=requeueable deps ti=<TaskInstance: dag_mlops_full_pipeline.trigger_jupyter scheduled__2026-03-17T03:15:00+00:00 [queued]>
[2026-03-17T03:20:05.046+0000] {taskinstance.py:1331} INFO - Starting attempt 1 of 1
[2026-03-17T03:20:05.051+0000] {taskinstance.py:1350} INFO - Executing <Task(PythonOperator): trigger_jupyter> on 2026-03-17 03:15:00+00:00
[2026-03-17T03:20:05.053+0000] {standard_task_runner.py:57} INFO - Started process 62591 to run task
[2026-03-17T03:20:05.055+0000] {standard_task_runner.py:84} INFO - Running: ['***', 'tasks', 'run', 'dag_mlops_full_pipeline', 'trigger_jupyter', 'scheduled__2026-03-17T03:15:00+00:00', '--job-id', '733', '--raw', '--subdir', 'DAGS_FOLDER/dag2.py', '--cfg-path', '/tmp/tmptpmpb5pi']
[2026-03-17T03:20:05.055+0000] {standard_task_runner.py:85} INFO - Job 733: Subtask trigger_jupyter
[2026-03-17T03:20:05.072+0000] {task_command.py:410} INFO - Running <TaskInstance: dag_mlops_full_pipeline.trigger_jupyter scheduled__2026-03-17T03:15:00+00:00 [running]> on host 87aa27980d8e
[2026-03-17T03:20:05.103+0000] {taskinstance.py:1570} INFO - Exporting env vars: AIRFLOW_CTX_DAG_OWNER='***' AIRFLOW_CTX_DAG_ID='dag_mlops_full_pipeline' AIRFLOW_CTX_TASK_ID='trigger_jupyter' AIRFLOW_CTX_EXECUTION_DATE='2026-03-17T03:15:00+00:00' AIRFLOW_CTX_TRY_NUMBER='1' AIRFLOW_CTX_DAG_RUN_ID='scheduled__2026-03-17T03:15:00+00:00'
[2026-03-17T03:20:05.109+0000] {logging_mixin.py:149} INFO - Creando kernel en Jupyter...
[2026-03-17T03:20:05.127+0000] {logging_mixin.py:149} INFO - Kernel creado: 82404f1c-dfda-429e-bcb0-ce890f13e58f
[2026-03-17T03:20:05.128+0000] {logging_mixin.py:149} INFO - Conectando WebSocket...
[2026-03-17T03:20:05.309+0000] {logging_mixin.py:149} INFO - WebSocket conectado
[2026-03-17T03:20:05.309+0000] {logging_mixin.py:149} INFO - Esperando que el kernel este listo...
[2026-03-17T03:20:05.322+0000] {logging_mixin.py:149} INFO -   Estado kernel: busy
[2026-03-17T03:20:06.324+0000] {logging_mixin.py:149} INFO -   Estado kernel: idle
[2026-03-17T03:20:06.325+0000] {logging_mixin.py:149} INFO - Kernel listo
[2026-03-17T03:20:06.326+0000] {logging_mixin.py:149} INFO - Leyendo notebook train_model.ipynb...
[2026-03-17T03:20:06.340+0000] {logging_mixin.py:149} INFO - Inyectando parametros...
[2026-03-17T03:20:06.348+0000] {logging_mixin.py:149} INFO -   [celda 0] Parametros inyectados: batch=2, group=4
[2026-03-17T03:20:06.350+0000] {logging_mixin.py:149} INFO - Ejecutando 7 celdas del notebook...
[2026-03-17T03:20:06.350+0000] {logging_mixin.py:149} INFO -   Ejecutando celda 1/7...
[2026-03-17T03:20:06.875+0000] {logging_mixin.py:149} INFO -   [celda 1] Librerias cargadas correctamente
[2026-03-17T03:20:06.877+0000] {logging_mixin.py:149} INFO -   Ejecutando celda 2/7...
[2026-03-17T03:20:06.881+0000] {logging_mixin.py:149} INFO -   [celda 2] Parametros: batch_actual=2, group=4
[2026-03-17T03:20:06.882+0000] {logging_mixin.py:149} INFO -   Ejecutando celda 3/7...
[2026-03-17T03:20:06.980+0000] {logging_mixin.py:149} INFO -   [celda 3] Conectando a PostgreSQL en postgres:5432...
Batches usados para entrenamiento: [1, 2]
Total filas: 18475
   elevation    aspect     slope  horizontal_distance_to_hydrology  \
0   0.306420  0.888889  0.448980                          0.294995   
1   0.670417  0.238889  0.346939                          0.044728   
2   0.299140  0.000000  0.510204                          0.294995   
3   0.515553  0.155556  0.265306                          0.071353   
4   0.277300  0.119444  0.408163                          0.263046   

   vertical_distance_to_hydrology  horizontal_distance_to_roadways  \
0                        0.610309                         0.215917   
1                        0.346392                         0.128506   
2                        0.729897                         0.230702   
3                        0.321649                         0.314199   
4                        0.468041                         0.142422   

   hillshade_9am  hillshade_noon  hillshade_3pm  \
0       0.528846        0.712329       0.775100   
1       0.947115        0.684932       0.357430   
2       0.620192        0.527397       0.562249   
3       0.875000        0.719178       0.465863   
4       0.836538        0.582192       0.401606   

   horizontal_distance_to_fire_points  wilderness_area_encoded  \
0                            0.019293                        0   
1                            0.405639                        1   
2                            0.334652                        0   
3                            0.149889                        1   
4                            0.125402                        0   

   soil_type_encoded  cover_type  
0                  6           2  
1                 23           1  
2                  6           2  
3                 21           1  
4                  5           2
[2026-03-17T03:20:06.980+0000] {logging_mixin.py:149} INFO -   [celda 3] /tmp/ipykernel_7216/3556330330.py:27: UserWarning: pandas only supports SQLAlchemy connectable (engine/connection) or database string URI or sqlite3 DBAPI2 connection. Other DBAPI2 objects are not tested. Please consider using SQLAlchemy.
  df = pd.read_sql(query, conn, params=(GROUP_NUMBER,))
/tmp/ipykernel_7216/3556330330.py:35: UserWarning: pandas only supports SQLAlchemy connectable (engine/connection) or database string URI or sqlite3 DBAPI2 connection. Other DBAPI2 objects are not tested. Please consider using SQLAlchemy.
  df_text = pd.read_sql(query_text, conn, params=(GROUP_NUMBER,))
/tmp/ipykernel_7216/3556330330.py:37: UserWarning: pandas only supports SQLAlchemy connectable (engine/connection) or database string URI or sqlite3 DBAPI2 connection. Other DBAPI2 objects are not tested. Please consider using SQLAlchemy.
  df_batches = pd.read_sql(
[2026-03-17T03:20:06.981+0000] {logging_mixin.py:149} INFO -   Ejecutando celda 4/7...
[2026-03-17T03:20:06.986+0000] {logging_mixin.py:149} INFO -   [celda 4] Wilderness areas en el encoder: ['Cache', 'Commanche', 'Rawah']
Soil types en el encoder: 28 tipos
[2026-03-17T03:20:06.986+0000] {logging_mixin.py:149} INFO -   Ejecutando celda 5/7...
[2026-03-17T03:20:06.999+0000] {logging_mixin.py:149} INFO -   [celda 5] Distribucion de clases:
  cover_type=1: 8670 filas
  cover_type=2: 6115 filas
  cover_type=3: 200 filas
  cover_type=4: 710 filas
  cover_type=5: 2292 filas
  cover_type=6: 488 filas
Train: 14780 filas | Test: 3695 filas
[2026-03-17T03:20:07.000+0000] {logging_mixin.py:149} INFO -   Ejecutando celda 6/7...
[2026-03-17T03:20:07.081+0000] {logging_mixin.py:149} INFO -   [celda 6] Entrenando Random Forest con class_weight=balanced...
[2026-03-17T03:20:07.293+0000] {logging_mixin.py:149} INFO -   [celda 6] Entrenamiento completado
Accuracy en test: 0.9356 (93.56%)
Clases predichas en test: [np.int64(1), np.int64(2), np.int64(3), np.int64(4), np.int64(5), np.int64(6)]
[2026-03-17T03:20:07.295+0000] {logging_mixin.py:149} INFO -   Ejecutando celda 7/7...
[2026-03-17T03:20:07.407+0000] {logging_mixin.py:149} INFO -   [celda 7] Conectando a MinIO en http://minio:9000...
Bundle guardado en MinIO: s3://models/group_4/batch_2_acc_0.9356_20260317_032007.pkl
Tamano: 16653.6 KB
Batches usados: [1, 2]
Total filas de entrenamiento: 14780
Notebook completado exitosamente
[2026-03-17T03:20:07.408+0000] {logging_mixin.py:149} INFO - Todas las celdas ejecutadas exitosamente
[2026-03-17T03:20:07.730+0000] {logging_mixin.py:149} INFO - Kernel 82404f1c-dfda-429e-bcb0-ce890f13e58f eliminado
[2026-03-17T03:20:07.730+0000] {python.py:183} INFO - Done. Returned value was: None
[2026-03-17T03:20:07.735+0000] {taskinstance.py:1373} INFO - Marking task as SUCCESS. dag_id=dag_mlops_full_pipeline, task_id=trigger_jupyter, execution_date=20260317T031500, start_date=20260317T032005, end_date=20260317T032007
[2026-03-17T03:20:07.766+0000] {local_task_job_runner.py:232} INFO - Task exited with return code 0
[2026-03-17T03:20:07.777+0000] {taskinstance.py:2674} INFO - 1 downstream tasks scheduled from follow-on schedule check
