[2026-03-16T16:46:03.751+0000] {taskinstance.py:1125} INFO - Dependencies all met for dep_context=non-requeueable deps ti=<TaskInstance: dag_mlops_full_pipeline.preprocess_data scheduled__2026-03-16T16:45:00+00:00 [queued]>
[2026-03-16T16:46:03.754+0000] {taskinstance.py:1125} INFO - Dependencies all met for dep_context=requeueable deps ti=<TaskInstance: dag_mlops_full_pipeline.preprocess_data scheduled__2026-03-16T16:45:00+00:00 [queued]>
[2026-03-16T16:46:03.754+0000] {taskinstance.py:1331} INFO - Starting attempt 1 of 1
[2026-03-16T16:46:03.758+0000] {taskinstance.py:1350} INFO - Executing <Task(PythonOperator): preprocess_data> on 2026-03-16 16:45:00+00:00
[2026-03-16T16:46:03.761+0000] {standard_task_runner.py:57} INFO - Started process 16564 to run task
[2026-03-16T16:46:03.762+0000] {standard_task_runner.py:84} INFO - Running: ['***', 'tasks', 'run', 'dag_mlops_full_pipeline', 'preprocess_data', 'scheduled__2026-03-16T16:45:00+00:00', '--job-id', '201', '--raw', '--subdir', 'DAGS_FOLDER/dag2.py', '--cfg-path', '/tmp/tmp1fvdkwko']
[2026-03-16T16:46:03.763+0000] {standard_task_runner.py:85} INFO - Job 201: Subtask preprocess_data
[2026-03-16T16:46:03.780+0000] {task_command.py:410} INFO - Running <TaskInstance: dag_mlops_full_pipeline.preprocess_data scheduled__2026-03-16T16:45:00+00:00 [running]> on host 87aa27980d8e
[2026-03-16T16:46:03.808+0000] {taskinstance.py:1570} INFO - Exporting env vars: AIRFLOW_CTX_DAG_OWNER='***' AIRFLOW_CTX_DAG_ID='dag_mlops_full_pipeline' AIRFLOW_CTX_TASK_ID='preprocess_data' AIRFLOW_CTX_EXECUTION_DATE='2026-03-16T16:45:00+00:00' AIRFLOW_CTX_TRY_NUMBER='1' AIRFLOW_CTX_DAG_RUN_ID='scheduled__2026-03-16T16:45:00+00:00'
[2026-03-16T16:46:03.816+0000] {base.py:73} INFO - Using connection ID 'postgres_default' for task execution.
[2026-03-16T16:46:03.849+0000] {logging_mixin.py:149} INFO - Filas a procesar: 17430
[2026-03-16T16:46:06.940+0000] {logging_mixin.py:149} INFO - Preprocesamiento completado: 17430 filas en ambas tablas
[2026-03-16T16:46:06.943+0000] {python.py:183} INFO - Done. Returned value was: None
[2026-03-16T16:46:06.947+0000] {taskinstance.py:1373} INFO - Marking task as SUCCESS. dag_id=dag_mlops_full_pipeline, task_id=preprocess_data, execution_date=20260316T164500, start_date=20260316T164603, end_date=20260316T164606
[2026-03-16T16:46:06.962+0000] {local_task_job_runner.py:232} INFO - Task exited with return code 0
[2026-03-16T16:46:06.974+0000] {taskinstance.py:2674} INFO - 1 downstream tasks scheduled from follow-on schedule check
[2026-03-16T16:50:35.930+0000] {taskinstance.py:1125} INFO - Dependencies all met for dep_context=non-requeueable deps ti=<TaskInstance: dag_mlops_full_pipeline.preprocess_data scheduled__2026-03-16T16:45:00+00:00 [queued]>
[2026-03-16T16:50:35.932+0000] {taskinstance.py:1125} INFO - Dependencies all met for dep_context=requeueable deps ti=<TaskInstance: dag_mlops_full_pipeline.preprocess_data scheduled__2026-03-16T16:45:00+00:00 [queued]>
[2026-03-16T16:50:35.932+0000] {taskinstance.py:1331} INFO - Starting attempt 1 of 1
[2026-03-16T16:50:35.937+0000] {taskinstance.py:1350} INFO - Executing <Task(PythonOperator): preprocess_data> on 2026-03-16 16:45:00+00:00
[2026-03-16T16:50:35.939+0000] {standard_task_runner.py:57} INFO - Started process 17111 to run task
[2026-03-16T16:50:35.941+0000] {standard_task_runner.py:84} INFO - Running: ['***', 'tasks', 'run', 'dag_mlops_full_pipeline', 'preprocess_data', 'scheduled__2026-03-16T16:45:00+00:00', '--job-id', '223', '--raw', '--subdir', 'DAGS_FOLDER/dag2.py', '--cfg-path', '/tmp/tmp7b2tq1lp']
[2026-03-16T16:50:35.942+0000] {standard_task_runner.py:85} INFO - Job 223: Subtask preprocess_data
[2026-03-16T16:50:35.961+0000] {task_command.py:410} INFO - Running <TaskInstance: dag_mlops_full_pipeline.preprocess_data scheduled__2026-03-16T16:45:00+00:00 [running]> on host 87aa27980d8e
[2026-03-16T16:50:35.988+0000] {taskinstance.py:1570} INFO - Exporting env vars: AIRFLOW_CTX_DAG_OWNER='***' AIRFLOW_CTX_DAG_ID='dag_mlops_full_pipeline' AIRFLOW_CTX_TASK_ID='preprocess_data' AIRFLOW_CTX_EXECUTION_DATE='2026-03-16T16:45:00+00:00' AIRFLOW_CTX_TRY_NUMBER='1' AIRFLOW_CTX_DAG_RUN_ID='scheduled__2026-03-16T16:45:00+00:00'
[2026-03-16T16:50:35.996+0000] {base.py:73} INFO - Using connection ID 'postgres_default' for task execution.
[2026-03-16T16:50:36.009+0000] {logging_mixin.py:149} INFO - Filas a procesar: 5810
[2026-03-16T16:50:37.175+0000] {logging_mixin.py:149} INFO - Preprocesamiento completado: 5810 filas en ambas tablas
[2026-03-16T16:50:37.176+0000] {python.py:183} INFO - Done. Returned value was: None
[2026-03-16T16:50:37.179+0000] {taskinstance.py:1373} INFO - Marking task as SUCCESS. dag_id=dag_mlops_full_pipeline, task_id=preprocess_data, execution_date=20260316T164500, start_date=20260316T165035, end_date=20260316T165037
[2026-03-16T16:50:37.193+0000] {local_task_job_runner.py:232} INFO - Task exited with return code 0
[2026-03-16T16:50:37.205+0000] {taskinstance.py:2674} INFO - 1 downstream tasks scheduled from follow-on schedule check
