[2026-03-14T22:36:39.503+0000] {taskinstance.py:1125} INFO - Dependencies all met for dep_context=non-requeueable deps ti=<TaskInstance: dag_mlops_full_pipeline.trigger_jupyter manual__2026-03-14T22:36:34.426618+00:00 [queued]>
[2026-03-14T22:36:39.506+0000] {taskinstance.py:1125} INFO - Dependencies all met for dep_context=requeueable deps ti=<TaskInstance: dag_mlops_full_pipeline.trigger_jupyter manual__2026-03-14T22:36:34.426618+00:00 [queued]>
[2026-03-14T22:36:39.506+0000] {taskinstance.py:1331} INFO - Starting attempt 1 of 1
[2026-03-14T22:36:39.510+0000] {taskinstance.py:1350} INFO - Executing <Task(PythonOperator): trigger_jupyter> on 2026-03-14 22:36:34.426618+00:00
[2026-03-14T22:36:39.513+0000] {standard_task_runner.py:57} INFO - Started process 2453 to run task
[2026-03-14T22:36:39.514+0000] {standard_task_runner.py:84} INFO - Running: ['***', 'tasks', 'run', 'dag_mlops_full_pipeline', 'trigger_jupyter', 'manual__2026-03-14T22:36:34.426618+00:00', '--job-id', '119', '--raw', '--subdir', 'DAGS_FOLDER/dag2.py', '--cfg-path', '/tmp/tmpf8qqyyrk']
[2026-03-14T22:36:39.515+0000] {standard_task_runner.py:85} INFO - Job 119: Subtask trigger_jupyter
[2026-03-14T22:36:39.533+0000] {task_command.py:410} INFO - Running <TaskInstance: dag_mlops_full_pipeline.trigger_jupyter manual__2026-03-14T22:36:34.426618+00:00 [running]> on host 87aa27980d8e
[2026-03-14T22:36:39.563+0000] {taskinstance.py:1570} INFO - Exporting env vars: AIRFLOW_CTX_DAG_OWNER='***' AIRFLOW_CTX_DAG_ID='dag_mlops_full_pipeline' AIRFLOW_CTX_TASK_ID='trigger_jupyter' AIRFLOW_CTX_EXECUTION_DATE='2026-03-14T22:36:34.426618+00:00' AIRFLOW_CTX_TRY_NUMBER='1' AIRFLOW_CTX_DAG_RUN_ID='manual__2026-03-14T22:36:34.426618+00:00'
[2026-03-14T22:36:39.568+0000] {logging_mixin.py:149} INFO - Creando kernel en Jupyter...
[2026-03-14T22:36:39.598+0000] {logging_mixin.py:149} INFO - Kernel creado: f57f0d4c-f153-4f79-bb6a-78fb76e844ea
[2026-03-14T22:36:39.598+0000] {logging_mixin.py:149} INFO - Conectando WebSocket...
[2026-03-14T22:36:39.804+0000] {logging_mixin.py:149} INFO - WebSocket conectado
[2026-03-14T22:36:39.805+0000] {logging_mixin.py:149} INFO - Esperando que el kernel este listo...
[2026-03-14T22:36:39.829+0000] {logging_mixin.py:149} INFO -   Estado kernel: busy
[2026-03-14T22:36:40.836+0000] {logging_mixin.py:149} INFO -   Estado kernel: idle
[2026-03-14T22:36:40.837+0000] {logging_mixin.py:149} INFO - Kernel listo
[2026-03-14T22:36:40.838+0000] {logging_mixin.py:149} INFO - Leyendo notebook train_model.ipynb...
[2026-03-14T22:36:40.854+0000] {logging_mixin.py:149} INFO - Inyectando parametros...
[2026-03-14T22:36:40.863+0000] {logging_mixin.py:149} INFO -   [celda 0] Parametros inyectados: batch=6, group=4
[2026-03-14T22:36:40.866+0000] {logging_mixin.py:149} INFO - Ejecutando 6 celdas del notebook...
[2026-03-14T22:36:40.866+0000] {logging_mixin.py:149} INFO -   Ejecutando celda 1/6...
[2026-03-14T22:36:41.455+0000] {logging_mixin.py:149} INFO -   [celda 1] Librerias cargadas correctamente
[2026-03-14T22:36:41.456+0000] {logging_mixin.py:149} INFO -   Ejecutando celda 2/6...
[2026-03-14T22:36:41.460+0000] {logging_mixin.py:149} INFO -   [celda 2] Parametros: batch=6, group=4
[2026-03-14T22:36:41.461+0000] {logging_mixin.py:149} INFO -   Ejecutando celda 3/6...
[2026-03-14T22:36:41.483+0000] {logging_mixin.py:149} INFO -   [celda 3] Conectando a PostgreSQL en postgres:5432...
Datos cargados: 5810 filas
   elevation    aspect     slope  horizontal_distance_to_hydrology  \
0   0.346397  0.472222  0.265306                          0.159541   
1   0.338812  0.325000  0.448980                          0.069864   
2   0.280657  0.847222  0.571429                          0.500521   
3   0.679520  0.788889  0.285714                          0.465068   
4   0.475980  0.805556  0.469388                          0.177268   

   vertical_distance_to_hydrology  horizontal_distance_to_roadways  \
0                        0.358289                         0.211313   
1                        0.317291                         0.182284   
2                        0.479501                         0.051654   
3                        0.540107                         0.355603   
4                        0.422460                         0.358805   

   hillshade_9am  hillshade_noon  hillshade_3pm  \
0       0.879808        0.937500       0.588710   
1       0.985577        0.722222       0.318548   
2       0.418269        0.715278       0.862903   
3       0.644231        0.902778       0.802419   
4       0.495192        0.826389       0.879032   

   horizontal_distance_to_fire_points  wilderness_area_encoded  \
0                            0.153612                        0   
1                            0.234991                        0   
2                            0.383208                        0   
3                            0.271341                        1   
4                            0.345450                        1   

   soil_type_encoded  cover_type  
0                  5           2  
1                  5           2  
2                  6           2  
3                 20           1  
4                  8           5
[2026-03-14T22:36:41.484+0000] {logging_mixin.py:149} INFO -   [celda 3] /tmp/ipykernel_76/3056758113.py:26: UserWarning: pandas only supports SQLAlchemy connectable (engine/connection) or database string URI or sqlite3 DBAPI2 connection. Other DBAPI2 objects are not tested. Please consider using SQLAlchemy.
  df = pd.read_sql(query, conn, params=(BATCH_NUMBER, GROUP_NUMBER))
[2026-03-14T22:36:41.484+0000] {logging_mixin.py:149} INFO -   Ejecutando celda 4/6...
[2026-03-14T22:36:41.490+0000] {logging_mixin.py:149} INFO -   [celda 4] Train: 4648 filas | Test: 1162 filas
[2026-03-14T22:36:41.491+0000] {logging_mixin.py:149} INFO -   Ejecutando celda 5/6...
[2026-03-14T22:36:41.648+0000] {logging_mixin.py:149} INFO -   [celda 5] Entrenando Random Forest...
Entrenamiento completado
Accuracy en test: 0.8520 (85.20%)
[2026-03-14T22:36:41.649+0000] {logging_mixin.py:149} INFO -   Ejecutando celda 6/6...
[2026-03-14T22:36:41.695+0000] {logging_mixin.py:149} INFO -   [celda 6] Conectando a MinIO en http://minio:9000...
[2026-03-14T22:36:41.765+0000] {logging_mixin.py:149} INFO -   [celda 6] Modelo guardado en MinIO: s3://models/group_4/batch_6_acc_0.852_20260314_223641.pkl
Tamano: 12128.6 KB
Notebook completado exitosamente
[2026-03-14T22:36:41.767+0000] {logging_mixin.py:149} INFO - Todas las celdas ejecutadas exitosamente
[2026-03-14T22:36:41.992+0000] {logging_mixin.py:149} INFO - Kernel f57f0d4c-f153-4f79-bb6a-78fb76e844ea eliminado
[2026-03-14T22:36:41.993+0000] {python.py:183} INFO - Done. Returned value was: None
[2026-03-14T22:36:41.998+0000] {taskinstance.py:1373} INFO - Marking task as SUCCESS. dag_id=dag_mlops_full_pipeline, task_id=trigger_jupyter, execution_date=20260314T223634, start_date=20260314T223639, end_date=20260314T223641
[2026-03-14T22:36:42.042+0000] {local_task_job_runner.py:232} INFO - Task exited with return code 0
[2026-03-14T22:36:42.055+0000] {taskinstance.py:2674} INFO - 1 downstream tasks scheduled from follow-on schedule check
