[2026-03-16T16:46:12.787+0000] {taskinstance.py:1125} INFO - Dependencies all met for dep_context=non-requeueable deps ti=<TaskInstance: dag_mlops_full_pipeline.verify_and_stop scheduled__2026-03-16T16:45:00+00:00 [queued]>
[2026-03-16T16:46:12.789+0000] {taskinstance.py:1125} INFO - Dependencies all met for dep_context=requeueable deps ti=<TaskInstance: dag_mlops_full_pipeline.verify_and_stop scheduled__2026-03-16T16:45:00+00:00 [queued]>
[2026-03-16T16:46:12.789+0000] {taskinstance.py:1331} INFO - Starting attempt 1 of 1
[2026-03-16T16:46:12.794+0000] {taskinstance.py:1350} INFO - Executing <Task(PythonOperator): verify_and_stop> on 2026-03-16 16:45:00+00:00
[2026-03-16T16:46:12.796+0000] {standard_task_runner.py:57} INFO - Started process 16615 to run task
[2026-03-16T16:46:12.798+0000] {standard_task_runner.py:84} INFO - Running: ['***', 'tasks', 'run', 'dag_mlops_full_pipeline', 'verify_and_stop', 'scheduled__2026-03-16T16:45:00+00:00', '--job-id', '203', '--raw', '--subdir', 'DAGS_FOLDER/dag2.py', '--cfg-path', '/tmp/tmproyza6av']
[2026-03-16T16:46:12.799+0000] {standard_task_runner.py:85} INFO - Job 203: Subtask verify_and_stop
[2026-03-16T16:46:12.815+0000] {task_command.py:410} INFO - Running <TaskInstance: dag_mlops_full_pipeline.verify_and_stop scheduled__2026-03-16T16:45:00+00:00 [running]> on host 87aa27980d8e
[2026-03-16T16:46:12.844+0000] {taskinstance.py:1570} INFO - Exporting env vars: AIRFLOW_CTX_DAG_OWNER='***' AIRFLOW_CTX_DAG_ID='dag_mlops_full_pipeline' AIRFLOW_CTX_TASK_ID='verify_and_stop' AIRFLOW_CTX_EXECUTION_DATE='2026-03-16T16:45:00+00:00' AIRFLOW_CTX_TRY_NUMBER='1' AIRFLOW_CTX_DAG_RUN_ID='scheduled__2026-03-16T16:45:00+00:00'
[2026-03-16T16:46:12.975+0000] {logging_mixin.py:149} INFO - Modelo verificado: group_4/batch_1_acc_0.9552_20260316_164611.pkl (29910791 bytes)
[2026-03-16T16:46:12.980+0000] {crypto.py:83} WARNING - empty cryptography key - values will not be stored encrypted.
[2026-03-16T16:46:12.981+0000] {logging_mixin.py:149} INFO - Ejecucion 3/10 completada
[2026-03-16T16:46:12.981+0000] {logging_mixin.py:149} INFO - Faltan 7 ejecuciones. El DAG seguira corriendo.
[2026-03-16T16:46:12.981+0000] {python.py:183} INFO - Done. Returned value was: None
[2026-03-16T16:46:12.984+0000] {taskinstance.py:1373} INFO - Marking task as SUCCESS. dag_id=dag_mlops_full_pipeline, task_id=verify_and_stop, execution_date=20260316T164500, start_date=20260316T164612, end_date=20260316T164612
[2026-03-16T16:46:13.019+0000] {local_task_job_runner.py:232} INFO - Task exited with return code 0
[2026-03-16T16:46:13.027+0000] {taskinstance.py:2674} INFO - 0 downstream tasks scheduled from follow-on schedule check
[2026-03-16T16:50:40.851+0000] {taskinstance.py:1125} INFO - Dependencies all met for dep_context=non-requeueable deps ti=<TaskInstance: dag_mlops_full_pipeline.verify_and_stop scheduled__2026-03-16T16:45:00+00:00 [queued]>
[2026-03-16T16:50:40.854+0000] {taskinstance.py:1125} INFO - Dependencies all met for dep_context=requeueable deps ti=<TaskInstance: dag_mlops_full_pipeline.verify_and_stop scheduled__2026-03-16T16:45:00+00:00 [queued]>
[2026-03-16T16:50:40.854+0000] {taskinstance.py:1331} INFO - Starting attempt 1 of 1
[2026-03-16T16:50:40.859+0000] {taskinstance.py:1350} INFO - Executing <Task(PythonOperator): verify_and_stop> on 2026-03-16 16:45:00+00:00
[2026-03-16T16:50:40.861+0000] {standard_task_runner.py:57} INFO - Started process 17142 to run task
[2026-03-16T16:50:40.863+0000] {standard_task_runner.py:84} INFO - Running: ['***', 'tasks', 'run', 'dag_mlops_full_pipeline', 'verify_and_stop', 'scheduled__2026-03-16T16:45:00+00:00', '--job-id', '225', '--raw', '--subdir', 'DAGS_FOLDER/dag2.py', '--cfg-path', '/tmp/tmp27qb3t4m']
[2026-03-16T16:50:40.864+0000] {standard_task_runner.py:85} INFO - Job 225: Subtask verify_and_stop
[2026-03-16T16:50:40.882+0000] {task_command.py:410} INFO - Running <TaskInstance: dag_mlops_full_pipeline.verify_and_stop scheduled__2026-03-16T16:45:00+00:00 [running]> on host 87aa27980d8e
[2026-03-16T16:50:40.910+0000] {taskinstance.py:1570} INFO - Exporting env vars: AIRFLOW_CTX_DAG_OWNER='***' AIRFLOW_CTX_DAG_ID='dag_mlops_full_pipeline' AIRFLOW_CTX_TASK_ID='verify_and_stop' AIRFLOW_CTX_EXECUTION_DATE='2026-03-16T16:45:00+00:00' AIRFLOW_CTX_TRY_NUMBER='1' AIRFLOW_CTX_DAG_RUN_ID='scheduled__2026-03-16T16:45:00+00:00'
[2026-03-16T16:50:41.050+0000] {logging_mixin.py:149} INFO - Modelo verificado: group_4/batch_1_acc_0.864_20260316_165039.pkl (12346700 bytes)
[2026-03-16T16:50:41.055+0000] {crypto.py:83} WARNING - empty cryptography key - values will not be stored encrypted.
[2026-03-16T16:50:41.056+0000] {logging_mixin.py:149} INFO - Ejecucion 7/10 completada
[2026-03-16T16:50:41.056+0000] {logging_mixin.py:149} INFO - Faltan 3 ejecuciones. El DAG seguira corriendo.
[2026-03-16T16:50:41.056+0000] {python.py:183} INFO - Done. Returned value was: None
[2026-03-16T16:50:41.059+0000] {taskinstance.py:1373} INFO - Marking task as SUCCESS. dag_id=dag_mlops_full_pipeline, task_id=verify_and_stop, execution_date=20260316T164500, start_date=20260316T165040, end_date=20260316T165041
[2026-03-16T16:50:41.083+0000] {local_task_job_runner.py:232} INFO - Task exited with return code 0
[2026-03-16T16:50:41.091+0000] {taskinstance.py:2674} INFO - 0 downstream tasks scheduled from follow-on schedule check
