[2026-03-16T20:20:33.310+0000] {taskinstance.py:1125} INFO - Dependencies all met for dep_context=non-requeueable deps ti=<TaskInstance: dag_mlops_full_pipeline.trigger_jupyter scheduled__2026-03-16T20:15:00+00:00 [queued]>
[2026-03-16T20:20:33.313+0000] {taskinstance.py:1125} INFO - Dependencies all met for dep_context=requeueable deps ti=<TaskInstance: dag_mlops_full_pipeline.trigger_jupyter scheduled__2026-03-16T20:15:00+00:00 [queued]>
[2026-03-16T20:20:33.313+0000] {taskinstance.py:1331} INFO - Starting attempt 1 of 1
[2026-03-16T20:20:33.318+0000] {taskinstance.py:1350} INFO - Executing <Task(PythonOperator): trigger_jupyter> on 2026-03-16 20:15:00+00:00
[2026-03-16T20:20:33.320+0000] {standard_task_runner.py:57} INFO - Started process 32566 to run task
[2026-03-16T20:20:33.322+0000] {standard_task_runner.py:84} INFO - Running: ['***', 'tasks', 'run', 'dag_mlops_full_pipeline', 'trigger_jupyter', 'scheduled__2026-03-16T20:15:00+00:00', '--job-id', '414', '--raw', '--subdir', 'DAGS_FOLDER/dag2.py', '--cfg-path', '/tmp/tmpl5dx8e5k']
[2026-03-16T20:20:33.323+0000] {standard_task_runner.py:85} INFO - Job 414: Subtask trigger_jupyter
[2026-03-16T20:20:33.341+0000] {task_command.py:410} INFO - Running <TaskInstance: dag_mlops_full_pipeline.trigger_jupyter scheduled__2026-03-16T20:15:00+00:00 [running]> on host 87aa27980d8e
[2026-03-16T20:20:33.369+0000] {taskinstance.py:1570} INFO - Exporting env vars: AIRFLOW_CTX_DAG_OWNER='***' AIRFLOW_CTX_DAG_ID='dag_mlops_full_pipeline' AIRFLOW_CTX_TASK_ID='trigger_jupyter' AIRFLOW_CTX_EXECUTION_DATE='2026-03-16T20:15:00+00:00' AIRFLOW_CTX_TRY_NUMBER='1' AIRFLOW_CTX_DAG_RUN_ID='scheduled__2026-03-16T20:15:00+00:00'
[2026-03-16T20:20:33.375+0000] {logging_mixin.py:149} INFO - Creando kernel en Jupyter...
[2026-03-16T20:20:33.400+0000] {logging_mixin.py:149} INFO - Kernel creado: 8395c0d8-7180-4581-8f9b-e0c0331bc5e9
[2026-03-16T20:20:33.401+0000] {logging_mixin.py:149} INFO - Conectando WebSocket...
[2026-03-16T20:20:33.600+0000] {logging_mixin.py:149} INFO - WebSocket conectado
[2026-03-16T20:20:33.600+0000] {logging_mixin.py:149} INFO - Esperando que el kernel este listo...
[2026-03-16T20:20:33.611+0000] {logging_mixin.py:149} INFO -   Estado kernel: busy
[2026-03-16T20:20:34.613+0000] {logging_mixin.py:149} INFO -   Estado kernel: idle
[2026-03-16T20:20:34.615+0000] {logging_mixin.py:149} INFO - Kernel listo
[2026-03-16T20:20:34.615+0000] {logging_mixin.py:149} INFO - Leyendo notebook train_model.ipynb...
[2026-03-16T20:20:34.632+0000] {logging_mixin.py:149} INFO - Inyectando parametros...
[2026-03-16T20:20:34.640+0000] {logging_mixin.py:149} INFO -   [celda 0] Parametros inyectados: batch=1, group=4
[2026-03-16T20:20:34.642+0000] {logging_mixin.py:149} INFO - Ejecutando 6 celdas del notebook...
[2026-03-16T20:20:34.642+0000] {logging_mixin.py:149} INFO -   Ejecutando celda 1/6...
[2026-03-16T20:20:35.165+0000] {logging_mixin.py:149} INFO -   [celda 1] Librerias cargadas correctamente
[2026-03-16T20:20:35.167+0000] {logging_mixin.py:149} INFO -   Ejecutando celda 2/6...
[2026-03-16T20:20:35.171+0000] {logging_mixin.py:149} INFO -   [celda 2] Parametros: batch=1, group=4
[2026-03-16T20:20:35.171+0000] {logging_mixin.py:149} INFO -   Ejecutando celda 3/6...
[2026-03-16T20:20:35.194+0000] {logging_mixin.py:149} INFO -   [celda 3] Conectando a PostgreSQL en postgres:5432...
Datos cargados: 5810 filas
   elevation    aspect     slope  horizontal_distance_to_hydrology  \
0   0.656838  0.747222  0.250000                          0.320734   
1   0.319950  0.863889  0.365385                          0.032397   
2   0.737767  0.950000  0.038462                          0.323974   
3   0.687578  0.419444  0.384615                          0.503240   
4   0.613551  0.513889  0.096154                          0.377970   

   vertical_distance_to_hydrology  horizontal_distance_to_roadways  \
0                        0.469043                         0.372932   
1                        0.262664                         0.244898   
2                        0.367730                         0.193340   
3                        0.557223                         0.095381   
4                        0.296435                         0.162191   

   hillshade_9am  hillshade_noon  hillshade_3pm  \
0       0.638298        0.939024       0.791165   
1       0.531915        0.810976       0.787149   
2       0.787234        0.884146       0.638554   
3       0.930851        0.884146       0.453815   
4       0.824468        0.939024       0.634538   

   horizontal_distance_to_fire_points  wilderness_area_encoded  \
0                            0.250818                        1   
1                            0.225339                        0   
2                            0.415147                        1   
3                            0.272324                        2   
4                            0.117812                        2   

   soil_type_encoded  cover_type  
0                 20           1  
1                  6           2  
2                 21           1  
3                 18           0  
4                 19           1
[2026-03-16T20:20:35.195+0000] {logging_mixin.py:149} INFO -   [celda 3] /tmp/ipykernel_3531/3056758113.py:26: UserWarning: pandas only supports SQLAlchemy connectable (engine/connection) or database string URI or sqlite3 DBAPI2 connection. Other DBAPI2 objects are not tested. Please consider using SQLAlchemy.
  df = pd.read_sql(query, conn, params=(BATCH_NUMBER, GROUP_NUMBER))
[2026-03-16T20:20:35.195+0000] {logging_mixin.py:149} INFO -   Ejecutando celda 4/6...
[2026-03-16T20:20:35.201+0000] {logging_mixin.py:149} INFO -   [celda 4] Train: 4648 filas | Test: 1162 filas
[2026-03-16T20:20:35.201+0000] {logging_mixin.py:149} INFO -   Ejecutando celda 5/6...
[2026-03-16T20:20:35.351+0000] {logging_mixin.py:149} INFO -   [celda 5] Entrenando Random Forest...
Entrenamiento completado
Accuracy en test: 0.8589 (85.89%)
[2026-03-16T20:20:35.352+0000] {logging_mixin.py:149} INFO -   Ejecutando celda 6/6...
[2026-03-16T20:20:35.399+0000] {logging_mixin.py:149} INFO -   [celda 6] Conectando a MinIO en http://minio:9000...
[2026-03-16T20:20:35.471+0000] {logging_mixin.py:149} INFO -   [celda 6] Modelo guardado en MinIO: s3://models/group_4/batch_1_acc_0.8589_20260316_202035.pkl
Tamano: 11816.9 KB
Notebook completado exitosamente
[2026-03-16T20:20:35.472+0000] {logging_mixin.py:149} INFO - Todas las celdas ejecutadas exitosamente
[2026-03-16T20:20:35.696+0000] {logging_mixin.py:149} INFO - Kernel 8395c0d8-7180-4581-8f9b-e0c0331bc5e9 eliminado
[2026-03-16T20:20:35.696+0000] {python.py:183} INFO - Done. Returned value was: None
[2026-03-16T20:20:35.701+0000] {taskinstance.py:1373} INFO - Marking task as SUCCESS. dag_id=dag_mlops_full_pipeline, task_id=trigger_jupyter, execution_date=20260316T201500, start_date=20260316T202033, end_date=20260316T202035
[2026-03-16T20:20:35.717+0000] {local_task_job_runner.py:232} INFO - Task exited with return code 0
[2026-03-16T20:20:35.726+0000] {taskinstance.py:2674} INFO - 1 downstream tasks scheduled from follow-on schedule check
