[2026-03-16T21:24:05.705+0000] {taskinstance.py:1125} INFO - Dependencies all met for dep_context=non-requeueable deps ti=<TaskInstance: dag_mlops_full_pipeline.trigger_jupyter scheduled__2026-03-16T21:18:00+00:00 [queued]>
[2026-03-16T21:24:05.708+0000] {taskinstance.py:1125} INFO - Dependencies all met for dep_context=requeueable deps ti=<TaskInstance: dag_mlops_full_pipeline.trigger_jupyter scheduled__2026-03-16T21:18:00+00:00 [queued]>
[2026-03-16T21:24:05.708+0000] {taskinstance.py:1331} INFO - Starting attempt 1 of 1
[2026-03-16T21:24:05.713+0000] {taskinstance.py:1350} INFO - Executing <Task(PythonOperator): trigger_jupyter> on 2026-03-16 21:18:00+00:00
[2026-03-16T21:24:05.715+0000] {standard_task_runner.py:57} INFO - Started process 37535 to run task
[2026-03-16T21:24:05.716+0000] {standard_task_runner.py:84} INFO - Running: ['***', 'tasks', 'run', 'dag_mlops_full_pipeline', 'trigger_jupyter', 'scheduled__2026-03-16T21:18:00+00:00', '--job-id', '493', '--raw', '--subdir', 'DAGS_FOLDER/dag2.py', '--cfg-path', '/tmp/tmpgnyvv2n8']
[2026-03-16T21:24:05.717+0000] {standard_task_runner.py:85} INFO - Job 493: Subtask trigger_jupyter
[2026-03-16T21:24:05.734+0000] {task_command.py:410} INFO - Running <TaskInstance: dag_mlops_full_pipeline.trigger_jupyter scheduled__2026-03-16T21:18:00+00:00 [running]> on host 87aa27980d8e
[2026-03-16T21:24:05.763+0000] {taskinstance.py:1570} INFO - Exporting env vars: AIRFLOW_CTX_DAG_OWNER='***' AIRFLOW_CTX_DAG_ID='dag_mlops_full_pipeline' AIRFLOW_CTX_TASK_ID='trigger_jupyter' AIRFLOW_CTX_EXECUTION_DATE='2026-03-16T21:18:00+00:00' AIRFLOW_CTX_TRY_NUMBER='1' AIRFLOW_CTX_DAG_RUN_ID='scheduled__2026-03-16T21:18:00+00:00'
[2026-03-16T21:24:05.768+0000] {logging_mixin.py:149} INFO - Creando kernel en Jupyter...
[2026-03-16T21:24:05.786+0000] {logging_mixin.py:149} INFO - Kernel creado: ebf646c4-8041-4ccc-bc8b-9e69085c4cba
[2026-03-16T21:24:05.786+0000] {logging_mixin.py:149} INFO - Conectando WebSocket...
[2026-03-16T21:24:05.984+0000] {logging_mixin.py:149} INFO - WebSocket conectado
[2026-03-16T21:24:05.985+0000] {logging_mixin.py:149} INFO - Esperando que el kernel este listo...
[2026-03-16T21:24:05.998+0000] {logging_mixin.py:149} INFO -   Estado kernel: busy
[2026-03-16T21:24:07.003+0000] {logging_mixin.py:149} INFO -   Estado kernel: idle
[2026-03-16T21:24:07.004+0000] {logging_mixin.py:149} INFO - Kernel listo
[2026-03-16T21:24:07.005+0000] {logging_mixin.py:149} INFO - Leyendo notebook train_model.ipynb...
[2026-03-16T21:24:07.021+0000] {logging_mixin.py:149} INFO - Inyectando parametros...
[2026-03-16T21:24:07.029+0000] {logging_mixin.py:149} INFO -   [celda 0] Parametros inyectados: batch=4, group=4
[2026-03-16T21:24:07.032+0000] {logging_mixin.py:149} INFO - Ejecutando 6 celdas del notebook...
[2026-03-16T21:24:07.032+0000] {logging_mixin.py:149} INFO -   Ejecutando celda 1/6...
[2026-03-16T21:24:07.513+0000] {logging_mixin.py:149} INFO -   [celda 1] Librerias cargadas correctamente
[2026-03-16T21:24:07.515+0000] {logging_mixin.py:149} INFO -   Ejecutando celda 2/6...
[2026-03-16T21:24:07.519+0000] {logging_mixin.py:149} INFO -   [celda 2] Parametros: batch=4, group=4
[2026-03-16T21:24:07.520+0000] {logging_mixin.py:149} INFO -   Ejecutando celda 3/6...
[2026-03-16T21:24:07.543+0000] {logging_mixin.py:149} INFO -   [celda 3] Conectando a PostgreSQL en postgres:5432...
Datos cargados: 5810 filas
   elevation    aspect     slope  horizontal_distance_to_hydrology  \
0   0.672381  0.177778  0.152174                          0.138043   
1   0.818413  0.133333  0.152174                          0.000000   
2   0.159365  0.919444  0.434783                          0.234783   
3   0.831746  0.177778  0.130435                          0.166304   
4   0.328254  0.622222  0.608696                          0.184783   

   vertical_distance_to_hydrology  horizontal_distance_to_roadways  \
0                        0.239332                         0.399028   
1                        0.246753                         0.682943   
2                        0.471243                         0.090146   
3                        0.285714                         0.690897   
4                        0.469388                         0.283473   

   hillshade_9am  hillshade_noon  hillshade_3pm  \
0       0.860104        0.808219          0.532   
1       0.839378        0.801370          0.552   
2       0.564767        0.712329          0.716   
3       0.854922        0.821918          0.544   
4       0.575130        0.986301          0.816   

   horizontal_distance_to_fire_points  wilderness_area_encoded  \
0                            0.042247                        1   
1                            0.797122                        2   
2                            0.112349                        0   
3                            0.820334                        2   
4                            0.127902                        0   

   soil_type_encoded  cover_type  
0                 22           0  
1                 16           0  
2                  6           2  
3                 15           0  
4                  0           5
[2026-03-16T21:24:07.544+0000] {logging_mixin.py:149} INFO -   [celda 3] /tmp/ipykernel_4472/3056758113.py:26: UserWarning: pandas only supports SQLAlchemy connectable (engine/connection) or database string URI or sqlite3 DBAPI2 connection. Other DBAPI2 objects are not tested. Please consider using SQLAlchemy.
  df = pd.read_sql(query, conn, params=(BATCH_NUMBER, GROUP_NUMBER))
[2026-03-16T21:24:07.545+0000] {logging_mixin.py:149} INFO -   Ejecutando celda 4/6...
[2026-03-16T21:24:07.550+0000] {logging_mixin.py:149} INFO -   [celda 4] Train: 4648 filas | Test: 1162 filas
[2026-03-16T21:24:07.551+0000] {logging_mixin.py:149} INFO -   Ejecutando celda 5/6...
[2026-03-16T21:24:07.687+0000] {logging_mixin.py:149} INFO -   [celda 5] Entrenando Random Forest...
Entrenamiento completado
Accuracy en test: 0.8563 (85.63%)
[2026-03-16T21:24:07.689+0000] {logging_mixin.py:149} INFO -   Ejecutando celda 6/6...
[2026-03-16T21:24:07.735+0000] {logging_mixin.py:149} INFO -   [celda 6] Conectando a MinIO en http://minio:9000...
[2026-03-16T21:24:07.789+0000] {logging_mixin.py:149} INFO -   [celda 6] Modelo guardado en MinIO: s3://models/group_4/batch_4_acc_0.8563_20260316_212407.pkl
Tamano: 12389.5 KB
Notebook completado exitosamente
[2026-03-16T21:24:07.791+0000] {logging_mixin.py:149} INFO - Todas las celdas ejecutadas exitosamente
[2026-03-16T21:24:08.011+0000] {logging_mixin.py:149} INFO - Kernel ebf646c4-8041-4ccc-bc8b-9e69085c4cba eliminado
[2026-03-16T21:24:08.011+0000] {python.py:183} INFO - Done. Returned value was: None
[2026-03-16T21:24:08.016+0000] {taskinstance.py:1373} INFO - Marking task as SUCCESS. dag_id=dag_mlops_full_pipeline, task_id=trigger_jupyter, execution_date=20260316T211800, start_date=20260316T212405, end_date=20260316T212408
[2026-03-16T21:24:08.048+0000] {local_task_job_runner.py:232} INFO - Task exited with return code 0
[2026-03-16T21:24:08.057+0000] {taskinstance.py:2674} INFO - 1 downstream tasks scheduled from follow-on schedule check
