[2026-03-14T20:49:19.196+0000] {taskinstance.py:1125} INFO - Dependencies all met for dep_context=non-requeueable deps ti=<TaskInstance: dag_mlops_full_pipeline.trigger_jupyter manual__2026-03-14T20:49:13.505140+00:00 [queued]>
[2026-03-14T20:49:19.199+0000] {taskinstance.py:1125} INFO - Dependencies all met for dep_context=requeueable deps ti=<TaskInstance: dag_mlops_full_pipeline.trigger_jupyter manual__2026-03-14T20:49:13.505140+00:00 [queued]>
[2026-03-14T20:49:19.199+0000] {taskinstance.py:1331} INFO - Starting attempt 1 of 1
[2026-03-14T20:49:19.203+0000] {taskinstance.py:1350} INFO - Executing <Task(PythonOperator): trigger_jupyter> on 2026-03-14 20:49:13.505140+00:00
[2026-03-14T20:49:19.206+0000] {standard_task_runner.py:57} INFO - Started process 1547 to run task
[2026-03-14T20:49:19.207+0000] {standard_task_runner.py:84} INFO - Running: ['***', 'tasks', 'run', 'dag_mlops_full_pipeline', 'trigger_jupyter', 'manual__2026-03-14T20:49:13.505140+00:00', '--job-id', '104', '--raw', '--subdir', 'DAGS_FOLDER/dag2.py', '--cfg-path', '/tmp/tmpsupa7wt4']
[2026-03-14T20:49:19.208+0000] {standard_task_runner.py:85} INFO - Job 104: Subtask trigger_jupyter
[2026-03-14T20:49:19.226+0000] {task_command.py:410} INFO - Running <TaskInstance: dag_mlops_full_pipeline.trigger_jupyter manual__2026-03-14T20:49:13.505140+00:00 [running]> on host 806b7d0ca00f
[2026-03-14T20:49:19.253+0000] {taskinstance.py:1570} INFO - Exporting env vars: AIRFLOW_CTX_DAG_OWNER='***' AIRFLOW_CTX_DAG_ID='dag_mlops_full_pipeline' AIRFLOW_CTX_TASK_ID='trigger_jupyter' AIRFLOW_CTX_EXECUTION_DATE='2026-03-14T20:49:13.505140+00:00' AIRFLOW_CTX_TRY_NUMBER='1' AIRFLOW_CTX_DAG_RUN_ID='manual__2026-03-14T20:49:13.505140+00:00'
[2026-03-14T20:49:19.259+0000] {logging_mixin.py:149} INFO - Creando kernel en Jupyter...
[2026-03-14T20:49:19.277+0000] {logging_mixin.py:149} INFO - Kernel creado: d1b6ad10-7b93-434e-88d0-726185fcba16
[2026-03-14T20:49:19.277+0000] {logging_mixin.py:149} INFO - Conectando WebSocket...
[2026-03-14T20:49:19.466+0000] {logging_mixin.py:149} INFO - WebSocket conectado
[2026-03-14T20:49:19.466+0000] {logging_mixin.py:149} INFO - Esperando que el kernel esté listo...
[2026-03-14T20:49:19.481+0000] {logging_mixin.py:149} INFO -   Estado kernel: busy
[2026-03-14T20:49:20.489+0000] {logging_mixin.py:149} INFO -   Estado kernel: busy
[2026-03-14T20:49:21.495+0000] {logging_mixin.py:149} INFO -   Estado kernel: idle
[2026-03-14T20:49:21.496+0000] {logging_mixin.py:149} INFO - Kernel listo
[2026-03-14T20:49:21.496+0000] {logging_mixin.py:149} INFO - Leyendo notebook train_model.ipynb...
[2026-03-14T20:49:21.512+0000] {logging_mixin.py:149} INFO - Inyectando parámetros...
[2026-03-14T20:49:21.522+0000] {logging_mixin.py:149} INFO -   [celda 0] Parámetros inyectados: batch=4, group=4
[2026-03-14T20:49:21.523+0000] {logging_mixin.py:149} INFO - Ejecutando 6 celdas del notebook...
[2026-03-14T20:49:21.523+0000] {logging_mixin.py:149} INFO -   Ejecutando celda 1/6...
[2026-03-14T20:49:21.535+0000] {logging_mixin.py:149} INFO -   [celda 1 ERROR] SyntaxError: unterminated string literal (detected at line 336) (1847263792.py, line 336)
[2026-03-14T20:49:21.699+0000] {logging_mixin.py:149} INFO - Kernel d1b6ad10-7b93-434e-88d0-726185fcba16 eliminado
[2026-03-14T20:49:21.699+0000] {taskinstance.py:1847} ERROR - Task failed with exception
Traceback (most recent call last):
  File "/home/airflow/.local/lib/python3.7/site-packages/airflow/operators/python.py", line 181, in execute
    return_value = self.execute_callable()
  File "/home/airflow/.local/lib/python3.7/site-packages/airflow/operators/python.py", line 198, in execute_callable
    return self.python_callable(*self.op_args, **self.op_kwargs)
  File "/opt/airflow/dags/dag2.py", line 404, in trigger_jupyter
    raise RuntimeError(f"Error en celda {i}:\n" + "\n".join(errors))
RuntimeError: Error en celda 1:
SyntaxError: unterminated string literal (detected at line 336) (1847263792.py, line 336)
execute_reply: SyntaxError: unterminated string literal (detected at line 336) (1847263792.py, line 336)
[2026-03-14T20:49:21.704+0000] {taskinstance.py:1373} INFO - Marking task as FAILED. dag_id=dag_mlops_full_pipeline, task_id=trigger_jupyter, execution_date=20260314T204913, start_date=20260314T204919, end_date=20260314T204921
[2026-03-14T20:49:21.710+0000] {standard_task_runner.py:109} ERROR - Failed to execute job 104 for task trigger_jupyter (Error en celda 1:
SyntaxError: unterminated string literal (detected at line 336) (1847263792.py, line 336)
execute_reply: SyntaxError: unterminated string literal (detected at line 336) (1847263792.py, line 336); 1547)
[2026-03-14T20:49:21.749+0000] {local_task_job_runner.py:232} INFO - Task exited with return code 1
[2026-03-14T20:49:21.763+0000] {taskinstance.py:2674} INFO - 0 downstream tasks scheduled from follow-on schedule check
