[2026-03-16T20:35:05.572+0000] {taskinstance.py:1125} INFO - Dependencies all met for dep_context=non-requeueable deps ti=<TaskInstance: dag_mlops_full_pipeline.trigger_jupyter scheduled__2026-03-16T20:30:00+00:00 [queued]>
[2026-03-16T20:35:05.575+0000] {taskinstance.py:1125} INFO - Dependencies all met for dep_context=requeueable deps ti=<TaskInstance: dag_mlops_full_pipeline.trigger_jupyter scheduled__2026-03-16T20:30:00+00:00 [queued]>
[2026-03-16T20:35:05.575+0000] {taskinstance.py:1331} INFO - Starting attempt 1 of 1
[2026-03-16T20:35:05.580+0000] {taskinstance.py:1350} INFO - Executing <Task(PythonOperator): trigger_jupyter> on 2026-03-16 20:30:00+00:00
[2026-03-16T20:35:05.583+0000] {standard_task_runner.py:57} INFO - Started process 33754 to run task
[2026-03-16T20:35:05.584+0000] {standard_task_runner.py:84} INFO - Running: ['***', 'tasks', 'run', 'dag_mlops_full_pipeline', 'trigger_jupyter', 'scheduled__2026-03-16T20:30:00+00:00', '--job-id', '434', '--raw', '--subdir', 'DAGS_FOLDER/dag2.py', '--cfg-path', '/tmp/tmpw5b2w2ss']
[2026-03-16T20:35:05.585+0000] {standard_task_runner.py:85} INFO - Job 434: Subtask trigger_jupyter
[2026-03-16T20:35:05.603+0000] {task_command.py:410} INFO - Running <TaskInstance: dag_mlops_full_pipeline.trigger_jupyter scheduled__2026-03-16T20:30:00+00:00 [running]> on host 87aa27980d8e
[2026-03-16T20:35:05.633+0000] {taskinstance.py:1570} INFO - Exporting env vars: AIRFLOW_CTX_DAG_OWNER='***' AIRFLOW_CTX_DAG_ID='dag_mlops_full_pipeline' AIRFLOW_CTX_TASK_ID='trigger_jupyter' AIRFLOW_CTX_EXECUTION_DATE='2026-03-16T20:30:00+00:00' AIRFLOW_CTX_TRY_NUMBER='1' AIRFLOW_CTX_DAG_RUN_ID='scheduled__2026-03-16T20:30:00+00:00'
[2026-03-16T20:35:05.639+0000] {logging_mixin.py:149} INFO - Creando kernel en Jupyter...
[2026-03-16T20:35:05.671+0000] {logging_mixin.py:149} INFO - Kernel creado: 8fad56e8-5d45-480f-a4ab-021187fc17e2
[2026-03-16T20:35:05.671+0000] {logging_mixin.py:149} INFO - Conectando WebSocket...
[2026-03-16T20:35:05.859+0000] {logging_mixin.py:149} INFO - WebSocket conectado
[2026-03-16T20:35:05.859+0000] {logging_mixin.py:149} INFO - Esperando que el kernel este listo...
[2026-03-16T20:35:05.876+0000] {logging_mixin.py:149} INFO -   Estado kernel: busy
[2026-03-16T20:35:06.881+0000] {logging_mixin.py:149} INFO -   Estado kernel: busy
[2026-03-16T20:35:07.890+0000] {logging_mixin.py:149} INFO -   Estado kernel: idle
[2026-03-16T20:35:07.891+0000] {logging_mixin.py:149} INFO - Kernel listo
[2026-03-16T20:35:07.892+0000] {logging_mixin.py:149} INFO - Leyendo notebook train_model.ipynb...
[2026-03-16T20:35:07.910+0000] {logging_mixin.py:149} INFO - Inyectando parametros...
[2026-03-16T20:35:07.917+0000] {logging_mixin.py:149} INFO -   [celda 0] Parametros inyectados: batch=3, group=4
[2026-03-16T20:35:07.920+0000] {logging_mixin.py:149} INFO - Ejecutando 6 celdas del notebook...
[2026-03-16T20:35:07.920+0000] {logging_mixin.py:149} INFO -   Ejecutando celda 1/6...
[2026-03-16T20:35:08.431+0000] {logging_mixin.py:149} INFO -   [celda 1] Librerias cargadas correctamente
[2026-03-16T20:35:08.432+0000] {logging_mixin.py:149} INFO -   Ejecutando celda 2/6...
[2026-03-16T20:35:08.436+0000] {logging_mixin.py:149} INFO -   [celda 2] Parametros: batch=3, group=4
[2026-03-16T20:35:08.436+0000] {logging_mixin.py:149} INFO -   Ejecutando celda 3/6...
[2026-03-16T20:35:08.466+0000] {logging_mixin.py:149} INFO -   [celda 3] Conectando a PostgreSQL en postgres:5432...
Datos cargados: 5810 filas
   elevation    aspect     slope  horizontal_distance_to_hydrology  \
0   0.625551  0.694444  0.270833                          0.182482   
1   0.634361  0.716667  0.354167                          0.156413   
2   0.864695  0.208333  0.437500                          0.546403   
3   0.211454  0.927778  0.708333                          0.221064   
4   0.623663  0.672222  0.375000                          0.349322   

   vertical_distance_to_hydrology  horizontal_distance_to_roadways  \
0                        0.387611                         0.315984   
1                        0.302655                         0.461672   
2                        0.343363                         0.239547   
3                        0.484956                         0.254138   
4                        0.532743                         0.505444   

   hillshade_9am  hillshade_noon  hillshade_3pm  \
0       0.688119        0.967949       0.793522   
1       0.623762        0.961538       0.838057   
2       0.930693        0.615385       0.299595   
3       0.366337        0.493590       0.716599   
4       0.648515        0.987179       0.825911   

   horizontal_distance_to_fire_points  wilderness_area_encoded  \
0                            0.449732                        1   
1                            0.256590                        1   
2                            0.491019                        2   
3                            0.261255                        0   
4                            0.124096                        1   

   soil_type_encoded  cover_type  
0                  3           1  
1                 20           1  
2                 26           0  
3                  6           2  
4                 22           0
[2026-03-16T20:35:08.467+0000] {logging_mixin.py:149} INFO -   [celda 3] /tmp/ipykernel_3782/3056758113.py:26: UserWarning: pandas only supports SQLAlchemy connectable (engine/connection) or database string URI or sqlite3 DBAPI2 connection. Other DBAPI2 objects are not tested. Please consider using SQLAlchemy.
  df = pd.read_sql(query, conn, params=(BATCH_NUMBER, GROUP_NUMBER))
[2026-03-16T20:35:08.467+0000] {logging_mixin.py:149} INFO -   Ejecutando celda 4/6...
[2026-03-16T20:35:08.473+0000] {logging_mixin.py:149} INFO -   [celda 4] Train: 4648 filas | Test: 1162 filas
[2026-03-16T20:35:08.473+0000] {logging_mixin.py:149} INFO -   Ejecutando celda 5/6...
[2026-03-16T20:35:08.633+0000] {logging_mixin.py:149} INFO -   [celda 5] Entrenando Random Forest...
[2026-03-16T20:35:08.635+0000] {logging_mixin.py:149} INFO -   [celda 5] Entrenamiento completado
Accuracy en test: 0.8692 (86.92%)
[2026-03-16T20:35:08.637+0000] {logging_mixin.py:149} INFO -   Ejecutando celda 6/6...
[2026-03-16T20:35:08.684+0000] {logging_mixin.py:149} INFO -   [celda 6] Conectando a MinIO en http://minio:9000...
[2026-03-16T20:35:08.769+0000] {logging_mixin.py:149} INFO -   [celda 6] Modelo guardado en MinIO: s3://models/group_4/batch_3_acc_0.8692_20260316_203508.pkl
Tamano: 12070.4 KB
Notebook completado exitosamente
[2026-03-16T20:35:08.770+0000] {logging_mixin.py:149} INFO - Todas las celdas ejecutadas exitosamente
[2026-03-16T20:35:08.991+0000] {logging_mixin.py:149} INFO - Kernel 8fad56e8-5d45-480f-a4ab-021187fc17e2 eliminado
[2026-03-16T20:35:08.991+0000] {python.py:183} INFO - Done. Returned value was: None
[2026-03-16T20:35:08.996+0000] {taskinstance.py:1373} INFO - Marking task as SUCCESS. dag_id=dag_mlops_full_pipeline, task_id=trigger_jupyter, execution_date=20260316T203000, start_date=20260316T203505, end_date=20260316T203508
[2026-03-16T20:35:09.006+0000] {local_task_job_runner.py:232} INFO - Task exited with return code 0
[2026-03-16T20:35:09.016+0000] {taskinstance.py:2674} INFO - 1 downstream tasks scheduled from follow-on schedule check
