[2026-03-16T21:18:05.640+0000] {taskinstance.py:1125} INFO - Dependencies all met for dep_context=non-requeueable deps ti=<TaskInstance: dag_mlops_full_pipeline.trigger_jupyter scheduled__2026-03-16T21:12:00+00:00 [queued]>
[2026-03-16T21:18:05.643+0000] {taskinstance.py:1125} INFO - Dependencies all met for dep_context=requeueable deps ti=<TaskInstance: dag_mlops_full_pipeline.trigger_jupyter scheduled__2026-03-16T21:12:00+00:00 [queued]>
[2026-03-16T21:18:05.643+0000] {taskinstance.py:1331} INFO - Starting attempt 1 of 1
[2026-03-16T21:18:05.648+0000] {taskinstance.py:1350} INFO - Executing <Task(PythonOperator): trigger_jupyter> on 2026-03-16 21:12:00+00:00
[2026-03-16T21:18:05.650+0000] {standard_task_runner.py:57} INFO - Started process 37092 to run task
[2026-03-16T21:18:05.652+0000] {standard_task_runner.py:84} INFO - Running: ['***', 'tasks', 'run', 'dag_mlops_full_pipeline', 'trigger_jupyter', 'scheduled__2026-03-16T21:12:00+00:00', '--job-id', '488', '--raw', '--subdir', 'DAGS_FOLDER/dag2.py', '--cfg-path', '/tmp/tmp4tlc2ox9']
[2026-03-16T21:18:05.652+0000] {standard_task_runner.py:85} INFO - Job 488: Subtask trigger_jupyter
[2026-03-16T21:18:05.670+0000] {task_command.py:410} INFO - Running <TaskInstance: dag_mlops_full_pipeline.trigger_jupyter scheduled__2026-03-16T21:12:00+00:00 [running]> on host 87aa27980d8e
[2026-03-16T21:18:05.698+0000] {taskinstance.py:1570} INFO - Exporting env vars: AIRFLOW_CTX_DAG_OWNER='***' AIRFLOW_CTX_DAG_ID='dag_mlops_full_pipeline' AIRFLOW_CTX_TASK_ID='trigger_jupyter' AIRFLOW_CTX_EXECUTION_DATE='2026-03-16T21:12:00+00:00' AIRFLOW_CTX_TRY_NUMBER='1' AIRFLOW_CTX_DAG_RUN_ID='scheduled__2026-03-16T21:12:00+00:00'
[2026-03-16T21:18:05.704+0000] {logging_mixin.py:149} INFO - Creando kernel en Jupyter...
[2026-03-16T21:18:05.721+0000] {logging_mixin.py:149} INFO - Kernel creado: 2137da24-0c67-4b3e-94b4-b0acbfb8d6ea
[2026-03-16T21:18:05.721+0000] {logging_mixin.py:149} INFO - Conectando WebSocket...
[2026-03-16T21:18:05.921+0000] {logging_mixin.py:149} INFO - WebSocket conectado
[2026-03-16T21:18:05.921+0000] {logging_mixin.py:149} INFO - Esperando que el kernel este listo...
[2026-03-16T21:18:05.933+0000] {logging_mixin.py:149} INFO -   Estado kernel: busy
[2026-03-16T21:18:06.939+0000] {logging_mixin.py:149} INFO -   Estado kernel: idle
[2026-03-16T21:18:06.940+0000] {logging_mixin.py:149} INFO - Kernel listo
[2026-03-16T21:18:06.940+0000] {logging_mixin.py:149} INFO - Leyendo notebook train_model.ipynb...
[2026-03-16T21:18:06.954+0000] {logging_mixin.py:149} INFO - Inyectando parametros...
[2026-03-16T21:18:06.962+0000] {logging_mixin.py:149} INFO -   [celda 0] Parametros inyectados: batch=3, group=4
[2026-03-16T21:18:06.964+0000] {logging_mixin.py:149} INFO - Ejecutando 6 celdas del notebook...
[2026-03-16T21:18:06.964+0000] {logging_mixin.py:149} INFO -   Ejecutando celda 1/6...
[2026-03-16T21:18:07.455+0000] {logging_mixin.py:149} INFO -   [celda 1] Librerias cargadas correctamente
[2026-03-16T21:18:07.456+0000] {logging_mixin.py:149} INFO -   Ejecutando celda 2/6...
[2026-03-16T21:18:07.460+0000] {logging_mixin.py:149} INFO -   [celda 2] Parametros: batch=3, group=4
[2026-03-16T21:18:07.461+0000] {logging_mixin.py:149} INFO -   Ejecutando celda 3/6...
[2026-03-16T21:18:07.482+0000] {logging_mixin.py:149} INFO -   [celda 3] Conectando a PostgreSQL en postgres:5432...
Datos cargados: 5810 filas
   elevation    aspect     slope  horizontal_distance_to_hydrology  \
0   0.671795  0.122222  0.306122                          0.772826   
1   0.486538  0.347222  0.265306                          0.097826   
2   0.855769  0.547222  0.142857                          0.327174   
3   0.719872  0.961111  0.204082                          0.346739   
4   0.714744  0.952778  0.265306                          0.163043   

   vertical_distance_to_hydrology  horizontal_distance_to_roadways  \
0                        0.847909                         0.223820   
1                        0.283270                         0.034764   
2                        0.385932                         0.262446   
3                        0.374525                         0.123820   
4                        0.304183                         0.265236   

   hillshade_9am  hillshade_noon  hillshade_3pm  \
0       0.846154        0.662069       0.461538   
1       0.942308        0.834483       0.465587   
2       0.826923        0.944828       0.659919   
3       0.740385        0.786207       0.655870   
4       0.706731        0.758621       0.668016   

   horizontal_distance_to_fire_points  wilderness_area_encoded  \
0                            0.149027                        1   
1                            0.143806                        2   
2                            0.475083                        2   
3                            0.368771                        1   
4                            0.422164                        1   

   soil_type_encoded  cover_type  
0                 22           1  
1                 19           1  
2                 25           0  
3                 16           1  
4                 20           1
[2026-03-16T21:18:07.483+0000] {logging_mixin.py:149} INFO -   [celda 3] /tmp/ipykernel_4410/3056758113.py:26: UserWarning: pandas only supports SQLAlchemy connectable (engine/connection) or database string URI or sqlite3 DBAPI2 connection. Other DBAPI2 objects are not tested. Please consider using SQLAlchemy.
  df = pd.read_sql(query, conn, params=(BATCH_NUMBER, GROUP_NUMBER))
[2026-03-16T21:18:07.483+0000] {logging_mixin.py:149} INFO -   Ejecutando celda 4/6...
[2026-03-16T21:18:07.489+0000] {logging_mixin.py:149} INFO -   [celda 4] Train: 4648 filas | Test: 1162 filas
[2026-03-16T21:18:07.490+0000] {logging_mixin.py:149} INFO -   Ejecutando celda 5/6...
[2026-03-16T21:18:07.640+0000] {logging_mixin.py:149} INFO -   [celda 5] Entrenando Random Forest...
Entrenamiento completado
Accuracy en test: 0.8752 (87.52%)
[2026-03-16T21:18:07.641+0000] {logging_mixin.py:149} INFO -   Ejecutando celda 6/6...
[2026-03-16T21:18:07.687+0000] {logging_mixin.py:149} INFO -   [celda 6] Conectando a MinIO en http://minio:9000...
[2026-03-16T21:18:07.761+0000] {logging_mixin.py:149} INFO -   [celda 6] Modelo guardado en MinIO: s3://models/group_4/batch_3_acc_0.8752_20260316_211807.pkl
Tamano: 12246.0 KB
Notebook completado exitosamente
[2026-03-16T21:18:07.762+0000] {logging_mixin.py:149} INFO - Todas las celdas ejecutadas exitosamente
[2026-03-16T21:18:07.988+0000] {logging_mixin.py:149} INFO - Kernel 2137da24-0c67-4b3e-94b4-b0acbfb8d6ea eliminado
[2026-03-16T21:18:07.988+0000] {python.py:183} INFO - Done. Returned value was: None
[2026-03-16T21:18:07.992+0000] {taskinstance.py:1373} INFO - Marking task as SUCCESS. dag_id=dag_mlops_full_pipeline, task_id=trigger_jupyter, execution_date=20260316T211200, start_date=20260316T211805, end_date=20260316T211807
[2026-03-16T21:18:08.010+0000] {local_task_job_runner.py:232} INFO - Task exited with return code 0
[2026-03-16T21:18:08.019+0000] {taskinstance.py:2674} INFO - 1 downstream tasks scheduled from follow-on schedule check
