[2026-03-16T17:00:06.005+0000] {taskinstance.py:1125} INFO - Dependencies all met for dep_context=non-requeueable deps ti=<TaskInstance: dag_mlops_full_pipeline.trigger_jupyter scheduled__2026-03-16T16:55:00+00:00 [queued]>
[2026-03-16T17:00:06.008+0000] {taskinstance.py:1125} INFO - Dependencies all met for dep_context=requeueable deps ti=<TaskInstance: dag_mlops_full_pipeline.trigger_jupyter scheduled__2026-03-16T16:55:00+00:00 [queued]>
[2026-03-16T17:00:06.008+0000] {taskinstance.py:1331} INFO - Starting attempt 1 of 1
[2026-03-16T17:00:06.013+0000] {taskinstance.py:1350} INFO - Executing <Task(PythonOperator): trigger_jupyter> on 2026-03-16 16:55:00+00:00
[2026-03-16T17:00:06.015+0000] {standard_task_runner.py:57} INFO - Started process 17897 to run task
[2026-03-16T17:00:06.017+0000] {standard_task_runner.py:84} INFO - Running: ['***', 'tasks', 'run', 'dag_mlops_full_pipeline', 'trigger_jupyter', 'scheduled__2026-03-16T16:55:00+00:00', '--job-id', '239', '--raw', '--subdir', 'DAGS_FOLDER/dag2.py', '--cfg-path', '/tmp/tmpp9v1fosr']
[2026-03-16T17:00:06.018+0000] {standard_task_runner.py:85} INFO - Job 239: Subtask trigger_jupyter
[2026-03-16T17:00:06.036+0000] {task_command.py:410} INFO - Running <TaskInstance: dag_mlops_full_pipeline.trigger_jupyter scheduled__2026-03-16T16:55:00+00:00 [running]> on host 87aa27980d8e
[2026-03-16T17:00:06.066+0000] {taskinstance.py:1570} INFO - Exporting env vars: AIRFLOW_CTX_DAG_OWNER='***' AIRFLOW_CTX_DAG_ID='dag_mlops_full_pipeline' AIRFLOW_CTX_TASK_ID='trigger_jupyter' AIRFLOW_CTX_EXECUTION_DATE='2026-03-16T16:55:00+00:00' AIRFLOW_CTX_TRY_NUMBER='1' AIRFLOW_CTX_DAG_RUN_ID='scheduled__2026-03-16T16:55:00+00:00'
[2026-03-16T17:00:06.072+0000] {logging_mixin.py:149} INFO - Creando kernel en Jupyter...
[2026-03-16T17:00:06.094+0000] {logging_mixin.py:149} INFO - Kernel creado: 3721aa37-d9c2-461c-b89c-dd25e10c7263
[2026-03-16T17:00:06.094+0000] {logging_mixin.py:149} INFO - Conectando WebSocket...
[2026-03-16T17:00:06.405+0000] {logging_mixin.py:149} INFO - WebSocket conectado
[2026-03-16T17:00:06.405+0000] {logging_mixin.py:149} INFO - Esperando que el kernel este listo...
[2026-03-16T17:00:06.431+0000] {logging_mixin.py:149} INFO -   Estado kernel: busy
[2026-03-16T17:00:07.433+0000] {logging_mixin.py:149} INFO -   Estado kernel: idle
[2026-03-16T17:00:07.434+0000] {logging_mixin.py:149} INFO - Kernel listo
[2026-03-16T17:00:07.435+0000] {logging_mixin.py:149} INFO - Leyendo notebook train_model.ipynb...
[2026-03-16T17:00:07.450+0000] {logging_mixin.py:149} INFO - Inyectando parametros...
[2026-03-16T17:00:07.459+0000] {logging_mixin.py:149} INFO -   [celda 0] Parametros inyectados: batch=2, group=4
[2026-03-16T17:00:07.461+0000] {logging_mixin.py:149} INFO - Ejecutando 6 celdas del notebook...
[2026-03-16T17:00:07.462+0000] {logging_mixin.py:149} INFO -   Ejecutando celda 1/6...
[2026-03-16T17:00:08.037+0000] {logging_mixin.py:149} INFO -   [celda 1] Librerias cargadas correctamente
[2026-03-16T17:00:08.039+0000] {logging_mixin.py:149} INFO -   Ejecutando celda 2/6...
[2026-03-16T17:00:08.044+0000] {logging_mixin.py:149} INFO -   [celda 2] Parametros: batch=2, group=4
[2026-03-16T17:00:08.044+0000] {logging_mixin.py:149} INFO -   Ejecutando celda 3/6...
[2026-03-16T17:00:08.076+0000] {logging_mixin.py:149} INFO -   [celda 3] Conectando a PostgreSQL en postgres:5432...
Datos cargados: 5810 filas
   elevation    aspect     slope  horizontal_distance_to_hydrology  \
0   0.674984  0.983333  0.612245                          0.191083   
1   0.715533  0.383333  0.224490                          0.656051   
2   0.252027  0.136111  0.387755                          0.171975   
3   0.717405  0.972222  0.326531                          0.131635   
4   0.260761  0.019444  0.408163                          0.127389   

   vertical_distance_to_hydrology  horizontal_distance_to_roadways  \
0                        0.417407                         0.060782   
1                        0.644760                         0.136598   
2                        0.325044                         0.277706   
3                        0.335702                         0.211125   
4                        0.355240                         0.274055   

   hillshade_9am  hillshade_noon  hillshade_3pm  \
0       0.481675        0.442177       0.582996   
1       0.910995        0.877551       0.522267   
2       0.842932        0.605442       0.396761   
3       0.654450        0.700680       0.643725   
4       0.680628        0.612245       0.558704   

   horizontal_distance_to_fire_points  wilderness_area_encoded  \
0                            0.484630                        2   
1                            0.294830                        2   
2                            0.133442                        0   
3                            0.453423                        1   
4                            0.112715                        0   

   soil_type_encoded  cover_type  
0                 19           0  
1                 18           1  
2                  1           5  
3                 21           1  
4                  6           2
[2026-03-16T17:00:08.077+0000] {logging_mixin.py:149} INFO -   [celda 3] /tmp/ipykernel_1466/3056758113.py:26: UserWarning: pandas only supports SQLAlchemy connectable (engine/connection) or database string URI or sqlite3 DBAPI2 connection. Other DBAPI2 objects are not tested. Please consider using SQLAlchemy.
  df = pd.read_sql(query, conn, params=(BATCH_NUMBER, GROUP_NUMBER))
[2026-03-16T17:00:08.077+0000] {logging_mixin.py:149} INFO -   Ejecutando celda 4/6...
[2026-03-16T17:00:08.084+0000] {logging_mixin.py:149} INFO -   [celda 4] Train: 4648 filas | Test: 1162 filas
[2026-03-16T17:00:08.084+0000] {logging_mixin.py:149} INFO -   Ejecutando celda 5/6...
[2026-03-16T17:00:08.239+0000] {logging_mixin.py:149} INFO -   [celda 5] Entrenando Random Forest...
[2026-03-16T17:00:08.268+0000] {logging_mixin.py:149} INFO -   [celda 5] Entrenamiento completado
Accuracy en test: 0.8709 (87.09%)
[2026-03-16T17:00:08.270+0000] {logging_mixin.py:149} INFO -   Ejecutando celda 6/6...
[2026-03-16T17:00:08.317+0000] {logging_mixin.py:149} INFO -   [celda 6] Conectando a MinIO en http://minio:9000...
[2026-03-16T17:00:08.403+0000] {logging_mixin.py:149} INFO -   [celda 6] Modelo guardado en MinIO: s3://models/group_4/batch_2_acc_0.8709_20260316_170008.pkl
Tamano: 12643.8 KB
Notebook completado exitosamente
[2026-03-16T17:00:08.404+0000] {logging_mixin.py:149} INFO - Todas las celdas ejecutadas exitosamente
[2026-03-16T17:00:08.726+0000] {logging_mixin.py:149} INFO - Kernel 3721aa37-d9c2-461c-b89c-dd25e10c7263 eliminado
[2026-03-16T17:00:08.727+0000] {python.py:183} INFO - Done. Returned value was: None
[2026-03-16T17:00:08.731+0000] {taskinstance.py:1373} INFO - Marking task as SUCCESS. dag_id=dag_mlops_full_pipeline, task_id=trigger_jupyter, execution_date=20260316T165500, start_date=20260316T170006, end_date=20260316T170008
[2026-03-16T17:00:08.749+0000] {local_task_job_runner.py:232} INFO - Task exited with return code 0
[2026-03-16T17:00:08.760+0000] {taskinstance.py:2674} INFO - 1 downstream tasks scheduled from follow-on schedule check
