[2026-03-17T00:42:19.392+0000] {taskinstance.py:1125} INFO - Dependencies all met for dep_context=non-requeueable deps ti=<TaskInstance: dag_mlops_full_pipeline.trigger_jupyter scheduled__2026-03-17T00:30:00+00:00 [queued]>
[2026-03-17T00:42:19.395+0000] {taskinstance.py:1125} INFO - Dependencies all met for dep_context=requeueable deps ti=<TaskInstance: dag_mlops_full_pipeline.trigger_jupyter scheduled__2026-03-17T00:30:00+00:00 [queued]>
[2026-03-17T00:42:19.395+0000] {taskinstance.py:1331} INFO - Starting attempt 1 of 1
[2026-03-17T00:42:19.400+0000] {taskinstance.py:1350} INFO - Executing <Task(PythonOperator): trigger_jupyter> on 2026-03-17 00:30:00+00:00
[2026-03-17T00:42:19.403+0000] {standard_task_runner.py:57} INFO - Started process 50585 to run task
[2026-03-17T00:42:19.404+0000] {standard_task_runner.py:84} INFO - Running: ['***', 'tasks', 'run', 'dag_mlops_full_pipeline', 'trigger_jupyter', 'scheduled__2026-03-17T00:30:00+00:00', '--job-id', '539', '--raw', '--subdir', 'DAGS_FOLDER/dag2.py', '--cfg-path', '/tmp/tmp0ndlpojp']
[2026-03-17T00:42:19.405+0000] {standard_task_runner.py:85} INFO - Job 539: Subtask trigger_jupyter
[2026-03-17T00:42:19.424+0000] {task_command.py:410} INFO - Running <TaskInstance: dag_mlops_full_pipeline.trigger_jupyter scheduled__2026-03-17T00:30:00+00:00 [running]> on host 87aa27980d8e
[2026-03-17T00:42:19.452+0000] {taskinstance.py:1570} INFO - Exporting env vars: AIRFLOW_CTX_DAG_OWNER='***' AIRFLOW_CTX_DAG_ID='dag_mlops_full_pipeline' AIRFLOW_CTX_TASK_ID='trigger_jupyter' AIRFLOW_CTX_EXECUTION_DATE='2026-03-17T00:30:00+00:00' AIRFLOW_CTX_TRY_NUMBER='1' AIRFLOW_CTX_DAG_RUN_ID='scheduled__2026-03-17T00:30:00+00:00'
[2026-03-17T00:42:19.458+0000] {logging_mixin.py:149} INFO - Creando kernel en Jupyter...
[2026-03-17T00:42:19.488+0000] {logging_mixin.py:149} INFO - Kernel creado: c6b813b2-a62c-4a35-ac31-eafa7eff7e1e
[2026-03-17T00:42:19.488+0000] {logging_mixin.py:149} INFO - Conectando WebSocket...
[2026-03-17T00:42:19.682+0000] {logging_mixin.py:149} INFO - WebSocket conectado
[2026-03-17T00:42:19.682+0000] {logging_mixin.py:149} INFO - Esperando que el kernel este listo...
[2026-03-17T00:42:19.692+0000] {logging_mixin.py:149} INFO -   Estado kernel: busy
[2026-03-17T00:42:20.696+0000] {logging_mixin.py:149} INFO -   Estado kernel: busy
[2026-03-17T00:42:21.699+0000] {logging_mixin.py:149} INFO -   Estado kernel: idle
[2026-03-17T00:42:21.700+0000] {logging_mixin.py:149} INFO - Kernel listo
[2026-03-17T00:42:21.700+0000] {logging_mixin.py:149} INFO - Leyendo notebook train_model.ipynb...
[2026-03-17T00:42:21.704+0000] {logging_mixin.py:149} INFO - Inyectando parametros...
[2026-03-17T00:42:21.708+0000] {logging_mixin.py:149} INFO -   [celda 0] Parametros inyectados: batch=2, group=4
[2026-03-17T00:42:21.710+0000] {logging_mixin.py:149} INFO - Ejecutando 6 celdas del notebook...
[2026-03-17T00:42:21.710+0000] {logging_mixin.py:149} INFO -   Ejecutando celda 1/6...
[2026-03-17T00:42:22.313+0000] {logging_mixin.py:149} INFO -   [celda 1] Librerias cargadas correctamente
[2026-03-17T00:42:22.315+0000] {logging_mixin.py:149} INFO -   Ejecutando celda 2/6...
[2026-03-17T00:42:22.319+0000] {logging_mixin.py:149} INFO -   [celda 2] Parametros: batch=2, group=4
[2026-03-17T00:42:22.319+0000] {logging_mixin.py:149} INFO -   Ejecutando celda 3/6...
[2026-03-17T00:42:22.341+0000] {logging_mixin.py:149} INFO -   [celda 3] Conectando a PostgreSQL en postgres:5432...
Datos cargados: 5810 filas
   elevation    aspect     slope  horizontal_distance_to_hydrology  \
0   0.678727  0.750000  0.312500                          0.161987   
1   0.904554  0.261111  0.270833                          0.116631   
2   0.671865  0.847222  0.354167                          0.276458   
3   0.074236  0.019444  0.541667                          0.165227   
4   0.283219  0.852778  0.541667                          0.091793   

   vertical_distance_to_hydrology  horizontal_distance_to_roadways  \
0                        0.224335                         0.246984   
1                        0.292776                         0.491640   
2                        0.412548                         0.391958   
3                        0.382129                         0.038095   
4                        0.311787                         0.190476   

   hillshade_9am  hillshade_noon  hillshade_3pm  \
0          0.620        0.931973       0.822581   
1          0.930        0.768707       0.431452   
2          0.585        0.829932       0.794355   
3          0.620        0.482993       0.516129   
4          0.430        0.727891       0.846774   

   horizontal_distance_to_fire_points  wilderness_area_encoded  \
0                            0.201899                        1   
1                            0.626534                        2   
2                            0.250521                        1   
3                            0.201899                        0   
4                            0.147256                        0   

   soil_type_encoded  cover_type  
0                 21           1  
1                 25           6  
2                 20           1  
3                  4           5  
4                  5           2
[2026-03-17T00:42:22.343+0000] {logging_mixin.py:149} INFO -   [celda 3] /tmp/ipykernel_4973/3056758113.py:26: UserWarning: pandas only supports SQLAlchemy connectable (engine/connection) or database string URI or sqlite3 DBAPI2 connection. Other DBAPI2 objects are not tested. Please consider using SQLAlchemy.
  df = pd.read_sql(query, conn, params=(BATCH_NUMBER, GROUP_NUMBER))
[2026-03-17T00:42:22.343+0000] {logging_mixin.py:149} INFO -   Ejecutando celda 4/6...
[2026-03-17T00:42:22.350+0000] {logging_mixin.py:149} INFO -   [celda 4] Train: 4648 filas | Test: 1162 filas
[2026-03-17T00:42:22.350+0000] {logging_mixin.py:149} INFO -   Ejecutando celda 5/6...
[2026-03-17T00:42:22.501+0000] {logging_mixin.py:149} INFO -   [celda 5] Entrenando Random Forest...
Entrenamiento completado
Accuracy en test: 0.8744 (87.44%)
[2026-03-17T00:42:22.503+0000] {logging_mixin.py:149} INFO -   Ejecutando celda 6/6...
[2026-03-17T00:42:22.549+0000] {logging_mixin.py:149} INFO -   [celda 6] Conectando a MinIO en http://minio:9000...
[2026-03-17T00:42:22.631+0000] {logging_mixin.py:149} INFO -   [celda 6] Modelo guardado en MinIO: s3://models/group_4/batch_2_acc_0.8744_20260317_004222.pkl
Tamano: 11820.4 KB
Notebook completado exitosamente
[2026-03-17T00:42:22.633+0000] {logging_mixin.py:149} INFO - Todas las celdas ejecutadas exitosamente
[2026-03-17T00:42:22.850+0000] {logging_mixin.py:149} INFO - Kernel c6b813b2-a62c-4a35-ac31-eafa7eff7e1e eliminado
[2026-03-17T00:42:22.850+0000] {python.py:183} INFO - Done. Returned value was: None
[2026-03-17T00:42:22.854+0000] {taskinstance.py:1373} INFO - Marking task as SUCCESS. dag_id=dag_mlops_full_pipeline, task_id=trigger_jupyter, execution_date=20260317T003000, start_date=20260317T004219, end_date=20260317T004222
[2026-03-17T00:42:22.866+0000] {local_task_job_runner.py:232} INFO - Task exited with return code 0
[2026-03-17T00:42:22.876+0000] {taskinstance.py:2674} INFO - 1 downstream tasks scheduled from follow-on schedule check
