[2026-03-17T01:18:05.990+0000] {taskinstance.py:1125} INFO - Dependencies all met for dep_context=non-requeueable deps ti=<TaskInstance: dag_mlops_full_pipeline.trigger_jupyter scheduled__2026-03-17T01:12:00+00:00 [queued]>
[2026-03-17T01:18:05.993+0000] {taskinstance.py:1125} INFO - Dependencies all met for dep_context=requeueable deps ti=<TaskInstance: dag_mlops_full_pipeline.trigger_jupyter scheduled__2026-03-17T01:12:00+00:00 [queued]>
[2026-03-17T01:18:05.993+0000] {taskinstance.py:1331} INFO - Starting attempt 1 of 1
[2026-03-17T01:18:05.998+0000] {taskinstance.py:1350} INFO - Executing <Task(PythonOperator): trigger_jupyter> on 2026-03-17 01:12:00+00:00
[2026-03-17T01:18:06.001+0000] {standard_task_runner.py:57} INFO - Started process 53192 to run task
[2026-03-17T01:18:06.002+0000] {standard_task_runner.py:84} INFO - Running: ['***', 'tasks', 'run', 'dag_mlops_full_pipeline', 'trigger_jupyter', 'scheduled__2026-03-17T01:12:00+00:00', '--job-id', '571', '--raw', '--subdir', 'DAGS_FOLDER/dag2.py', '--cfg-path', '/tmp/tmpa19jtuao']
[2026-03-17T01:18:06.003+0000] {standard_task_runner.py:85} INFO - Job 571: Subtask trigger_jupyter
[2026-03-17T01:18:06.021+0000] {task_command.py:410} INFO - Running <TaskInstance: dag_mlops_full_pipeline.trigger_jupyter scheduled__2026-03-17T01:12:00+00:00 [running]> on host 87aa27980d8e
[2026-03-17T01:18:06.052+0000] {taskinstance.py:1570} INFO - Exporting env vars: AIRFLOW_CTX_DAG_OWNER='***' AIRFLOW_CTX_DAG_ID='dag_mlops_full_pipeline' AIRFLOW_CTX_TASK_ID='trigger_jupyter' AIRFLOW_CTX_EXECUTION_DATE='2026-03-17T01:12:00+00:00' AIRFLOW_CTX_TRY_NUMBER='1' AIRFLOW_CTX_DAG_RUN_ID='scheduled__2026-03-17T01:12:00+00:00'
[2026-03-17T01:18:06.058+0000] {logging_mixin.py:149} INFO - Creando kernel en Jupyter...
[2026-03-17T01:18:06.087+0000] {logging_mixin.py:149} INFO - Kernel creado: b82f3024-b339-4e9e-a8a3-0a40ec8b8944
[2026-03-17T01:18:06.087+0000] {logging_mixin.py:149} INFO - Conectando WebSocket...
[2026-03-17T01:18:06.263+0000] {logging_mixin.py:149} INFO - WebSocket conectado
[2026-03-17T01:18:06.263+0000] {logging_mixin.py:149} INFO - Esperando que el kernel este listo...
[2026-03-17T01:18:06.275+0000] {logging_mixin.py:149} INFO -   Estado kernel: busy
[2026-03-17T01:18:07.282+0000] {logging_mixin.py:149} INFO -   Estado kernel: idle
[2026-03-17T01:18:07.283+0000] {logging_mixin.py:149} INFO - Kernel listo
[2026-03-17T01:18:07.283+0000] {logging_mixin.py:149} INFO - Leyendo notebook train_model.ipynb...
[2026-03-17T01:18:07.300+0000] {logging_mixin.py:149} INFO - Inyectando parametros...
[2026-03-17T01:18:07.305+0000] {logging_mixin.py:149} INFO -   [celda 0] Parametros inyectados: batch=1, group=4
[2026-03-17T01:18:07.306+0000] {logging_mixin.py:149} INFO - Ejecutando 7 celdas del notebook...
[2026-03-17T01:18:07.306+0000] {logging_mixin.py:149} INFO -   Ejecutando celda 1/7...
[2026-03-17T01:18:07.843+0000] {logging_mixin.py:149} INFO -   [celda 1] Librerias cargadas correctamente
[2026-03-17T01:18:07.844+0000] {logging_mixin.py:149} INFO -   Ejecutando celda 2/7...
[2026-03-17T01:18:07.847+0000] {logging_mixin.py:149} INFO -   [celda 2] Parametros: batch=1, group=4
[2026-03-17T01:18:07.888+0000] {logging_mixin.py:149} INFO -   Ejecutando celda 3/7...
[2026-03-17T01:18:07.939+0000] {logging_mixin.py:149} INFO -   [celda 3] Conectando a PostgreSQL en postgres:5432...
Datos cargados: 11620 filas
   elevation  aspect  slope  horizontal_distance_to_hydrology  \
0       3249     100     18                                42   
1       2231     103     29                                30   
2       2263     251     32                               433   
3       2777     218     27                               300   
4       3288     216     13                               618   

   vertical_distance_to_hydrology  horizontal_distance_to_roadways  \
0                               6                             3909   
1                               2                              960   
2                             125                              511   
3                              82                             1396   
4                              61                             4331   

   hillshade_9am  hillshade_noon  hillshade_3pm  \
0            247             212             88   
1            253             190             44   
2            133             242            234   
3            180             253            196   
4            207             252            179   

   horizontal_distance_to_fire_points wilderness_area soil_type  cover_type  
0                                4106           Rawah     C8772           6  
1                                 957           Cache     C2717           2  
2                                1719           Cache     C4703           2  
3                                1354       Commanche     C7757           1  
4                                1965           Rawah     C8771           6
[2026-03-17T01:18:07.939+0000] {logging_mixin.py:149} INFO -   [celda 3] /tmp/ipykernel_5348/1577938307.py:30: UserWarning: pandas only supports SQLAlchemy connectable (engine/connection) or database string URI or sqlite3 DBAPI2 connection. Other DBAPI2 objects are not tested. Please consider using SQLAlchemy.
  df = pd.read_sql(query, conn, params=(BATCH_NUMBER, GROUP_NUMBER))
[2026-03-17T01:18:07.940+0000] {logging_mixin.py:149} INFO -   Ejecutando celda 4/7...
[2026-03-17T01:18:07.948+0000] {logging_mixin.py:149} INFO -   [celda 4] Wilderness areas vistas: ['Cache', 'Commanche', 'Rawah']
Soil types vistos: ['C2702', 'C2703', 'C2704', 'C2705', 'C2706', 'C2717', 'C4703', 'C4704', 'C4758', 'C5101', 'C6101', 'C6102', 'C7101', 'C7102', 'C7201', 'C7202', 'C7700', 'C7710', 'C7745', 'C7746', 'C7755', 'C7756', 'C7757', 'C7790', 'C8771', 'C8772', 'C8776']
Preprocesamiento completado
[2026-03-17T01:18:07.949+0000] {logging_mixin.py:149} INFO -   Ejecutando celda 5/7...
[2026-03-17T01:18:07.955+0000] {logging_mixin.py:149} INFO -   [celda 5] Train: 9296 filas | Test: 2324 filas
[2026-03-17T01:18:07.956+0000] {logging_mixin.py:149} INFO -   Ejecutando celda 6/7...
[2026-03-17T01:18:08.054+0000] {logging_mixin.py:149} INFO -   [celda 6] Entrenando Random Forest...
[2026-03-17T01:18:08.165+0000] {logging_mixin.py:149} INFO -   [celda 6] Entrenamiento completado
Accuracy en test: 0.9101 (91.01%)
[2026-03-17T01:18:08.166+0000] {logging_mixin.py:149} INFO -   Ejecutando celda 7/7...
[2026-03-17T01:18:08.263+0000] {logging_mixin.py:149} INFO -   [celda 7] Conectando a MinIO en http://minio:9000...
Bundle guardado en MinIO: s3://models/group_4/batch_1_acc_0.9101_20260317_011808.pkl
Tamano: 18423.8 KB
Wilderness areas en el bundle: ['Cache', 'Commanche', 'Rawah']
Soil types en el bundle: 27 tipos
Notebook completado exitosamente
[2026-03-17T01:18:08.264+0000] {logging_mixin.py:149} INFO - Todas las celdas ejecutadas exitosamente
[2026-03-17T01:18:08.487+0000] {logging_mixin.py:149} INFO - Kernel b82f3024-b339-4e9e-a8a3-0a40ec8b8944 eliminado
[2026-03-17T01:18:08.487+0000] {python.py:183} INFO - Done. Returned value was: None
[2026-03-17T01:18:08.491+0000] {taskinstance.py:1373} INFO - Marking task as SUCCESS. dag_id=dag_mlops_full_pipeline, task_id=trigger_jupyter, execution_date=20260317T011200, start_date=20260317T011805, end_date=20260317T011808
[2026-03-17T01:18:08.532+0000] {local_task_job_runner.py:232} INFO - Task exited with return code 0
[2026-03-17T01:18:08.542+0000] {taskinstance.py:2674} INFO - 0 downstream tasks scheduled from follow-on schedule check
