[2026-03-16T20:30:06.150+0000] {taskinstance.py:1125} INFO - Dependencies all met for dep_context=non-requeueable deps ti=<TaskInstance: dag_mlops_full_pipeline.trigger_jupyter scheduled__2026-03-16T20:25:00+00:00 [queued]>
[2026-03-16T20:30:06.153+0000] {taskinstance.py:1125} INFO - Dependencies all met for dep_context=requeueable deps ti=<TaskInstance: dag_mlops_full_pipeline.trigger_jupyter scheduled__2026-03-16T20:25:00+00:00 [queued]>
[2026-03-16T20:30:06.153+0000] {taskinstance.py:1331} INFO - Starting attempt 1 of 1
[2026-03-16T20:30:06.158+0000] {taskinstance.py:1350} INFO - Executing <Task(PythonOperator): trigger_jupyter> on 2026-03-16 20:25:00+00:00
[2026-03-16T20:30:06.161+0000] {standard_task_runner.py:57} INFO - Started process 33379 to run task
[2026-03-16T20:30:06.163+0000] {standard_task_runner.py:84} INFO - Running: ['***', 'tasks', 'run', 'dag_mlops_full_pipeline', 'trigger_jupyter', 'scheduled__2026-03-16T20:25:00+00:00', '--job-id', '429', '--raw', '--subdir', 'DAGS_FOLDER/dag2.py', '--cfg-path', '/tmp/tmpxorwdz_1']
[2026-03-16T20:30:06.164+0000] {standard_task_runner.py:85} INFO - Job 429: Subtask trigger_jupyter
[2026-03-16T20:30:06.183+0000] {task_command.py:410} INFO - Running <TaskInstance: dag_mlops_full_pipeline.trigger_jupyter scheduled__2026-03-16T20:25:00+00:00 [running]> on host 87aa27980d8e
[2026-03-16T20:30:06.216+0000] {taskinstance.py:1570} INFO - Exporting env vars: AIRFLOW_CTX_DAG_OWNER='***' AIRFLOW_CTX_DAG_ID='dag_mlops_full_pipeline' AIRFLOW_CTX_TASK_ID='trigger_jupyter' AIRFLOW_CTX_EXECUTION_DATE='2026-03-16T20:25:00+00:00' AIRFLOW_CTX_TRY_NUMBER='1' AIRFLOW_CTX_DAG_RUN_ID='scheduled__2026-03-16T20:25:00+00:00'
[2026-03-16T20:30:06.222+0000] {logging_mixin.py:149} INFO - Creando kernel en Jupyter...
[2026-03-16T20:30:06.249+0000] {logging_mixin.py:149} INFO - Kernel creado: 16b35ec4-915b-4ea7-a955-3baf74567a0a
[2026-03-16T20:30:06.249+0000] {logging_mixin.py:149} INFO - Conectando WebSocket...
[2026-03-16T20:30:06.488+0000] {logging_mixin.py:149} INFO - WebSocket conectado
[2026-03-16T20:30:06.489+0000] {logging_mixin.py:149} INFO - Esperando que el kernel este listo...
[2026-03-16T20:30:06.498+0000] {logging_mixin.py:149} INFO -   Estado kernel: busy
[2026-03-16T20:30:07.502+0000] {logging_mixin.py:149} INFO -   Estado kernel: idle
[2026-03-16T20:30:07.503+0000] {logging_mixin.py:149} INFO - Kernel listo
[2026-03-16T20:30:07.503+0000] {logging_mixin.py:149} INFO - Leyendo notebook train_model.ipynb...
[2026-03-16T20:30:07.519+0000] {logging_mixin.py:149} INFO - Inyectando parametros...
[2026-03-16T20:30:07.531+0000] {logging_mixin.py:149} INFO -   [celda 0] Parametros inyectados: batch=2, group=4
[2026-03-16T20:30:07.532+0000] {logging_mixin.py:149} INFO - Ejecutando 6 celdas del notebook...
[2026-03-16T20:30:07.532+0000] {logging_mixin.py:149} INFO -   Ejecutando celda 1/6...
[2026-03-16T20:30:08.080+0000] {logging_mixin.py:149} INFO -   [celda 1] Librerias cargadas correctamente
[2026-03-16T20:30:08.081+0000] {logging_mixin.py:149} INFO -   Ejecutando celda 2/6...
[2026-03-16T20:30:08.085+0000] {logging_mixin.py:149} INFO -   [celda 2] Parametros: batch=2, group=4
[2026-03-16T20:30:08.086+0000] {logging_mixin.py:149} INFO -   Ejecutando celda 3/6...
[2026-03-16T20:30:08.113+0000] {logging_mixin.py:149} INFO -   [celda 3] Conectando a PostgreSQL en postgres:5432...
Datos cargados: 5810 filas
   elevation    aspect     slope  horizontal_distance_to_hydrology  \
0   0.615385  0.975000  0.411765                          0.030960   
1   0.575662  0.958333  0.607843                          0.264190   
2   0.615385  0.413889  0.372549                          0.154799   
3   0.641866  0.055556  0.137255                          0.000000   
4   0.620429  0.952778  0.450980                          0.069143   

   vertical_distance_to_hydrology  horizontal_distance_to_roadways  \
0                        0.298725                         0.184529   
1                        0.471767                         0.275713   
2                        0.353370                         0.478392   
3                        0.278689                         0.194901   
4                        0.313297                         0.180640   

   hillshade_9am  hillshade_noon  hillshade_3pm  \
0       0.700787        0.658385       0.626506   
1       0.566929        0.509317       0.638554   
2       0.948819        0.881988       0.461847   
3       0.846457        0.819876       0.590361   
4       0.661417        0.658385       0.666667   

   horizontal_distance_to_fire_points  wilderness_area_encoded  \
0                            0.297393                        1   
1                            0.386892                        1   
2                            0.216819                        1   
3                            0.485318                        1   
4                            0.304910                        1   

   soil_type_encoded  cover_type  
0                 16           1  
1                 16           1  
2                  8           4  
3                 20           0  
4                 16           1
[2026-03-16T20:30:08.115+0000] {logging_mixin.py:149} INFO -   [celda 3] /tmp/ipykernel_3720/3056758113.py:26: UserWarning: pandas only supports SQLAlchemy connectable (engine/connection) or database string URI or sqlite3 DBAPI2 connection. Other DBAPI2 objects are not tested. Please consider using SQLAlchemy.
  df = pd.read_sql(query, conn, params=(BATCH_NUMBER, GROUP_NUMBER))
[2026-03-16T20:30:08.115+0000] {logging_mixin.py:149} INFO -   Ejecutando celda 4/6...
[2026-03-16T20:30:08.120+0000] {logging_mixin.py:149} INFO -   [celda 4] Train: 4648 filas | Test: 1162 filas
[2026-03-16T20:30:08.121+0000] {logging_mixin.py:149} INFO -   Ejecutando celda 5/6...
[2026-03-16T20:30:08.260+0000] {logging_mixin.py:149} INFO -   [celda 5] Entrenando Random Forest...
Entrenamiento completado
Accuracy en test: 0.8563 (85.63%)
[2026-03-16T20:30:08.263+0000] {logging_mixin.py:149} INFO -   Ejecutando celda 6/6...
[2026-03-16T20:30:08.309+0000] {logging_mixin.py:149} INFO -   [celda 6] Conectando a MinIO en http://minio:9000...
[2026-03-16T20:30:08.396+0000] {logging_mixin.py:149} INFO -   [celda 6] Modelo guardado en MinIO: s3://models/group_4/batch_2_acc_0.8563_20260316_203008.pkl
Tamano: 12545.6 KB
Notebook completado exitosamente
[2026-03-16T20:30:08.398+0000] {logging_mixin.py:149} INFO - Todas las celdas ejecutadas exitosamente
[2026-03-16T20:30:08.620+0000] {logging_mixin.py:149} INFO - Kernel 16b35ec4-915b-4ea7-a955-3baf74567a0a eliminado
[2026-03-16T20:30:08.620+0000] {python.py:183} INFO - Done. Returned value was: None
[2026-03-16T20:30:08.625+0000] {taskinstance.py:1373} INFO - Marking task as SUCCESS. dag_id=dag_mlops_full_pipeline, task_id=trigger_jupyter, execution_date=20260316T202500, start_date=20260316T203006, end_date=20260316T203008
[2026-03-16T20:30:08.660+0000] {local_task_job_runner.py:232} INFO - Task exited with return code 0
[2026-03-16T20:30:08.671+0000] {taskinstance.py:2674} INFO - 1 downstream tasks scheduled from follow-on schedule check
