[2026-03-14T19:45:10.239+0000] {taskinstance.py:1125} INFO - Dependencies all met for dep_context=non-requeueable deps ti=<TaskInstance: dag_mlops_full_pipeline.trigger_jupyter manual__2026-03-14T19:45:03.629154+00:00 [queued]>
[2026-03-14T19:45:10.242+0000] {taskinstance.py:1125} INFO - Dependencies all met for dep_context=requeueable deps ti=<TaskInstance: dag_mlops_full_pipeline.trigger_jupyter manual__2026-03-14T19:45:03.629154+00:00 [queued]>
[2026-03-14T19:45:10.242+0000] {taskinstance.py:1331} INFO - Starting attempt 1 of 1
[2026-03-14T19:45:10.247+0000] {taskinstance.py:1350} INFO - Executing <Task(PythonOperator): trigger_jupyter> on 2026-03-14 19:45:03.629154+00:00
[2026-03-14T19:45:10.249+0000] {standard_task_runner.py:57} INFO - Started process 538 to run task
[2026-03-14T19:45:10.250+0000] {standard_task_runner.py:84} INFO - Running: ['***', 'tasks', 'run', 'dag_mlops_full_pipeline', 'trigger_jupyter', 'manual__2026-03-14T19:45:03.629154+00:00', '--job-id', '84', '--raw', '--subdir', 'DAGS_FOLDER/dag2.py', '--cfg-path', '/tmp/tmp1043bp56']
[2026-03-14T19:45:10.251+0000] {standard_task_runner.py:85} INFO - Job 84: Subtask trigger_jupyter
[2026-03-14T19:45:10.269+0000] {task_command.py:410} INFO - Running <TaskInstance: dag_mlops_full_pipeline.trigger_jupyter manual__2026-03-14T19:45:03.629154+00:00 [running]> on host 6695f660fb14
[2026-03-14T19:45:10.295+0000] {taskinstance.py:1570} INFO - Exporting env vars: AIRFLOW_CTX_DAG_OWNER='***' AIRFLOW_CTX_DAG_ID='dag_mlops_full_pipeline' AIRFLOW_CTX_TASK_ID='trigger_jupyter' AIRFLOW_CTX_EXECUTION_DATE='2026-03-14T19:45:03.629154+00:00' AIRFLOW_CTX_TRY_NUMBER='1' AIRFLOW_CTX_DAG_RUN_ID='manual__2026-03-14T19:45:03.629154+00:00'
[2026-03-14T19:45:10.301+0000] {logging_mixin.py:149} INFO - Ejecutando notebook con batch=1, group=4...
[2026-03-14T19:45:10.369+0000] {logging_mixin.py:149} INFO - Cannot connect to the Docker daemon at unix:///var/run/docker.sock. Is the docker daemon running?
[2026-03-14T19:45:10.369+0000] {taskinstance.py:1847} ERROR - Task failed with exception
Traceback (most recent call last):
  File "/home/airflow/.local/lib/python3.7/site-packages/airflow/operators/python.py", line 181, in execute
    return_value = self.execute_callable()
  File "/home/airflow/.local/lib/python3.7/site-packages/airflow/operators/python.py", line 198, in execute_callable
    return self.python_callable(*self.op_args, **self.op_kwargs)
  File "/opt/airflow/dags/dag2.py", line 311, in trigger_jupyter
    f"El notebook falló con código {result.returncode}:\n{result.stderr}"
RuntimeError: El notebook falló con código 1:
Cannot connect to the Docker daemon at unix:///var/run/docker.sock. Is the docker daemon running?

[2026-03-14T19:45:10.373+0000] {taskinstance.py:1373} INFO - Marking task as FAILED. dag_id=dag_mlops_full_pipeline, task_id=trigger_jupyter, execution_date=20260314T194503, start_date=20260314T194510, end_date=20260314T194510
[2026-03-14T19:45:10.377+0000] {standard_task_runner.py:109} ERROR - Failed to execute job 84 for task trigger_jupyter (El notebook falló con código 1:
Cannot connect to the Docker daemon at unix:///var/run/docker.sock. Is the docker daemon running?
; 538)
[2026-03-14T19:45:10.391+0000] {local_task_job_runner.py:232} INFO - Task exited with return code 1
[2026-03-14T19:45:10.400+0000] {taskinstance.py:2674} INFO - 0 downstream tasks scheduled from follow-on schedule check
