[2026-03-16T19:25:11.237+0000] {taskinstance.py:1125} INFO - Dependencies all met for dep_context=non-requeueable deps ti=<TaskInstance: dag_mlops_full_pipeline.get_api_data scheduled__2026-03-16T19:20:00+00:00 [queued]>
[2026-03-16T19:25:11.240+0000] {taskinstance.py:1125} INFO - Dependencies all met for dep_context=requeueable deps ti=<TaskInstance: dag_mlops_full_pipeline.get_api_data scheduled__2026-03-16T19:20:00+00:00 [queued]>
[2026-03-16T19:25:11.240+0000] {taskinstance.py:1331} INFO - Starting attempt 1 of 1
[2026-03-16T19:25:11.245+0000] {taskinstance.py:1350} INFO - Executing <Task(PythonOperator): get_api_data> on 2026-03-16 19:20:00+00:00
[2026-03-16T19:25:11.247+0000] {standard_task_runner.py:57} INFO - Started process 28355 to run task
[2026-03-16T19:25:11.249+0000] {standard_task_runner.py:84} INFO - Running: ['***', 'tasks', 'run', 'dag_mlops_full_pipeline', 'get_api_data', 'scheduled__2026-03-16T19:20:00+00:00', '--job-id', '353', '--raw', '--subdir', 'DAGS_FOLDER/dag2.py', '--cfg-path', '/tmp/tmp6566joxf']
[2026-03-16T19:25:11.249+0000] {standard_task_runner.py:85} INFO - Job 353: Subtask get_api_data
[2026-03-16T19:25:11.266+0000] {task_command.py:410} INFO - Running <TaskInstance: dag_mlops_full_pipeline.get_api_data scheduled__2026-03-16T19:20:00+00:00 [running]> on host 87aa27980d8e
[2026-03-16T19:25:11.295+0000] {taskinstance.py:1570} INFO - Exporting env vars: AIRFLOW_CTX_DAG_OWNER='***' AIRFLOW_CTX_DAG_ID='dag_mlops_full_pipeline' AIRFLOW_CTX_TASK_ID='get_api_data' AIRFLOW_CTX_EXECUTION_DATE='2026-03-16T19:20:00+00:00' AIRFLOW_CTX_TRY_NUMBER='1' AIRFLOW_CTX_DAG_RUN_ID='scheduled__2026-03-16T19:20:00+00:00'
[2026-03-16T19:25:11.298+0000] {base.py:73} INFO - Using connection ID 'postgres_default' for task execution.
[2026-03-16T19:25:11.299+0000] {logging_mixin.py:149} INFO - Llamando API: http://host.docker.internal:8080/data | group_number=4
[2026-03-16T19:25:11.319+0000] {logging_mixin.py:149} INFO - Recibido: group=4, batch=2, filas=5810
[2026-03-16T19:25:11.648+0000] {logging_mixin.py:149} INFO - Insercion completada
[2026-03-16T19:25:11.649+0000] {logging_mixin.py:149} INFO - Total filas en training_data: 17430
[2026-03-16T19:25:11.657+0000] {python.py:183} INFO - Done. Returned value was: None
[2026-03-16T19:25:11.660+0000] {taskinstance.py:1373} INFO - Marking task as SUCCESS. dag_id=dag_mlops_full_pipeline, task_id=get_api_data, execution_date=20260316T192000, start_date=20260316T192511, end_date=20260316T192511
[2026-03-16T19:25:11.685+0000] {local_task_job_runner.py:232} INFO - Task exited with return code 0
[2026-03-16T19:25:11.697+0000] {taskinstance.py:2674} INFO - 1 downstream tasks scheduled from follow-on schedule check
[2026-03-16T19:28:56.404+0000] {taskinstance.py:1125} INFO - Dependencies all met for dep_context=non-requeueable deps ti=<TaskInstance: dag_mlops_full_pipeline.get_api_data scheduled__2026-03-16T19:20:00+00:00 [queued]>
[2026-03-16T19:28:56.407+0000] {taskinstance.py:1125} INFO - Dependencies all met for dep_context=requeueable deps ti=<TaskInstance: dag_mlops_full_pipeline.get_api_data scheduled__2026-03-16T19:20:00+00:00 [queued]>
[2026-03-16T19:28:56.407+0000] {taskinstance.py:1331} INFO - Starting attempt 1 of 1
[2026-03-16T19:28:56.411+0000] {taskinstance.py:1350} INFO - Executing <Task(PythonOperator): get_api_data> on 2026-03-16 19:20:00+00:00
[2026-03-16T19:28:56.413+0000] {standard_task_runner.py:57} INFO - Started process 28648 to run task
[2026-03-16T19:28:56.415+0000] {standard_task_runner.py:84} INFO - Running: ['***', 'tasks', 'run', 'dag_mlops_full_pipeline', 'get_api_data', 'scheduled__2026-03-16T19:20:00+00:00', '--job-id', '360', '--raw', '--subdir', 'DAGS_FOLDER/dag2.py', '--cfg-path', '/tmp/tmpaw_e4jyc']
[2026-03-16T19:28:56.416+0000] {standard_task_runner.py:85} INFO - Job 360: Subtask get_api_data
[2026-03-16T19:28:56.434+0000] {task_command.py:410} INFO - Running <TaskInstance: dag_mlops_full_pipeline.get_api_data scheduled__2026-03-16T19:20:00+00:00 [running]> on host 87aa27980d8e
[2026-03-16T19:28:56.461+0000] {taskinstance.py:1570} INFO - Exporting env vars: AIRFLOW_CTX_DAG_OWNER='***' AIRFLOW_CTX_DAG_ID='dag_mlops_full_pipeline' AIRFLOW_CTX_TASK_ID='get_api_data' AIRFLOW_CTX_EXECUTION_DATE='2026-03-16T19:20:00+00:00' AIRFLOW_CTX_TRY_NUMBER='1' AIRFLOW_CTX_DAG_RUN_ID='scheduled__2026-03-16T19:20:00+00:00'
[2026-03-16T19:28:56.464+0000] {base.py:73} INFO - Using connection ID 'postgres_default' for task execution.
[2026-03-16T19:28:56.465+0000] {logging_mixin.py:149} INFO - Llamando API: http://host.docker.internal:8080/data | group_number=4
[2026-03-16T19:28:56.490+0000] {logging_mixin.py:149} INFO - Recibido: group=4, batch=1, filas=5810
[2026-03-16T19:28:56.816+0000] {logging_mixin.py:149} INFO - Insercion completada
[2026-03-16T19:28:56.816+0000] {logging_mixin.py:149} INFO - Total filas en training_data: 5810
[2026-03-16T19:28:56.825+0000] {python.py:183} INFO - Done. Returned value was: None
[2026-03-16T19:28:56.828+0000] {taskinstance.py:1373} INFO - Marking task as SUCCESS. dag_id=dag_mlops_full_pipeline, task_id=get_api_data, execution_date=20260316T192000, start_date=20260316T192856, end_date=20260316T192856
[2026-03-16T19:28:56.860+0000] {local_task_job_runner.py:232} INFO - Task exited with return code 0
[2026-03-16T19:28:56.872+0000] {taskinstance.py:2674} INFO - 1 downstream tasks scheduled from follow-on schedule check
