[2026-03-17T01:21:05.425+0000] {taskinstance.py:1125} INFO - Dependencies all met for dep_context=non-requeueable deps ti=<TaskInstance: dag_mlops_full_pipeline.trigger_jupyter manual__2026-03-17T01:21:00.457032+00:00 [queued]>
[2026-03-17T01:21:05.428+0000] {taskinstance.py:1125} INFO - Dependencies all met for dep_context=requeueable deps ti=<TaskInstance: dag_mlops_full_pipeline.trigger_jupyter manual__2026-03-17T01:21:00.457032+00:00 [queued]>
[2026-03-17T01:21:05.428+0000] {taskinstance.py:1331} INFO - Starting attempt 1 of 1
[2026-03-17T01:21:05.433+0000] {taskinstance.py:1350} INFO - Executing <Task(PythonOperator): trigger_jupyter> on 2026-03-17 01:21:00.457032+00:00
[2026-03-17T01:21:05.436+0000] {standard_task_runner.py:57} INFO - Started process 53443 to run task
[2026-03-17T01:21:05.437+0000] {standard_task_runner.py:84} INFO - Running: ['***', 'tasks', 'run', 'dag_mlops_full_pipeline', 'trigger_jupyter', 'manual__2026-03-17T01:21:00.457032+00:00', '--job-id', '576', '--raw', '--subdir', 'DAGS_FOLDER/dag2.py', '--cfg-path', '/tmp/tmphmm_90cq']
[2026-03-17T01:21:05.438+0000] {standard_task_runner.py:85} INFO - Job 576: Subtask trigger_jupyter
[2026-03-17T01:21:05.456+0000] {task_command.py:410} INFO - Running <TaskInstance: dag_mlops_full_pipeline.trigger_jupyter manual__2026-03-17T01:21:00.457032+00:00 [running]> on host 87aa27980d8e
[2026-03-17T01:21:05.485+0000] {taskinstance.py:1570} INFO - Exporting env vars: AIRFLOW_CTX_DAG_OWNER='***' AIRFLOW_CTX_DAG_ID='dag_mlops_full_pipeline' AIRFLOW_CTX_TASK_ID='trigger_jupyter' AIRFLOW_CTX_EXECUTION_DATE='2026-03-17T01:21:00.457032+00:00' AIRFLOW_CTX_TRY_NUMBER='1' AIRFLOW_CTX_DAG_RUN_ID='manual__2026-03-17T01:21:00.457032+00:00'
[2026-03-17T01:21:05.491+0000] {logging_mixin.py:149} INFO - Creando kernel en Jupyter...
[2026-03-17T01:21:05.513+0000] {logging_mixin.py:149} INFO - Kernel creado: a46b4377-77b6-44ee-848a-ef79c09ff985
[2026-03-17T01:21:05.513+0000] {logging_mixin.py:149} INFO - Conectando WebSocket...
[2026-03-17T01:21:05.756+0000] {logging_mixin.py:149} INFO - WebSocket conectado
[2026-03-17T01:21:05.756+0000] {logging_mixin.py:149} INFO - Esperando que el kernel este listo...
[2026-03-17T01:21:05.771+0000] {logging_mixin.py:149} INFO -   Estado kernel: busy
[2026-03-17T01:21:06.774+0000] {logging_mixin.py:149} INFO -   Estado kernel: idle
[2026-03-17T01:21:06.774+0000] {logging_mixin.py:149} INFO - Kernel listo
[2026-03-17T01:21:06.775+0000] {logging_mixin.py:149} INFO - Leyendo notebook train_model.ipynb...
[2026-03-17T01:21:06.786+0000] {logging_mixin.py:149} INFO - Inyectando parametros...
[2026-03-17T01:21:06.792+0000] {logging_mixin.py:149} INFO -   [celda 0] Parametros inyectados: batch=2, group=4
[2026-03-17T01:21:06.794+0000] {logging_mixin.py:149} INFO - Ejecutando 7 celdas del notebook...
[2026-03-17T01:21:06.794+0000] {logging_mixin.py:149} INFO -   Ejecutando celda 1/7...
[2026-03-17T01:21:07.406+0000] {logging_mixin.py:149} INFO -   [celda 1] Librerias cargadas correctamente
[2026-03-17T01:21:07.409+0000] {logging_mixin.py:149} INFO -   Ejecutando celda 2/7...
[2026-03-17T01:21:07.416+0000] {logging_mixin.py:149} INFO -   [celda 2] Parametros: batch=2, group=4
[2026-03-17T01:21:07.416+0000] {logging_mixin.py:149} INFO -   Ejecutando celda 3/7...
[2026-03-17T01:21:07.564+0000] {logging_mixin.py:149} INFO -   [celda 3] Conectando a PostgreSQL en postgres:5432...
Datos cargados: 5810 filas
   elevation  aspect  slope  horizontal_distance_to_hydrology  \
0       2835     115     26                                90   
1       2992     338     16                                42   
2       2981       7     11                               601   
3       3155      79     17                               849   
4       2955     358     22                               127   

   vertical_distance_to_hydrology  horizontal_distance_to_roadways  \
0                              34                               95   
1                               5                              481   
2                              92                             2581   
3                              50                              924   
4                              22                              658   

   hillshade_9am  hillshade_noon  hillshade_3pm  \
0            254             204             61   
1            184             216            170   
2            206             217            148   
3            240             207             92   
4            181             194            146   

   horizontal_distance_to_fire_points wilderness_area soil_type  cover_type  
0                                 981           Rawah     C7746           1  
1                                1142       Commanche     C7700           1  
2                                1535       Commanche     C7756           0  
3                                1740           Rawah     C7745           1  
4                                1836       Commanche     C7700           0
[2026-03-17T01:21:07.565+0000] {logging_mixin.py:149} INFO -   [celda 3] /tmp/ipykernel_5411/1577938307.py:30: UserWarning: pandas only supports SQLAlchemy connectable (engine/connection) or database string URI or sqlite3 DBAPI2 connection. Other DBAPI2 objects are not tested. Please consider using SQLAlchemy.
  df = pd.read_sql(query, conn, params=(BATCH_NUMBER, GROUP_NUMBER))
[2026-03-17T01:21:07.565+0000] {logging_mixin.py:149} INFO -   Ejecutando celda 4/7...
[2026-03-17T01:21:07.579+0000] {logging_mixin.py:149} INFO -   [celda 4] Wilderness areas vistas: ['Cache', 'Commanche', 'Rawah']
Soil types vistos: ['C2702', 'C2703', 'C2704', 'C2705', 'C2706', 'C2717', 'C4703', 'C4704', 'C4758', 'C5101', 'C6101', 'C6102', 'C7101', 'C7102', 'C7201', 'C7202', 'C7700', 'C7710', 'C7745', 'C7746', 'C7755', 'C7756', 'C7757', 'C7790', 'C8771', 'C8772', 'C8776']
Preprocesamiento completado
[2026-03-17T01:21:07.619+0000] {logging_mixin.py:149} INFO -   Ejecutando celda 5/7...
[2026-03-17T01:21:07.626+0000] {logging_mixin.py:149} INFO -   [celda 5] Train: 4648 filas | Test: 1162 filas
[2026-03-17T01:21:07.668+0000] {logging_mixin.py:149} INFO -   Ejecutando celda 6/7...
[2026-03-17T01:21:07.804+0000] {logging_mixin.py:149} INFO -   [celda 6] Entrenando Random Forest...
[2026-03-17T01:21:07.928+0000] {logging_mixin.py:149} INFO -   [celda 6] Entrenamiento completado
Accuracy en test: 0.8812 (88.12%)
[2026-03-17T01:21:07.930+0000] {logging_mixin.py:149} INFO -   Ejecutando celda 7/7...
[2026-03-17T01:21:08.047+0000] {logging_mixin.py:149} INFO -   [celda 7] Conectando a MinIO en http://minio:9000...
Bundle guardado en MinIO: s3://models/group_4/batch_2_acc_0.8812_20260317_012108.pkl
Tamano: 12184.4 KB
Wilderness areas en el bundle: ['Cache', 'Commanche', 'Rawah']
Soil types en el bundle: 27 tipos
Notebook completado exitosamente
[2026-03-17T01:21:08.049+0000] {logging_mixin.py:149} INFO - Todas las celdas ejecutadas exitosamente
[2026-03-17T01:21:08.274+0000] {logging_mixin.py:149} INFO - Kernel a46b4377-77b6-44ee-848a-ef79c09ff985 eliminado
[2026-03-17T01:21:08.274+0000] {python.py:183} INFO - Done. Returned value was: None
[2026-03-17T01:21:08.279+0000] {taskinstance.py:1373} INFO - Marking task as SUCCESS. dag_id=dag_mlops_full_pipeline, task_id=trigger_jupyter, execution_date=20260317T012100, start_date=20260317T012105, end_date=20260317T012108
[2026-03-17T01:21:08.325+0000] {local_task_job_runner.py:232} INFO - Task exited with return code 0
[2026-03-17T01:21:08.338+0000] {taskinstance.py:2674} INFO - 1 downstream tasks scheduled from follow-on schedule check
