[2026-03-16T21:36:04.876+0000] {taskinstance.py:1125} INFO - Dependencies all met for dep_context=non-requeueable deps ti=<TaskInstance: dag_mlops_full_pipeline.trigger_jupyter scheduled__2026-03-16T21:30:00+00:00 [queued]>
[2026-03-16T21:36:04.879+0000] {taskinstance.py:1125} INFO - Dependencies all met for dep_context=requeueable deps ti=<TaskInstance: dag_mlops_full_pipeline.trigger_jupyter scheduled__2026-03-16T21:30:00+00:00 [queued]>
[2026-03-16T21:36:04.879+0000] {taskinstance.py:1331} INFO - Starting attempt 1 of 1
[2026-03-16T21:36:04.884+0000] {taskinstance.py:1350} INFO - Executing <Task(PythonOperator): trigger_jupyter> on 2026-03-16 21:30:00+00:00
[2026-03-16T21:36:04.886+0000] {standard_task_runner.py:57} INFO - Started process 38402 to run task
[2026-03-16T21:36:04.887+0000] {standard_task_runner.py:84} INFO - Running: ['***', 'tasks', 'run', 'dag_mlops_full_pipeline', 'trigger_jupyter', 'scheduled__2026-03-16T21:30:00+00:00', '--job-id', '503', '--raw', '--subdir', 'DAGS_FOLDER/dag2.py', '--cfg-path', '/tmp/tmpu44fb5q6']
[2026-03-16T21:36:04.888+0000] {standard_task_runner.py:85} INFO - Job 503: Subtask trigger_jupyter
[2026-03-16T21:36:04.905+0000] {task_command.py:410} INFO - Running <TaskInstance: dag_mlops_full_pipeline.trigger_jupyter scheduled__2026-03-16T21:30:00+00:00 [running]> on host 87aa27980d8e
[2026-03-16T21:36:04.934+0000] {taskinstance.py:1570} INFO - Exporting env vars: AIRFLOW_CTX_DAG_OWNER='***' AIRFLOW_CTX_DAG_ID='dag_mlops_full_pipeline' AIRFLOW_CTX_TASK_ID='trigger_jupyter' AIRFLOW_CTX_EXECUTION_DATE='2026-03-16T21:30:00+00:00' AIRFLOW_CTX_TRY_NUMBER='1' AIRFLOW_CTX_DAG_RUN_ID='scheduled__2026-03-16T21:30:00+00:00'
[2026-03-16T21:36:04.939+0000] {logging_mixin.py:149} INFO - Creando kernel en Jupyter...
[2026-03-16T21:36:04.956+0000] {logging_mixin.py:149} INFO - Kernel creado: a9cb7083-356f-45c6-a4ab-3574fdb0d7ea
[2026-03-16T21:36:04.956+0000] {logging_mixin.py:149} INFO - Conectando WebSocket...
[2026-03-16T21:36:05.147+0000] {logging_mixin.py:149} INFO - WebSocket conectado
[2026-03-16T21:36:05.147+0000] {logging_mixin.py:149} INFO - Esperando que el kernel este listo...
[2026-03-16T21:36:05.169+0000] {logging_mixin.py:149} INFO -   Estado kernel: busy
[2026-03-16T21:36:06.176+0000] {logging_mixin.py:149} INFO -   Estado kernel: busy
[2026-03-16T21:36:07.183+0000] {logging_mixin.py:149} INFO -   Estado kernel: idle
[2026-03-16T21:36:07.184+0000] {logging_mixin.py:149} INFO - Kernel listo
[2026-03-16T21:36:07.185+0000] {logging_mixin.py:149} INFO - Leyendo notebook train_model.ipynb...
[2026-03-16T21:36:07.199+0000] {logging_mixin.py:149} INFO - Inyectando parametros...
[2026-03-16T21:36:07.206+0000] {logging_mixin.py:149} INFO -   [celda 0] Parametros inyectados: batch=6, group=4
[2026-03-16T21:36:07.209+0000] {logging_mixin.py:149} INFO - Ejecutando 6 celdas del notebook...
[2026-03-16T21:36:07.209+0000] {logging_mixin.py:149} INFO -   Ejecutando celda 1/6...
[2026-03-16T21:36:07.676+0000] {logging_mixin.py:149} INFO -   [celda 1] Librerias cargadas correctamente
[2026-03-16T21:36:07.678+0000] {logging_mixin.py:149} INFO -   Ejecutando celda 2/6...
[2026-03-16T21:36:07.682+0000] {logging_mixin.py:149} INFO -   [celda 2] Parametros: batch=6, group=4
[2026-03-16T21:36:07.682+0000] {logging_mixin.py:149} INFO -   Ejecutando celda 3/6...
[2026-03-16T21:36:07.704+0000] {logging_mixin.py:149} INFO -   [celda 3] Conectando a PostgreSQL en postgres:5432...
Datos cargados: 5810 filas
   elevation    aspect     slope  horizontal_distance_to_hydrology  \
0   0.268015  0.011142  0.127660                          0.172524   
1   0.735145  0.250696  0.361702                          0.831736   
2   0.699115  0.038997  0.340426                          0.031949   
3   0.687105  0.236769  0.489362                          0.172524   
4   0.083439  0.662953  0.340426                          0.255591   

   vertical_distance_to_hydrology  horizontal_distance_to_roadways  \
0                        0.341241                         0.148164   
1                        0.000000                         0.305562   
2                        0.281022                         0.059480   
3                        0.343066                         0.116599   
4                        0.417883                         0.077303   

   hillshade_9am  hillshade_noon  hillshade_3pm  \
0          0.790        0.819444       0.620968   
1          0.945        0.701389       0.370968   
2          0.745        0.652778       0.544355   
3          0.960        0.590278       0.270161   
4          0.675        0.986111       0.798387   

   horizontal_distance_to_fire_points  wilderness_area_encoded  \
0                            0.127893                        0   
1                            0.208090                        2   
2                            0.308394                        1   
3                            0.398410                        1   
4                            0.187748                        0   

   soil_type_encoded  cover_type  
0                  1           2  
1                 18           1  
2                 16           1  
3                 22           1  
4                  0           5
[2026-03-16T21:36:07.705+0000] {logging_mixin.py:149} INFO -   [celda 3] /tmp/ipykernel_4596/3056758113.py:26: UserWarning: pandas only supports SQLAlchemy connectable (engine/connection) or database string URI or sqlite3 DBAPI2 connection. Other DBAPI2 objects are not tested. Please consider using SQLAlchemy.
  df = pd.read_sql(query, conn, params=(BATCH_NUMBER, GROUP_NUMBER))
[2026-03-16T21:36:07.705+0000] {logging_mixin.py:149} INFO -   Ejecutando celda 4/6...
[2026-03-16T21:36:07.711+0000] {logging_mixin.py:149} INFO -   [celda 4] Train: 4648 filas | Test: 1162 filas
[2026-03-16T21:36:07.712+0000] {logging_mixin.py:149} INFO -   Ejecutando celda 5/6...
[2026-03-16T21:36:07.865+0000] {logging_mixin.py:149} INFO -   [celda 5] Entrenando Random Forest...
Entrenamiento completado
Accuracy en test: 0.8657 (86.57%)
[2026-03-16T21:36:07.867+0000] {logging_mixin.py:149} INFO -   Ejecutando celda 6/6...
[2026-03-16T21:36:07.913+0000] {logging_mixin.py:149} INFO -   [celda 6] Conectando a MinIO en http://minio:9000...
[2026-03-16T21:36:07.961+0000] {logging_mixin.py:149} INFO -   [celda 6] Modelo guardado en MinIO: s3://models/group_4/batch_6_acc_0.8657_20260316_213607.pkl
Tamano: 12053.8 KB
Notebook completado exitosamente
[2026-03-16T21:36:07.964+0000] {logging_mixin.py:149} INFO - Todas las celdas ejecutadas exitosamente
[2026-03-16T21:36:08.195+0000] {logging_mixin.py:149} INFO - Kernel a9cb7083-356f-45c6-a4ab-3574fdb0d7ea eliminado
[2026-03-16T21:36:08.195+0000] {python.py:183} INFO - Done. Returned value was: None
[2026-03-16T21:36:08.200+0000] {taskinstance.py:1373} INFO - Marking task as SUCCESS. dag_id=dag_mlops_full_pipeline, task_id=trigger_jupyter, execution_date=20260316T213000, start_date=20260316T213604, end_date=20260316T213608
[2026-03-16T21:36:08.229+0000] {local_task_job_runner.py:232} INFO - Task exited with return code 0
[2026-03-16T21:36:08.257+0000] {taskinstance.py:2674} INFO - 1 downstream tasks scheduled from follow-on schedule check
