[2026-03-16T21:54:05.822+0000] {taskinstance.py:1125} INFO - Dependencies all met for dep_context=non-requeueable deps ti=<TaskInstance: dag_mlops_full_pipeline.trigger_jupyter scheduled__2026-03-16T21:48:00+00:00 [queued]>
[2026-03-16T21:54:05.825+0000] {taskinstance.py:1125} INFO - Dependencies all met for dep_context=requeueable deps ti=<TaskInstance: dag_mlops_full_pipeline.trigger_jupyter scheduled__2026-03-16T21:48:00+00:00 [queued]>
[2026-03-16T21:54:05.825+0000] {taskinstance.py:1331} INFO - Starting attempt 1 of 1
[2026-03-16T21:54:05.830+0000] {taskinstance.py:1350} INFO - Executing <Task(PythonOperator): trigger_jupyter> on 2026-03-16 21:48:00+00:00
[2026-03-16T21:54:05.832+0000] {standard_task_runner.py:57} INFO - Started process 39674 to run task
[2026-03-16T21:54:05.834+0000] {standard_task_runner.py:84} INFO - Running: ['***', 'tasks', 'run', 'dag_mlops_full_pipeline', 'trigger_jupyter', 'scheduled__2026-03-16T21:48:00+00:00', '--job-id', '513', '--raw', '--subdir', 'DAGS_FOLDER/dag2.py', '--cfg-path', '/tmp/tmpjhinvm77']
[2026-03-16T21:54:05.834+0000] {standard_task_runner.py:85} INFO - Job 513: Subtask trigger_jupyter
[2026-03-16T21:54:05.852+0000] {task_command.py:410} INFO - Running <TaskInstance: dag_mlops_full_pipeline.trigger_jupyter scheduled__2026-03-16T21:48:00+00:00 [running]> on host 87aa27980d8e
[2026-03-16T21:54:05.881+0000] {taskinstance.py:1570} INFO - Exporting env vars: AIRFLOW_CTX_DAG_OWNER='***' AIRFLOW_CTX_DAG_ID='dag_mlops_full_pipeline' AIRFLOW_CTX_TASK_ID='trigger_jupyter' AIRFLOW_CTX_EXECUTION_DATE='2026-03-16T21:48:00+00:00' AIRFLOW_CTX_TRY_NUMBER='1' AIRFLOW_CTX_DAG_RUN_ID='scheduled__2026-03-16T21:48:00+00:00'
[2026-03-16T21:54:05.886+0000] {logging_mixin.py:149} INFO - Creando kernel en Jupyter...
[2026-03-16T21:54:05.907+0000] {logging_mixin.py:149} INFO - Kernel creado: a72ea13f-5df2-4be0-aac4-3d4307f54908
[2026-03-16T21:54:05.907+0000] {logging_mixin.py:149} INFO - Conectando WebSocket...
[2026-03-16T21:54:06.074+0000] {logging_mixin.py:149} INFO - WebSocket conectado
[2026-03-16T21:54:06.074+0000] {logging_mixin.py:149} INFO - Esperando que el kernel este listo...
[2026-03-16T21:54:06.086+0000] {logging_mixin.py:149} INFO -   Estado kernel: busy
[2026-03-16T21:54:07.090+0000] {logging_mixin.py:149} INFO -   Estado kernel: idle
[2026-03-16T21:54:07.091+0000] {logging_mixin.py:149} INFO - Kernel listo
[2026-03-16T21:54:07.092+0000] {logging_mixin.py:149} INFO - Leyendo notebook train_model.ipynb...
[2026-03-16T21:54:07.107+0000] {logging_mixin.py:149} INFO - Inyectando parametros...
[2026-03-16T21:54:07.115+0000] {logging_mixin.py:149} INFO -   [celda 0] Parametros inyectados: batch=8, group=4
[2026-03-16T21:54:07.117+0000] {logging_mixin.py:149} INFO - Ejecutando 6 celdas del notebook...
[2026-03-16T21:54:07.118+0000] {logging_mixin.py:149} INFO -   Ejecutando celda 1/6...
[2026-03-16T21:54:07.638+0000] {logging_mixin.py:149} INFO -   [celda 1] Librerias cargadas correctamente
[2026-03-16T21:54:07.640+0000] {logging_mixin.py:149} INFO -   Ejecutando celda 2/6...
[2026-03-16T21:54:07.644+0000] {logging_mixin.py:149} INFO -   [celda 2] Parametros: batch=8, group=4
[2026-03-16T21:54:07.644+0000] {logging_mixin.py:149} INFO -   Ejecutando celda 3/6...
[2026-03-16T21:54:07.668+0000] {logging_mixin.py:149} INFO -   [celda 3] Conectando a PostgreSQL en postgres:5432...
Datos cargados: 5810 filas
   elevation    aspect     slope  horizontal_distance_to_hydrology  \
0   0.180317  0.975000  0.591837                          0.093202   
1   0.687619  0.050000  0.204082                          0.514254   
2   0.657778  0.769444  0.326531                          0.263158   
3   0.288254  0.838889  0.326531                          0.328947   
4   0.858413  0.969444  0.285714                          0.093202   

   vertical_distance_to_hydrology  horizontal_distance_to_roadways  \
0                        0.350379                         0.299012   
1                        0.456439                         0.226345   
2                        0.439394                         0.151921   
3                        0.395833                         0.270033   
4                        0.303030                         0.801537   

   hillshade_9am  hillshade_noon  hillshade_3pm  \
0       0.514851        0.490066          0.600   
1       0.792079        0.761589          0.568   
2       0.603960        0.913907          0.824   
3       0.603960        0.847682          0.788   
4       0.702970        0.754967          0.640   

   horizontal_distance_to_fire_points  wilderness_area_encoded  \
0                            0.093132                        0   
1                            0.198603                        1   
2                            0.406519                        1   
3                            0.225146                        0   
4                            0.956694                        2   

   soil_type_encoded  cover_type  
0                  6           5  
1                 21           1  
2                  8           0  
3                  7           5  
4                 25           0
[2026-03-16T21:54:07.669+0000] {logging_mixin.py:149} INFO -   [celda 3] /tmp/ipykernel_4721/3056758113.py:26: UserWarning: pandas only supports SQLAlchemy connectable (engine/connection) or database string URI or sqlite3 DBAPI2 connection. Other DBAPI2 objects are not tested. Please consider using SQLAlchemy.
  df = pd.read_sql(query, conn, params=(BATCH_NUMBER, GROUP_NUMBER))
[2026-03-16T21:54:07.669+0000] {logging_mixin.py:149} INFO -   Ejecutando celda 4/6...
[2026-03-16T21:54:07.675+0000] {logging_mixin.py:149} INFO -   [celda 4] Train: 4648 filas | Test: 1162 filas
[2026-03-16T21:54:07.675+0000] {logging_mixin.py:149} INFO -   Ejecutando celda 5/6...
[2026-03-16T21:54:07.825+0000] {logging_mixin.py:149} INFO -   [celda 5] Entrenando Random Forest...
Entrenamiento completado
Accuracy en test: 0.8709 (87.09%)
[2026-03-16T21:54:07.827+0000] {logging_mixin.py:149} INFO -   Ejecutando celda 6/6...
[2026-03-16T21:54:07.873+0000] {logging_mixin.py:149} INFO -   [celda 6] Conectando a MinIO en http://minio:9000...
[2026-03-16T21:54:07.929+0000] {logging_mixin.py:149} INFO -   [celda 6] Modelo guardado en MinIO: s3://models/group_4/batch_8_acc_0.8709_20260316_215407.pkl
Tamano: 11917.6 KB
Notebook completado exitosamente
[2026-03-16T21:54:07.931+0000] {logging_mixin.py:149} INFO - Todas las celdas ejecutadas exitosamente
[2026-03-16T21:54:08.151+0000] {logging_mixin.py:149} INFO - Kernel a72ea13f-5df2-4be0-aac4-3d4307f54908 eliminado
[2026-03-16T21:54:08.151+0000] {python.py:183} INFO - Done. Returned value was: None
[2026-03-16T21:54:08.155+0000] {taskinstance.py:1373} INFO - Marking task as SUCCESS. dag_id=dag_mlops_full_pipeline, task_id=trigger_jupyter, execution_date=20260316T214800, start_date=20260316T215405, end_date=20260316T215408
[2026-03-16T21:54:08.204+0000] {local_task_job_runner.py:232} INFO - Task exited with return code 0
[2026-03-16T21:54:08.216+0000] {taskinstance.py:2674} INFO - 1 downstream tasks scheduled from follow-on schedule check
