[2026-03-16T21:00:07.393+0000] {taskinstance.py:1125} INFO - Dependencies all met for dep_context=non-requeueable deps ti=<TaskInstance: dag_mlops_full_pipeline.trigger_jupyter scheduled__2026-03-16T20:55:00+00:00 [queued]>
[2026-03-16T21:00:07.401+0000] {taskinstance.py:1125} INFO - Dependencies all met for dep_context=requeueable deps ti=<TaskInstance: dag_mlops_full_pipeline.trigger_jupyter scheduled__2026-03-16T20:55:00+00:00 [queued]>
[2026-03-16T21:00:07.402+0000] {taskinstance.py:1331} INFO - Starting attempt 1 of 1
[2026-03-16T21:00:07.407+0000] {taskinstance.py:1350} INFO - Executing <Task(PythonOperator): trigger_jupyter> on 2026-03-16 20:55:00+00:00
[2026-03-16T21:00:07.410+0000] {standard_task_runner.py:57} INFO - Started process 35708 to run task
[2026-03-16T21:00:07.412+0000] {standard_task_runner.py:84} INFO - Running: ['***', 'tasks', 'run', 'dag_mlops_full_pipeline', 'trigger_jupyter', 'scheduled__2026-03-16T20:55:00+00:00', '--job-id', '466', '--raw', '--subdir', 'DAGS_FOLDER/dag2.py', '--cfg-path', '/tmp/tmpfsxh7ac3']
[2026-03-16T21:00:07.413+0000] {standard_task_runner.py:85} INFO - Job 466: Subtask trigger_jupyter
[2026-03-16T21:00:07.433+0000] {task_command.py:410} INFO - Running <TaskInstance: dag_mlops_full_pipeline.trigger_jupyter scheduled__2026-03-16T20:55:00+00:00 [running]> on host 87aa27980d8e
[2026-03-16T21:00:07.466+0000] {taskinstance.py:1570} INFO - Exporting env vars: AIRFLOW_CTX_DAG_OWNER='***' AIRFLOW_CTX_DAG_ID='dag_mlops_full_pipeline' AIRFLOW_CTX_TASK_ID='trigger_jupyter' AIRFLOW_CTX_EXECUTION_DATE='2026-03-16T20:55:00+00:00' AIRFLOW_CTX_TRY_NUMBER='1' AIRFLOW_CTX_DAG_RUN_ID='scheduled__2026-03-16T20:55:00+00:00'
[2026-03-16T21:00:07.473+0000] {logging_mixin.py:149} INFO - Creando kernel en Jupyter...
[2026-03-16T21:00:07.500+0000] {logging_mixin.py:149} INFO - Kernel creado: 1031f266-c3e3-450f-97b7-11905b7eaebc
[2026-03-16T21:00:07.500+0000] {logging_mixin.py:149} INFO - Conectando WebSocket...
[2026-03-16T21:00:07.782+0000] {logging_mixin.py:149} INFO - WebSocket conectado
[2026-03-16T21:00:07.782+0000] {logging_mixin.py:149} INFO - Esperando que el kernel este listo...
[2026-03-16T21:00:07.792+0000] {logging_mixin.py:149} INFO -   Estado kernel: busy
[2026-03-16T21:00:08.792+0000] {logging_mixin.py:149} INFO -   Estado kernel: idle
[2026-03-16T21:00:08.793+0000] {logging_mixin.py:149} INFO - Kernel listo
[2026-03-16T21:00:08.793+0000] {logging_mixin.py:149} INFO - Leyendo notebook train_model.ipynb...
[2026-03-16T21:00:08.798+0000] {logging_mixin.py:149} INFO - Inyectando parametros...
[2026-03-16T21:00:08.802+0000] {logging_mixin.py:149} INFO -   [celda 0] Parametros inyectados: batch=2, group=4
[2026-03-16T21:00:08.804+0000] {logging_mixin.py:149} INFO - Ejecutando 6 celdas del notebook...
[2026-03-16T21:00:08.804+0000] {logging_mixin.py:149} INFO -   Ejecutando celda 1/6...
[2026-03-16T21:00:09.333+0000] {logging_mixin.py:149} INFO -   [celda 1] Librerias cargadas correctamente
[2026-03-16T21:00:09.334+0000] {logging_mixin.py:149} INFO -   Ejecutando celda 2/6...
[2026-03-16T21:00:09.338+0000] {logging_mixin.py:149} INFO -   [celda 2] Parametros: batch=2, group=4
[2026-03-16T21:00:09.338+0000] {logging_mixin.py:149} INFO -   Ejecutando celda 3/6...
[2026-03-16T21:00:09.361+0000] {logging_mixin.py:149} INFO -   [celda 3] Conectando a PostgreSQL en postgres:5432...
Datos cargados: 5810 filas
   elevation    aspect     slope  horizontal_distance_to_hydrology  \
0   0.657161  0.744444  0.153846                          0.062565   
1   0.895658  0.444444  0.403846                          0.500521   
2   0.148412  0.877778  0.384615                          0.093848   
3   0.573558  0.952778  0.269231                          0.344108   
4   0.162022  0.866667  0.230769                          0.000000   

   vertical_distance_to_hydrology  horizontal_distance_to_roadways  \
0                        0.290614                         0.341756   
1                        0.467509                         0.304073   
2                        0.342960                         0.140274   
3                        0.198556                         0.240470   
4                        0.287004                         0.189501   

   hillshade_9am  hillshade_noon  hillshade_3pm  \
0       0.783465        0.925170       0.741935   
1       0.929134        0.897959       0.495968   
2       0.645669        0.761905       0.782258   
3       0.748031        0.755102       0.665323   
4       0.736220        0.843537       0.741935   

   horizontal_distance_to_fire_points  wilderness_area_encoded  \
0                            0.363446                        1   
1                            0.510218                        2   
2                            0.202044                        0   
3                            0.502322                        1   
4                            0.075244                        0   

   soil_type_encoded  cover_type  
0                 21           1  
1                 25           0  
2                  6           5  
3                  8           1  
4                  3           2
[2026-03-16T21:00:09.362+0000] {logging_mixin.py:149} INFO -   [celda 3] /tmp/ipykernel_4158/3056758113.py:26: UserWarning: pandas only supports SQLAlchemy connectable (engine/connection) or database string URI or sqlite3 DBAPI2 connection. Other DBAPI2 objects are not tested. Please consider using SQLAlchemy.
  df = pd.read_sql(query, conn, params=(BATCH_NUMBER, GROUP_NUMBER))
[2026-03-16T21:00:09.362+0000] {logging_mixin.py:149} INFO -   Ejecutando celda 4/6...
[2026-03-16T21:00:09.368+0000] {logging_mixin.py:149} INFO -   [celda 4] Train: 4648 filas | Test: 1162 filas
[2026-03-16T21:00:09.368+0000] {logging_mixin.py:149} INFO -   Ejecutando celda 5/6...
[2026-03-16T21:00:09.517+0000] {logging_mixin.py:149} INFO -   [celda 5] Entrenando Random Forest...
Entrenamiento completado
Accuracy en test: 0.8666 (86.66%)
[2026-03-16T21:00:09.518+0000] {logging_mixin.py:149} INFO -   Ejecutando celda 6/6...
[2026-03-16T21:00:09.563+0000] {logging_mixin.py:149} INFO -   [celda 6] Conectando a MinIO en http://minio:9000...
[2026-03-16T21:00:09.621+0000] {logging_mixin.py:149} INFO -   [celda 6] Modelo guardado en MinIO: s3://models/group_4/batch_2_acc_0.8666_20260316_210009.pkl
Tamano: 11763.4 KB
Notebook completado exitosamente
[2026-03-16T21:00:09.622+0000] {logging_mixin.py:149} INFO - Todas las celdas ejecutadas exitosamente
[2026-03-16T21:00:09.843+0000] {logging_mixin.py:149} INFO - Kernel 1031f266-c3e3-450f-97b7-11905b7eaebc eliminado
[2026-03-16T21:00:09.843+0000] {python.py:183} INFO - Done. Returned value was: None
[2026-03-16T21:00:09.848+0000] {taskinstance.py:1373} INFO - Marking task as SUCCESS. dag_id=dag_mlops_full_pipeline, task_id=trigger_jupyter, execution_date=20260316T205500, start_date=20260316T210007, end_date=20260316T210009
[2026-03-16T21:00:09.874+0000] {local_task_job_runner.py:232} INFO - Task exited with return code 0
[2026-03-16T21:00:09.885+0000] {taskinstance.py:2674} INFO - 1 downstream tasks scheduled from follow-on schedule check
