[2026-03-16T19:10:05.810+0000] {taskinstance.py:1125} INFO - Dependencies all met for dep_context=non-requeueable deps ti=<TaskInstance: dag_mlops_full_pipeline.trigger_jupyter scheduled__2026-03-16T19:05:00+00:00 [queued]>
[2026-03-16T19:10:05.813+0000] {taskinstance.py:1125} INFO - Dependencies all met for dep_context=requeueable deps ti=<TaskInstance: dag_mlops_full_pipeline.trigger_jupyter scheduled__2026-03-16T19:05:00+00:00 [queued]>
[2026-03-16T19:10:05.813+0000] {taskinstance.py:1331} INFO - Starting attempt 1 of 1
[2026-03-16T19:10:05.818+0000] {taskinstance.py:1350} INFO - Executing <Task(PythonOperator): trigger_jupyter> on 2026-03-16 19:05:00+00:00
[2026-03-16T19:10:05.821+0000] {standard_task_runner.py:57} INFO - Started process 27249 to run task
[2026-03-16T19:10:05.822+0000] {standard_task_runner.py:84} INFO - Running: ['***', 'tasks', 'run', 'dag_mlops_full_pipeline', 'trigger_jupyter', 'scheduled__2026-03-16T19:05:00+00:00', '--job-id', '338', '--raw', '--subdir', 'DAGS_FOLDER/dag2.py', '--cfg-path', '/tmp/tmp1b4317j7']
[2026-03-16T19:10:05.823+0000] {standard_task_runner.py:85} INFO - Job 338: Subtask trigger_jupyter
[2026-03-16T19:10:05.840+0000] {task_command.py:410} INFO - Running <TaskInstance: dag_mlops_full_pipeline.trigger_jupyter scheduled__2026-03-16T19:05:00+00:00 [running]> on host 87aa27980d8e
[2026-03-16T19:10:05.870+0000] {taskinstance.py:1570} INFO - Exporting env vars: AIRFLOW_CTX_DAG_OWNER='***' AIRFLOW_CTX_DAG_ID='dag_mlops_full_pipeline' AIRFLOW_CTX_TASK_ID='trigger_jupyter' AIRFLOW_CTX_EXECUTION_DATE='2026-03-16T19:05:00+00:00' AIRFLOW_CTX_TRY_NUMBER='1' AIRFLOW_CTX_DAG_RUN_ID='scheduled__2026-03-16T19:05:00+00:00'
[2026-03-16T19:10:05.875+0000] {logging_mixin.py:149} INFO - Creando kernel en Jupyter...
[2026-03-16T19:10:05.891+0000] {logging_mixin.py:149} INFO - Kernel creado: 6e610c06-cdfc-41a0-b2ac-1dbc024fe042
[2026-03-16T19:10:05.892+0000] {logging_mixin.py:149} INFO - Conectando WebSocket...
[2026-03-16T19:10:06.176+0000] {logging_mixin.py:149} INFO - WebSocket conectado
[2026-03-16T19:10:06.177+0000] {logging_mixin.py:149} INFO - Esperando que el kernel este listo...
[2026-03-16T19:10:06.191+0000] {logging_mixin.py:149} INFO -   Estado kernel: busy
[2026-03-16T19:10:07.198+0000] {logging_mixin.py:149} INFO -   Estado kernel: idle
[2026-03-16T19:10:07.199+0000] {logging_mixin.py:149} INFO - Kernel listo
[2026-03-16T19:10:07.199+0000] {logging_mixin.py:149} INFO - Leyendo notebook train_model.ipynb...
[2026-03-16T19:10:07.213+0000] {logging_mixin.py:149} INFO - Inyectando parametros...
[2026-03-16T19:10:07.222+0000] {logging_mixin.py:149} INFO -   [celda 0] Parametros inyectados: batch=5, group=4
[2026-03-16T19:10:07.224+0000] {logging_mixin.py:149} INFO - Ejecutando 6 celdas del notebook...
[2026-03-16T19:10:07.224+0000] {logging_mixin.py:149} INFO -   Ejecutando celda 1/6...
[2026-03-16T19:10:07.768+0000] {logging_mixin.py:149} INFO -   [celda 1] Librerias cargadas correctamente
[2026-03-16T19:10:07.769+0000] {logging_mixin.py:149} INFO -   Ejecutando celda 2/6...
[2026-03-16T19:10:07.774+0000] {logging_mixin.py:149} INFO -   [celda 2] Parametros: batch=5, group=4
[2026-03-16T19:10:07.774+0000] {logging_mixin.py:149} INFO -   Ejecutando celda 3/6...
[2026-03-16T19:10:07.851+0000] {logging_mixin.py:149} INFO -   [celda 3] Conectando a PostgreSQL en postgres:5432...
Datos cargados: 17430 filas
   elevation    aspect     slope  horizontal_distance_to_hydrology  \
0   0.284444  0.016667  0.708333                          0.230263   
1   0.523810  0.772222  0.458333                          0.032895   
2   0.587937  0.294444  0.312500                          0.338816   
3   0.353016  0.680556  0.229167                          0.485746   
4   0.900317  0.552778  0.229167                          0.460526   

   vertical_distance_to_hydrology  horizontal_distance_to_roadways  \
0                        0.541219                         0.163363   
1                        0.295699                         0.406665   
2                        0.424731                         0.087127   
3                        0.668459                         0.076018   
4                        0.369176                         0.896972   

   hillshade_9am  hillshade_noon  hillshade_3pm  \
0       0.510309        0.367089       0.463710   
1       0.494845        0.892405       0.879032   
2       0.948454        0.791139       0.407258   
3       0.711340        0.962025       0.758065   
4       0.804124        0.974684       0.673387   

   horizontal_distance_to_fire_points  wilderness_area_encoded  \
0                            0.109977                        0   
1                            0.042227                        1   
2                            0.093735                        2   
3                            0.193968                        0   
4                            0.509745                        2   

   soil_type_encoded  cover_type  
0                  6           2  
1                 22           1  
2                 19           4  
3                  7           2  
4                 15           6
[2026-03-16T19:10:07.851+0000] {logging_mixin.py:149} INFO -   [celda 3] /tmp/ipykernel_2654/3056758113.py:26: UserWarning: pandas only supports SQLAlchemy connectable (engine/connection) or database string URI or sqlite3 DBAPI2 connection. Other DBAPI2 objects are not tested. Please consider using SQLAlchemy.
  df = pd.read_sql(query, conn, params=(BATCH_NUMBER, GROUP_NUMBER))
[2026-03-16T19:10:07.852+0000] {logging_mixin.py:149} INFO -   Ejecutando celda 4/6...
[2026-03-16T19:10:07.859+0000] {logging_mixin.py:149} INFO -   [celda 4] Train: 13944 filas | Test: 3486 filas
[2026-03-16T19:10:07.859+0000] {logging_mixin.py:149} INFO -   Ejecutando celda 5/6...
[2026-03-16T19:10:07.971+0000] {logging_mixin.py:149} INFO -   [celda 5] Entrenando Random Forest...
[2026-03-16T19:10:08.113+0000] {logging_mixin.py:149} INFO -   [celda 5] Entrenamiento completado
Accuracy en test: 0.9277 (92.77%)
[2026-03-16T19:10:08.114+0000] {logging_mixin.py:149} INFO -   Ejecutando celda 6/6...
[2026-03-16T19:10:08.211+0000] {logging_mixin.py:149} INFO -   [celda 6] Conectando a MinIO en http://minio:9000...
Modelo guardado en MinIO: s3://models/group_4/batch_5_acc_0.9277_20260316_191008.pkl
Tamano: 22039.8 KB
Notebook completado exitosamente
[2026-03-16T19:10:08.212+0000] {logging_mixin.py:149} INFO - Todas las celdas ejecutadas exitosamente
[2026-03-16T19:10:08.431+0000] {logging_mixin.py:149} INFO - Kernel 6e610c06-cdfc-41a0-b2ac-1dbc024fe042 eliminado
[2026-03-16T19:10:08.431+0000] {python.py:183} INFO - Done. Returned value was: None
[2026-03-16T19:10:08.435+0000] {taskinstance.py:1373} INFO - Marking task as SUCCESS. dag_id=dag_mlops_full_pipeline, task_id=trigger_jupyter, execution_date=20260316T190500, start_date=20260316T191005, end_date=20260316T191008
[2026-03-16T19:10:08.447+0000] {local_task_job_runner.py:232} INFO - Task exited with return code 0
[2026-03-16T19:10:08.457+0000] {taskinstance.py:2674} INFO - 1 downstream tasks scheduled from follow-on schedule check
[2026-03-16T19:14:15.682+0000] {taskinstance.py:1125} INFO - Dependencies all met for dep_context=non-requeueable deps ti=<TaskInstance: dag_mlops_full_pipeline.trigger_jupyter scheduled__2026-03-16T19:05:00+00:00 [queued]>
[2026-03-16T19:14:15.685+0000] {taskinstance.py:1125} INFO - Dependencies all met for dep_context=requeueable deps ti=<TaskInstance: dag_mlops_full_pipeline.trigger_jupyter scheduled__2026-03-16T19:05:00+00:00 [queued]>
[2026-03-16T19:14:15.685+0000] {taskinstance.py:1331} INFO - Starting attempt 1 of 1
[2026-03-16T19:14:15.690+0000] {taskinstance.py:1350} INFO - Executing <Task(PythonOperator): trigger_jupyter> on 2026-03-16 19:05:00+00:00
[2026-03-16T19:14:15.692+0000] {standard_task_runner.py:57} INFO - Started process 27574 to run task
[2026-03-16T19:14:15.694+0000] {standard_task_runner.py:84} INFO - Running: ['***', 'tasks', 'run', 'dag_mlops_full_pipeline', 'trigger_jupyter', 'scheduled__2026-03-16T19:05:00+00:00', '--job-id', '345', '--raw', '--subdir', 'DAGS_FOLDER/dag2.py', '--cfg-path', '/tmp/tmpj7i1olre']
[2026-03-16T19:14:15.694+0000] {standard_task_runner.py:85} INFO - Job 345: Subtask trigger_jupyter
[2026-03-16T19:14:15.714+0000] {task_command.py:410} INFO - Running <TaskInstance: dag_mlops_full_pipeline.trigger_jupyter scheduled__2026-03-16T19:05:00+00:00 [running]> on host 87aa27980d8e
[2026-03-16T19:14:15.741+0000] {taskinstance.py:1570} INFO - Exporting env vars: AIRFLOW_CTX_DAG_OWNER='***' AIRFLOW_CTX_DAG_ID='dag_mlops_full_pipeline' AIRFLOW_CTX_TASK_ID='trigger_jupyter' AIRFLOW_CTX_EXECUTION_DATE='2026-03-16T19:05:00+00:00' AIRFLOW_CTX_TRY_NUMBER='1' AIRFLOW_CTX_DAG_RUN_ID='scheduled__2026-03-16T19:05:00+00:00'
[2026-03-16T19:14:15.747+0000] {logging_mixin.py:149} INFO - Creando kernel en Jupyter...
[2026-03-16T19:14:15.763+0000] {logging_mixin.py:149} INFO - Kernel creado: 95be20be-148a-4bcf-97d7-66e22f80b592
[2026-03-16T19:14:15.763+0000] {logging_mixin.py:149} INFO - Conectando WebSocket...
[2026-03-16T19:14:15.994+0000] {logging_mixin.py:149} INFO - WebSocket conectado
[2026-03-16T19:14:15.995+0000] {logging_mixin.py:149} INFO - Esperando que el kernel este listo...
[2026-03-16T19:14:16.009+0000] {logging_mixin.py:149} INFO -   Estado kernel: busy
[2026-03-16T19:14:17.014+0000] {logging_mixin.py:149} INFO -   Estado kernel: idle
[2026-03-16T19:14:17.015+0000] {logging_mixin.py:149} INFO - Kernel listo
[2026-03-16T19:14:17.016+0000] {logging_mixin.py:149} INFO - Leyendo notebook train_model.ipynb...
[2026-03-16T19:14:17.027+0000] {logging_mixin.py:149} INFO - Inyectando parametros...
[2026-03-16T19:14:17.035+0000] {logging_mixin.py:149} INFO -   [celda 0] Parametros inyectados: batch=1, group=4
[2026-03-16T19:14:17.037+0000] {logging_mixin.py:149} INFO - Ejecutando 6 celdas del notebook...
[2026-03-16T19:14:17.037+0000] {logging_mixin.py:149} INFO -   Ejecutando celda 1/6...
[2026-03-16T19:14:17.522+0000] {logging_mixin.py:149} INFO -   [celda 1] Librerias cargadas correctamente
[2026-03-16T19:14:17.523+0000] {logging_mixin.py:149} INFO -   Ejecutando celda 2/6...
[2026-03-16T19:14:17.527+0000] {logging_mixin.py:149} INFO -   [celda 2] Parametros: batch=1, group=4
[2026-03-16T19:14:17.528+0000] {logging_mixin.py:149} INFO -   Ejecutando celda 3/6...
[2026-03-16T19:14:17.549+0000] {logging_mixin.py:149} INFO -   [celda 3] Conectando a PostgreSQL en postgres:5432...
Datos cargados: 5810 filas
   elevation    aspect  slope  horizontal_distance_to_hydrology  \
0   0.257719  0.161111   0.18                          0.000000   
1   0.756774  0.255556   0.50                          0.716186   
2   0.718967  0.872222   0.52                          0.447894   
3   0.241336  0.036111   0.74                          0.268293   
4   0.680529  0.286111   0.28                          0.268293   

   vertical_distance_to_hydrology  horizontal_distance_to_roadways  \
0                        0.288566                         0.228115   
1                        0.718693                         0.133759   
2                        0.455535                         0.252183   
3                        0.515426                         0.172737   
4                        0.406534                         0.464750   

   hillshade_9am  hillshade_noon  hillshade_3pm  \
0       0.860825        0.795031       0.516129   
1       0.974227        0.608696       0.221774   
2       0.422680        0.720497       0.818548   
3       0.515464        0.291925       0.383065   
4       0.943299        0.795031       0.415323   

   horizontal_distance_to_fire_points  wilderness_area_encoded  \
0                            0.275362                        0   
1                            0.238429                        2   
2                            0.683731                        2   
3                            0.071295                        0   
4                            0.388032                        1   

   soil_type_encoded  cover_type  
0                  6           3  
1                 19           1  
2                 14           0  
3                  6           2  
4                 16           1
[2026-03-16T19:14:17.550+0000] {logging_mixin.py:149} INFO -   [celda 3] /tmp/ipykernel_2717/3056758113.py:26: UserWarning: pandas only supports SQLAlchemy connectable (engine/connection) or database string URI or sqlite3 DBAPI2 connection. Other DBAPI2 objects are not tested. Please consider using SQLAlchemy.
  df = pd.read_sql(query, conn, params=(BATCH_NUMBER, GROUP_NUMBER))
[2026-03-16T19:14:17.551+0000] {logging_mixin.py:149} INFO -   Ejecutando celda 4/6...
[2026-03-16T19:14:17.557+0000] {logging_mixin.py:149} INFO -   [celda 4] Train: 4648 filas | Test: 1162 filas
[2026-03-16T19:14:17.557+0000] {logging_mixin.py:149} INFO -   Ejecutando celda 5/6...
[2026-03-16T19:14:17.710+0000] {logging_mixin.py:149} INFO -   [celda 5] Entrenando Random Forest...
Entrenamiento completado
Accuracy en test: 0.8606 (86.06%)
[2026-03-16T19:14:17.712+0000] {logging_mixin.py:149} INFO -   Ejecutando celda 6/6...
[2026-03-16T19:14:17.758+0000] {logging_mixin.py:149} INFO -   [celda 6] Conectando a MinIO en http://minio:9000...
[2026-03-16T19:14:17.822+0000] {logging_mixin.py:149} INFO -   [celda 6] Modelo guardado en MinIO: s3://models/group_4/batch_1_acc_0.8606_20260316_191417.pkl
Tamano: 12330.6 KB
Notebook completado exitosamente
[2026-03-16T19:14:17.824+0000] {logging_mixin.py:149} INFO - Todas las celdas ejecutadas exitosamente
[2026-03-16T19:14:18.144+0000] {logging_mixin.py:149} INFO - Kernel 95be20be-148a-4bcf-97d7-66e22f80b592 eliminado
[2026-03-16T19:14:18.145+0000] {python.py:183} INFO - Done. Returned value was: None
[2026-03-16T19:14:18.149+0000] {taskinstance.py:1373} INFO - Marking task as SUCCESS. dag_id=dag_mlops_full_pipeline, task_id=trigger_jupyter, execution_date=20260316T190500, start_date=20260316T191415, end_date=20260316T191418
[2026-03-16T19:14:18.187+0000] {local_task_job_runner.py:232} INFO - Task exited with return code 0
[2026-03-16T19:14:18.197+0000] {taskinstance.py:2674} INFO - 1 downstream tasks scheduled from follow-on schedule check
