[2026-03-17T01:56:21.794+0000] {taskinstance.py:1125} INFO - Dependencies all met for dep_context=non-requeueable deps ti=<TaskInstance: dag_mlops_full_pipeline.get_api_data scheduled__2026-03-17T01:50:00+00:00 [queued]>
[2026-03-17T01:56:21.797+0000] {taskinstance.py:1125} INFO - Dependencies all met for dep_context=requeueable deps ti=<TaskInstance: dag_mlops_full_pipeline.get_api_data scheduled__2026-03-17T01:50:00+00:00 [queued]>
[2026-03-17T01:56:21.797+0000] {taskinstance.py:1331} INFO - Starting attempt 1 of 1
[2026-03-17T01:56:21.801+0000] {taskinstance.py:1350} INFO - Executing <Task(PythonOperator): get_api_data> on 2026-03-17 01:50:00+00:00
[2026-03-17T01:56:21.804+0000] {standard_task_runner.py:57} INFO - Started process 55980 to run task
[2026-03-17T01:56:21.805+0000] {standard_task_runner.py:84} INFO - Running: ['***', 'tasks', 'run', 'dag_mlops_full_pipeline', 'get_api_data', 'scheduled__2026-03-17T01:50:00+00:00', '--job-id', '611', '--raw', '--subdir', 'DAGS_FOLDER/dag2.py', '--cfg-path', '/tmp/tmp23pe0zaz']
[2026-03-17T01:56:21.807+0000] {standard_task_runner.py:85} INFO - Job 611: Subtask get_api_data
[2026-03-17T01:56:21.827+0000] {task_command.py:410} INFO - Running <TaskInstance: dag_mlops_full_pipeline.get_api_data scheduled__2026-03-17T01:50:00+00:00 [running]> on host 87aa27980d8e
[2026-03-17T01:56:21.865+0000] {taskinstance.py:1570} INFO - Exporting env vars: AIRFLOW_CTX_DAG_OWNER='***' AIRFLOW_CTX_DAG_ID='dag_mlops_full_pipeline' AIRFLOW_CTX_TASK_ID='get_api_data' AIRFLOW_CTX_EXECUTION_DATE='2026-03-17T01:50:00+00:00' AIRFLOW_CTX_TRY_NUMBER='1' AIRFLOW_CTX_DAG_RUN_ID='scheduled__2026-03-17T01:50:00+00:00'
[2026-03-17T01:56:21.869+0000] {base.py:73} INFO - Using connection ID 'postgres_default' for task execution.
[2026-03-17T01:56:21.871+0000] {logging_mixin.py:149} INFO - Llamando API: http://host.docker.internal:8080/data | group_number=4
[2026-03-17T01:56:21.913+0000] {logging_mixin.py:149} INFO - Recibido: group=4, batch=1, filas=5810
[2026-03-17T01:56:22.268+0000] {logging_mixin.py:149} INFO - Insercion completada
[2026-03-17T01:56:22.269+0000] {logging_mixin.py:149} INFO - Total filas en training_data: 11620
[2026-03-17T01:56:22.278+0000] {python.py:183} INFO - Done. Returned value was: None
[2026-03-17T01:56:22.282+0000] {taskinstance.py:1373} INFO - Marking task as SUCCESS. dag_id=dag_mlops_full_pipeline, task_id=get_api_data, execution_date=20260317T015000, start_date=20260317T015621, end_date=20260317T015622
[2026-03-17T01:56:22.318+0000] {local_task_job_runner.py:232} INFO - Task exited with return code 0
[2026-03-17T01:56:22.330+0000] {taskinstance.py:2674} INFO - 1 downstream tasks scheduled from follow-on schedule check
[2026-03-17T01:59:29.426+0000] {taskinstance.py:1125} INFO - Dependencies all met for dep_context=non-requeueable deps ti=<TaskInstance: dag_mlops_full_pipeline.get_api_data scheduled__2026-03-17T01:50:00+00:00 [queued]>
[2026-03-17T01:59:29.429+0000] {taskinstance.py:1125} INFO - Dependencies all met for dep_context=requeueable deps ti=<TaskInstance: dag_mlops_full_pipeline.get_api_data scheduled__2026-03-17T01:50:00+00:00 [queued]>
[2026-03-17T01:59:29.429+0000] {taskinstance.py:1331} INFO - Starting attempt 1 of 1
[2026-03-17T01:59:29.434+0000] {taskinstance.py:1350} INFO - Executing <Task(PythonOperator): get_api_data> on 2026-03-17 01:50:00+00:00
[2026-03-17T01:59:29.436+0000] {standard_task_runner.py:57} INFO - Started process 56241 to run task
[2026-03-17T01:59:29.438+0000] {standard_task_runner.py:84} INFO - Running: ['***', 'tasks', 'run', 'dag_mlops_full_pipeline', 'get_api_data', 'scheduled__2026-03-17T01:50:00+00:00', '--job-id', '618', '--raw', '--subdir', 'DAGS_FOLDER/dag2.py', '--cfg-path', '/tmp/tmpjyn4oc_d']
[2026-03-17T01:59:29.439+0000] {standard_task_runner.py:85} INFO - Job 618: Subtask get_api_data
[2026-03-17T01:59:29.458+0000] {task_command.py:410} INFO - Running <TaskInstance: dag_mlops_full_pipeline.get_api_data scheduled__2026-03-17T01:50:00+00:00 [running]> on host 87aa27980d8e
[2026-03-17T01:59:29.488+0000] {taskinstance.py:1570} INFO - Exporting env vars: AIRFLOW_CTX_DAG_OWNER='***' AIRFLOW_CTX_DAG_ID='dag_mlops_full_pipeline' AIRFLOW_CTX_TASK_ID='get_api_data' AIRFLOW_CTX_EXECUTION_DATE='2026-03-17T01:50:00+00:00' AIRFLOW_CTX_TRY_NUMBER='1' AIRFLOW_CTX_DAG_RUN_ID='scheduled__2026-03-17T01:50:00+00:00'
[2026-03-17T01:59:29.491+0000] {base.py:73} INFO - Using connection ID 'postgres_default' for task execution.
[2026-03-17T01:59:29.492+0000] {logging_mixin.py:149} INFO - Llamando API: http://host.docker.internal:8080/data | group_number=4
[2026-03-17T01:59:29.515+0000] {logging_mixin.py:149} INFO - Recibido: group=4, batch=1, filas=5810
[2026-03-17T01:59:29.845+0000] {logging_mixin.py:149} INFO - Insercion completada
[2026-03-17T01:59:29.846+0000] {logging_mixin.py:149} INFO - Total filas en training_data: 5810
[2026-03-17T01:59:29.862+0000] {python.py:183} INFO - Done. Returned value was: None
[2026-03-17T01:59:29.873+0000] {taskinstance.py:1373} INFO - Marking task as SUCCESS. dag_id=dag_mlops_full_pipeline, task_id=get_api_data, execution_date=20260317T015000, start_date=20260317T015929, end_date=20260317T015929
[2026-03-17T01:59:29.910+0000] {local_task_job_runner.py:232} INFO - Task exited with return code 0
[2026-03-17T01:59:29.923+0000] {taskinstance.py:2674} INFO - 1 downstream tasks scheduled from follow-on schedule check
