[2026-03-03T00:56:03.678+0000] {processor.py:156} INFO - Started process (PID=44) to work on /home/airflow/.local/lib/python3.7/site-packages/airflow/example_dags/example_dynamic_task_mapping.py
[2026-03-03T00:56:03.679+0000] {processor.py:799} INFO - Processing file /home/airflow/.local/lib/python3.7/site-packages/airflow/example_dags/example_dynamic_task_mapping.py for tasks to queue
[2026-03-03T00:56:03.680+0000] {logging_mixin.py:149} INFO - [2026-03-03T00:56:03.679+0000] {dagbag.py:541} INFO - Filling up the DagBag from /home/airflow/.local/lib/python3.7/site-packages/airflow/example_dags/example_dynamic_task_mapping.py
[2026-03-03T00:56:03.688+0000] {processor.py:809} INFO - DAG(s) dict_keys(['example_dynamic_task_mapping']) retrieved from /home/airflow/.local/lib/python3.7/site-packages/airflow/example_dags/example_dynamic_task_mapping.py
[2026-03-03T00:56:03.699+0000] {logging_mixin.py:149} INFO - [2026-03-03T00:56:03.698+0000] {dag.py:2726} INFO - Sync 1 DAGs
[2026-03-03T00:56:03.721+0000] {logging_mixin.py:149} INFO - [2026-03-03T00:56:03.721+0000] {dag.py:3490} INFO - Setting next_dagrun for example_dynamic_task_mapping to 2022-03-04T00:00:00+00:00, run_after=2022-03-05T00:00:00+00:00
[2026-03-03T00:56:03.746+0000] {processor.py:178} INFO - Processing /home/airflow/.local/lib/python3.7/site-packages/airflow/example_dags/example_dynamic_task_mapping.py took 0.071 seconds
[2026-03-03T00:56:34.184+0000] {processor.py:156} INFO - Started process (PID=106) to work on /home/airflow/.local/lib/python3.7/site-packages/airflow/example_dags/example_dynamic_task_mapping.py
[2026-03-03T00:56:34.186+0000] {processor.py:799} INFO - Processing file /home/airflow/.local/lib/python3.7/site-packages/airflow/example_dags/example_dynamic_task_mapping.py for tasks to queue
[2026-03-03T00:56:34.187+0000] {logging_mixin.py:149} INFO - [2026-03-03T00:56:34.187+0000] {dagbag.py:541} INFO - Filling up the DagBag from /home/airflow/.local/lib/python3.7/site-packages/airflow/example_dags/example_dynamic_task_mapping.py
[2026-03-03T00:56:34.201+0000] {processor.py:809} INFO - DAG(s) dict_keys(['example_dynamic_task_mapping']) retrieved from /home/airflow/.local/lib/python3.7/site-packages/airflow/example_dags/example_dynamic_task_mapping.py
[2026-03-03T00:56:34.250+0000] {logging_mixin.py:149} INFO - [2026-03-03T00:56:34.250+0000] {dag.py:2726} INFO - Sync 1 DAGs
[2026-03-03T00:56:34.315+0000] {logging_mixin.py:149} INFO - [2026-03-03T00:56:34.315+0000] {dag.py:3490} INFO - Setting next_dagrun for example_dynamic_task_mapping to 2022-03-04T00:00:00+00:00, run_after=2022-03-05T00:00:00+00:00
[2026-03-03T00:56:34.367+0000] {processor.py:178} INFO - Processing /home/airflow/.local/lib/python3.7/site-packages/airflow/example_dags/example_dynamic_task_mapping.py took 0.190 seconds
[2026-03-03T00:57:05.254+0000] {processor.py:156} INFO - Started process (PID=168) to work on /home/airflow/.local/lib/python3.7/site-packages/airflow/example_dags/example_dynamic_task_mapping.py
[2026-03-03T00:57:05.255+0000] {processor.py:799} INFO - Processing file /home/airflow/.local/lib/python3.7/site-packages/airflow/example_dags/example_dynamic_task_mapping.py for tasks to queue
[2026-03-03T00:57:05.255+0000] {logging_mixin.py:149} INFO - [2026-03-03T00:57:05.255+0000] {dagbag.py:541} INFO - Filling up the DagBag from /home/airflow/.local/lib/python3.7/site-packages/airflow/example_dags/example_dynamic_task_mapping.py
[2026-03-03T00:57:05.261+0000] {processor.py:809} INFO - DAG(s) dict_keys(['example_dynamic_task_mapping']) retrieved from /home/airflow/.local/lib/python3.7/site-packages/airflow/example_dags/example_dynamic_task_mapping.py
[2026-03-03T00:57:05.275+0000] {logging_mixin.py:149} INFO - [2026-03-03T00:57:05.275+0000] {dag.py:2726} INFO - Sync 1 DAGs
[2026-03-03T00:57:05.290+0000] {logging_mixin.py:149} INFO - [2026-03-03T00:57:05.290+0000] {dag.py:3490} INFO - Setting next_dagrun for example_dynamic_task_mapping to 2022-03-04T00:00:00+00:00, run_after=2022-03-05T00:00:00+00:00
[2026-03-03T00:57:05.308+0000] {processor.py:178} INFO - Processing /home/airflow/.local/lib/python3.7/site-packages/airflow/example_dags/example_dynamic_task_mapping.py took 0.055 seconds
[2026-03-03T00:57:36.076+0000] {processor.py:156} INFO - Started process (PID=230) to work on /home/airflow/.local/lib/python3.7/site-packages/airflow/example_dags/example_dynamic_task_mapping.py
[2026-03-03T00:57:36.077+0000] {processor.py:799} INFO - Processing file /home/airflow/.local/lib/python3.7/site-packages/airflow/example_dags/example_dynamic_task_mapping.py for tasks to queue
[2026-03-03T00:57:36.078+0000] {logging_mixin.py:149} INFO - [2026-03-03T00:57:36.078+0000] {dagbag.py:541} INFO - Filling up the DagBag from /home/airflow/.local/lib/python3.7/site-packages/airflow/example_dags/example_dynamic_task_mapping.py
[2026-03-03T00:57:36.083+0000] {processor.py:809} INFO - DAG(s) dict_keys(['example_dynamic_task_mapping']) retrieved from /home/airflow/.local/lib/python3.7/site-packages/airflow/example_dags/example_dynamic_task_mapping.py
[2026-03-03T00:57:36.097+0000] {logging_mixin.py:149} INFO - [2026-03-03T00:57:36.097+0000] {dag.py:2726} INFO - Sync 1 DAGs
[2026-03-03T00:57:36.113+0000] {logging_mixin.py:149} INFO - [2026-03-03T00:57:36.113+0000] {dag.py:3490} INFO - Setting next_dagrun for example_dynamic_task_mapping to 2022-03-04T00:00:00+00:00, run_after=2022-03-05T00:00:00+00:00
[2026-03-03T00:57:36.128+0000] {processor.py:178} INFO - Processing /home/airflow/.local/lib/python3.7/site-packages/airflow/example_dags/example_dynamic_task_mapping.py took 0.054 seconds
[2026-03-03T00:58:06.656+0000] {processor.py:156} INFO - Started process (PID=292) to work on /home/airflow/.local/lib/python3.7/site-packages/airflow/example_dags/example_dynamic_task_mapping.py
[2026-03-03T00:58:06.658+0000] {processor.py:799} INFO - Processing file /home/airflow/.local/lib/python3.7/site-packages/airflow/example_dags/example_dynamic_task_mapping.py for tasks to queue
[2026-03-03T00:58:06.660+0000] {logging_mixin.py:149} INFO - [2026-03-03T00:58:06.660+0000] {dagbag.py:541} INFO - Filling up the DagBag from /home/airflow/.local/lib/python3.7/site-packages/airflow/example_dags/example_dynamic_task_mapping.py
[2026-03-03T00:58:06.675+0000] {processor.py:809} INFO - DAG(s) dict_keys(['example_dynamic_task_mapping']) retrieved from /home/airflow/.local/lib/python3.7/site-packages/airflow/example_dags/example_dynamic_task_mapping.py
[2026-03-03T00:58:06.723+0000] {logging_mixin.py:149} INFO - [2026-03-03T00:58:06.722+0000] {dag.py:2726} INFO - Sync 1 DAGs
[2026-03-03T00:58:06.775+0000] {logging_mixin.py:149} INFO - [2026-03-03T00:58:06.775+0000] {dag.py:3490} INFO - Setting next_dagrun for example_dynamic_task_mapping to 2022-03-04T00:00:00+00:00, run_after=2022-03-05T00:00:00+00:00
[2026-03-03T00:58:06.821+0000] {processor.py:178} INFO - Processing /home/airflow/.local/lib/python3.7/site-packages/airflow/example_dags/example_dynamic_task_mapping.py took 0.170 seconds
[2026-03-03T00:58:37.358+0000] {processor.py:156} INFO - Started process (PID=354) to work on /home/airflow/.local/lib/python3.7/site-packages/airflow/example_dags/example_dynamic_task_mapping.py
[2026-03-03T00:58:37.358+0000] {processor.py:799} INFO - Processing file /home/airflow/.local/lib/python3.7/site-packages/airflow/example_dags/example_dynamic_task_mapping.py for tasks to queue
[2026-03-03T00:58:37.358+0000] {logging_mixin.py:149} INFO - [2026-03-03T00:58:37.358+0000] {dagbag.py:541} INFO - Filling up the DagBag from /home/airflow/.local/lib/python3.7/site-packages/airflow/example_dags/example_dynamic_task_mapping.py
[2026-03-03T00:58:37.362+0000] {processor.py:809} INFO - DAG(s) dict_keys(['example_dynamic_task_mapping']) retrieved from /home/airflow/.local/lib/python3.7/site-packages/airflow/example_dags/example_dynamic_task_mapping.py
[2026-03-03T00:58:37.372+0000] {logging_mixin.py:149} INFO - [2026-03-03T00:58:37.372+0000] {dag.py:2726} INFO - Sync 1 DAGs
[2026-03-03T00:58:37.383+0000] {logging_mixin.py:149} INFO - [2026-03-03T00:58:37.383+0000] {dag.py:3490} INFO - Setting next_dagrun for example_dynamic_task_mapping to 2022-03-04T00:00:00+00:00, run_after=2022-03-05T00:00:00+00:00
[2026-03-03T00:58:37.393+0000] {processor.py:178} INFO - Processing /home/airflow/.local/lib/python3.7/site-packages/airflow/example_dags/example_dynamic_task_mapping.py took 0.037 seconds
[2026-03-03T00:59:08.404+0000] {processor.py:156} INFO - Started process (PID=416) to work on /home/airflow/.local/lib/python3.7/site-packages/airflow/example_dags/example_dynamic_task_mapping.py
[2026-03-03T00:59:08.405+0000] {processor.py:799} INFO - Processing file /home/airflow/.local/lib/python3.7/site-packages/airflow/example_dags/example_dynamic_task_mapping.py for tasks to queue
[2026-03-03T00:59:08.405+0000] {logging_mixin.py:149} INFO - [2026-03-03T00:59:08.405+0000] {dagbag.py:541} INFO - Filling up the DagBag from /home/airflow/.local/lib/python3.7/site-packages/airflow/example_dags/example_dynamic_task_mapping.py
[2026-03-03T00:59:08.410+0000] {processor.py:809} INFO - DAG(s) dict_keys(['example_dynamic_task_mapping']) retrieved from /home/airflow/.local/lib/python3.7/site-packages/airflow/example_dags/example_dynamic_task_mapping.py
[2026-03-03T00:59:08.423+0000] {logging_mixin.py:149} INFO - [2026-03-03T00:59:08.423+0000] {dag.py:2726} INFO - Sync 1 DAGs
[2026-03-03T00:59:08.436+0000] {logging_mixin.py:149} INFO - [2026-03-03T00:59:08.436+0000] {dag.py:3490} INFO - Setting next_dagrun for example_dynamic_task_mapping to 2022-03-04T00:00:00+00:00, run_after=2022-03-05T00:00:00+00:00
[2026-03-03T00:59:08.456+0000] {processor.py:178} INFO - Processing /home/airflow/.local/lib/python3.7/site-packages/airflow/example_dags/example_dynamic_task_mapping.py took 0.055 seconds
[2026-03-03T00:59:39.181+0000] {processor.py:156} INFO - Started process (PID=478) to work on /home/airflow/.local/lib/python3.7/site-packages/airflow/example_dags/example_dynamic_task_mapping.py
[2026-03-03T00:59:39.182+0000] {processor.py:799} INFO - Processing file /home/airflow/.local/lib/python3.7/site-packages/airflow/example_dags/example_dynamic_task_mapping.py for tasks to queue
[2026-03-03T00:59:39.182+0000] {logging_mixin.py:149} INFO - [2026-03-03T00:59:39.182+0000] {dagbag.py:541} INFO - Filling up the DagBag from /home/airflow/.local/lib/python3.7/site-packages/airflow/example_dags/example_dynamic_task_mapping.py
[2026-03-03T00:59:39.186+0000] {processor.py:809} INFO - DAG(s) dict_keys(['example_dynamic_task_mapping']) retrieved from /home/airflow/.local/lib/python3.7/site-packages/airflow/example_dags/example_dynamic_task_mapping.py
[2026-03-03T00:59:39.197+0000] {logging_mixin.py:149} INFO - [2026-03-03T00:59:39.197+0000] {dag.py:2726} INFO - Sync 1 DAGs
[2026-03-03T00:59:39.209+0000] {logging_mixin.py:149} INFO - [2026-03-03T00:59:39.208+0000] {dag.py:3490} INFO - Setting next_dagrun for example_dynamic_task_mapping to 2022-03-04T00:00:00+00:00, run_after=2022-03-05T00:00:00+00:00
[2026-03-03T00:59:39.218+0000] {processor.py:178} INFO - Processing /home/airflow/.local/lib/python3.7/site-packages/airflow/example_dags/example_dynamic_task_mapping.py took 0.038 seconds
[2026-03-03T01:00:10.018+0000] {processor.py:156} INFO - Started process (PID=540) to work on /home/airflow/.local/lib/python3.7/site-packages/airflow/example_dags/example_dynamic_task_mapping.py
[2026-03-03T01:00:10.020+0000] {processor.py:799} INFO - Processing file /home/airflow/.local/lib/python3.7/site-packages/airflow/example_dags/example_dynamic_task_mapping.py for tasks to queue
[2026-03-03T01:00:10.022+0000] {logging_mixin.py:149} INFO - [2026-03-03T01:00:10.022+0000] {dagbag.py:541} INFO - Filling up the DagBag from /home/airflow/.local/lib/python3.7/site-packages/airflow/example_dags/example_dynamic_task_mapping.py
[2026-03-03T01:00:10.040+0000] {processor.py:809} INFO - DAG(s) dict_keys(['example_dynamic_task_mapping']) retrieved from /home/airflow/.local/lib/python3.7/site-packages/airflow/example_dags/example_dynamic_task_mapping.py
[2026-03-03T01:00:10.102+0000] {logging_mixin.py:149} INFO - [2026-03-03T01:00:10.102+0000] {dag.py:2726} INFO - Sync 1 DAGs
[2026-03-03T01:00:10.179+0000] {logging_mixin.py:149} INFO - [2026-03-03T01:00:10.179+0000] {dag.py:3490} INFO - Setting next_dagrun for example_dynamic_task_mapping to 2022-03-04T00:00:00+00:00, run_after=2022-03-05T00:00:00+00:00
[2026-03-03T01:00:10.240+0000] {processor.py:178} INFO - Processing /home/airflow/.local/lib/python3.7/site-packages/airflow/example_dags/example_dynamic_task_mapping.py took 0.230 seconds
[2026-03-03T01:00:40.308+0000] {processor.py:156} INFO - Started process (PID=601) to work on /home/airflow/.local/lib/python3.7/site-packages/airflow/example_dags/example_dynamic_task_mapping.py
[2026-03-03T01:00:40.311+0000] {processor.py:799} INFO - Processing file /home/airflow/.local/lib/python3.7/site-packages/airflow/example_dags/example_dynamic_task_mapping.py for tasks to queue
[2026-03-03T01:00:40.312+0000] {logging_mixin.py:149} INFO - [2026-03-03T01:00:40.312+0000] {dagbag.py:541} INFO - Filling up the DagBag from /home/airflow/.local/lib/python3.7/site-packages/airflow/example_dags/example_dynamic_task_mapping.py
[2026-03-03T01:00:40.329+0000] {processor.py:809} INFO - DAG(s) dict_keys(['example_dynamic_task_mapping']) retrieved from /home/airflow/.local/lib/python3.7/site-packages/airflow/example_dags/example_dynamic_task_mapping.py
[2026-03-03T01:00:40.383+0000] {logging_mixin.py:149} INFO - [2026-03-03T01:00:40.383+0000] {dag.py:2726} INFO - Sync 1 DAGs
[2026-03-03T01:00:40.448+0000] {logging_mixin.py:149} INFO - [2026-03-03T01:00:40.447+0000] {dag.py:3490} INFO - Setting next_dagrun for example_dynamic_task_mapping to 2022-03-04T00:00:00+00:00, run_after=2022-03-05T00:00:00+00:00
[2026-03-03T01:00:40.502+0000] {processor.py:178} INFO - Processing /home/airflow/.local/lib/python3.7/site-packages/airflow/example_dags/example_dynamic_task_mapping.py took 0.201 seconds
[2026-03-03T01:01:11.139+0000] {processor.py:156} INFO - Started process (PID=663) to work on /home/airflow/.local/lib/python3.7/site-packages/airflow/example_dags/example_dynamic_task_mapping.py
[2026-03-03T01:01:11.140+0000] {processor.py:799} INFO - Processing file /home/airflow/.local/lib/python3.7/site-packages/airflow/example_dags/example_dynamic_task_mapping.py for tasks to queue
[2026-03-03T01:01:11.140+0000] {logging_mixin.py:149} INFO - [2026-03-03T01:01:11.140+0000] {dagbag.py:541} INFO - Filling up the DagBag from /home/airflow/.local/lib/python3.7/site-packages/airflow/example_dags/example_dynamic_task_mapping.py
[2026-03-03T01:01:11.147+0000] {processor.py:809} INFO - DAG(s) dict_keys(['example_dynamic_task_mapping']) retrieved from /home/airflow/.local/lib/python3.7/site-packages/airflow/example_dags/example_dynamic_task_mapping.py
[2026-03-03T01:01:11.167+0000] {logging_mixin.py:149} INFO - [2026-03-03T01:01:11.167+0000] {dag.py:2726} INFO - Sync 1 DAGs
[2026-03-03T01:01:11.182+0000] {logging_mixin.py:149} INFO - [2026-03-03T01:01:11.182+0000] {dag.py:3490} INFO - Setting next_dagrun for example_dynamic_task_mapping to 2022-03-04T00:00:00+00:00, run_after=2022-03-05T00:00:00+00:00
[2026-03-03T01:01:11.192+0000] {processor.py:178} INFO - Processing /home/airflow/.local/lib/python3.7/site-packages/airflow/example_dags/example_dynamic_task_mapping.py took 0.056 seconds
[2026-03-03T01:01:41.881+0000] {processor.py:156} INFO - Started process (PID=726) to work on /home/airflow/.local/lib/python3.7/site-packages/airflow/example_dags/example_dynamic_task_mapping.py
[2026-03-03T01:01:41.881+0000] {processor.py:799} INFO - Processing file /home/airflow/.local/lib/python3.7/site-packages/airflow/example_dags/example_dynamic_task_mapping.py for tasks to queue
[2026-03-03T01:01:41.882+0000] {logging_mixin.py:149} INFO - [2026-03-03T01:01:41.881+0000] {dagbag.py:541} INFO - Filling up the DagBag from /home/airflow/.local/lib/python3.7/site-packages/airflow/example_dags/example_dynamic_task_mapping.py
[2026-03-03T01:01:41.886+0000] {processor.py:809} INFO - DAG(s) dict_keys(['example_dynamic_task_mapping']) retrieved from /home/airflow/.local/lib/python3.7/site-packages/airflow/example_dags/example_dynamic_task_mapping.py
[2026-03-03T01:01:41.899+0000] {logging_mixin.py:149} INFO - [2026-03-03T01:01:41.899+0000] {dag.py:2726} INFO - Sync 1 DAGs
[2026-03-03T01:01:41.913+0000] {logging_mixin.py:149} INFO - [2026-03-03T01:01:41.913+0000] {dag.py:3490} INFO - Setting next_dagrun for example_dynamic_task_mapping to 2022-03-04T00:00:00+00:00, run_after=2022-03-05T00:00:00+00:00
[2026-03-03T01:01:41.921+0000] {processor.py:178} INFO - Processing /home/airflow/.local/lib/python3.7/site-packages/airflow/example_dags/example_dynamic_task_mapping.py took 0.043 seconds
[2026-03-03T01:02:12.720+0000] {processor.py:156} INFO - Started process (PID=788) to work on /home/airflow/.local/lib/python3.7/site-packages/airflow/example_dags/example_dynamic_task_mapping.py
[2026-03-03T01:02:12.723+0000] {processor.py:799} INFO - Processing file /home/airflow/.local/lib/python3.7/site-packages/airflow/example_dags/example_dynamic_task_mapping.py for tasks to queue
[2026-03-03T01:02:12.724+0000] {logging_mixin.py:149} INFO - [2026-03-03T01:02:12.724+0000] {dagbag.py:541} INFO - Filling up the DagBag from /home/airflow/.local/lib/python3.7/site-packages/airflow/example_dags/example_dynamic_task_mapping.py
[2026-03-03T01:02:12.728+0000] {processor.py:809} INFO - DAG(s) dict_keys(['example_dynamic_task_mapping']) retrieved from /home/airflow/.local/lib/python3.7/site-packages/airflow/example_dags/example_dynamic_task_mapping.py
[2026-03-03T01:02:12.745+0000] {logging_mixin.py:149} INFO - [2026-03-03T01:02:12.745+0000] {dag.py:2726} INFO - Sync 1 DAGs
[2026-03-03T01:02:12.761+0000] {logging_mixin.py:149} INFO - [2026-03-03T01:02:12.761+0000] {dag.py:3490} INFO - Setting next_dagrun for example_dynamic_task_mapping to 2022-03-04T00:00:00+00:00, run_after=2022-03-05T00:00:00+00:00
[2026-03-03T01:02:12.774+0000] {processor.py:178} INFO - Processing /home/airflow/.local/lib/python3.7/site-packages/airflow/example_dags/example_dynamic_task_mapping.py took 0.056 seconds
[2026-03-03T01:02:43.489+0000] {processor.py:156} INFO - Started process (PID=850) to work on /home/airflow/.local/lib/python3.7/site-packages/airflow/example_dags/example_dynamic_task_mapping.py
[2026-03-03T01:02:43.489+0000] {processor.py:799} INFO - Processing file /home/airflow/.local/lib/python3.7/site-packages/airflow/example_dags/example_dynamic_task_mapping.py for tasks to queue
[2026-03-03T01:02:43.490+0000] {logging_mixin.py:149} INFO - [2026-03-03T01:02:43.489+0000] {dagbag.py:541} INFO - Filling up the DagBag from /home/airflow/.local/lib/python3.7/site-packages/airflow/example_dags/example_dynamic_task_mapping.py
[2026-03-03T01:02:43.494+0000] {processor.py:809} INFO - DAG(s) dict_keys(['example_dynamic_task_mapping']) retrieved from /home/airflow/.local/lib/python3.7/site-packages/airflow/example_dags/example_dynamic_task_mapping.py
[2026-03-03T01:02:43.508+0000] {logging_mixin.py:149} INFO - [2026-03-03T01:02:43.507+0000] {dag.py:2726} INFO - Sync 1 DAGs
[2026-03-03T01:02:43.521+0000] {logging_mixin.py:149} INFO - [2026-03-03T01:02:43.520+0000] {dag.py:3490} INFO - Setting next_dagrun for example_dynamic_task_mapping to 2022-03-04T00:00:00+00:00, run_after=2022-03-05T00:00:00+00:00
[2026-03-03T01:02:43.530+0000] {processor.py:178} INFO - Processing /home/airflow/.local/lib/python3.7/site-packages/airflow/example_dags/example_dynamic_task_mapping.py took 0.043 seconds
[2026-03-03T01:03:14.237+0000] {processor.py:156} INFO - Started process (PID=912) to work on /home/airflow/.local/lib/python3.7/site-packages/airflow/example_dags/example_dynamic_task_mapping.py
[2026-03-03T01:03:14.238+0000] {processor.py:799} INFO - Processing file /home/airflow/.local/lib/python3.7/site-packages/airflow/example_dags/example_dynamic_task_mapping.py for tasks to queue
[2026-03-03T01:03:14.238+0000] {logging_mixin.py:149} INFO - [2026-03-03T01:03:14.238+0000] {dagbag.py:541} INFO - Filling up the DagBag from /home/airflow/.local/lib/python3.7/site-packages/airflow/example_dags/example_dynamic_task_mapping.py
[2026-03-03T01:03:14.242+0000] {processor.py:809} INFO - DAG(s) dict_keys(['example_dynamic_task_mapping']) retrieved from /home/airflow/.local/lib/python3.7/site-packages/airflow/example_dags/example_dynamic_task_mapping.py
[2026-03-03T01:03:14.256+0000] {logging_mixin.py:149} INFO - [2026-03-03T01:03:14.256+0000] {dag.py:2726} INFO - Sync 1 DAGs
[2026-03-03T01:03:14.270+0000] {logging_mixin.py:149} INFO - [2026-03-03T01:03:14.270+0000] {dag.py:3490} INFO - Setting next_dagrun for example_dynamic_task_mapping to 2022-03-04T00:00:00+00:00, run_after=2022-03-05T00:00:00+00:00
[2026-03-03T01:03:14.280+0000] {processor.py:178} INFO - Processing /home/airflow/.local/lib/python3.7/site-packages/airflow/example_dags/example_dynamic_task_mapping.py took 0.046 seconds
[2026-03-03T01:03:44.973+0000] {processor.py:156} INFO - Started process (PID=974) to work on /home/airflow/.local/lib/python3.7/site-packages/airflow/example_dags/example_dynamic_task_mapping.py
[2026-03-03T01:03:44.974+0000] {processor.py:799} INFO - Processing file /home/airflow/.local/lib/python3.7/site-packages/airflow/example_dags/example_dynamic_task_mapping.py for tasks to queue
[2026-03-03T01:03:44.974+0000] {logging_mixin.py:149} INFO - [2026-03-03T01:03:44.974+0000] {dagbag.py:541} INFO - Filling up the DagBag from /home/airflow/.local/lib/python3.7/site-packages/airflow/example_dags/example_dynamic_task_mapping.py
[2026-03-03T01:03:44.979+0000] {processor.py:809} INFO - DAG(s) dict_keys(['example_dynamic_task_mapping']) retrieved from /home/airflow/.local/lib/python3.7/site-packages/airflow/example_dags/example_dynamic_task_mapping.py
[2026-03-03T01:03:44.994+0000] {logging_mixin.py:149} INFO - [2026-03-03T01:03:44.994+0000] {dag.py:2726} INFO - Sync 1 DAGs
[2026-03-03T01:03:45.007+0000] {logging_mixin.py:149} INFO - [2026-03-03T01:03:45.007+0000] {dag.py:3490} INFO - Setting next_dagrun for example_dynamic_task_mapping to 2022-03-04T00:00:00+00:00, run_after=2022-03-05T00:00:00+00:00
[2026-03-03T01:03:45.018+0000] {processor.py:178} INFO - Processing /home/airflow/.local/lib/python3.7/site-packages/airflow/example_dags/example_dynamic_task_mapping.py took 0.046 seconds
[2026-03-03T01:04:15.850+0000] {processor.py:156} INFO - Started process (PID=1036) to work on /home/airflow/.local/lib/python3.7/site-packages/airflow/example_dags/example_dynamic_task_mapping.py
[2026-03-03T01:04:15.851+0000] {processor.py:799} INFO - Processing file /home/airflow/.local/lib/python3.7/site-packages/airflow/example_dags/example_dynamic_task_mapping.py for tasks to queue
[2026-03-03T01:04:15.851+0000] {logging_mixin.py:149} INFO - [2026-03-03T01:04:15.851+0000] {dagbag.py:541} INFO - Filling up the DagBag from /home/airflow/.local/lib/python3.7/site-packages/airflow/example_dags/example_dynamic_task_mapping.py
[2026-03-03T01:04:15.855+0000] {processor.py:809} INFO - DAG(s) dict_keys(['example_dynamic_task_mapping']) retrieved from /home/airflow/.local/lib/python3.7/site-packages/airflow/example_dags/example_dynamic_task_mapping.py
[2026-03-03T01:04:15.867+0000] {logging_mixin.py:149} INFO - [2026-03-03T01:04:15.867+0000] {dag.py:2726} INFO - Sync 1 DAGs
[2026-03-03T01:04:15.879+0000] {logging_mixin.py:149} INFO - [2026-03-03T01:04:15.879+0000] {dag.py:3490} INFO - Setting next_dagrun for example_dynamic_task_mapping to 2022-03-04T00:00:00+00:00, run_after=2022-03-05T00:00:00+00:00
[2026-03-03T01:04:15.887+0000] {processor.py:178} INFO - Processing /home/airflow/.local/lib/python3.7/site-packages/airflow/example_dags/example_dynamic_task_mapping.py took 0.039 seconds
[2026-03-03T01:04:46.355+0000] {processor.py:156} INFO - Started process (PID=1098) to work on /home/airflow/.local/lib/python3.7/site-packages/airflow/example_dags/example_dynamic_task_mapping.py
[2026-03-03T01:04:46.356+0000] {processor.py:799} INFO - Processing file /home/airflow/.local/lib/python3.7/site-packages/airflow/example_dags/example_dynamic_task_mapping.py for tasks to queue
[2026-03-03T01:04:46.356+0000] {logging_mixin.py:149} INFO - [2026-03-03T01:04:46.356+0000] {dagbag.py:541} INFO - Filling up the DagBag from /home/airflow/.local/lib/python3.7/site-packages/airflow/example_dags/example_dynamic_task_mapping.py
[2026-03-03T01:04:46.362+0000] {processor.py:809} INFO - DAG(s) dict_keys(['example_dynamic_task_mapping']) retrieved from /home/airflow/.local/lib/python3.7/site-packages/airflow/example_dags/example_dynamic_task_mapping.py
[2026-03-03T01:04:46.376+0000] {logging_mixin.py:149} INFO - [2026-03-03T01:04:46.376+0000] {dag.py:2726} INFO - Sync 1 DAGs
[2026-03-03T01:04:46.389+0000] {logging_mixin.py:149} INFO - [2026-03-03T01:04:46.389+0000] {dag.py:3490} INFO - Setting next_dagrun for example_dynamic_task_mapping to 2022-03-04T00:00:00+00:00, run_after=2022-03-05T00:00:00+00:00
[2026-03-03T01:04:46.400+0000] {processor.py:178} INFO - Processing /home/airflow/.local/lib/python3.7/site-packages/airflow/example_dags/example_dynamic_task_mapping.py took 0.047 seconds
[2026-03-03T01:05:17.134+0000] {processor.py:156} INFO - Started process (PID=1160) to work on /home/airflow/.local/lib/python3.7/site-packages/airflow/example_dags/example_dynamic_task_mapping.py
[2026-03-03T01:05:17.134+0000] {processor.py:799} INFO - Processing file /home/airflow/.local/lib/python3.7/site-packages/airflow/example_dags/example_dynamic_task_mapping.py for tasks to queue
[2026-03-03T01:05:17.135+0000] {logging_mixin.py:149} INFO - [2026-03-03T01:05:17.135+0000] {dagbag.py:541} INFO - Filling up the DagBag from /home/airflow/.local/lib/python3.7/site-packages/airflow/example_dags/example_dynamic_task_mapping.py
[2026-03-03T01:05:17.140+0000] {processor.py:809} INFO - DAG(s) dict_keys(['example_dynamic_task_mapping']) retrieved from /home/airflow/.local/lib/python3.7/site-packages/airflow/example_dags/example_dynamic_task_mapping.py
[2026-03-03T01:05:17.155+0000] {logging_mixin.py:149} INFO - [2026-03-03T01:05:17.155+0000] {dag.py:2726} INFO - Sync 1 DAGs
[2026-03-03T01:05:17.168+0000] {logging_mixin.py:149} INFO - [2026-03-03T01:05:17.168+0000] {dag.py:3490} INFO - Setting next_dagrun for example_dynamic_task_mapping to 2022-03-04T00:00:00+00:00, run_after=2022-03-05T00:00:00+00:00
[2026-03-03T01:05:17.177+0000] {processor.py:178} INFO - Processing /home/airflow/.local/lib/python3.7/site-packages/airflow/example_dags/example_dynamic_task_mapping.py took 0.046 seconds
[2026-03-03T01:05:47.919+0000] {processor.py:156} INFO - Started process (PID=1222) to work on /home/airflow/.local/lib/python3.7/site-packages/airflow/example_dags/example_dynamic_task_mapping.py
[2026-03-03T01:05:47.919+0000] {processor.py:799} INFO - Processing file /home/airflow/.local/lib/python3.7/site-packages/airflow/example_dags/example_dynamic_task_mapping.py for tasks to queue
[2026-03-03T01:05:47.920+0000] {logging_mixin.py:149} INFO - [2026-03-03T01:05:47.919+0000] {dagbag.py:541} INFO - Filling up the DagBag from /home/airflow/.local/lib/python3.7/site-packages/airflow/example_dags/example_dynamic_task_mapping.py
[2026-03-03T01:05:47.924+0000] {processor.py:809} INFO - DAG(s) dict_keys(['example_dynamic_task_mapping']) retrieved from /home/airflow/.local/lib/python3.7/site-packages/airflow/example_dags/example_dynamic_task_mapping.py
[2026-03-03T01:05:47.938+0000] {logging_mixin.py:149} INFO - [2026-03-03T01:05:47.938+0000] {dag.py:2726} INFO - Sync 1 DAGs
[2026-03-03T01:05:47.951+0000] {logging_mixin.py:149} INFO - [2026-03-03T01:05:47.951+0000] {dag.py:3490} INFO - Setting next_dagrun for example_dynamic_task_mapping to 2022-03-04T00:00:00+00:00, run_after=2022-03-05T00:00:00+00:00
[2026-03-03T01:05:47.960+0000] {processor.py:178} INFO - Processing /home/airflow/.local/lib/python3.7/site-packages/airflow/example_dags/example_dynamic_task_mapping.py took 0.044 seconds
[2026-03-03T01:06:18.452+0000] {processor.py:156} INFO - Started process (PID=1284) to work on /home/airflow/.local/lib/python3.7/site-packages/airflow/example_dags/example_dynamic_task_mapping.py
[2026-03-03T01:06:18.453+0000] {processor.py:799} INFO - Processing file /home/airflow/.local/lib/python3.7/site-packages/airflow/example_dags/example_dynamic_task_mapping.py for tasks to queue
[2026-03-03T01:06:18.453+0000] {logging_mixin.py:149} INFO - [2026-03-03T01:06:18.453+0000] {dagbag.py:541} INFO - Filling up the DagBag from /home/airflow/.local/lib/python3.7/site-packages/airflow/example_dags/example_dynamic_task_mapping.py
[2026-03-03T01:06:18.457+0000] {processor.py:809} INFO - DAG(s) dict_keys(['example_dynamic_task_mapping']) retrieved from /home/airflow/.local/lib/python3.7/site-packages/airflow/example_dags/example_dynamic_task_mapping.py
[2026-03-03T01:06:18.469+0000] {logging_mixin.py:149} INFO - [2026-03-03T01:06:18.469+0000] {dag.py:2726} INFO - Sync 1 DAGs
[2026-03-03T01:06:18.482+0000] {logging_mixin.py:149} INFO - [2026-03-03T01:06:18.482+0000] {dag.py:3490} INFO - Setting next_dagrun for example_dynamic_task_mapping to 2022-03-04T00:00:00+00:00, run_after=2022-03-05T00:00:00+00:00
[2026-03-03T01:06:18.489+0000] {processor.py:178} INFO - Processing /home/airflow/.local/lib/python3.7/site-packages/airflow/example_dags/example_dynamic_task_mapping.py took 0.039 seconds
[2026-03-03T01:07:08.960+0000] {processor.py:156} INFO - Started process (PID=36) to work on /home/airflow/.local/lib/python3.7/site-packages/airflow/example_dags/example_dynamic_task_mapping.py
[2026-03-03T01:07:08.960+0000] {processor.py:799} INFO - Processing file /home/airflow/.local/lib/python3.7/site-packages/airflow/example_dags/example_dynamic_task_mapping.py for tasks to queue
[2026-03-03T01:07:08.961+0000] {logging_mixin.py:149} INFO - [2026-03-03T01:07:08.961+0000] {dagbag.py:541} INFO - Filling up the DagBag from /home/airflow/.local/lib/python3.7/site-packages/airflow/example_dags/example_dynamic_task_mapping.py
[2026-03-03T01:07:08.966+0000] {processor.py:809} INFO - DAG(s) dict_keys(['example_dynamic_task_mapping']) retrieved from /home/airflow/.local/lib/python3.7/site-packages/airflow/example_dags/example_dynamic_task_mapping.py
[2026-03-03T01:07:08.973+0000] {logging_mixin.py:149} INFO - [2026-03-03T01:07:08.973+0000] {dag.py:2726} INFO - Sync 1 DAGs
[2026-03-03T01:07:08.986+0000] {logging_mixin.py:149} INFO - [2026-03-03T01:07:08.986+0000] {dag.py:3490} INFO - Setting next_dagrun for example_dynamic_task_mapping to 2022-03-04T00:00:00+00:00, run_after=2022-03-05T00:00:00+00:00
[2026-03-03T01:07:08.995+0000] {processor.py:178} INFO - Processing /home/airflow/.local/lib/python3.7/site-packages/airflow/example_dags/example_dynamic_task_mapping.py took 0.037 seconds
[2026-03-03T01:07:39.056+0000] {processor.py:156} INFO - Started process (PID=97) to work on /home/airflow/.local/lib/python3.7/site-packages/airflow/example_dags/example_dynamic_task_mapping.py
[2026-03-03T01:07:39.056+0000] {processor.py:799} INFO - Processing file /home/airflow/.local/lib/python3.7/site-packages/airflow/example_dags/example_dynamic_task_mapping.py for tasks to queue
[2026-03-03T01:07:39.057+0000] {logging_mixin.py:149} INFO - [2026-03-03T01:07:39.056+0000] {dagbag.py:541} INFO - Filling up the DagBag from /home/airflow/.local/lib/python3.7/site-packages/airflow/example_dags/example_dynamic_task_mapping.py
[2026-03-03T01:07:39.061+0000] {processor.py:809} INFO - DAG(s) dict_keys(['example_dynamic_task_mapping']) retrieved from /home/airflow/.local/lib/python3.7/site-packages/airflow/example_dags/example_dynamic_task_mapping.py
[2026-03-03T01:07:39.073+0000] {logging_mixin.py:149} INFO - [2026-03-03T01:07:39.073+0000] {dag.py:2726} INFO - Sync 1 DAGs
[2026-03-03T01:07:39.084+0000] {logging_mixin.py:149} INFO - [2026-03-03T01:07:39.084+0000] {dag.py:3490} INFO - Setting next_dagrun for example_dynamic_task_mapping to 2022-03-04T00:00:00+00:00, run_after=2022-03-05T00:00:00+00:00
[2026-03-03T01:07:39.092+0000] {processor.py:178} INFO - Processing /home/airflow/.local/lib/python3.7/site-packages/airflow/example_dags/example_dynamic_task_mapping.py took 0.038 seconds
[2026-03-03T01:08:09.707+0000] {processor.py:156} INFO - Started process (PID=159) to work on /home/airflow/.local/lib/python3.7/site-packages/airflow/example_dags/example_dynamic_task_mapping.py
[2026-03-03T01:08:09.710+0000] {processor.py:799} INFO - Processing file /home/airflow/.local/lib/python3.7/site-packages/airflow/example_dags/example_dynamic_task_mapping.py for tasks to queue
[2026-03-03T01:08:09.713+0000] {logging_mixin.py:149} INFO - [2026-03-03T01:08:09.712+0000] {dagbag.py:541} INFO - Filling up the DagBag from /home/airflow/.local/lib/python3.7/site-packages/airflow/example_dags/example_dynamic_task_mapping.py
[2026-03-03T01:08:09.727+0000] {processor.py:809} INFO - DAG(s) dict_keys(['example_dynamic_task_mapping']) retrieved from /home/airflow/.local/lib/python3.7/site-packages/airflow/example_dags/example_dynamic_task_mapping.py
[2026-03-03T01:08:09.773+0000] {logging_mixin.py:149} INFO - [2026-03-03T01:08:09.773+0000] {dag.py:2726} INFO - Sync 1 DAGs
[2026-03-03T01:08:10.102+0000] {logging_mixin.py:149} INFO - [2026-03-03T01:08:10.101+0000] {dag.py:3490} INFO - Setting next_dagrun for example_dynamic_task_mapping to 2022-03-04T00:00:00+00:00, run_after=2022-03-05T00:00:00+00:00
[2026-03-03T01:08:10.147+0000] {processor.py:178} INFO - Processing /home/airflow/.local/lib/python3.7/site-packages/airflow/example_dags/example_dynamic_task_mapping.py took 0.446 seconds
[2026-03-03T01:08:40.399+0000] {processor.py:156} INFO - Started process (PID=221) to work on /home/airflow/.local/lib/python3.7/site-packages/airflow/example_dags/example_dynamic_task_mapping.py
[2026-03-03T01:08:40.400+0000] {processor.py:799} INFO - Processing file /home/airflow/.local/lib/python3.7/site-packages/airflow/example_dags/example_dynamic_task_mapping.py for tasks to queue
[2026-03-03T01:08:40.401+0000] {logging_mixin.py:149} INFO - [2026-03-03T01:08:40.401+0000] {dagbag.py:541} INFO - Filling up the DagBag from /home/airflow/.local/lib/python3.7/site-packages/airflow/example_dags/example_dynamic_task_mapping.py
[2026-03-03T01:08:40.408+0000] {processor.py:809} INFO - DAG(s) dict_keys(['example_dynamic_task_mapping']) retrieved from /home/airflow/.local/lib/python3.7/site-packages/airflow/example_dags/example_dynamic_task_mapping.py
[2026-03-03T01:08:40.427+0000] {logging_mixin.py:149} INFO - [2026-03-03T01:08:40.426+0000] {dag.py:2726} INFO - Sync 1 DAGs
[2026-03-03T01:08:40.440+0000] {logging_mixin.py:149} INFO - [2026-03-03T01:08:40.440+0000] {dag.py:3490} INFO - Setting next_dagrun for example_dynamic_task_mapping to 2022-03-04T00:00:00+00:00, run_after=2022-03-05T00:00:00+00:00
[2026-03-03T01:08:40.448+0000] {processor.py:178} INFO - Processing /home/airflow/.local/lib/python3.7/site-packages/airflow/example_dags/example_dynamic_task_mapping.py took 0.051 seconds
[2026-03-03T01:09:11.330+0000] {processor.py:156} INFO - Started process (PID=290) to work on /home/airflow/.local/lib/python3.7/site-packages/airflow/example_dags/example_dynamic_task_mapping.py
[2026-03-03T01:09:11.332+0000] {processor.py:799} INFO - Processing file /home/airflow/.local/lib/python3.7/site-packages/airflow/example_dags/example_dynamic_task_mapping.py for tasks to queue
[2026-03-03T01:09:11.333+0000] {logging_mixin.py:149} INFO - [2026-03-03T01:09:11.332+0000] {dagbag.py:541} INFO - Filling up the DagBag from /home/airflow/.local/lib/python3.7/site-packages/airflow/example_dags/example_dynamic_task_mapping.py
[2026-03-03T01:09:11.337+0000] {processor.py:809} INFO - DAG(s) dict_keys(['example_dynamic_task_mapping']) retrieved from /home/airflow/.local/lib/python3.7/site-packages/airflow/example_dags/example_dynamic_task_mapping.py
[2026-03-03T01:09:11.359+0000] {logging_mixin.py:149} INFO - [2026-03-03T01:09:11.358+0000] {dag.py:2726} INFO - Sync 1 DAGs
[2026-03-03T01:09:11.373+0000] {logging_mixin.py:149} INFO - [2026-03-03T01:09:11.373+0000] {dag.py:3490} INFO - Setting next_dagrun for example_dynamic_task_mapping to 2022-03-04T00:00:00+00:00, run_after=2022-03-05T00:00:00+00:00
[2026-03-03T01:09:11.382+0000] {processor.py:178} INFO - Processing /home/airflow/.local/lib/python3.7/site-packages/airflow/example_dags/example_dynamic_task_mapping.py took 0.054 seconds
[2026-03-03T01:09:42.302+0000] {processor.py:156} INFO - Started process (PID=352) to work on /home/airflow/.local/lib/python3.7/site-packages/airflow/example_dags/example_dynamic_task_mapping.py
[2026-03-03T01:09:42.303+0000] {processor.py:799} INFO - Processing file /home/airflow/.local/lib/python3.7/site-packages/airflow/example_dags/example_dynamic_task_mapping.py for tasks to queue
[2026-03-03T01:09:42.304+0000] {logging_mixin.py:149} INFO - [2026-03-03T01:09:42.304+0000] {dagbag.py:541} INFO - Filling up the DagBag from /home/airflow/.local/lib/python3.7/site-packages/airflow/example_dags/example_dynamic_task_mapping.py
[2026-03-03T01:09:42.309+0000] {processor.py:809} INFO - DAG(s) dict_keys(['example_dynamic_task_mapping']) retrieved from /home/airflow/.local/lib/python3.7/site-packages/airflow/example_dags/example_dynamic_task_mapping.py
[2026-03-03T01:09:42.325+0000] {logging_mixin.py:149} INFO - [2026-03-03T01:09:42.325+0000] {dag.py:2726} INFO - Sync 1 DAGs
[2026-03-03T01:09:42.340+0000] {logging_mixin.py:149} INFO - [2026-03-03T01:09:42.340+0000] {dag.py:3490} INFO - Setting next_dagrun for example_dynamic_task_mapping to 2022-03-04T00:00:00+00:00, run_after=2022-03-05T00:00:00+00:00
[2026-03-03T01:09:42.349+0000] {processor.py:178} INFO - Processing /home/airflow/.local/lib/python3.7/site-packages/airflow/example_dags/example_dynamic_task_mapping.py took 0.050 seconds
[2026-03-03T01:10:13.636+0000] {processor.py:156} INFO - Started process (PID=414) to work on /home/airflow/.local/lib/python3.7/site-packages/airflow/example_dags/example_dynamic_task_mapping.py
[2026-03-03T01:10:13.640+0000] {processor.py:799} INFO - Processing file /home/airflow/.local/lib/python3.7/site-packages/airflow/example_dags/example_dynamic_task_mapping.py for tasks to queue
[2026-03-03T01:10:13.644+0000] {logging_mixin.py:149} INFO - [2026-03-03T01:10:13.644+0000] {dagbag.py:541} INFO - Filling up the DagBag from /home/airflow/.local/lib/python3.7/site-packages/airflow/example_dags/example_dynamic_task_mapping.py
[2026-03-03T01:10:13.674+0000] {processor.py:809} INFO - DAG(s) dict_keys(['example_dynamic_task_mapping']) retrieved from /home/airflow/.local/lib/python3.7/site-packages/airflow/example_dags/example_dynamic_task_mapping.py
[2026-03-03T01:10:13.761+0000] {logging_mixin.py:149} INFO - [2026-03-03T01:10:13.760+0000] {dag.py:2726} INFO - Sync 1 DAGs
[2026-03-03T01:10:13.852+0000] {logging_mixin.py:149} INFO - [2026-03-03T01:10:13.852+0000] {dag.py:3490} INFO - Setting next_dagrun for example_dynamic_task_mapping to 2022-03-04T00:00:00+00:00, run_after=2022-03-05T00:00:00+00:00
[2026-03-03T01:10:13.942+0000] {processor.py:178} INFO - Processing /home/airflow/.local/lib/python3.7/site-packages/airflow/example_dags/example_dynamic_task_mapping.py took 0.314 seconds
[2026-03-03T01:10:44.123+0000] {processor.py:156} INFO - Started process (PID=476) to work on /home/airflow/.local/lib/python3.7/site-packages/airflow/example_dags/example_dynamic_task_mapping.py
[2026-03-03T01:10:44.125+0000] {processor.py:799} INFO - Processing file /home/airflow/.local/lib/python3.7/site-packages/airflow/example_dags/example_dynamic_task_mapping.py for tasks to queue
[2026-03-03T01:10:44.128+0000] {logging_mixin.py:149} INFO - [2026-03-03T01:10:44.127+0000] {dagbag.py:541} INFO - Filling up the DagBag from /home/airflow/.local/lib/python3.7/site-packages/airflow/example_dags/example_dynamic_task_mapping.py
[2026-03-03T01:10:44.144+0000] {processor.py:809} INFO - DAG(s) dict_keys(['example_dynamic_task_mapping']) retrieved from /home/airflow/.local/lib/python3.7/site-packages/airflow/example_dags/example_dynamic_task_mapping.py
[2026-03-03T01:10:44.200+0000] {logging_mixin.py:149} INFO - [2026-03-03T01:10:44.200+0000] {dag.py:2726} INFO - Sync 1 DAGs
[2026-03-03T01:10:44.256+0000] {logging_mixin.py:149} INFO - [2026-03-03T01:10:44.256+0000] {dag.py:3490} INFO - Setting next_dagrun for example_dynamic_task_mapping to 2022-03-04T00:00:00+00:00, run_after=2022-03-05T00:00:00+00:00
[2026-03-03T01:10:44.321+0000] {processor.py:178} INFO - Processing /home/airflow/.local/lib/python3.7/site-packages/airflow/example_dags/example_dynamic_task_mapping.py took 0.204 seconds
[2026-03-03T01:11:15.201+0000] {processor.py:156} INFO - Started process (PID=538) to work on /home/airflow/.local/lib/python3.7/site-packages/airflow/example_dags/example_dynamic_task_mapping.py
[2026-03-03T01:11:15.203+0000] {processor.py:799} INFO - Processing file /home/airflow/.local/lib/python3.7/site-packages/airflow/example_dags/example_dynamic_task_mapping.py for tasks to queue
[2026-03-03T01:11:15.204+0000] {logging_mixin.py:149} INFO - [2026-03-03T01:11:15.204+0000] {dagbag.py:541} INFO - Filling up the DagBag from /home/airflow/.local/lib/python3.7/site-packages/airflow/example_dags/example_dynamic_task_mapping.py
[2026-03-03T01:11:15.210+0000] {processor.py:809} INFO - DAG(s) dict_keys(['example_dynamic_task_mapping']) retrieved from /home/airflow/.local/lib/python3.7/site-packages/airflow/example_dags/example_dynamic_task_mapping.py
[2026-03-03T01:11:15.231+0000] {logging_mixin.py:149} INFO - [2026-03-03T01:11:15.231+0000] {dag.py:2726} INFO - Sync 1 DAGs
[2026-03-03T01:11:15.251+0000] {logging_mixin.py:149} INFO - [2026-03-03T01:11:15.251+0000] {dag.py:3490} INFO - Setting next_dagrun for example_dynamic_task_mapping to 2022-03-04T00:00:00+00:00, run_after=2022-03-05T00:00:00+00:00
[2026-03-03T01:11:15.264+0000] {processor.py:178} INFO - Processing /home/airflow/.local/lib/python3.7/site-packages/airflow/example_dags/example_dynamic_task_mapping.py took 0.065 seconds
[2026-03-03T01:11:46.142+0000] {processor.py:156} INFO - Started process (PID=600) to work on /home/airflow/.local/lib/python3.7/site-packages/airflow/example_dags/example_dynamic_task_mapping.py
[2026-03-03T01:11:46.144+0000] {processor.py:799} INFO - Processing file /home/airflow/.local/lib/python3.7/site-packages/airflow/example_dags/example_dynamic_task_mapping.py for tasks to queue
[2026-03-03T01:11:46.146+0000] {logging_mixin.py:149} INFO - [2026-03-03T01:11:46.146+0000] {dagbag.py:541} INFO - Filling up the DagBag from /home/airflow/.local/lib/python3.7/site-packages/airflow/example_dags/example_dynamic_task_mapping.py
[2026-03-03T01:11:46.161+0000] {processor.py:809} INFO - DAG(s) dict_keys(['example_dynamic_task_mapping']) retrieved from /home/airflow/.local/lib/python3.7/site-packages/airflow/example_dags/example_dynamic_task_mapping.py
[2026-03-03T01:11:46.222+0000] {logging_mixin.py:149} INFO - [2026-03-03T01:11:46.222+0000] {dag.py:2726} INFO - Sync 1 DAGs
[2026-03-03T01:11:46.283+0000] {logging_mixin.py:149} INFO - [2026-03-03T01:11:46.282+0000] {dag.py:3490} INFO - Setting next_dagrun for example_dynamic_task_mapping to 2022-03-04T00:00:00+00:00, run_after=2022-03-05T00:00:00+00:00
[2026-03-03T01:11:46.344+0000] {processor.py:178} INFO - Processing /home/airflow/.local/lib/python3.7/site-packages/airflow/example_dags/example_dynamic_task_mapping.py took 0.208 seconds
[2026-03-03T01:12:17.097+0000] {processor.py:156} INFO - Started process (PID=662) to work on /home/airflow/.local/lib/python3.7/site-packages/airflow/example_dags/example_dynamic_task_mapping.py
[2026-03-03T01:12:17.099+0000] {processor.py:799} INFO - Processing file /home/airflow/.local/lib/python3.7/site-packages/airflow/example_dags/example_dynamic_task_mapping.py for tasks to queue
[2026-03-03T01:12:17.101+0000] {logging_mixin.py:149} INFO - [2026-03-03T01:12:17.100+0000] {dagbag.py:541} INFO - Filling up the DagBag from /home/airflow/.local/lib/python3.7/site-packages/airflow/example_dags/example_dynamic_task_mapping.py
[2026-03-03T01:12:17.116+0000] {processor.py:809} INFO - DAG(s) dict_keys(['example_dynamic_task_mapping']) retrieved from /home/airflow/.local/lib/python3.7/site-packages/airflow/example_dags/example_dynamic_task_mapping.py
[2026-03-03T01:12:17.159+0000] {logging_mixin.py:149} INFO - [2026-03-03T01:12:17.158+0000] {dag.py:2726} INFO - Sync 1 DAGs
[2026-03-03T01:12:17.228+0000] {logging_mixin.py:149} INFO - [2026-03-03T01:12:17.227+0000] {dag.py:3490} INFO - Setting next_dagrun for example_dynamic_task_mapping to 2022-03-04T00:00:00+00:00, run_after=2022-03-05T00:00:00+00:00
[2026-03-03T01:12:17.281+0000] {processor.py:178} INFO - Processing /home/airflow/.local/lib/python3.7/site-packages/airflow/example_dags/example_dynamic_task_mapping.py took 0.194 seconds
[2026-03-03T01:12:47.512+0000] {processor.py:156} INFO - Started process (PID=724) to work on /home/airflow/.local/lib/python3.7/site-packages/airflow/example_dags/example_dynamic_task_mapping.py
[2026-03-03T01:12:47.518+0000] {processor.py:799} INFO - Processing file /home/airflow/.local/lib/python3.7/site-packages/airflow/example_dags/example_dynamic_task_mapping.py for tasks to queue
[2026-03-03T01:12:47.521+0000] {logging_mixin.py:149} INFO - [2026-03-03T01:12:47.521+0000] {dagbag.py:541} INFO - Filling up the DagBag from /home/airflow/.local/lib/python3.7/site-packages/airflow/example_dags/example_dynamic_task_mapping.py
[2026-03-03T01:12:47.539+0000] {processor.py:809} INFO - DAG(s) dict_keys(['example_dynamic_task_mapping']) retrieved from /home/airflow/.local/lib/python3.7/site-packages/airflow/example_dags/example_dynamic_task_mapping.py
[2026-03-03T01:12:47.600+0000] {logging_mixin.py:149} INFO - [2026-03-03T01:12:47.600+0000] {dag.py:2726} INFO - Sync 1 DAGs
[2026-03-03T01:12:47.662+0000] {logging_mixin.py:149} INFO - [2026-03-03T01:12:47.661+0000] {dag.py:3490} INFO - Setting next_dagrun for example_dynamic_task_mapping to 2022-03-04T00:00:00+00:00, run_after=2022-03-05T00:00:00+00:00
[2026-03-03T01:12:47.706+0000] {processor.py:178} INFO - Processing /home/airflow/.local/lib/python3.7/site-packages/airflow/example_dags/example_dynamic_task_mapping.py took 0.202 seconds
[2026-03-03T01:13:17.908+0000] {processor.py:156} INFO - Started process (PID=786) to work on /home/airflow/.local/lib/python3.7/site-packages/airflow/example_dags/example_dynamic_task_mapping.py
[2026-03-03T01:13:17.909+0000] {processor.py:799} INFO - Processing file /home/airflow/.local/lib/python3.7/site-packages/airflow/example_dags/example_dynamic_task_mapping.py for tasks to queue
[2026-03-03T01:13:17.909+0000] {logging_mixin.py:149} INFO - [2026-03-03T01:13:17.909+0000] {dagbag.py:541} INFO - Filling up the DagBag from /home/airflow/.local/lib/python3.7/site-packages/airflow/example_dags/example_dynamic_task_mapping.py
[2026-03-03T01:13:17.914+0000] {processor.py:809} INFO - DAG(s) dict_keys(['example_dynamic_task_mapping']) retrieved from /home/airflow/.local/lib/python3.7/site-packages/airflow/example_dags/example_dynamic_task_mapping.py
[2026-03-03T01:13:17.928+0000] {logging_mixin.py:149} INFO - [2026-03-03T01:13:17.928+0000] {dag.py:2726} INFO - Sync 1 DAGs
[2026-03-03T01:13:17.940+0000] {logging_mixin.py:149} INFO - [2026-03-03T01:13:17.940+0000] {dag.py:3490} INFO - Setting next_dagrun for example_dynamic_task_mapping to 2022-03-04T00:00:00+00:00, run_after=2022-03-05T00:00:00+00:00
[2026-03-03T01:13:17.949+0000] {processor.py:178} INFO - Processing /home/airflow/.local/lib/python3.7/site-packages/airflow/example_dags/example_dynamic_task_mapping.py took 0.042 seconds
[2026-03-03T01:13:48.498+0000] {processor.py:156} INFO - Started process (PID=848) to work on /home/airflow/.local/lib/python3.7/site-packages/airflow/example_dags/example_dynamic_task_mapping.py
[2026-03-03T01:13:48.499+0000] {processor.py:799} INFO - Processing file /home/airflow/.local/lib/python3.7/site-packages/airflow/example_dags/example_dynamic_task_mapping.py for tasks to queue
[2026-03-03T01:13:48.500+0000] {logging_mixin.py:149} INFO - [2026-03-03T01:13:48.499+0000] {dagbag.py:541} INFO - Filling up the DagBag from /home/airflow/.local/lib/python3.7/site-packages/airflow/example_dags/example_dynamic_task_mapping.py
[2026-03-03T01:13:48.506+0000] {processor.py:809} INFO - DAG(s) dict_keys(['example_dynamic_task_mapping']) retrieved from /home/airflow/.local/lib/python3.7/site-packages/airflow/example_dags/example_dynamic_task_mapping.py
[2026-03-03T01:13:48.523+0000] {logging_mixin.py:149} INFO - [2026-03-03T01:13:48.523+0000] {dag.py:2726} INFO - Sync 1 DAGs
[2026-03-03T01:13:48.537+0000] {logging_mixin.py:149} INFO - [2026-03-03T01:13:48.537+0000] {dag.py:3490} INFO - Setting next_dagrun for example_dynamic_task_mapping to 2022-03-04T00:00:00+00:00, run_after=2022-03-05T00:00:00+00:00
[2026-03-03T01:13:48.548+0000] {processor.py:178} INFO - Processing /home/airflow/.local/lib/python3.7/site-packages/airflow/example_dags/example_dynamic_task_mapping.py took 0.052 seconds
[2026-03-03T01:14:19.299+0000] {processor.py:156} INFO - Started process (PID=910) to work on /home/airflow/.local/lib/python3.7/site-packages/airflow/example_dags/example_dynamic_task_mapping.py
[2026-03-03T01:14:19.301+0000] {processor.py:799} INFO - Processing file /home/airflow/.local/lib/python3.7/site-packages/airflow/example_dags/example_dynamic_task_mapping.py for tasks to queue
[2026-03-03T01:14:19.302+0000] {logging_mixin.py:149} INFO - [2026-03-03T01:14:19.302+0000] {dagbag.py:541} INFO - Filling up the DagBag from /home/airflow/.local/lib/python3.7/site-packages/airflow/example_dags/example_dynamic_task_mapping.py
[2026-03-03T01:14:19.308+0000] {processor.py:809} INFO - DAG(s) dict_keys(['example_dynamic_task_mapping']) retrieved from /home/airflow/.local/lib/python3.7/site-packages/airflow/example_dags/example_dynamic_task_mapping.py
[2026-03-03T01:14:19.322+0000] {logging_mixin.py:149} INFO - [2026-03-03T01:14:19.322+0000] {dag.py:2726} INFO - Sync 1 DAGs
[2026-03-03T01:14:19.336+0000] {logging_mixin.py:149} INFO - [2026-03-03T01:14:19.336+0000] {dag.py:3490} INFO - Setting next_dagrun for example_dynamic_task_mapping to 2022-03-04T00:00:00+00:00, run_after=2022-03-05T00:00:00+00:00
[2026-03-03T01:14:19.344+0000] {processor.py:178} INFO - Processing /home/airflow/.local/lib/python3.7/site-packages/airflow/example_dags/example_dynamic_task_mapping.py took 0.048 seconds
[2026-03-03T01:14:49.998+0000] {processor.py:156} INFO - Started process (PID=972) to work on /home/airflow/.local/lib/python3.7/site-packages/airflow/example_dags/example_dynamic_task_mapping.py
[2026-03-03T01:14:50.000+0000] {processor.py:799} INFO - Processing file /home/airflow/.local/lib/python3.7/site-packages/airflow/example_dags/example_dynamic_task_mapping.py for tasks to queue
[2026-03-03T01:14:50.004+0000] {logging_mixin.py:149} INFO - [2026-03-03T01:14:50.003+0000] {dagbag.py:541} INFO - Filling up the DagBag from /home/airflow/.local/lib/python3.7/site-packages/airflow/example_dags/example_dynamic_task_mapping.py
[2026-03-03T01:14:50.018+0000] {processor.py:809} INFO - DAG(s) dict_keys(['example_dynamic_task_mapping']) retrieved from /home/airflow/.local/lib/python3.7/site-packages/airflow/example_dags/example_dynamic_task_mapping.py
[2026-03-03T01:14:50.065+0000] {logging_mixin.py:149} INFO - [2026-03-03T01:14:50.065+0000] {dag.py:2726} INFO - Sync 1 DAGs
[2026-03-03T01:14:50.121+0000] {logging_mixin.py:149} INFO - [2026-03-03T01:14:50.121+0000] {dag.py:3490} INFO - Setting next_dagrun for example_dynamic_task_mapping to 2022-03-04T00:00:00+00:00, run_after=2022-03-05T00:00:00+00:00
[2026-03-03T01:14:50.164+0000] {processor.py:178} INFO - Processing /home/airflow/.local/lib/python3.7/site-packages/airflow/example_dags/example_dynamic_task_mapping.py took 0.172 seconds
[2026-03-03T01:15:20.564+0000] {processor.py:156} INFO - Started process (PID=1034) to work on /home/airflow/.local/lib/python3.7/site-packages/airflow/example_dags/example_dynamic_task_mapping.py
[2026-03-03T01:15:20.565+0000] {processor.py:799} INFO - Processing file /home/airflow/.local/lib/python3.7/site-packages/airflow/example_dags/example_dynamic_task_mapping.py for tasks to queue
[2026-03-03T01:15:20.566+0000] {logging_mixin.py:149} INFO - [2026-03-03T01:15:20.566+0000] {dagbag.py:541} INFO - Filling up the DagBag from /home/airflow/.local/lib/python3.7/site-packages/airflow/example_dags/example_dynamic_task_mapping.py
[2026-03-03T01:15:20.573+0000] {processor.py:809} INFO - DAG(s) dict_keys(['example_dynamic_task_mapping']) retrieved from /home/airflow/.local/lib/python3.7/site-packages/airflow/example_dags/example_dynamic_task_mapping.py
[2026-03-03T01:15:20.591+0000] {logging_mixin.py:149} INFO - [2026-03-03T01:15:20.591+0000] {dag.py:2726} INFO - Sync 1 DAGs
[2026-03-03T01:15:20.605+0000] {logging_mixin.py:149} INFO - [2026-03-03T01:15:20.605+0000] {dag.py:3490} INFO - Setting next_dagrun for example_dynamic_task_mapping to 2022-03-04T00:00:00+00:00, run_after=2022-03-05T00:00:00+00:00
[2026-03-03T01:15:20.616+0000] {processor.py:178} INFO - Processing /home/airflow/.local/lib/python3.7/site-packages/airflow/example_dags/example_dynamic_task_mapping.py took 0.054 seconds
[2026-03-03T01:15:51.428+0000] {processor.py:156} INFO - Started process (PID=1095) to work on /home/airflow/.local/lib/python3.7/site-packages/airflow/example_dags/example_dynamic_task_mapping.py
[2026-03-03T01:15:51.429+0000] {processor.py:799} INFO - Processing file /home/airflow/.local/lib/python3.7/site-packages/airflow/example_dags/example_dynamic_task_mapping.py for tasks to queue
[2026-03-03T01:15:51.430+0000] {logging_mixin.py:149} INFO - [2026-03-03T01:15:51.430+0000] {dagbag.py:541} INFO - Filling up the DagBag from /home/airflow/.local/lib/python3.7/site-packages/airflow/example_dags/example_dynamic_task_mapping.py
[2026-03-03T01:15:51.441+0000] {processor.py:809} INFO - DAG(s) dict_keys(['example_dynamic_task_mapping']) retrieved from /home/airflow/.local/lib/python3.7/site-packages/airflow/example_dags/example_dynamic_task_mapping.py
[2026-03-03T01:15:51.457+0000] {logging_mixin.py:149} INFO - [2026-03-03T01:15:51.457+0000] {dag.py:2726} INFO - Sync 1 DAGs
[2026-03-03T01:15:51.471+0000] {logging_mixin.py:149} INFO - [2026-03-03T01:15:51.471+0000] {dag.py:3490} INFO - Setting next_dagrun for example_dynamic_task_mapping to 2022-03-04T00:00:00+00:00, run_after=2022-03-05T00:00:00+00:00
[2026-03-03T01:15:51.481+0000] {processor.py:178} INFO - Processing /home/airflow/.local/lib/python3.7/site-packages/airflow/example_dags/example_dynamic_task_mapping.py took 0.056 seconds
[2026-03-03T01:16:21.539+0000] {processor.py:156} INFO - Started process (PID=1157) to work on /home/airflow/.local/lib/python3.7/site-packages/airflow/example_dags/example_dynamic_task_mapping.py
[2026-03-03T01:16:21.541+0000] {processor.py:799} INFO - Processing file /home/airflow/.local/lib/python3.7/site-packages/airflow/example_dags/example_dynamic_task_mapping.py for tasks to queue
[2026-03-03T01:16:21.543+0000] {logging_mixin.py:149} INFO - [2026-03-03T01:16:21.542+0000] {dagbag.py:541} INFO - Filling up the DagBag from /home/airflow/.local/lib/python3.7/site-packages/airflow/example_dags/example_dynamic_task_mapping.py
[2026-03-03T01:16:21.561+0000] {processor.py:809} INFO - DAG(s) dict_keys(['example_dynamic_task_mapping']) retrieved from /home/airflow/.local/lib/python3.7/site-packages/airflow/example_dags/example_dynamic_task_mapping.py
[2026-03-03T01:16:21.623+0000] {logging_mixin.py:149} INFO - [2026-03-03T01:16:21.623+0000] {dag.py:2726} INFO - Sync 1 DAGs
[2026-03-03T01:16:21.703+0000] {logging_mixin.py:149} INFO - [2026-03-03T01:16:21.703+0000] {dag.py:3490} INFO - Setting next_dagrun for example_dynamic_task_mapping to 2022-03-04T00:00:00+00:00, run_after=2022-03-05T00:00:00+00:00
[2026-03-03T01:16:21.761+0000] {processor.py:178} INFO - Processing /home/airflow/.local/lib/python3.7/site-packages/airflow/example_dags/example_dynamic_task_mapping.py took 0.232 seconds
[2026-03-03T01:16:52.407+0000] {processor.py:156} INFO - Started process (PID=1219) to work on /home/airflow/.local/lib/python3.7/site-packages/airflow/example_dags/example_dynamic_task_mapping.py
[2026-03-03T01:16:52.408+0000] {processor.py:799} INFO - Processing file /home/airflow/.local/lib/python3.7/site-packages/airflow/example_dags/example_dynamic_task_mapping.py for tasks to queue
[2026-03-03T01:16:52.409+0000] {logging_mixin.py:149} INFO - [2026-03-03T01:16:52.409+0000] {dagbag.py:541} INFO - Filling up the DagBag from /home/airflow/.local/lib/python3.7/site-packages/airflow/example_dags/example_dynamic_task_mapping.py
[2026-03-03T01:16:52.422+0000] {processor.py:809} INFO - DAG(s) dict_keys(['example_dynamic_task_mapping']) retrieved from /home/airflow/.local/lib/python3.7/site-packages/airflow/example_dags/example_dynamic_task_mapping.py
[2026-03-03T01:16:52.469+0000] {logging_mixin.py:149} INFO - [2026-03-03T01:16:52.469+0000] {dag.py:2726} INFO - Sync 1 DAGs
[2026-03-03T01:16:52.518+0000] {logging_mixin.py:149} INFO - [2026-03-03T01:16:52.518+0000] {dag.py:3490} INFO - Setting next_dagrun for example_dynamic_task_mapping to 2022-03-04T00:00:00+00:00, run_after=2022-03-05T00:00:00+00:00
[2026-03-03T01:16:52.556+0000] {processor.py:178} INFO - Processing /home/airflow/.local/lib/python3.7/site-packages/airflow/example_dags/example_dynamic_task_mapping.py took 0.155 seconds
[2026-03-03T01:17:23.190+0000] {processor.py:156} INFO - Started process (PID=1281) to work on /home/airflow/.local/lib/python3.7/site-packages/airflow/example_dags/example_dynamic_task_mapping.py
[2026-03-03T01:17:23.191+0000] {processor.py:799} INFO - Processing file /home/airflow/.local/lib/python3.7/site-packages/airflow/example_dags/example_dynamic_task_mapping.py for tasks to queue
[2026-03-03T01:17:23.191+0000] {logging_mixin.py:149} INFO - [2026-03-03T01:17:23.191+0000] {dagbag.py:541} INFO - Filling up the DagBag from /home/airflow/.local/lib/python3.7/site-packages/airflow/example_dags/example_dynamic_task_mapping.py
[2026-03-03T01:17:23.195+0000] {processor.py:809} INFO - DAG(s) dict_keys(['example_dynamic_task_mapping']) retrieved from /home/airflow/.local/lib/python3.7/site-packages/airflow/example_dags/example_dynamic_task_mapping.py
[2026-03-03T01:17:23.207+0000] {logging_mixin.py:149} INFO - [2026-03-03T01:17:23.207+0000] {dag.py:2726} INFO - Sync 1 DAGs
[2026-03-03T01:17:23.219+0000] {logging_mixin.py:149} INFO - [2026-03-03T01:17:23.219+0000] {dag.py:3490} INFO - Setting next_dagrun for example_dynamic_task_mapping to 2022-03-04T00:00:00+00:00, run_after=2022-03-05T00:00:00+00:00
[2026-03-03T01:17:23.228+0000] {processor.py:178} INFO - Processing /home/airflow/.local/lib/python3.7/site-packages/airflow/example_dags/example_dynamic_task_mapping.py took 0.040 seconds
[2026-03-03T01:17:54.110+0000] {processor.py:156} INFO - Started process (PID=1343) to work on /home/airflow/.local/lib/python3.7/site-packages/airflow/example_dags/example_dynamic_task_mapping.py
[2026-03-03T01:17:54.111+0000] {processor.py:799} INFO - Processing file /home/airflow/.local/lib/python3.7/site-packages/airflow/example_dags/example_dynamic_task_mapping.py for tasks to queue
[2026-03-03T01:17:54.111+0000] {logging_mixin.py:149} INFO - [2026-03-03T01:17:54.111+0000] {dagbag.py:541} INFO - Filling up the DagBag from /home/airflow/.local/lib/python3.7/site-packages/airflow/example_dags/example_dynamic_task_mapping.py
[2026-03-03T01:17:54.116+0000] {processor.py:809} INFO - DAG(s) dict_keys(['example_dynamic_task_mapping']) retrieved from /home/airflow/.local/lib/python3.7/site-packages/airflow/example_dags/example_dynamic_task_mapping.py
[2026-03-03T01:17:54.128+0000] {logging_mixin.py:149} INFO - [2026-03-03T01:17:54.128+0000] {dag.py:2726} INFO - Sync 1 DAGs
[2026-03-03T01:17:54.140+0000] {logging_mixin.py:149} INFO - [2026-03-03T01:17:54.140+0000] {dag.py:3490} INFO - Setting next_dagrun for example_dynamic_task_mapping to 2022-03-04T00:00:00+00:00, run_after=2022-03-05T00:00:00+00:00
[2026-03-03T01:17:54.148+0000] {processor.py:178} INFO - Processing /home/airflow/.local/lib/python3.7/site-packages/airflow/example_dags/example_dynamic_task_mapping.py took 0.041 seconds
[2026-03-03T01:18:25.085+0000] {processor.py:156} INFO - Started process (PID=1405) to work on /home/airflow/.local/lib/python3.7/site-packages/airflow/example_dags/example_dynamic_task_mapping.py
[2026-03-03T01:18:25.087+0000] {processor.py:799} INFO - Processing file /home/airflow/.local/lib/python3.7/site-packages/airflow/example_dags/example_dynamic_task_mapping.py for tasks to queue
[2026-03-03T01:18:25.090+0000] {logging_mixin.py:149} INFO - [2026-03-03T01:18:25.089+0000] {dagbag.py:541} INFO - Filling up the DagBag from /home/airflow/.local/lib/python3.7/site-packages/airflow/example_dags/example_dynamic_task_mapping.py
[2026-03-03T01:18:25.104+0000] {processor.py:809} INFO - DAG(s) dict_keys(['example_dynamic_task_mapping']) retrieved from /home/airflow/.local/lib/python3.7/site-packages/airflow/example_dags/example_dynamic_task_mapping.py
[2026-03-03T01:18:25.156+0000] {logging_mixin.py:149} INFO - [2026-03-03T01:18:25.156+0000] {dag.py:2726} INFO - Sync 1 DAGs
[2026-03-03T01:18:25.215+0000] {logging_mixin.py:149} INFO - [2026-03-03T01:18:25.215+0000] {dag.py:3490} INFO - Setting next_dagrun for example_dynamic_task_mapping to 2022-03-04T00:00:00+00:00, run_after=2022-03-05T00:00:00+00:00
[2026-03-03T01:18:25.262+0000] {processor.py:178} INFO - Processing /home/airflow/.local/lib/python3.7/site-packages/airflow/example_dags/example_dynamic_task_mapping.py took 0.183 seconds
[2026-03-03T01:18:55.827+0000] {processor.py:156} INFO - Started process (PID=1467) to work on /home/airflow/.local/lib/python3.7/site-packages/airflow/example_dags/example_dynamic_task_mapping.py
[2026-03-03T01:18:55.829+0000] {processor.py:799} INFO - Processing file /home/airflow/.local/lib/python3.7/site-packages/airflow/example_dags/example_dynamic_task_mapping.py for tasks to queue
[2026-03-03T01:18:55.830+0000] {logging_mixin.py:149} INFO - [2026-03-03T01:18:55.830+0000] {dagbag.py:541} INFO - Filling up the DagBag from /home/airflow/.local/lib/python3.7/site-packages/airflow/example_dags/example_dynamic_task_mapping.py
[2026-03-03T01:18:55.845+0000] {processor.py:809} INFO - DAG(s) dict_keys(['example_dynamic_task_mapping']) retrieved from /home/airflow/.local/lib/python3.7/site-packages/airflow/example_dags/example_dynamic_task_mapping.py
[2026-03-03T01:18:55.895+0000] {logging_mixin.py:149} INFO - [2026-03-03T01:18:55.894+0000] {dag.py:2726} INFO - Sync 1 DAGs
[2026-03-03T01:18:55.947+0000] {logging_mixin.py:149} INFO - [2026-03-03T01:18:55.947+0000] {dag.py:3490} INFO - Setting next_dagrun for example_dynamic_task_mapping to 2022-03-04T00:00:00+00:00, run_after=2022-03-05T00:00:00+00:00
[2026-03-03T01:18:55.990+0000] {processor.py:178} INFO - Processing /home/airflow/.local/lib/python3.7/site-packages/airflow/example_dags/example_dynamic_task_mapping.py took 0.169 seconds
[2026-03-03T01:19:26.300+0000] {processor.py:156} INFO - Started process (PID=1529) to work on /home/airflow/.local/lib/python3.7/site-packages/airflow/example_dags/example_dynamic_task_mapping.py
[2026-03-03T01:19:26.301+0000] {processor.py:799} INFO - Processing file /home/airflow/.local/lib/python3.7/site-packages/airflow/example_dags/example_dynamic_task_mapping.py for tasks to queue
[2026-03-03T01:19:26.301+0000] {logging_mixin.py:149} INFO - [2026-03-03T01:19:26.301+0000] {dagbag.py:541} INFO - Filling up the DagBag from /home/airflow/.local/lib/python3.7/site-packages/airflow/example_dags/example_dynamic_task_mapping.py
[2026-03-03T01:19:26.308+0000] {processor.py:809} INFO - DAG(s) dict_keys(['example_dynamic_task_mapping']) retrieved from /home/airflow/.local/lib/python3.7/site-packages/airflow/example_dags/example_dynamic_task_mapping.py
[2026-03-03T01:19:26.325+0000] {logging_mixin.py:149} INFO - [2026-03-03T01:19:26.325+0000] {dag.py:2726} INFO - Sync 1 DAGs
[2026-03-03T01:19:26.342+0000] {logging_mixin.py:149} INFO - [2026-03-03T01:19:26.342+0000] {dag.py:3490} INFO - Setting next_dagrun for example_dynamic_task_mapping to 2022-03-04T00:00:00+00:00, run_after=2022-03-05T00:00:00+00:00
[2026-03-03T01:19:26.359+0000] {processor.py:178} INFO - Processing /home/airflow/.local/lib/python3.7/site-packages/airflow/example_dags/example_dynamic_task_mapping.py took 0.061 seconds
[2026-03-03T01:19:57.079+0000] {processor.py:156} INFO - Started process (PID=1591) to work on /home/airflow/.local/lib/python3.7/site-packages/airflow/example_dags/example_dynamic_task_mapping.py
[2026-03-03T01:19:57.079+0000] {processor.py:799} INFO - Processing file /home/airflow/.local/lib/python3.7/site-packages/airflow/example_dags/example_dynamic_task_mapping.py for tasks to queue
[2026-03-03T01:19:57.079+0000] {logging_mixin.py:149} INFO - [2026-03-03T01:19:57.079+0000] {dagbag.py:541} INFO - Filling up the DagBag from /home/airflow/.local/lib/python3.7/site-packages/airflow/example_dags/example_dynamic_task_mapping.py
[2026-03-03T01:19:57.084+0000] {processor.py:809} INFO - DAG(s) dict_keys(['example_dynamic_task_mapping']) retrieved from /home/airflow/.local/lib/python3.7/site-packages/airflow/example_dags/example_dynamic_task_mapping.py
[2026-03-03T01:19:57.098+0000] {logging_mixin.py:149} INFO - [2026-03-03T01:19:57.098+0000] {dag.py:2726} INFO - Sync 1 DAGs
[2026-03-03T01:19:57.111+0000] {logging_mixin.py:149} INFO - [2026-03-03T01:19:57.111+0000] {dag.py:3490} INFO - Setting next_dagrun for example_dynamic_task_mapping to 2022-03-04T00:00:00+00:00, run_after=2022-03-05T00:00:00+00:00
[2026-03-03T01:19:57.119+0000] {processor.py:178} INFO - Processing /home/airflow/.local/lib/python3.7/site-packages/airflow/example_dags/example_dynamic_task_mapping.py took 0.042 seconds
[2026-03-03T01:20:27.748+0000] {processor.py:156} INFO - Started process (PID=1653) to work on /home/airflow/.local/lib/python3.7/site-packages/airflow/example_dags/example_dynamic_task_mapping.py
[2026-03-03T01:20:27.750+0000] {processor.py:799} INFO - Processing file /home/airflow/.local/lib/python3.7/site-packages/airflow/example_dags/example_dynamic_task_mapping.py for tasks to queue
[2026-03-03T01:20:27.751+0000] {logging_mixin.py:149} INFO - [2026-03-03T01:20:27.750+0000] {dagbag.py:541} INFO - Filling up the DagBag from /home/airflow/.local/lib/python3.7/site-packages/airflow/example_dags/example_dynamic_task_mapping.py
[2026-03-03T01:20:27.755+0000] {processor.py:809} INFO - DAG(s) dict_keys(['example_dynamic_task_mapping']) retrieved from /home/airflow/.local/lib/python3.7/site-packages/airflow/example_dags/example_dynamic_task_mapping.py
[2026-03-03T01:20:27.770+0000] {logging_mixin.py:149} INFO - [2026-03-03T01:20:27.770+0000] {dag.py:2726} INFO - Sync 1 DAGs
[2026-03-03T01:20:27.784+0000] {logging_mixin.py:149} INFO - [2026-03-03T01:20:27.783+0000] {dag.py:3490} INFO - Setting next_dagrun for example_dynamic_task_mapping to 2022-03-04T00:00:00+00:00, run_after=2022-03-05T00:00:00+00:00
[2026-03-03T01:20:27.795+0000] {processor.py:178} INFO - Processing /home/airflow/.local/lib/python3.7/site-packages/airflow/example_dags/example_dynamic_task_mapping.py took 0.049 seconds
[2026-03-03T01:20:58.469+0000] {processor.py:156} INFO - Started process (PID=1715) to work on /home/airflow/.local/lib/python3.7/site-packages/airflow/example_dags/example_dynamic_task_mapping.py
[2026-03-03T01:20:58.469+0000] {processor.py:799} INFO - Processing file /home/airflow/.local/lib/python3.7/site-packages/airflow/example_dags/example_dynamic_task_mapping.py for tasks to queue
[2026-03-03T01:20:58.470+0000] {logging_mixin.py:149} INFO - [2026-03-03T01:20:58.470+0000] {dagbag.py:541} INFO - Filling up the DagBag from /home/airflow/.local/lib/python3.7/site-packages/airflow/example_dags/example_dynamic_task_mapping.py
[2026-03-03T01:20:58.474+0000] {processor.py:809} INFO - DAG(s) dict_keys(['example_dynamic_task_mapping']) retrieved from /home/airflow/.local/lib/python3.7/site-packages/airflow/example_dags/example_dynamic_task_mapping.py
[2026-03-03T01:20:58.487+0000] {logging_mixin.py:149} INFO - [2026-03-03T01:20:58.486+0000] {dag.py:2726} INFO - Sync 1 DAGs
[2026-03-03T01:20:58.500+0000] {logging_mixin.py:149} INFO - [2026-03-03T01:20:58.499+0000] {dag.py:3490} INFO - Setting next_dagrun for example_dynamic_task_mapping to 2022-03-04T00:00:00+00:00, run_after=2022-03-05T00:00:00+00:00
[2026-03-03T01:20:58.508+0000] {processor.py:178} INFO - Processing /home/airflow/.local/lib/python3.7/site-packages/airflow/example_dags/example_dynamic_task_mapping.py took 0.041 seconds
[2026-03-03T01:21:29.098+0000] {processor.py:156} INFO - Started process (PID=1777) to work on /home/airflow/.local/lib/python3.7/site-packages/airflow/example_dags/example_dynamic_task_mapping.py
[2026-03-03T01:21:29.099+0000] {processor.py:799} INFO - Processing file /home/airflow/.local/lib/python3.7/site-packages/airflow/example_dags/example_dynamic_task_mapping.py for tasks to queue
[2026-03-03T01:21:29.099+0000] {logging_mixin.py:149} INFO - [2026-03-03T01:21:29.099+0000] {dagbag.py:541} INFO - Filling up the DagBag from /home/airflow/.local/lib/python3.7/site-packages/airflow/example_dags/example_dynamic_task_mapping.py
[2026-03-03T01:21:29.104+0000] {processor.py:809} INFO - DAG(s) dict_keys(['example_dynamic_task_mapping']) retrieved from /home/airflow/.local/lib/python3.7/site-packages/airflow/example_dags/example_dynamic_task_mapping.py
[2026-03-03T01:21:29.116+0000] {logging_mixin.py:149} INFO - [2026-03-03T01:21:29.116+0000] {dag.py:2726} INFO - Sync 1 DAGs
[2026-03-03T01:21:29.129+0000] {logging_mixin.py:149} INFO - [2026-03-03T01:21:29.129+0000] {dag.py:3490} INFO - Setting next_dagrun for example_dynamic_task_mapping to 2022-03-04T00:00:00+00:00, run_after=2022-03-05T00:00:00+00:00
[2026-03-03T01:21:29.138+0000] {processor.py:178} INFO - Processing /home/airflow/.local/lib/python3.7/site-packages/airflow/example_dags/example_dynamic_task_mapping.py took 0.042 seconds
[2026-03-03T01:21:59.984+0000] {processor.py:156} INFO - Started process (PID=1839) to work on /home/airflow/.local/lib/python3.7/site-packages/airflow/example_dags/example_dynamic_task_mapping.py
[2026-03-03T01:21:59.986+0000] {processor.py:799} INFO - Processing file /home/airflow/.local/lib/python3.7/site-packages/airflow/example_dags/example_dynamic_task_mapping.py for tasks to queue
[2026-03-03T01:21:59.987+0000] {logging_mixin.py:149} INFO - [2026-03-03T01:21:59.987+0000] {dagbag.py:541} INFO - Filling up the DagBag from /home/airflow/.local/lib/python3.7/site-packages/airflow/example_dags/example_dynamic_task_mapping.py
[2026-03-03T01:22:00.005+0000] {processor.py:809} INFO - DAG(s) dict_keys(['example_dynamic_task_mapping']) retrieved from /home/airflow/.local/lib/python3.7/site-packages/airflow/example_dags/example_dynamic_task_mapping.py
[2026-03-03T01:22:00.059+0000] {logging_mixin.py:149} INFO - [2026-03-03T01:22:00.059+0000] {dag.py:2726} INFO - Sync 1 DAGs
[2026-03-03T01:22:00.125+0000] {logging_mixin.py:149} INFO - [2026-03-03T01:22:00.124+0000] {dag.py:3490} INFO - Setting next_dagrun for example_dynamic_task_mapping to 2022-03-04T00:00:00+00:00, run_after=2022-03-05T00:00:00+00:00
[2026-03-03T01:22:00.176+0000] {processor.py:178} INFO - Processing /home/airflow/.local/lib/python3.7/site-packages/airflow/example_dags/example_dynamic_task_mapping.py took 0.198 seconds
[2026-03-03T01:22:30.459+0000] {processor.py:156} INFO - Started process (PID=1901) to work on /home/airflow/.local/lib/python3.7/site-packages/airflow/example_dags/example_dynamic_task_mapping.py
[2026-03-03T01:22:30.463+0000] {processor.py:799} INFO - Processing file /home/airflow/.local/lib/python3.7/site-packages/airflow/example_dags/example_dynamic_task_mapping.py for tasks to queue
[2026-03-03T01:22:30.467+0000] {logging_mixin.py:149} INFO - [2026-03-03T01:22:30.466+0000] {dagbag.py:541} INFO - Filling up the DagBag from /home/airflow/.local/lib/python3.7/site-packages/airflow/example_dags/example_dynamic_task_mapping.py
[2026-03-03T01:22:30.492+0000] {processor.py:809} INFO - DAG(s) dict_keys(['example_dynamic_task_mapping']) retrieved from /home/airflow/.local/lib/python3.7/site-packages/airflow/example_dags/example_dynamic_task_mapping.py
[2026-03-03T01:22:30.556+0000] {logging_mixin.py:149} INFO - [2026-03-03T01:22:30.556+0000] {dag.py:2726} INFO - Sync 1 DAGs
[2026-03-03T01:22:30.636+0000] {logging_mixin.py:149} INFO - [2026-03-03T01:22:30.636+0000] {dag.py:3490} INFO - Setting next_dagrun for example_dynamic_task_mapping to 2022-03-04T00:00:00+00:00, run_after=2022-03-05T00:00:00+00:00
[2026-03-03T01:22:30.695+0000] {processor.py:178} INFO - Processing /home/airflow/.local/lib/python3.7/site-packages/airflow/example_dags/example_dynamic_task_mapping.py took 0.244 seconds
[2026-03-03T01:23:01.557+0000] {processor.py:156} INFO - Started process (PID=1963) to work on /home/airflow/.local/lib/python3.7/site-packages/airflow/example_dags/example_dynamic_task_mapping.py
[2026-03-03T01:23:01.559+0000] {processor.py:799} INFO - Processing file /home/airflow/.local/lib/python3.7/site-packages/airflow/example_dags/example_dynamic_task_mapping.py for tasks to queue
[2026-03-03T01:23:01.560+0000] {logging_mixin.py:149} INFO - [2026-03-03T01:23:01.560+0000] {dagbag.py:541} INFO - Filling up the DagBag from /home/airflow/.local/lib/python3.7/site-packages/airflow/example_dags/example_dynamic_task_mapping.py
[2026-03-03T01:23:01.565+0000] {processor.py:809} INFO - DAG(s) dict_keys(['example_dynamic_task_mapping']) retrieved from /home/airflow/.local/lib/python3.7/site-packages/airflow/example_dags/example_dynamic_task_mapping.py
[2026-03-03T01:23:01.584+0000] {logging_mixin.py:149} INFO - [2026-03-03T01:23:01.583+0000] {dag.py:2726} INFO - Sync 1 DAGs
[2026-03-03T01:23:01.598+0000] {logging_mixin.py:149} INFO - [2026-03-03T01:23:01.598+0000] {dag.py:3490} INFO - Setting next_dagrun for example_dynamic_task_mapping to 2022-03-04T00:00:00+00:00, run_after=2022-03-05T00:00:00+00:00
[2026-03-03T01:23:01.611+0000] {processor.py:178} INFO - Processing /home/airflow/.local/lib/python3.7/site-packages/airflow/example_dags/example_dynamic_task_mapping.py took 0.057 seconds
[2026-03-03T01:23:32.359+0000] {processor.py:156} INFO - Started process (PID=2025) to work on /home/airflow/.local/lib/python3.7/site-packages/airflow/example_dags/example_dynamic_task_mapping.py
[2026-03-03T01:23:32.362+0000] {processor.py:799} INFO - Processing file /home/airflow/.local/lib/python3.7/site-packages/airflow/example_dags/example_dynamic_task_mapping.py for tasks to queue
[2026-03-03T01:23:32.366+0000] {logging_mixin.py:149} INFO - [2026-03-03T01:23:32.365+0000] {dagbag.py:541} INFO - Filling up the DagBag from /home/airflow/.local/lib/python3.7/site-packages/airflow/example_dags/example_dynamic_task_mapping.py
[2026-03-03T01:23:32.390+0000] {processor.py:809} INFO - DAG(s) dict_keys(['example_dynamic_task_mapping']) retrieved from /home/airflow/.local/lib/python3.7/site-packages/airflow/example_dags/example_dynamic_task_mapping.py
[2026-03-03T01:23:32.446+0000] {logging_mixin.py:149} INFO - [2026-03-03T01:23:32.445+0000] {dag.py:2726} INFO - Sync 1 DAGs
[2026-03-03T01:23:32.516+0000] {logging_mixin.py:149} INFO - [2026-03-03T01:23:32.515+0000] {dag.py:3490} INFO - Setting next_dagrun for example_dynamic_task_mapping to 2022-03-04T00:00:00+00:00, run_after=2022-03-05T00:00:00+00:00
[2026-03-03T01:23:32.583+0000] {processor.py:178} INFO - Processing /home/airflow/.local/lib/python3.7/site-packages/airflow/example_dags/example_dynamic_task_mapping.py took 0.232 seconds
[2026-03-03T01:24:03.612+0000] {processor.py:156} INFO - Started process (PID=2087) to work on /home/airflow/.local/lib/python3.7/site-packages/airflow/example_dags/example_dynamic_task_mapping.py
[2026-03-03T01:24:03.615+0000] {processor.py:799} INFO - Processing file /home/airflow/.local/lib/python3.7/site-packages/airflow/example_dags/example_dynamic_task_mapping.py for tasks to queue
[2026-03-03T01:24:03.618+0000] {logging_mixin.py:149} INFO - [2026-03-03T01:24:03.618+0000] {dagbag.py:541} INFO - Filling up the DagBag from /home/airflow/.local/lib/python3.7/site-packages/airflow/example_dags/example_dynamic_task_mapping.py
[2026-03-03T01:24:03.635+0000] {processor.py:809} INFO - DAG(s) dict_keys(['example_dynamic_task_mapping']) retrieved from /home/airflow/.local/lib/python3.7/site-packages/airflow/example_dags/example_dynamic_task_mapping.py
[2026-03-03T01:24:03.704+0000] {logging_mixin.py:149} INFO - [2026-03-03T01:24:03.703+0000] {dag.py:2726} INFO - Sync 1 DAGs
[2026-03-03T01:24:03.777+0000] {logging_mixin.py:149} INFO - [2026-03-03T01:24:03.776+0000] {dag.py:3490} INFO - Setting next_dagrun for example_dynamic_task_mapping to 2022-03-04T00:00:00+00:00, run_after=2022-03-05T00:00:00+00:00
[2026-03-03T01:24:03.839+0000] {processor.py:178} INFO - Processing /home/airflow/.local/lib/python3.7/site-packages/airflow/example_dags/example_dynamic_task_mapping.py took 0.234 seconds
[2026-03-03T01:24:34.471+0000] {processor.py:156} INFO - Started process (PID=2149) to work on /home/airflow/.local/lib/python3.7/site-packages/airflow/example_dags/example_dynamic_task_mapping.py
[2026-03-03T01:24:34.474+0000] {processor.py:799} INFO - Processing file /home/airflow/.local/lib/python3.7/site-packages/airflow/example_dags/example_dynamic_task_mapping.py for tasks to queue
[2026-03-03T01:24:34.476+0000] {logging_mixin.py:149} INFO - [2026-03-03T01:24:34.476+0000] {dagbag.py:541} INFO - Filling up the DagBag from /home/airflow/.local/lib/python3.7/site-packages/airflow/example_dags/example_dynamic_task_mapping.py
[2026-03-03T01:24:34.495+0000] {processor.py:809} INFO - DAG(s) dict_keys(['example_dynamic_task_mapping']) retrieved from /home/airflow/.local/lib/python3.7/site-packages/airflow/example_dags/example_dynamic_task_mapping.py
[2026-03-03T01:24:34.558+0000] {logging_mixin.py:149} INFO - [2026-03-03T01:24:34.558+0000] {dag.py:2726} INFO - Sync 1 DAGs
[2026-03-03T01:24:34.632+0000] {logging_mixin.py:149} INFO - [2026-03-03T01:24:34.631+0000] {dag.py:3490} INFO - Setting next_dagrun for example_dynamic_task_mapping to 2022-03-04T00:00:00+00:00, run_after=2022-03-05T00:00:00+00:00
[2026-03-03T01:24:34.690+0000] {processor.py:178} INFO - Processing /home/airflow/.local/lib/python3.7/site-packages/airflow/example_dags/example_dynamic_task_mapping.py took 0.228 seconds
[2026-03-03T01:25:05.390+0000] {processor.py:156} INFO - Started process (PID=2211) to work on /home/airflow/.local/lib/python3.7/site-packages/airflow/example_dags/example_dynamic_task_mapping.py
[2026-03-03T01:25:05.394+0000] {processor.py:799} INFO - Processing file /home/airflow/.local/lib/python3.7/site-packages/airflow/example_dags/example_dynamic_task_mapping.py for tasks to queue
[2026-03-03T01:25:05.396+0000] {logging_mixin.py:149} INFO - [2026-03-03T01:25:05.395+0000] {dagbag.py:541} INFO - Filling up the DagBag from /home/airflow/.local/lib/python3.7/site-packages/airflow/example_dags/example_dynamic_task_mapping.py
[2026-03-03T01:25:05.414+0000] {processor.py:809} INFO - DAG(s) dict_keys(['example_dynamic_task_mapping']) retrieved from /home/airflow/.local/lib/python3.7/site-packages/airflow/example_dags/example_dynamic_task_mapping.py
[2026-03-03T01:25:05.475+0000] {logging_mixin.py:149} INFO - [2026-03-03T01:25:05.474+0000] {dag.py:2726} INFO - Sync 1 DAGs
[2026-03-03T01:25:05.545+0000] {logging_mixin.py:149} INFO - [2026-03-03T01:25:05.545+0000] {dag.py:3490} INFO - Setting next_dagrun for example_dynamic_task_mapping to 2022-03-04T00:00:00+00:00, run_after=2022-03-05T00:00:00+00:00
[2026-03-03T01:25:05.608+0000] {processor.py:178} INFO - Processing /home/airflow/.local/lib/python3.7/site-packages/airflow/example_dags/example_dynamic_task_mapping.py took 0.227 seconds
[2026-03-03T01:25:35.906+0000] {processor.py:156} INFO - Started process (PID=2273) to work on /home/airflow/.local/lib/python3.7/site-packages/airflow/example_dags/example_dynamic_task_mapping.py
[2026-03-03T01:25:35.908+0000] {processor.py:799} INFO - Processing file /home/airflow/.local/lib/python3.7/site-packages/airflow/example_dags/example_dynamic_task_mapping.py for tasks to queue
[2026-03-03T01:25:35.909+0000] {logging_mixin.py:149} INFO - [2026-03-03T01:25:35.909+0000] {dagbag.py:541} INFO - Filling up the DagBag from /home/airflow/.local/lib/python3.7/site-packages/airflow/example_dags/example_dynamic_task_mapping.py
[2026-03-03T01:25:35.921+0000] {processor.py:809} INFO - DAG(s) dict_keys(['example_dynamic_task_mapping']) retrieved from /home/airflow/.local/lib/python3.7/site-packages/airflow/example_dags/example_dynamic_task_mapping.py
[2026-03-03T01:25:35.945+0000] {logging_mixin.py:149} INFO - [2026-03-03T01:25:35.945+0000] {dag.py:2726} INFO - Sync 1 DAGs
[2026-03-03T01:25:35.962+0000] {logging_mixin.py:149} INFO - [2026-03-03T01:25:35.962+0000] {dag.py:3490} INFO - Setting next_dagrun for example_dynamic_task_mapping to 2022-03-04T00:00:00+00:00, run_after=2022-03-05T00:00:00+00:00
[2026-03-03T01:25:35.975+0000] {processor.py:178} INFO - Processing /home/airflow/.local/lib/python3.7/site-packages/airflow/example_dags/example_dynamic_task_mapping.py took 0.074 seconds
[2026-03-03T01:26:06.647+0000] {processor.py:156} INFO - Started process (PID=2335) to work on /home/airflow/.local/lib/python3.7/site-packages/airflow/example_dags/example_dynamic_task_mapping.py
[2026-03-03T01:26:06.649+0000] {processor.py:799} INFO - Processing file /home/airflow/.local/lib/python3.7/site-packages/airflow/example_dags/example_dynamic_task_mapping.py for tasks to queue
[2026-03-03T01:26:06.650+0000] {logging_mixin.py:149} INFO - [2026-03-03T01:26:06.650+0000] {dagbag.py:541} INFO - Filling up the DagBag from /home/airflow/.local/lib/python3.7/site-packages/airflow/example_dags/example_dynamic_task_mapping.py
[2026-03-03T01:26:06.656+0000] {processor.py:809} INFO - DAG(s) dict_keys(['example_dynamic_task_mapping']) retrieved from /home/airflow/.local/lib/python3.7/site-packages/airflow/example_dags/example_dynamic_task_mapping.py
[2026-03-03T01:26:06.672+0000] {logging_mixin.py:149} INFO - [2026-03-03T01:26:06.672+0000] {dag.py:2726} INFO - Sync 1 DAGs
[2026-03-03T01:26:06.688+0000] {logging_mixin.py:149} INFO - [2026-03-03T01:26:06.688+0000] {dag.py:3490} INFO - Setting next_dagrun for example_dynamic_task_mapping to 2022-03-04T00:00:00+00:00, run_after=2022-03-05T00:00:00+00:00
[2026-03-03T01:26:06.700+0000] {processor.py:178} INFO - Processing /home/airflow/.local/lib/python3.7/site-packages/airflow/example_dags/example_dynamic_task_mapping.py took 0.055 seconds
[2026-03-03T01:26:36.913+0000] {processor.py:156} INFO - Started process (PID=2397) to work on /home/airflow/.local/lib/python3.7/site-packages/airflow/example_dags/example_dynamic_task_mapping.py
[2026-03-03T01:26:36.919+0000] {processor.py:799} INFO - Processing file /home/airflow/.local/lib/python3.7/site-packages/airflow/example_dags/example_dynamic_task_mapping.py for tasks to queue
[2026-03-03T01:26:36.924+0000] {logging_mixin.py:149} INFO - [2026-03-03T01:26:36.923+0000] {dagbag.py:541} INFO - Filling up the DagBag from /home/airflow/.local/lib/python3.7/site-packages/airflow/example_dags/example_dynamic_task_mapping.py
[2026-03-03T01:26:36.947+0000] {processor.py:809} INFO - DAG(s) dict_keys(['example_dynamic_task_mapping']) retrieved from /home/airflow/.local/lib/python3.7/site-packages/airflow/example_dags/example_dynamic_task_mapping.py
[2026-03-03T01:26:37.028+0000] {logging_mixin.py:149} INFO - [2026-03-03T01:26:37.028+0000] {dag.py:2726} INFO - Sync 1 DAGs
[2026-03-03T01:26:37.118+0000] {logging_mixin.py:149} INFO - [2026-03-03T01:26:37.118+0000] {dag.py:3490} INFO - Setting next_dagrun for example_dynamic_task_mapping to 2022-03-04T00:00:00+00:00, run_after=2022-03-05T00:00:00+00:00
[2026-03-03T01:26:37.188+0000] {processor.py:178} INFO - Processing /home/airflow/.local/lib/python3.7/site-packages/airflow/example_dags/example_dynamic_task_mapping.py took 0.285 seconds
[2026-03-03T01:27:08.073+0000] {processor.py:156} INFO - Started process (PID=2458) to work on /home/airflow/.local/lib/python3.7/site-packages/airflow/example_dags/example_dynamic_task_mapping.py
[2026-03-03T01:27:08.074+0000] {processor.py:799} INFO - Processing file /home/airflow/.local/lib/python3.7/site-packages/airflow/example_dags/example_dynamic_task_mapping.py for tasks to queue
[2026-03-03T01:27:08.075+0000] {logging_mixin.py:149} INFO - [2026-03-03T01:27:08.075+0000] {dagbag.py:541} INFO - Filling up the DagBag from /home/airflow/.local/lib/python3.7/site-packages/airflow/example_dags/example_dynamic_task_mapping.py
[2026-03-03T01:27:08.081+0000] {processor.py:809} INFO - DAG(s) dict_keys(['example_dynamic_task_mapping']) retrieved from /home/airflow/.local/lib/python3.7/site-packages/airflow/example_dags/example_dynamic_task_mapping.py
[2026-03-03T01:27:08.103+0000] {logging_mixin.py:149} INFO - [2026-03-03T01:27:08.103+0000] {dag.py:2726} INFO - Sync 1 DAGs
[2026-03-03T01:27:08.122+0000] {logging_mixin.py:149} INFO - [2026-03-03T01:27:08.122+0000] {dag.py:3490} INFO - Setting next_dagrun for example_dynamic_task_mapping to 2022-03-04T00:00:00+00:00, run_after=2022-03-05T00:00:00+00:00
[2026-03-03T01:27:08.139+0000] {processor.py:178} INFO - Processing /home/airflow/.local/lib/python3.7/site-packages/airflow/example_dags/example_dynamic_task_mapping.py took 0.069 seconds
[2026-03-03T01:27:38.311+0000] {processor.py:156} INFO - Started process (PID=2520) to work on /home/airflow/.local/lib/python3.7/site-packages/airflow/example_dags/example_dynamic_task_mapping.py
[2026-03-03T01:27:38.314+0000] {processor.py:799} INFO - Processing file /home/airflow/.local/lib/python3.7/site-packages/airflow/example_dags/example_dynamic_task_mapping.py for tasks to queue
[2026-03-03T01:27:38.316+0000] {logging_mixin.py:149} INFO - [2026-03-03T01:27:38.316+0000] {dagbag.py:541} INFO - Filling up the DagBag from /home/airflow/.local/lib/python3.7/site-packages/airflow/example_dags/example_dynamic_task_mapping.py
[2026-03-03T01:27:38.333+0000] {processor.py:809} INFO - DAG(s) dict_keys(['example_dynamic_task_mapping']) retrieved from /home/airflow/.local/lib/python3.7/site-packages/airflow/example_dags/example_dynamic_task_mapping.py
[2026-03-03T01:27:38.389+0000] {logging_mixin.py:149} INFO - [2026-03-03T01:27:38.389+0000] {dag.py:2726} INFO - Sync 1 DAGs
[2026-03-03T01:27:38.461+0000] {logging_mixin.py:149} INFO - [2026-03-03T01:27:38.460+0000] {dag.py:3490} INFO - Setting next_dagrun for example_dynamic_task_mapping to 2022-03-04T00:00:00+00:00, run_after=2022-03-05T00:00:00+00:00
[2026-03-03T01:27:38.531+0000] {processor.py:178} INFO - Processing /home/airflow/.local/lib/python3.7/site-packages/airflow/example_dags/example_dynamic_task_mapping.py took 0.227 seconds
[2026-03-03T01:28:09.459+0000] {processor.py:156} INFO - Started process (PID=2582) to work on /home/airflow/.local/lib/python3.7/site-packages/airflow/example_dags/example_dynamic_task_mapping.py
[2026-03-03T01:28:09.461+0000] {processor.py:799} INFO - Processing file /home/airflow/.local/lib/python3.7/site-packages/airflow/example_dags/example_dynamic_task_mapping.py for tasks to queue
[2026-03-03T01:28:09.463+0000] {logging_mixin.py:149} INFO - [2026-03-03T01:28:09.463+0000] {dagbag.py:541} INFO - Filling up the DagBag from /home/airflow/.local/lib/python3.7/site-packages/airflow/example_dags/example_dynamic_task_mapping.py
[2026-03-03T01:28:09.473+0000] {processor.py:809} INFO - DAG(s) dict_keys(['example_dynamic_task_mapping']) retrieved from /home/airflow/.local/lib/python3.7/site-packages/airflow/example_dags/example_dynamic_task_mapping.py
[2026-03-03T01:28:09.499+0000] {logging_mixin.py:149} INFO - [2026-03-03T01:28:09.499+0000] {dag.py:2726} INFO - Sync 1 DAGs
[2026-03-03T01:28:09.517+0000] {logging_mixin.py:149} INFO - [2026-03-03T01:28:09.517+0000] {dag.py:3490} INFO - Setting next_dagrun for example_dynamic_task_mapping to 2022-03-04T00:00:00+00:00, run_after=2022-03-05T00:00:00+00:00
[2026-03-03T01:28:09.530+0000] {processor.py:178} INFO - Processing /home/airflow/.local/lib/python3.7/site-packages/airflow/example_dags/example_dynamic_task_mapping.py took 0.077 seconds
[2026-03-03T01:28:39.927+0000] {processor.py:156} INFO - Started process (PID=2644) to work on /home/airflow/.local/lib/python3.7/site-packages/airflow/example_dags/example_dynamic_task_mapping.py
[2026-03-03T01:28:39.930+0000] {processor.py:799} INFO - Processing file /home/airflow/.local/lib/python3.7/site-packages/airflow/example_dags/example_dynamic_task_mapping.py for tasks to queue
[2026-03-03T01:28:39.933+0000] {logging_mixin.py:149} INFO - [2026-03-03T01:28:39.932+0000] {dagbag.py:541} INFO - Filling up the DagBag from /home/airflow/.local/lib/python3.7/site-packages/airflow/example_dags/example_dynamic_task_mapping.py
[2026-03-03T01:28:39.959+0000] {processor.py:809} INFO - DAG(s) dict_keys(['example_dynamic_task_mapping']) retrieved from /home/airflow/.local/lib/python3.7/site-packages/airflow/example_dags/example_dynamic_task_mapping.py
[2026-03-03T01:28:40.022+0000] {logging_mixin.py:149} INFO - [2026-03-03T01:28:40.021+0000] {dag.py:2726} INFO - Sync 1 DAGs
[2026-03-03T01:28:40.094+0000] {logging_mixin.py:149} INFO - [2026-03-03T01:28:40.094+0000] {dag.py:3490} INFO - Setting next_dagrun for example_dynamic_task_mapping to 2022-03-04T00:00:00+00:00, run_after=2022-03-05T00:00:00+00:00
[2026-03-03T01:28:40.160+0000] {processor.py:178} INFO - Processing /home/airflow/.local/lib/python3.7/site-packages/airflow/example_dags/example_dynamic_task_mapping.py took 0.239 seconds
[2026-03-03T01:29:10.400+0000] {processor.py:156} INFO - Started process (PID=2706) to work on /home/airflow/.local/lib/python3.7/site-packages/airflow/example_dags/example_dynamic_task_mapping.py
[2026-03-03T01:29:10.403+0000] {processor.py:799} INFO - Processing file /home/airflow/.local/lib/python3.7/site-packages/airflow/example_dags/example_dynamic_task_mapping.py for tasks to queue
[2026-03-03T01:29:10.403+0000] {logging_mixin.py:149} INFO - [2026-03-03T01:29:10.403+0000] {dagbag.py:541} INFO - Filling up the DagBag from /home/airflow/.local/lib/python3.7/site-packages/airflow/example_dags/example_dynamic_task_mapping.py
[2026-03-03T01:29:10.409+0000] {processor.py:809} INFO - DAG(s) dict_keys(['example_dynamic_task_mapping']) retrieved from /home/airflow/.local/lib/python3.7/site-packages/airflow/example_dags/example_dynamic_task_mapping.py
[2026-03-03T01:29:10.429+0000] {logging_mixin.py:149} INFO - [2026-03-03T01:29:10.429+0000] {dag.py:2726} INFO - Sync 1 DAGs
[2026-03-03T01:29:10.446+0000] {logging_mixin.py:149} INFO - [2026-03-03T01:29:10.446+0000] {dag.py:3490} INFO - Setting next_dagrun for example_dynamic_task_mapping to 2022-03-04T00:00:00+00:00, run_after=2022-03-05T00:00:00+00:00
[2026-03-03T01:29:10.461+0000] {processor.py:178} INFO - Processing /home/airflow/.local/lib/python3.7/site-packages/airflow/example_dags/example_dynamic_task_mapping.py took 0.065 seconds
[2026-03-03T01:29:40.755+0000] {processor.py:156} INFO - Started process (PID=2768) to work on /home/airflow/.local/lib/python3.7/site-packages/airflow/example_dags/example_dynamic_task_mapping.py
[2026-03-03T01:29:40.759+0000] {processor.py:799} INFO - Processing file /home/airflow/.local/lib/python3.7/site-packages/airflow/example_dags/example_dynamic_task_mapping.py for tasks to queue
[2026-03-03T01:29:40.762+0000] {logging_mixin.py:149} INFO - [2026-03-03T01:29:40.761+0000] {dagbag.py:541} INFO - Filling up the DagBag from /home/airflow/.local/lib/python3.7/site-packages/airflow/example_dags/example_dynamic_task_mapping.py
[2026-03-03T01:29:40.781+0000] {processor.py:809} INFO - DAG(s) dict_keys(['example_dynamic_task_mapping']) retrieved from /home/airflow/.local/lib/python3.7/site-packages/airflow/example_dags/example_dynamic_task_mapping.py
[2026-03-03T01:29:40.844+0000] {logging_mixin.py:149} INFO - [2026-03-03T01:29:40.844+0000] {dag.py:2726} INFO - Sync 1 DAGs
[2026-03-03T01:29:40.913+0000] {logging_mixin.py:149} INFO - [2026-03-03T01:29:40.912+0000] {dag.py:3490} INFO - Setting next_dagrun for example_dynamic_task_mapping to 2022-03-04T00:00:00+00:00, run_after=2022-03-05T00:00:00+00:00
[2026-03-03T01:29:40.986+0000] {processor.py:178} INFO - Processing /home/airflow/.local/lib/python3.7/site-packages/airflow/example_dags/example_dynamic_task_mapping.py took 0.239 seconds
[2026-03-03T01:30:11.715+0000] {processor.py:156} INFO - Started process (PID=2829) to work on /home/airflow/.local/lib/python3.7/site-packages/airflow/example_dags/example_dynamic_task_mapping.py
[2026-03-03T01:30:11.719+0000] {processor.py:799} INFO - Processing file /home/airflow/.local/lib/python3.7/site-packages/airflow/example_dags/example_dynamic_task_mapping.py for tasks to queue
[2026-03-03T01:30:11.720+0000] {logging_mixin.py:149} INFO - [2026-03-03T01:30:11.720+0000] {dagbag.py:541} INFO - Filling up the DagBag from /home/airflow/.local/lib/python3.7/site-packages/airflow/example_dags/example_dynamic_task_mapping.py
[2026-03-03T01:30:11.737+0000] {processor.py:809} INFO - DAG(s) dict_keys(['example_dynamic_task_mapping']) retrieved from /home/airflow/.local/lib/python3.7/site-packages/airflow/example_dags/example_dynamic_task_mapping.py
[2026-03-03T01:30:11.795+0000] {logging_mixin.py:149} INFO - [2026-03-03T01:30:11.795+0000] {dag.py:2726} INFO - Sync 1 DAGs
[2026-03-03T01:30:11.867+0000] {logging_mixin.py:149} INFO - [2026-03-03T01:30:11.866+0000] {dag.py:3490} INFO - Setting next_dagrun for example_dynamic_task_mapping to 2022-03-04T00:00:00+00:00, run_after=2022-03-05T00:00:00+00:00
[2026-03-03T01:30:11.954+0000] {processor.py:178} INFO - Processing /home/airflow/.local/lib/python3.7/site-packages/airflow/example_dags/example_dynamic_task_mapping.py took 0.246 seconds
[2026-03-03T01:30:42.668+0000] {processor.py:156} INFO - Started process (PID=2891) to work on /home/airflow/.local/lib/python3.7/site-packages/airflow/example_dags/example_dynamic_task_mapping.py
[2026-03-03T01:30:42.669+0000] {processor.py:799} INFO - Processing file /home/airflow/.local/lib/python3.7/site-packages/airflow/example_dags/example_dynamic_task_mapping.py for tasks to queue
[2026-03-03T01:30:42.669+0000] {logging_mixin.py:149} INFO - [2026-03-03T01:30:42.669+0000] {dagbag.py:541} INFO - Filling up the DagBag from /home/airflow/.local/lib/python3.7/site-packages/airflow/example_dags/example_dynamic_task_mapping.py
[2026-03-03T01:30:42.679+0000] {processor.py:809} INFO - DAG(s) dict_keys(['example_dynamic_task_mapping']) retrieved from /home/airflow/.local/lib/python3.7/site-packages/airflow/example_dags/example_dynamic_task_mapping.py
[2026-03-03T01:30:42.710+0000] {logging_mixin.py:149} INFO - [2026-03-03T01:30:42.710+0000] {dag.py:2726} INFO - Sync 1 DAGs
[2026-03-03T01:30:42.732+0000] {logging_mixin.py:149} INFO - [2026-03-03T01:30:42.732+0000] {dag.py:3490} INFO - Setting next_dagrun for example_dynamic_task_mapping to 2022-03-04T00:00:00+00:00, run_after=2022-03-05T00:00:00+00:00
[2026-03-03T01:30:42.759+0000] {processor.py:178} INFO - Processing /home/airflow/.local/lib/python3.7/site-packages/airflow/example_dags/example_dynamic_task_mapping.py took 0.095 seconds
[2026-03-03T01:31:13.321+0000] {processor.py:156} INFO - Started process (PID=2953) to work on /home/airflow/.local/lib/python3.7/site-packages/airflow/example_dags/example_dynamic_task_mapping.py
[2026-03-03T01:31:13.323+0000] {processor.py:799} INFO - Processing file /home/airflow/.local/lib/python3.7/site-packages/airflow/example_dags/example_dynamic_task_mapping.py for tasks to queue
[2026-03-03T01:31:13.324+0000] {logging_mixin.py:149} INFO - [2026-03-03T01:31:13.324+0000] {dagbag.py:541} INFO - Filling up the DagBag from /home/airflow/.local/lib/python3.7/site-packages/airflow/example_dags/example_dynamic_task_mapping.py
[2026-03-03T01:31:13.329+0000] {processor.py:809} INFO - DAG(s) dict_keys(['example_dynamic_task_mapping']) retrieved from /home/airflow/.local/lib/python3.7/site-packages/airflow/example_dags/example_dynamic_task_mapping.py
[2026-03-03T01:31:13.342+0000] {logging_mixin.py:149} INFO - [2026-03-03T01:31:13.342+0000] {dag.py:2726} INFO - Sync 1 DAGs
[2026-03-03T01:31:13.357+0000] {logging_mixin.py:149} INFO - [2026-03-03T01:31:13.356+0000] {dag.py:3490} INFO - Setting next_dagrun for example_dynamic_task_mapping to 2022-03-04T00:00:00+00:00, run_after=2022-03-05T00:00:00+00:00
[2026-03-03T01:31:13.367+0000] {processor.py:178} INFO - Processing /home/airflow/.local/lib/python3.7/site-packages/airflow/example_dags/example_dynamic_task_mapping.py took 0.048 seconds
