[2026-03-03T00:56:04.545+0000] {processor.py:156} INFO - Started process (PID=61) to work on /home/airflow/.local/lib/python3.7/site-packages/airflow/example_dags/example_sensors.py
[2026-03-03T00:56:04.546+0000] {processor.py:799} INFO - Processing file /home/airflow/.local/lib/python3.7/site-packages/airflow/example_dags/example_sensors.py for tasks to queue
[2026-03-03T00:56:04.547+0000] {logging_mixin.py:149} INFO - [2026-03-03T00:56:04.547+0000] {dagbag.py:541} INFO - Filling up the DagBag from /home/airflow/.local/lib/python3.7/site-packages/airflow/example_dags/example_sensors.py
[2026-03-03T00:56:04.558+0000] {processor.py:809} INFO - DAG(s) dict_keys(['example_sensors']) retrieved from /home/airflow/.local/lib/python3.7/site-packages/airflow/example_dags/example_sensors.py
[2026-03-03T00:56:04.569+0000] {logging_mixin.py:149} INFO - [2026-03-03T00:56:04.569+0000] {dag.py:2726} INFO - Sync 1 DAGs
[2026-03-03T00:56:04.590+0000] {logging_mixin.py:149} INFO - [2026-03-03T00:56:04.590+0000] {dag.py:3490} INFO - Setting next_dagrun for example_sensors to None, run_after=None
[2026-03-03T00:56:04.608+0000] {processor.py:178} INFO - Processing /home/airflow/.local/lib/python3.7/site-packages/airflow/example_dags/example_sensors.py took 0.066 seconds
[2026-03-03T00:56:36.816+0000] {processor.py:156} INFO - Started process (PID=123) to work on /home/airflow/.local/lib/python3.7/site-packages/airflow/example_dags/example_sensors.py
[2026-03-03T00:56:36.817+0000] {processor.py:799} INFO - Processing file /home/airflow/.local/lib/python3.7/site-packages/airflow/example_dags/example_sensors.py for tasks to queue
[2026-03-03T00:56:36.817+0000] {logging_mixin.py:149} INFO - [2026-03-03T00:56:36.817+0000] {dagbag.py:541} INFO - Filling up the DagBag from /home/airflow/.local/lib/python3.7/site-packages/airflow/example_dags/example_sensors.py
[2026-03-03T00:56:36.826+0000] {processor.py:809} INFO - DAG(s) dict_keys(['example_sensors']) retrieved from /home/airflow/.local/lib/python3.7/site-packages/airflow/example_dags/example_sensors.py
[2026-03-03T00:56:36.851+0000] {logging_mixin.py:149} INFO - [2026-03-03T00:56:36.851+0000] {dag.py:2726} INFO - Sync 1 DAGs
[2026-03-03T00:56:36.868+0000] {logging_mixin.py:149} INFO - [2026-03-03T00:56:36.868+0000] {dag.py:3490} INFO - Setting next_dagrun for example_sensors to None, run_after=None
[2026-03-03T00:56:36.886+0000] {processor.py:178} INFO - Processing /home/airflow/.local/lib/python3.7/site-packages/airflow/example_dags/example_sensors.py took 0.074 seconds
[2026-03-03T00:57:06.903+0000] {processor.py:156} INFO - Started process (PID=185) to work on /home/airflow/.local/lib/python3.7/site-packages/airflow/example_dags/example_sensors.py
[2026-03-03T00:57:06.903+0000] {processor.py:799} INFO - Processing file /home/airflow/.local/lib/python3.7/site-packages/airflow/example_dags/example_sensors.py for tasks to queue
[2026-03-03T00:57:06.903+0000] {logging_mixin.py:149} INFO - [2026-03-03T00:57:06.903+0000] {dagbag.py:541} INFO - Filling up the DagBag from /home/airflow/.local/lib/python3.7/site-packages/airflow/example_dags/example_sensors.py
[2026-03-03T00:57:06.912+0000] {processor.py:809} INFO - DAG(s) dict_keys(['example_sensors']) retrieved from /home/airflow/.local/lib/python3.7/site-packages/airflow/example_dags/example_sensors.py
[2026-03-03T00:57:06.931+0000] {logging_mixin.py:149} INFO - [2026-03-03T00:57:06.930+0000] {dag.py:2726} INFO - Sync 1 DAGs
[2026-03-03T00:57:06.944+0000] {logging_mixin.py:149} INFO - [2026-03-03T00:57:06.944+0000] {dag.py:3490} INFO - Setting next_dagrun for example_sensors to None, run_after=None
[2026-03-03T00:57:06.955+0000] {processor.py:178} INFO - Processing /home/airflow/.local/lib/python3.7/site-packages/airflow/example_dags/example_sensors.py took 0.054 seconds
[2026-03-03T00:57:37.763+0000] {processor.py:156} INFO - Started process (PID=247) to work on /home/airflow/.local/lib/python3.7/site-packages/airflow/example_dags/example_sensors.py
[2026-03-03T00:57:37.765+0000] {processor.py:799} INFO - Processing file /home/airflow/.local/lib/python3.7/site-packages/airflow/example_dags/example_sensors.py for tasks to queue
[2026-03-03T00:57:37.767+0000] {logging_mixin.py:149} INFO - [2026-03-03T00:57:37.767+0000] {dagbag.py:541} INFO - Filling up the DagBag from /home/airflow/.local/lib/python3.7/site-packages/airflow/example_dags/example_sensors.py
[2026-03-03T00:57:37.771+0000] {processor.py:809} INFO - DAG(s) dict_keys(['example_sensors']) retrieved from /home/airflow/.local/lib/python3.7/site-packages/airflow/example_dags/example_sensors.py
[2026-03-03T00:57:37.785+0000] {logging_mixin.py:149} INFO - [2026-03-03T00:57:37.785+0000] {dag.py:2726} INFO - Sync 1 DAGs
[2026-03-03T00:57:37.798+0000] {logging_mixin.py:149} INFO - [2026-03-03T00:57:37.798+0000] {dag.py:3490} INFO - Setting next_dagrun for example_sensors to None, run_after=None
[2026-03-03T00:57:37.809+0000] {processor.py:178} INFO - Processing /home/airflow/.local/lib/python3.7/site-packages/airflow/example_dags/example_sensors.py took 0.048 seconds
[2026-03-03T00:58:09.026+0000] {processor.py:156} INFO - Started process (PID=309) to work on /home/airflow/.local/lib/python3.7/site-packages/airflow/example_dags/example_sensors.py
[2026-03-03T00:58:09.027+0000] {processor.py:799} INFO - Processing file /home/airflow/.local/lib/python3.7/site-packages/airflow/example_dags/example_sensors.py for tasks to queue
[2026-03-03T00:58:09.028+0000] {logging_mixin.py:149} INFO - [2026-03-03T00:58:09.028+0000] {dagbag.py:541} INFO - Filling up the DagBag from /home/airflow/.local/lib/python3.7/site-packages/airflow/example_dags/example_sensors.py
[2026-03-03T00:58:09.037+0000] {processor.py:809} INFO - DAG(s) dict_keys(['example_sensors']) retrieved from /home/airflow/.local/lib/python3.7/site-packages/airflow/example_dags/example_sensors.py
[2026-03-03T00:58:09.055+0000] {logging_mixin.py:149} INFO - [2026-03-03T00:58:09.055+0000] {dag.py:2726} INFO - Sync 1 DAGs
[2026-03-03T00:58:09.073+0000] {logging_mixin.py:149} INFO - [2026-03-03T00:58:09.073+0000] {dag.py:3490} INFO - Setting next_dagrun for example_sensors to None, run_after=None
[2026-03-03T00:58:09.091+0000] {processor.py:178} INFO - Processing /home/airflow/.local/lib/python3.7/site-packages/airflow/example_dags/example_sensors.py took 0.068 seconds
[2026-03-03T00:58:40.041+0000] {processor.py:156} INFO - Started process (PID=371) to work on /home/airflow/.local/lib/python3.7/site-packages/airflow/example_dags/example_sensors.py
[2026-03-03T00:58:40.042+0000] {processor.py:799} INFO - Processing file /home/airflow/.local/lib/python3.7/site-packages/airflow/example_dags/example_sensors.py for tasks to queue
[2026-03-03T00:58:40.042+0000] {logging_mixin.py:149} INFO - [2026-03-03T00:58:40.042+0000] {dagbag.py:541} INFO - Filling up the DagBag from /home/airflow/.local/lib/python3.7/site-packages/airflow/example_dags/example_sensors.py
[2026-03-03T00:58:40.048+0000] {processor.py:809} INFO - DAG(s) dict_keys(['example_sensors']) retrieved from /home/airflow/.local/lib/python3.7/site-packages/airflow/example_dags/example_sensors.py
[2026-03-03T00:58:40.068+0000] {logging_mixin.py:149} INFO - [2026-03-03T00:58:40.068+0000] {dag.py:2726} INFO - Sync 1 DAGs
[2026-03-03T00:58:40.082+0000] {logging_mixin.py:149} INFO - [2026-03-03T00:58:40.082+0000] {dag.py:3490} INFO - Setting next_dagrun for example_sensors to None, run_after=None
[2026-03-03T00:58:40.095+0000] {processor.py:178} INFO - Processing /home/airflow/.local/lib/python3.7/site-packages/airflow/example_dags/example_sensors.py took 0.055 seconds
[2026-03-03T00:59:11.121+0000] {processor.py:156} INFO - Started process (PID=433) to work on /home/airflow/.local/lib/python3.7/site-packages/airflow/example_dags/example_sensors.py
[2026-03-03T00:59:11.122+0000] {processor.py:799} INFO - Processing file /home/airflow/.local/lib/python3.7/site-packages/airflow/example_dags/example_sensors.py for tasks to queue
[2026-03-03T00:59:11.123+0000] {logging_mixin.py:149} INFO - [2026-03-03T00:59:11.123+0000] {dagbag.py:541} INFO - Filling up the DagBag from /home/airflow/.local/lib/python3.7/site-packages/airflow/example_dags/example_sensors.py
[2026-03-03T00:59:11.133+0000] {processor.py:809} INFO - DAG(s) dict_keys(['example_sensors']) retrieved from /home/airflow/.local/lib/python3.7/site-packages/airflow/example_dags/example_sensors.py
[2026-03-03T00:59:11.153+0000] {logging_mixin.py:149} INFO - [2026-03-03T00:59:11.153+0000] {dag.py:2726} INFO - Sync 1 DAGs
[2026-03-03T00:59:11.167+0000] {logging_mixin.py:149} INFO - [2026-03-03T00:59:11.167+0000] {dag.py:3490} INFO - Setting next_dagrun for example_sensors to None, run_after=None
[2026-03-03T00:59:11.180+0000] {processor.py:178} INFO - Processing /home/airflow/.local/lib/python3.7/site-packages/airflow/example_dags/example_sensors.py took 0.061 seconds
[2026-03-03T00:59:41.863+0000] {processor.py:156} INFO - Started process (PID=495) to work on /home/airflow/.local/lib/python3.7/site-packages/airflow/example_dags/example_sensors.py
[2026-03-03T00:59:41.864+0000] {processor.py:799} INFO - Processing file /home/airflow/.local/lib/python3.7/site-packages/airflow/example_dags/example_sensors.py for tasks to queue
[2026-03-03T00:59:41.865+0000] {logging_mixin.py:149} INFO - [2026-03-03T00:59:41.865+0000] {dagbag.py:541} INFO - Filling up the DagBag from /home/airflow/.local/lib/python3.7/site-packages/airflow/example_dags/example_sensors.py
[2026-03-03T00:59:41.877+0000] {processor.py:809} INFO - DAG(s) dict_keys(['example_sensors']) retrieved from /home/airflow/.local/lib/python3.7/site-packages/airflow/example_dags/example_sensors.py
[2026-03-03T00:59:41.907+0000] {logging_mixin.py:149} INFO - [2026-03-03T00:59:41.907+0000] {dag.py:2726} INFO - Sync 1 DAGs
[2026-03-03T00:59:41.922+0000] {logging_mixin.py:149} INFO - [2026-03-03T00:59:41.922+0000] {dag.py:3490} INFO - Setting next_dagrun for example_sensors to None, run_after=None
[2026-03-03T00:59:41.929+0000] {processor.py:178} INFO - Processing /home/airflow/.local/lib/python3.7/site-packages/airflow/example_dags/example_sensors.py took 0.073 seconds
[2026-03-03T01:00:12.656+0000] {processor.py:156} INFO - Started process (PID=557) to work on /home/airflow/.local/lib/python3.7/site-packages/airflow/example_dags/example_sensors.py
[2026-03-03T01:00:12.659+0000] {processor.py:799} INFO - Processing file /home/airflow/.local/lib/python3.7/site-packages/airflow/example_dags/example_sensors.py for tasks to queue
[2026-03-03T01:00:12.662+0000] {logging_mixin.py:149} INFO - [2026-03-03T01:00:12.661+0000] {dagbag.py:541} INFO - Filling up the DagBag from /home/airflow/.local/lib/python3.7/site-packages/airflow/example_dags/example_sensors.py
[2026-03-03T01:00:12.694+0000] {processor.py:809} INFO - DAG(s) dict_keys(['example_sensors']) retrieved from /home/airflow/.local/lib/python3.7/site-packages/airflow/example_dags/example_sensors.py
[2026-03-03T01:00:12.793+0000] {logging_mixin.py:149} INFO - [2026-03-03T01:00:12.792+0000] {dag.py:2726} INFO - Sync 1 DAGs
[2026-03-03T01:00:12.863+0000] {logging_mixin.py:149} INFO - [2026-03-03T01:00:12.862+0000] {dag.py:3490} INFO - Setting next_dagrun for example_sensors to None, run_after=None
[2026-03-03T01:00:12.923+0000] {processor.py:178} INFO - Processing /home/airflow/.local/lib/python3.7/site-packages/airflow/example_dags/example_sensors.py took 0.276 seconds
[2026-03-03T01:00:43.866+0000] {processor.py:156} INFO - Started process (PID=619) to work on /home/airflow/.local/lib/python3.7/site-packages/airflow/example_dags/example_sensors.py
[2026-03-03T01:00:43.868+0000] {processor.py:799} INFO - Processing file /home/airflow/.local/lib/python3.7/site-packages/airflow/example_dags/example_sensors.py for tasks to queue
[2026-03-03T01:00:43.870+0000] {logging_mixin.py:149} INFO - [2026-03-03T01:00:43.870+0000] {dagbag.py:541} INFO - Filling up the DagBag from /home/airflow/.local/lib/python3.7/site-packages/airflow/example_dags/example_sensors.py
[2026-03-03T01:00:43.902+0000] {processor.py:809} INFO - DAG(s) dict_keys(['example_sensors']) retrieved from /home/airflow/.local/lib/python3.7/site-packages/airflow/example_dags/example_sensors.py
[2026-03-03T01:00:43.998+0000] {logging_mixin.py:149} INFO - [2026-03-03T01:00:43.998+0000] {dag.py:2726} INFO - Sync 1 DAGs
[2026-03-03T01:00:44.075+0000] {logging_mixin.py:149} INFO - [2026-03-03T01:00:44.075+0000] {dag.py:3490} INFO - Setting next_dagrun for example_sensors to None, run_after=None
[2026-03-03T01:00:44.134+0000] {processor.py:178} INFO - Processing /home/airflow/.local/lib/python3.7/site-packages/airflow/example_dags/example_sensors.py took 0.275 seconds
[2026-03-03T01:01:14.727+0000] {processor.py:156} INFO - Started process (PID=681) to work on /home/airflow/.local/lib/python3.7/site-packages/airflow/example_dags/example_sensors.py
[2026-03-03T01:01:14.728+0000] {processor.py:799} INFO - Processing file /home/airflow/.local/lib/python3.7/site-packages/airflow/example_dags/example_sensors.py for tasks to queue
[2026-03-03T01:01:14.728+0000] {logging_mixin.py:149} INFO - [2026-03-03T01:01:14.728+0000] {dagbag.py:541} INFO - Filling up the DagBag from /home/airflow/.local/lib/python3.7/site-packages/airflow/example_dags/example_sensors.py
[2026-03-03T01:01:14.733+0000] {processor.py:809} INFO - DAG(s) dict_keys(['example_sensors']) retrieved from /home/airflow/.local/lib/python3.7/site-packages/airflow/example_dags/example_sensors.py
[2026-03-03T01:01:14.749+0000] {logging_mixin.py:149} INFO - [2026-03-03T01:01:14.749+0000] {dag.py:2726} INFO - Sync 1 DAGs
[2026-03-03T01:01:14.763+0000] {logging_mixin.py:149} INFO - [2026-03-03T01:01:14.762+0000] {dag.py:3490} INFO - Setting next_dagrun for example_sensors to None, run_after=None
[2026-03-03T01:01:14.771+0000] {processor.py:178} INFO - Processing /home/airflow/.local/lib/python3.7/site-packages/airflow/example_dags/example_sensors.py took 0.047 seconds
[2026-03-03T01:01:45.520+0000] {processor.py:156} INFO - Started process (PID=743) to work on /home/airflow/.local/lib/python3.7/site-packages/airflow/example_dags/example_sensors.py
[2026-03-03T01:01:45.521+0000] {processor.py:799} INFO - Processing file /home/airflow/.local/lib/python3.7/site-packages/airflow/example_dags/example_sensors.py for tasks to queue
[2026-03-03T01:01:45.521+0000] {logging_mixin.py:149} INFO - [2026-03-03T01:01:45.521+0000] {dagbag.py:541} INFO - Filling up the DagBag from /home/airflow/.local/lib/python3.7/site-packages/airflow/example_dags/example_sensors.py
[2026-03-03T01:01:45.527+0000] {processor.py:809} INFO - DAG(s) dict_keys(['example_sensors']) retrieved from /home/airflow/.local/lib/python3.7/site-packages/airflow/example_dags/example_sensors.py
[2026-03-03T01:01:45.545+0000] {logging_mixin.py:149} INFO - [2026-03-03T01:01:45.545+0000] {dag.py:2726} INFO - Sync 1 DAGs
[2026-03-03T01:01:45.559+0000] {logging_mixin.py:149} INFO - [2026-03-03T01:01:45.559+0000] {dag.py:3490} INFO - Setting next_dagrun for example_sensors to None, run_after=None
[2026-03-03T01:01:45.570+0000] {processor.py:178} INFO - Processing /home/airflow/.local/lib/python3.7/site-packages/airflow/example_dags/example_sensors.py took 0.052 seconds
[2026-03-03T01:02:16.308+0000] {processor.py:156} INFO - Started process (PID=805) to work on /home/airflow/.local/lib/python3.7/site-packages/airflow/example_dags/example_sensors.py
[2026-03-03T01:02:16.308+0000] {processor.py:799} INFO - Processing file /home/airflow/.local/lib/python3.7/site-packages/airflow/example_dags/example_sensors.py for tasks to queue
[2026-03-03T01:02:16.308+0000] {logging_mixin.py:149} INFO - [2026-03-03T01:02:16.308+0000] {dagbag.py:541} INFO - Filling up the DagBag from /home/airflow/.local/lib/python3.7/site-packages/airflow/example_dags/example_sensors.py
[2026-03-03T01:02:16.314+0000] {processor.py:809} INFO - DAG(s) dict_keys(['example_sensors']) retrieved from /home/airflow/.local/lib/python3.7/site-packages/airflow/example_dags/example_sensors.py
[2026-03-03T01:02:16.329+0000] {logging_mixin.py:149} INFO - [2026-03-03T01:02:16.329+0000] {dag.py:2726} INFO - Sync 1 DAGs
[2026-03-03T01:02:16.344+0000] {logging_mixin.py:149} INFO - [2026-03-03T01:02:16.344+0000] {dag.py:3490} INFO - Setting next_dagrun for example_sensors to None, run_after=None
[2026-03-03T01:02:16.354+0000] {processor.py:178} INFO - Processing /home/airflow/.local/lib/python3.7/site-packages/airflow/example_dags/example_sensors.py took 0.048 seconds
[2026-03-03T01:02:47.095+0000] {processor.py:156} INFO - Started process (PID=867) to work on /home/airflow/.local/lib/python3.7/site-packages/airflow/example_dags/example_sensors.py
[2026-03-03T01:02:47.095+0000] {processor.py:799} INFO - Processing file /home/airflow/.local/lib/python3.7/site-packages/airflow/example_dags/example_sensors.py for tasks to queue
[2026-03-03T01:02:47.096+0000] {logging_mixin.py:149} INFO - [2026-03-03T01:02:47.096+0000] {dagbag.py:541} INFO - Filling up the DagBag from /home/airflow/.local/lib/python3.7/site-packages/airflow/example_dags/example_sensors.py
[2026-03-03T01:02:47.102+0000] {processor.py:809} INFO - DAG(s) dict_keys(['example_sensors']) retrieved from /home/airflow/.local/lib/python3.7/site-packages/airflow/example_dags/example_sensors.py
[2026-03-03T01:02:47.116+0000] {logging_mixin.py:149} INFO - [2026-03-03T01:02:47.116+0000] {dag.py:2726} INFO - Sync 1 DAGs
[2026-03-03T01:02:47.128+0000] {logging_mixin.py:149} INFO - [2026-03-03T01:02:47.128+0000] {dag.py:3490} INFO - Setting next_dagrun for example_sensors to None, run_after=None
[2026-03-03T01:02:47.136+0000] {processor.py:178} INFO - Processing /home/airflow/.local/lib/python3.7/site-packages/airflow/example_dags/example_sensors.py took 0.043 seconds
[2026-03-03T01:03:17.859+0000] {processor.py:156} INFO - Started process (PID=929) to work on /home/airflow/.local/lib/python3.7/site-packages/airflow/example_dags/example_sensors.py
[2026-03-03T01:03:17.859+0000] {processor.py:799} INFO - Processing file /home/airflow/.local/lib/python3.7/site-packages/airflow/example_dags/example_sensors.py for tasks to queue
[2026-03-03T01:03:17.860+0000] {logging_mixin.py:149} INFO - [2026-03-03T01:03:17.860+0000] {dagbag.py:541} INFO - Filling up the DagBag from /home/airflow/.local/lib/python3.7/site-packages/airflow/example_dags/example_sensors.py
[2026-03-03T01:03:17.865+0000] {processor.py:809} INFO - DAG(s) dict_keys(['example_sensors']) retrieved from /home/airflow/.local/lib/python3.7/site-packages/airflow/example_dags/example_sensors.py
[2026-03-03T01:03:17.879+0000] {logging_mixin.py:149} INFO - [2026-03-03T01:03:17.879+0000] {dag.py:2726} INFO - Sync 1 DAGs
[2026-03-03T01:03:17.890+0000] {logging_mixin.py:149} INFO - [2026-03-03T01:03:17.890+0000] {dag.py:3490} INFO - Setting next_dagrun for example_sensors to None, run_after=None
[2026-03-03T01:03:17.899+0000] {processor.py:178} INFO - Processing /home/airflow/.local/lib/python3.7/site-packages/airflow/example_dags/example_sensors.py took 0.043 seconds
[2026-03-03T01:03:48.596+0000] {processor.py:156} INFO - Started process (PID=991) to work on /home/airflow/.local/lib/python3.7/site-packages/airflow/example_dags/example_sensors.py
[2026-03-03T01:03:48.597+0000] {processor.py:799} INFO - Processing file /home/airflow/.local/lib/python3.7/site-packages/airflow/example_dags/example_sensors.py for tasks to queue
[2026-03-03T01:03:48.597+0000] {logging_mixin.py:149} INFO - [2026-03-03T01:03:48.597+0000] {dagbag.py:541} INFO - Filling up the DagBag from /home/airflow/.local/lib/python3.7/site-packages/airflow/example_dags/example_sensors.py
[2026-03-03T01:03:48.603+0000] {processor.py:809} INFO - DAG(s) dict_keys(['example_sensors']) retrieved from /home/airflow/.local/lib/python3.7/site-packages/airflow/example_dags/example_sensors.py
[2026-03-03T01:03:48.621+0000] {logging_mixin.py:149} INFO - [2026-03-03T01:03:48.621+0000] {dag.py:2726} INFO - Sync 1 DAGs
[2026-03-03T01:03:48.634+0000] {logging_mixin.py:149} INFO - [2026-03-03T01:03:48.634+0000] {dag.py:3490} INFO - Setting next_dagrun for example_sensors to None, run_after=None
[2026-03-03T01:03:48.643+0000] {processor.py:178} INFO - Processing /home/airflow/.local/lib/python3.7/site-packages/airflow/example_dags/example_sensors.py took 0.050 seconds
[2026-03-03T01:04:19.316+0000] {processor.py:156} INFO - Started process (PID=1053) to work on /home/airflow/.local/lib/python3.7/site-packages/airflow/example_dags/example_sensors.py
[2026-03-03T01:04:19.317+0000] {processor.py:799} INFO - Processing file /home/airflow/.local/lib/python3.7/site-packages/airflow/example_dags/example_sensors.py for tasks to queue
[2026-03-03T01:04:19.317+0000] {logging_mixin.py:149} INFO - [2026-03-03T01:04:19.317+0000] {dagbag.py:541} INFO - Filling up the DagBag from /home/airflow/.local/lib/python3.7/site-packages/airflow/example_dags/example_sensors.py
[2026-03-03T01:04:19.322+0000] {processor.py:809} INFO - DAG(s) dict_keys(['example_sensors']) retrieved from /home/airflow/.local/lib/python3.7/site-packages/airflow/example_dags/example_sensors.py
[2026-03-03T01:04:19.335+0000] {logging_mixin.py:149} INFO - [2026-03-03T01:04:19.335+0000] {dag.py:2726} INFO - Sync 1 DAGs
[2026-03-03T01:04:19.346+0000] {logging_mixin.py:149} INFO - [2026-03-03T01:04:19.346+0000] {dag.py:3490} INFO - Setting next_dagrun for example_sensors to None, run_after=None
[2026-03-03T01:04:19.354+0000] {processor.py:178} INFO - Processing /home/airflow/.local/lib/python3.7/site-packages/airflow/example_dags/example_sensors.py took 0.040 seconds
[2026-03-03T01:04:49.893+0000] {processor.py:156} INFO - Started process (PID=1115) to work on /home/airflow/.local/lib/python3.7/site-packages/airflow/example_dags/example_sensors.py
[2026-03-03T01:04:49.894+0000] {processor.py:799} INFO - Processing file /home/airflow/.local/lib/python3.7/site-packages/airflow/example_dags/example_sensors.py for tasks to queue
[2026-03-03T01:04:49.895+0000] {logging_mixin.py:149} INFO - [2026-03-03T01:04:49.895+0000] {dagbag.py:541} INFO - Filling up the DagBag from /home/airflow/.local/lib/python3.7/site-packages/airflow/example_dags/example_sensors.py
[2026-03-03T01:04:49.901+0000] {processor.py:809} INFO - DAG(s) dict_keys(['example_sensors']) retrieved from /home/airflow/.local/lib/python3.7/site-packages/airflow/example_dags/example_sensors.py
[2026-03-03T01:04:49.918+0000] {logging_mixin.py:149} INFO - [2026-03-03T01:04:49.917+0000] {dag.py:2726} INFO - Sync 1 DAGs
[2026-03-03T01:04:49.929+0000] {logging_mixin.py:149} INFO - [2026-03-03T01:04:49.929+0000] {dag.py:3490} INFO - Setting next_dagrun for example_sensors to None, run_after=None
[2026-03-03T01:04:49.937+0000] {processor.py:178} INFO - Processing /home/airflow/.local/lib/python3.7/site-packages/airflow/example_dags/example_sensors.py took 0.047 seconds
[2026-03-03T01:05:20.756+0000] {processor.py:156} INFO - Started process (PID=1177) to work on /home/airflow/.local/lib/python3.7/site-packages/airflow/example_dags/example_sensors.py
[2026-03-03T01:05:20.757+0000] {processor.py:799} INFO - Processing file /home/airflow/.local/lib/python3.7/site-packages/airflow/example_dags/example_sensors.py for tasks to queue
[2026-03-03T01:05:20.757+0000] {logging_mixin.py:149} INFO - [2026-03-03T01:05:20.757+0000] {dagbag.py:541} INFO - Filling up the DagBag from /home/airflow/.local/lib/python3.7/site-packages/airflow/example_dags/example_sensors.py
[2026-03-03T01:05:20.763+0000] {processor.py:809} INFO - DAG(s) dict_keys(['example_sensors']) retrieved from /home/airflow/.local/lib/python3.7/site-packages/airflow/example_dags/example_sensors.py
[2026-03-03T01:05:20.777+0000] {logging_mixin.py:149} INFO - [2026-03-03T01:05:20.777+0000] {dag.py:2726} INFO - Sync 1 DAGs
[2026-03-03T01:05:20.788+0000] {logging_mixin.py:149} INFO - [2026-03-03T01:05:20.788+0000] {dag.py:3490} INFO - Setting next_dagrun for example_sensors to None, run_after=None
[2026-03-03T01:05:20.797+0000] {processor.py:178} INFO - Processing /home/airflow/.local/lib/python3.7/site-packages/airflow/example_dags/example_sensors.py took 0.044 seconds
[2026-03-03T01:05:51.446+0000] {processor.py:156} INFO - Started process (PID=1239) to work on /home/airflow/.local/lib/python3.7/site-packages/airflow/example_dags/example_sensors.py
[2026-03-03T01:05:51.447+0000] {processor.py:799} INFO - Processing file /home/airflow/.local/lib/python3.7/site-packages/airflow/example_dags/example_sensors.py for tasks to queue
[2026-03-03T01:05:51.447+0000] {logging_mixin.py:149} INFO - [2026-03-03T01:05:51.447+0000] {dagbag.py:541} INFO - Filling up the DagBag from /home/airflow/.local/lib/python3.7/site-packages/airflow/example_dags/example_sensors.py
[2026-03-03T01:05:51.452+0000] {processor.py:809} INFO - DAG(s) dict_keys(['example_sensors']) retrieved from /home/airflow/.local/lib/python3.7/site-packages/airflow/example_dags/example_sensors.py
[2026-03-03T01:05:51.465+0000] {logging_mixin.py:149} INFO - [2026-03-03T01:05:51.465+0000] {dag.py:2726} INFO - Sync 1 DAGs
[2026-03-03T01:05:51.476+0000] {logging_mixin.py:149} INFO - [2026-03-03T01:05:51.476+0000] {dag.py:3490} INFO - Setting next_dagrun for example_sensors to None, run_after=None
[2026-03-03T01:05:51.485+0000] {processor.py:178} INFO - Processing /home/airflow/.local/lib/python3.7/site-packages/airflow/example_dags/example_sensors.py took 0.041 seconds
[2026-03-03T01:06:21.934+0000] {processor.py:156} INFO - Started process (PID=1301) to work on /home/airflow/.local/lib/python3.7/site-packages/airflow/example_dags/example_sensors.py
[2026-03-03T01:06:21.934+0000] {processor.py:799} INFO - Processing file /home/airflow/.local/lib/python3.7/site-packages/airflow/example_dags/example_sensors.py for tasks to queue
[2026-03-03T01:06:21.934+0000] {logging_mixin.py:149} INFO - [2026-03-03T01:06:21.934+0000] {dagbag.py:541} INFO - Filling up the DagBag from /home/airflow/.local/lib/python3.7/site-packages/airflow/example_dags/example_sensors.py
[2026-03-03T01:06:21.939+0000] {processor.py:809} INFO - DAG(s) dict_keys(['example_sensors']) retrieved from /home/airflow/.local/lib/python3.7/site-packages/airflow/example_dags/example_sensors.py
[2026-03-03T01:06:21.951+0000] {logging_mixin.py:149} INFO - [2026-03-03T01:06:21.951+0000] {dag.py:2726} INFO - Sync 1 DAGs
[2026-03-03T01:06:21.961+0000] {logging_mixin.py:149} INFO - [2026-03-03T01:06:21.961+0000] {dag.py:3490} INFO - Setting next_dagrun for example_sensors to None, run_after=None
[2026-03-03T01:06:21.969+0000] {processor.py:178} INFO - Processing /home/airflow/.local/lib/python3.7/site-packages/airflow/example_dags/example_sensors.py took 0.037 seconds
[2026-03-03T01:07:09.595+0000] {processor.py:156} INFO - Started process (PID=53) to work on /home/airflow/.local/lib/python3.7/site-packages/airflow/example_dags/example_sensors.py
[2026-03-03T01:07:09.596+0000] {processor.py:799} INFO - Processing file /home/airflow/.local/lib/python3.7/site-packages/airflow/example_dags/example_sensors.py for tasks to queue
[2026-03-03T01:07:09.596+0000] {logging_mixin.py:149} INFO - [2026-03-03T01:07:09.596+0000] {dagbag.py:541} INFO - Filling up the DagBag from /home/airflow/.local/lib/python3.7/site-packages/airflow/example_dags/example_sensors.py
[2026-03-03T01:07:09.608+0000] {processor.py:809} INFO - DAG(s) dict_keys(['example_sensors']) retrieved from /home/airflow/.local/lib/python3.7/site-packages/airflow/example_dags/example_sensors.py
[2026-03-03T01:07:09.619+0000] {logging_mixin.py:149} INFO - [2026-03-03T01:07:09.619+0000] {dag.py:2726} INFO - Sync 1 DAGs
[2026-03-03T01:07:09.637+0000] {logging_mixin.py:149} INFO - [2026-03-03T01:07:09.637+0000] {dag.py:3490} INFO - Setting next_dagrun for example_sensors to None, run_after=None
[2026-03-03T01:07:09.657+0000] {processor.py:178} INFO - Processing /home/airflow/.local/lib/python3.7/site-packages/airflow/example_dags/example_sensors.py took 0.064 seconds
[2026-03-03T01:07:39.704+0000] {processor.py:156} INFO - Started process (PID=115) to work on /home/airflow/.local/lib/python3.7/site-packages/airflow/example_dags/example_sensors.py
[2026-03-03T01:07:39.705+0000] {processor.py:799} INFO - Processing file /home/airflow/.local/lib/python3.7/site-packages/airflow/example_dags/example_sensors.py for tasks to queue
[2026-03-03T01:07:39.706+0000] {logging_mixin.py:149} INFO - [2026-03-03T01:07:39.706+0000] {dagbag.py:541} INFO - Filling up the DagBag from /home/airflow/.local/lib/python3.7/site-packages/airflow/example_dags/example_sensors.py
[2026-03-03T01:07:39.714+0000] {processor.py:809} INFO - DAG(s) dict_keys(['example_sensors']) retrieved from /home/airflow/.local/lib/python3.7/site-packages/airflow/example_dags/example_sensors.py
[2026-03-03T01:07:39.731+0000] {logging_mixin.py:149} INFO - [2026-03-03T01:07:39.731+0000] {dag.py:2726} INFO - Sync 1 DAGs
[2026-03-03T01:07:39.744+0000] {logging_mixin.py:149} INFO - [2026-03-03T01:07:39.744+0000] {dag.py:3490} INFO - Setting next_dagrun for example_sensors to None, run_after=None
[2026-03-03T01:07:39.754+0000] {processor.py:178} INFO - Processing /home/airflow/.local/lib/python3.7/site-packages/airflow/example_dags/example_sensors.py took 0.051 seconds
[2026-03-03T01:08:16.184+0000] {processor.py:156} INFO - Started process (PID=184) to work on /home/airflow/.local/lib/python3.7/site-packages/airflow/example_dags/example_sensors.py
[2026-03-03T01:08:16.186+0000] {processor.py:799} INFO - Processing file /home/airflow/.local/lib/python3.7/site-packages/airflow/example_dags/example_sensors.py for tasks to queue
[2026-03-03T01:08:16.188+0000] {logging_mixin.py:149} INFO - [2026-03-03T01:08:16.188+0000] {dagbag.py:541} INFO - Filling up the DagBag from /home/airflow/.local/lib/python3.7/site-packages/airflow/example_dags/example_sensors.py
[2026-03-03T01:08:16.212+0000] {processor.py:809} INFO - DAG(s) dict_keys(['example_sensors']) retrieved from /home/airflow/.local/lib/python3.7/site-packages/airflow/example_dags/example_sensors.py
[2026-03-03T01:08:16.282+0000] {logging_mixin.py:149} INFO - [2026-03-03T01:08:16.281+0000] {dag.py:2726} INFO - Sync 1 DAGs
[2026-03-03T01:08:16.655+0000] {logging_mixin.py:149} INFO - [2026-03-03T01:08:16.655+0000] {dag.py:3490} INFO - Setting next_dagrun for example_sensors to None, run_after=None
[2026-03-03T01:08:16.732+0000] {processor.py:178} INFO - Processing /home/airflow/.local/lib/python3.7/site-packages/airflow/example_dags/example_sensors.py took 0.556 seconds
[2026-03-03T01:08:47.125+0000] {processor.py:156} INFO - Started process (PID=246) to work on /home/airflow/.local/lib/python3.7/site-packages/airflow/example_dags/example_sensors.py
[2026-03-03T01:08:47.126+0000] {processor.py:799} INFO - Processing file /home/airflow/.local/lib/python3.7/site-packages/airflow/example_dags/example_sensors.py for tasks to queue
[2026-03-03T01:08:47.126+0000] {logging_mixin.py:149} INFO - [2026-03-03T01:08:47.126+0000] {dagbag.py:541} INFO - Filling up the DagBag from /home/airflow/.local/lib/python3.7/site-packages/airflow/example_dags/example_sensors.py
[2026-03-03T01:08:47.133+0000] {processor.py:809} INFO - DAG(s) dict_keys(['example_sensors']) retrieved from /home/airflow/.local/lib/python3.7/site-packages/airflow/example_dags/example_sensors.py
[2026-03-03T01:08:47.149+0000] {logging_mixin.py:149} INFO - [2026-03-03T01:08:47.149+0000] {dag.py:2726} INFO - Sync 1 DAGs
[2026-03-03T01:08:47.162+0000] {logging_mixin.py:149} INFO - [2026-03-03T01:08:47.162+0000] {dag.py:3490} INFO - Setting next_dagrun for example_sensors to None, run_after=None
[2026-03-03T01:08:47.171+0000] {processor.py:178} INFO - Processing /home/airflow/.local/lib/python3.7/site-packages/airflow/example_dags/example_sensors.py took 0.048 seconds
[2026-03-03T01:09:18.086+0000] {processor.py:156} INFO - Started process (PID=308) to work on /home/airflow/.local/lib/python3.7/site-packages/airflow/example_dags/example_sensors.py
[2026-03-03T01:09:18.086+0000] {processor.py:799} INFO - Processing file /home/airflow/.local/lib/python3.7/site-packages/airflow/example_dags/example_sensors.py for tasks to queue
[2026-03-03T01:09:18.087+0000] {logging_mixin.py:149} INFO - [2026-03-03T01:09:18.087+0000] {dagbag.py:541} INFO - Filling up the DagBag from /home/airflow/.local/lib/python3.7/site-packages/airflow/example_dags/example_sensors.py
[2026-03-03T01:09:18.093+0000] {processor.py:809} INFO - DAG(s) dict_keys(['example_sensors']) retrieved from /home/airflow/.local/lib/python3.7/site-packages/airflow/example_dags/example_sensors.py
[2026-03-03T01:09:18.108+0000] {logging_mixin.py:149} INFO - [2026-03-03T01:09:18.108+0000] {dag.py:2726} INFO - Sync 1 DAGs
[2026-03-03T01:09:18.120+0000] {logging_mixin.py:149} INFO - [2026-03-03T01:09:18.120+0000] {dag.py:3490} INFO - Setting next_dagrun for example_sensors to None, run_after=None
[2026-03-03T01:09:18.129+0000] {processor.py:178} INFO - Processing /home/airflow/.local/lib/python3.7/site-packages/airflow/example_dags/example_sensors.py took 0.046 seconds
[2026-03-03T01:09:49.077+0000] {processor.py:156} INFO - Started process (PID=370) to work on /home/airflow/.local/lib/python3.7/site-packages/airflow/example_dags/example_sensors.py
[2026-03-03T01:09:49.077+0000] {processor.py:799} INFO - Processing file /home/airflow/.local/lib/python3.7/site-packages/airflow/example_dags/example_sensors.py for tasks to queue
[2026-03-03T01:09:49.078+0000] {logging_mixin.py:149} INFO - [2026-03-03T01:09:49.078+0000] {dagbag.py:541} INFO - Filling up the DagBag from /home/airflow/.local/lib/python3.7/site-packages/airflow/example_dags/example_sensors.py
[2026-03-03T01:09:49.083+0000] {processor.py:809} INFO - DAG(s) dict_keys(['example_sensors']) retrieved from /home/airflow/.local/lib/python3.7/site-packages/airflow/example_dags/example_sensors.py
[2026-03-03T01:09:49.109+0000] {logging_mixin.py:149} INFO - [2026-03-03T01:09:49.109+0000] {dag.py:2726} INFO - Sync 1 DAGs
[2026-03-03T01:09:49.163+0000] {logging_mixin.py:149} INFO - [2026-03-03T01:09:49.163+0000] {dag.py:3490} INFO - Setting next_dagrun for example_sensors to None, run_after=None
[2026-03-03T01:09:49.200+0000] {processor.py:178} INFO - Processing /home/airflow/.local/lib/python3.7/site-packages/airflow/example_dags/example_sensors.py took 0.125 seconds
[2026-03-03T01:10:19.983+0000] {processor.py:156} INFO - Started process (PID=432) to work on /home/airflow/.local/lib/python3.7/site-packages/airflow/example_dags/example_sensors.py
[2026-03-03T01:10:19.986+0000] {processor.py:799} INFO - Processing file /home/airflow/.local/lib/python3.7/site-packages/airflow/example_dags/example_sensors.py for tasks to queue
[2026-03-03T01:10:19.988+0000] {logging_mixin.py:149} INFO - [2026-03-03T01:10:19.987+0000] {dagbag.py:541} INFO - Filling up the DagBag from /home/airflow/.local/lib/python3.7/site-packages/airflow/example_dags/example_sensors.py
[2026-03-03T01:10:20.017+0000] {processor.py:809} INFO - DAG(s) dict_keys(['example_sensors']) retrieved from /home/airflow/.local/lib/python3.7/site-packages/airflow/example_dags/example_sensors.py
[2026-03-03T01:10:20.119+0000] {logging_mixin.py:149} INFO - [2026-03-03T01:10:20.119+0000] {dag.py:2726} INFO - Sync 1 DAGs
[2026-03-03T01:10:20.205+0000] {logging_mixin.py:149} INFO - [2026-03-03T01:10:20.204+0000] {dag.py:3490} INFO - Setting next_dagrun for example_sensors to None, run_after=None
[2026-03-03T01:10:20.275+0000] {processor.py:178} INFO - Processing /home/airflow/.local/lib/python3.7/site-packages/airflow/example_dags/example_sensors.py took 0.300 seconds
[2026-03-03T01:10:50.902+0000] {processor.py:156} INFO - Started process (PID=494) to work on /home/airflow/.local/lib/python3.7/site-packages/airflow/example_dags/example_sensors.py
[2026-03-03T01:10:50.904+0000] {processor.py:799} INFO - Processing file /home/airflow/.local/lib/python3.7/site-packages/airflow/example_dags/example_sensors.py for tasks to queue
[2026-03-03T01:10:50.905+0000] {logging_mixin.py:149} INFO - [2026-03-03T01:10:50.905+0000] {dagbag.py:541} INFO - Filling up the DagBag from /home/airflow/.local/lib/python3.7/site-packages/airflow/example_dags/example_sensors.py
[2026-03-03T01:10:50.928+0000] {processor.py:809} INFO - DAG(s) dict_keys(['example_sensors']) retrieved from /home/airflow/.local/lib/python3.7/site-packages/airflow/example_dags/example_sensors.py
[2026-03-03T01:10:50.986+0000] {logging_mixin.py:149} INFO - [2026-03-03T01:10:50.986+0000] {dag.py:2726} INFO - Sync 1 DAGs
[2026-03-03T01:10:51.045+0000] {logging_mixin.py:149} INFO - [2026-03-03T01:10:51.045+0000] {dag.py:3490} INFO - Setting next_dagrun for example_sensors to None, run_after=None
[2026-03-03T01:10:51.103+0000] {processor.py:178} INFO - Processing /home/airflow/.local/lib/python3.7/site-packages/airflow/example_dags/example_sensors.py took 0.206 seconds
[2026-03-03T01:11:21.929+0000] {processor.py:156} INFO - Started process (PID=556) to work on /home/airflow/.local/lib/python3.7/site-packages/airflow/example_dags/example_sensors.py
[2026-03-03T01:11:21.930+0000] {processor.py:799} INFO - Processing file /home/airflow/.local/lib/python3.7/site-packages/airflow/example_dags/example_sensors.py for tasks to queue
[2026-03-03T01:11:21.930+0000] {logging_mixin.py:149} INFO - [2026-03-03T01:11:21.930+0000] {dagbag.py:541} INFO - Filling up the DagBag from /home/airflow/.local/lib/python3.7/site-packages/airflow/example_dags/example_sensors.py
[2026-03-03T01:11:21.936+0000] {processor.py:809} INFO - DAG(s) dict_keys(['example_sensors']) retrieved from /home/airflow/.local/lib/python3.7/site-packages/airflow/example_dags/example_sensors.py
[2026-03-03T01:11:21.958+0000] {logging_mixin.py:149} INFO - [2026-03-03T01:11:21.957+0000] {dag.py:2726} INFO - Sync 1 DAGs
[2026-03-03T01:11:21.971+0000] {logging_mixin.py:149} INFO - [2026-03-03T01:11:21.971+0000] {dag.py:3490} INFO - Setting next_dagrun for example_sensors to None, run_after=None
[2026-03-03T01:11:21.984+0000] {processor.py:178} INFO - Processing /home/airflow/.local/lib/python3.7/site-packages/airflow/example_dags/example_sensors.py took 0.058 seconds
[2026-03-03T01:11:52.983+0000] {processor.py:156} INFO - Started process (PID=618) to work on /home/airflow/.local/lib/python3.7/site-packages/airflow/example_dags/example_sensors.py
[2026-03-03T01:11:52.985+0000] {processor.py:799} INFO - Processing file /home/airflow/.local/lib/python3.7/site-packages/airflow/example_dags/example_sensors.py for tasks to queue
[2026-03-03T01:11:52.987+0000] {logging_mixin.py:149} INFO - [2026-03-03T01:11:52.986+0000] {dagbag.py:541} INFO - Filling up the DagBag from /home/airflow/.local/lib/python3.7/site-packages/airflow/example_dags/example_sensors.py
[2026-03-03T01:11:53.007+0000] {processor.py:809} INFO - DAG(s) dict_keys(['example_sensors']) retrieved from /home/airflow/.local/lib/python3.7/site-packages/airflow/example_dags/example_sensors.py
[2026-03-03T01:11:53.072+0000] {logging_mixin.py:149} INFO - [2026-03-03T01:11:53.071+0000] {dag.py:2726} INFO - Sync 1 DAGs
[2026-03-03T01:11:53.132+0000] {logging_mixin.py:149} INFO - [2026-03-03T01:11:53.132+0000] {dag.py:3490} INFO - Setting next_dagrun for example_sensors to None, run_after=None
[2026-03-03T01:11:53.180+0000] {processor.py:178} INFO - Processing /home/airflow/.local/lib/python3.7/site-packages/airflow/example_dags/example_sensors.py took 0.203 seconds
[2026-03-03T01:12:23.789+0000] {processor.py:156} INFO - Started process (PID=680) to work on /home/airflow/.local/lib/python3.7/site-packages/airflow/example_dags/example_sensors.py
[2026-03-03T01:12:23.792+0000] {processor.py:799} INFO - Processing file /home/airflow/.local/lib/python3.7/site-packages/airflow/example_dags/example_sensors.py for tasks to queue
[2026-03-03T01:12:23.794+0000] {logging_mixin.py:149} INFO - [2026-03-03T01:12:23.794+0000] {dagbag.py:541} INFO - Filling up the DagBag from /home/airflow/.local/lib/python3.7/site-packages/airflow/example_dags/example_sensors.py
[2026-03-03T01:12:23.817+0000] {processor.py:809} INFO - DAG(s) dict_keys(['example_sensors']) retrieved from /home/airflow/.local/lib/python3.7/site-packages/airflow/example_dags/example_sensors.py
[2026-03-03T01:12:23.875+0000] {logging_mixin.py:149} INFO - [2026-03-03T01:12:23.875+0000] {dag.py:2726} INFO - Sync 1 DAGs
[2026-03-03T01:12:23.929+0000] {logging_mixin.py:149} INFO - [2026-03-03T01:12:23.929+0000] {dag.py:3490} INFO - Setting next_dagrun for example_sensors to None, run_after=None
[2026-03-03T01:12:23.973+0000] {processor.py:178} INFO - Processing /home/airflow/.local/lib/python3.7/site-packages/airflow/example_dags/example_sensors.py took 0.189 seconds
[2026-03-03T01:12:54.029+0000] {processor.py:156} INFO - Started process (PID=742) to work on /home/airflow/.local/lib/python3.7/site-packages/airflow/example_dags/example_sensors.py
[2026-03-03T01:12:54.030+0000] {processor.py:799} INFO - Processing file /home/airflow/.local/lib/python3.7/site-packages/airflow/example_dags/example_sensors.py for tasks to queue
[2026-03-03T01:12:54.031+0000] {logging_mixin.py:149} INFO - [2026-03-03T01:12:54.031+0000] {dagbag.py:541} INFO - Filling up the DagBag from /home/airflow/.local/lib/python3.7/site-packages/airflow/example_dags/example_sensors.py
[2026-03-03T01:12:54.040+0000] {processor.py:809} INFO - DAG(s) dict_keys(['example_sensors']) retrieved from /home/airflow/.local/lib/python3.7/site-packages/airflow/example_dags/example_sensors.py
[2026-03-03T01:12:54.058+0000] {logging_mixin.py:149} INFO - [2026-03-03T01:12:54.057+0000] {dag.py:2726} INFO - Sync 1 DAGs
[2026-03-03T01:12:54.073+0000] {logging_mixin.py:149} INFO - [2026-03-03T01:12:54.072+0000] {dag.py:3490} INFO - Setting next_dagrun for example_sensors to None, run_after=None
[2026-03-03T01:12:54.085+0000] {processor.py:178} INFO - Processing /home/airflow/.local/lib/python3.7/site-packages/airflow/example_dags/example_sensors.py took 0.059 seconds
[2026-03-03T01:13:24.438+0000] {processor.py:156} INFO - Started process (PID=804) to work on /home/airflow/.local/lib/python3.7/site-packages/airflow/example_dags/example_sensors.py
[2026-03-03T01:13:24.439+0000] {processor.py:799} INFO - Processing file /home/airflow/.local/lib/python3.7/site-packages/airflow/example_dags/example_sensors.py for tasks to queue
[2026-03-03T01:13:24.439+0000] {logging_mixin.py:149} INFO - [2026-03-03T01:13:24.439+0000] {dagbag.py:541} INFO - Filling up the DagBag from /home/airflow/.local/lib/python3.7/site-packages/airflow/example_dags/example_sensors.py
[2026-03-03T01:13:24.444+0000] {processor.py:809} INFO - DAG(s) dict_keys(['example_sensors']) retrieved from /home/airflow/.local/lib/python3.7/site-packages/airflow/example_dags/example_sensors.py
[2026-03-03T01:13:24.456+0000] {logging_mixin.py:149} INFO - [2026-03-03T01:13:24.456+0000] {dag.py:2726} INFO - Sync 1 DAGs
[2026-03-03T01:13:24.466+0000] {logging_mixin.py:149} INFO - [2026-03-03T01:13:24.466+0000] {dag.py:3490} INFO - Setting next_dagrun for example_sensors to None, run_after=None
[2026-03-03T01:13:24.473+0000] {processor.py:178} INFO - Processing /home/airflow/.local/lib/python3.7/site-packages/airflow/example_dags/example_sensors.py took 0.036 seconds
[2026-03-03T01:13:55.134+0000] {processor.py:156} INFO - Started process (PID=866) to work on /home/airflow/.local/lib/python3.7/site-packages/airflow/example_dags/example_sensors.py
[2026-03-03T01:13:55.135+0000] {processor.py:799} INFO - Processing file /home/airflow/.local/lib/python3.7/site-packages/airflow/example_dags/example_sensors.py for tasks to queue
[2026-03-03T01:13:55.135+0000] {logging_mixin.py:149} INFO - [2026-03-03T01:13:55.135+0000] {dagbag.py:541} INFO - Filling up the DagBag from /home/airflow/.local/lib/python3.7/site-packages/airflow/example_dags/example_sensors.py
[2026-03-03T01:13:55.141+0000] {processor.py:809} INFO - DAG(s) dict_keys(['example_sensors']) retrieved from /home/airflow/.local/lib/python3.7/site-packages/airflow/example_dags/example_sensors.py
[2026-03-03T01:13:55.157+0000] {logging_mixin.py:149} INFO - [2026-03-03T01:13:55.157+0000] {dag.py:2726} INFO - Sync 1 DAGs
[2026-03-03T01:13:55.169+0000] {logging_mixin.py:149} INFO - [2026-03-03T01:13:55.169+0000] {dag.py:3490} INFO - Setting next_dagrun for example_sensors to None, run_after=None
[2026-03-03T01:13:55.178+0000] {processor.py:178} INFO - Processing /home/airflow/.local/lib/python3.7/site-packages/airflow/example_dags/example_sensors.py took 0.047 seconds
[2026-03-03T01:14:25.925+0000] {processor.py:156} INFO - Started process (PID=928) to work on /home/airflow/.local/lib/python3.7/site-packages/airflow/example_dags/example_sensors.py
[2026-03-03T01:14:25.927+0000] {processor.py:799} INFO - Processing file /home/airflow/.local/lib/python3.7/site-packages/airflow/example_dags/example_sensors.py for tasks to queue
[2026-03-03T01:14:25.927+0000] {logging_mixin.py:149} INFO - [2026-03-03T01:14:25.927+0000] {dagbag.py:541} INFO - Filling up the DagBag from /home/airflow/.local/lib/python3.7/site-packages/airflow/example_dags/example_sensors.py
[2026-03-03T01:14:25.935+0000] {processor.py:809} INFO - DAG(s) dict_keys(['example_sensors']) retrieved from /home/airflow/.local/lib/python3.7/site-packages/airflow/example_dags/example_sensors.py
[2026-03-03T01:14:25.950+0000] {logging_mixin.py:149} INFO - [2026-03-03T01:14:25.950+0000] {dag.py:2726} INFO - Sync 1 DAGs
[2026-03-03T01:14:25.962+0000] {logging_mixin.py:149} INFO - [2026-03-03T01:14:25.962+0000] {dag.py:3490} INFO - Setting next_dagrun for example_sensors to None, run_after=None
[2026-03-03T01:14:25.971+0000] {processor.py:178} INFO - Processing /home/airflow/.local/lib/python3.7/site-packages/airflow/example_dags/example_sensors.py took 0.047 seconds
[2026-03-03T01:14:56.361+0000] {processor.py:156} INFO - Started process (PID=990) to work on /home/airflow/.local/lib/python3.7/site-packages/airflow/example_dags/example_sensors.py
[2026-03-03T01:14:56.362+0000] {processor.py:799} INFO - Processing file /home/airflow/.local/lib/python3.7/site-packages/airflow/example_dags/example_sensors.py for tasks to queue
[2026-03-03T01:14:56.362+0000] {logging_mixin.py:149} INFO - [2026-03-03T01:14:56.362+0000] {dagbag.py:541} INFO - Filling up the DagBag from /home/airflow/.local/lib/python3.7/site-packages/airflow/example_dags/example_sensors.py
[2026-03-03T01:14:56.369+0000] {processor.py:809} INFO - DAG(s) dict_keys(['example_sensors']) retrieved from /home/airflow/.local/lib/python3.7/site-packages/airflow/example_dags/example_sensors.py
[2026-03-03T01:14:56.386+0000] {logging_mixin.py:149} INFO - [2026-03-03T01:14:56.385+0000] {dag.py:2726} INFO - Sync 1 DAGs
[2026-03-03T01:14:56.398+0000] {logging_mixin.py:149} INFO - [2026-03-03T01:14:56.398+0000] {dag.py:3490} INFO - Setting next_dagrun for example_sensors to None, run_after=None
[2026-03-03T01:14:56.409+0000] {processor.py:178} INFO - Processing /home/airflow/.local/lib/python3.7/site-packages/airflow/example_dags/example_sensors.py took 0.050 seconds
[2026-03-03T01:15:27.259+0000] {processor.py:156} INFO - Started process (PID=1052) to work on /home/airflow/.local/lib/python3.7/site-packages/airflow/example_dags/example_sensors.py
[2026-03-03T01:15:27.260+0000] {processor.py:799} INFO - Processing file /home/airflow/.local/lib/python3.7/site-packages/airflow/example_dags/example_sensors.py for tasks to queue
[2026-03-03T01:15:27.260+0000] {logging_mixin.py:149} INFO - [2026-03-03T01:15:27.260+0000] {dagbag.py:541} INFO - Filling up the DagBag from /home/airflow/.local/lib/python3.7/site-packages/airflow/example_dags/example_sensors.py
[2026-03-03T01:15:27.269+0000] {processor.py:809} INFO - DAG(s) dict_keys(['example_sensors']) retrieved from /home/airflow/.local/lib/python3.7/site-packages/airflow/example_dags/example_sensors.py
[2026-03-03T01:15:27.286+0000] {logging_mixin.py:149} INFO - [2026-03-03T01:15:27.286+0000] {dag.py:2726} INFO - Sync 1 DAGs
[2026-03-03T01:15:27.301+0000] {logging_mixin.py:149} INFO - [2026-03-03T01:15:27.301+0000] {dag.py:3490} INFO - Setting next_dagrun for example_sensors to None, run_after=None
[2026-03-03T01:15:27.311+0000] {processor.py:178} INFO - Processing /home/airflow/.local/lib/python3.7/site-packages/airflow/example_dags/example_sensors.py took 0.055 seconds
[2026-03-03T01:15:58.045+0000] {processor.py:156} INFO - Started process (PID=1113) to work on /home/airflow/.local/lib/python3.7/site-packages/airflow/example_dags/example_sensors.py
[2026-03-03T01:15:58.046+0000] {processor.py:799} INFO - Processing file /home/airflow/.local/lib/python3.7/site-packages/airflow/example_dags/example_sensors.py for tasks to queue
[2026-03-03T01:15:58.046+0000] {logging_mixin.py:149} INFO - [2026-03-03T01:15:58.046+0000] {dagbag.py:541} INFO - Filling up the DagBag from /home/airflow/.local/lib/python3.7/site-packages/airflow/example_dags/example_sensors.py
[2026-03-03T01:15:58.053+0000] {processor.py:809} INFO - DAG(s) dict_keys(['example_sensors']) retrieved from /home/airflow/.local/lib/python3.7/site-packages/airflow/example_dags/example_sensors.py
[2026-03-03T01:15:58.070+0000] {logging_mixin.py:149} INFO - [2026-03-03T01:15:58.070+0000] {dag.py:2726} INFO - Sync 1 DAGs
[2026-03-03T01:15:58.083+0000] {logging_mixin.py:149} INFO - [2026-03-03T01:15:58.083+0000] {dag.py:3490} INFO - Setting next_dagrun for example_sensors to None, run_after=None
[2026-03-03T01:15:58.093+0000] {processor.py:178} INFO - Processing /home/airflow/.local/lib/python3.7/site-packages/airflow/example_dags/example_sensors.py took 0.050 seconds
[2026-03-03T01:16:28.501+0000] {processor.py:156} INFO - Started process (PID=1175) to work on /home/airflow/.local/lib/python3.7/site-packages/airflow/example_dags/example_sensors.py
[2026-03-03T01:16:28.503+0000] {processor.py:799} INFO - Processing file /home/airflow/.local/lib/python3.7/site-packages/airflow/example_dags/example_sensors.py for tasks to queue
[2026-03-03T01:16:28.504+0000] {logging_mixin.py:149} INFO - [2026-03-03T01:16:28.504+0000] {dagbag.py:541} INFO - Filling up the DagBag from /home/airflow/.local/lib/python3.7/site-packages/airflow/example_dags/example_sensors.py
[2026-03-03T01:16:28.525+0000] {processor.py:809} INFO - DAG(s) dict_keys(['example_sensors']) retrieved from /home/airflow/.local/lib/python3.7/site-packages/airflow/example_dags/example_sensors.py
[2026-03-03T01:16:28.595+0000] {logging_mixin.py:149} INFO - [2026-03-03T01:16:28.595+0000] {dag.py:2726} INFO - Sync 1 DAGs
[2026-03-03T01:16:28.669+0000] {logging_mixin.py:149} INFO - [2026-03-03T01:16:28.668+0000] {dag.py:3490} INFO - Setting next_dagrun for example_sensors to None, run_after=None
[2026-03-03T01:16:28.723+0000] {processor.py:178} INFO - Processing /home/airflow/.local/lib/python3.7/site-packages/airflow/example_dags/example_sensors.py took 0.231 seconds
[2026-03-03T01:16:59.281+0000] {processor.py:156} INFO - Started process (PID=1237) to work on /home/airflow/.local/lib/python3.7/site-packages/airflow/example_dags/example_sensors.py
[2026-03-03T01:16:59.283+0000] {processor.py:799} INFO - Processing file /home/airflow/.local/lib/python3.7/site-packages/airflow/example_dags/example_sensors.py for tasks to queue
[2026-03-03T01:16:59.284+0000] {logging_mixin.py:149} INFO - [2026-03-03T01:16:59.284+0000] {dagbag.py:541} INFO - Filling up the DagBag from /home/airflow/.local/lib/python3.7/site-packages/airflow/example_dags/example_sensors.py
[2026-03-03T01:16:59.302+0000] {processor.py:809} INFO - DAG(s) dict_keys(['example_sensors']) retrieved from /home/airflow/.local/lib/python3.7/site-packages/airflow/example_dags/example_sensors.py
[2026-03-03T01:16:59.353+0000] {logging_mixin.py:149} INFO - [2026-03-03T01:16:59.353+0000] {dag.py:2726} INFO - Sync 1 DAGs
[2026-03-03T01:16:59.398+0000] {logging_mixin.py:149} INFO - [2026-03-03T01:16:59.398+0000] {dag.py:3490} INFO - Setting next_dagrun for example_sensors to None, run_after=None
[2026-03-03T01:16:59.437+0000] {processor.py:178} INFO - Processing /home/airflow/.local/lib/python3.7/site-packages/airflow/example_dags/example_sensors.py took 0.161 seconds
[2026-03-03T01:17:29.699+0000] {processor.py:156} INFO - Started process (PID=1299) to work on /home/airflow/.local/lib/python3.7/site-packages/airflow/example_dags/example_sensors.py
[2026-03-03T01:17:29.700+0000] {processor.py:799} INFO - Processing file /home/airflow/.local/lib/python3.7/site-packages/airflow/example_dags/example_sensors.py for tasks to queue
[2026-03-03T01:17:29.700+0000] {logging_mixin.py:149} INFO - [2026-03-03T01:17:29.700+0000] {dagbag.py:541} INFO - Filling up the DagBag from /home/airflow/.local/lib/python3.7/site-packages/airflow/example_dags/example_sensors.py
[2026-03-03T01:17:29.705+0000] {processor.py:809} INFO - DAG(s) dict_keys(['example_sensors']) retrieved from /home/airflow/.local/lib/python3.7/site-packages/airflow/example_dags/example_sensors.py
[2026-03-03T01:17:29.717+0000] {logging_mixin.py:149} INFO - [2026-03-03T01:17:29.717+0000] {dag.py:2726} INFO - Sync 1 DAGs
[2026-03-03T01:17:29.728+0000] {logging_mixin.py:149} INFO - [2026-03-03T01:17:29.728+0000] {dag.py:3490} INFO - Setting next_dagrun for example_sensors to None, run_after=None
[2026-03-03T01:17:29.735+0000] {processor.py:178} INFO - Processing /home/airflow/.local/lib/python3.7/site-packages/airflow/example_dags/example_sensors.py took 0.037 seconds
[2026-03-03T01:18:00.725+0000] {processor.py:156} INFO - Started process (PID=1361) to work on /home/airflow/.local/lib/python3.7/site-packages/airflow/example_dags/example_sensors.py
[2026-03-03T01:18:00.725+0000] {processor.py:799} INFO - Processing file /home/airflow/.local/lib/python3.7/site-packages/airflow/example_dags/example_sensors.py for tasks to queue
[2026-03-03T01:18:00.725+0000] {logging_mixin.py:149} INFO - [2026-03-03T01:18:00.725+0000] {dagbag.py:541} INFO - Filling up the DagBag from /home/airflow/.local/lib/python3.7/site-packages/airflow/example_dags/example_sensors.py
[2026-03-03T01:18:00.731+0000] {processor.py:809} INFO - DAG(s) dict_keys(['example_sensors']) retrieved from /home/airflow/.local/lib/python3.7/site-packages/airflow/example_dags/example_sensors.py
[2026-03-03T01:18:00.748+0000] {logging_mixin.py:149} INFO - [2026-03-03T01:18:00.748+0000] {dag.py:2726} INFO - Sync 1 DAGs
[2026-03-03T01:18:00.760+0000] {logging_mixin.py:149} INFO - [2026-03-03T01:18:00.760+0000] {dag.py:3490} INFO - Setting next_dagrun for example_sensors to None, run_after=None
[2026-03-03T01:18:00.769+0000] {processor.py:178} INFO - Processing /home/airflow/.local/lib/python3.7/site-packages/airflow/example_dags/example_sensors.py took 0.048 seconds
[2026-03-03T01:18:31.615+0000] {processor.py:156} INFO - Started process (PID=1423) to work on /home/airflow/.local/lib/python3.7/site-packages/airflow/example_dags/example_sensors.py
[2026-03-03T01:18:31.618+0000] {processor.py:799} INFO - Processing file /home/airflow/.local/lib/python3.7/site-packages/airflow/example_dags/example_sensors.py for tasks to queue
[2026-03-03T01:18:31.620+0000] {logging_mixin.py:149} INFO - [2026-03-03T01:18:31.619+0000] {dagbag.py:541} INFO - Filling up the DagBag from /home/airflow/.local/lib/python3.7/site-packages/airflow/example_dags/example_sensors.py
[2026-03-03T01:18:31.647+0000] {processor.py:809} INFO - DAG(s) dict_keys(['example_sensors']) retrieved from /home/airflow/.local/lib/python3.7/site-packages/airflow/example_dags/example_sensors.py
[2026-03-03T01:18:31.713+0000] {logging_mixin.py:149} INFO - [2026-03-03T01:18:31.712+0000] {dag.py:2726} INFO - Sync 1 DAGs
[2026-03-03T01:18:31.777+0000] {logging_mixin.py:149} INFO - [2026-03-03T01:18:31.777+0000] {dag.py:3490} INFO - Setting next_dagrun for example_sensors to None, run_after=None
[2026-03-03T01:18:31.827+0000] {processor.py:178} INFO - Processing /home/airflow/.local/lib/python3.7/site-packages/airflow/example_dags/example_sensors.py took 0.220 seconds
[2026-03-03T01:19:02.001+0000] {processor.py:156} INFO - Started process (PID=1485) to work on /home/airflow/.local/lib/python3.7/site-packages/airflow/example_dags/example_sensors.py
[2026-03-03T01:19:02.003+0000] {processor.py:799} INFO - Processing file /home/airflow/.local/lib/python3.7/site-packages/airflow/example_dags/example_sensors.py for tasks to queue
[2026-03-03T01:19:02.007+0000] {logging_mixin.py:149} INFO - [2026-03-03T01:19:02.007+0000] {dagbag.py:541} INFO - Filling up the DagBag from /home/airflow/.local/lib/python3.7/site-packages/airflow/example_dags/example_sensors.py
[2026-03-03T01:19:02.029+0000] {processor.py:809} INFO - DAG(s) dict_keys(['example_sensors']) retrieved from /home/airflow/.local/lib/python3.7/site-packages/airflow/example_dags/example_sensors.py
[2026-03-03T01:19:02.084+0000] {logging_mixin.py:149} INFO - [2026-03-03T01:19:02.084+0000] {dag.py:2726} INFO - Sync 1 DAGs
[2026-03-03T01:19:02.132+0000] {logging_mixin.py:149} INFO - [2026-03-03T01:19:02.132+0000] {dag.py:3490} INFO - Setting next_dagrun for example_sensors to None, run_after=None
[2026-03-03T01:19:02.172+0000] {processor.py:178} INFO - Processing /home/airflow/.local/lib/python3.7/site-packages/airflow/example_dags/example_sensors.py took 0.177 seconds
[2026-03-03T01:19:33.005+0000] {processor.py:156} INFO - Started process (PID=1547) to work on /home/airflow/.local/lib/python3.7/site-packages/airflow/example_dags/example_sensors.py
[2026-03-03T01:19:33.006+0000] {processor.py:799} INFO - Processing file /home/airflow/.local/lib/python3.7/site-packages/airflow/example_dags/example_sensors.py for tasks to queue
[2026-03-03T01:19:33.006+0000] {logging_mixin.py:149} INFO - [2026-03-03T01:19:33.006+0000] {dagbag.py:541} INFO - Filling up the DagBag from /home/airflow/.local/lib/python3.7/site-packages/airflow/example_dags/example_sensors.py
[2026-03-03T01:19:33.012+0000] {processor.py:809} INFO - DAG(s) dict_keys(['example_sensors']) retrieved from /home/airflow/.local/lib/python3.7/site-packages/airflow/example_dags/example_sensors.py
[2026-03-03T01:19:33.027+0000] {logging_mixin.py:149} INFO - [2026-03-03T01:19:33.027+0000] {dag.py:2726} INFO - Sync 1 DAGs
[2026-03-03T01:19:33.038+0000] {logging_mixin.py:149} INFO - [2026-03-03T01:19:33.038+0000] {dag.py:3490} INFO - Setting next_dagrun for example_sensors to None, run_after=None
[2026-03-03T01:19:33.046+0000] {processor.py:178} INFO - Processing /home/airflow/.local/lib/python3.7/site-packages/airflow/example_dags/example_sensors.py took 0.042 seconds
[2026-03-03T01:20:03.686+0000] {processor.py:156} INFO - Started process (PID=1609) to work on /home/airflow/.local/lib/python3.7/site-packages/airflow/example_dags/example_sensors.py
[2026-03-03T01:20:03.686+0000] {processor.py:799} INFO - Processing file /home/airflow/.local/lib/python3.7/site-packages/airflow/example_dags/example_sensors.py for tasks to queue
[2026-03-03T01:20:03.687+0000] {logging_mixin.py:149} INFO - [2026-03-03T01:20:03.687+0000] {dagbag.py:541} INFO - Filling up the DagBag from /home/airflow/.local/lib/python3.7/site-packages/airflow/example_dags/example_sensors.py
[2026-03-03T01:20:03.692+0000] {processor.py:809} INFO - DAG(s) dict_keys(['example_sensors']) retrieved from /home/airflow/.local/lib/python3.7/site-packages/airflow/example_dags/example_sensors.py
[2026-03-03T01:20:03.706+0000] {logging_mixin.py:149} INFO - [2026-03-03T01:20:03.706+0000] {dag.py:2726} INFO - Sync 1 DAGs
[2026-03-03T01:20:03.717+0000] {logging_mixin.py:149} INFO - [2026-03-03T01:20:03.717+0000] {dag.py:3490} INFO - Setting next_dagrun for example_sensors to None, run_after=None
[2026-03-03T01:20:03.727+0000] {processor.py:178} INFO - Processing /home/airflow/.local/lib/python3.7/site-packages/airflow/example_dags/example_sensors.py took 0.043 seconds
[2026-03-03T01:20:34.380+0000] {processor.py:156} INFO - Started process (PID=1671) to work on /home/airflow/.local/lib/python3.7/site-packages/airflow/example_dags/example_sensors.py
[2026-03-03T01:20:34.381+0000] {processor.py:799} INFO - Processing file /home/airflow/.local/lib/python3.7/site-packages/airflow/example_dags/example_sensors.py for tasks to queue
[2026-03-03T01:20:34.381+0000] {logging_mixin.py:149} INFO - [2026-03-03T01:20:34.381+0000] {dagbag.py:541} INFO - Filling up the DagBag from /home/airflow/.local/lib/python3.7/site-packages/airflow/example_dags/example_sensors.py
[2026-03-03T01:20:34.387+0000] {processor.py:809} INFO - DAG(s) dict_keys(['example_sensors']) retrieved from /home/airflow/.local/lib/python3.7/site-packages/airflow/example_dags/example_sensors.py
[2026-03-03T01:20:34.404+0000] {logging_mixin.py:149} INFO - [2026-03-03T01:20:34.403+0000] {dag.py:2726} INFO - Sync 1 DAGs
[2026-03-03T01:20:34.415+0000] {logging_mixin.py:149} INFO - [2026-03-03T01:20:34.415+0000] {dag.py:3490} INFO - Setting next_dagrun for example_sensors to None, run_after=None
[2026-03-03T01:20:34.424+0000] {processor.py:178} INFO - Processing /home/airflow/.local/lib/python3.7/site-packages/airflow/example_dags/example_sensors.py took 0.046 seconds
[2026-03-03T01:21:05.046+0000] {processor.py:156} INFO - Started process (PID=1733) to work on /home/airflow/.local/lib/python3.7/site-packages/airflow/example_dags/example_sensors.py
[2026-03-03T01:21:05.047+0000] {processor.py:799} INFO - Processing file /home/airflow/.local/lib/python3.7/site-packages/airflow/example_dags/example_sensors.py for tasks to queue
[2026-03-03T01:21:05.047+0000] {logging_mixin.py:149} INFO - [2026-03-03T01:21:05.047+0000] {dagbag.py:541} INFO - Filling up the DagBag from /home/airflow/.local/lib/python3.7/site-packages/airflow/example_dags/example_sensors.py
[2026-03-03T01:21:05.053+0000] {processor.py:809} INFO - DAG(s) dict_keys(['example_sensors']) retrieved from /home/airflow/.local/lib/python3.7/site-packages/airflow/example_dags/example_sensors.py
[2026-03-03T01:21:05.067+0000] {logging_mixin.py:149} INFO - [2026-03-03T01:21:05.066+0000] {dag.py:2726} INFO - Sync 1 DAGs
[2026-03-03T01:21:05.079+0000] {logging_mixin.py:149} INFO - [2026-03-03T01:21:05.079+0000] {dag.py:3490} INFO - Setting next_dagrun for example_sensors to None, run_after=None
[2026-03-03T01:21:05.087+0000] {processor.py:178} INFO - Processing /home/airflow/.local/lib/python3.7/site-packages/airflow/example_dags/example_sensors.py took 0.044 seconds
[2026-03-03T01:21:35.719+0000] {processor.py:156} INFO - Started process (PID=1795) to work on /home/airflow/.local/lib/python3.7/site-packages/airflow/example_dags/example_sensors.py
[2026-03-03T01:21:35.719+0000] {processor.py:799} INFO - Processing file /home/airflow/.local/lib/python3.7/site-packages/airflow/example_dags/example_sensors.py for tasks to queue
[2026-03-03T01:21:35.720+0000] {logging_mixin.py:149} INFO - [2026-03-03T01:21:35.720+0000] {dagbag.py:541} INFO - Filling up the DagBag from /home/airflow/.local/lib/python3.7/site-packages/airflow/example_dags/example_sensors.py
[2026-03-03T01:21:35.725+0000] {processor.py:809} INFO - DAG(s) dict_keys(['example_sensors']) retrieved from /home/airflow/.local/lib/python3.7/site-packages/airflow/example_dags/example_sensors.py
[2026-03-03T01:21:35.740+0000] {logging_mixin.py:149} INFO - [2026-03-03T01:21:35.740+0000] {dag.py:2726} INFO - Sync 1 DAGs
[2026-03-03T01:21:35.754+0000] {logging_mixin.py:149} INFO - [2026-03-03T01:21:35.754+0000] {dag.py:3490} INFO - Setting next_dagrun for example_sensors to None, run_after=None
[2026-03-03T01:21:35.764+0000] {processor.py:178} INFO - Processing /home/airflow/.local/lib/python3.7/site-packages/airflow/example_dags/example_sensors.py took 0.048 seconds
[2026-03-03T01:22:06.588+0000] {processor.py:156} INFO - Started process (PID=1857) to work on /home/airflow/.local/lib/python3.7/site-packages/airflow/example_dags/example_sensors.py
[2026-03-03T01:22:06.590+0000] {processor.py:799} INFO - Processing file /home/airflow/.local/lib/python3.7/site-packages/airflow/example_dags/example_sensors.py for tasks to queue
[2026-03-03T01:22:06.592+0000] {logging_mixin.py:149} INFO - [2026-03-03T01:22:06.592+0000] {dagbag.py:541} INFO - Filling up the DagBag from /home/airflow/.local/lib/python3.7/site-packages/airflow/example_dags/example_sensors.py
[2026-03-03T01:22:06.615+0000] {processor.py:809} INFO - DAG(s) dict_keys(['example_sensors']) retrieved from /home/airflow/.local/lib/python3.7/site-packages/airflow/example_dags/example_sensors.py
[2026-03-03T01:22:06.689+0000] {logging_mixin.py:149} INFO - [2026-03-03T01:22:06.688+0000] {dag.py:2726} INFO - Sync 1 DAGs
[2026-03-03T01:22:06.760+0000] {logging_mixin.py:149} INFO - [2026-03-03T01:22:06.759+0000] {dag.py:3490} INFO - Setting next_dagrun for example_sensors to None, run_after=None
[2026-03-03T01:22:06.818+0000] {processor.py:178} INFO - Processing /home/airflow/.local/lib/python3.7/site-packages/airflow/example_dags/example_sensors.py took 0.239 seconds
[2026-03-03T01:22:37.543+0000] {processor.py:156} INFO - Started process (PID=1919) to work on /home/airflow/.local/lib/python3.7/site-packages/airflow/example_dags/example_sensors.py
[2026-03-03T01:22:37.545+0000] {processor.py:799} INFO - Processing file /home/airflow/.local/lib/python3.7/site-packages/airflow/example_dags/example_sensors.py for tasks to queue
[2026-03-03T01:22:37.548+0000] {logging_mixin.py:149} INFO - [2026-03-03T01:22:37.547+0000] {dagbag.py:541} INFO - Filling up the DagBag from /home/airflow/.local/lib/python3.7/site-packages/airflow/example_dags/example_sensors.py
[2026-03-03T01:22:37.578+0000] {processor.py:809} INFO - DAG(s) dict_keys(['example_sensors']) retrieved from /home/airflow/.local/lib/python3.7/site-packages/airflow/example_dags/example_sensors.py
[2026-03-03T01:22:37.667+0000] {logging_mixin.py:149} INFO - [2026-03-03T01:22:37.666+0000] {dag.py:2726} INFO - Sync 1 DAGs
[2026-03-03T01:22:37.749+0000] {logging_mixin.py:149} INFO - [2026-03-03T01:22:37.749+0000] {dag.py:3490} INFO - Setting next_dagrun for example_sensors to None, run_after=None
[2026-03-03T01:22:37.839+0000] {processor.py:178} INFO - Processing /home/airflow/.local/lib/python3.7/site-packages/airflow/example_dags/example_sensors.py took 0.305 seconds
[2026-03-03T01:23:08.231+0000] {processor.py:156} INFO - Started process (PID=1981) to work on /home/airflow/.local/lib/python3.7/site-packages/airflow/example_dags/example_sensors.py
[2026-03-03T01:23:08.236+0000] {processor.py:799} INFO - Processing file /home/airflow/.local/lib/python3.7/site-packages/airflow/example_dags/example_sensors.py for tasks to queue
[2026-03-03T01:23:08.240+0000] {logging_mixin.py:149} INFO - [2026-03-03T01:23:08.239+0000] {dagbag.py:541} INFO - Filling up the DagBag from /home/airflow/.local/lib/python3.7/site-packages/airflow/example_dags/example_sensors.py
[2026-03-03T01:23:08.273+0000] {processor.py:809} INFO - DAG(s) dict_keys(['example_sensors']) retrieved from /home/airflow/.local/lib/python3.7/site-packages/airflow/example_dags/example_sensors.py
[2026-03-03T01:23:08.397+0000] {logging_mixin.py:149} INFO - [2026-03-03T01:23:08.397+0000] {dag.py:2726} INFO - Sync 1 DAGs
[2026-03-03T01:23:08.488+0000] {logging_mixin.py:149} INFO - [2026-03-03T01:23:08.488+0000] {dag.py:3490} INFO - Setting next_dagrun for example_sensors to None, run_after=None
[2026-03-03T01:23:08.554+0000] {processor.py:178} INFO - Processing /home/airflow/.local/lib/python3.7/site-packages/airflow/example_dags/example_sensors.py took 0.333 seconds
[2026-03-03T01:23:38.814+0000] {processor.py:156} INFO - Started process (PID=2043) to work on /home/airflow/.local/lib/python3.7/site-packages/airflow/example_dags/example_sensors.py
[2026-03-03T01:23:38.817+0000] {processor.py:799} INFO - Processing file /home/airflow/.local/lib/python3.7/site-packages/airflow/example_dags/example_sensors.py for tasks to queue
[2026-03-03T01:23:38.819+0000] {logging_mixin.py:149} INFO - [2026-03-03T01:23:38.818+0000] {dagbag.py:541} INFO - Filling up the DagBag from /home/airflow/.local/lib/python3.7/site-packages/airflow/example_dags/example_sensors.py
[2026-03-03T01:23:38.845+0000] {processor.py:809} INFO - DAG(s) dict_keys(['example_sensors']) retrieved from /home/airflow/.local/lib/python3.7/site-packages/airflow/example_dags/example_sensors.py
[2026-03-03T01:23:38.921+0000] {logging_mixin.py:149} INFO - [2026-03-03T01:23:38.921+0000] {dag.py:2726} INFO - Sync 1 DAGs
[2026-03-03T01:23:38.999+0000] {logging_mixin.py:149} INFO - [2026-03-03T01:23:38.998+0000] {dag.py:3490} INFO - Setting next_dagrun for example_sensors to None, run_after=None
[2026-03-03T01:23:39.061+0000] {processor.py:178} INFO - Processing /home/airflow/.local/lib/python3.7/site-packages/airflow/example_dags/example_sensors.py took 0.256 seconds
[2026-03-03T01:24:09.170+0000] {processor.py:156} INFO - Started process (PID=2105) to work on /home/airflow/.local/lib/python3.7/site-packages/airflow/example_dags/example_sensors.py
[2026-03-03T01:24:09.173+0000] {processor.py:799} INFO - Processing file /home/airflow/.local/lib/python3.7/site-packages/airflow/example_dags/example_sensors.py for tasks to queue
[2026-03-03T01:24:09.176+0000] {logging_mixin.py:149} INFO - [2026-03-03T01:24:09.175+0000] {dagbag.py:541} INFO - Filling up the DagBag from /home/airflow/.local/lib/python3.7/site-packages/airflow/example_dags/example_sensors.py
[2026-03-03T01:24:09.206+0000] {processor.py:809} INFO - DAG(s) dict_keys(['example_sensors']) retrieved from /home/airflow/.local/lib/python3.7/site-packages/airflow/example_dags/example_sensors.py
[2026-03-03T01:24:09.286+0000] {logging_mixin.py:149} INFO - [2026-03-03T01:24:09.286+0000] {dag.py:2726} INFO - Sync 1 DAGs
[2026-03-03T01:24:09.356+0000] {logging_mixin.py:149} INFO - [2026-03-03T01:24:09.355+0000] {dag.py:3490} INFO - Setting next_dagrun for example_sensors to None, run_after=None
[2026-03-03T01:24:09.415+0000] {processor.py:178} INFO - Processing /home/airflow/.local/lib/python3.7/site-packages/airflow/example_dags/example_sensors.py took 0.254 seconds
[2026-03-03T01:24:39.973+0000] {processor.py:156} INFO - Started process (PID=2167) to work on /home/airflow/.local/lib/python3.7/site-packages/airflow/example_dags/example_sensors.py
[2026-03-03T01:24:39.973+0000] {processor.py:799} INFO - Processing file /home/airflow/.local/lib/python3.7/site-packages/airflow/example_dags/example_sensors.py for tasks to queue
[2026-03-03T01:24:39.973+0000] {logging_mixin.py:149} INFO - [2026-03-03T01:24:39.973+0000] {dagbag.py:541} INFO - Filling up the DagBag from /home/airflow/.local/lib/python3.7/site-packages/airflow/example_dags/example_sensors.py
[2026-03-03T01:24:39.978+0000] {processor.py:809} INFO - DAG(s) dict_keys(['example_sensors']) retrieved from /home/airflow/.local/lib/python3.7/site-packages/airflow/example_dags/example_sensors.py
[2026-03-03T01:24:39.990+0000] {logging_mixin.py:149} INFO - [2026-03-03T01:24:39.989+0000] {dag.py:2726} INFO - Sync 1 DAGs
[2026-03-03T01:24:40.000+0000] {logging_mixin.py:149} INFO - [2026-03-03T01:24:40.000+0000] {dag.py:3490} INFO - Setting next_dagrun for example_sensors to None, run_after=None
[2026-03-03T01:24:40.008+0000] {processor.py:178} INFO - Processing /home/airflow/.local/lib/python3.7/site-packages/airflow/example_dags/example_sensors.py took 0.037 seconds
[2026-03-03T01:25:10.283+0000] {processor.py:156} INFO - Started process (PID=2229) to work on /home/airflow/.local/lib/python3.7/site-packages/airflow/example_dags/example_sensors.py
[2026-03-03T01:25:10.284+0000] {processor.py:799} INFO - Processing file /home/airflow/.local/lib/python3.7/site-packages/airflow/example_dags/example_sensors.py for tasks to queue
[2026-03-03T01:25:10.284+0000] {logging_mixin.py:149} INFO - [2026-03-03T01:25:10.284+0000] {dagbag.py:541} INFO - Filling up the DagBag from /home/airflow/.local/lib/python3.7/site-packages/airflow/example_dags/example_sensors.py
[2026-03-03T01:25:10.290+0000] {processor.py:809} INFO - DAG(s) dict_keys(['example_sensors']) retrieved from /home/airflow/.local/lib/python3.7/site-packages/airflow/example_dags/example_sensors.py
[2026-03-03T01:25:10.314+0000] {logging_mixin.py:149} INFO - [2026-03-03T01:25:10.314+0000] {dag.py:2726} INFO - Sync 1 DAGs
[2026-03-03T01:25:10.329+0000] {logging_mixin.py:149} INFO - [2026-03-03T01:25:10.329+0000] {dag.py:3490} INFO - Setting next_dagrun for example_sensors to None, run_after=None
[2026-03-03T01:25:10.342+0000] {processor.py:178} INFO - Processing /home/airflow/.local/lib/python3.7/site-packages/airflow/example_dags/example_sensors.py took 0.061 seconds
[2026-03-03T01:25:40.602+0000] {processor.py:156} INFO - Started process (PID=2291) to work on /home/airflow/.local/lib/python3.7/site-packages/airflow/example_dags/example_sensors.py
[2026-03-03T01:25:40.603+0000] {processor.py:799} INFO - Processing file /home/airflow/.local/lib/python3.7/site-packages/airflow/example_dags/example_sensors.py for tasks to queue
[2026-03-03T01:25:40.603+0000] {logging_mixin.py:149} INFO - [2026-03-03T01:25:40.603+0000] {dagbag.py:541} INFO - Filling up the DagBag from /home/airflow/.local/lib/python3.7/site-packages/airflow/example_dags/example_sensors.py
[2026-03-03T01:25:40.609+0000] {processor.py:809} INFO - DAG(s) dict_keys(['example_sensors']) retrieved from /home/airflow/.local/lib/python3.7/site-packages/airflow/example_dags/example_sensors.py
[2026-03-03T01:25:40.624+0000] {logging_mixin.py:149} INFO - [2026-03-03T01:25:40.624+0000] {dag.py:2726} INFO - Sync 1 DAGs
[2026-03-03T01:25:40.637+0000] {logging_mixin.py:149} INFO - [2026-03-03T01:25:40.637+0000] {dag.py:3490} INFO - Setting next_dagrun for example_sensors to None, run_after=None
[2026-03-03T01:25:40.646+0000] {processor.py:178} INFO - Processing /home/airflow/.local/lib/python3.7/site-packages/airflow/example_dags/example_sensors.py took 0.046 seconds
[2026-03-03T01:26:11.234+0000] {processor.py:156} INFO - Started process (PID=2353) to work on /home/airflow/.local/lib/python3.7/site-packages/airflow/example_dags/example_sensors.py
[2026-03-03T01:26:11.234+0000] {processor.py:799} INFO - Processing file /home/airflow/.local/lib/python3.7/site-packages/airflow/example_dags/example_sensors.py for tasks to queue
[2026-03-03T01:26:11.234+0000] {logging_mixin.py:149} INFO - [2026-03-03T01:26:11.234+0000] {dagbag.py:541} INFO - Filling up the DagBag from /home/airflow/.local/lib/python3.7/site-packages/airflow/example_dags/example_sensors.py
[2026-03-03T01:26:11.239+0000] {processor.py:809} INFO - DAG(s) dict_keys(['example_sensors']) retrieved from /home/airflow/.local/lib/python3.7/site-packages/airflow/example_dags/example_sensors.py
[2026-03-03T01:26:11.253+0000] {logging_mixin.py:149} INFO - [2026-03-03T01:26:11.253+0000] {dag.py:2726} INFO - Sync 1 DAGs
[2026-03-03T01:26:11.267+0000] {logging_mixin.py:149} INFO - [2026-03-03T01:26:11.267+0000] {dag.py:3490} INFO - Setting next_dagrun for example_sensors to None, run_after=None
[2026-03-03T01:26:11.279+0000] {processor.py:178} INFO - Processing /home/airflow/.local/lib/python3.7/site-packages/airflow/example_dags/example_sensors.py took 0.048 seconds
[2026-03-03T01:26:41.875+0000] {processor.py:156} INFO - Started process (PID=2415) to work on /home/airflow/.local/lib/python3.7/site-packages/airflow/example_dags/example_sensors.py
[2026-03-03T01:26:41.876+0000] {processor.py:799} INFO - Processing file /home/airflow/.local/lib/python3.7/site-packages/airflow/example_dags/example_sensors.py for tasks to queue
[2026-03-03T01:26:41.876+0000] {logging_mixin.py:149} INFO - [2026-03-03T01:26:41.876+0000] {dagbag.py:541} INFO - Filling up the DagBag from /home/airflow/.local/lib/python3.7/site-packages/airflow/example_dags/example_sensors.py
[2026-03-03T01:26:41.881+0000] {processor.py:809} INFO - DAG(s) dict_keys(['example_sensors']) retrieved from /home/airflow/.local/lib/python3.7/site-packages/airflow/example_dags/example_sensors.py
[2026-03-03T01:26:41.896+0000] {logging_mixin.py:149} INFO - [2026-03-03T01:26:41.896+0000] {dag.py:2726} INFO - Sync 1 DAGs
[2026-03-03T01:26:41.908+0000] {logging_mixin.py:149} INFO - [2026-03-03T01:26:41.908+0000] {dag.py:3490} INFO - Setting next_dagrun for example_sensors to None, run_after=None
[2026-03-03T01:26:41.916+0000] {processor.py:178} INFO - Processing /home/airflow/.local/lib/python3.7/site-packages/airflow/example_dags/example_sensors.py took 0.044 seconds
[2026-03-03T01:27:12.728+0000] {processor.py:156} INFO - Started process (PID=2476) to work on /home/airflow/.local/lib/python3.7/site-packages/airflow/example_dags/example_sensors.py
[2026-03-03T01:27:12.728+0000] {processor.py:799} INFO - Processing file /home/airflow/.local/lib/python3.7/site-packages/airflow/example_dags/example_sensors.py for tasks to queue
[2026-03-03T01:27:12.728+0000] {logging_mixin.py:149} INFO - [2026-03-03T01:27:12.728+0000] {dagbag.py:541} INFO - Filling up the DagBag from /home/airflow/.local/lib/python3.7/site-packages/airflow/example_dags/example_sensors.py
[2026-03-03T01:27:12.734+0000] {processor.py:809} INFO - DAG(s) dict_keys(['example_sensors']) retrieved from /home/airflow/.local/lib/python3.7/site-packages/airflow/example_dags/example_sensors.py
[2026-03-03T01:27:12.750+0000] {logging_mixin.py:149} INFO - [2026-03-03T01:27:12.750+0000] {dag.py:2726} INFO - Sync 1 DAGs
[2026-03-03T01:27:12.761+0000] {logging_mixin.py:149} INFO - [2026-03-03T01:27:12.761+0000] {dag.py:3490} INFO - Setting next_dagrun for example_sensors to None, run_after=None
[2026-03-03T01:27:12.769+0000] {processor.py:178} INFO - Processing /home/airflow/.local/lib/python3.7/site-packages/airflow/example_dags/example_sensors.py took 0.042 seconds
[2026-03-03T01:27:43.346+0000] {processor.py:156} INFO - Started process (PID=2538) to work on /home/airflow/.local/lib/python3.7/site-packages/airflow/example_dags/example_sensors.py
[2026-03-03T01:27:43.349+0000] {processor.py:799} INFO - Processing file /home/airflow/.local/lib/python3.7/site-packages/airflow/example_dags/example_sensors.py for tasks to queue
[2026-03-03T01:27:43.353+0000] {logging_mixin.py:149} INFO - [2026-03-03T01:27:43.353+0000] {dagbag.py:541} INFO - Filling up the DagBag from /home/airflow/.local/lib/python3.7/site-packages/airflow/example_dags/example_sensors.py
[2026-03-03T01:27:43.376+0000] {processor.py:809} INFO - DAG(s) dict_keys(['example_sensors']) retrieved from /home/airflow/.local/lib/python3.7/site-packages/airflow/example_dags/example_sensors.py
[2026-03-03T01:27:43.449+0000] {logging_mixin.py:149} INFO - [2026-03-03T01:27:43.448+0000] {dag.py:2726} INFO - Sync 1 DAGs
[2026-03-03T01:27:43.528+0000] {logging_mixin.py:149} INFO - [2026-03-03T01:27:43.527+0000] {dag.py:3490} INFO - Setting next_dagrun for example_sensors to None, run_after=None
[2026-03-03T01:27:43.587+0000] {processor.py:178} INFO - Processing /home/airflow/.local/lib/python3.7/site-packages/airflow/example_dags/example_sensors.py took 0.248 seconds
[2026-03-03T01:28:14.203+0000] {processor.py:156} INFO - Started process (PID=2600) to work on /home/airflow/.local/lib/python3.7/site-packages/airflow/example_dags/example_sensors.py
[2026-03-03T01:28:14.204+0000] {processor.py:799} INFO - Processing file /home/airflow/.local/lib/python3.7/site-packages/airflow/example_dags/example_sensors.py for tasks to queue
[2026-03-03T01:28:14.205+0000] {logging_mixin.py:149} INFO - [2026-03-03T01:28:14.205+0000] {dagbag.py:541} INFO - Filling up the DagBag from /home/airflow/.local/lib/python3.7/site-packages/airflow/example_dags/example_sensors.py
[2026-03-03T01:28:14.211+0000] {processor.py:809} INFO - DAG(s) dict_keys(['example_sensors']) retrieved from /home/airflow/.local/lib/python3.7/site-packages/airflow/example_dags/example_sensors.py
[2026-03-03T01:28:14.229+0000] {logging_mixin.py:149} INFO - [2026-03-03T01:28:14.229+0000] {dag.py:2726} INFO - Sync 1 DAGs
[2026-03-03T01:28:14.241+0000] {logging_mixin.py:149} INFO - [2026-03-03T01:28:14.241+0000] {dag.py:3490} INFO - Setting next_dagrun for example_sensors to None, run_after=None
[2026-03-03T01:28:14.254+0000] {processor.py:178} INFO - Processing /home/airflow/.local/lib/python3.7/site-packages/airflow/example_dags/example_sensors.py took 0.054 seconds
[2026-03-03T01:28:45.577+0000] {processor.py:156} INFO - Started process (PID=2669) to work on /home/airflow/.local/lib/python3.7/site-packages/airflow/example_dags/example_sensors.py
[2026-03-03T01:28:45.580+0000] {processor.py:799} INFO - Processing file /home/airflow/.local/lib/python3.7/site-packages/airflow/example_dags/example_sensors.py for tasks to queue
[2026-03-03T01:28:45.583+0000] {logging_mixin.py:149} INFO - [2026-03-03T01:28:45.582+0000] {dagbag.py:541} INFO - Filling up the DagBag from /home/airflow/.local/lib/python3.7/site-packages/airflow/example_dags/example_sensors.py
[2026-03-03T01:28:45.609+0000] {processor.py:809} INFO - DAG(s) dict_keys(['example_sensors']) retrieved from /home/airflow/.local/lib/python3.7/site-packages/airflow/example_dags/example_sensors.py
[2026-03-03T01:28:45.681+0000] {logging_mixin.py:149} INFO - [2026-03-03T01:28:45.681+0000] {dag.py:2726} INFO - Sync 1 DAGs
[2026-03-03T01:28:45.756+0000] {logging_mixin.py:149} INFO - [2026-03-03T01:28:45.755+0000] {dag.py:3490} INFO - Setting next_dagrun for example_sensors to None, run_after=None
[2026-03-03T01:28:45.828+0000] {processor.py:178} INFO - Processing /home/airflow/.local/lib/python3.7/site-packages/airflow/example_dags/example_sensors.py took 0.257 seconds
[2026-03-03T01:29:16.150+0000] {processor.py:156} INFO - Started process (PID=2731) to work on /home/airflow/.local/lib/python3.7/site-packages/airflow/example_dags/example_sensors.py
[2026-03-03T01:29:16.151+0000] {processor.py:799} INFO - Processing file /home/airflow/.local/lib/python3.7/site-packages/airflow/example_dags/example_sensors.py for tasks to queue
[2026-03-03T01:29:16.151+0000] {logging_mixin.py:149} INFO - [2026-03-03T01:29:16.151+0000] {dagbag.py:541} INFO - Filling up the DagBag from /home/airflow/.local/lib/python3.7/site-packages/airflow/example_dags/example_sensors.py
[2026-03-03T01:29:16.160+0000] {processor.py:809} INFO - DAG(s) dict_keys(['example_sensors']) retrieved from /home/airflow/.local/lib/python3.7/site-packages/airflow/example_dags/example_sensors.py
[2026-03-03T01:29:16.178+0000] {logging_mixin.py:149} INFO - [2026-03-03T01:29:16.178+0000] {dag.py:2726} INFO - Sync 1 DAGs
[2026-03-03T01:29:16.195+0000] {logging_mixin.py:149} INFO - [2026-03-03T01:29:16.194+0000] {dag.py:3490} INFO - Setting next_dagrun for example_sensors to None, run_after=None
[2026-03-03T01:29:16.206+0000] {processor.py:178} INFO - Processing /home/airflow/.local/lib/python3.7/site-packages/airflow/example_dags/example_sensors.py took 0.058 seconds
[2026-03-03T01:29:46.423+0000] {processor.py:156} INFO - Started process (PID=2792) to work on /home/airflow/.local/lib/python3.7/site-packages/airflow/example_dags/example_sensors.py
[2026-03-03T01:29:46.424+0000] {processor.py:799} INFO - Processing file /home/airflow/.local/lib/python3.7/site-packages/airflow/example_dags/example_sensors.py for tasks to queue
[2026-03-03T01:29:46.425+0000] {logging_mixin.py:149} INFO - [2026-03-03T01:29:46.425+0000] {dagbag.py:541} INFO - Filling up the DagBag from /home/airflow/.local/lib/python3.7/site-packages/airflow/example_dags/example_sensors.py
[2026-03-03T01:29:46.430+0000] {processor.py:809} INFO - DAG(s) dict_keys(['example_sensors']) retrieved from /home/airflow/.local/lib/python3.7/site-packages/airflow/example_dags/example_sensors.py
[2026-03-03T01:29:46.444+0000] {logging_mixin.py:149} INFO - [2026-03-03T01:29:46.444+0000] {dag.py:2726} INFO - Sync 1 DAGs
[2026-03-03T01:29:46.456+0000] {logging_mixin.py:149} INFO - [2026-03-03T01:29:46.455+0000] {dag.py:3490} INFO - Setting next_dagrun for example_sensors to None, run_after=None
[2026-03-03T01:29:46.467+0000] {processor.py:178} INFO - Processing /home/airflow/.local/lib/python3.7/site-packages/airflow/example_dags/example_sensors.py took 0.046 seconds
[2026-03-03T01:30:17.605+0000] {processor.py:156} INFO - Started process (PID=2854) to work on /home/airflow/.local/lib/python3.7/site-packages/airflow/example_dags/example_sensors.py
[2026-03-03T01:30:17.607+0000] {processor.py:799} INFO - Processing file /home/airflow/.local/lib/python3.7/site-packages/airflow/example_dags/example_sensors.py for tasks to queue
[2026-03-03T01:30:17.609+0000] {logging_mixin.py:149} INFO - [2026-03-03T01:30:17.609+0000] {dagbag.py:541} INFO - Filling up the DagBag from /home/airflow/.local/lib/python3.7/site-packages/airflow/example_dags/example_sensors.py
[2026-03-03T01:30:17.631+0000] {processor.py:809} INFO - DAG(s) dict_keys(['example_sensors']) retrieved from /home/airflow/.local/lib/python3.7/site-packages/airflow/example_dags/example_sensors.py
[2026-03-03T01:30:17.706+0000] {logging_mixin.py:149} INFO - [2026-03-03T01:30:17.705+0000] {dag.py:2726} INFO - Sync 1 DAGs
[2026-03-03T01:30:17.787+0000] {logging_mixin.py:149} INFO - [2026-03-03T01:30:17.786+0000] {dag.py:3490} INFO - Setting next_dagrun for example_sensors to None, run_after=None
[2026-03-03T01:30:17.851+0000] {processor.py:178} INFO - Processing /home/airflow/.local/lib/python3.7/site-packages/airflow/example_dags/example_sensors.py took 0.254 seconds
[2026-03-03T01:30:48.408+0000] {processor.py:156} INFO - Started process (PID=2916) to work on /home/airflow/.local/lib/python3.7/site-packages/airflow/example_dags/example_sensors.py
[2026-03-03T01:30:48.411+0000] {processor.py:799} INFO - Processing file /home/airflow/.local/lib/python3.7/site-packages/airflow/example_dags/example_sensors.py for tasks to queue
[2026-03-03T01:30:48.412+0000] {logging_mixin.py:149} INFO - [2026-03-03T01:30:48.411+0000] {dagbag.py:541} INFO - Filling up the DagBag from /home/airflow/.local/lib/python3.7/site-packages/airflow/example_dags/example_sensors.py
[2026-03-03T01:30:48.422+0000] {processor.py:809} INFO - DAG(s) dict_keys(['example_sensors']) retrieved from /home/airflow/.local/lib/python3.7/site-packages/airflow/example_dags/example_sensors.py
[2026-03-03T01:30:48.451+0000] {logging_mixin.py:149} INFO - [2026-03-03T01:30:48.451+0000] {dag.py:2726} INFO - Sync 1 DAGs
[2026-03-03T01:30:48.468+0000] {logging_mixin.py:149} INFO - [2026-03-03T01:30:48.468+0000] {dag.py:3490} INFO - Setting next_dagrun for example_sensors to None, run_after=None
[2026-03-03T01:30:48.484+0000] {processor.py:178} INFO - Processing /home/airflow/.local/lib/python3.7/site-packages/airflow/example_dags/example_sensors.py took 0.079 seconds
[2026-03-03T01:31:19.074+0000] {processor.py:156} INFO - Started process (PID=2978) to work on /home/airflow/.local/lib/python3.7/site-packages/airflow/example_dags/example_sensors.py
[2026-03-03T01:31:19.075+0000] {processor.py:799} INFO - Processing file /home/airflow/.local/lib/python3.7/site-packages/airflow/example_dags/example_sensors.py for tasks to queue
[2026-03-03T01:31:19.075+0000] {logging_mixin.py:149} INFO - [2026-03-03T01:31:19.075+0000] {dagbag.py:541} INFO - Filling up the DagBag from /home/airflow/.local/lib/python3.7/site-packages/airflow/example_dags/example_sensors.py
[2026-03-03T01:31:19.081+0000] {processor.py:809} INFO - DAG(s) dict_keys(['example_sensors']) retrieved from /home/airflow/.local/lib/python3.7/site-packages/airflow/example_dags/example_sensors.py
[2026-03-03T01:31:19.099+0000] {logging_mixin.py:149} INFO - [2026-03-03T01:31:19.099+0000] {dag.py:2726} INFO - Sync 1 DAGs
[2026-03-03T01:31:19.118+0000] {logging_mixin.py:149} INFO - [2026-03-03T01:31:19.117+0000] {dag.py:3490} INFO - Setting next_dagrun for example_sensors to None, run_after=None
[2026-03-03T01:31:19.136+0000] {processor.py:178} INFO - Processing /home/airflow/.local/lib/python3.7/site-packages/airflow/example_dags/example_sensors.py took 0.064 seconds
