[2026-03-03T00:56:04.729+0000] {processor.py:156} INFO - Started process (PID=66) to work on /home/airflow/.local/lib/python3.7/site-packages/airflow/example_dags/example_params_trigger_ui.py
[2026-03-03T00:56:04.730+0000] {processor.py:799} INFO - Processing file /home/airflow/.local/lib/python3.7/site-packages/airflow/example_dags/example_params_trigger_ui.py for tasks to queue
[2026-03-03T00:56:04.731+0000] {logging_mixin.py:149} INFO - [2026-03-03T00:56:04.731+0000] {dagbag.py:541} INFO - Filling up the DagBag from /home/airflow/.local/lib/python3.7/site-packages/airflow/example_dags/example_params_trigger_ui.py
[2026-03-03T00:56:04.760+0000] {processor.py:809} INFO - DAG(s) dict_keys(['example_params_trigger_ui']) retrieved from /home/airflow/.local/lib/python3.7/site-packages/airflow/example_dags/example_params_trigger_ui.py
[2026-03-03T00:56:04.780+0000] {logging_mixin.py:149} INFO - [2026-03-03T00:56:04.780+0000] {dag.py:2726} INFO - Sync 1 DAGs
[2026-03-03T00:56:04.806+0000] {logging_mixin.py:149} INFO - [2026-03-03T00:56:04.806+0000] {dag.py:3490} INFO - Setting next_dagrun for example_params_trigger_ui to None, run_after=None
[2026-03-03T00:56:04.833+0000] {processor.py:178} INFO - Processing /home/airflow/.local/lib/python3.7/site-packages/airflow/example_dags/example_params_trigger_ui.py took 0.106 seconds
[2026-03-03T00:56:37.073+0000] {processor.py:156} INFO - Started process (PID=128) to work on /home/airflow/.local/lib/python3.7/site-packages/airflow/example_dags/example_params_trigger_ui.py
[2026-03-03T00:56:37.074+0000] {processor.py:799} INFO - Processing file /home/airflow/.local/lib/python3.7/site-packages/airflow/example_dags/example_params_trigger_ui.py for tasks to queue
[2026-03-03T00:56:37.074+0000] {logging_mixin.py:149} INFO - [2026-03-03T00:56:37.074+0000] {dagbag.py:541} INFO - Filling up the DagBag from /home/airflow/.local/lib/python3.7/site-packages/airflow/example_dags/example_params_trigger_ui.py
[2026-03-03T00:56:37.083+0000] {processor.py:809} INFO - DAG(s) dict_keys(['example_params_trigger_ui']) retrieved from /home/airflow/.local/lib/python3.7/site-packages/airflow/example_dags/example_params_trigger_ui.py
[2026-03-03T00:56:37.119+0000] {logging_mixin.py:149} INFO - [2026-03-03T00:56:37.119+0000] {dag.py:2726} INFO - Sync 1 DAGs
[2026-03-03T00:56:37.132+0000] {logging_mixin.py:149} INFO - [2026-03-03T00:56:37.132+0000] {dag.py:3490} INFO - Setting next_dagrun for example_params_trigger_ui to None, run_after=None
[2026-03-03T00:56:37.141+0000] {processor.py:178} INFO - Processing /home/airflow/.local/lib/python3.7/site-packages/airflow/example_dags/example_params_trigger_ui.py took 0.069 seconds
[2026-03-03T00:57:08.032+0000] {processor.py:156} INFO - Started process (PID=190) to work on /home/airflow/.local/lib/python3.7/site-packages/airflow/example_dags/example_params_trigger_ui.py
[2026-03-03T00:57:08.033+0000] {processor.py:799} INFO - Processing file /home/airflow/.local/lib/python3.7/site-packages/airflow/example_dags/example_params_trigger_ui.py for tasks to queue
[2026-03-03T00:57:08.033+0000] {logging_mixin.py:149} INFO - [2026-03-03T00:57:08.033+0000] {dagbag.py:541} INFO - Filling up the DagBag from /home/airflow/.local/lib/python3.7/site-packages/airflow/example_dags/example_params_trigger_ui.py
[2026-03-03T00:57:08.047+0000] {processor.py:809} INFO - DAG(s) dict_keys(['example_params_trigger_ui']) retrieved from /home/airflow/.local/lib/python3.7/site-packages/airflow/example_dags/example_params_trigger_ui.py
[2026-03-03T00:57:08.083+0000] {logging_mixin.py:149} INFO - [2026-03-03T00:57:08.083+0000] {dag.py:2726} INFO - Sync 1 DAGs
[2026-03-03T00:57:08.097+0000] {logging_mixin.py:149} INFO - [2026-03-03T00:57:08.097+0000] {dag.py:3490} INFO - Setting next_dagrun for example_params_trigger_ui to None, run_after=None
[2026-03-03T00:57:08.106+0000] {processor.py:178} INFO - Processing /home/airflow/.local/lib/python3.7/site-packages/airflow/example_dags/example_params_trigger_ui.py took 0.075 seconds
[2026-03-03T00:57:38.942+0000] {processor.py:156} INFO - Started process (PID=252) to work on /home/airflow/.local/lib/python3.7/site-packages/airflow/example_dags/example_params_trigger_ui.py
[2026-03-03T00:57:38.943+0000] {processor.py:799} INFO - Processing file /home/airflow/.local/lib/python3.7/site-packages/airflow/example_dags/example_params_trigger_ui.py for tasks to queue
[2026-03-03T00:57:38.944+0000] {logging_mixin.py:149} INFO - [2026-03-03T00:57:38.944+0000] {dagbag.py:541} INFO - Filling up the DagBag from /home/airflow/.local/lib/python3.7/site-packages/airflow/example_dags/example_params_trigger_ui.py
[2026-03-03T00:57:38.955+0000] {processor.py:809} INFO - DAG(s) dict_keys(['example_params_trigger_ui']) retrieved from /home/airflow/.local/lib/python3.7/site-packages/airflow/example_dags/example_params_trigger_ui.py
[2026-03-03T00:57:39.005+0000] {logging_mixin.py:149} INFO - [2026-03-03T00:57:39.005+0000] {dag.py:2726} INFO - Sync 1 DAGs
[2026-03-03T00:57:39.026+0000] {logging_mixin.py:149} INFO - [2026-03-03T00:57:39.026+0000] {dag.py:3490} INFO - Setting next_dagrun for example_params_trigger_ui to None, run_after=None
[2026-03-03T00:57:39.040+0000] {processor.py:178} INFO - Processing /home/airflow/.local/lib/python3.7/site-packages/airflow/example_dags/example_params_trigger_ui.py took 0.100 seconds
[2026-03-03T00:58:09.292+0000] {processor.py:156} INFO - Started process (PID=314) to work on /home/airflow/.local/lib/python3.7/site-packages/airflow/example_dags/example_params_trigger_ui.py
[2026-03-03T00:58:09.293+0000] {processor.py:799} INFO - Processing file /home/airflow/.local/lib/python3.7/site-packages/airflow/example_dags/example_params_trigger_ui.py for tasks to queue
[2026-03-03T00:58:09.293+0000] {logging_mixin.py:149} INFO - [2026-03-03T00:58:09.293+0000] {dagbag.py:541} INFO - Filling up the DagBag from /home/airflow/.local/lib/python3.7/site-packages/airflow/example_dags/example_params_trigger_ui.py
[2026-03-03T00:58:09.307+0000] {processor.py:809} INFO - DAG(s) dict_keys(['example_params_trigger_ui']) retrieved from /home/airflow/.local/lib/python3.7/site-packages/airflow/example_dags/example_params_trigger_ui.py
[2026-03-03T00:58:09.353+0000] {logging_mixin.py:149} INFO - [2026-03-03T00:58:09.353+0000] {dag.py:2726} INFO - Sync 1 DAGs
[2026-03-03T00:58:09.373+0000] {logging_mixin.py:149} INFO - [2026-03-03T00:58:09.373+0000] {dag.py:3490} INFO - Setting next_dagrun for example_params_trigger_ui to None, run_after=None
[2026-03-03T00:58:09.386+0000] {processor.py:178} INFO - Processing /home/airflow/.local/lib/python3.7/site-packages/airflow/example_dags/example_params_trigger_ui.py took 0.096 seconds
[2026-03-03T00:58:40.180+0000] {processor.py:156} INFO - Started process (PID=376) to work on /home/airflow/.local/lib/python3.7/site-packages/airflow/example_dags/example_params_trigger_ui.py
[2026-03-03T00:58:40.180+0000] {processor.py:799} INFO - Processing file /home/airflow/.local/lib/python3.7/site-packages/airflow/example_dags/example_params_trigger_ui.py for tasks to queue
[2026-03-03T00:58:40.180+0000] {logging_mixin.py:149} INFO - [2026-03-03T00:58:40.180+0000] {dagbag.py:541} INFO - Filling up the DagBag from /home/airflow/.local/lib/python3.7/site-packages/airflow/example_dags/example_params_trigger_ui.py
[2026-03-03T00:58:40.191+0000] {processor.py:809} INFO - DAG(s) dict_keys(['example_params_trigger_ui']) retrieved from /home/airflow/.local/lib/python3.7/site-packages/airflow/example_dags/example_params_trigger_ui.py
[2026-03-03T00:58:40.231+0000] {logging_mixin.py:149} INFO - [2026-03-03T00:58:40.231+0000] {dag.py:2726} INFO - Sync 1 DAGs
[2026-03-03T00:58:40.243+0000] {logging_mixin.py:149} INFO - [2026-03-03T00:58:40.242+0000] {dag.py:3490} INFO - Setting next_dagrun for example_params_trigger_ui to None, run_after=None
[2026-03-03T00:58:40.250+0000] {processor.py:178} INFO - Processing /home/airflow/.local/lib/python3.7/site-packages/airflow/example_dags/example_params_trigger_ui.py took 0.072 seconds
[2026-03-03T00:59:11.298+0000] {processor.py:156} INFO - Started process (PID=438) to work on /home/airflow/.local/lib/python3.7/site-packages/airflow/example_dags/example_params_trigger_ui.py
[2026-03-03T00:59:11.298+0000] {processor.py:799} INFO - Processing file /home/airflow/.local/lib/python3.7/site-packages/airflow/example_dags/example_params_trigger_ui.py for tasks to queue
[2026-03-03T00:59:11.299+0000] {logging_mixin.py:149} INFO - [2026-03-03T00:59:11.299+0000] {dagbag.py:541} INFO - Filling up the DagBag from /home/airflow/.local/lib/python3.7/site-packages/airflow/example_dags/example_params_trigger_ui.py
[2026-03-03T00:59:11.309+0000] {processor.py:809} INFO - DAG(s) dict_keys(['example_params_trigger_ui']) retrieved from /home/airflow/.local/lib/python3.7/site-packages/airflow/example_dags/example_params_trigger_ui.py
[2026-03-03T00:59:11.351+0000] {logging_mixin.py:149} INFO - [2026-03-03T00:59:11.351+0000] {dag.py:2726} INFO - Sync 1 DAGs
[2026-03-03T00:59:11.362+0000] {logging_mixin.py:149} INFO - [2026-03-03T00:59:11.362+0000] {dag.py:3490} INFO - Setting next_dagrun for example_params_trigger_ui to None, run_after=None
[2026-03-03T00:59:11.373+0000] {processor.py:178} INFO - Processing /home/airflow/.local/lib/python3.7/site-packages/airflow/example_dags/example_params_trigger_ui.py took 0.076 seconds
[2026-03-03T00:59:42.053+0000] {processor.py:156} INFO - Started process (PID=500) to work on /home/airflow/.local/lib/python3.7/site-packages/airflow/example_dags/example_params_trigger_ui.py
[2026-03-03T00:59:42.053+0000] {processor.py:799} INFO - Processing file /home/airflow/.local/lib/python3.7/site-packages/airflow/example_dags/example_params_trigger_ui.py for tasks to queue
[2026-03-03T00:59:42.054+0000] {logging_mixin.py:149} INFO - [2026-03-03T00:59:42.054+0000] {dagbag.py:541} INFO - Filling up the DagBag from /home/airflow/.local/lib/python3.7/site-packages/airflow/example_dags/example_params_trigger_ui.py
[2026-03-03T00:59:42.065+0000] {processor.py:809} INFO - DAG(s) dict_keys(['example_params_trigger_ui']) retrieved from /home/airflow/.local/lib/python3.7/site-packages/airflow/example_dags/example_params_trigger_ui.py
[2026-03-03T00:59:42.107+0000] {logging_mixin.py:149} INFO - [2026-03-03T00:59:42.107+0000] {dag.py:2726} INFO - Sync 1 DAGs
[2026-03-03T00:59:42.121+0000] {logging_mixin.py:149} INFO - [2026-03-03T00:59:42.121+0000] {dag.py:3490} INFO - Setting next_dagrun for example_params_trigger_ui to None, run_after=None
[2026-03-03T00:59:42.134+0000] {processor.py:178} INFO - Processing /home/airflow/.local/lib/python3.7/site-packages/airflow/example_dags/example_params_trigger_ui.py took 0.083 seconds
[2026-03-03T01:00:13.305+0000] {processor.py:156} INFO - Started process (PID=562) to work on /home/airflow/.local/lib/python3.7/site-packages/airflow/example_dags/example_params_trigger_ui.py
[2026-03-03T01:00:13.308+0000] {processor.py:799} INFO - Processing file /home/airflow/.local/lib/python3.7/site-packages/airflow/example_dags/example_params_trigger_ui.py for tasks to queue
[2026-03-03T01:00:13.311+0000] {logging_mixin.py:149} INFO - [2026-03-03T01:00:13.310+0000] {dagbag.py:541} INFO - Filling up the DagBag from /home/airflow/.local/lib/python3.7/site-packages/airflow/example_dags/example_params_trigger_ui.py
[2026-03-03T01:00:13.365+0000] {processor.py:809} INFO - DAG(s) dict_keys(['example_params_trigger_ui']) retrieved from /home/airflow/.local/lib/python3.7/site-packages/airflow/example_dags/example_params_trigger_ui.py
[2026-03-03T01:00:13.587+0000] {logging_mixin.py:149} INFO - [2026-03-03T01:00:13.586+0000] {dag.py:2726} INFO - Sync 1 DAGs
[2026-03-03T01:00:13.666+0000] {logging_mixin.py:149} INFO - [2026-03-03T01:00:13.666+0000] {dag.py:3490} INFO - Setting next_dagrun for example_params_trigger_ui to None, run_after=None
[2026-03-03T01:00:13.723+0000] {processor.py:178} INFO - Processing /home/airflow/.local/lib/python3.7/site-packages/airflow/example_dags/example_params_trigger_ui.py took 0.425 seconds
[2026-03-03T01:00:44.559+0000] {processor.py:156} INFO - Started process (PID=624) to work on /home/airflow/.local/lib/python3.7/site-packages/airflow/example_dags/example_params_trigger_ui.py
[2026-03-03T01:00:44.561+0000] {processor.py:799} INFO - Processing file /home/airflow/.local/lib/python3.7/site-packages/airflow/example_dags/example_params_trigger_ui.py for tasks to queue
[2026-03-03T01:00:44.563+0000] {logging_mixin.py:149} INFO - [2026-03-03T01:00:44.562+0000] {dagbag.py:541} INFO - Filling up the DagBag from /home/airflow/.local/lib/python3.7/site-packages/airflow/example_dags/example_params_trigger_ui.py
[2026-03-03T01:00:44.613+0000] {processor.py:809} INFO - DAG(s) dict_keys(['example_params_trigger_ui']) retrieved from /home/airflow/.local/lib/python3.7/site-packages/airflow/example_dags/example_params_trigger_ui.py
[2026-03-03T01:00:44.818+0000] {logging_mixin.py:149} INFO - [2026-03-03T01:00:44.818+0000] {dag.py:2726} INFO - Sync 1 DAGs
[2026-03-03T01:00:44.894+0000] {logging_mixin.py:149} INFO - [2026-03-03T01:00:44.893+0000] {dag.py:3490} INFO - Setting next_dagrun for example_params_trigger_ui to None, run_after=None
[2026-03-03T01:00:44.970+0000] {processor.py:178} INFO - Processing /home/airflow/.local/lib/python3.7/site-packages/airflow/example_dags/example_params_trigger_ui.py took 0.418 seconds
[2026-03-03T01:01:15.898+0000] {processor.py:156} INFO - Started process (PID=686) to work on /home/airflow/.local/lib/python3.7/site-packages/airflow/example_dags/example_params_trigger_ui.py
[2026-03-03T01:01:15.901+0000] {processor.py:799} INFO - Processing file /home/airflow/.local/lib/python3.7/site-packages/airflow/example_dags/example_params_trigger_ui.py for tasks to queue
[2026-03-03T01:01:15.902+0000] {logging_mixin.py:149} INFO - [2026-03-03T01:01:15.902+0000] {dagbag.py:541} INFO - Filling up the DagBag from /home/airflow/.local/lib/python3.7/site-packages/airflow/example_dags/example_params_trigger_ui.py
[2026-03-03T01:01:15.922+0000] {processor.py:809} INFO - DAG(s) dict_keys(['example_params_trigger_ui']) retrieved from /home/airflow/.local/lib/python3.7/site-packages/airflow/example_dags/example_params_trigger_ui.py
[2026-03-03T01:01:15.963+0000] {logging_mixin.py:149} INFO - [2026-03-03T01:01:15.962+0000] {dag.py:2726} INFO - Sync 1 DAGs
[2026-03-03T01:01:15.978+0000] {logging_mixin.py:149} INFO - [2026-03-03T01:01:15.978+0000] {dag.py:3490} INFO - Setting next_dagrun for example_params_trigger_ui to None, run_after=None
[2026-03-03T01:01:15.987+0000] {processor.py:178} INFO - Processing /home/airflow/.local/lib/python3.7/site-packages/airflow/example_dags/example_params_trigger_ui.py took 0.094 seconds
[2026-03-03T01:01:46.654+0000] {processor.py:156} INFO - Started process (PID=748) to work on /home/airflow/.local/lib/python3.7/site-packages/airflow/example_dags/example_params_trigger_ui.py
[2026-03-03T01:01:46.655+0000] {processor.py:799} INFO - Processing file /home/airflow/.local/lib/python3.7/site-packages/airflow/example_dags/example_params_trigger_ui.py for tasks to queue
[2026-03-03T01:01:46.656+0000] {logging_mixin.py:149} INFO - [2026-03-03T01:01:46.656+0000] {dagbag.py:541} INFO - Filling up the DagBag from /home/airflow/.local/lib/python3.7/site-packages/airflow/example_dags/example_params_trigger_ui.py
[2026-03-03T01:01:46.672+0000] {processor.py:809} INFO - DAG(s) dict_keys(['example_params_trigger_ui']) retrieved from /home/airflow/.local/lib/python3.7/site-packages/airflow/example_dags/example_params_trigger_ui.py
[2026-03-03T01:01:46.718+0000] {logging_mixin.py:149} INFO - [2026-03-03T01:01:46.718+0000] {dag.py:2726} INFO - Sync 1 DAGs
[2026-03-03T01:01:46.731+0000] {logging_mixin.py:149} INFO - [2026-03-03T01:01:46.731+0000] {dag.py:3490} INFO - Setting next_dagrun for example_params_trigger_ui to None, run_after=None
[2026-03-03T01:01:46.751+0000] {processor.py:178} INFO - Processing /home/airflow/.local/lib/python3.7/site-packages/airflow/example_dags/example_params_trigger_ui.py took 0.102 seconds
[2026-03-03T01:02:17.480+0000] {processor.py:156} INFO - Started process (PID=810) to work on /home/airflow/.local/lib/python3.7/site-packages/airflow/example_dags/example_params_trigger_ui.py
[2026-03-03T01:02:17.480+0000] {processor.py:799} INFO - Processing file /home/airflow/.local/lib/python3.7/site-packages/airflow/example_dags/example_params_trigger_ui.py for tasks to queue
[2026-03-03T01:02:17.481+0000] {logging_mixin.py:149} INFO - [2026-03-03T01:02:17.481+0000] {dagbag.py:541} INFO - Filling up the DagBag from /home/airflow/.local/lib/python3.7/site-packages/airflow/example_dags/example_params_trigger_ui.py
[2026-03-03T01:02:17.495+0000] {processor.py:809} INFO - DAG(s) dict_keys(['example_params_trigger_ui']) retrieved from /home/airflow/.local/lib/python3.7/site-packages/airflow/example_dags/example_params_trigger_ui.py
[2026-03-03T01:02:17.529+0000] {logging_mixin.py:149} INFO - [2026-03-03T01:02:17.529+0000] {dag.py:2726} INFO - Sync 1 DAGs
[2026-03-03T01:02:17.541+0000] {logging_mixin.py:149} INFO - [2026-03-03T01:02:17.541+0000] {dag.py:3490} INFO - Setting next_dagrun for example_params_trigger_ui to None, run_after=None
[2026-03-03T01:02:17.551+0000] {processor.py:178} INFO - Processing /home/airflow/.local/lib/python3.7/site-packages/airflow/example_dags/example_params_trigger_ui.py took 0.074 seconds
[2026-03-03T01:02:48.216+0000] {processor.py:156} INFO - Started process (PID=872) to work on /home/airflow/.local/lib/python3.7/site-packages/airflow/example_dags/example_params_trigger_ui.py
[2026-03-03T01:02:48.217+0000] {processor.py:799} INFO - Processing file /home/airflow/.local/lib/python3.7/site-packages/airflow/example_dags/example_params_trigger_ui.py for tasks to queue
[2026-03-03T01:02:48.218+0000] {logging_mixin.py:149} INFO - [2026-03-03T01:02:48.218+0000] {dagbag.py:541} INFO - Filling up the DagBag from /home/airflow/.local/lib/python3.7/site-packages/airflow/example_dags/example_params_trigger_ui.py
[2026-03-03T01:02:48.238+0000] {processor.py:809} INFO - DAG(s) dict_keys(['example_params_trigger_ui']) retrieved from /home/airflow/.local/lib/python3.7/site-packages/airflow/example_dags/example_params_trigger_ui.py
[2026-03-03T01:02:48.278+0000] {logging_mixin.py:149} INFO - [2026-03-03T01:02:48.278+0000] {dag.py:2726} INFO - Sync 1 DAGs
[2026-03-03T01:02:48.294+0000] {logging_mixin.py:149} INFO - [2026-03-03T01:02:48.294+0000] {dag.py:3490} INFO - Setting next_dagrun for example_params_trigger_ui to None, run_after=None
[2026-03-03T01:02:48.305+0000] {processor.py:178} INFO - Processing /home/airflow/.local/lib/python3.7/site-packages/airflow/example_dags/example_params_trigger_ui.py took 0.092 seconds
[2026-03-03T01:03:18.981+0000] {processor.py:156} INFO - Started process (PID=934) to work on /home/airflow/.local/lib/python3.7/site-packages/airflow/example_dags/example_params_trigger_ui.py
[2026-03-03T01:03:18.982+0000] {processor.py:799} INFO - Processing file /home/airflow/.local/lib/python3.7/site-packages/airflow/example_dags/example_params_trigger_ui.py for tasks to queue
[2026-03-03T01:03:18.983+0000] {logging_mixin.py:149} INFO - [2026-03-03T01:03:18.983+0000] {dagbag.py:541} INFO - Filling up the DagBag from /home/airflow/.local/lib/python3.7/site-packages/airflow/example_dags/example_params_trigger_ui.py
[2026-03-03T01:03:19.004+0000] {processor.py:809} INFO - DAG(s) dict_keys(['example_params_trigger_ui']) retrieved from /home/airflow/.local/lib/python3.7/site-packages/airflow/example_dags/example_params_trigger_ui.py
[2026-03-03T01:03:19.043+0000] {logging_mixin.py:149} INFO - [2026-03-03T01:03:19.043+0000] {dag.py:2726} INFO - Sync 1 DAGs
[2026-03-03T01:03:19.056+0000] {logging_mixin.py:149} INFO - [2026-03-03T01:03:19.056+0000] {dag.py:3490} INFO - Setting next_dagrun for example_params_trigger_ui to None, run_after=None
[2026-03-03T01:03:19.067+0000] {processor.py:178} INFO - Processing /home/airflow/.local/lib/python3.7/site-packages/airflow/example_dags/example_params_trigger_ui.py took 0.089 seconds
[2026-03-03T01:03:49.783+0000] {processor.py:156} INFO - Started process (PID=996) to work on /home/airflow/.local/lib/python3.7/site-packages/airflow/example_dags/example_params_trigger_ui.py
[2026-03-03T01:03:49.785+0000] {processor.py:799} INFO - Processing file /home/airflow/.local/lib/python3.7/site-packages/airflow/example_dags/example_params_trigger_ui.py for tasks to queue
[2026-03-03T01:03:49.788+0000] {logging_mixin.py:149} INFO - [2026-03-03T01:03:49.787+0000] {dagbag.py:541} INFO - Filling up the DagBag from /home/airflow/.local/lib/python3.7/site-packages/airflow/example_dags/example_params_trigger_ui.py
[2026-03-03T01:03:49.803+0000] {processor.py:809} INFO - DAG(s) dict_keys(['example_params_trigger_ui']) retrieved from /home/airflow/.local/lib/python3.7/site-packages/airflow/example_dags/example_params_trigger_ui.py
[2026-03-03T01:03:49.846+0000] {logging_mixin.py:149} INFO - [2026-03-03T01:03:49.846+0000] {dag.py:2726} INFO - Sync 1 DAGs
[2026-03-03T01:03:49.868+0000] {logging_mixin.py:149} INFO - [2026-03-03T01:03:49.867+0000] {dag.py:3490} INFO - Setting next_dagrun for example_params_trigger_ui to None, run_after=None
[2026-03-03T01:03:49.880+0000] {processor.py:178} INFO - Processing /home/airflow/.local/lib/python3.7/site-packages/airflow/example_dags/example_params_trigger_ui.py took 0.102 seconds
[2026-03-03T01:04:20.468+0000] {processor.py:156} INFO - Started process (PID=1058) to work on /home/airflow/.local/lib/python3.7/site-packages/airflow/example_dags/example_params_trigger_ui.py
[2026-03-03T01:04:20.469+0000] {processor.py:799} INFO - Processing file /home/airflow/.local/lib/python3.7/site-packages/airflow/example_dags/example_params_trigger_ui.py for tasks to queue
[2026-03-03T01:04:20.471+0000] {logging_mixin.py:149} INFO - [2026-03-03T01:04:20.471+0000] {dagbag.py:541} INFO - Filling up the DagBag from /home/airflow/.local/lib/python3.7/site-packages/airflow/example_dags/example_params_trigger_ui.py
[2026-03-03T01:04:20.482+0000] {processor.py:809} INFO - DAG(s) dict_keys(['example_params_trigger_ui']) retrieved from /home/airflow/.local/lib/python3.7/site-packages/airflow/example_dags/example_params_trigger_ui.py
[2026-03-03T01:04:20.514+0000] {logging_mixin.py:149} INFO - [2026-03-03T01:04:20.514+0000] {dag.py:2726} INFO - Sync 1 DAGs
[2026-03-03T01:04:20.529+0000] {logging_mixin.py:149} INFO - [2026-03-03T01:04:20.529+0000] {dag.py:3490} INFO - Setting next_dagrun for example_params_trigger_ui to None, run_after=None
[2026-03-03T01:04:20.537+0000] {processor.py:178} INFO - Processing /home/airflow/.local/lib/python3.7/site-packages/airflow/example_dags/example_params_trigger_ui.py took 0.072 seconds
[2026-03-03T01:04:51.061+0000] {processor.py:156} INFO - Started process (PID=1120) to work on /home/airflow/.local/lib/python3.7/site-packages/airflow/example_dags/example_params_trigger_ui.py
[2026-03-03T01:04:51.062+0000] {processor.py:799} INFO - Processing file /home/airflow/.local/lib/python3.7/site-packages/airflow/example_dags/example_params_trigger_ui.py for tasks to queue
[2026-03-03T01:04:51.062+0000] {logging_mixin.py:149} INFO - [2026-03-03T01:04:51.062+0000] {dagbag.py:541} INFO - Filling up the DagBag from /home/airflow/.local/lib/python3.7/site-packages/airflow/example_dags/example_params_trigger_ui.py
[2026-03-03T01:04:51.082+0000] {processor.py:809} INFO - DAG(s) dict_keys(['example_params_trigger_ui']) retrieved from /home/airflow/.local/lib/python3.7/site-packages/airflow/example_dags/example_params_trigger_ui.py
[2026-03-03T01:04:51.122+0000] {logging_mixin.py:149} INFO - [2026-03-03T01:04:51.122+0000] {dag.py:2726} INFO - Sync 1 DAGs
[2026-03-03T01:04:51.137+0000] {logging_mixin.py:149} INFO - [2026-03-03T01:04:51.136+0000] {dag.py:3490} INFO - Setting next_dagrun for example_params_trigger_ui to None, run_after=None
[2026-03-03T01:04:51.148+0000] {processor.py:178} INFO - Processing /home/airflow/.local/lib/python3.7/site-packages/airflow/example_dags/example_params_trigger_ui.py took 0.091 seconds
[2026-03-03T01:05:21.868+0000] {processor.py:156} INFO - Started process (PID=1182) to work on /home/airflow/.local/lib/python3.7/site-packages/airflow/example_dags/example_params_trigger_ui.py
[2026-03-03T01:05:21.868+0000] {processor.py:799} INFO - Processing file /home/airflow/.local/lib/python3.7/site-packages/airflow/example_dags/example_params_trigger_ui.py for tasks to queue
[2026-03-03T01:05:21.869+0000] {logging_mixin.py:149} INFO - [2026-03-03T01:05:21.869+0000] {dagbag.py:541} INFO - Filling up the DagBag from /home/airflow/.local/lib/python3.7/site-packages/airflow/example_dags/example_params_trigger_ui.py
[2026-03-03T01:05:21.882+0000] {processor.py:809} INFO - DAG(s) dict_keys(['example_params_trigger_ui']) retrieved from /home/airflow/.local/lib/python3.7/site-packages/airflow/example_dags/example_params_trigger_ui.py
[2026-03-03T01:05:21.918+0000] {logging_mixin.py:149} INFO - [2026-03-03T01:05:21.918+0000] {dag.py:2726} INFO - Sync 1 DAGs
[2026-03-03T01:05:21.934+0000] {logging_mixin.py:149} INFO - [2026-03-03T01:05:21.934+0000] {dag.py:3490} INFO - Setting next_dagrun for example_params_trigger_ui to None, run_after=None
[2026-03-03T01:05:21.944+0000] {processor.py:178} INFO - Processing /home/airflow/.local/lib/python3.7/site-packages/airflow/example_dags/example_params_trigger_ui.py took 0.078 seconds
[2026-03-03T01:05:52.584+0000] {processor.py:156} INFO - Started process (PID=1244) to work on /home/airflow/.local/lib/python3.7/site-packages/airflow/example_dags/example_params_trigger_ui.py
[2026-03-03T01:05:52.585+0000] {processor.py:799} INFO - Processing file /home/airflow/.local/lib/python3.7/site-packages/airflow/example_dags/example_params_trigger_ui.py for tasks to queue
[2026-03-03T01:05:52.585+0000] {logging_mixin.py:149} INFO - [2026-03-03T01:05:52.585+0000] {dagbag.py:541} INFO - Filling up the DagBag from /home/airflow/.local/lib/python3.7/site-packages/airflow/example_dags/example_params_trigger_ui.py
[2026-03-03T01:05:52.596+0000] {processor.py:809} INFO - DAG(s) dict_keys(['example_params_trigger_ui']) retrieved from /home/airflow/.local/lib/python3.7/site-packages/airflow/example_dags/example_params_trigger_ui.py
[2026-03-03T01:05:52.628+0000] {logging_mixin.py:149} INFO - [2026-03-03T01:05:52.628+0000] {dag.py:2726} INFO - Sync 1 DAGs
[2026-03-03T01:05:52.640+0000] {logging_mixin.py:149} INFO - [2026-03-03T01:05:52.640+0000] {dag.py:3490} INFO - Setting next_dagrun for example_params_trigger_ui to None, run_after=None
[2026-03-03T01:05:52.649+0000] {processor.py:178} INFO - Processing /home/airflow/.local/lib/python3.7/site-packages/airflow/example_dags/example_params_trigger_ui.py took 0.067 seconds
[2026-03-03T01:06:23.068+0000] {processor.py:156} INFO - Started process (PID=1306) to work on /home/airflow/.local/lib/python3.7/site-packages/airflow/example_dags/example_params_trigger_ui.py
[2026-03-03T01:06:23.069+0000] {processor.py:799} INFO - Processing file /home/airflow/.local/lib/python3.7/site-packages/airflow/example_dags/example_params_trigger_ui.py for tasks to queue
[2026-03-03T01:06:23.070+0000] {logging_mixin.py:149} INFO - [2026-03-03T01:06:23.070+0000] {dagbag.py:541} INFO - Filling up the DagBag from /home/airflow/.local/lib/python3.7/site-packages/airflow/example_dags/example_params_trigger_ui.py
[2026-03-03T01:06:23.080+0000] {processor.py:809} INFO - DAG(s) dict_keys(['example_params_trigger_ui']) retrieved from /home/airflow/.local/lib/python3.7/site-packages/airflow/example_dags/example_params_trigger_ui.py
[2026-03-03T01:06:23.112+0000] {logging_mixin.py:149} INFO - [2026-03-03T01:06:23.112+0000] {dag.py:2726} INFO - Sync 1 DAGs
[2026-03-03T01:06:23.128+0000] {logging_mixin.py:149} INFO - [2026-03-03T01:06:23.128+0000] {dag.py:3490} INFO - Setting next_dagrun for example_params_trigger_ui to None, run_after=None
[2026-03-03T01:06:23.137+0000] {processor.py:178} INFO - Processing /home/airflow/.local/lib/python3.7/site-packages/airflow/example_dags/example_params_trigger_ui.py took 0.070 seconds
[2026-03-03T01:07:09.800+0000] {processor.py:156} INFO - Started process (PID=58) to work on /home/airflow/.local/lib/python3.7/site-packages/airflow/example_dags/example_params_trigger_ui.py
[2026-03-03T01:07:09.801+0000] {processor.py:799} INFO - Processing file /home/airflow/.local/lib/python3.7/site-packages/airflow/example_dags/example_params_trigger_ui.py for tasks to queue
[2026-03-03T01:07:09.803+0000] {logging_mixin.py:149} INFO - [2026-03-03T01:07:09.802+0000] {dagbag.py:541} INFO - Filling up the DagBag from /home/airflow/.local/lib/python3.7/site-packages/airflow/example_dags/example_params_trigger_ui.py
[2026-03-03T01:07:09.823+0000] {processor.py:809} INFO - DAG(s) dict_keys(['example_params_trigger_ui']) retrieved from /home/airflow/.local/lib/python3.7/site-packages/airflow/example_dags/example_params_trigger_ui.py
[2026-03-03T01:07:09.834+0000] {logging_mixin.py:149} INFO - [2026-03-03T01:07:09.833+0000] {dag.py:2726} INFO - Sync 1 DAGs
[2026-03-03T01:07:09.852+0000] {logging_mixin.py:149} INFO - [2026-03-03T01:07:09.852+0000] {dag.py:3490} INFO - Setting next_dagrun for example_params_trigger_ui to None, run_after=None
[2026-03-03T01:07:09.895+0000] {processor.py:178} INFO - Processing /home/airflow/.local/lib/python3.7/site-packages/airflow/example_dags/example_params_trigger_ui.py took 0.097 seconds
[2026-03-03T01:07:40.873+0000] {processor.py:156} INFO - Started process (PID=120) to work on /home/airflow/.local/lib/python3.7/site-packages/airflow/example_dags/example_params_trigger_ui.py
[2026-03-03T01:07:40.874+0000] {processor.py:799} INFO - Processing file /home/airflow/.local/lib/python3.7/site-packages/airflow/example_dags/example_params_trigger_ui.py for tasks to queue
[2026-03-03T01:07:40.875+0000] {logging_mixin.py:149} INFO - [2026-03-03T01:07:40.874+0000] {dagbag.py:541} INFO - Filling up the DagBag from /home/airflow/.local/lib/python3.7/site-packages/airflow/example_dags/example_params_trigger_ui.py
[2026-03-03T01:07:40.895+0000] {processor.py:809} INFO - DAG(s) dict_keys(['example_params_trigger_ui']) retrieved from /home/airflow/.local/lib/python3.7/site-packages/airflow/example_dags/example_params_trigger_ui.py
[2026-03-03T01:07:40.961+0000] {logging_mixin.py:149} INFO - [2026-03-03T01:07:40.961+0000] {dag.py:2726} INFO - Sync 1 DAGs
[2026-03-03T01:07:40.990+0000] {logging_mixin.py:149} INFO - [2026-03-03T01:07:40.990+0000] {dag.py:3490} INFO - Setting next_dagrun for example_params_trigger_ui to None, run_after=None
[2026-03-03T01:07:41.122+0000] {processor.py:178} INFO - Processing /home/airflow/.local/lib/python3.7/site-packages/airflow/example_dags/example_params_trigger_ui.py took 0.251 seconds
[2026-03-03T01:08:17.911+0000] {processor.py:156} INFO - Started process (PID=189) to work on /home/airflow/.local/lib/python3.7/site-packages/airflow/example_dags/example_params_trigger_ui.py
[2026-03-03T01:08:17.914+0000] {processor.py:799} INFO - Processing file /home/airflow/.local/lib/python3.7/site-packages/airflow/example_dags/example_params_trigger_ui.py for tasks to queue
[2026-03-03T01:08:17.916+0000] {logging_mixin.py:149} INFO - [2026-03-03T01:08:17.916+0000] {dagbag.py:541} INFO - Filling up the DagBag from /home/airflow/.local/lib/python3.7/site-packages/airflow/example_dags/example_params_trigger_ui.py
[2026-03-03T01:08:17.968+0000] {processor.py:809} INFO - DAG(s) dict_keys(['example_params_trigger_ui']) retrieved from /home/airflow/.local/lib/python3.7/site-packages/airflow/example_dags/example_params_trigger_ui.py
[2026-03-03T01:08:18.504+0000] {logging_mixin.py:149} INFO - [2026-03-03T01:08:18.504+0000] {dag.py:2726} INFO - Sync 1 DAGs
[2026-03-03T01:08:18.575+0000] {logging_mixin.py:149} INFO - [2026-03-03T01:08:18.575+0000] {dag.py:3490} INFO - Setting next_dagrun for example_params_trigger_ui to None, run_after=None
[2026-03-03T01:08:18.652+0000] {processor.py:178} INFO - Processing /home/airflow/.local/lib/python3.7/site-packages/airflow/example_dags/example_params_trigger_ui.py took 0.749 seconds
[2026-03-03T01:08:49.288+0000] {processor.py:156} INFO - Started process (PID=251) to work on /home/airflow/.local/lib/python3.7/site-packages/airflow/example_dags/example_params_trigger_ui.py
[2026-03-03T01:08:49.289+0000] {processor.py:799} INFO - Processing file /home/airflow/.local/lib/python3.7/site-packages/airflow/example_dags/example_params_trigger_ui.py for tasks to queue
[2026-03-03T01:08:49.291+0000] {logging_mixin.py:149} INFO - [2026-03-03T01:08:49.291+0000] {dagbag.py:541} INFO - Filling up the DagBag from /home/airflow/.local/lib/python3.7/site-packages/airflow/example_dags/example_params_trigger_ui.py
[2026-03-03T01:08:49.308+0000] {processor.py:809} INFO - DAG(s) dict_keys(['example_params_trigger_ui']) retrieved from /home/airflow/.local/lib/python3.7/site-packages/airflow/example_dags/example_params_trigger_ui.py
[2026-03-03T01:08:49.348+0000] {logging_mixin.py:149} INFO - [2026-03-03T01:08:49.348+0000] {dag.py:2726} INFO - Sync 1 DAGs
[2026-03-03T01:08:49.359+0000] {logging_mixin.py:149} INFO - [2026-03-03T01:08:49.359+0000] {dag.py:3490} INFO - Setting next_dagrun for example_params_trigger_ui to None, run_after=None
[2026-03-03T01:08:49.366+0000] {processor.py:178} INFO - Processing /home/airflow/.local/lib/python3.7/site-packages/airflow/example_dags/example_params_trigger_ui.py took 0.080 seconds
[2026-03-03T01:09:20.258+0000] {processor.py:156} INFO - Started process (PID=313) to work on /home/airflow/.local/lib/python3.7/site-packages/airflow/example_dags/example_params_trigger_ui.py
[2026-03-03T01:09:20.258+0000] {processor.py:799} INFO - Processing file /home/airflow/.local/lib/python3.7/site-packages/airflow/example_dags/example_params_trigger_ui.py for tasks to queue
[2026-03-03T01:09:20.259+0000] {logging_mixin.py:149} INFO - [2026-03-03T01:09:20.259+0000] {dagbag.py:541} INFO - Filling up the DagBag from /home/airflow/.local/lib/python3.7/site-packages/airflow/example_dags/example_params_trigger_ui.py
[2026-03-03T01:09:20.268+0000] {processor.py:809} INFO - DAG(s) dict_keys(['example_params_trigger_ui']) retrieved from /home/airflow/.local/lib/python3.7/site-packages/airflow/example_dags/example_params_trigger_ui.py
[2026-03-03T01:09:20.308+0000] {logging_mixin.py:149} INFO - [2026-03-03T01:09:20.308+0000] {dag.py:2726} INFO - Sync 1 DAGs
[2026-03-03T01:09:20.322+0000] {logging_mixin.py:149} INFO - [2026-03-03T01:09:20.322+0000] {dag.py:3490} INFO - Setting next_dagrun for example_params_trigger_ui to None, run_after=None
[2026-03-03T01:09:20.329+0000] {processor.py:178} INFO - Processing /home/airflow/.local/lib/python3.7/site-packages/airflow/example_dags/example_params_trigger_ui.py took 0.074 seconds
[2026-03-03T01:09:50.757+0000] {processor.py:156} INFO - Started process (PID=375) to work on /home/airflow/.local/lib/python3.7/site-packages/airflow/example_dags/example_params_trigger_ui.py
[2026-03-03T01:09:50.759+0000] {processor.py:799} INFO - Processing file /home/airflow/.local/lib/python3.7/site-packages/airflow/example_dags/example_params_trigger_ui.py for tasks to queue
[2026-03-03T01:09:50.761+0000] {logging_mixin.py:149} INFO - [2026-03-03T01:09:50.761+0000] {dagbag.py:541} INFO - Filling up the DagBag from /home/airflow/.local/lib/python3.7/site-packages/airflow/example_dags/example_params_trigger_ui.py
[2026-03-03T01:09:50.782+0000] {processor.py:809} INFO - DAG(s) dict_keys(['example_params_trigger_ui']) retrieved from /home/airflow/.local/lib/python3.7/site-packages/airflow/example_dags/example_params_trigger_ui.py
[2026-03-03T01:09:50.828+0000] {logging_mixin.py:149} INFO - [2026-03-03T01:09:50.828+0000] {dag.py:2726} INFO - Sync 1 DAGs
[2026-03-03T01:09:50.845+0000] {logging_mixin.py:149} INFO - [2026-03-03T01:09:50.845+0000] {dag.py:3490} INFO - Setting next_dagrun for example_params_trigger_ui to None, run_after=None
[2026-03-03T01:09:50.856+0000] {processor.py:178} INFO - Processing /home/airflow/.local/lib/python3.7/site-packages/airflow/example_dags/example_params_trigger_ui.py took 0.102 seconds
[2026-03-03T01:10:21.593+0000] {processor.py:156} INFO - Started process (PID=437) to work on /home/airflow/.local/lib/python3.7/site-packages/airflow/example_dags/example_params_trigger_ui.py
[2026-03-03T01:10:21.595+0000] {processor.py:799} INFO - Processing file /home/airflow/.local/lib/python3.7/site-packages/airflow/example_dags/example_params_trigger_ui.py for tasks to queue
[2026-03-03T01:10:21.597+0000] {logging_mixin.py:149} INFO - [2026-03-03T01:10:21.597+0000] {dagbag.py:541} INFO - Filling up the DagBag from /home/airflow/.local/lib/python3.7/site-packages/airflow/example_dags/example_params_trigger_ui.py
[2026-03-03T01:10:21.657+0000] {processor.py:809} INFO - DAG(s) dict_keys(['example_params_trigger_ui']) retrieved from /home/airflow/.local/lib/python3.7/site-packages/airflow/example_dags/example_params_trigger_ui.py
[2026-03-03T01:10:21.874+0000] {logging_mixin.py:149} INFO - [2026-03-03T01:10:21.873+0000] {dag.py:2726} INFO - Sync 1 DAGs
[2026-03-03T01:10:21.959+0000] {logging_mixin.py:149} INFO - [2026-03-03T01:10:21.958+0000] {dag.py:3490} INFO - Setting next_dagrun for example_params_trigger_ui to None, run_after=None
[2026-03-03T01:10:22.035+0000] {processor.py:178} INFO - Processing /home/airflow/.local/lib/python3.7/site-packages/airflow/example_dags/example_params_trigger_ui.py took 0.452 seconds
[2026-03-03T01:10:52.582+0000] {processor.py:156} INFO - Started process (PID=499) to work on /home/airflow/.local/lib/python3.7/site-packages/airflow/example_dags/example_params_trigger_ui.py
[2026-03-03T01:10:52.585+0000] {processor.py:799} INFO - Processing file /home/airflow/.local/lib/python3.7/site-packages/airflow/example_dags/example_params_trigger_ui.py for tasks to queue
[2026-03-03T01:10:52.586+0000] {logging_mixin.py:149} INFO - [2026-03-03T01:10:52.586+0000] {dagbag.py:541} INFO - Filling up the DagBag from /home/airflow/.local/lib/python3.7/site-packages/airflow/example_dags/example_params_trigger_ui.py
[2026-03-03T01:10:52.634+0000] {processor.py:809} INFO - DAG(s) dict_keys(['example_params_trigger_ui']) retrieved from /home/airflow/.local/lib/python3.7/site-packages/airflow/example_dags/example_params_trigger_ui.py
[2026-03-03T01:10:52.801+0000] {logging_mixin.py:149} INFO - [2026-03-03T01:10:52.800+0000] {dag.py:2726} INFO - Sync 1 DAGs
[2026-03-03T01:10:52.862+0000] {logging_mixin.py:149} INFO - [2026-03-03T01:10:52.861+0000] {dag.py:3490} INFO - Setting next_dagrun for example_params_trigger_ui to None, run_after=None
[2026-03-03T01:10:52.918+0000] {processor.py:178} INFO - Processing /home/airflow/.local/lib/python3.7/site-packages/airflow/example_dags/example_params_trigger_ui.py took 0.342 seconds
[2026-03-03T01:11:23.071+0000] {processor.py:156} INFO - Started process (PID=561) to work on /home/airflow/.local/lib/python3.7/site-packages/airflow/example_dags/example_params_trigger_ui.py
[2026-03-03T01:11:23.072+0000] {processor.py:799} INFO - Processing file /home/airflow/.local/lib/python3.7/site-packages/airflow/example_dags/example_params_trigger_ui.py for tasks to queue
[2026-03-03T01:11:23.073+0000] {logging_mixin.py:149} INFO - [2026-03-03T01:11:23.073+0000] {dagbag.py:541} INFO - Filling up the DagBag from /home/airflow/.local/lib/python3.7/site-packages/airflow/example_dags/example_params_trigger_ui.py
[2026-03-03T01:11:23.097+0000] {processor.py:809} INFO - DAG(s) dict_keys(['example_params_trigger_ui']) retrieved from /home/airflow/.local/lib/python3.7/site-packages/airflow/example_dags/example_params_trigger_ui.py
[2026-03-03T01:11:23.141+0000] {logging_mixin.py:149} INFO - [2026-03-03T01:11:23.141+0000] {dag.py:2726} INFO - Sync 1 DAGs
[2026-03-03T01:11:23.159+0000] {logging_mixin.py:149} INFO - [2026-03-03T01:11:23.159+0000] {dag.py:3490} INFO - Setting next_dagrun for example_params_trigger_ui to None, run_after=None
[2026-03-03T01:11:23.173+0000] {processor.py:178} INFO - Processing /home/airflow/.local/lib/python3.7/site-packages/airflow/example_dags/example_params_trigger_ui.py took 0.107 seconds
[2026-03-03T01:11:53.721+0000] {processor.py:156} INFO - Started process (PID=623) to work on /home/airflow/.local/lib/python3.7/site-packages/airflow/example_dags/example_params_trigger_ui.py
[2026-03-03T01:11:53.724+0000] {processor.py:799} INFO - Processing file /home/airflow/.local/lib/python3.7/site-packages/airflow/example_dags/example_params_trigger_ui.py for tasks to queue
[2026-03-03T01:11:53.726+0000] {logging_mixin.py:149} INFO - [2026-03-03T01:11:53.725+0000] {dagbag.py:541} INFO - Filling up the DagBag from /home/airflow/.local/lib/python3.7/site-packages/airflow/example_dags/example_params_trigger_ui.py
[2026-03-03T01:11:53.775+0000] {processor.py:809} INFO - DAG(s) dict_keys(['example_params_trigger_ui']) retrieved from /home/airflow/.local/lib/python3.7/site-packages/airflow/example_dags/example_params_trigger_ui.py
[2026-03-03T01:11:53.942+0000] {logging_mixin.py:149} INFO - [2026-03-03T01:11:53.941+0000] {dag.py:2726} INFO - Sync 1 DAGs
[2026-03-03T01:11:54.004+0000] {logging_mixin.py:149} INFO - [2026-03-03T01:11:54.004+0000] {dag.py:3490} INFO - Setting next_dagrun for example_params_trigger_ui to None, run_after=None
[2026-03-03T01:11:54.058+0000] {processor.py:178} INFO - Processing /home/airflow/.local/lib/python3.7/site-packages/airflow/example_dags/example_params_trigger_ui.py took 0.344 seconds
[2026-03-03T01:12:24.418+0000] {processor.py:156} INFO - Started process (PID=685) to work on /home/airflow/.local/lib/python3.7/site-packages/airflow/example_dags/example_params_trigger_ui.py
[2026-03-03T01:12:24.420+0000] {processor.py:799} INFO - Processing file /home/airflow/.local/lib/python3.7/site-packages/airflow/example_dags/example_params_trigger_ui.py for tasks to queue
[2026-03-03T01:12:24.422+0000] {logging_mixin.py:149} INFO - [2026-03-03T01:12:24.422+0000] {dagbag.py:541} INFO - Filling up the DagBag from /home/airflow/.local/lib/python3.7/site-packages/airflow/example_dags/example_params_trigger_ui.py
[2026-03-03T01:12:24.467+0000] {processor.py:809} INFO - DAG(s) dict_keys(['example_params_trigger_ui']) retrieved from /home/airflow/.local/lib/python3.7/site-packages/airflow/example_dags/example_params_trigger_ui.py
[2026-03-03T01:12:24.620+0000] {logging_mixin.py:149} INFO - [2026-03-03T01:12:24.620+0000] {dag.py:2726} INFO - Sync 1 DAGs
[2026-03-03T01:12:24.682+0000] {logging_mixin.py:149} INFO - [2026-03-03T01:12:24.681+0000] {dag.py:3490} INFO - Setting next_dagrun for example_params_trigger_ui to None, run_after=None
[2026-03-03T01:12:24.733+0000] {processor.py:178} INFO - Processing /home/airflow/.local/lib/python3.7/site-packages/airflow/example_dags/example_params_trigger_ui.py took 0.322 seconds
[2026-03-03T01:12:55.146+0000] {processor.py:156} INFO - Started process (PID=747) to work on /home/airflow/.local/lib/python3.7/site-packages/airflow/example_dags/example_params_trigger_ui.py
[2026-03-03T01:12:55.147+0000] {processor.py:799} INFO - Processing file /home/airflow/.local/lib/python3.7/site-packages/airflow/example_dags/example_params_trigger_ui.py for tasks to queue
[2026-03-03T01:12:55.147+0000] {logging_mixin.py:149} INFO - [2026-03-03T01:12:55.147+0000] {dagbag.py:541} INFO - Filling up the DagBag from /home/airflow/.local/lib/python3.7/site-packages/airflow/example_dags/example_params_trigger_ui.py
[2026-03-03T01:12:55.158+0000] {processor.py:809} INFO - DAG(s) dict_keys(['example_params_trigger_ui']) retrieved from /home/airflow/.local/lib/python3.7/site-packages/airflow/example_dags/example_params_trigger_ui.py
[2026-03-03T01:12:55.190+0000] {logging_mixin.py:149} INFO - [2026-03-03T01:12:55.190+0000] {dag.py:2726} INFO - Sync 1 DAGs
[2026-03-03T01:12:55.201+0000] {logging_mixin.py:149} INFO - [2026-03-03T01:12:55.201+0000] {dag.py:3490} INFO - Setting next_dagrun for example_params_trigger_ui to None, run_after=None
[2026-03-03T01:12:55.213+0000] {processor.py:178} INFO - Processing /home/airflow/.local/lib/python3.7/site-packages/airflow/example_dags/example_params_trigger_ui.py took 0.068 seconds
[2026-03-03T01:13:25.596+0000] {processor.py:156} INFO - Started process (PID=809) to work on /home/airflow/.local/lib/python3.7/site-packages/airflow/example_dags/example_params_trigger_ui.py
[2026-03-03T01:13:25.597+0000] {processor.py:799} INFO - Processing file /home/airflow/.local/lib/python3.7/site-packages/airflow/example_dags/example_params_trigger_ui.py for tasks to queue
[2026-03-03T01:13:25.597+0000] {logging_mixin.py:149} INFO - [2026-03-03T01:13:25.597+0000] {dagbag.py:541} INFO - Filling up the DagBag from /home/airflow/.local/lib/python3.7/site-packages/airflow/example_dags/example_params_trigger_ui.py
[2026-03-03T01:13:25.607+0000] {processor.py:809} INFO - DAG(s) dict_keys(['example_params_trigger_ui']) retrieved from /home/airflow/.local/lib/python3.7/site-packages/airflow/example_dags/example_params_trigger_ui.py
[2026-03-03T01:13:25.639+0000] {logging_mixin.py:149} INFO - [2026-03-03T01:13:25.639+0000] {dag.py:2726} INFO - Sync 1 DAGs
[2026-03-03T01:13:25.652+0000] {logging_mixin.py:149} INFO - [2026-03-03T01:13:25.652+0000] {dag.py:3490} INFO - Setting next_dagrun for example_params_trigger_ui to None, run_after=None
[2026-03-03T01:13:25.661+0000] {processor.py:178} INFO - Processing /home/airflow/.local/lib/python3.7/site-packages/airflow/example_dags/example_params_trigger_ui.py took 0.066 seconds
[2026-03-03T01:13:56.305+0000] {processor.py:156} INFO - Started process (PID=871) to work on /home/airflow/.local/lib/python3.7/site-packages/airflow/example_dags/example_params_trigger_ui.py
[2026-03-03T01:13:56.306+0000] {processor.py:799} INFO - Processing file /home/airflow/.local/lib/python3.7/site-packages/airflow/example_dags/example_params_trigger_ui.py for tasks to queue
[2026-03-03T01:13:56.306+0000] {logging_mixin.py:149} INFO - [2026-03-03T01:13:56.306+0000] {dagbag.py:541} INFO - Filling up the DagBag from /home/airflow/.local/lib/python3.7/site-packages/airflow/example_dags/example_params_trigger_ui.py
[2026-03-03T01:13:56.316+0000] {processor.py:809} INFO - DAG(s) dict_keys(['example_params_trigger_ui']) retrieved from /home/airflow/.local/lib/python3.7/site-packages/airflow/example_dags/example_params_trigger_ui.py
[2026-03-03T01:13:56.348+0000] {logging_mixin.py:149} INFO - [2026-03-03T01:13:56.348+0000] {dag.py:2726} INFO - Sync 1 DAGs
[2026-03-03T01:13:56.361+0000] {logging_mixin.py:149} INFO - [2026-03-03T01:13:56.361+0000] {dag.py:3490} INFO - Setting next_dagrun for example_params_trigger_ui to None, run_after=None
[2026-03-03T01:13:56.370+0000] {processor.py:178} INFO - Processing /home/airflow/.local/lib/python3.7/site-packages/airflow/example_dags/example_params_trigger_ui.py took 0.066 seconds
[2026-03-03T01:14:27.075+0000] {processor.py:156} INFO - Started process (PID=933) to work on /home/airflow/.local/lib/python3.7/site-packages/airflow/example_dags/example_params_trigger_ui.py
[2026-03-03T01:14:27.075+0000] {processor.py:799} INFO - Processing file /home/airflow/.local/lib/python3.7/site-packages/airflow/example_dags/example_params_trigger_ui.py for tasks to queue
[2026-03-03T01:14:27.076+0000] {logging_mixin.py:149} INFO - [2026-03-03T01:14:27.076+0000] {dagbag.py:541} INFO - Filling up the DagBag from /home/airflow/.local/lib/python3.7/site-packages/airflow/example_dags/example_params_trigger_ui.py
[2026-03-03T01:14:27.089+0000] {processor.py:809} INFO - DAG(s) dict_keys(['example_params_trigger_ui']) retrieved from /home/airflow/.local/lib/python3.7/site-packages/airflow/example_dags/example_params_trigger_ui.py
[2026-03-03T01:14:27.124+0000] {logging_mixin.py:149} INFO - [2026-03-03T01:14:27.124+0000] {dag.py:2726} INFO - Sync 1 DAGs
[2026-03-03T01:14:27.140+0000] {logging_mixin.py:149} INFO - [2026-03-03T01:14:27.140+0000] {dag.py:3490} INFO - Setting next_dagrun for example_params_trigger_ui to None, run_after=None
[2026-03-03T01:14:27.150+0000] {processor.py:178} INFO - Processing /home/airflow/.local/lib/python3.7/site-packages/airflow/example_dags/example_params_trigger_ui.py took 0.078 seconds
[2026-03-03T01:14:57.901+0000] {processor.py:156} INFO - Started process (PID=995) to work on /home/airflow/.local/lib/python3.7/site-packages/airflow/example_dags/example_params_trigger_ui.py
[2026-03-03T01:14:57.904+0000] {processor.py:799} INFO - Processing file /home/airflow/.local/lib/python3.7/site-packages/airflow/example_dags/example_params_trigger_ui.py for tasks to queue
[2026-03-03T01:14:57.905+0000] {logging_mixin.py:149} INFO - [2026-03-03T01:14:57.905+0000] {dagbag.py:541} INFO - Filling up the DagBag from /home/airflow/.local/lib/python3.7/site-packages/airflow/example_dags/example_params_trigger_ui.py
[2026-03-03T01:14:57.955+0000] {processor.py:809} INFO - DAG(s) dict_keys(['example_params_trigger_ui']) retrieved from /home/airflow/.local/lib/python3.7/site-packages/airflow/example_dags/example_params_trigger_ui.py
[2026-03-03T01:14:58.108+0000] {logging_mixin.py:149} INFO - [2026-03-03T01:14:58.108+0000] {dag.py:2726} INFO - Sync 1 DAGs
[2026-03-03T01:14:58.179+0000] {logging_mixin.py:149} INFO - [2026-03-03T01:14:58.178+0000] {dag.py:3490} INFO - Setting next_dagrun for example_params_trigger_ui to None, run_after=None
[2026-03-03T01:14:58.238+0000] {processor.py:178} INFO - Processing /home/airflow/.local/lib/python3.7/site-packages/airflow/example_dags/example_params_trigger_ui.py took 0.345 seconds
[2026-03-03T01:15:28.466+0000] {processor.py:156} INFO - Started process (PID=1057) to work on /home/airflow/.local/lib/python3.7/site-packages/airflow/example_dags/example_params_trigger_ui.py
[2026-03-03T01:15:28.467+0000] {processor.py:799} INFO - Processing file /home/airflow/.local/lib/python3.7/site-packages/airflow/example_dags/example_params_trigger_ui.py for tasks to queue
[2026-03-03T01:15:28.467+0000] {logging_mixin.py:149} INFO - [2026-03-03T01:15:28.467+0000] {dagbag.py:541} INFO - Filling up the DagBag from /home/airflow/.local/lib/python3.7/site-packages/airflow/example_dags/example_params_trigger_ui.py
[2026-03-03T01:15:28.481+0000] {processor.py:809} INFO - DAG(s) dict_keys(['example_params_trigger_ui']) retrieved from /home/airflow/.local/lib/python3.7/site-packages/airflow/example_dags/example_params_trigger_ui.py
[2026-03-03T01:15:28.514+0000] {logging_mixin.py:149} INFO - [2026-03-03T01:15:28.514+0000] {dag.py:2726} INFO - Sync 1 DAGs
[2026-03-03T01:15:28.529+0000] {logging_mixin.py:149} INFO - [2026-03-03T01:15:28.529+0000] {dag.py:3490} INFO - Setting next_dagrun for example_params_trigger_ui to None, run_after=None
[2026-03-03T01:15:28.537+0000] {processor.py:178} INFO - Processing /home/airflow/.local/lib/python3.7/site-packages/airflow/example_dags/example_params_trigger_ui.py took 0.073 seconds
[2026-03-03T01:15:59.246+0000] {processor.py:156} INFO - Started process (PID=1118) to work on /home/airflow/.local/lib/python3.7/site-packages/airflow/example_dags/example_params_trigger_ui.py
[2026-03-03T01:15:59.247+0000] {processor.py:799} INFO - Processing file /home/airflow/.local/lib/python3.7/site-packages/airflow/example_dags/example_params_trigger_ui.py for tasks to queue
[2026-03-03T01:15:59.248+0000] {logging_mixin.py:149} INFO - [2026-03-03T01:15:59.248+0000] {dagbag.py:541} INFO - Filling up the DagBag from /home/airflow/.local/lib/python3.7/site-packages/airflow/example_dags/example_params_trigger_ui.py
[2026-03-03T01:15:59.262+0000] {processor.py:809} INFO - DAG(s) dict_keys(['example_params_trigger_ui']) retrieved from /home/airflow/.local/lib/python3.7/site-packages/airflow/example_dags/example_params_trigger_ui.py
[2026-03-03T01:15:59.299+0000] {logging_mixin.py:149} INFO - [2026-03-03T01:15:59.298+0000] {dag.py:2726} INFO - Sync 1 DAGs
[2026-03-03T01:15:59.313+0000] {logging_mixin.py:149} INFO - [2026-03-03T01:15:59.313+0000] {dag.py:3490} INFO - Setting next_dagrun for example_params_trigger_ui to None, run_after=None
[2026-03-03T01:15:59.326+0000] {processor.py:178} INFO - Processing /home/airflow/.local/lib/python3.7/site-packages/airflow/example_dags/example_params_trigger_ui.py took 0.082 seconds
[2026-03-03T01:16:30.056+0000] {processor.py:156} INFO - Started process (PID=1180) to work on /home/airflow/.local/lib/python3.7/site-packages/airflow/example_dags/example_params_trigger_ui.py
[2026-03-03T01:16:30.058+0000] {processor.py:799} INFO - Processing file /home/airflow/.local/lib/python3.7/site-packages/airflow/example_dags/example_params_trigger_ui.py for tasks to queue
[2026-03-03T01:16:30.060+0000] {logging_mixin.py:149} INFO - [2026-03-03T01:16:30.060+0000] {dagbag.py:541} INFO - Filling up the DagBag from /home/airflow/.local/lib/python3.7/site-packages/airflow/example_dags/example_params_trigger_ui.py
[2026-03-03T01:16:30.109+0000] {processor.py:809} INFO - DAG(s) dict_keys(['example_params_trigger_ui']) retrieved from /home/airflow/.local/lib/python3.7/site-packages/airflow/example_dags/example_params_trigger_ui.py
[2026-03-03T01:16:30.302+0000] {logging_mixin.py:149} INFO - [2026-03-03T01:16:30.301+0000] {dag.py:2726} INFO - Sync 1 DAGs
[2026-03-03T01:16:30.370+0000] {logging_mixin.py:149} INFO - [2026-03-03T01:16:30.369+0000] {dag.py:3490} INFO - Setting next_dagrun for example_params_trigger_ui to None, run_after=None
[2026-03-03T01:16:30.420+0000] {processor.py:178} INFO - Processing /home/airflow/.local/lib/python3.7/site-packages/airflow/example_dags/example_params_trigger_ui.py took 0.369 seconds
[2026-03-03T01:17:00.674+0000] {processor.py:156} INFO - Started process (PID=1242) to work on /home/airflow/.local/lib/python3.7/site-packages/airflow/example_dags/example_params_trigger_ui.py
[2026-03-03T01:17:00.675+0000] {processor.py:799} INFO - Processing file /home/airflow/.local/lib/python3.7/site-packages/airflow/example_dags/example_params_trigger_ui.py for tasks to queue
[2026-03-03T01:17:00.677+0000] {logging_mixin.py:149} INFO - [2026-03-03T01:17:00.676+0000] {dagbag.py:541} INFO - Filling up the DagBag from /home/airflow/.local/lib/python3.7/site-packages/airflow/example_dags/example_params_trigger_ui.py
[2026-03-03T01:17:00.712+0000] {processor.py:809} INFO - DAG(s) dict_keys(['example_params_trigger_ui']) retrieved from /home/airflow/.local/lib/python3.7/site-packages/airflow/example_dags/example_params_trigger_ui.py
[2026-03-03T01:17:00.876+0000] {logging_mixin.py:149} INFO - [2026-03-03T01:17:00.875+0000] {dag.py:2726} INFO - Sync 1 DAGs
[2026-03-03T01:17:00.918+0000] {logging_mixin.py:149} INFO - [2026-03-03T01:17:00.917+0000] {dag.py:3490} INFO - Setting next_dagrun for example_params_trigger_ui to None, run_after=None
[2026-03-03T01:17:00.946+0000] {processor.py:178} INFO - Processing /home/airflow/.local/lib/python3.7/site-packages/airflow/example_dags/example_params_trigger_ui.py took 0.278 seconds
[2026-03-03T01:17:31.831+0000] {processor.py:156} INFO - Started process (PID=1304) to work on /home/airflow/.local/lib/python3.7/site-packages/airflow/example_dags/example_params_trigger_ui.py
[2026-03-03T01:17:31.831+0000] {processor.py:799} INFO - Processing file /home/airflow/.local/lib/python3.7/site-packages/airflow/example_dags/example_params_trigger_ui.py for tasks to queue
[2026-03-03T01:17:31.832+0000] {logging_mixin.py:149} INFO - [2026-03-03T01:17:31.832+0000] {dagbag.py:541} INFO - Filling up the DagBag from /home/airflow/.local/lib/python3.7/site-packages/airflow/example_dags/example_params_trigger_ui.py
[2026-03-03T01:17:31.847+0000] {processor.py:809} INFO - DAG(s) dict_keys(['example_params_trigger_ui']) retrieved from /home/airflow/.local/lib/python3.7/site-packages/airflow/example_dags/example_params_trigger_ui.py
[2026-03-03T01:17:31.889+0000] {logging_mixin.py:149} INFO - [2026-03-03T01:17:31.889+0000] {dag.py:2726} INFO - Sync 1 DAGs
[2026-03-03T01:17:31.906+0000] {logging_mixin.py:149} INFO - [2026-03-03T01:17:31.906+0000] {dag.py:3490} INFO - Setting next_dagrun for example_params_trigger_ui to None, run_after=None
[2026-03-03T01:17:31.915+0000] {processor.py:178} INFO - Processing /home/airflow/.local/lib/python3.7/site-packages/airflow/example_dags/example_params_trigger_ui.py took 0.087 seconds
[2026-03-03T01:18:02.809+0000] {processor.py:156} INFO - Started process (PID=1366) to work on /home/airflow/.local/lib/python3.7/site-packages/airflow/example_dags/example_params_trigger_ui.py
[2026-03-03T01:18:02.809+0000] {processor.py:799} INFO - Processing file /home/airflow/.local/lib/python3.7/site-packages/airflow/example_dags/example_params_trigger_ui.py for tasks to queue
[2026-03-03T01:18:02.810+0000] {logging_mixin.py:149} INFO - [2026-03-03T01:18:02.810+0000] {dagbag.py:541} INFO - Filling up the DagBag from /home/airflow/.local/lib/python3.7/site-packages/airflow/example_dags/example_params_trigger_ui.py
[2026-03-03T01:18:02.826+0000] {processor.py:809} INFO - DAG(s) dict_keys(['example_params_trigger_ui']) retrieved from /home/airflow/.local/lib/python3.7/site-packages/airflow/example_dags/example_params_trigger_ui.py
[2026-03-03T01:18:02.868+0000] {logging_mixin.py:149} INFO - [2026-03-03T01:18:02.868+0000] {dag.py:2726} INFO - Sync 1 DAGs
[2026-03-03T01:18:02.883+0000] {logging_mixin.py:149} INFO - [2026-03-03T01:18:02.883+0000] {dag.py:3490} INFO - Setting next_dagrun for example_params_trigger_ui to None, run_after=None
[2026-03-03T01:18:02.894+0000] {processor.py:178} INFO - Processing /home/airflow/.local/lib/python3.7/site-packages/airflow/example_dags/example_params_trigger_ui.py took 0.088 seconds
[2026-03-03T01:18:33.137+0000] {processor.py:156} INFO - Started process (PID=1428) to work on /home/airflow/.local/lib/python3.7/site-packages/airflow/example_dags/example_params_trigger_ui.py
[2026-03-03T01:18:33.139+0000] {processor.py:799} INFO - Processing file /home/airflow/.local/lib/python3.7/site-packages/airflow/example_dags/example_params_trigger_ui.py for tasks to queue
[2026-03-03T01:18:33.141+0000] {logging_mixin.py:149} INFO - [2026-03-03T01:18:33.141+0000] {dagbag.py:541} INFO - Filling up the DagBag from /home/airflow/.local/lib/python3.7/site-packages/airflow/example_dags/example_params_trigger_ui.py
[2026-03-03T01:18:33.191+0000] {processor.py:809} INFO - DAG(s) dict_keys(['example_params_trigger_ui']) retrieved from /home/airflow/.local/lib/python3.7/site-packages/airflow/example_dags/example_params_trigger_ui.py
[2026-03-03T01:18:33.365+0000] {logging_mixin.py:149} INFO - [2026-03-03T01:18:33.365+0000] {dag.py:2726} INFO - Sync 1 DAGs
[2026-03-03T01:18:33.430+0000] {logging_mixin.py:149} INFO - [2026-03-03T01:18:33.429+0000] {dag.py:3490} INFO - Setting next_dagrun for example_params_trigger_ui to None, run_after=None
[2026-03-03T01:18:33.481+0000] {processor.py:178} INFO - Processing /home/airflow/.local/lib/python3.7/site-packages/airflow/example_dags/example_params_trigger_ui.py took 0.353 seconds
[2026-03-03T01:19:03.615+0000] {processor.py:156} INFO - Started process (PID=1490) to work on /home/airflow/.local/lib/python3.7/site-packages/airflow/example_dags/example_params_trigger_ui.py
[2026-03-03T01:19:03.618+0000] {processor.py:799} INFO - Processing file /home/airflow/.local/lib/python3.7/site-packages/airflow/example_dags/example_params_trigger_ui.py for tasks to queue
[2026-03-03T01:19:03.619+0000] {logging_mixin.py:149} INFO - [2026-03-03T01:19:03.619+0000] {dagbag.py:541} INFO - Filling up the DagBag from /home/airflow/.local/lib/python3.7/site-packages/airflow/example_dags/example_params_trigger_ui.py
[2026-03-03T01:19:03.664+0000] {processor.py:809} INFO - DAG(s) dict_keys(['example_params_trigger_ui']) retrieved from /home/airflow/.local/lib/python3.7/site-packages/airflow/example_dags/example_params_trigger_ui.py
[2026-03-03T01:19:03.816+0000] {logging_mixin.py:149} INFO - [2026-03-03T01:19:03.815+0000] {dag.py:2726} INFO - Sync 1 DAGs
[2026-03-03T01:19:03.870+0000] {logging_mixin.py:149} INFO - [2026-03-03T01:19:03.870+0000] {dag.py:3490} INFO - Setting next_dagrun for example_params_trigger_ui to None, run_after=None
[2026-03-03T01:19:03.915+0000] {processor.py:178} INFO - Processing /home/airflow/.local/lib/python3.7/site-packages/airflow/example_dags/example_params_trigger_ui.py took 0.306 seconds
[2026-03-03T01:19:34.133+0000] {processor.py:156} INFO - Started process (PID=1552) to work on /home/airflow/.local/lib/python3.7/site-packages/airflow/example_dags/example_params_trigger_ui.py
[2026-03-03T01:19:34.133+0000] {processor.py:799} INFO - Processing file /home/airflow/.local/lib/python3.7/site-packages/airflow/example_dags/example_params_trigger_ui.py for tasks to queue
[2026-03-03T01:19:34.133+0000] {logging_mixin.py:149} INFO - [2026-03-03T01:19:34.133+0000] {dagbag.py:541} INFO - Filling up the DagBag from /home/airflow/.local/lib/python3.7/site-packages/airflow/example_dags/example_params_trigger_ui.py
[2026-03-03T01:19:34.150+0000] {processor.py:809} INFO - DAG(s) dict_keys(['example_params_trigger_ui']) retrieved from /home/airflow/.local/lib/python3.7/site-packages/airflow/example_dags/example_params_trigger_ui.py
[2026-03-03T01:19:34.191+0000] {logging_mixin.py:149} INFO - [2026-03-03T01:19:34.190+0000] {dag.py:2726} INFO - Sync 1 DAGs
[2026-03-03T01:19:34.204+0000] {logging_mixin.py:149} INFO - [2026-03-03T01:19:34.204+0000] {dag.py:3490} INFO - Setting next_dagrun for example_params_trigger_ui to None, run_after=None
[2026-03-03T01:19:34.213+0000] {processor.py:178} INFO - Processing /home/airflow/.local/lib/python3.7/site-packages/airflow/example_dags/example_params_trigger_ui.py took 0.083 seconds
[2026-03-03T01:20:04.813+0000] {processor.py:156} INFO - Started process (PID=1614) to work on /home/airflow/.local/lib/python3.7/site-packages/airflow/example_dags/example_params_trigger_ui.py
[2026-03-03T01:20:04.813+0000] {processor.py:799} INFO - Processing file /home/airflow/.local/lib/python3.7/site-packages/airflow/example_dags/example_params_trigger_ui.py for tasks to queue
[2026-03-03T01:20:04.814+0000] {logging_mixin.py:149} INFO - [2026-03-03T01:20:04.814+0000] {dagbag.py:541} INFO - Filling up the DagBag from /home/airflow/.local/lib/python3.7/site-packages/airflow/example_dags/example_params_trigger_ui.py
[2026-03-03T01:20:04.828+0000] {processor.py:809} INFO - DAG(s) dict_keys(['example_params_trigger_ui']) retrieved from /home/airflow/.local/lib/python3.7/site-packages/airflow/example_dags/example_params_trigger_ui.py
[2026-03-03T01:20:04.868+0000] {logging_mixin.py:149} INFO - [2026-03-03T01:20:04.868+0000] {dag.py:2726} INFO - Sync 1 DAGs
[2026-03-03T01:20:04.882+0000] {logging_mixin.py:149} INFO - [2026-03-03T01:20:04.882+0000] {dag.py:3490} INFO - Setting next_dagrun for example_params_trigger_ui to None, run_after=None
[2026-03-03T01:20:04.891+0000] {processor.py:178} INFO - Processing /home/airflow/.local/lib/python3.7/site-packages/airflow/example_dags/example_params_trigger_ui.py took 0.080 seconds
[2026-03-03T01:20:35.510+0000] {processor.py:156} INFO - Started process (PID=1676) to work on /home/airflow/.local/lib/python3.7/site-packages/airflow/example_dags/example_params_trigger_ui.py
[2026-03-03T01:20:35.511+0000] {processor.py:799} INFO - Processing file /home/airflow/.local/lib/python3.7/site-packages/airflow/example_dags/example_params_trigger_ui.py for tasks to queue
[2026-03-03T01:20:35.511+0000] {logging_mixin.py:149} INFO - [2026-03-03T01:20:35.511+0000] {dagbag.py:541} INFO - Filling up the DagBag from /home/airflow/.local/lib/python3.7/site-packages/airflow/example_dags/example_params_trigger_ui.py
[2026-03-03T01:20:35.528+0000] {processor.py:809} INFO - DAG(s) dict_keys(['example_params_trigger_ui']) retrieved from /home/airflow/.local/lib/python3.7/site-packages/airflow/example_dags/example_params_trigger_ui.py
[2026-03-03T01:20:35.573+0000] {logging_mixin.py:149} INFO - [2026-03-03T01:20:35.572+0000] {dag.py:2726} INFO - Sync 1 DAGs
[2026-03-03T01:20:35.592+0000] {logging_mixin.py:149} INFO - [2026-03-03T01:20:35.592+0000] {dag.py:3490} INFO - Setting next_dagrun for example_params_trigger_ui to None, run_after=None
[2026-03-03T01:20:35.606+0000] {processor.py:178} INFO - Processing /home/airflow/.local/lib/python3.7/site-packages/airflow/example_dags/example_params_trigger_ui.py took 0.098 seconds
[2026-03-03T01:21:06.126+0000] {processor.py:156} INFO - Started process (PID=1738) to work on /home/airflow/.local/lib/python3.7/site-packages/airflow/example_dags/example_params_trigger_ui.py
[2026-03-03T01:21:06.126+0000] {processor.py:799} INFO - Processing file /home/airflow/.local/lib/python3.7/site-packages/airflow/example_dags/example_params_trigger_ui.py for tasks to queue
[2026-03-03T01:21:06.127+0000] {logging_mixin.py:149} INFO - [2026-03-03T01:21:06.127+0000] {dagbag.py:541} INFO - Filling up the DagBag from /home/airflow/.local/lib/python3.7/site-packages/airflow/example_dags/example_params_trigger_ui.py
[2026-03-03T01:21:06.141+0000] {processor.py:809} INFO - DAG(s) dict_keys(['example_params_trigger_ui']) retrieved from /home/airflow/.local/lib/python3.7/site-packages/airflow/example_dags/example_params_trigger_ui.py
[2026-03-03T01:21:06.182+0000] {logging_mixin.py:149} INFO - [2026-03-03T01:21:06.182+0000] {dag.py:2726} INFO - Sync 1 DAGs
[2026-03-03T01:21:06.196+0000] {logging_mixin.py:149} INFO - [2026-03-03T01:21:06.196+0000] {dag.py:3490} INFO - Setting next_dagrun for example_params_trigger_ui to None, run_after=None
[2026-03-03T01:21:06.206+0000] {processor.py:178} INFO - Processing /home/airflow/.local/lib/python3.7/site-packages/airflow/example_dags/example_params_trigger_ui.py took 0.083 seconds
[2026-03-03T01:21:36.860+0000] {processor.py:156} INFO - Started process (PID=1800) to work on /home/airflow/.local/lib/python3.7/site-packages/airflow/example_dags/example_params_trigger_ui.py
[2026-03-03T01:21:36.861+0000] {processor.py:799} INFO - Processing file /home/airflow/.local/lib/python3.7/site-packages/airflow/example_dags/example_params_trigger_ui.py for tasks to queue
[2026-03-03T01:21:36.861+0000] {logging_mixin.py:149} INFO - [2026-03-03T01:21:36.861+0000] {dagbag.py:541} INFO - Filling up the DagBag from /home/airflow/.local/lib/python3.7/site-packages/airflow/example_dags/example_params_trigger_ui.py
[2026-03-03T01:21:36.873+0000] {processor.py:809} INFO - DAG(s) dict_keys(['example_params_trigger_ui']) retrieved from /home/airflow/.local/lib/python3.7/site-packages/airflow/example_dags/example_params_trigger_ui.py
[2026-03-03T01:21:36.911+0000] {logging_mixin.py:149} INFO - [2026-03-03T01:21:36.911+0000] {dag.py:2726} INFO - Sync 1 DAGs
[2026-03-03T01:21:36.929+0000] {logging_mixin.py:149} INFO - [2026-03-03T01:21:36.929+0000] {dag.py:3490} INFO - Setting next_dagrun for example_params_trigger_ui to None, run_after=None
[2026-03-03T01:21:36.940+0000] {processor.py:178} INFO - Processing /home/airflow/.local/lib/python3.7/site-packages/airflow/example_dags/example_params_trigger_ui.py took 0.083 seconds
[2026-03-03T01:22:07.152+0000] {processor.py:156} INFO - Started process (PID=1862) to work on /home/airflow/.local/lib/python3.7/site-packages/airflow/example_dags/example_params_trigger_ui.py
[2026-03-03T01:22:07.155+0000] {processor.py:799} INFO - Processing file /home/airflow/.local/lib/python3.7/site-packages/airflow/example_dags/example_params_trigger_ui.py for tasks to queue
[2026-03-03T01:22:07.157+0000] {logging_mixin.py:149} INFO - [2026-03-03T01:22:07.157+0000] {dagbag.py:541} INFO - Filling up the DagBag from /home/airflow/.local/lib/python3.7/site-packages/airflow/example_dags/example_params_trigger_ui.py
[2026-03-03T01:22:07.213+0000] {processor.py:809} INFO - DAG(s) dict_keys(['example_params_trigger_ui']) retrieved from /home/airflow/.local/lib/python3.7/site-packages/airflow/example_dags/example_params_trigger_ui.py
[2026-03-03T01:22:07.418+0000] {logging_mixin.py:149} INFO - [2026-03-03T01:22:07.417+0000] {dag.py:2726} INFO - Sync 1 DAGs
[2026-03-03T01:22:07.501+0000] {logging_mixin.py:149} INFO - [2026-03-03T01:22:07.500+0000] {dag.py:3490} INFO - Setting next_dagrun for example_params_trigger_ui to None, run_after=None
[2026-03-03T01:22:07.558+0000] {processor.py:178} INFO - Processing /home/airflow/.local/lib/python3.7/site-packages/airflow/example_dags/example_params_trigger_ui.py took 0.415 seconds
[2026-03-03T01:22:38.555+0000] {processor.py:156} INFO - Started process (PID=1924) to work on /home/airflow/.local/lib/python3.7/site-packages/airflow/example_dags/example_params_trigger_ui.py
[2026-03-03T01:22:38.559+0000] {processor.py:799} INFO - Processing file /home/airflow/.local/lib/python3.7/site-packages/airflow/example_dags/example_params_trigger_ui.py for tasks to queue
[2026-03-03T01:22:38.563+0000] {logging_mixin.py:149} INFO - [2026-03-03T01:22:38.563+0000] {dagbag.py:541} INFO - Filling up the DagBag from /home/airflow/.local/lib/python3.7/site-packages/airflow/example_dags/example_params_trigger_ui.py
[2026-03-03T01:22:38.620+0000] {processor.py:809} INFO - DAG(s) dict_keys(['example_params_trigger_ui']) retrieved from /home/airflow/.local/lib/python3.7/site-packages/airflow/example_dags/example_params_trigger_ui.py
[2026-03-03T01:22:38.839+0000] {logging_mixin.py:149} INFO - [2026-03-03T01:22:38.838+0000] {dag.py:2726} INFO - Sync 1 DAGs
[2026-03-03T01:22:38.913+0000] {logging_mixin.py:149} INFO - [2026-03-03T01:22:38.913+0000] {dag.py:3490} INFO - Setting next_dagrun for example_params_trigger_ui to None, run_after=None
[2026-03-03T01:22:38.978+0000] {processor.py:178} INFO - Processing /home/airflow/.local/lib/python3.7/site-packages/airflow/example_dags/example_params_trigger_ui.py took 0.432 seconds
[2026-03-03T01:23:09.127+0000] {processor.py:156} INFO - Started process (PID=1986) to work on /home/airflow/.local/lib/python3.7/site-packages/airflow/example_dags/example_params_trigger_ui.py
[2026-03-03T01:23:09.130+0000] {processor.py:799} INFO - Processing file /home/airflow/.local/lib/python3.7/site-packages/airflow/example_dags/example_params_trigger_ui.py for tasks to queue
[2026-03-03T01:23:09.133+0000] {logging_mixin.py:149} INFO - [2026-03-03T01:23:09.132+0000] {dagbag.py:541} INFO - Filling up the DagBag from /home/airflow/.local/lib/python3.7/site-packages/airflow/example_dags/example_params_trigger_ui.py
[2026-03-03T01:23:09.189+0000] {processor.py:809} INFO - DAG(s) dict_keys(['example_params_trigger_ui']) retrieved from /home/airflow/.local/lib/python3.7/site-packages/airflow/example_dags/example_params_trigger_ui.py
[2026-03-03T01:23:09.408+0000] {logging_mixin.py:149} INFO - [2026-03-03T01:23:09.407+0000] {dag.py:2726} INFO - Sync 1 DAGs
[2026-03-03T01:23:09.481+0000] {logging_mixin.py:149} INFO - [2026-03-03T01:23:09.481+0000] {dag.py:3490} INFO - Setting next_dagrun for example_params_trigger_ui to None, run_after=None
[2026-03-03T01:23:09.538+0000] {processor.py:178} INFO - Processing /home/airflow/.local/lib/python3.7/site-packages/airflow/example_dags/example_params_trigger_ui.py took 0.418 seconds
[2026-03-03T01:23:39.645+0000] {processor.py:156} INFO - Started process (PID=2048) to work on /home/airflow/.local/lib/python3.7/site-packages/airflow/example_dags/example_params_trigger_ui.py
[2026-03-03T01:23:39.648+0000] {processor.py:799} INFO - Processing file /home/airflow/.local/lib/python3.7/site-packages/airflow/example_dags/example_params_trigger_ui.py for tasks to queue
[2026-03-03T01:23:39.651+0000] {logging_mixin.py:149} INFO - [2026-03-03T01:23:39.650+0000] {dagbag.py:541} INFO - Filling up the DagBag from /home/airflow/.local/lib/python3.7/site-packages/airflow/example_dags/example_params_trigger_ui.py
[2026-03-03T01:23:39.714+0000] {processor.py:809} INFO - DAG(s) dict_keys(['example_params_trigger_ui']) retrieved from /home/airflow/.local/lib/python3.7/site-packages/airflow/example_dags/example_params_trigger_ui.py
[2026-03-03T01:23:39.931+0000] {logging_mixin.py:149} INFO - [2026-03-03T01:23:39.930+0000] {dag.py:2726} INFO - Sync 1 DAGs
[2026-03-03T01:23:40.007+0000] {logging_mixin.py:149} INFO - [2026-03-03T01:23:40.006+0000] {dag.py:3490} INFO - Setting next_dagrun for example_params_trigger_ui to None, run_after=None
[2026-03-03T01:23:40.062+0000] {processor.py:178} INFO - Processing /home/airflow/.local/lib/python3.7/site-packages/airflow/example_dags/example_params_trigger_ui.py took 0.424 seconds
[2026-03-03T01:24:10.291+0000] {processor.py:156} INFO - Started process (PID=2110) to work on /home/airflow/.local/lib/python3.7/site-packages/airflow/example_dags/example_params_trigger_ui.py
[2026-03-03T01:24:10.294+0000] {processor.py:799} INFO - Processing file /home/airflow/.local/lib/python3.7/site-packages/airflow/example_dags/example_params_trigger_ui.py for tasks to queue
[2026-03-03T01:24:10.296+0000] {logging_mixin.py:149} INFO - [2026-03-03T01:24:10.296+0000] {dagbag.py:541} INFO - Filling up the DagBag from /home/airflow/.local/lib/python3.7/site-packages/airflow/example_dags/example_params_trigger_ui.py
[2026-03-03T01:24:10.346+0000] {processor.py:809} INFO - DAG(s) dict_keys(['example_params_trigger_ui']) retrieved from /home/airflow/.local/lib/python3.7/site-packages/airflow/example_dags/example_params_trigger_ui.py
[2026-03-03T01:24:10.542+0000] {logging_mixin.py:149} INFO - [2026-03-03T01:24:10.541+0000] {dag.py:2726} INFO - Sync 1 DAGs
[2026-03-03T01:24:10.610+0000] {logging_mixin.py:149} INFO - [2026-03-03T01:24:10.609+0000] {dag.py:3490} INFO - Setting next_dagrun for example_params_trigger_ui to None, run_after=None
[2026-03-03T01:24:10.690+0000] {processor.py:178} INFO - Processing /home/airflow/.local/lib/python3.7/site-packages/airflow/example_dags/example_params_trigger_ui.py took 0.409 seconds
[2026-03-03T01:24:41.090+0000] {processor.py:156} INFO - Started process (PID=2172) to work on /home/airflow/.local/lib/python3.7/site-packages/airflow/example_dags/example_params_trigger_ui.py
[2026-03-03T01:24:41.092+0000] {processor.py:799} INFO - Processing file /home/airflow/.local/lib/python3.7/site-packages/airflow/example_dags/example_params_trigger_ui.py for tasks to queue
[2026-03-03T01:24:41.092+0000] {logging_mixin.py:149} INFO - [2026-03-03T01:24:41.092+0000] {dagbag.py:541} INFO - Filling up the DagBag from /home/airflow/.local/lib/python3.7/site-packages/airflow/example_dags/example_params_trigger_ui.py
[2026-03-03T01:24:41.110+0000] {processor.py:809} INFO - DAG(s) dict_keys(['example_params_trigger_ui']) retrieved from /home/airflow/.local/lib/python3.7/site-packages/airflow/example_dags/example_params_trigger_ui.py
[2026-03-03T01:24:41.160+0000] {logging_mixin.py:149} INFO - [2026-03-03T01:24:41.160+0000] {dag.py:2726} INFO - Sync 1 DAGs
[2026-03-03T01:24:41.171+0000] {logging_mixin.py:149} INFO - [2026-03-03T01:24:41.171+0000] {dag.py:3490} INFO - Setting next_dagrun for example_params_trigger_ui to None, run_after=None
[2026-03-03T01:24:41.179+0000] {processor.py:178} INFO - Processing /home/airflow/.local/lib/python3.7/site-packages/airflow/example_dags/example_params_trigger_ui.py took 0.092 seconds
[2026-03-03T01:25:11.473+0000] {processor.py:156} INFO - Started process (PID=2234) to work on /home/airflow/.local/lib/python3.7/site-packages/airflow/example_dags/example_params_trigger_ui.py
[2026-03-03T01:25:11.475+0000] {processor.py:799} INFO - Processing file /home/airflow/.local/lib/python3.7/site-packages/airflow/example_dags/example_params_trigger_ui.py for tasks to queue
[2026-03-03T01:25:11.480+0000] {logging_mixin.py:149} INFO - [2026-03-03T01:25:11.480+0000] {dagbag.py:541} INFO - Filling up the DagBag from /home/airflow/.local/lib/python3.7/site-packages/airflow/example_dags/example_params_trigger_ui.py
[2026-03-03T01:25:11.526+0000] {processor.py:809} INFO - DAG(s) dict_keys(['example_params_trigger_ui']) retrieved from /home/airflow/.local/lib/python3.7/site-packages/airflow/example_dags/example_params_trigger_ui.py
[2026-03-03T01:25:11.686+0000] {logging_mixin.py:149} INFO - [2026-03-03T01:25:11.686+0000] {dag.py:2726} INFO - Sync 1 DAGs
[2026-03-03T01:25:11.747+0000] {logging_mixin.py:149} INFO - [2026-03-03T01:25:11.747+0000] {dag.py:3490} INFO - Setting next_dagrun for example_params_trigger_ui to None, run_after=None
[2026-03-03T01:25:11.808+0000] {processor.py:178} INFO - Processing /home/airflow/.local/lib/python3.7/site-packages/airflow/example_dags/example_params_trigger_ui.py took 0.340 seconds
[2026-03-03T01:25:42.826+0000] {processor.py:156} INFO - Started process (PID=2296) to work on /home/airflow/.local/lib/python3.7/site-packages/airflow/example_dags/example_params_trigger_ui.py
[2026-03-03T01:25:42.829+0000] {processor.py:799} INFO - Processing file /home/airflow/.local/lib/python3.7/site-packages/airflow/example_dags/example_params_trigger_ui.py for tasks to queue
[2026-03-03T01:25:42.831+0000] {logging_mixin.py:149} INFO - [2026-03-03T01:25:42.831+0000] {dagbag.py:541} INFO - Filling up the DagBag from /home/airflow/.local/lib/python3.7/site-packages/airflow/example_dags/example_params_trigger_ui.py
[2026-03-03T01:25:42.889+0000] {processor.py:809} INFO - DAG(s) dict_keys(['example_params_trigger_ui']) retrieved from /home/airflow/.local/lib/python3.7/site-packages/airflow/example_dags/example_params_trigger_ui.py
[2026-03-03T01:25:43.057+0000] {logging_mixin.py:149} INFO - [2026-03-03T01:25:43.057+0000] {dag.py:2726} INFO - Sync 1 DAGs
[2026-03-03T01:25:43.125+0000] {logging_mixin.py:149} INFO - [2026-03-03T01:25:43.124+0000] {dag.py:3490} INFO - Setting next_dagrun for example_params_trigger_ui to None, run_after=None
[2026-03-03T01:25:43.191+0000] {processor.py:178} INFO - Processing /home/airflow/.local/lib/python3.7/site-packages/airflow/example_dags/example_params_trigger_ui.py took 0.374 seconds
[2026-03-03T01:26:13.420+0000] {processor.py:156} INFO - Started process (PID=2358) to work on /home/airflow/.local/lib/python3.7/site-packages/airflow/example_dags/example_params_trigger_ui.py
[2026-03-03T01:26:13.423+0000] {processor.py:799} INFO - Processing file /home/airflow/.local/lib/python3.7/site-packages/airflow/example_dags/example_params_trigger_ui.py for tasks to queue
[2026-03-03T01:26:13.424+0000] {logging_mixin.py:149} INFO - [2026-03-03T01:26:13.424+0000] {dagbag.py:541} INFO - Filling up the DagBag from /home/airflow/.local/lib/python3.7/site-packages/airflow/example_dags/example_params_trigger_ui.py
[2026-03-03T01:26:13.461+0000] {processor.py:809} INFO - DAG(s) dict_keys(['example_params_trigger_ui']) retrieved from /home/airflow/.local/lib/python3.7/site-packages/airflow/example_dags/example_params_trigger_ui.py
[2026-03-03T01:26:13.628+0000] {logging_mixin.py:149} INFO - [2026-03-03T01:26:13.628+0000] {dag.py:2726} INFO - Sync 1 DAGs
[2026-03-03T01:26:13.688+0000] {logging_mixin.py:149} INFO - [2026-03-03T01:26:13.688+0000] {dag.py:3490} INFO - Setting next_dagrun for example_params_trigger_ui to None, run_after=None
[2026-03-03T01:26:13.727+0000] {processor.py:178} INFO - Processing /home/airflow/.local/lib/python3.7/site-packages/airflow/example_dags/example_params_trigger_ui.py took 0.311 seconds
[2026-03-03T01:26:44.063+0000] {processor.py:156} INFO - Started process (PID=2420) to work on /home/airflow/.local/lib/python3.7/site-packages/airflow/example_dags/example_params_trigger_ui.py
[2026-03-03T01:26:44.065+0000] {processor.py:799} INFO - Processing file /home/airflow/.local/lib/python3.7/site-packages/airflow/example_dags/example_params_trigger_ui.py for tasks to queue
[2026-03-03T01:26:44.066+0000] {logging_mixin.py:149} INFO - [2026-03-03T01:26:44.066+0000] {dagbag.py:541} INFO - Filling up the DagBag from /home/airflow/.local/lib/python3.7/site-packages/airflow/example_dags/example_params_trigger_ui.py
[2026-03-03T01:26:44.085+0000] {processor.py:809} INFO - DAG(s) dict_keys(['example_params_trigger_ui']) retrieved from /home/airflow/.local/lib/python3.7/site-packages/airflow/example_dags/example_params_trigger_ui.py
[2026-03-03T01:26:44.132+0000] {logging_mixin.py:149} INFO - [2026-03-03T01:26:44.131+0000] {dag.py:2726} INFO - Sync 1 DAGs
[2026-03-03T01:26:44.152+0000] {logging_mixin.py:149} INFO - [2026-03-03T01:26:44.151+0000] {dag.py:3490} INFO - Setting next_dagrun for example_params_trigger_ui to None, run_after=None
[2026-03-03T01:26:44.168+0000] {processor.py:178} INFO - Processing /home/airflow/.local/lib/python3.7/site-packages/airflow/example_dags/example_params_trigger_ui.py took 0.110 seconds
