[2026-03-03T00:56:03.951+0000] {processor.py:156} INFO - Started process (PID=49) to work on /home/airflow/.local/lib/python3.7/site-packages/airflow/example_dags/example_xcom.py
[2026-03-03T00:56:03.952+0000] {processor.py:799} INFO - Processing file /home/airflow/.local/lib/python3.7/site-packages/airflow/example_dags/example_xcom.py for tasks to queue
[2026-03-03T00:56:03.953+0000] {logging_mixin.py:149} INFO - [2026-03-03T00:56:03.952+0000] {dagbag.py:541} INFO - Filling up the DagBag from /home/airflow/.local/lib/python3.7/site-packages/airflow/example_dags/example_xcom.py
[2026-03-03T00:56:03.960+0000] {processor.py:809} INFO - DAG(s) dict_keys(['example_xcom']) retrieved from /home/airflow/.local/lib/python3.7/site-packages/airflow/example_dags/example_xcom.py
[2026-03-03T00:56:03.970+0000] {logging_mixin.py:149} INFO - [2026-03-03T00:56:03.970+0000] {dag.py:2726} INFO - Sync 1 DAGs
[2026-03-03T00:56:03.986+0000] {logging_mixin.py:149} INFO - [2026-03-03T00:56:03.986+0000] {dag.py:3490} INFO - Setting next_dagrun for example_xcom to 2021-01-01T00:00:00+00:00, run_after=2021-01-01T00:00:00+00:00
[2026-03-03T00:56:04.011+0000] {processor.py:178} INFO - Processing /home/airflow/.local/lib/python3.7/site-packages/airflow/example_dags/example_xcom.py took 0.063 seconds
[2026-03-03T00:56:35.124+0000] {processor.py:156} INFO - Started process (PID=111) to work on /home/airflow/.local/lib/python3.7/site-packages/airflow/example_dags/example_xcom.py
[2026-03-03T00:56:35.129+0000] {processor.py:799} INFO - Processing file /home/airflow/.local/lib/python3.7/site-packages/airflow/example_dags/example_xcom.py for tasks to queue
[2026-03-03T00:56:35.132+0000] {logging_mixin.py:149} INFO - [2026-03-03T00:56:35.132+0000] {dagbag.py:541} INFO - Filling up the DagBag from /home/airflow/.local/lib/python3.7/site-packages/airflow/example_dags/example_xcom.py
[2026-03-03T00:56:35.149+0000] {processor.py:809} INFO - DAG(s) dict_keys(['example_xcom']) retrieved from /home/airflow/.local/lib/python3.7/site-packages/airflow/example_dags/example_xcom.py
[2026-03-03T00:56:35.207+0000] {logging_mixin.py:149} INFO - [2026-03-03T00:56:35.207+0000] {dag.py:2726} INFO - Sync 1 DAGs
[2026-03-03T00:56:35.279+0000] {logging_mixin.py:149} INFO - [2026-03-03T00:56:35.278+0000] {dag.py:3490} INFO - Setting next_dagrun for example_xcom to 2021-01-01T00:00:00+00:00, run_after=2021-01-01T00:00:00+00:00
[2026-03-03T00:56:35.350+0000] {processor.py:178} INFO - Processing /home/airflow/.local/lib/python3.7/site-packages/airflow/example_dags/example_xcom.py took 0.234 seconds
[2026-03-03T00:57:05.438+0000] {processor.py:156} INFO - Started process (PID=173) to work on /home/airflow/.local/lib/python3.7/site-packages/airflow/example_dags/example_xcom.py
[2026-03-03T00:57:05.442+0000] {processor.py:799} INFO - Processing file /home/airflow/.local/lib/python3.7/site-packages/airflow/example_dags/example_xcom.py for tasks to queue
[2026-03-03T00:57:05.442+0000] {logging_mixin.py:149} INFO - [2026-03-03T00:57:05.442+0000] {dagbag.py:541} INFO - Filling up the DagBag from /home/airflow/.local/lib/python3.7/site-packages/airflow/example_dags/example_xcom.py
[2026-03-03T00:57:05.445+0000] {processor.py:809} INFO - DAG(s) dict_keys(['example_xcom']) retrieved from /home/airflow/.local/lib/python3.7/site-packages/airflow/example_dags/example_xcom.py
[2026-03-03T00:57:05.461+0000] {logging_mixin.py:149} INFO - [2026-03-03T00:57:05.460+0000] {dag.py:2726} INFO - Sync 1 DAGs
[2026-03-03T00:57:05.475+0000] {logging_mixin.py:149} INFO - [2026-03-03T00:57:05.475+0000] {dag.py:3490} INFO - Setting next_dagrun for example_xcom to 2021-01-01T00:00:00+00:00, run_after=2021-01-01T00:00:00+00:00
[2026-03-03T00:57:05.488+0000] {processor.py:178} INFO - Processing /home/airflow/.local/lib/python3.7/site-packages/airflow/example_dags/example_xcom.py took 0.052 seconds
[2026-03-03T00:57:36.375+0000] {processor.py:156} INFO - Started process (PID=235) to work on /home/airflow/.local/lib/python3.7/site-packages/airflow/example_dags/example_xcom.py
[2026-03-03T00:57:36.377+0000] {processor.py:799} INFO - Processing file /home/airflow/.local/lib/python3.7/site-packages/airflow/example_dags/example_xcom.py for tasks to queue
[2026-03-03T00:57:36.377+0000] {logging_mixin.py:149} INFO - [2026-03-03T00:57:36.377+0000] {dagbag.py:541} INFO - Filling up the DagBag from /home/airflow/.local/lib/python3.7/site-packages/airflow/example_dags/example_xcom.py
[2026-03-03T00:57:36.381+0000] {processor.py:809} INFO - DAG(s) dict_keys(['example_xcom']) retrieved from /home/airflow/.local/lib/python3.7/site-packages/airflow/example_dags/example_xcom.py
[2026-03-03T00:57:36.390+0000] {logging_mixin.py:149} INFO - [2026-03-03T00:57:36.390+0000] {dag.py:2726} INFO - Sync 1 DAGs
[2026-03-03T00:57:36.401+0000] {logging_mixin.py:149} INFO - [2026-03-03T00:57:36.400+0000] {dag.py:3490} INFO - Setting next_dagrun for example_xcom to 2021-01-01T00:00:00+00:00, run_after=2021-01-01T00:00:00+00:00
[2026-03-03T00:57:36.408+0000] {processor.py:178} INFO - Processing /home/airflow/.local/lib/python3.7/site-packages/airflow/example_dags/example_xcom.py took 0.034 seconds
[2026-03-03T00:58:07.498+0000] {processor.py:156} INFO - Started process (PID=297) to work on /home/airflow/.local/lib/python3.7/site-packages/airflow/example_dags/example_xcom.py
[2026-03-03T00:58:07.500+0000] {processor.py:799} INFO - Processing file /home/airflow/.local/lib/python3.7/site-packages/airflow/example_dags/example_xcom.py for tasks to queue
[2026-03-03T00:58:07.503+0000] {logging_mixin.py:149} INFO - [2026-03-03T00:58:07.503+0000] {dagbag.py:541} INFO - Filling up the DagBag from /home/airflow/.local/lib/python3.7/site-packages/airflow/example_dags/example_xcom.py
[2026-03-03T00:58:07.522+0000] {processor.py:809} INFO - DAG(s) dict_keys(['example_xcom']) retrieved from /home/airflow/.local/lib/python3.7/site-packages/airflow/example_dags/example_xcom.py
[2026-03-03T00:58:07.581+0000] {logging_mixin.py:149} INFO - [2026-03-03T00:58:07.579+0000] {dag.py:2726} INFO - Sync 1 DAGs
[2026-03-03T00:58:07.645+0000] {logging_mixin.py:149} INFO - [2026-03-03T00:58:07.645+0000] {dag.py:3490} INFO - Setting next_dagrun for example_xcom to 2021-01-01T00:00:00+00:00, run_after=2021-01-01T00:00:00+00:00
[2026-03-03T00:58:07.692+0000] {processor.py:178} INFO - Processing /home/airflow/.local/lib/python3.7/site-packages/airflow/example_dags/example_xcom.py took 0.200 seconds
[2026-03-03T00:58:38.582+0000] {processor.py:156} INFO - Started process (PID=359) to work on /home/airflow/.local/lib/python3.7/site-packages/airflow/example_dags/example_xcom.py
[2026-03-03T00:58:38.583+0000] {processor.py:799} INFO - Processing file /home/airflow/.local/lib/python3.7/site-packages/airflow/example_dags/example_xcom.py for tasks to queue
[2026-03-03T00:58:38.584+0000] {logging_mixin.py:149} INFO - [2026-03-03T00:58:38.584+0000] {dagbag.py:541} INFO - Filling up the DagBag from /home/airflow/.local/lib/python3.7/site-packages/airflow/example_dags/example_xcom.py
[2026-03-03T00:58:38.597+0000] {processor.py:809} INFO - DAG(s) dict_keys(['example_xcom']) retrieved from /home/airflow/.local/lib/python3.7/site-packages/airflow/example_dags/example_xcom.py
[2026-03-03T00:58:38.659+0000] {logging_mixin.py:149} INFO - [2026-03-03T00:58:38.659+0000] {dag.py:2726} INFO - Sync 1 DAGs
[2026-03-03T00:58:38.681+0000] {logging_mixin.py:149} INFO - [2026-03-03T00:58:38.680+0000] {dag.py:3490} INFO - Setting next_dagrun for example_xcom to 2021-01-01T00:00:00+00:00, run_after=2021-01-01T00:00:00+00:00
[2026-03-03T00:58:38.694+0000] {processor.py:178} INFO - Processing /home/airflow/.local/lib/python3.7/site-packages/airflow/example_dags/example_xcom.py took 0.115 seconds
[2026-03-03T00:59:09.630+0000] {processor.py:156} INFO - Started process (PID=421) to work on /home/airflow/.local/lib/python3.7/site-packages/airflow/example_dags/example_xcom.py
[2026-03-03T00:59:09.630+0000] {processor.py:799} INFO - Processing file /home/airflow/.local/lib/python3.7/site-packages/airflow/example_dags/example_xcom.py for tasks to queue
[2026-03-03T00:59:09.631+0000] {logging_mixin.py:149} INFO - [2026-03-03T00:59:09.631+0000] {dagbag.py:541} INFO - Filling up the DagBag from /home/airflow/.local/lib/python3.7/site-packages/airflow/example_dags/example_xcom.py
[2026-03-03T00:59:09.640+0000] {processor.py:809} INFO - DAG(s) dict_keys(['example_xcom']) retrieved from /home/airflow/.local/lib/python3.7/site-packages/airflow/example_dags/example_xcom.py
[2026-03-03T00:59:09.663+0000] {logging_mixin.py:149} INFO - [2026-03-03T00:59:09.663+0000] {dag.py:2726} INFO - Sync 1 DAGs
[2026-03-03T00:59:09.680+0000] {logging_mixin.py:149} INFO - [2026-03-03T00:59:09.680+0000] {dag.py:3490} INFO - Setting next_dagrun for example_xcom to 2021-01-01T00:00:00+00:00, run_after=2021-01-01T00:00:00+00:00
[2026-03-03T00:59:09.698+0000] {processor.py:178} INFO - Processing /home/airflow/.local/lib/python3.7/site-packages/airflow/example_dags/example_xcom.py took 0.071 seconds
[2026-03-03T00:59:40.403+0000] {processor.py:156} INFO - Started process (PID=483) to work on /home/airflow/.local/lib/python3.7/site-packages/airflow/example_dags/example_xcom.py
[2026-03-03T00:59:40.404+0000] {processor.py:799} INFO - Processing file /home/airflow/.local/lib/python3.7/site-packages/airflow/example_dags/example_xcom.py for tasks to queue
[2026-03-03T00:59:40.405+0000] {logging_mixin.py:149} INFO - [2026-03-03T00:59:40.405+0000] {dagbag.py:541} INFO - Filling up the DagBag from /home/airflow/.local/lib/python3.7/site-packages/airflow/example_dags/example_xcom.py
[2026-03-03T00:59:40.410+0000] {processor.py:809} INFO - DAG(s) dict_keys(['example_xcom']) retrieved from /home/airflow/.local/lib/python3.7/site-packages/airflow/example_dags/example_xcom.py
[2026-03-03T00:59:40.427+0000] {logging_mixin.py:149} INFO - [2026-03-03T00:59:40.427+0000] {dag.py:2726} INFO - Sync 1 DAGs
[2026-03-03T00:59:40.445+0000] {logging_mixin.py:149} INFO - [2026-03-03T00:59:40.445+0000] {dag.py:3490} INFO - Setting next_dagrun for example_xcom to 2021-01-01T00:00:00+00:00, run_after=2021-01-01T00:00:00+00:00
[2026-03-03T00:59:40.458+0000] {processor.py:178} INFO - Processing /home/airflow/.local/lib/python3.7/site-packages/airflow/example_dags/example_xcom.py took 0.060 seconds
[2026-03-03T01:00:11.002+0000] {processor.py:156} INFO - Started process (PID=545) to work on /home/airflow/.local/lib/python3.7/site-packages/airflow/example_dags/example_xcom.py
[2026-03-03T01:00:11.005+0000] {processor.py:799} INFO - Processing file /home/airflow/.local/lib/python3.7/site-packages/airflow/example_dags/example_xcom.py for tasks to queue
[2026-03-03T01:00:11.007+0000] {logging_mixin.py:149} INFO - [2026-03-03T01:00:11.007+0000] {dagbag.py:541} INFO - Filling up the DagBag from /home/airflow/.local/lib/python3.7/site-packages/airflow/example_dags/example_xcom.py
[2026-03-03T01:00:11.024+0000] {processor.py:809} INFO - DAG(s) dict_keys(['example_xcom']) retrieved from /home/airflow/.local/lib/python3.7/site-packages/airflow/example_dags/example_xcom.py
[2026-03-03T01:00:11.088+0000] {logging_mixin.py:149} INFO - [2026-03-03T01:00:11.088+0000] {dag.py:2726} INFO - Sync 1 DAGs
[2026-03-03T01:00:11.154+0000] {logging_mixin.py:149} INFO - [2026-03-03T01:00:11.154+0000] {dag.py:3490} INFO - Setting next_dagrun for example_xcom to 2021-01-01T00:00:00+00:00, run_after=2021-01-01T00:00:00+00:00
[2026-03-03T01:00:11.215+0000] {processor.py:178} INFO - Processing /home/airflow/.local/lib/python3.7/site-packages/airflow/example_dags/example_xcom.py took 0.220 seconds
[2026-03-03T01:00:42.169+0000] {processor.py:156} INFO - Started process (PID=607) to work on /home/airflow/.local/lib/python3.7/site-packages/airflow/example_dags/example_xcom.py
[2026-03-03T01:00:42.172+0000] {processor.py:799} INFO - Processing file /home/airflow/.local/lib/python3.7/site-packages/airflow/example_dags/example_xcom.py for tasks to queue
[2026-03-03T01:00:42.174+0000] {logging_mixin.py:149} INFO - [2026-03-03T01:00:42.174+0000] {dagbag.py:541} INFO - Filling up the DagBag from /home/airflow/.local/lib/python3.7/site-packages/airflow/example_dags/example_xcom.py
[2026-03-03T01:00:42.192+0000] {processor.py:809} INFO - DAG(s) dict_keys(['example_xcom']) retrieved from /home/airflow/.local/lib/python3.7/site-packages/airflow/example_dags/example_xcom.py
[2026-03-03T01:00:42.261+0000] {logging_mixin.py:149} INFO - [2026-03-03T01:00:42.260+0000] {dag.py:2726} INFO - Sync 1 DAGs
[2026-03-03T01:00:42.325+0000] {logging_mixin.py:149} INFO - [2026-03-03T01:00:42.324+0000] {dag.py:3490} INFO - Setting next_dagrun for example_xcom to 2021-01-01T00:00:00+00:00, run_after=2021-01-01T00:00:00+00:00
[2026-03-03T01:00:42.394+0000] {processor.py:178} INFO - Processing /home/airflow/.local/lib/python3.7/site-packages/airflow/example_dags/example_xcom.py took 0.231 seconds
[2026-03-03T01:01:13.376+0000] {processor.py:156} INFO - Started process (PID=669) to work on /home/airflow/.local/lib/python3.7/site-packages/airflow/example_dags/example_xcom.py
[2026-03-03T01:01:13.377+0000] {processor.py:799} INFO - Processing file /home/airflow/.local/lib/python3.7/site-packages/airflow/example_dags/example_xcom.py for tasks to queue
[2026-03-03T01:01:13.377+0000] {logging_mixin.py:149} INFO - [2026-03-03T01:01:13.377+0000] {dagbag.py:541} INFO - Filling up the DagBag from /home/airflow/.local/lib/python3.7/site-packages/airflow/example_dags/example_xcom.py
[2026-03-03T01:01:13.386+0000] {processor.py:809} INFO - DAG(s) dict_keys(['example_xcom']) retrieved from /home/airflow/.local/lib/python3.7/site-packages/airflow/example_dags/example_xcom.py
[2026-03-03T01:01:13.407+0000] {logging_mixin.py:149} INFO - [2026-03-03T01:01:13.407+0000] {dag.py:2726} INFO - Sync 1 DAGs
[2026-03-03T01:01:13.424+0000] {logging_mixin.py:149} INFO - [2026-03-03T01:01:13.424+0000] {dag.py:3490} INFO - Setting next_dagrun for example_xcom to 2021-01-01T00:00:00+00:00, run_after=2021-01-01T00:00:00+00:00
[2026-03-03T01:01:13.436+0000] {processor.py:178} INFO - Processing /home/airflow/.local/lib/python3.7/site-packages/airflow/example_dags/example_xcom.py took 0.064 seconds
[2026-03-03T01:01:44.100+0000] {processor.py:156} INFO - Started process (PID=731) to work on /home/airflow/.local/lib/python3.7/site-packages/airflow/example_dags/example_xcom.py
[2026-03-03T01:01:44.102+0000] {processor.py:799} INFO - Processing file /home/airflow/.local/lib/python3.7/site-packages/airflow/example_dags/example_xcom.py for tasks to queue
[2026-03-03T01:01:44.104+0000] {logging_mixin.py:149} INFO - [2026-03-03T01:01:44.104+0000] {dagbag.py:541} INFO - Filling up the DagBag from /home/airflow/.local/lib/python3.7/site-packages/airflow/example_dags/example_xcom.py
[2026-03-03T01:01:44.111+0000] {processor.py:809} INFO - DAG(s) dict_keys(['example_xcom']) retrieved from /home/airflow/.local/lib/python3.7/site-packages/airflow/example_dags/example_xcom.py
[2026-03-03T01:01:44.130+0000] {logging_mixin.py:149} INFO - [2026-03-03T01:01:44.130+0000] {dag.py:2726} INFO - Sync 1 DAGs
[2026-03-03T01:01:44.147+0000] {logging_mixin.py:149} INFO - [2026-03-03T01:01:44.147+0000] {dag.py:3490} INFO - Setting next_dagrun for example_xcom to 2021-01-01T00:00:00+00:00, run_after=2021-01-01T00:00:00+00:00
[2026-03-03T01:01:44.159+0000] {processor.py:178} INFO - Processing /home/airflow/.local/lib/python3.7/site-packages/airflow/example_dags/example_xcom.py took 0.062 seconds
[2026-03-03T01:02:14.977+0000] {processor.py:156} INFO - Started process (PID=793) to work on /home/airflow/.local/lib/python3.7/site-packages/airflow/example_dags/example_xcom.py
[2026-03-03T01:02:14.978+0000] {processor.py:799} INFO - Processing file /home/airflow/.local/lib/python3.7/site-packages/airflow/example_dags/example_xcom.py for tasks to queue
[2026-03-03T01:02:14.979+0000] {logging_mixin.py:149} INFO - [2026-03-03T01:02:14.979+0000] {dagbag.py:541} INFO - Filling up the DagBag from /home/airflow/.local/lib/python3.7/site-packages/airflow/example_dags/example_xcom.py
[2026-03-03T01:02:14.984+0000] {processor.py:809} INFO - DAG(s) dict_keys(['example_xcom']) retrieved from /home/airflow/.local/lib/python3.7/site-packages/airflow/example_dags/example_xcom.py
[2026-03-03T01:02:14.999+0000] {logging_mixin.py:149} INFO - [2026-03-03T01:02:14.998+0000] {dag.py:2726} INFO - Sync 1 DAGs
[2026-03-03T01:02:15.014+0000] {logging_mixin.py:149} INFO - [2026-03-03T01:02:15.013+0000] {dag.py:3490} INFO - Setting next_dagrun for example_xcom to 2021-01-01T00:00:00+00:00, run_after=2021-01-01T00:00:00+00:00
[2026-03-03T01:02:15.027+0000] {processor.py:178} INFO - Processing /home/airflow/.local/lib/python3.7/site-packages/airflow/example_dags/example_xcom.py took 0.053 seconds
[2026-03-03T01:02:45.716+0000] {processor.py:156} INFO - Started process (PID=855) to work on /home/airflow/.local/lib/python3.7/site-packages/airflow/example_dags/example_xcom.py
[2026-03-03T01:02:45.717+0000] {processor.py:799} INFO - Processing file /home/airflow/.local/lib/python3.7/site-packages/airflow/example_dags/example_xcom.py for tasks to queue
[2026-03-03T01:02:45.718+0000] {logging_mixin.py:149} INFO - [2026-03-03T01:02:45.718+0000] {dagbag.py:541} INFO - Filling up the DagBag from /home/airflow/.local/lib/python3.7/site-packages/airflow/example_dags/example_xcom.py
[2026-03-03T01:02:45.726+0000] {processor.py:809} INFO - DAG(s) dict_keys(['example_xcom']) retrieved from /home/airflow/.local/lib/python3.7/site-packages/airflow/example_dags/example_xcom.py
[2026-03-03T01:02:45.751+0000] {logging_mixin.py:149} INFO - [2026-03-03T01:02:45.751+0000] {dag.py:2726} INFO - Sync 1 DAGs
[2026-03-03T01:02:45.766+0000] {logging_mixin.py:149} INFO - [2026-03-03T01:02:45.766+0000] {dag.py:3490} INFO - Setting next_dagrun for example_xcom to 2021-01-01T00:00:00+00:00, run_after=2021-01-01T00:00:00+00:00
[2026-03-03T01:02:45.776+0000] {processor.py:178} INFO - Processing /home/airflow/.local/lib/python3.7/site-packages/airflow/example_dags/example_xcom.py took 0.064 seconds
[2026-03-03T01:03:16.476+0000] {processor.py:156} INFO - Started process (PID=917) to work on /home/airflow/.local/lib/python3.7/site-packages/airflow/example_dags/example_xcom.py
[2026-03-03T01:03:16.477+0000] {processor.py:799} INFO - Processing file /home/airflow/.local/lib/python3.7/site-packages/airflow/example_dags/example_xcom.py for tasks to queue
[2026-03-03T01:03:16.478+0000] {logging_mixin.py:149} INFO - [2026-03-03T01:03:16.478+0000] {dagbag.py:541} INFO - Filling up the DagBag from /home/airflow/.local/lib/python3.7/site-packages/airflow/example_dags/example_xcom.py
[2026-03-03T01:03:16.485+0000] {processor.py:809} INFO - DAG(s) dict_keys(['example_xcom']) retrieved from /home/airflow/.local/lib/python3.7/site-packages/airflow/example_dags/example_xcom.py
[2026-03-03T01:03:16.507+0000] {logging_mixin.py:149} INFO - [2026-03-03T01:03:16.507+0000] {dag.py:2726} INFO - Sync 1 DAGs
[2026-03-03T01:03:16.522+0000] {logging_mixin.py:149} INFO - [2026-03-03T01:03:16.522+0000] {dag.py:3490} INFO - Setting next_dagrun for example_xcom to 2021-01-01T00:00:00+00:00, run_after=2021-01-01T00:00:00+00:00
[2026-03-03T01:03:16.532+0000] {processor.py:178} INFO - Processing /home/airflow/.local/lib/python3.7/site-packages/airflow/example_dags/example_xcom.py took 0.060 seconds
[2026-03-03T01:03:47.190+0000] {processor.py:156} INFO - Started process (PID=979) to work on /home/airflow/.local/lib/python3.7/site-packages/airflow/example_dags/example_xcom.py
[2026-03-03T01:03:47.191+0000] {processor.py:799} INFO - Processing file /home/airflow/.local/lib/python3.7/site-packages/airflow/example_dags/example_xcom.py for tasks to queue
[2026-03-03T01:03:47.192+0000] {logging_mixin.py:149} INFO - [2026-03-03T01:03:47.192+0000] {dagbag.py:541} INFO - Filling up the DagBag from /home/airflow/.local/lib/python3.7/site-packages/airflow/example_dags/example_xcom.py
[2026-03-03T01:03:47.201+0000] {processor.py:809} INFO - DAG(s) dict_keys(['example_xcom']) retrieved from /home/airflow/.local/lib/python3.7/site-packages/airflow/example_dags/example_xcom.py
[2026-03-03T01:03:47.225+0000] {logging_mixin.py:149} INFO - [2026-03-03T01:03:47.225+0000] {dag.py:2726} INFO - Sync 1 DAGs
[2026-03-03T01:03:47.243+0000] {logging_mixin.py:149} INFO - [2026-03-03T01:03:47.243+0000] {dag.py:3490} INFO - Setting next_dagrun for example_xcom to 2021-01-01T00:00:00+00:00, run_after=2021-01-01T00:00:00+00:00
[2026-03-03T01:03:47.263+0000] {processor.py:178} INFO - Processing /home/airflow/.local/lib/python3.7/site-packages/airflow/example_dags/example_xcom.py took 0.076 seconds
[2026-03-03T01:04:18.021+0000] {processor.py:156} INFO - Started process (PID=1041) to work on /home/airflow/.local/lib/python3.7/site-packages/airflow/example_dags/example_xcom.py
[2026-03-03T01:04:18.023+0000] {processor.py:799} INFO - Processing file /home/airflow/.local/lib/python3.7/site-packages/airflow/example_dags/example_xcom.py for tasks to queue
[2026-03-03T01:04:18.023+0000] {logging_mixin.py:149} INFO - [2026-03-03T01:04:18.023+0000] {dagbag.py:541} INFO - Filling up the DagBag from /home/airflow/.local/lib/python3.7/site-packages/airflow/example_dags/example_xcom.py
[2026-03-03T01:04:18.029+0000] {processor.py:809} INFO - DAG(s) dict_keys(['example_xcom']) retrieved from /home/airflow/.local/lib/python3.7/site-packages/airflow/example_dags/example_xcom.py
[2026-03-03T01:04:18.042+0000] {logging_mixin.py:149} INFO - [2026-03-03T01:04:18.041+0000] {dag.py:2726} INFO - Sync 1 DAGs
[2026-03-03T01:04:18.055+0000] {logging_mixin.py:149} INFO - [2026-03-03T01:04:18.055+0000] {dag.py:3490} INFO - Setting next_dagrun for example_xcom to 2021-01-01T00:00:00+00:00, run_after=2021-01-01T00:00:00+00:00
[2026-03-03T01:04:18.064+0000] {processor.py:178} INFO - Processing /home/airflow/.local/lib/python3.7/site-packages/airflow/example_dags/example_xcom.py took 0.046 seconds
[2026-03-03T01:04:48.571+0000] {processor.py:156} INFO - Started process (PID=1103) to work on /home/airflow/.local/lib/python3.7/site-packages/airflow/example_dags/example_xcom.py
[2026-03-03T01:04:48.573+0000] {processor.py:799} INFO - Processing file /home/airflow/.local/lib/python3.7/site-packages/airflow/example_dags/example_xcom.py for tasks to queue
[2026-03-03T01:04:48.574+0000] {logging_mixin.py:149} INFO - [2026-03-03T01:04:48.574+0000] {dagbag.py:541} INFO - Filling up the DagBag from /home/airflow/.local/lib/python3.7/site-packages/airflow/example_dags/example_xcom.py
[2026-03-03T01:04:48.584+0000] {processor.py:809} INFO - DAG(s) dict_keys(['example_xcom']) retrieved from /home/airflow/.local/lib/python3.7/site-packages/airflow/example_dags/example_xcom.py
[2026-03-03T01:04:48.605+0000] {logging_mixin.py:149} INFO - [2026-03-03T01:04:48.604+0000] {dag.py:2726} INFO - Sync 1 DAGs
[2026-03-03T01:04:48.621+0000] {logging_mixin.py:149} INFO - [2026-03-03T01:04:48.621+0000] {dag.py:3490} INFO - Setting next_dagrun for example_xcom to 2021-01-01T00:00:00+00:00, run_after=2021-01-01T00:00:00+00:00
[2026-03-03T01:04:48.631+0000] {processor.py:178} INFO - Processing /home/airflow/.local/lib/python3.7/site-packages/airflow/example_dags/example_xcom.py took 0.065 seconds
[2026-03-03T01:05:19.360+0000] {processor.py:156} INFO - Started process (PID=1165) to work on /home/airflow/.local/lib/python3.7/site-packages/airflow/example_dags/example_xcom.py
[2026-03-03T01:05:19.361+0000] {processor.py:799} INFO - Processing file /home/airflow/.local/lib/python3.7/site-packages/airflow/example_dags/example_xcom.py for tasks to queue
[2026-03-03T01:05:19.362+0000] {logging_mixin.py:149} INFO - [2026-03-03T01:05:19.362+0000] {dagbag.py:541} INFO - Filling up the DagBag from /home/airflow/.local/lib/python3.7/site-packages/airflow/example_dags/example_xcom.py
[2026-03-03T01:05:19.369+0000] {processor.py:809} INFO - DAG(s) dict_keys(['example_xcom']) retrieved from /home/airflow/.local/lib/python3.7/site-packages/airflow/example_dags/example_xcom.py
[2026-03-03T01:05:19.389+0000] {logging_mixin.py:149} INFO - [2026-03-03T01:05:19.389+0000] {dag.py:2726} INFO - Sync 1 DAGs
[2026-03-03T01:05:19.404+0000] {logging_mixin.py:149} INFO - [2026-03-03T01:05:19.404+0000] {dag.py:3490} INFO - Setting next_dagrun for example_xcom to 2021-01-01T00:00:00+00:00, run_after=2021-01-01T00:00:00+00:00
[2026-03-03T01:05:19.415+0000] {processor.py:178} INFO - Processing /home/airflow/.local/lib/python3.7/site-packages/airflow/example_dags/example_xcom.py took 0.060 seconds
[2026-03-03T01:05:50.126+0000] {processor.py:156} INFO - Started process (PID=1227) to work on /home/airflow/.local/lib/python3.7/site-packages/airflow/example_dags/example_xcom.py
[2026-03-03T01:05:50.127+0000] {processor.py:799} INFO - Processing file /home/airflow/.local/lib/python3.7/site-packages/airflow/example_dags/example_xcom.py for tasks to queue
[2026-03-03T01:05:50.128+0000] {logging_mixin.py:149} INFO - [2026-03-03T01:05:50.128+0000] {dagbag.py:541} INFO - Filling up the DagBag from /home/airflow/.local/lib/python3.7/site-packages/airflow/example_dags/example_xcom.py
[2026-03-03T01:05:50.133+0000] {processor.py:809} INFO - DAG(s) dict_keys(['example_xcom']) retrieved from /home/airflow/.local/lib/python3.7/site-packages/airflow/example_dags/example_xcom.py
[2026-03-03T01:05:50.145+0000] {logging_mixin.py:149} INFO - [2026-03-03T01:05:50.145+0000] {dag.py:2726} INFO - Sync 1 DAGs
[2026-03-03T01:05:50.157+0000] {logging_mixin.py:149} INFO - [2026-03-03T01:05:50.157+0000] {dag.py:3490} INFO - Setting next_dagrun for example_xcom to 2021-01-01T00:00:00+00:00, run_after=2021-01-01T00:00:00+00:00
[2026-03-03T01:05:50.166+0000] {processor.py:178} INFO - Processing /home/airflow/.local/lib/python3.7/site-packages/airflow/example_dags/example_xcom.py took 0.043 seconds
[2026-03-03T01:06:20.626+0000] {processor.py:156} INFO - Started process (PID=1289) to work on /home/airflow/.local/lib/python3.7/site-packages/airflow/example_dags/example_xcom.py
[2026-03-03T01:06:20.627+0000] {processor.py:799} INFO - Processing file /home/airflow/.local/lib/python3.7/site-packages/airflow/example_dags/example_xcom.py for tasks to queue
[2026-03-03T01:06:20.629+0000] {logging_mixin.py:149} INFO - [2026-03-03T01:06:20.629+0000] {dagbag.py:541} INFO - Filling up the DagBag from /home/airflow/.local/lib/python3.7/site-packages/airflow/example_dags/example_xcom.py
[2026-03-03T01:06:20.634+0000] {processor.py:809} INFO - DAG(s) dict_keys(['example_xcom']) retrieved from /home/airflow/.local/lib/python3.7/site-packages/airflow/example_dags/example_xcom.py
[2026-03-03T01:06:20.646+0000] {logging_mixin.py:149} INFO - [2026-03-03T01:06:20.646+0000] {dag.py:2726} INFO - Sync 1 DAGs
[2026-03-03T01:06:20.656+0000] {logging_mixin.py:149} INFO - [2026-03-03T01:06:20.656+0000] {dag.py:3490} INFO - Setting next_dagrun for example_xcom to 2021-01-01T00:00:00+00:00, run_after=2021-01-01T00:00:00+00:00
[2026-03-03T01:06:20.665+0000] {processor.py:178} INFO - Processing /home/airflow/.local/lib/python3.7/site-packages/airflow/example_dags/example_xcom.py took 0.042 seconds
[2026-03-03T01:07:09.193+0000] {processor.py:156} INFO - Started process (PID=41) to work on /home/airflow/.local/lib/python3.7/site-packages/airflow/example_dags/example_xcom.py
[2026-03-03T01:07:09.193+0000] {processor.py:799} INFO - Processing file /home/airflow/.local/lib/python3.7/site-packages/airflow/example_dags/example_xcom.py for tasks to queue
[2026-03-03T01:07:09.194+0000] {logging_mixin.py:149} INFO - [2026-03-03T01:07:09.194+0000] {dagbag.py:541} INFO - Filling up the DagBag from /home/airflow/.local/lib/python3.7/site-packages/airflow/example_dags/example_xcom.py
[2026-03-03T01:07:09.199+0000] {processor.py:809} INFO - DAG(s) dict_keys(['example_xcom']) retrieved from /home/airflow/.local/lib/python3.7/site-packages/airflow/example_dags/example_xcom.py
[2026-03-03T01:07:09.209+0000] {logging_mixin.py:149} INFO - [2026-03-03T01:07:09.209+0000] {dag.py:2726} INFO - Sync 1 DAGs
[2026-03-03T01:07:09.230+0000] {logging_mixin.py:149} INFO - [2026-03-03T01:07:09.230+0000] {dag.py:3490} INFO - Setting next_dagrun for example_xcom to 2021-01-01T00:00:00+00:00, run_after=2021-01-01T00:00:00+00:00
[2026-03-03T01:07:09.246+0000] {processor.py:178} INFO - Processing /home/airflow/.local/lib/python3.7/site-packages/airflow/example_dags/example_xcom.py took 0.055 seconds
[2026-03-03T01:07:39.358+0000] {processor.py:156} INFO - Started process (PID=103) to work on /home/airflow/.local/lib/python3.7/site-packages/airflow/example_dags/example_xcom.py
[2026-03-03T01:07:39.358+0000] {processor.py:799} INFO - Processing file /home/airflow/.local/lib/python3.7/site-packages/airflow/example_dags/example_xcom.py for tasks to queue
[2026-03-03T01:07:39.359+0000] {logging_mixin.py:149} INFO - [2026-03-03T01:07:39.358+0000] {dagbag.py:541} INFO - Filling up the DagBag from /home/airflow/.local/lib/python3.7/site-packages/airflow/example_dags/example_xcom.py
[2026-03-03T01:07:39.362+0000] {processor.py:809} INFO - DAG(s) dict_keys(['example_xcom']) retrieved from /home/airflow/.local/lib/python3.7/site-packages/airflow/example_dags/example_xcom.py
[2026-03-03T01:07:39.376+0000] {logging_mixin.py:149} INFO - [2026-03-03T01:07:39.375+0000] {dag.py:2726} INFO - Sync 1 DAGs
[2026-03-03T01:07:39.393+0000] {logging_mixin.py:149} INFO - [2026-03-03T01:07:39.392+0000] {dag.py:3490} INFO - Setting next_dagrun for example_xcom to 2021-01-01T00:00:00+00:00, run_after=2021-01-01T00:00:00+00:00
[2026-03-03T01:07:39.408+0000] {processor.py:178} INFO - Processing /home/airflow/.local/lib/python3.7/site-packages/airflow/example_dags/example_xcom.py took 0.052 seconds
[2026-03-03T01:08:11.925+0000] {processor.py:156} INFO - Started process (PID=172) to work on /home/airflow/.local/lib/python3.7/site-packages/airflow/example_dags/example_xcom.py
[2026-03-03T01:08:11.928+0000] {processor.py:799} INFO - Processing file /home/airflow/.local/lib/python3.7/site-packages/airflow/example_dags/example_xcom.py for tasks to queue
[2026-03-03T01:08:11.929+0000] {logging_mixin.py:149} INFO - [2026-03-03T01:08:11.929+0000] {dagbag.py:541} INFO - Filling up the DagBag from /home/airflow/.local/lib/python3.7/site-packages/airflow/example_dags/example_xcom.py
[2026-03-03T01:08:11.948+0000] {processor.py:809} INFO - DAG(s) dict_keys(['example_xcom']) retrieved from /home/airflow/.local/lib/python3.7/site-packages/airflow/example_dags/example_xcom.py
[2026-03-03T01:08:12.029+0000] {logging_mixin.py:149} INFO - [2026-03-03T01:08:12.028+0000] {dag.py:2726} INFO - Sync 1 DAGs
[2026-03-03T01:08:12.405+0000] {logging_mixin.py:149} INFO - [2026-03-03T01:08:12.405+0000] {dag.py:3490} INFO - Setting next_dagrun for example_xcom to 2021-01-01T00:00:00+00:00, run_after=2021-01-01T00:00:00+00:00
[2026-03-03T01:08:12.464+0000] {processor.py:178} INFO - Processing /home/airflow/.local/lib/python3.7/site-packages/airflow/example_dags/example_xcom.py took 0.548 seconds
[2026-03-03T01:08:42.661+0000] {processor.py:156} INFO - Started process (PID=234) to work on /home/airflow/.local/lib/python3.7/site-packages/airflow/example_dags/example_xcom.py
[2026-03-03T01:08:42.663+0000] {processor.py:799} INFO - Processing file /home/airflow/.local/lib/python3.7/site-packages/airflow/example_dags/example_xcom.py for tasks to queue
[2026-03-03T01:08:42.663+0000] {logging_mixin.py:149} INFO - [2026-03-03T01:08:42.663+0000] {dagbag.py:541} INFO - Filling up the DagBag from /home/airflow/.local/lib/python3.7/site-packages/airflow/example_dags/example_xcom.py
[2026-03-03T01:08:42.667+0000] {processor.py:809} INFO - DAG(s) dict_keys(['example_xcom']) retrieved from /home/airflow/.local/lib/python3.7/site-packages/airflow/example_dags/example_xcom.py
[2026-03-03T01:08:42.682+0000] {logging_mixin.py:149} INFO - [2026-03-03T01:08:42.682+0000] {dag.py:2726} INFO - Sync 1 DAGs
[2026-03-03T01:08:42.693+0000] {logging_mixin.py:149} INFO - [2026-03-03T01:08:42.692+0000] {dag.py:3490} INFO - Setting next_dagrun for example_xcom to 2021-01-01T00:00:00+00:00, run_after=2021-01-01T00:00:00+00:00
[2026-03-03T01:08:42.699+0000] {processor.py:178} INFO - Processing /home/airflow/.local/lib/python3.7/site-packages/airflow/example_dags/example_xcom.py took 0.040 seconds
[2026-03-03T01:09:13.661+0000] {processor.py:156} INFO - Started process (PID=296) to work on /home/airflow/.local/lib/python3.7/site-packages/airflow/example_dags/example_xcom.py
[2026-03-03T01:09:13.662+0000] {processor.py:799} INFO - Processing file /home/airflow/.local/lib/python3.7/site-packages/airflow/example_dags/example_xcom.py for tasks to queue
[2026-03-03T01:09:13.663+0000] {logging_mixin.py:149} INFO - [2026-03-03T01:09:13.663+0000] {dagbag.py:541} INFO - Filling up the DagBag from /home/airflow/.local/lib/python3.7/site-packages/airflow/example_dags/example_xcom.py
[2026-03-03T01:09:13.672+0000] {processor.py:809} INFO - DAG(s) dict_keys(['example_xcom']) retrieved from /home/airflow/.local/lib/python3.7/site-packages/airflow/example_dags/example_xcom.py
[2026-03-03T01:09:13.688+0000] {logging_mixin.py:149} INFO - [2026-03-03T01:09:13.688+0000] {dag.py:2726} INFO - Sync 1 DAGs
[2026-03-03T01:09:13.703+0000] {logging_mixin.py:149} INFO - [2026-03-03T01:09:13.703+0000] {dag.py:3490} INFO - Setting next_dagrun for example_xcom to 2021-01-01T00:00:00+00:00, run_after=2021-01-01T00:00:00+00:00
[2026-03-03T01:09:13.713+0000] {processor.py:178} INFO - Processing /home/airflow/.local/lib/python3.7/site-packages/airflow/example_dags/example_xcom.py took 0.054 seconds
[2026-03-03T01:09:44.617+0000] {processor.py:156} INFO - Started process (PID=358) to work on /home/airflow/.local/lib/python3.7/site-packages/airflow/example_dags/example_xcom.py
[2026-03-03T01:09:44.619+0000] {processor.py:799} INFO - Processing file /home/airflow/.local/lib/python3.7/site-packages/airflow/example_dags/example_xcom.py for tasks to queue
[2026-03-03T01:09:44.621+0000] {logging_mixin.py:149} INFO - [2026-03-03T01:09:44.621+0000] {dagbag.py:541} INFO - Filling up the DagBag from /home/airflow/.local/lib/python3.7/site-packages/airflow/example_dags/example_xcom.py
[2026-03-03T01:09:44.628+0000] {processor.py:809} INFO - DAG(s) dict_keys(['example_xcom']) retrieved from /home/airflow/.local/lib/python3.7/site-packages/airflow/example_dags/example_xcom.py
[2026-03-03T01:09:44.644+0000] {logging_mixin.py:149} INFO - [2026-03-03T01:09:44.644+0000] {dag.py:2726} INFO - Sync 1 DAGs
[2026-03-03T01:09:44.659+0000] {logging_mixin.py:149} INFO - [2026-03-03T01:09:44.659+0000] {dag.py:3490} INFO - Setting next_dagrun for example_xcom to 2021-01-01T00:00:00+00:00, run_after=2021-01-01T00:00:00+00:00
[2026-03-03T01:09:44.667+0000] {processor.py:178} INFO - Processing /home/airflow/.local/lib/python3.7/site-packages/airflow/example_dags/example_xcom.py took 0.052 seconds
[2026-03-03T01:10:15.878+0000] {processor.py:156} INFO - Started process (PID=420) to work on /home/airflow/.local/lib/python3.7/site-packages/airflow/example_dags/example_xcom.py
[2026-03-03T01:10:15.880+0000] {processor.py:799} INFO - Processing file /home/airflow/.local/lib/python3.7/site-packages/airflow/example_dags/example_xcom.py for tasks to queue
[2026-03-03T01:10:15.884+0000] {logging_mixin.py:149} INFO - [2026-03-03T01:10:15.884+0000] {dagbag.py:541} INFO - Filling up the DagBag from /home/airflow/.local/lib/python3.7/site-packages/airflow/example_dags/example_xcom.py
[2026-03-03T01:10:15.913+0000] {processor.py:809} INFO - DAG(s) dict_keys(['example_xcom']) retrieved from /home/airflow/.local/lib/python3.7/site-packages/airflow/example_dags/example_xcom.py
[2026-03-03T01:10:15.999+0000] {logging_mixin.py:149} INFO - [2026-03-03T01:10:15.999+0000] {dag.py:2726} INFO - Sync 1 DAGs
[2026-03-03T01:10:16.119+0000] {logging_mixin.py:149} INFO - [2026-03-03T01:10:16.117+0000] {dag.py:3490} INFO - Setting next_dagrun for example_xcom to 2021-01-01T00:00:00+00:00, run_after=2021-01-01T00:00:00+00:00
[2026-03-03T01:10:16.215+0000] {processor.py:178} INFO - Processing /home/airflow/.local/lib/python3.7/site-packages/airflow/example_dags/example_xcom.py took 0.349 seconds
[2026-03-03T01:10:46.372+0000] {processor.py:156} INFO - Started process (PID=482) to work on /home/airflow/.local/lib/python3.7/site-packages/airflow/example_dags/example_xcom.py
[2026-03-03T01:10:46.375+0000] {processor.py:799} INFO - Processing file /home/airflow/.local/lib/python3.7/site-packages/airflow/example_dags/example_xcom.py for tasks to queue
[2026-03-03T01:10:46.377+0000] {logging_mixin.py:149} INFO - [2026-03-03T01:10:46.376+0000] {dagbag.py:541} INFO - Filling up the DagBag from /home/airflow/.local/lib/python3.7/site-packages/airflow/example_dags/example_xcom.py
[2026-03-03T01:10:46.394+0000] {processor.py:809} INFO - DAG(s) dict_keys(['example_xcom']) retrieved from /home/airflow/.local/lib/python3.7/site-packages/airflow/example_dags/example_xcom.py
[2026-03-03T01:10:46.461+0000] {logging_mixin.py:149} INFO - [2026-03-03T01:10:46.461+0000] {dag.py:2726} INFO - Sync 1 DAGs
[2026-03-03T01:10:46.529+0000] {logging_mixin.py:149} INFO - [2026-03-03T01:10:46.529+0000] {dag.py:3490} INFO - Setting next_dagrun for example_xcom to 2021-01-01T00:00:00+00:00, run_after=2021-01-01T00:00:00+00:00
[2026-03-03T01:10:46.582+0000] {processor.py:178} INFO - Processing /home/airflow/.local/lib/python3.7/site-packages/airflow/example_dags/example_xcom.py took 0.218 seconds
[2026-03-03T01:11:17.475+0000] {processor.py:156} INFO - Started process (PID=544) to work on /home/airflow/.local/lib/python3.7/site-packages/airflow/example_dags/example_xcom.py
[2026-03-03T01:11:17.477+0000] {processor.py:799} INFO - Processing file /home/airflow/.local/lib/python3.7/site-packages/airflow/example_dags/example_xcom.py for tasks to queue
[2026-03-03T01:11:17.477+0000] {logging_mixin.py:149} INFO - [2026-03-03T01:11:17.477+0000] {dagbag.py:541} INFO - Filling up the DagBag from /home/airflow/.local/lib/python3.7/site-packages/airflow/example_dags/example_xcom.py
[2026-03-03T01:11:17.482+0000] {processor.py:809} INFO - DAG(s) dict_keys(['example_xcom']) retrieved from /home/airflow/.local/lib/python3.7/site-packages/airflow/example_dags/example_xcom.py
[2026-03-03T01:11:17.506+0000] {logging_mixin.py:149} INFO - [2026-03-03T01:11:17.506+0000] {dag.py:2726} INFO - Sync 1 DAGs
[2026-03-03T01:11:17.521+0000] {logging_mixin.py:149} INFO - [2026-03-03T01:11:17.521+0000] {dag.py:3490} INFO - Setting next_dagrun for example_xcom to 2021-01-01T00:00:00+00:00, run_after=2021-01-01T00:00:00+00:00
[2026-03-03T01:11:17.535+0000] {processor.py:178} INFO - Processing /home/airflow/.local/lib/python3.7/site-packages/airflow/example_dags/example_xcom.py took 0.063 seconds
[2026-03-03T01:11:48.406+0000] {processor.py:156} INFO - Started process (PID=606) to work on /home/airflow/.local/lib/python3.7/site-packages/airflow/example_dags/example_xcom.py
[2026-03-03T01:11:48.409+0000] {processor.py:799} INFO - Processing file /home/airflow/.local/lib/python3.7/site-packages/airflow/example_dags/example_xcom.py for tasks to queue
[2026-03-03T01:11:48.411+0000] {logging_mixin.py:149} INFO - [2026-03-03T01:11:48.410+0000] {dagbag.py:541} INFO - Filling up the DagBag from /home/airflow/.local/lib/python3.7/site-packages/airflow/example_dags/example_xcom.py
[2026-03-03T01:11:48.427+0000] {processor.py:809} INFO - DAG(s) dict_keys(['example_xcom']) retrieved from /home/airflow/.local/lib/python3.7/site-packages/airflow/example_dags/example_xcom.py
[2026-03-03T01:11:48.491+0000] {logging_mixin.py:149} INFO - [2026-03-03T01:11:48.490+0000] {dag.py:2726} INFO - Sync 1 DAGs
[2026-03-03T01:11:48.551+0000] {logging_mixin.py:149} INFO - [2026-03-03T01:11:48.551+0000] {dag.py:3490} INFO - Setting next_dagrun for example_xcom to 2021-01-01T00:00:00+00:00, run_after=2021-01-01T00:00:00+00:00
[2026-03-03T01:11:48.608+0000] {processor.py:178} INFO - Processing /home/airflow/.local/lib/python3.7/site-packages/airflow/example_dags/example_xcom.py took 0.209 seconds
[2026-03-03T01:12:19.431+0000] {processor.py:156} INFO - Started process (PID=668) to work on /home/airflow/.local/lib/python3.7/site-packages/airflow/example_dags/example_xcom.py
[2026-03-03T01:12:19.434+0000] {processor.py:799} INFO - Processing file /home/airflow/.local/lib/python3.7/site-packages/airflow/example_dags/example_xcom.py for tasks to queue
[2026-03-03T01:12:19.436+0000] {logging_mixin.py:149} INFO - [2026-03-03T01:12:19.435+0000] {dagbag.py:541} INFO - Filling up the DagBag from /home/airflow/.local/lib/python3.7/site-packages/airflow/example_dags/example_xcom.py
[2026-03-03T01:12:19.451+0000] {processor.py:809} INFO - DAG(s) dict_keys(['example_xcom']) retrieved from /home/airflow/.local/lib/python3.7/site-packages/airflow/example_dags/example_xcom.py
[2026-03-03T01:12:19.510+0000] {logging_mixin.py:149} INFO - [2026-03-03T01:12:19.509+0000] {dag.py:2726} INFO - Sync 1 DAGs
[2026-03-03T01:12:19.564+0000] {logging_mixin.py:149} INFO - [2026-03-03T01:12:19.564+0000] {dag.py:3490} INFO - Setting next_dagrun for example_xcom to 2021-01-01T00:00:00+00:00, run_after=2021-01-01T00:00:00+00:00
[2026-03-03T01:12:19.610+0000] {processor.py:178} INFO - Processing /home/airflow/.local/lib/python3.7/site-packages/airflow/example_dags/example_xcom.py took 0.187 seconds
[2026-03-03T01:12:49.872+0000] {processor.py:156} INFO - Started process (PID=730) to work on /home/airflow/.local/lib/python3.7/site-packages/airflow/example_dags/example_xcom.py
[2026-03-03T01:12:49.874+0000] {processor.py:799} INFO - Processing file /home/airflow/.local/lib/python3.7/site-packages/airflow/example_dags/example_xcom.py for tasks to queue
[2026-03-03T01:12:49.876+0000] {logging_mixin.py:149} INFO - [2026-03-03T01:12:49.875+0000] {dagbag.py:541} INFO - Filling up the DagBag from /home/airflow/.local/lib/python3.7/site-packages/airflow/example_dags/example_xcom.py
[2026-03-03T01:12:49.890+0000] {processor.py:809} INFO - DAG(s) dict_keys(['example_xcom']) retrieved from /home/airflow/.local/lib/python3.7/site-packages/airflow/example_dags/example_xcom.py
[2026-03-03T01:12:49.947+0000] {logging_mixin.py:149} INFO - [2026-03-03T01:12:49.947+0000] {dag.py:2726} INFO - Sync 1 DAGs
[2026-03-03T01:12:50.010+0000] {logging_mixin.py:149} INFO - [2026-03-03T01:12:50.010+0000] {dag.py:3490} INFO - Setting next_dagrun for example_xcom to 2021-01-01T00:00:00+00:00, run_after=2021-01-01T00:00:00+00:00
[2026-03-03T01:12:50.063+0000] {processor.py:178} INFO - Processing /home/airflow/.local/lib/python3.7/site-packages/airflow/example_dags/example_xcom.py took 0.197 seconds
[2026-03-03T01:13:20.084+0000] {processor.py:156} INFO - Started process (PID=792) to work on /home/airflow/.local/lib/python3.7/site-packages/airflow/example_dags/example_xcom.py
[2026-03-03T01:13:20.085+0000] {processor.py:799} INFO - Processing file /home/airflow/.local/lib/python3.7/site-packages/airflow/example_dags/example_xcom.py for tasks to queue
[2026-03-03T01:13:20.085+0000] {logging_mixin.py:149} INFO - [2026-03-03T01:13:20.085+0000] {dagbag.py:541} INFO - Filling up the DagBag from /home/airflow/.local/lib/python3.7/site-packages/airflow/example_dags/example_xcom.py
[2026-03-03T01:13:20.090+0000] {processor.py:809} INFO - DAG(s) dict_keys(['example_xcom']) retrieved from /home/airflow/.local/lib/python3.7/site-packages/airflow/example_dags/example_xcom.py
[2026-03-03T01:13:20.104+0000] {logging_mixin.py:149} INFO - [2026-03-03T01:13:20.104+0000] {dag.py:2726} INFO - Sync 1 DAGs
[2026-03-03T01:13:20.118+0000] {logging_mixin.py:149} INFO - [2026-03-03T01:13:20.118+0000] {dag.py:3490} INFO - Setting next_dagrun for example_xcom to 2021-01-01T00:00:00+00:00, run_after=2021-01-01T00:00:00+00:00
[2026-03-03T01:13:20.127+0000] {processor.py:178} INFO - Processing /home/airflow/.local/lib/python3.7/site-packages/airflow/example_dags/example_xcom.py took 0.045 seconds
[2026-03-03T01:13:50.670+0000] {processor.py:156} INFO - Started process (PID=854) to work on /home/airflow/.local/lib/python3.7/site-packages/airflow/example_dags/example_xcom.py
[2026-03-03T01:13:50.670+0000] {processor.py:799} INFO - Processing file /home/airflow/.local/lib/python3.7/site-packages/airflow/example_dags/example_xcom.py for tasks to queue
[2026-03-03T01:13:50.670+0000] {logging_mixin.py:149} INFO - [2026-03-03T01:13:50.670+0000] {dagbag.py:541} INFO - Filling up the DagBag from /home/airflow/.local/lib/python3.7/site-packages/airflow/example_dags/example_xcom.py
[2026-03-03T01:13:50.676+0000] {processor.py:809} INFO - DAG(s) dict_keys(['example_xcom']) retrieved from /home/airflow/.local/lib/python3.7/site-packages/airflow/example_dags/example_xcom.py
[2026-03-03T01:13:50.695+0000] {logging_mixin.py:149} INFO - [2026-03-03T01:13:50.695+0000] {dag.py:2726} INFO - Sync 1 DAGs
[2026-03-03T01:13:50.710+0000] {logging_mixin.py:149} INFO - [2026-03-03T01:13:50.709+0000] {dag.py:3490} INFO - Setting next_dagrun for example_xcom to 2021-01-01T00:00:00+00:00, run_after=2021-01-01T00:00:00+00:00
[2026-03-03T01:13:50.720+0000] {processor.py:178} INFO - Processing /home/airflow/.local/lib/python3.7/site-packages/airflow/example_dags/example_xcom.py took 0.054 seconds
[2026-03-03T01:14:21.467+0000] {processor.py:156} INFO - Started process (PID=916) to work on /home/airflow/.local/lib/python3.7/site-packages/airflow/example_dags/example_xcom.py
[2026-03-03T01:14:21.468+0000] {processor.py:799} INFO - Processing file /home/airflow/.local/lib/python3.7/site-packages/airflow/example_dags/example_xcom.py for tasks to queue
[2026-03-03T01:14:21.469+0000] {logging_mixin.py:149} INFO - [2026-03-03T01:14:21.469+0000] {dagbag.py:541} INFO - Filling up the DagBag from /home/airflow/.local/lib/python3.7/site-packages/airflow/example_dags/example_xcom.py
[2026-03-03T01:14:21.473+0000] {processor.py:809} INFO - DAG(s) dict_keys(['example_xcom']) retrieved from /home/airflow/.local/lib/python3.7/site-packages/airflow/example_dags/example_xcom.py
[2026-03-03T01:14:21.490+0000] {logging_mixin.py:149} INFO - [2026-03-03T01:14:21.490+0000] {dag.py:2726} INFO - Sync 1 DAGs
[2026-03-03T01:14:21.505+0000] {logging_mixin.py:149} INFO - [2026-03-03T01:14:21.505+0000] {dag.py:3490} INFO - Setting next_dagrun for example_xcom to 2021-01-01T00:00:00+00:00, run_after=2021-01-01T00:00:00+00:00
[2026-03-03T01:14:21.514+0000] {processor.py:178} INFO - Processing /home/airflow/.local/lib/python3.7/site-packages/airflow/example_dags/example_xcom.py took 0.050 seconds
[2026-03-03T01:14:51.834+0000] {processor.py:156} INFO - Started process (PID=978) to work on /home/airflow/.local/lib/python3.7/site-packages/airflow/example_dags/example_xcom.py
[2026-03-03T01:14:51.837+0000] {processor.py:799} INFO - Processing file /home/airflow/.local/lib/python3.7/site-packages/airflow/example_dags/example_xcom.py for tasks to queue
[2026-03-03T01:14:51.839+0000] {logging_mixin.py:149} INFO - [2026-03-03T01:14:51.838+0000] {dagbag.py:541} INFO - Filling up the DagBag from /home/airflow/.local/lib/python3.7/site-packages/airflow/example_dags/example_xcom.py
[2026-03-03T01:14:51.852+0000] {processor.py:809} INFO - DAG(s) dict_keys(['example_xcom']) retrieved from /home/airflow/.local/lib/python3.7/site-packages/airflow/example_dags/example_xcom.py
[2026-03-03T01:14:51.910+0000] {logging_mixin.py:149} INFO - [2026-03-03T01:14:51.909+0000] {dag.py:2726} INFO - Sync 1 DAGs
[2026-03-03T01:14:51.967+0000] {logging_mixin.py:149} INFO - [2026-03-03T01:14:51.967+0000] {dag.py:3490} INFO - Setting next_dagrun for example_xcom to 2021-01-01T00:00:00+00:00, run_after=2021-01-01T00:00:00+00:00
[2026-03-03T01:14:52.013+0000] {processor.py:178} INFO - Processing /home/airflow/.local/lib/python3.7/site-packages/airflow/example_dags/example_xcom.py took 0.186 seconds
[2026-03-03T01:15:22.751+0000] {processor.py:156} INFO - Started process (PID=1040) to work on /home/airflow/.local/lib/python3.7/site-packages/airflow/example_dags/example_xcom.py
[2026-03-03T01:15:22.751+0000] {processor.py:799} INFO - Processing file /home/airflow/.local/lib/python3.7/site-packages/airflow/example_dags/example_xcom.py for tasks to queue
[2026-03-03T01:15:22.752+0000] {logging_mixin.py:149} INFO - [2026-03-03T01:15:22.752+0000] {dagbag.py:541} INFO - Filling up the DagBag from /home/airflow/.local/lib/python3.7/site-packages/airflow/example_dags/example_xcom.py
[2026-03-03T01:15:22.756+0000] {processor.py:809} INFO - DAG(s) dict_keys(['example_xcom']) retrieved from /home/airflow/.local/lib/python3.7/site-packages/airflow/example_dags/example_xcom.py
[2026-03-03T01:15:22.771+0000] {logging_mixin.py:149} INFO - [2026-03-03T01:15:22.771+0000] {dag.py:2726} INFO - Sync 1 DAGs
[2026-03-03T01:15:22.784+0000] {logging_mixin.py:149} INFO - [2026-03-03T01:15:22.784+0000] {dag.py:3490} INFO - Setting next_dagrun for example_xcom to 2021-01-01T00:00:00+00:00, run_after=2021-01-01T00:00:00+00:00
[2026-03-03T01:15:22.793+0000] {processor.py:178} INFO - Processing /home/airflow/.local/lib/python3.7/site-packages/airflow/example_dags/example_xcom.py took 0.045 seconds
[2026-03-03T01:15:53.608+0000] {processor.py:156} INFO - Started process (PID=1101) to work on /home/airflow/.local/lib/python3.7/site-packages/airflow/example_dags/example_xcom.py
[2026-03-03T01:15:53.609+0000] {processor.py:799} INFO - Processing file /home/airflow/.local/lib/python3.7/site-packages/airflow/example_dags/example_xcom.py for tasks to queue
[2026-03-03T01:15:53.609+0000] {logging_mixin.py:149} INFO - [2026-03-03T01:15:53.609+0000] {dagbag.py:541} INFO - Filling up the DagBag from /home/airflow/.local/lib/python3.7/site-packages/airflow/example_dags/example_xcom.py
[2026-03-03T01:15:53.614+0000] {processor.py:809} INFO - DAG(s) dict_keys(['example_xcom']) retrieved from /home/airflow/.local/lib/python3.7/site-packages/airflow/example_dags/example_xcom.py
[2026-03-03T01:15:53.629+0000] {logging_mixin.py:149} INFO - [2026-03-03T01:15:53.629+0000] {dag.py:2726} INFO - Sync 1 DAGs
[2026-03-03T01:15:53.643+0000] {logging_mixin.py:149} INFO - [2026-03-03T01:15:53.643+0000] {dag.py:3490} INFO - Setting next_dagrun for example_xcom to 2021-01-01T00:00:00+00:00, run_after=2021-01-01T00:00:00+00:00
[2026-03-03T01:15:53.652+0000] {processor.py:178} INFO - Processing /home/airflow/.local/lib/python3.7/site-packages/airflow/example_dags/example_xcom.py took 0.046 seconds
[2026-03-03T01:16:24.179+0000] {processor.py:156} INFO - Started process (PID=1163) to work on /home/airflow/.local/lib/python3.7/site-packages/airflow/example_dags/example_xcom.py
[2026-03-03T01:16:24.182+0000] {processor.py:799} INFO - Processing file /home/airflow/.local/lib/python3.7/site-packages/airflow/example_dags/example_xcom.py for tasks to queue
[2026-03-03T01:16:24.184+0000] {logging_mixin.py:149} INFO - [2026-03-03T01:16:24.183+0000] {dagbag.py:541} INFO - Filling up the DagBag from /home/airflow/.local/lib/python3.7/site-packages/airflow/example_dags/example_xcom.py
[2026-03-03T01:16:24.202+0000] {processor.py:809} INFO - DAG(s) dict_keys(['example_xcom']) retrieved from /home/airflow/.local/lib/python3.7/site-packages/airflow/example_dags/example_xcom.py
[2026-03-03T01:16:24.263+0000] {logging_mixin.py:149} INFO - [2026-03-03T01:16:24.263+0000] {dag.py:2726} INFO - Sync 1 DAGs
[2026-03-03T01:16:24.341+0000] {logging_mixin.py:149} INFO - [2026-03-03T01:16:24.340+0000] {dag.py:3490} INFO - Setting next_dagrun for example_xcom to 2021-01-01T00:00:00+00:00, run_after=2021-01-01T00:00:00+00:00
[2026-03-03T01:16:24.402+0000] {processor.py:178} INFO - Processing /home/airflow/.local/lib/python3.7/site-packages/airflow/example_dags/example_xcom.py took 0.231 seconds
[2026-03-03T01:16:54.945+0000] {processor.py:156} INFO - Started process (PID=1225) to work on /home/airflow/.local/lib/python3.7/site-packages/airflow/example_dags/example_xcom.py
[2026-03-03T01:16:54.947+0000] {processor.py:799} INFO - Processing file /home/airflow/.local/lib/python3.7/site-packages/airflow/example_dags/example_xcom.py for tasks to queue
[2026-03-03T01:16:54.949+0000] {logging_mixin.py:149} INFO - [2026-03-03T01:16:54.948+0000] {dagbag.py:541} INFO - Filling up the DagBag from /home/airflow/.local/lib/python3.7/site-packages/airflow/example_dags/example_xcom.py
[2026-03-03T01:16:54.959+0000] {processor.py:809} INFO - DAG(s) dict_keys(['example_xcom']) retrieved from /home/airflow/.local/lib/python3.7/site-packages/airflow/example_dags/example_xcom.py
[2026-03-03T01:16:55.001+0000] {logging_mixin.py:149} INFO - [2026-03-03T01:16:55.000+0000] {dag.py:2726} INFO - Sync 1 DAGs
[2026-03-03T01:16:55.053+0000] {logging_mixin.py:149} INFO - [2026-03-03T01:16:55.053+0000] {dag.py:3490} INFO - Setting next_dagrun for example_xcom to 2021-01-01T00:00:00+00:00, run_after=2021-01-01T00:00:00+00:00
[2026-03-03T01:16:55.088+0000] {processor.py:178} INFO - Processing /home/airflow/.local/lib/python3.7/site-packages/airflow/example_dags/example_xcom.py took 0.147 seconds
[2026-03-03T01:17:25.365+0000] {processor.py:156} INFO - Started process (PID=1287) to work on /home/airflow/.local/lib/python3.7/site-packages/airflow/example_dags/example_xcom.py
[2026-03-03T01:17:25.366+0000] {processor.py:799} INFO - Processing file /home/airflow/.local/lib/python3.7/site-packages/airflow/example_dags/example_xcom.py for tasks to queue
[2026-03-03T01:17:25.366+0000] {logging_mixin.py:149} INFO - [2026-03-03T01:17:25.366+0000] {dagbag.py:541} INFO - Filling up the DagBag from /home/airflow/.local/lib/python3.7/site-packages/airflow/example_dags/example_xcom.py
[2026-03-03T01:17:25.371+0000] {processor.py:809} INFO - DAG(s) dict_keys(['example_xcom']) retrieved from /home/airflow/.local/lib/python3.7/site-packages/airflow/example_dags/example_xcom.py
[2026-03-03T01:17:25.386+0000] {logging_mixin.py:149} INFO - [2026-03-03T01:17:25.386+0000] {dag.py:2726} INFO - Sync 1 DAGs
[2026-03-03T01:17:25.399+0000] {logging_mixin.py:149} INFO - [2026-03-03T01:17:25.399+0000] {dag.py:3490} INFO - Setting next_dagrun for example_xcom to 2021-01-01T00:00:00+00:00, run_after=2021-01-01T00:00:00+00:00
[2026-03-03T01:17:25.409+0000] {processor.py:178} INFO - Processing /home/airflow/.local/lib/python3.7/site-packages/airflow/example_dags/example_xcom.py took 0.046 seconds
[2026-03-03T01:17:56.280+0000] {processor.py:156} INFO - Started process (PID=1349) to work on /home/airflow/.local/lib/python3.7/site-packages/airflow/example_dags/example_xcom.py
[2026-03-03T01:17:56.281+0000] {processor.py:799} INFO - Processing file /home/airflow/.local/lib/python3.7/site-packages/airflow/example_dags/example_xcom.py for tasks to queue
[2026-03-03T01:17:56.281+0000] {logging_mixin.py:149} INFO - [2026-03-03T01:17:56.281+0000] {dagbag.py:541} INFO - Filling up the DagBag from /home/airflow/.local/lib/python3.7/site-packages/airflow/example_dags/example_xcom.py
[2026-03-03T01:17:56.287+0000] {processor.py:809} INFO - DAG(s) dict_keys(['example_xcom']) retrieved from /home/airflow/.local/lib/python3.7/site-packages/airflow/example_dags/example_xcom.py
[2026-03-03T01:17:56.301+0000] {logging_mixin.py:149} INFO - [2026-03-03T01:17:56.301+0000] {dag.py:2726} INFO - Sync 1 DAGs
[2026-03-03T01:17:56.315+0000] {logging_mixin.py:149} INFO - [2026-03-03T01:17:56.315+0000] {dag.py:3490} INFO - Setting next_dagrun for example_xcom to 2021-01-01T00:00:00+00:00, run_after=2021-01-01T00:00:00+00:00
[2026-03-03T01:17:56.324+0000] {processor.py:178} INFO - Processing /home/airflow/.local/lib/python3.7/site-packages/airflow/example_dags/example_xcom.py took 0.046 seconds
[2026-03-03T01:18:27.030+0000] {processor.py:156} INFO - Started process (PID=1411) to work on /home/airflow/.local/lib/python3.7/site-packages/airflow/example_dags/example_xcom.py
[2026-03-03T01:18:27.033+0000] {processor.py:799} INFO - Processing file /home/airflow/.local/lib/python3.7/site-packages/airflow/example_dags/example_xcom.py for tasks to queue
[2026-03-03T01:18:27.035+0000] {logging_mixin.py:149} INFO - [2026-03-03T01:18:27.034+0000] {dagbag.py:541} INFO - Filling up the DagBag from /home/airflow/.local/lib/python3.7/site-packages/airflow/example_dags/example_xcom.py
[2026-03-03T01:18:27.052+0000] {processor.py:809} INFO - DAG(s) dict_keys(['example_xcom']) retrieved from /home/airflow/.local/lib/python3.7/site-packages/airflow/example_dags/example_xcom.py
[2026-03-03T01:18:27.134+0000] {logging_mixin.py:149} INFO - [2026-03-03T01:18:27.133+0000] {dag.py:2726} INFO - Sync 1 DAGs
[2026-03-03T01:18:27.219+0000] {logging_mixin.py:149} INFO - [2026-03-03T01:18:27.218+0000] {dag.py:3490} INFO - Setting next_dagrun for example_xcom to 2021-01-01T00:00:00+00:00, run_after=2021-01-01T00:00:00+00:00
[2026-03-03T01:18:27.284+0000] {processor.py:178} INFO - Processing /home/airflow/.local/lib/python3.7/site-packages/airflow/example_dags/example_xcom.py took 0.261 seconds
[2026-03-03T01:18:57.482+0000] {processor.py:156} INFO - Started process (PID=1472) to work on /home/airflow/.local/lib/python3.7/site-packages/airflow/example_dags/example_xcom.py
[2026-03-03T01:18:57.483+0000] {processor.py:799} INFO - Processing file /home/airflow/.local/lib/python3.7/site-packages/airflow/example_dags/example_xcom.py for tasks to queue
[2026-03-03T01:18:57.485+0000] {logging_mixin.py:149} INFO - [2026-03-03T01:18:57.485+0000] {dagbag.py:541} INFO - Filling up the DagBag from /home/airflow/.local/lib/python3.7/site-packages/airflow/example_dags/example_xcom.py
[2026-03-03T01:18:57.500+0000] {processor.py:809} INFO - DAG(s) dict_keys(['example_xcom']) retrieved from /home/airflow/.local/lib/python3.7/site-packages/airflow/example_dags/example_xcom.py
[2026-03-03T01:18:57.551+0000] {logging_mixin.py:149} INFO - [2026-03-03T01:18:57.551+0000] {dag.py:2726} INFO - Sync 1 DAGs
[2026-03-03T01:18:57.604+0000] {logging_mixin.py:149} INFO - [2026-03-03T01:18:57.604+0000] {dag.py:3490} INFO - Setting next_dagrun for example_xcom to 2021-01-01T00:00:00+00:00, run_after=2021-01-01T00:00:00+00:00
[2026-03-03T01:18:57.651+0000] {processor.py:178} INFO - Processing /home/airflow/.local/lib/python3.7/site-packages/airflow/example_dags/example_xcom.py took 0.175 seconds
[2026-03-03T01:19:28.526+0000] {processor.py:156} INFO - Started process (PID=1535) to work on /home/airflow/.local/lib/python3.7/site-packages/airflow/example_dags/example_xcom.py
[2026-03-03T01:19:28.527+0000] {processor.py:799} INFO - Processing file /home/airflow/.local/lib/python3.7/site-packages/airflow/example_dags/example_xcom.py for tasks to queue
[2026-03-03T01:19:28.527+0000] {logging_mixin.py:149} INFO - [2026-03-03T01:19:28.527+0000] {dagbag.py:541} INFO - Filling up the DagBag from /home/airflow/.local/lib/python3.7/site-packages/airflow/example_dags/example_xcom.py
[2026-03-03T01:19:28.532+0000] {processor.py:809} INFO - DAG(s) dict_keys(['example_xcom']) retrieved from /home/airflow/.local/lib/python3.7/site-packages/airflow/example_dags/example_xcom.py
[2026-03-03T01:19:28.548+0000] {logging_mixin.py:149} INFO - [2026-03-03T01:19:28.548+0000] {dag.py:2726} INFO - Sync 1 DAGs
[2026-03-03T01:19:28.562+0000] {logging_mixin.py:149} INFO - [2026-03-03T01:19:28.562+0000] {dag.py:3490} INFO - Setting next_dagrun for example_xcom to 2021-01-01T00:00:00+00:00, run_after=2021-01-01T00:00:00+00:00
[2026-03-03T01:19:28.572+0000] {processor.py:178} INFO - Processing /home/airflow/.local/lib/python3.7/site-packages/airflow/example_dags/example_xcom.py took 0.049 seconds
[2026-03-03T01:19:59.272+0000] {processor.py:156} INFO - Started process (PID=1597) to work on /home/airflow/.local/lib/python3.7/site-packages/airflow/example_dags/example_xcom.py
[2026-03-03T01:19:59.273+0000] {processor.py:799} INFO - Processing file /home/airflow/.local/lib/python3.7/site-packages/airflow/example_dags/example_xcom.py for tasks to queue
[2026-03-03T01:19:59.273+0000] {logging_mixin.py:149} INFO - [2026-03-03T01:19:59.273+0000] {dagbag.py:541} INFO - Filling up the DagBag from /home/airflow/.local/lib/python3.7/site-packages/airflow/example_dags/example_xcom.py
[2026-03-03T01:19:59.278+0000] {processor.py:809} INFO - DAG(s) dict_keys(['example_xcom']) retrieved from /home/airflow/.local/lib/python3.7/site-packages/airflow/example_dags/example_xcom.py
[2026-03-03T01:19:59.294+0000] {logging_mixin.py:149} INFO - [2026-03-03T01:19:59.294+0000] {dag.py:2726} INFO - Sync 1 DAGs
[2026-03-03T01:19:59.309+0000] {logging_mixin.py:149} INFO - [2026-03-03T01:19:59.308+0000] {dag.py:3490} INFO - Setting next_dagrun for example_xcom to 2021-01-01T00:00:00+00:00, run_after=2021-01-01T00:00:00+00:00
[2026-03-03T01:19:59.318+0000] {processor.py:178} INFO - Processing /home/airflow/.local/lib/python3.7/site-packages/airflow/example_dags/example_xcom.py took 0.047 seconds
[2026-03-03T01:20:29.954+0000] {processor.py:156} INFO - Started process (PID=1659) to work on /home/airflow/.local/lib/python3.7/site-packages/airflow/example_dags/example_xcom.py
[2026-03-03T01:20:29.955+0000] {processor.py:799} INFO - Processing file /home/airflow/.local/lib/python3.7/site-packages/airflow/example_dags/example_xcom.py for tasks to queue
[2026-03-03T01:20:29.955+0000] {logging_mixin.py:149} INFO - [2026-03-03T01:20:29.955+0000] {dagbag.py:541} INFO - Filling up the DagBag from /home/airflow/.local/lib/python3.7/site-packages/airflow/example_dags/example_xcom.py
[2026-03-03T01:20:29.961+0000] {processor.py:809} INFO - DAG(s) dict_keys(['example_xcom']) retrieved from /home/airflow/.local/lib/python3.7/site-packages/airflow/example_dags/example_xcom.py
[2026-03-03T01:20:29.979+0000] {logging_mixin.py:149} INFO - [2026-03-03T01:20:29.979+0000] {dag.py:2726} INFO - Sync 1 DAGs
[2026-03-03T01:20:29.994+0000] {logging_mixin.py:149} INFO - [2026-03-03T01:20:29.994+0000] {dag.py:3490} INFO - Setting next_dagrun for example_xcom to 2021-01-01T00:00:00+00:00, run_after=2021-01-01T00:00:00+00:00
[2026-03-03T01:20:30.003+0000] {processor.py:178} INFO - Processing /home/airflow/.local/lib/python3.7/site-packages/airflow/example_dags/example_xcom.py took 0.052 seconds
[2026-03-03T01:21:00.609+0000] {processor.py:156} INFO - Started process (PID=1721) to work on /home/airflow/.local/lib/python3.7/site-packages/airflow/example_dags/example_xcom.py
[2026-03-03T01:21:00.610+0000] {processor.py:799} INFO - Processing file /home/airflow/.local/lib/python3.7/site-packages/airflow/example_dags/example_xcom.py for tasks to queue
[2026-03-03T01:21:00.610+0000] {logging_mixin.py:149} INFO - [2026-03-03T01:21:00.610+0000] {dagbag.py:541} INFO - Filling up the DagBag from /home/airflow/.local/lib/python3.7/site-packages/airflow/example_dags/example_xcom.py
[2026-03-03T01:21:00.615+0000] {processor.py:809} INFO - DAG(s) dict_keys(['example_xcom']) retrieved from /home/airflow/.local/lib/python3.7/site-packages/airflow/example_dags/example_xcom.py
[2026-03-03T01:21:00.630+0000] {logging_mixin.py:149} INFO - [2026-03-03T01:21:00.630+0000] {dag.py:2726} INFO - Sync 1 DAGs
[2026-03-03T01:21:00.644+0000] {logging_mixin.py:149} INFO - [2026-03-03T01:21:00.644+0000] {dag.py:3490} INFO - Setting next_dagrun for example_xcom to 2021-01-01T00:00:00+00:00, run_after=2021-01-01T00:00:00+00:00
[2026-03-03T01:21:00.653+0000] {processor.py:178} INFO - Processing /home/airflow/.local/lib/python3.7/site-packages/airflow/example_dags/example_xcom.py took 0.047 seconds
[2026-03-03T01:21:31.247+0000] {processor.py:156} INFO - Started process (PID=1783) to work on /home/airflow/.local/lib/python3.7/site-packages/airflow/example_dags/example_xcom.py
[2026-03-03T01:21:31.248+0000] {processor.py:799} INFO - Processing file /home/airflow/.local/lib/python3.7/site-packages/airflow/example_dags/example_xcom.py for tasks to queue
[2026-03-03T01:21:31.248+0000] {logging_mixin.py:149} INFO - [2026-03-03T01:21:31.248+0000] {dagbag.py:541} INFO - Filling up the DagBag from /home/airflow/.local/lib/python3.7/site-packages/airflow/example_dags/example_xcom.py
[2026-03-03T01:21:31.254+0000] {processor.py:809} INFO - DAG(s) dict_keys(['example_xcom']) retrieved from /home/airflow/.local/lib/python3.7/site-packages/airflow/example_dags/example_xcom.py
[2026-03-03T01:21:31.270+0000] {logging_mixin.py:149} INFO - [2026-03-03T01:21:31.270+0000] {dag.py:2726} INFO - Sync 1 DAGs
[2026-03-03T01:21:31.284+0000] {logging_mixin.py:149} INFO - [2026-03-03T01:21:31.284+0000] {dag.py:3490} INFO - Setting next_dagrun for example_xcom to 2021-01-01T00:00:00+00:00, run_after=2021-01-01T00:00:00+00:00
[2026-03-03T01:21:31.295+0000] {processor.py:178} INFO - Processing /home/airflow/.local/lib/python3.7/site-packages/airflow/example_dags/example_xcom.py took 0.052 seconds
[2026-03-03T01:22:01.808+0000] {processor.py:156} INFO - Started process (PID=1845) to work on /home/airflow/.local/lib/python3.7/site-packages/airflow/example_dags/example_xcom.py
[2026-03-03T01:22:01.810+0000] {processor.py:799} INFO - Processing file /home/airflow/.local/lib/python3.7/site-packages/airflow/example_dags/example_xcom.py for tasks to queue
[2026-03-03T01:22:01.811+0000] {logging_mixin.py:149} INFO - [2026-03-03T01:22:01.811+0000] {dagbag.py:541} INFO - Filling up the DagBag from /home/airflow/.local/lib/python3.7/site-packages/airflow/example_dags/example_xcom.py
[2026-03-03T01:22:01.827+0000] {processor.py:809} INFO - DAG(s) dict_keys(['example_xcom']) retrieved from /home/airflow/.local/lib/python3.7/site-packages/airflow/example_dags/example_xcom.py
[2026-03-03T01:22:01.884+0000] {logging_mixin.py:149} INFO - [2026-03-03T01:22:01.884+0000] {dag.py:2726} INFO - Sync 1 DAGs
[2026-03-03T01:22:01.946+0000] {logging_mixin.py:149} INFO - [2026-03-03T01:22:01.946+0000] {dag.py:3490} INFO - Setting next_dagrun for example_xcom to 2021-01-01T00:00:00+00:00, run_after=2021-01-01T00:00:00+00:00
[2026-03-03T01:22:02.004+0000] {processor.py:178} INFO - Processing /home/airflow/.local/lib/python3.7/site-packages/airflow/example_dags/example_xcom.py took 0.203 seconds
[2026-03-03T01:22:32.390+0000] {processor.py:156} INFO - Started process (PID=1906) to work on /home/airflow/.local/lib/python3.7/site-packages/airflow/example_dags/example_xcom.py
[2026-03-03T01:22:32.392+0000] {processor.py:799} INFO - Processing file /home/airflow/.local/lib/python3.7/site-packages/airflow/example_dags/example_xcom.py for tasks to queue
[2026-03-03T01:22:32.394+0000] {logging_mixin.py:149} INFO - [2026-03-03T01:22:32.394+0000] {dagbag.py:541} INFO - Filling up the DagBag from /home/airflow/.local/lib/python3.7/site-packages/airflow/example_dags/example_xcom.py
[2026-03-03T01:22:32.418+0000] {processor.py:809} INFO - DAG(s) dict_keys(['example_xcom']) retrieved from /home/airflow/.local/lib/python3.7/site-packages/airflow/example_dags/example_xcom.py
[2026-03-03T01:22:32.491+0000] {logging_mixin.py:149} INFO - [2026-03-03T01:22:32.490+0000] {dag.py:2726} INFO - Sync 1 DAGs
[2026-03-03T01:22:32.564+0000] {logging_mixin.py:149} INFO - [2026-03-03T01:22:32.564+0000] {dag.py:3490} INFO - Setting next_dagrun for example_xcom to 2021-01-01T00:00:00+00:00, run_after=2021-01-01T00:00:00+00:00
[2026-03-03T01:22:32.638+0000] {processor.py:178} INFO - Processing /home/airflow/.local/lib/python3.7/site-packages/airflow/example_dags/example_xcom.py took 0.256 seconds
[2026-03-03T01:23:02.750+0000] {processor.py:156} INFO - Started process (PID=1968) to work on /home/airflow/.local/lib/python3.7/site-packages/airflow/example_dags/example_xcom.py
[2026-03-03T01:23:02.751+0000] {processor.py:799} INFO - Processing file /home/airflow/.local/lib/python3.7/site-packages/airflow/example_dags/example_xcom.py for tasks to queue
[2026-03-03T01:23:02.753+0000] {logging_mixin.py:149} INFO - [2026-03-03T01:23:02.753+0000] {dagbag.py:541} INFO - Filling up the DagBag from /home/airflow/.local/lib/python3.7/site-packages/airflow/example_dags/example_xcom.py
[2026-03-03T01:23:02.759+0000] {processor.py:809} INFO - DAG(s) dict_keys(['example_xcom']) retrieved from /home/airflow/.local/lib/python3.7/site-packages/airflow/example_dags/example_xcom.py
[2026-03-03T01:23:02.772+0000] {logging_mixin.py:149} INFO - [2026-03-03T01:23:02.771+0000] {dag.py:2726} INFO - Sync 1 DAGs
[2026-03-03T01:23:02.790+0000] {logging_mixin.py:149} INFO - [2026-03-03T01:23:02.790+0000] {dag.py:3490} INFO - Setting next_dagrun for example_xcom to 2021-01-01T00:00:00+00:00, run_after=2021-01-01T00:00:00+00:00
[2026-03-03T01:23:02.813+0000] {processor.py:178} INFO - Processing /home/airflow/.local/lib/python3.7/site-packages/airflow/example_dags/example_xcom.py took 0.066 seconds
[2026-03-03T01:23:33.328+0000] {processor.py:156} INFO - Started process (PID=2030) to work on /home/airflow/.local/lib/python3.7/site-packages/airflow/example_dags/example_xcom.py
[2026-03-03T01:23:33.331+0000] {processor.py:799} INFO - Processing file /home/airflow/.local/lib/python3.7/site-packages/airflow/example_dags/example_xcom.py for tasks to queue
[2026-03-03T01:23:33.333+0000] {logging_mixin.py:149} INFO - [2026-03-03T01:23:33.333+0000] {dagbag.py:541} INFO - Filling up the DagBag from /home/airflow/.local/lib/python3.7/site-packages/airflow/example_dags/example_xcom.py
[2026-03-03T01:23:33.350+0000] {processor.py:809} INFO - DAG(s) dict_keys(['example_xcom']) retrieved from /home/airflow/.local/lib/python3.7/site-packages/airflow/example_dags/example_xcom.py
[2026-03-03T01:23:33.414+0000] {logging_mixin.py:149} INFO - [2026-03-03T01:23:33.413+0000] {dag.py:2726} INFO - Sync 1 DAGs
[2026-03-03T01:23:33.482+0000] {logging_mixin.py:149} INFO - [2026-03-03T01:23:33.482+0000] {dag.py:3490} INFO - Setting next_dagrun for example_xcom to 2021-01-01T00:00:00+00:00, run_after=2021-01-01T00:00:00+00:00
[2026-03-03T01:23:33.554+0000] {processor.py:178} INFO - Processing /home/airflow/.local/lib/python3.7/site-packages/airflow/example_dags/example_xcom.py took 0.233 seconds
[2026-03-03T01:24:04.581+0000] {processor.py:156} INFO - Started process (PID=2092) to work on /home/airflow/.local/lib/python3.7/site-packages/airflow/example_dags/example_xcom.py
[2026-03-03T01:24:04.586+0000] {processor.py:799} INFO - Processing file /home/airflow/.local/lib/python3.7/site-packages/airflow/example_dags/example_xcom.py for tasks to queue
[2026-03-03T01:24:04.590+0000] {logging_mixin.py:149} INFO - [2026-03-03T01:24:04.590+0000] {dagbag.py:541} INFO - Filling up the DagBag from /home/airflow/.local/lib/python3.7/site-packages/airflow/example_dags/example_xcom.py
[2026-03-03T01:24:04.618+0000] {processor.py:809} INFO - DAG(s) dict_keys(['example_xcom']) retrieved from /home/airflow/.local/lib/python3.7/site-packages/airflow/example_dags/example_xcom.py
[2026-03-03T01:24:04.692+0000] {logging_mixin.py:149} INFO - [2026-03-03T01:24:04.691+0000] {dag.py:2726} INFO - Sync 1 DAGs
[2026-03-03T01:24:04.763+0000] {logging_mixin.py:149} INFO - [2026-03-03T01:24:04.762+0000] {dag.py:3490} INFO - Setting next_dagrun for example_xcom to 2021-01-01T00:00:00+00:00, run_after=2021-01-01T00:00:00+00:00
[2026-03-03T01:24:04.821+0000] {processor.py:178} INFO - Processing /home/airflow/.local/lib/python3.7/site-packages/airflow/example_dags/example_xcom.py took 0.247 seconds
[2026-03-03T01:24:35.551+0000] {processor.py:156} INFO - Started process (PID=2154) to work on /home/airflow/.local/lib/python3.7/site-packages/airflow/example_dags/example_xcom.py
[2026-03-03T01:24:35.556+0000] {processor.py:799} INFO - Processing file /home/airflow/.local/lib/python3.7/site-packages/airflow/example_dags/example_xcom.py for tasks to queue
[2026-03-03T01:24:35.558+0000] {logging_mixin.py:149} INFO - [2026-03-03T01:24:35.558+0000] {dagbag.py:541} INFO - Filling up the DagBag from /home/airflow/.local/lib/python3.7/site-packages/airflow/example_dags/example_xcom.py
[2026-03-03T01:24:35.578+0000] {processor.py:809} INFO - DAG(s) dict_keys(['example_xcom']) retrieved from /home/airflow/.local/lib/python3.7/site-packages/airflow/example_dags/example_xcom.py
[2026-03-03T01:24:35.648+0000] {logging_mixin.py:149} INFO - [2026-03-03T01:24:35.648+0000] {dag.py:2726} INFO - Sync 1 DAGs
[2026-03-03T01:24:35.718+0000] {logging_mixin.py:149} INFO - [2026-03-03T01:24:35.717+0000] {dag.py:3490} INFO - Setting next_dagrun for example_xcom to 2021-01-01T00:00:00+00:00, run_after=2021-01-01T00:00:00+00:00
[2026-03-03T01:24:35.776+0000] {processor.py:178} INFO - Processing /home/airflow/.local/lib/python3.7/site-packages/airflow/example_dags/example_xcom.py took 0.233 seconds
[2026-03-03T01:25:06.461+0000] {processor.py:156} INFO - Started process (PID=2216) to work on /home/airflow/.local/lib/python3.7/site-packages/airflow/example_dags/example_xcom.py
[2026-03-03T01:25:06.463+0000] {processor.py:799} INFO - Processing file /home/airflow/.local/lib/python3.7/site-packages/airflow/example_dags/example_xcom.py for tasks to queue
[2026-03-03T01:25:06.468+0000] {logging_mixin.py:149} INFO - [2026-03-03T01:25:06.465+0000] {dagbag.py:541} INFO - Filling up the DagBag from /home/airflow/.local/lib/python3.7/site-packages/airflow/example_dags/example_xcom.py
[2026-03-03T01:25:06.489+0000] {processor.py:809} INFO - DAG(s) dict_keys(['example_xcom']) retrieved from /home/airflow/.local/lib/python3.7/site-packages/airflow/example_dags/example_xcom.py
[2026-03-03T01:25:06.559+0000] {logging_mixin.py:149} INFO - [2026-03-03T01:25:06.558+0000] {dag.py:2726} INFO - Sync 1 DAGs
[2026-03-03T01:25:06.617+0000] {logging_mixin.py:149} INFO - [2026-03-03T01:25:06.617+0000] {dag.py:3490} INFO - Setting next_dagrun for example_xcom to 2021-01-01T00:00:00+00:00, run_after=2021-01-01T00:00:00+00:00
[2026-03-03T01:25:06.669+0000] {processor.py:178} INFO - Processing /home/airflow/.local/lib/python3.7/site-packages/airflow/example_dags/example_xcom.py took 0.216 seconds
[2026-03-03T01:25:37.087+0000] {processor.py:156} INFO - Started process (PID=2278) to work on /home/airflow/.local/lib/python3.7/site-packages/airflow/example_dags/example_xcom.py
[2026-03-03T01:25:37.088+0000] {processor.py:799} INFO - Processing file /home/airflow/.local/lib/python3.7/site-packages/airflow/example_dags/example_xcom.py for tasks to queue
[2026-03-03T01:25:37.088+0000] {logging_mixin.py:149} INFO - [2026-03-03T01:25:37.088+0000] {dagbag.py:541} INFO - Filling up the DagBag from /home/airflow/.local/lib/python3.7/site-packages/airflow/example_dags/example_xcom.py
[2026-03-03T01:25:37.094+0000] {processor.py:809} INFO - DAG(s) dict_keys(['example_xcom']) retrieved from /home/airflow/.local/lib/python3.7/site-packages/airflow/example_dags/example_xcom.py
[2026-03-03T01:25:37.111+0000] {logging_mixin.py:149} INFO - [2026-03-03T01:25:37.111+0000] {dag.py:2726} INFO - Sync 1 DAGs
[2026-03-03T01:25:37.122+0000] {logging_mixin.py:149} INFO - [2026-03-03T01:25:37.122+0000] {dag.py:3490} INFO - Setting next_dagrun for example_xcom to 2021-01-01T00:00:00+00:00, run_after=2021-01-01T00:00:00+00:00
[2026-03-03T01:25:37.135+0000] {processor.py:178} INFO - Processing /home/airflow/.local/lib/python3.7/site-packages/airflow/example_dags/example_xcom.py took 0.051 seconds
[2026-03-03T01:26:07.827+0000] {processor.py:156} INFO - Started process (PID=2340) to work on /home/airflow/.local/lib/python3.7/site-packages/airflow/example_dags/example_xcom.py
[2026-03-03T01:26:07.828+0000] {processor.py:799} INFO - Processing file /home/airflow/.local/lib/python3.7/site-packages/airflow/example_dags/example_xcom.py for tasks to queue
[2026-03-03T01:26:07.831+0000] {logging_mixin.py:149} INFO - [2026-03-03T01:26:07.831+0000] {dagbag.py:541} INFO - Filling up the DagBag from /home/airflow/.local/lib/python3.7/site-packages/airflow/example_dags/example_xcom.py
[2026-03-03T01:26:07.837+0000] {processor.py:809} INFO - DAG(s) dict_keys(['example_xcom']) retrieved from /home/airflow/.local/lib/python3.7/site-packages/airflow/example_dags/example_xcom.py
[2026-03-03T01:26:07.855+0000] {logging_mixin.py:149} INFO - [2026-03-03T01:26:07.855+0000] {dag.py:2726} INFO - Sync 1 DAGs
[2026-03-03T01:26:07.867+0000] {logging_mixin.py:149} INFO - [2026-03-03T01:26:07.867+0000] {dag.py:3490} INFO - Setting next_dagrun for example_xcom to 2021-01-01T00:00:00+00:00, run_after=2021-01-01T00:00:00+00:00
[2026-03-03T01:26:07.881+0000] {processor.py:178} INFO - Processing /home/airflow/.local/lib/python3.7/site-packages/airflow/example_dags/example_xcom.py took 0.055 seconds
[2026-03-03T01:26:38.339+0000] {processor.py:156} INFO - Started process (PID=2402) to work on /home/airflow/.local/lib/python3.7/site-packages/airflow/example_dags/example_xcom.py
[2026-03-03T01:26:38.342+0000] {processor.py:799} INFO - Processing file /home/airflow/.local/lib/python3.7/site-packages/airflow/example_dags/example_xcom.py for tasks to queue
[2026-03-03T01:26:38.342+0000] {logging_mixin.py:149} INFO - [2026-03-03T01:26:38.342+0000] {dagbag.py:541} INFO - Filling up the DagBag from /home/airflow/.local/lib/python3.7/site-packages/airflow/example_dags/example_xcom.py
[2026-03-03T01:26:38.345+0000] {processor.py:809} INFO - DAG(s) dict_keys(['example_xcom']) retrieved from /home/airflow/.local/lib/python3.7/site-packages/airflow/example_dags/example_xcom.py
[2026-03-03T01:26:38.364+0000] {logging_mixin.py:149} INFO - [2026-03-03T01:26:38.364+0000] {dag.py:2726} INFO - Sync 1 DAGs
[2026-03-03T01:26:38.380+0000] {logging_mixin.py:149} INFO - [2026-03-03T01:26:38.380+0000] {dag.py:3490} INFO - Setting next_dagrun for example_xcom to 2021-01-01T00:00:00+00:00, run_after=2021-01-01T00:00:00+00:00
[2026-03-03T01:26:38.395+0000] {processor.py:178} INFO - Processing /home/airflow/.local/lib/python3.7/site-packages/airflow/example_dags/example_xcom.py took 0.057 seconds
[2026-03-03T01:27:09.237+0000] {processor.py:156} INFO - Started process (PID=2463) to work on /home/airflow/.local/lib/python3.7/site-packages/airflow/example_dags/example_xcom.py
[2026-03-03T01:27:09.238+0000] {processor.py:799} INFO - Processing file /home/airflow/.local/lib/python3.7/site-packages/airflow/example_dags/example_xcom.py for tasks to queue
[2026-03-03T01:27:09.239+0000] {logging_mixin.py:149} INFO - [2026-03-03T01:27:09.239+0000] {dagbag.py:541} INFO - Filling up the DagBag from /home/airflow/.local/lib/python3.7/site-packages/airflow/example_dags/example_xcom.py
[2026-03-03T01:27:09.245+0000] {processor.py:809} INFO - DAG(s) dict_keys(['example_xcom']) retrieved from /home/airflow/.local/lib/python3.7/site-packages/airflow/example_dags/example_xcom.py
[2026-03-03T01:27:09.259+0000] {logging_mixin.py:149} INFO - [2026-03-03T01:27:09.259+0000] {dag.py:2726} INFO - Sync 1 DAGs
[2026-03-03T01:27:09.270+0000] {logging_mixin.py:149} INFO - [2026-03-03T01:27:09.270+0000] {dag.py:3490} INFO - Setting next_dagrun for example_xcom to 2021-01-01T00:00:00+00:00, run_after=2021-01-01T00:00:00+00:00
[2026-03-03T01:27:09.284+0000] {processor.py:178} INFO - Processing /home/airflow/.local/lib/python3.7/site-packages/airflow/example_dags/example_xcom.py took 0.048 seconds
[2026-03-03T01:27:40.175+0000] {processor.py:156} INFO - Started process (PID=2525) to work on /home/airflow/.local/lib/python3.7/site-packages/airflow/example_dags/example_xcom.py
[2026-03-03T01:27:40.177+0000] {processor.py:799} INFO - Processing file /home/airflow/.local/lib/python3.7/site-packages/airflow/example_dags/example_xcom.py for tasks to queue
[2026-03-03T01:27:40.179+0000] {logging_mixin.py:149} INFO - [2026-03-03T01:27:40.179+0000] {dagbag.py:541} INFO - Filling up the DagBag from /home/airflow/.local/lib/python3.7/site-packages/airflow/example_dags/example_xcom.py
[2026-03-03T01:27:40.201+0000] {processor.py:809} INFO - DAG(s) dict_keys(['example_xcom']) retrieved from /home/airflow/.local/lib/python3.7/site-packages/airflow/example_dags/example_xcom.py
[2026-03-03T01:27:40.302+0000] {logging_mixin.py:149} INFO - [2026-03-03T01:27:40.302+0000] {dag.py:2726} INFO - Sync 1 DAGs
[2026-03-03T01:27:40.400+0000] {logging_mixin.py:149} INFO - [2026-03-03T01:27:40.398+0000] {dag.py:3490} INFO - Setting next_dagrun for example_xcom to 2021-01-01T00:00:00+00:00, run_after=2021-01-01T00:00:00+00:00
[2026-03-03T01:27:40.507+0000] {processor.py:178} INFO - Processing /home/airflow/.local/lib/python3.7/site-packages/airflow/example_dags/example_xcom.py took 0.341 seconds
[2026-03-03T01:28:10.666+0000] {processor.py:156} INFO - Started process (PID=2587) to work on /home/airflow/.local/lib/python3.7/site-packages/airflow/example_dags/example_xcom.py
[2026-03-03T01:28:10.668+0000] {processor.py:799} INFO - Processing file /home/airflow/.local/lib/python3.7/site-packages/airflow/example_dags/example_xcom.py for tasks to queue
[2026-03-03T01:28:10.669+0000] {logging_mixin.py:149} INFO - [2026-03-03T01:28:10.669+0000] {dagbag.py:541} INFO - Filling up the DagBag from /home/airflow/.local/lib/python3.7/site-packages/airflow/example_dags/example_xcom.py
[2026-03-03T01:28:10.675+0000] {processor.py:809} INFO - DAG(s) dict_keys(['example_xcom']) retrieved from /home/airflow/.local/lib/python3.7/site-packages/airflow/example_dags/example_xcom.py
[2026-03-03T01:28:10.696+0000] {logging_mixin.py:149} INFO - [2026-03-03T01:28:10.695+0000] {dag.py:2726} INFO - Sync 1 DAGs
[2026-03-03T01:28:10.710+0000] {logging_mixin.py:149} INFO - [2026-03-03T01:28:10.710+0000] {dag.py:3490} INFO - Setting next_dagrun for example_xcom to 2021-01-01T00:00:00+00:00, run_after=2021-01-01T00:00:00+00:00
[2026-03-03T01:28:10.720+0000] {processor.py:178} INFO - Processing /home/airflow/.local/lib/python3.7/site-packages/airflow/example_dags/example_xcom.py took 0.056 seconds
[2026-03-03T01:28:41.672+0000] {processor.py:156} INFO - Started process (PID=2649) to work on /home/airflow/.local/lib/python3.7/site-packages/airflow/example_dags/example_xcom.py
[2026-03-03T01:28:41.676+0000] {processor.py:799} INFO - Processing file /home/airflow/.local/lib/python3.7/site-packages/airflow/example_dags/example_xcom.py for tasks to queue
[2026-03-03T01:28:41.678+0000] {logging_mixin.py:149} INFO - [2026-03-03T01:28:41.678+0000] {dagbag.py:541} INFO - Filling up the DagBag from /home/airflow/.local/lib/python3.7/site-packages/airflow/example_dags/example_xcom.py
[2026-03-03T01:28:41.704+0000] {processor.py:809} INFO - DAG(s) dict_keys(['example_xcom']) retrieved from /home/airflow/.local/lib/python3.7/site-packages/airflow/example_dags/example_xcom.py
[2026-03-03T01:28:41.767+0000] {logging_mixin.py:149} INFO - [2026-03-03T01:28:41.766+0000] {dag.py:2726} INFO - Sync 1 DAGs
[2026-03-03T01:28:41.834+0000] {logging_mixin.py:149} INFO - [2026-03-03T01:28:41.833+0000] {dag.py:3490} INFO - Setting next_dagrun for example_xcom to 2021-01-01T00:00:00+00:00, run_after=2021-01-01T00:00:00+00:00
[2026-03-03T01:28:41.886+0000] {processor.py:178} INFO - Processing /home/airflow/.local/lib/python3.7/site-packages/airflow/example_dags/example_xcom.py took 0.220 seconds
[2026-03-03T01:29:12.640+0000] {processor.py:156} INFO - Started process (PID=2711) to work on /home/airflow/.local/lib/python3.7/site-packages/airflow/example_dags/example_xcom.py
[2026-03-03T01:29:12.642+0000] {processor.py:799} INFO - Processing file /home/airflow/.local/lib/python3.7/site-packages/airflow/example_dags/example_xcom.py for tasks to queue
[2026-03-03T01:29:12.643+0000] {logging_mixin.py:149} INFO - [2026-03-03T01:29:12.643+0000] {dagbag.py:541} INFO - Filling up the DagBag from /home/airflow/.local/lib/python3.7/site-packages/airflow/example_dags/example_xcom.py
[2026-03-03T01:29:12.649+0000] {processor.py:809} INFO - DAG(s) dict_keys(['example_xcom']) retrieved from /home/airflow/.local/lib/python3.7/site-packages/airflow/example_dags/example_xcom.py
[2026-03-03T01:29:12.668+0000] {logging_mixin.py:149} INFO - [2026-03-03T01:29:12.668+0000] {dag.py:2726} INFO - Sync 1 DAGs
[2026-03-03T01:29:12.682+0000] {logging_mixin.py:149} INFO - [2026-03-03T01:29:12.681+0000] {dag.py:3490} INFO - Setting next_dagrun for example_xcom to 2021-01-01T00:00:00+00:00, run_after=2021-01-01T00:00:00+00:00
[2026-03-03T01:29:12.691+0000] {processor.py:178} INFO - Processing /home/airflow/.local/lib/python3.7/site-packages/airflow/example_dags/example_xcom.py took 0.053 seconds
