[2026-03-03T00:56:05.164+0000] {processor.py:156} INFO - Started process (PID=75) to work on /home/airflow/.local/lib/python3.7/site-packages/airflow/example_dags/example_branch_python_dop_operator_3.py
[2026-03-03T00:56:05.165+0000] {processor.py:799} INFO - Processing file /home/airflow/.local/lib/python3.7/site-packages/airflow/example_dags/example_branch_python_dop_operator_3.py for tasks to queue
[2026-03-03T00:56:05.166+0000] {logging_mixin.py:149} INFO - [2026-03-03T00:56:05.166+0000] {dagbag.py:541} INFO - Filling up the DagBag from /home/airflow/.local/lib/python3.7/site-packages/airflow/example_dags/example_branch_python_dop_operator_3.py
[2026-03-03T00:56:05.175+0000] {processor.py:809} INFO - DAG(s) dict_keys(['example_branch_dop_operator_v3']) retrieved from /home/airflow/.local/lib/python3.7/site-packages/airflow/example_dags/example_branch_python_dop_operator_3.py
[2026-03-03T00:56:05.188+0000] {logging_mixin.py:149} INFO - [2026-03-03T00:56:05.188+0000] {dag.py:2726} INFO - Sync 1 DAGs
[2026-03-03T00:56:05.210+0000] {logging_mixin.py:149} INFO - [2026-03-03T00:56:05.210+0000] {dag.py:3490} INFO - Setting next_dagrun for example_branch_dop_operator_v3 to 2026-03-03T00:55:00+00:00, run_after=2026-03-03T00:56:00+00:00
[2026-03-03T00:56:05.224+0000] {processor.py:178} INFO - Processing /home/airflow/.local/lib/python3.7/site-packages/airflow/example_dags/example_branch_python_dop_operator_3.py took 0.063 seconds
[2026-03-03T00:56:37.433+0000] {processor.py:156} INFO - Started process (PID=137) to work on /home/airflow/.local/lib/python3.7/site-packages/airflow/example_dags/example_branch_python_dop_operator_3.py
[2026-03-03T00:56:37.434+0000] {processor.py:799} INFO - Processing file /home/airflow/.local/lib/python3.7/site-packages/airflow/example_dags/example_branch_python_dop_operator_3.py for tasks to queue
[2026-03-03T00:56:37.435+0000] {logging_mixin.py:149} INFO - [2026-03-03T00:56:37.434+0000] {dagbag.py:541} INFO - Filling up the DagBag from /home/airflow/.local/lib/python3.7/site-packages/airflow/example_dags/example_branch_python_dop_operator_3.py
[2026-03-03T00:56:37.440+0000] {processor.py:809} INFO - DAG(s) dict_keys(['example_branch_dop_operator_v3']) retrieved from /home/airflow/.local/lib/python3.7/site-packages/airflow/example_dags/example_branch_python_dop_operator_3.py
[2026-03-03T00:56:37.465+0000] {logging_mixin.py:149} INFO - [2026-03-03T00:56:37.465+0000] {dag.py:2726} INFO - Sync 1 DAGs
[2026-03-03T00:56:37.486+0000] {logging_mixin.py:149} INFO - [2026-03-03T00:56:37.485+0000] {dag.py:3490} INFO - Setting next_dagrun for example_branch_dop_operator_v3 to 2026-03-03T00:55:00+00:00, run_after=2026-03-03T00:56:00+00:00
[2026-03-03T00:56:37.496+0000] {processor.py:178} INFO - Processing /home/airflow/.local/lib/python3.7/site-packages/airflow/example_dags/example_branch_python_dop_operator_3.py took 0.065 seconds
[2026-03-03T00:57:08.308+0000] {processor.py:156} INFO - Started process (PID=199) to work on /home/airflow/.local/lib/python3.7/site-packages/airflow/example_dags/example_branch_python_dop_operator_3.py
[2026-03-03T00:57:08.309+0000] {processor.py:799} INFO - Processing file /home/airflow/.local/lib/python3.7/site-packages/airflow/example_dags/example_branch_python_dop_operator_3.py for tasks to queue
[2026-03-03T00:57:08.310+0000] {logging_mixin.py:149} INFO - [2026-03-03T00:57:08.310+0000] {dagbag.py:541} INFO - Filling up the DagBag from /home/airflow/.local/lib/python3.7/site-packages/airflow/example_dags/example_branch_python_dop_operator_3.py
[2026-03-03T00:57:08.313+0000] {processor.py:809} INFO - DAG(s) dict_keys(['example_branch_dop_operator_v3']) retrieved from /home/airflow/.local/lib/python3.7/site-packages/airflow/example_dags/example_branch_python_dop_operator_3.py
[2026-03-03T00:57:08.331+0000] {logging_mixin.py:149} INFO - [2026-03-03T00:57:08.331+0000] {dag.py:2726} INFO - Sync 1 DAGs
[2026-03-03T00:57:08.347+0000] {logging_mixin.py:149} INFO - [2026-03-03T00:57:08.347+0000] {dag.py:3490} INFO - Setting next_dagrun for example_branch_dop_operator_v3 to 2026-03-03T00:56:00+00:00, run_after=2026-03-03T00:57:00+00:00
[2026-03-03T00:57:08.357+0000] {processor.py:178} INFO - Processing /home/airflow/.local/lib/python3.7/site-packages/airflow/example_dags/example_branch_python_dop_operator_3.py took 0.050 seconds
[2026-03-03T00:57:39.249+0000] {processor.py:156} INFO - Started process (PID=261) to work on /home/airflow/.local/lib/python3.7/site-packages/airflow/example_dags/example_branch_python_dop_operator_3.py
[2026-03-03T00:57:39.250+0000] {processor.py:799} INFO - Processing file /home/airflow/.local/lib/python3.7/site-packages/airflow/example_dags/example_branch_python_dop_operator_3.py for tasks to queue
[2026-03-03T00:57:39.251+0000] {logging_mixin.py:149} INFO - [2026-03-03T00:57:39.251+0000] {dagbag.py:541} INFO - Filling up the DagBag from /home/airflow/.local/lib/python3.7/site-packages/airflow/example_dags/example_branch_python_dop_operator_3.py
[2026-03-03T00:57:39.254+0000] {processor.py:809} INFO - DAG(s) dict_keys(['example_branch_dop_operator_v3']) retrieved from /home/airflow/.local/lib/python3.7/site-packages/airflow/example_dags/example_branch_python_dop_operator_3.py
[2026-03-03T00:57:39.274+0000] {logging_mixin.py:149} INFO - [2026-03-03T00:57:39.274+0000] {dag.py:2726} INFO - Sync 1 DAGs
[2026-03-03T00:57:39.294+0000] {logging_mixin.py:149} INFO - [2026-03-03T00:57:39.294+0000] {dag.py:3490} INFO - Setting next_dagrun for example_branch_dop_operator_v3 to 2026-03-03T00:56:00+00:00, run_after=2026-03-03T00:57:00+00:00
[2026-03-03T00:57:39.311+0000] {processor.py:178} INFO - Processing /home/airflow/.local/lib/python3.7/site-packages/airflow/example_dags/example_branch_python_dop_operator_3.py took 0.064 seconds
[2026-03-03T00:58:09.609+0000] {processor.py:156} INFO - Started process (PID=323) to work on /home/airflow/.local/lib/python3.7/site-packages/airflow/example_dags/example_branch_python_dop_operator_3.py
[2026-03-03T00:58:09.610+0000] {processor.py:799} INFO - Processing file /home/airflow/.local/lib/python3.7/site-packages/airflow/example_dags/example_branch_python_dop_operator_3.py for tasks to queue
[2026-03-03T00:58:09.612+0000] {logging_mixin.py:149} INFO - [2026-03-03T00:58:09.612+0000] {dagbag.py:541} INFO - Filling up the DagBag from /home/airflow/.local/lib/python3.7/site-packages/airflow/example_dags/example_branch_python_dop_operator_3.py
[2026-03-03T00:58:09.616+0000] {processor.py:809} INFO - DAG(s) dict_keys(['example_branch_dop_operator_v3']) retrieved from /home/airflow/.local/lib/python3.7/site-packages/airflow/example_dags/example_branch_python_dop_operator_3.py
[2026-03-03T00:58:09.628+0000] {logging_mixin.py:149} INFO - [2026-03-03T00:58:09.628+0000] {dag.py:2726} INFO - Sync 1 DAGs
[2026-03-03T00:58:09.642+0000] {logging_mixin.py:149} INFO - [2026-03-03T00:58:09.642+0000] {dag.py:3490} INFO - Setting next_dagrun for example_branch_dop_operator_v3 to 2026-03-03T00:57:00+00:00, run_after=2026-03-03T00:58:00+00:00
[2026-03-03T00:58:09.651+0000] {processor.py:178} INFO - Processing /home/airflow/.local/lib/python3.7/site-packages/airflow/example_dags/example_branch_python_dop_operator_3.py took 0.043 seconds
[2026-03-03T00:58:40.490+0000] {processor.py:156} INFO - Started process (PID=385) to work on /home/airflow/.local/lib/python3.7/site-packages/airflow/example_dags/example_branch_python_dop_operator_3.py
[2026-03-03T00:58:40.491+0000] {processor.py:799} INFO - Processing file /home/airflow/.local/lib/python3.7/site-packages/airflow/example_dags/example_branch_python_dop_operator_3.py for tasks to queue
[2026-03-03T00:58:40.492+0000] {logging_mixin.py:149} INFO - [2026-03-03T00:58:40.491+0000] {dagbag.py:541} INFO - Filling up the DagBag from /home/airflow/.local/lib/python3.7/site-packages/airflow/example_dags/example_branch_python_dop_operator_3.py
[2026-03-03T00:58:40.506+0000] {processor.py:809} INFO - DAG(s) dict_keys(['example_branch_dop_operator_v3']) retrieved from /home/airflow/.local/lib/python3.7/site-packages/airflow/example_dags/example_branch_python_dop_operator_3.py
[2026-03-03T00:58:40.550+0000] {logging_mixin.py:149} INFO - [2026-03-03T00:58:40.550+0000] {dag.py:2726} INFO - Sync 1 DAGs
[2026-03-03T00:58:40.570+0000] {logging_mixin.py:149} INFO - [2026-03-03T00:58:40.570+0000] {dag.py:3490} INFO - Setting next_dagrun for example_branch_dop_operator_v3 to 2026-03-03T00:57:00+00:00, run_after=2026-03-03T00:58:00+00:00
[2026-03-03T00:58:40.598+0000] {processor.py:178} INFO - Processing /home/airflow/.local/lib/python3.7/site-packages/airflow/example_dags/example_branch_python_dop_operator_3.py took 0.114 seconds
[2026-03-03T00:59:11.563+0000] {processor.py:156} INFO - Started process (PID=447) to work on /home/airflow/.local/lib/python3.7/site-packages/airflow/example_dags/example_branch_python_dop_operator_3.py
[2026-03-03T00:59:11.564+0000] {processor.py:799} INFO - Processing file /home/airflow/.local/lib/python3.7/site-packages/airflow/example_dags/example_branch_python_dop_operator_3.py for tasks to queue
[2026-03-03T00:59:11.565+0000] {logging_mixin.py:149} INFO - [2026-03-03T00:59:11.565+0000] {dagbag.py:541} INFO - Filling up the DagBag from /home/airflow/.local/lib/python3.7/site-packages/airflow/example_dags/example_branch_python_dop_operator_3.py
[2026-03-03T00:59:11.569+0000] {processor.py:809} INFO - DAG(s) dict_keys(['example_branch_dop_operator_v3']) retrieved from /home/airflow/.local/lib/python3.7/site-packages/airflow/example_dags/example_branch_python_dop_operator_3.py
[2026-03-03T00:59:11.580+0000] {logging_mixin.py:149} INFO - [2026-03-03T00:59:11.580+0000] {dag.py:2726} INFO - Sync 1 DAGs
[2026-03-03T00:59:11.597+0000] {logging_mixin.py:149} INFO - [2026-03-03T00:59:11.597+0000] {dag.py:3490} INFO - Setting next_dagrun for example_branch_dop_operator_v3 to 2026-03-03T00:58:00+00:00, run_after=2026-03-03T00:59:00+00:00
[2026-03-03T00:59:11.605+0000] {processor.py:178} INFO - Processing /home/airflow/.local/lib/python3.7/site-packages/airflow/example_dags/example_branch_python_dop_operator_3.py took 0.043 seconds
[2026-03-03T00:59:42.358+0000] {processor.py:156} INFO - Started process (PID=509) to work on /home/airflow/.local/lib/python3.7/site-packages/airflow/example_dags/example_branch_python_dop_operator_3.py
[2026-03-03T00:59:42.361+0000] {processor.py:799} INFO - Processing file /home/airflow/.local/lib/python3.7/site-packages/airflow/example_dags/example_branch_python_dop_operator_3.py for tasks to queue
[2026-03-03T00:59:42.361+0000] {logging_mixin.py:149} INFO - [2026-03-03T00:59:42.361+0000] {dagbag.py:541} INFO - Filling up the DagBag from /home/airflow/.local/lib/python3.7/site-packages/airflow/example_dags/example_branch_python_dop_operator_3.py
[2026-03-03T00:59:42.364+0000] {processor.py:809} INFO - DAG(s) dict_keys(['example_branch_dop_operator_v3']) retrieved from /home/airflow/.local/lib/python3.7/site-packages/airflow/example_dags/example_branch_python_dop_operator_3.py
[2026-03-03T00:59:42.376+0000] {logging_mixin.py:149} INFO - [2026-03-03T00:59:42.376+0000] {dag.py:2726} INFO - Sync 1 DAGs
[2026-03-03T00:59:42.392+0000] {logging_mixin.py:149} INFO - [2026-03-03T00:59:42.392+0000] {dag.py:3490} INFO - Setting next_dagrun for example_branch_dop_operator_v3 to 2026-03-03T00:58:00+00:00, run_after=2026-03-03T00:59:00+00:00
[2026-03-03T00:59:42.399+0000] {processor.py:178} INFO - Processing /home/airflow/.local/lib/python3.7/site-packages/airflow/example_dags/example_branch_python_dop_operator_3.py took 0.043 seconds
[2026-03-03T01:00:14.845+0000] {processor.py:156} INFO - Started process (PID=571) to work on /home/airflow/.local/lib/python3.7/site-packages/airflow/example_dags/example_branch_python_dop_operator_3.py
[2026-03-03T01:00:14.849+0000] {processor.py:799} INFO - Processing file /home/airflow/.local/lib/python3.7/site-packages/airflow/example_dags/example_branch_python_dop_operator_3.py for tasks to queue
[2026-03-03T01:00:14.851+0000] {logging_mixin.py:149} INFO - [2026-03-03T01:00:14.851+0000] {dagbag.py:541} INFO - Filling up the DagBag from /home/airflow/.local/lib/python3.7/site-packages/airflow/example_dags/example_branch_python_dop_operator_3.py
[2026-03-03T01:00:14.873+0000] {processor.py:809} INFO - DAG(s) dict_keys(['example_branch_dop_operator_v3']) retrieved from /home/airflow/.local/lib/python3.7/site-packages/airflow/example_dags/example_branch_python_dop_operator_3.py
[2026-03-03T01:00:14.948+0000] {logging_mixin.py:149} INFO - [2026-03-03T01:00:14.947+0000] {dag.py:2726} INFO - Sync 1 DAGs
[2026-03-03T01:00:15.031+0000] {logging_mixin.py:149} INFO - [2026-03-03T01:00:15.030+0000] {dag.py:3490} INFO - Setting next_dagrun for example_branch_dop_operator_v3 to 2026-03-03T00:59:00+00:00, run_after=2026-03-03T01:00:00+00:00
[2026-03-03T01:00:15.096+0000] {processor.py:178} INFO - Processing /home/airflow/.local/lib/python3.7/site-packages/airflow/example_dags/example_branch_python_dop_operator_3.py took 0.258 seconds
[2026-03-03T01:00:46.037+0000] {processor.py:156} INFO - Started process (PID=633) to work on /home/airflow/.local/lib/python3.7/site-packages/airflow/example_dags/example_branch_python_dop_operator_3.py
[2026-03-03T01:00:46.047+0000] {processor.py:799} INFO - Processing file /home/airflow/.local/lib/python3.7/site-packages/airflow/example_dags/example_branch_python_dop_operator_3.py for tasks to queue
[2026-03-03T01:00:46.048+0000] {logging_mixin.py:149} INFO - [2026-03-03T01:00:46.048+0000] {dagbag.py:541} INFO - Filling up the DagBag from /home/airflow/.local/lib/python3.7/site-packages/airflow/example_dags/example_branch_python_dop_operator_3.py
[2026-03-03T01:00:46.062+0000] {processor.py:809} INFO - DAG(s) dict_keys(['example_branch_dop_operator_v3']) retrieved from /home/airflow/.local/lib/python3.7/site-packages/airflow/example_dags/example_branch_python_dop_operator_3.py
[2026-03-03T01:00:46.126+0000] {logging_mixin.py:149} INFO - [2026-03-03T01:00:46.125+0000] {dag.py:2726} INFO - Sync 1 DAGs
[2026-03-03T01:00:46.210+0000] {logging_mixin.py:149} INFO - [2026-03-03T01:00:46.209+0000] {dag.py:3490} INFO - Setting next_dagrun for example_branch_dop_operator_v3 to 2026-03-03T00:59:00+00:00, run_after=2026-03-03T01:00:00+00:00
[2026-03-03T01:00:46.271+0000] {processor.py:178} INFO - Processing /home/airflow/.local/lib/python3.7/site-packages/airflow/example_dags/example_branch_python_dop_operator_3.py took 0.240 seconds
[2026-03-03T01:01:17.182+0000] {processor.py:156} INFO - Started process (PID=695) to work on /home/airflow/.local/lib/python3.7/site-packages/airflow/example_dags/example_branch_python_dop_operator_3.py
[2026-03-03T01:01:17.183+0000] {processor.py:799} INFO - Processing file /home/airflow/.local/lib/python3.7/site-packages/airflow/example_dags/example_branch_python_dop_operator_3.py for tasks to queue
[2026-03-03T01:01:17.183+0000] {logging_mixin.py:149} INFO - [2026-03-03T01:01:17.183+0000] {dagbag.py:541} INFO - Filling up the DagBag from /home/airflow/.local/lib/python3.7/site-packages/airflow/example_dags/example_branch_python_dop_operator_3.py
[2026-03-03T01:01:17.191+0000] {processor.py:809} INFO - DAG(s) dict_keys(['example_branch_dop_operator_v3']) retrieved from /home/airflow/.local/lib/python3.7/site-packages/airflow/example_dags/example_branch_python_dop_operator_3.py
[2026-03-03T01:01:17.210+0000] {logging_mixin.py:149} INFO - [2026-03-03T01:01:17.210+0000] {dag.py:2726} INFO - Sync 1 DAGs
[2026-03-03T01:01:17.228+0000] {logging_mixin.py:149} INFO - [2026-03-03T01:01:17.228+0000] {dag.py:3490} INFO - Setting next_dagrun for example_branch_dop_operator_v3 to 2026-03-03T01:00:00+00:00, run_after=2026-03-03T01:01:00+00:00
[2026-03-03T01:01:17.238+0000] {processor.py:178} INFO - Processing /home/airflow/.local/lib/python3.7/site-packages/airflow/example_dags/example_branch_python_dop_operator_3.py took 0.058 seconds
[2026-03-03T01:01:47.963+0000] {processor.py:156} INFO - Started process (PID=757) to work on /home/airflow/.local/lib/python3.7/site-packages/airflow/example_dags/example_branch_python_dop_operator_3.py
[2026-03-03T01:01:47.964+0000] {processor.py:799} INFO - Processing file /home/airflow/.local/lib/python3.7/site-packages/airflow/example_dags/example_branch_python_dop_operator_3.py for tasks to queue
[2026-03-03T01:01:47.964+0000] {logging_mixin.py:149} INFO - [2026-03-03T01:01:47.964+0000] {dagbag.py:541} INFO - Filling up the DagBag from /home/airflow/.local/lib/python3.7/site-packages/airflow/example_dags/example_branch_python_dop_operator_3.py
[2026-03-03T01:01:47.970+0000] {processor.py:809} INFO - DAG(s) dict_keys(['example_branch_dop_operator_v3']) retrieved from /home/airflow/.local/lib/python3.7/site-packages/airflow/example_dags/example_branch_python_dop_operator_3.py
[2026-03-03T01:01:47.989+0000] {logging_mixin.py:149} INFO - [2026-03-03T01:01:47.989+0000] {dag.py:2726} INFO - Sync 1 DAGs
[2026-03-03T01:01:48.008+0000] {logging_mixin.py:149} INFO - [2026-03-03T01:01:48.007+0000] {dag.py:3490} INFO - Setting next_dagrun for example_branch_dop_operator_v3 to 2026-03-03T01:00:00+00:00, run_after=2026-03-03T01:01:00+00:00
[2026-03-03T01:01:48.020+0000] {processor.py:178} INFO - Processing /home/airflow/.local/lib/python3.7/site-packages/airflow/example_dags/example_branch_python_dop_operator_3.py took 0.059 seconds
[2026-03-03T01:02:18.732+0000] {processor.py:156} INFO - Started process (PID=819) to work on /home/airflow/.local/lib/python3.7/site-packages/airflow/example_dags/example_branch_python_dop_operator_3.py
[2026-03-03T01:02:18.733+0000] {processor.py:799} INFO - Processing file /home/airflow/.local/lib/python3.7/site-packages/airflow/example_dags/example_branch_python_dop_operator_3.py for tasks to queue
[2026-03-03T01:02:18.734+0000] {logging_mixin.py:149} INFO - [2026-03-03T01:02:18.734+0000] {dagbag.py:541} INFO - Filling up the DagBag from /home/airflow/.local/lib/python3.7/site-packages/airflow/example_dags/example_branch_python_dop_operator_3.py
[2026-03-03T01:02:18.740+0000] {processor.py:809} INFO - DAG(s) dict_keys(['example_branch_dop_operator_v3']) retrieved from /home/airflow/.local/lib/python3.7/site-packages/airflow/example_dags/example_branch_python_dop_operator_3.py
[2026-03-03T01:02:18.758+0000] {logging_mixin.py:149} INFO - [2026-03-03T01:02:18.758+0000] {dag.py:2726} INFO - Sync 1 DAGs
[2026-03-03T01:02:18.778+0000] {logging_mixin.py:149} INFO - [2026-03-03T01:02:18.778+0000] {dag.py:3490} INFO - Setting next_dagrun for example_branch_dop_operator_v3 to 2026-03-03T01:01:00+00:00, run_after=2026-03-03T01:02:00+00:00
[2026-03-03T01:02:18.789+0000] {processor.py:178} INFO - Processing /home/airflow/.local/lib/python3.7/site-packages/airflow/example_dags/example_branch_python_dop_operator_3.py took 0.060 seconds
[2026-03-03T01:02:49.491+0000] {processor.py:156} INFO - Started process (PID=881) to work on /home/airflow/.local/lib/python3.7/site-packages/airflow/example_dags/example_branch_python_dop_operator_3.py
[2026-03-03T01:02:49.491+0000] {processor.py:799} INFO - Processing file /home/airflow/.local/lib/python3.7/site-packages/airflow/example_dags/example_branch_python_dop_operator_3.py for tasks to queue
[2026-03-03T01:02:49.492+0000] {logging_mixin.py:149} INFO - [2026-03-03T01:02:49.492+0000] {dagbag.py:541} INFO - Filling up the DagBag from /home/airflow/.local/lib/python3.7/site-packages/airflow/example_dags/example_branch_python_dop_operator_3.py
[2026-03-03T01:02:49.498+0000] {processor.py:809} INFO - DAG(s) dict_keys(['example_branch_dop_operator_v3']) retrieved from /home/airflow/.local/lib/python3.7/site-packages/airflow/example_dags/example_branch_python_dop_operator_3.py
[2026-03-03T01:02:49.516+0000] {logging_mixin.py:149} INFO - [2026-03-03T01:02:49.516+0000] {dag.py:2726} INFO - Sync 1 DAGs
[2026-03-03T01:02:49.534+0000] {logging_mixin.py:149} INFO - [2026-03-03T01:02:49.534+0000] {dag.py:3490} INFO - Setting next_dagrun for example_branch_dop_operator_v3 to 2026-03-03T01:01:00+00:00, run_after=2026-03-03T01:02:00+00:00
[2026-03-03T01:02:49.544+0000] {processor.py:178} INFO - Processing /home/airflow/.local/lib/python3.7/site-packages/airflow/example_dags/example_branch_python_dop_operator_3.py took 0.057 seconds
[2026-03-03T01:03:20.263+0000] {processor.py:156} INFO - Started process (PID=943) to work on /home/airflow/.local/lib/python3.7/site-packages/airflow/example_dags/example_branch_python_dop_operator_3.py
[2026-03-03T01:03:20.264+0000] {processor.py:799} INFO - Processing file /home/airflow/.local/lib/python3.7/site-packages/airflow/example_dags/example_branch_python_dop_operator_3.py for tasks to queue
[2026-03-03T01:03:20.264+0000] {logging_mixin.py:149} INFO - [2026-03-03T01:03:20.264+0000] {dagbag.py:541} INFO - Filling up the DagBag from /home/airflow/.local/lib/python3.7/site-packages/airflow/example_dags/example_branch_python_dop_operator_3.py
[2026-03-03T01:03:20.272+0000] {processor.py:809} INFO - DAG(s) dict_keys(['example_branch_dop_operator_v3']) retrieved from /home/airflow/.local/lib/python3.7/site-packages/airflow/example_dags/example_branch_python_dop_operator_3.py
[2026-03-03T01:03:20.293+0000] {logging_mixin.py:149} INFO - [2026-03-03T01:03:20.292+0000] {dag.py:2726} INFO - Sync 1 DAGs
[2026-03-03T01:03:20.309+0000] {logging_mixin.py:149} INFO - [2026-03-03T01:03:20.309+0000] {dag.py:3490} INFO - Setting next_dagrun for example_branch_dop_operator_v3 to 2026-03-03T01:02:00+00:00, run_after=2026-03-03T01:03:00+00:00
[2026-03-03T01:03:20.319+0000] {processor.py:178} INFO - Processing /home/airflow/.local/lib/python3.7/site-packages/airflow/example_dags/example_branch_python_dop_operator_3.py took 0.059 seconds
[2026-03-03T01:03:51.094+0000] {processor.py:156} INFO - Started process (PID=1005) to work on /home/airflow/.local/lib/python3.7/site-packages/airflow/example_dags/example_branch_python_dop_operator_3.py
[2026-03-03T01:03:51.095+0000] {processor.py:799} INFO - Processing file /home/airflow/.local/lib/python3.7/site-packages/airflow/example_dags/example_branch_python_dop_operator_3.py for tasks to queue
[2026-03-03T01:03:51.095+0000] {logging_mixin.py:149} INFO - [2026-03-03T01:03:51.095+0000] {dagbag.py:541} INFO - Filling up the DagBag from /home/airflow/.local/lib/python3.7/site-packages/airflow/example_dags/example_branch_python_dop_operator_3.py
[2026-03-03T01:03:51.101+0000] {processor.py:809} INFO - DAG(s) dict_keys(['example_branch_dop_operator_v3']) retrieved from /home/airflow/.local/lib/python3.7/site-packages/airflow/example_dags/example_branch_python_dop_operator_3.py
[2026-03-03T01:03:51.123+0000] {logging_mixin.py:149} INFO - [2026-03-03T01:03:51.123+0000] {dag.py:2726} INFO - Sync 1 DAGs
[2026-03-03T01:03:51.143+0000] {logging_mixin.py:149} INFO - [2026-03-03T01:03:51.143+0000] {dag.py:3490} INFO - Setting next_dagrun for example_branch_dop_operator_v3 to 2026-03-03T01:02:00+00:00, run_after=2026-03-03T01:03:00+00:00
[2026-03-03T01:03:51.157+0000] {processor.py:178} INFO - Processing /home/airflow/.local/lib/python3.7/site-packages/airflow/example_dags/example_branch_python_dop_operator_3.py took 0.065 seconds
[2026-03-03T01:04:21.698+0000] {processor.py:156} INFO - Started process (PID=1067) to work on /home/airflow/.local/lib/python3.7/site-packages/airflow/example_dags/example_branch_python_dop_operator_3.py
[2026-03-03T01:04:21.699+0000] {processor.py:799} INFO - Processing file /home/airflow/.local/lib/python3.7/site-packages/airflow/example_dags/example_branch_python_dop_operator_3.py for tasks to queue
[2026-03-03T01:04:21.699+0000] {logging_mixin.py:149} INFO - [2026-03-03T01:04:21.699+0000] {dagbag.py:541} INFO - Filling up the DagBag from /home/airflow/.local/lib/python3.7/site-packages/airflow/example_dags/example_branch_python_dop_operator_3.py
[2026-03-03T01:04:21.703+0000] {processor.py:809} INFO - DAG(s) dict_keys(['example_branch_dop_operator_v3']) retrieved from /home/airflow/.local/lib/python3.7/site-packages/airflow/example_dags/example_branch_python_dop_operator_3.py
[2026-03-03T01:04:21.715+0000] {logging_mixin.py:149} INFO - [2026-03-03T01:04:21.715+0000] {dag.py:2726} INFO - Sync 1 DAGs
[2026-03-03T01:04:21.730+0000] {logging_mixin.py:149} INFO - [2026-03-03T01:04:21.730+0000] {dag.py:3490} INFO - Setting next_dagrun for example_branch_dop_operator_v3 to 2026-03-03T01:03:00+00:00, run_after=2026-03-03T01:04:00+00:00
[2026-03-03T01:04:21.739+0000] {processor.py:178} INFO - Processing /home/airflow/.local/lib/python3.7/site-packages/airflow/example_dags/example_branch_python_dop_operator_3.py took 0.042 seconds
[2026-03-03T01:04:52.339+0000] {processor.py:156} INFO - Started process (PID=1129) to work on /home/airflow/.local/lib/python3.7/site-packages/airflow/example_dags/example_branch_python_dop_operator_3.py
[2026-03-03T01:04:52.340+0000] {processor.py:799} INFO - Processing file /home/airflow/.local/lib/python3.7/site-packages/airflow/example_dags/example_branch_python_dop_operator_3.py for tasks to queue
[2026-03-03T01:04:52.340+0000] {logging_mixin.py:149} INFO - [2026-03-03T01:04:52.340+0000] {dagbag.py:541} INFO - Filling up the DagBag from /home/airflow/.local/lib/python3.7/site-packages/airflow/example_dags/example_branch_python_dop_operator_3.py
[2026-03-03T01:04:52.350+0000] {processor.py:809} INFO - DAG(s) dict_keys(['example_branch_dop_operator_v3']) retrieved from /home/airflow/.local/lib/python3.7/site-packages/airflow/example_dags/example_branch_python_dop_operator_3.py
[2026-03-03T01:04:52.368+0000] {logging_mixin.py:149} INFO - [2026-03-03T01:04:52.367+0000] {dag.py:2726} INFO - Sync 1 DAGs
[2026-03-03T01:04:52.384+0000] {logging_mixin.py:149} INFO - [2026-03-03T01:04:52.384+0000] {dag.py:3490} INFO - Setting next_dagrun for example_branch_dop_operator_v3 to 2026-03-03T01:03:00+00:00, run_after=2026-03-03T01:04:00+00:00
[2026-03-03T01:04:52.393+0000] {processor.py:178} INFO - Processing /home/airflow/.local/lib/python3.7/site-packages/airflow/example_dags/example_branch_python_dop_operator_3.py took 0.057 seconds
[2026-03-03T01:05:23.145+0000] {processor.py:156} INFO - Started process (PID=1191) to work on /home/airflow/.local/lib/python3.7/site-packages/airflow/example_dags/example_branch_python_dop_operator_3.py
[2026-03-03T01:05:23.147+0000] {processor.py:799} INFO - Processing file /home/airflow/.local/lib/python3.7/site-packages/airflow/example_dags/example_branch_python_dop_operator_3.py for tasks to queue
[2026-03-03T01:05:23.147+0000] {logging_mixin.py:149} INFO - [2026-03-03T01:05:23.147+0000] {dagbag.py:541} INFO - Filling up the DagBag from /home/airflow/.local/lib/python3.7/site-packages/airflow/example_dags/example_branch_python_dop_operator_3.py
[2026-03-03T01:05:23.155+0000] {processor.py:809} INFO - DAG(s) dict_keys(['example_branch_dop_operator_v3']) retrieved from /home/airflow/.local/lib/python3.7/site-packages/airflow/example_dags/example_branch_python_dop_operator_3.py
[2026-03-03T01:05:23.173+0000] {logging_mixin.py:149} INFO - [2026-03-03T01:05:23.172+0000] {dag.py:2726} INFO - Sync 1 DAGs
[2026-03-03T01:05:23.191+0000] {logging_mixin.py:149} INFO - [2026-03-03T01:05:23.191+0000] {dag.py:3490} INFO - Setting next_dagrun for example_branch_dop_operator_v3 to 2026-03-03T01:04:00+00:00, run_after=2026-03-03T01:05:00+00:00
[2026-03-03T01:05:23.207+0000] {processor.py:178} INFO - Processing /home/airflow/.local/lib/python3.7/site-packages/airflow/example_dags/example_branch_python_dop_operator_3.py took 0.065 seconds
[2026-03-03T01:05:53.822+0000] {processor.py:156} INFO - Started process (PID=1253) to work on /home/airflow/.local/lib/python3.7/site-packages/airflow/example_dags/example_branch_python_dop_operator_3.py
[2026-03-03T01:05:53.823+0000] {processor.py:799} INFO - Processing file /home/airflow/.local/lib/python3.7/site-packages/airflow/example_dags/example_branch_python_dop_operator_3.py for tasks to queue
[2026-03-03T01:05:53.823+0000] {logging_mixin.py:149} INFO - [2026-03-03T01:05:53.823+0000] {dagbag.py:541} INFO - Filling up the DagBag from /home/airflow/.local/lib/python3.7/site-packages/airflow/example_dags/example_branch_python_dop_operator_3.py
[2026-03-03T01:05:53.827+0000] {processor.py:809} INFO - DAG(s) dict_keys(['example_branch_dop_operator_v3']) retrieved from /home/airflow/.local/lib/python3.7/site-packages/airflow/example_dags/example_branch_python_dop_operator_3.py
[2026-03-03T01:05:53.839+0000] {logging_mixin.py:149} INFO - [2026-03-03T01:05:53.839+0000] {dag.py:2726} INFO - Sync 1 DAGs
[2026-03-03T01:05:53.852+0000] {logging_mixin.py:149} INFO - [2026-03-03T01:05:53.852+0000] {dag.py:3490} INFO - Setting next_dagrun for example_branch_dop_operator_v3 to 2026-03-03T01:04:00+00:00, run_after=2026-03-03T01:05:00+00:00
[2026-03-03T01:05:53.861+0000] {processor.py:178} INFO - Processing /home/airflow/.local/lib/python3.7/site-packages/airflow/example_dags/example_branch_python_dop_operator_3.py took 0.040 seconds
[2026-03-03T01:06:24.307+0000] {processor.py:156} INFO - Started process (PID=1315) to work on /home/airflow/.local/lib/python3.7/site-packages/airflow/example_dags/example_branch_python_dop_operator_3.py
[2026-03-03T01:06:24.308+0000] {processor.py:799} INFO - Processing file /home/airflow/.local/lib/python3.7/site-packages/airflow/example_dags/example_branch_python_dop_operator_3.py for tasks to queue
[2026-03-03T01:06:24.308+0000] {logging_mixin.py:149} INFO - [2026-03-03T01:06:24.308+0000] {dagbag.py:541} INFO - Filling up the DagBag from /home/airflow/.local/lib/python3.7/site-packages/airflow/example_dags/example_branch_python_dop_operator_3.py
[2026-03-03T01:06:24.312+0000] {processor.py:809} INFO - DAG(s) dict_keys(['example_branch_dop_operator_v3']) retrieved from /home/airflow/.local/lib/python3.7/site-packages/airflow/example_dags/example_branch_python_dop_operator_3.py
[2026-03-03T01:06:24.323+0000] {logging_mixin.py:149} INFO - [2026-03-03T01:06:24.323+0000] {dag.py:2726} INFO - Sync 1 DAGs
[2026-03-03T01:06:24.336+0000] {logging_mixin.py:149} INFO - [2026-03-03T01:06:24.336+0000] {dag.py:3490} INFO - Setting next_dagrun for example_branch_dop_operator_v3 to 2026-03-03T01:05:00+00:00, run_after=2026-03-03T01:06:00+00:00
[2026-03-03T01:06:24.344+0000] {processor.py:178} INFO - Processing /home/airflow/.local/lib/python3.7/site-packages/airflow/example_dags/example_branch_python_dop_operator_3.py took 0.039 seconds
[2026-03-03T01:07:10.197+0000] {processor.py:156} INFO - Started process (PID=67) to work on /home/airflow/.local/lib/python3.7/site-packages/airflow/example_dags/example_branch_python_dop_operator_3.py
[2026-03-03T01:07:10.198+0000] {processor.py:799} INFO - Processing file /home/airflow/.local/lib/python3.7/site-packages/airflow/example_dags/example_branch_python_dop_operator_3.py for tasks to queue
[2026-03-03T01:07:10.199+0000] {logging_mixin.py:149} INFO - [2026-03-03T01:07:10.199+0000] {dagbag.py:541} INFO - Filling up the DagBag from /home/airflow/.local/lib/python3.7/site-packages/airflow/example_dags/example_branch_python_dop_operator_3.py
[2026-03-03T01:07:10.204+0000] {processor.py:809} INFO - DAG(s) dict_keys(['example_branch_dop_operator_v3']) retrieved from /home/airflow/.local/lib/python3.7/site-packages/airflow/example_dags/example_branch_python_dop_operator_3.py
[2026-03-03T01:07:10.212+0000] {logging_mixin.py:149} INFO - [2026-03-03T01:07:10.212+0000] {dag.py:2726} INFO - Sync 1 DAGs
[2026-03-03T01:07:10.232+0000] {logging_mixin.py:149} INFO - [2026-03-03T01:07:10.232+0000] {dag.py:3490} INFO - Setting next_dagrun for example_branch_dop_operator_v3 to 2026-03-03T01:06:00+00:00, run_after=2026-03-03T01:07:00+00:00
[2026-03-03T01:07:10.254+0000] {processor.py:178} INFO - Processing /home/airflow/.local/lib/python3.7/site-packages/airflow/example_dags/example_branch_python_dop_operator_3.py took 0.059 seconds
[2026-03-03T01:07:41.406+0000] {processor.py:156} INFO - Started process (PID=136) to work on /home/airflow/.local/lib/python3.7/site-packages/airflow/example_dags/example_branch_python_dop_operator_3.py
[2026-03-03T01:07:41.406+0000] {processor.py:799} INFO - Processing file /home/airflow/.local/lib/python3.7/site-packages/airflow/example_dags/example_branch_python_dop_operator_3.py for tasks to queue
[2026-03-03T01:07:41.407+0000] {logging_mixin.py:149} INFO - [2026-03-03T01:07:41.407+0000] {dagbag.py:541} INFO - Filling up the DagBag from /home/airflow/.local/lib/python3.7/site-packages/airflow/example_dags/example_branch_python_dop_operator_3.py
[2026-03-03T01:07:41.411+0000] {processor.py:809} INFO - DAG(s) dict_keys(['example_branch_dop_operator_v3']) retrieved from /home/airflow/.local/lib/python3.7/site-packages/airflow/example_dags/example_branch_python_dop_operator_3.py
[2026-03-03T01:07:41.423+0000] {logging_mixin.py:149} INFO - [2026-03-03T01:07:41.422+0000] {dag.py:2726} INFO - Sync 1 DAGs
[2026-03-03T01:07:41.436+0000] {logging_mixin.py:149} INFO - [2026-03-03T01:07:41.436+0000] {dag.py:3490} INFO - Setting next_dagrun for example_branch_dop_operator_v3 to 2026-03-03T01:06:00+00:00, run_after=2026-03-03T01:07:00+00:00
[2026-03-03T01:07:41.448+0000] {processor.py:178} INFO - Processing /home/airflow/.local/lib/python3.7/site-packages/airflow/example_dags/example_branch_python_dop_operator_3.py took 0.044 seconds
[2026-03-03T01:08:20.667+0000] {processor.py:156} INFO - Started process (PID=198) to work on /home/airflow/.local/lib/python3.7/site-packages/airflow/example_dags/example_branch_python_dop_operator_3.py
[2026-03-03T01:08:20.669+0000] {processor.py:799} INFO - Processing file /home/airflow/.local/lib/python3.7/site-packages/airflow/example_dags/example_branch_python_dop_operator_3.py for tasks to queue
[2026-03-03T01:08:20.672+0000] {logging_mixin.py:149} INFO - [2026-03-03T01:08:20.671+0000] {dagbag.py:541} INFO - Filling up the DagBag from /home/airflow/.local/lib/python3.7/site-packages/airflow/example_dags/example_branch_python_dop_operator_3.py
[2026-03-03T01:08:20.694+0000] {processor.py:809} INFO - DAG(s) dict_keys(['example_branch_dop_operator_v3']) retrieved from /home/airflow/.local/lib/python3.7/site-packages/airflow/example_dags/example_branch_python_dop_operator_3.py
[2026-03-03T01:08:21.048+0000] {logging_mixin.py:149} INFO - [2026-03-03T01:08:21.048+0000] {dag.py:2726} INFO - Sync 1 DAGs
[2026-03-03T01:08:21.121+0000] {logging_mixin.py:149} INFO - [2026-03-03T01:08:21.121+0000] {dag.py:3490} INFO - Setting next_dagrun for example_branch_dop_operator_v3 to 2026-03-03T01:07:00+00:00, run_after=2026-03-03T01:08:00+00:00
[2026-03-03T01:08:21.175+0000] {processor.py:178} INFO - Processing /home/airflow/.local/lib/python3.7/site-packages/airflow/example_dags/example_branch_python_dop_operator_3.py took 0.515 seconds
[2026-03-03T01:08:51.662+0000] {processor.py:156} INFO - Started process (PID=260) to work on /home/airflow/.local/lib/python3.7/site-packages/airflow/example_dags/example_branch_python_dop_operator_3.py
[2026-03-03T01:08:51.662+0000] {processor.py:799} INFO - Processing file /home/airflow/.local/lib/python3.7/site-packages/airflow/example_dags/example_branch_python_dop_operator_3.py for tasks to queue
[2026-03-03T01:08:51.663+0000] {logging_mixin.py:149} INFO - [2026-03-03T01:08:51.663+0000] {dagbag.py:541} INFO - Filling up the DagBag from /home/airflow/.local/lib/python3.7/site-packages/airflow/example_dags/example_branch_python_dop_operator_3.py
[2026-03-03T01:08:51.666+0000] {processor.py:809} INFO - DAG(s) dict_keys(['example_branch_dop_operator_v3']) retrieved from /home/airflow/.local/lib/python3.7/site-packages/airflow/example_dags/example_branch_python_dop_operator_3.py
[2026-03-03T01:08:51.677+0000] {logging_mixin.py:149} INFO - [2026-03-03T01:08:51.677+0000] {dag.py:2726} INFO - Sync 1 DAGs
[2026-03-03T01:08:51.689+0000] {logging_mixin.py:149} INFO - [2026-03-03T01:08:51.689+0000] {dag.py:3490} INFO - Setting next_dagrun for example_branch_dop_operator_v3 to 2026-03-03T01:07:00+00:00, run_after=2026-03-03T01:08:00+00:00
[2026-03-03T01:08:51.696+0000] {processor.py:178} INFO - Processing /home/airflow/.local/lib/python3.7/site-packages/airflow/example_dags/example_branch_python_dop_operator_3.py took 0.036 seconds
[2026-03-03T01:09:22.656+0000] {processor.py:156} INFO - Started process (PID=322) to work on /home/airflow/.local/lib/python3.7/site-packages/airflow/example_dags/example_branch_python_dop_operator_3.py
[2026-03-03T01:09:22.657+0000] {processor.py:799} INFO - Processing file /home/airflow/.local/lib/python3.7/site-packages/airflow/example_dags/example_branch_python_dop_operator_3.py for tasks to queue
[2026-03-03T01:09:22.657+0000] {logging_mixin.py:149} INFO - [2026-03-03T01:09:22.657+0000] {dagbag.py:541} INFO - Filling up the DagBag from /home/airflow/.local/lib/python3.7/site-packages/airflow/example_dags/example_branch_python_dop_operator_3.py
[2026-03-03T01:09:22.661+0000] {processor.py:809} INFO - DAG(s) dict_keys(['example_branch_dop_operator_v3']) retrieved from /home/airflow/.local/lib/python3.7/site-packages/airflow/example_dags/example_branch_python_dop_operator_3.py
[2026-03-03T01:09:22.674+0000] {logging_mixin.py:149} INFO - [2026-03-03T01:09:22.674+0000] {dag.py:2726} INFO - Sync 1 DAGs
[2026-03-03T01:09:22.687+0000] {logging_mixin.py:149} INFO - [2026-03-03T01:09:22.687+0000] {dag.py:3490} INFO - Setting next_dagrun for example_branch_dop_operator_v3 to 2026-03-03T01:08:00+00:00, run_after=2026-03-03T01:09:00+00:00
[2026-03-03T01:09:22.696+0000] {processor.py:178} INFO - Processing /home/airflow/.local/lib/python3.7/site-packages/airflow/example_dags/example_branch_python_dop_operator_3.py took 0.043 seconds
[2026-03-03T01:09:53.169+0000] {processor.py:156} INFO - Started process (PID=384) to work on /home/airflow/.local/lib/python3.7/site-packages/airflow/example_dags/example_branch_python_dop_operator_3.py
[2026-03-03T01:09:53.170+0000] {processor.py:799} INFO - Processing file /home/airflow/.local/lib/python3.7/site-packages/airflow/example_dags/example_branch_python_dop_operator_3.py for tasks to queue
[2026-03-03T01:09:53.170+0000] {logging_mixin.py:149} INFO - [2026-03-03T01:09:53.170+0000] {dagbag.py:541} INFO - Filling up the DagBag from /home/airflow/.local/lib/python3.7/site-packages/airflow/example_dags/example_branch_python_dop_operator_3.py
[2026-03-03T01:09:53.175+0000] {processor.py:809} INFO - DAG(s) dict_keys(['example_branch_dop_operator_v3']) retrieved from /home/airflow/.local/lib/python3.7/site-packages/airflow/example_dags/example_branch_python_dop_operator_3.py
[2026-03-03T01:09:53.189+0000] {logging_mixin.py:149} INFO - [2026-03-03T01:09:53.189+0000] {dag.py:2726} INFO - Sync 1 DAGs
[2026-03-03T01:09:53.204+0000] {logging_mixin.py:149} INFO - [2026-03-03T01:09:53.204+0000] {dag.py:3490} INFO - Setting next_dagrun for example_branch_dop_operator_v3 to 2026-03-03T01:08:00+00:00, run_after=2026-03-03T01:09:00+00:00
[2026-03-03T01:09:53.214+0000] {processor.py:178} INFO - Processing /home/airflow/.local/lib/python3.7/site-packages/airflow/example_dags/example_branch_python_dop_operator_3.py took 0.047 seconds
[2026-03-03T01:10:24.099+0000] {processor.py:156} INFO - Started process (PID=446) to work on /home/airflow/.local/lib/python3.7/site-packages/airflow/example_dags/example_branch_python_dop_operator_3.py
[2026-03-03T01:10:24.099+0000] {processor.py:799} INFO - Processing file /home/airflow/.local/lib/python3.7/site-packages/airflow/example_dags/example_branch_python_dop_operator_3.py for tasks to queue
[2026-03-03T01:10:24.100+0000] {logging_mixin.py:149} INFO - [2026-03-03T01:10:24.100+0000] {dagbag.py:541} INFO - Filling up the DagBag from /home/airflow/.local/lib/python3.7/site-packages/airflow/example_dags/example_branch_python_dop_operator_3.py
[2026-03-03T01:10:24.105+0000] {processor.py:809} INFO - DAG(s) dict_keys(['example_branch_dop_operator_v3']) retrieved from /home/airflow/.local/lib/python3.7/site-packages/airflow/example_dags/example_branch_python_dop_operator_3.py
[2026-03-03T01:10:24.122+0000] {logging_mixin.py:149} INFO - [2026-03-03T01:10:24.122+0000] {dag.py:2726} INFO - Sync 1 DAGs
[2026-03-03T01:10:24.140+0000] {logging_mixin.py:149} INFO - [2026-03-03T01:10:24.140+0000] {dag.py:3490} INFO - Setting next_dagrun for example_branch_dop_operator_v3 to 2026-03-03T01:09:00+00:00, run_after=2026-03-03T01:10:00+00:00
[2026-03-03T01:10:24.150+0000] {processor.py:178} INFO - Processing /home/airflow/.local/lib/python3.7/site-packages/airflow/example_dags/example_branch_python_dop_operator_3.py took 0.054 seconds
[2026-03-03T01:10:54.509+0000] {processor.py:156} INFO - Started process (PID=508) to work on /home/airflow/.local/lib/python3.7/site-packages/airflow/example_dags/example_branch_python_dop_operator_3.py
[2026-03-03T01:10:54.510+0000] {processor.py:799} INFO - Processing file /home/airflow/.local/lib/python3.7/site-packages/airflow/example_dags/example_branch_python_dop_operator_3.py for tasks to queue
[2026-03-03T01:10:54.510+0000] {logging_mixin.py:149} INFO - [2026-03-03T01:10:54.510+0000] {dagbag.py:541} INFO - Filling up the DagBag from /home/airflow/.local/lib/python3.7/site-packages/airflow/example_dags/example_branch_python_dop_operator_3.py
[2026-03-03T01:10:54.514+0000] {processor.py:809} INFO - DAG(s) dict_keys(['example_branch_dop_operator_v3']) retrieved from /home/airflow/.local/lib/python3.7/site-packages/airflow/example_dags/example_branch_python_dop_operator_3.py
[2026-03-03T01:10:54.525+0000] {logging_mixin.py:149} INFO - [2026-03-03T01:10:54.525+0000] {dag.py:2726} INFO - Sync 1 DAGs
[2026-03-03T01:10:54.538+0000] {logging_mixin.py:149} INFO - [2026-03-03T01:10:54.538+0000] {dag.py:3490} INFO - Setting next_dagrun for example_branch_dop_operator_v3 to 2026-03-03T01:09:00+00:00, run_after=2026-03-03T01:10:00+00:00
[2026-03-03T01:10:54.546+0000] {processor.py:178} INFO - Processing /home/airflow/.local/lib/python3.7/site-packages/airflow/example_dags/example_branch_python_dop_operator_3.py took 0.038 seconds
[2026-03-03T01:11:25.494+0000] {processor.py:156} INFO - Started process (PID=570) to work on /home/airflow/.local/lib/python3.7/site-packages/airflow/example_dags/example_branch_python_dop_operator_3.py
[2026-03-03T01:11:25.494+0000] {processor.py:799} INFO - Processing file /home/airflow/.local/lib/python3.7/site-packages/airflow/example_dags/example_branch_python_dop_operator_3.py for tasks to queue
[2026-03-03T01:11:25.495+0000] {logging_mixin.py:149} INFO - [2026-03-03T01:11:25.495+0000] {dagbag.py:541} INFO - Filling up the DagBag from /home/airflow/.local/lib/python3.7/site-packages/airflow/example_dags/example_branch_python_dop_operator_3.py
[2026-03-03T01:11:25.500+0000] {processor.py:809} INFO - DAG(s) dict_keys(['example_branch_dop_operator_v3']) retrieved from /home/airflow/.local/lib/python3.7/site-packages/airflow/example_dags/example_branch_python_dop_operator_3.py
[2026-03-03T01:11:25.514+0000] {logging_mixin.py:149} INFO - [2026-03-03T01:11:25.514+0000] {dag.py:2726} INFO - Sync 1 DAGs
[2026-03-03T01:11:25.529+0000] {logging_mixin.py:149} INFO - [2026-03-03T01:11:25.529+0000] {dag.py:3490} INFO - Setting next_dagrun for example_branch_dop_operator_v3 to 2026-03-03T01:10:00+00:00, run_after=2026-03-03T01:11:00+00:00
[2026-03-03T01:11:25.536+0000] {processor.py:178} INFO - Processing /home/airflow/.local/lib/python3.7/site-packages/airflow/example_dags/example_branch_python_dop_operator_3.py took 0.045 seconds
[2026-03-03T01:11:55.955+0000] {processor.py:156} INFO - Started process (PID=632) to work on /home/airflow/.local/lib/python3.7/site-packages/airflow/example_dags/example_branch_python_dop_operator_3.py
[2026-03-03T01:11:55.957+0000] {processor.py:799} INFO - Processing file /home/airflow/.local/lib/python3.7/site-packages/airflow/example_dags/example_branch_python_dop_operator_3.py for tasks to queue
[2026-03-03T01:11:55.962+0000] {logging_mixin.py:149} INFO - [2026-03-03T01:11:55.961+0000] {dagbag.py:541} INFO - Filling up the DagBag from /home/airflow/.local/lib/python3.7/site-packages/airflow/example_dags/example_branch_python_dop_operator_3.py
[2026-03-03T01:11:55.978+0000] {processor.py:809} INFO - DAG(s) dict_keys(['example_branch_dop_operator_v3']) retrieved from /home/airflow/.local/lib/python3.7/site-packages/airflow/example_dags/example_branch_python_dop_operator_3.py
[2026-03-03T01:11:56.035+0000] {logging_mixin.py:149} INFO - [2026-03-03T01:11:56.034+0000] {dag.py:2726} INFO - Sync 1 DAGs
[2026-03-03T01:11:56.113+0000] {logging_mixin.py:149} INFO - [2026-03-03T01:11:56.113+0000] {dag.py:3490} INFO - Setting next_dagrun for example_branch_dop_operator_v3 to 2026-03-03T01:10:00+00:00, run_after=2026-03-03T01:11:00+00:00
[2026-03-03T01:11:56.163+0000] {processor.py:178} INFO - Processing /home/airflow/.local/lib/python3.7/site-packages/airflow/example_dags/example_branch_python_dop_operator_3.py took 0.214 seconds
[2026-03-03T01:12:26.474+0000] {processor.py:156} INFO - Started process (PID=694) to work on /home/airflow/.local/lib/python3.7/site-packages/airflow/example_dags/example_branch_python_dop_operator_3.py
[2026-03-03T01:12:26.477+0000] {processor.py:799} INFO - Processing file /home/airflow/.local/lib/python3.7/site-packages/airflow/example_dags/example_branch_python_dop_operator_3.py for tasks to queue
[2026-03-03T01:12:26.478+0000] {logging_mixin.py:149} INFO - [2026-03-03T01:12:26.478+0000] {dagbag.py:541} INFO - Filling up the DagBag from /home/airflow/.local/lib/python3.7/site-packages/airflow/example_dags/example_branch_python_dop_operator_3.py
[2026-03-03T01:12:26.495+0000] {processor.py:809} INFO - DAG(s) dict_keys(['example_branch_dop_operator_v3']) retrieved from /home/airflow/.local/lib/python3.7/site-packages/airflow/example_dags/example_branch_python_dop_operator_3.py
[2026-03-03T01:12:26.550+0000] {logging_mixin.py:149} INFO - [2026-03-03T01:12:26.549+0000] {dag.py:2726} INFO - Sync 1 DAGs
[2026-03-03T01:12:26.620+0000] {logging_mixin.py:149} INFO - [2026-03-03T01:12:26.620+0000] {dag.py:3490} INFO - Setting next_dagrun for example_branch_dop_operator_v3 to 2026-03-03T01:11:00+00:00, run_after=2026-03-03T01:12:00+00:00
[2026-03-03T01:12:26.667+0000] {processor.py:178} INFO - Processing /home/airflow/.local/lib/python3.7/site-packages/airflow/example_dags/example_branch_python_dop_operator_3.py took 0.199 seconds
[2026-03-03T01:12:57.430+0000] {processor.py:156} INFO - Started process (PID=756) to work on /home/airflow/.local/lib/python3.7/site-packages/airflow/example_dags/example_branch_python_dop_operator_3.py
[2026-03-03T01:12:57.432+0000] {processor.py:799} INFO - Processing file /home/airflow/.local/lib/python3.7/site-packages/airflow/example_dags/example_branch_python_dop_operator_3.py for tasks to queue
[2026-03-03T01:12:57.435+0000] {logging_mixin.py:149} INFO - [2026-03-03T01:12:57.435+0000] {dagbag.py:541} INFO - Filling up the DagBag from /home/airflow/.local/lib/python3.7/site-packages/airflow/example_dags/example_branch_python_dop_operator_3.py
[2026-03-03T01:12:57.443+0000] {processor.py:809} INFO - DAG(s) dict_keys(['example_branch_dop_operator_v3']) retrieved from /home/airflow/.local/lib/python3.7/site-packages/airflow/example_dags/example_branch_python_dop_operator_3.py
[2026-03-03T01:12:57.461+0000] {logging_mixin.py:149} INFO - [2026-03-03T01:12:57.461+0000] {dag.py:2726} INFO - Sync 1 DAGs
[2026-03-03T01:12:57.480+0000] {logging_mixin.py:149} INFO - [2026-03-03T01:12:57.480+0000] {dag.py:3490} INFO - Setting next_dagrun for example_branch_dop_operator_v3 to 2026-03-03T01:11:00+00:00, run_after=2026-03-03T01:12:00+00:00
[2026-03-03T01:12:57.491+0000] {processor.py:178} INFO - Processing /home/airflow/.local/lib/python3.7/site-packages/airflow/example_dags/example_branch_python_dop_operator_3.py took 0.064 seconds
[2026-03-03T01:13:27.916+0000] {processor.py:156} INFO - Started process (PID=818) to work on /home/airflow/.local/lib/python3.7/site-packages/airflow/example_dags/example_branch_python_dop_operator_3.py
[2026-03-03T01:13:27.917+0000] {processor.py:799} INFO - Processing file /home/airflow/.local/lib/python3.7/site-packages/airflow/example_dags/example_branch_python_dop_operator_3.py for tasks to queue
[2026-03-03T01:13:27.918+0000] {logging_mixin.py:149} INFO - [2026-03-03T01:13:27.918+0000] {dagbag.py:541} INFO - Filling up the DagBag from /home/airflow/.local/lib/python3.7/site-packages/airflow/example_dags/example_branch_python_dop_operator_3.py
[2026-03-03T01:13:27.928+0000] {processor.py:809} INFO - DAG(s) dict_keys(['example_branch_dop_operator_v3']) retrieved from /home/airflow/.local/lib/python3.7/site-packages/airflow/example_dags/example_branch_python_dop_operator_3.py
[2026-03-03T01:13:27.948+0000] {logging_mixin.py:149} INFO - [2026-03-03T01:13:27.948+0000] {dag.py:2726} INFO - Sync 1 DAGs
[2026-03-03T01:13:27.965+0000] {logging_mixin.py:149} INFO - [2026-03-03T01:13:27.964+0000] {dag.py:3490} INFO - Setting next_dagrun for example_branch_dop_operator_v3 to 2026-03-03T01:12:00+00:00, run_after=2026-03-03T01:13:00+00:00
[2026-03-03T01:13:27.974+0000] {processor.py:178} INFO - Processing /home/airflow/.local/lib/python3.7/site-packages/airflow/example_dags/example_branch_python_dop_operator_3.py took 0.062 seconds
[2026-03-03T01:13:58.619+0000] {processor.py:156} INFO - Started process (PID=880) to work on /home/airflow/.local/lib/python3.7/site-packages/airflow/example_dags/example_branch_python_dop_operator_3.py
[2026-03-03T01:13:58.620+0000] {processor.py:799} INFO - Processing file /home/airflow/.local/lib/python3.7/site-packages/airflow/example_dags/example_branch_python_dop_operator_3.py for tasks to queue
[2026-03-03T01:13:58.620+0000] {logging_mixin.py:149} INFO - [2026-03-03T01:13:58.620+0000] {dagbag.py:541} INFO - Filling up the DagBag from /home/airflow/.local/lib/python3.7/site-packages/airflow/example_dags/example_branch_python_dop_operator_3.py
[2026-03-03T01:13:58.624+0000] {processor.py:809} INFO - DAG(s) dict_keys(['example_branch_dop_operator_v3']) retrieved from /home/airflow/.local/lib/python3.7/site-packages/airflow/example_dags/example_branch_python_dop_operator_3.py
[2026-03-03T01:13:58.636+0000] {logging_mixin.py:149} INFO - [2026-03-03T01:13:58.636+0000] {dag.py:2726} INFO - Sync 1 DAGs
[2026-03-03T01:13:58.650+0000] {logging_mixin.py:149} INFO - [2026-03-03T01:13:58.649+0000] {dag.py:3490} INFO - Setting next_dagrun for example_branch_dop_operator_v3 to 2026-03-03T01:12:00+00:00, run_after=2026-03-03T01:13:00+00:00
[2026-03-03T01:13:58.658+0000] {processor.py:178} INFO - Processing /home/airflow/.local/lib/python3.7/site-packages/airflow/example_dags/example_branch_python_dop_operator_3.py took 0.041 seconds
[2026-03-03T01:14:29.367+0000] {processor.py:156} INFO - Started process (PID=942) to work on /home/airflow/.local/lib/python3.7/site-packages/airflow/example_dags/example_branch_python_dop_operator_3.py
[2026-03-03T01:14:29.368+0000] {processor.py:799} INFO - Processing file /home/airflow/.local/lib/python3.7/site-packages/airflow/example_dags/example_branch_python_dop_operator_3.py for tasks to queue
[2026-03-03T01:14:29.368+0000] {logging_mixin.py:149} INFO - [2026-03-03T01:14:29.368+0000] {dagbag.py:541} INFO - Filling up the DagBag from /home/airflow/.local/lib/python3.7/site-packages/airflow/example_dags/example_branch_python_dop_operator_3.py
[2026-03-03T01:14:29.373+0000] {processor.py:809} INFO - DAG(s) dict_keys(['example_branch_dop_operator_v3']) retrieved from /home/airflow/.local/lib/python3.7/site-packages/airflow/example_dags/example_branch_python_dop_operator_3.py
[2026-03-03T01:14:29.389+0000] {logging_mixin.py:149} INFO - [2026-03-03T01:14:29.389+0000] {dag.py:2726} INFO - Sync 1 DAGs
[2026-03-03T01:14:29.406+0000] {logging_mixin.py:149} INFO - [2026-03-03T01:14:29.406+0000] {dag.py:3490} INFO - Setting next_dagrun for example_branch_dop_operator_v3 to 2026-03-03T01:13:00+00:00, run_after=2026-03-03T01:14:00+00:00
[2026-03-03T01:14:29.416+0000] {processor.py:178} INFO - Processing /home/airflow/.local/lib/python3.7/site-packages/airflow/example_dags/example_branch_python_dop_operator_3.py took 0.053 seconds
[2026-03-03T01:15:00.263+0000] {processor.py:156} INFO - Started process (PID=1004) to work on /home/airflow/.local/lib/python3.7/site-packages/airflow/example_dags/example_branch_python_dop_operator_3.py
[2026-03-03T01:15:00.267+0000] {processor.py:799} INFO - Processing file /home/airflow/.local/lib/python3.7/site-packages/airflow/example_dags/example_branch_python_dop_operator_3.py for tasks to queue
[2026-03-03T01:15:00.269+0000] {logging_mixin.py:149} INFO - [2026-03-03T01:15:00.269+0000] {dagbag.py:541} INFO - Filling up the DagBag from /home/airflow/.local/lib/python3.7/site-packages/airflow/example_dags/example_branch_python_dop_operator_3.py
[2026-03-03T01:15:00.288+0000] {processor.py:809} INFO - DAG(s) dict_keys(['example_branch_dop_operator_v3']) retrieved from /home/airflow/.local/lib/python3.7/site-packages/airflow/example_dags/example_branch_python_dop_operator_3.py
[2026-03-03T01:15:00.378+0000] {logging_mixin.py:149} INFO - [2026-03-03T01:15:00.378+0000] {dag.py:2726} INFO - Sync 1 DAGs
[2026-03-03T01:15:00.509+0000] {logging_mixin.py:149} INFO - [2026-03-03T01:15:00.508+0000] {dag.py:3490} INFO - Setting next_dagrun for example_branch_dop_operator_v3 to 2026-03-03T01:14:00+00:00, run_after=2026-03-03T01:15:00+00:00
[2026-03-03T01:15:00.581+0000] {processor.py:178} INFO - Processing /home/airflow/.local/lib/python3.7/site-packages/airflow/example_dags/example_branch_python_dop_operator_3.py took 0.326 seconds
[2026-03-03T01:15:30.785+0000] {processor.py:156} INFO - Started process (PID=1066) to work on /home/airflow/.local/lib/python3.7/site-packages/airflow/example_dags/example_branch_python_dop_operator_3.py
[2026-03-03T01:15:30.787+0000] {processor.py:799} INFO - Processing file /home/airflow/.local/lib/python3.7/site-packages/airflow/example_dags/example_branch_python_dop_operator_3.py for tasks to queue
[2026-03-03T01:15:30.789+0000] {logging_mixin.py:149} INFO - [2026-03-03T01:15:30.788+0000] {dagbag.py:541} INFO - Filling up the DagBag from /home/airflow/.local/lib/python3.7/site-packages/airflow/example_dags/example_branch_python_dop_operator_3.py
[2026-03-03T01:15:30.793+0000] {processor.py:809} INFO - DAG(s) dict_keys(['example_branch_dop_operator_v3']) retrieved from /home/airflow/.local/lib/python3.7/site-packages/airflow/example_dags/example_branch_python_dop_operator_3.py
[2026-03-03T01:15:30.808+0000] {logging_mixin.py:149} INFO - [2026-03-03T01:15:30.808+0000] {dag.py:2726} INFO - Sync 1 DAGs
[2026-03-03T01:15:30.824+0000] {logging_mixin.py:149} INFO - [2026-03-03T01:15:30.824+0000] {dag.py:3490} INFO - Setting next_dagrun for example_branch_dop_operator_v3 to 2026-03-03T01:14:00+00:00, run_after=2026-03-03T01:15:00+00:00
[2026-03-03T01:15:30.835+0000] {processor.py:178} INFO - Processing /home/airflow/.local/lib/python3.7/site-packages/airflow/example_dags/example_branch_python_dop_operator_3.py took 0.052 seconds
[2026-03-03T01:16:01.578+0000] {processor.py:156} INFO - Started process (PID=1127) to work on /home/airflow/.local/lib/python3.7/site-packages/airflow/example_dags/example_branch_python_dop_operator_3.py
[2026-03-03T01:16:01.581+0000] {processor.py:799} INFO - Processing file /home/airflow/.local/lib/python3.7/site-packages/airflow/example_dags/example_branch_python_dop_operator_3.py for tasks to queue
[2026-03-03T01:16:01.582+0000] {logging_mixin.py:149} INFO - [2026-03-03T01:16:01.582+0000] {dagbag.py:541} INFO - Filling up the DagBag from /home/airflow/.local/lib/python3.7/site-packages/airflow/example_dags/example_branch_python_dop_operator_3.py
[2026-03-03T01:16:01.587+0000] {processor.py:809} INFO - DAG(s) dict_keys(['example_branch_dop_operator_v3']) retrieved from /home/airflow/.local/lib/python3.7/site-packages/airflow/example_dags/example_branch_python_dop_operator_3.py
[2026-03-03T01:16:01.603+0000] {logging_mixin.py:149} INFO - [2026-03-03T01:16:01.603+0000] {dag.py:2726} INFO - Sync 1 DAGs
[2026-03-03T01:16:01.624+0000] {logging_mixin.py:149} INFO - [2026-03-03T01:16:01.624+0000] {dag.py:3490} INFO - Setting next_dagrun for example_branch_dop_operator_v3 to 2026-03-03T01:15:00+00:00, run_after=2026-03-03T01:16:00+00:00
[2026-03-03T01:16:01.635+0000] {processor.py:178} INFO - Processing /home/airflow/.local/lib/python3.7/site-packages/airflow/example_dags/example_branch_python_dop_operator_3.py took 0.059 seconds
[2026-03-03T01:16:32.488+0000] {processor.py:156} INFO - Started process (PID=1189) to work on /home/airflow/.local/lib/python3.7/site-packages/airflow/example_dags/example_branch_python_dop_operator_3.py
[2026-03-03T01:16:32.490+0000] {processor.py:799} INFO - Processing file /home/airflow/.local/lib/python3.7/site-packages/airflow/example_dags/example_branch_python_dop_operator_3.py for tasks to queue
[2026-03-03T01:16:32.492+0000] {logging_mixin.py:149} INFO - [2026-03-03T01:16:32.492+0000] {dagbag.py:541} INFO - Filling up the DagBag from /home/airflow/.local/lib/python3.7/site-packages/airflow/example_dags/example_branch_python_dop_operator_3.py
[2026-03-03T01:16:32.510+0000] {processor.py:809} INFO - DAG(s) dict_keys(['example_branch_dop_operator_v3']) retrieved from /home/airflow/.local/lib/python3.7/site-packages/airflow/example_dags/example_branch_python_dop_operator_3.py
[2026-03-03T01:16:32.570+0000] {logging_mixin.py:149} INFO - [2026-03-03T01:16:32.570+0000] {dag.py:2726} INFO - Sync 1 DAGs
[2026-03-03T01:16:32.655+0000] {logging_mixin.py:149} INFO - [2026-03-03T01:16:32.654+0000] {dag.py:3490} INFO - Setting next_dagrun for example_branch_dop_operator_v3 to 2026-03-03T01:15:00+00:00, run_after=2026-03-03T01:16:00+00:00
[2026-03-03T01:16:32.708+0000] {processor.py:178} INFO - Processing /home/airflow/.local/lib/python3.7/site-packages/airflow/example_dags/example_branch_python_dop_operator_3.py took 0.228 seconds
[2026-03-03T01:17:02.981+0000] {processor.py:156} INFO - Started process (PID=1251) to work on /home/airflow/.local/lib/python3.7/site-packages/airflow/example_dags/example_branch_python_dop_operator_3.py
[2026-03-03T01:17:02.983+0000] {processor.py:799} INFO - Processing file /home/airflow/.local/lib/python3.7/site-packages/airflow/example_dags/example_branch_python_dop_operator_3.py for tasks to queue
[2026-03-03T01:17:02.984+0000] {logging_mixin.py:149} INFO - [2026-03-03T01:17:02.984+0000] {dagbag.py:541} INFO - Filling up the DagBag from /home/airflow/.local/lib/python3.7/site-packages/airflow/example_dags/example_branch_python_dop_operator_3.py
[2026-03-03T01:17:02.997+0000] {processor.py:809} INFO - DAG(s) dict_keys(['example_branch_dop_operator_v3']) retrieved from /home/airflow/.local/lib/python3.7/site-packages/airflow/example_dags/example_branch_python_dop_operator_3.py
[2026-03-03T01:17:03.041+0000] {logging_mixin.py:149} INFO - [2026-03-03T01:17:03.040+0000] {dag.py:2726} INFO - Sync 1 DAGs
[2026-03-03T01:17:03.102+0000] {logging_mixin.py:149} INFO - [2026-03-03T01:17:03.102+0000] {dag.py:3490} INFO - Setting next_dagrun for example_branch_dop_operator_v3 to 2026-03-03T01:16:00+00:00, run_after=2026-03-03T01:17:00+00:00
[2026-03-03T01:17:03.140+0000] {processor.py:178} INFO - Processing /home/airflow/.local/lib/python3.7/site-packages/airflow/example_dags/example_branch_python_dop_operator_3.py took 0.165 seconds
[2026-03-03T01:17:33.344+0000] {processor.py:156} INFO - Started process (PID=1313) to work on /home/airflow/.local/lib/python3.7/site-packages/airflow/example_dags/example_branch_python_dop_operator_3.py
[2026-03-03T01:17:33.347+0000] {processor.py:799} INFO - Processing file /home/airflow/.local/lib/python3.7/site-packages/airflow/example_dags/example_branch_python_dop_operator_3.py for tasks to queue
[2026-03-03T01:17:33.350+0000] {logging_mixin.py:149} INFO - [2026-03-03T01:17:33.349+0000] {dagbag.py:541} INFO - Filling up the DagBag from /home/airflow/.local/lib/python3.7/site-packages/airflow/example_dags/example_branch_python_dop_operator_3.py
[2026-03-03T01:17:33.367+0000] {processor.py:809} INFO - DAG(s) dict_keys(['example_branch_dop_operator_v3']) retrieved from /home/airflow/.local/lib/python3.7/site-packages/airflow/example_dags/example_branch_python_dop_operator_3.py
[2026-03-03T01:17:33.472+0000] {logging_mixin.py:149} INFO - [2026-03-03T01:17:33.471+0000] {dag.py:2726} INFO - Sync 1 DAGs
[2026-03-03T01:17:33.493+0000] {logging_mixin.py:149} INFO - [2026-03-03T01:17:33.493+0000] {dag.py:3490} INFO - Setting next_dagrun for example_branch_dop_operator_v3 to 2026-03-03T01:16:00+00:00, run_after=2026-03-03T01:17:00+00:00
[2026-03-03T01:17:33.523+0000] {processor.py:178} INFO - Processing /home/airflow/.local/lib/python3.7/site-packages/airflow/example_dags/example_branch_python_dop_operator_3.py took 0.185 seconds
[2026-03-03T01:18:04.146+0000] {processor.py:156} INFO - Started process (PID=1375) to work on /home/airflow/.local/lib/python3.7/site-packages/airflow/example_dags/example_branch_python_dop_operator_3.py
[2026-03-03T01:18:04.146+0000] {processor.py:799} INFO - Processing file /home/airflow/.local/lib/python3.7/site-packages/airflow/example_dags/example_branch_python_dop_operator_3.py for tasks to queue
[2026-03-03T01:18:04.146+0000] {logging_mixin.py:149} INFO - [2026-03-03T01:18:04.146+0000] {dagbag.py:541} INFO - Filling up the DagBag from /home/airflow/.local/lib/python3.7/site-packages/airflow/example_dags/example_branch_python_dop_operator_3.py
[2026-03-03T01:18:04.151+0000] {processor.py:809} INFO - DAG(s) dict_keys(['example_branch_dop_operator_v3']) retrieved from /home/airflow/.local/lib/python3.7/site-packages/airflow/example_dags/example_branch_python_dop_operator_3.py
[2026-03-03T01:18:04.166+0000] {logging_mixin.py:149} INFO - [2026-03-03T01:18:04.166+0000] {dag.py:2726} INFO - Sync 1 DAGs
[2026-03-03T01:18:04.182+0000] {logging_mixin.py:149} INFO - [2026-03-03T01:18:04.182+0000] {dag.py:3490} INFO - Setting next_dagrun for example_branch_dop_operator_v3 to 2026-03-03T01:17:00+00:00, run_after=2026-03-03T01:18:00+00:00
[2026-03-03T01:18:04.194+0000] {processor.py:178} INFO - Processing /home/airflow/.local/lib/python3.7/site-packages/airflow/example_dags/example_branch_python_dop_operator_3.py took 0.050 seconds
[2026-03-03T01:18:34.501+0000] {processor.py:156} INFO - Started process (PID=1437) to work on /home/airflow/.local/lib/python3.7/site-packages/airflow/example_dags/example_branch_python_dop_operator_3.py
[2026-03-03T01:18:34.503+0000] {processor.py:799} INFO - Processing file /home/airflow/.local/lib/python3.7/site-packages/airflow/example_dags/example_branch_python_dop_operator_3.py for tasks to queue
[2026-03-03T01:18:34.505+0000] {logging_mixin.py:149} INFO - [2026-03-03T01:18:34.505+0000] {dagbag.py:541} INFO - Filling up the DagBag from /home/airflow/.local/lib/python3.7/site-packages/airflow/example_dags/example_branch_python_dop_operator_3.py
[2026-03-03T01:18:34.521+0000] {processor.py:809} INFO - DAG(s) dict_keys(['example_branch_dop_operator_v3']) retrieved from /home/airflow/.local/lib/python3.7/site-packages/airflow/example_dags/example_branch_python_dop_operator_3.py
[2026-03-03T01:18:34.583+0000] {logging_mixin.py:149} INFO - [2026-03-03T01:18:34.583+0000] {dag.py:2726} INFO - Sync 1 DAGs
[2026-03-03T01:18:34.659+0000] {logging_mixin.py:149} INFO - [2026-03-03T01:18:34.659+0000] {dag.py:3490} INFO - Setting next_dagrun for example_branch_dop_operator_v3 to 2026-03-03T01:17:00+00:00, run_after=2026-03-03T01:18:00+00:00
[2026-03-03T01:18:34.711+0000] {processor.py:178} INFO - Processing /home/airflow/.local/lib/python3.7/site-packages/airflow/example_dags/example_branch_python_dop_operator_3.py took 0.218 seconds
[2026-03-03T01:19:04.870+0000] {processor.py:156} INFO - Started process (PID=1499) to work on /home/airflow/.local/lib/python3.7/site-packages/airflow/example_dags/example_branch_python_dop_operator_3.py
[2026-03-03T01:19:04.871+0000] {processor.py:799} INFO - Processing file /home/airflow/.local/lib/python3.7/site-packages/airflow/example_dags/example_branch_python_dop_operator_3.py for tasks to queue
[2026-03-03T01:19:04.873+0000] {logging_mixin.py:149} INFO - [2026-03-03T01:19:04.873+0000] {dagbag.py:541} INFO - Filling up the DagBag from /home/airflow/.local/lib/python3.7/site-packages/airflow/example_dags/example_branch_python_dop_operator_3.py
[2026-03-03T01:19:04.887+0000] {processor.py:809} INFO - DAG(s) dict_keys(['example_branch_dop_operator_v3']) retrieved from /home/airflow/.local/lib/python3.7/site-packages/airflow/example_dags/example_branch_python_dop_operator_3.py
[2026-03-03T01:19:04.936+0000] {logging_mixin.py:149} INFO - [2026-03-03T01:19:04.936+0000] {dag.py:2726} INFO - Sync 1 DAGs
[2026-03-03T01:19:05.001+0000] {logging_mixin.py:149} INFO - [2026-03-03T01:19:05.001+0000] {dag.py:3490} INFO - Setting next_dagrun for example_branch_dop_operator_v3 to 2026-03-03T01:18:00+00:00, run_after=2026-03-03T01:19:00+00:00
[2026-03-03T01:19:05.047+0000] {processor.py:178} INFO - Processing /home/airflow/.local/lib/python3.7/site-packages/airflow/example_dags/example_branch_python_dop_operator_3.py took 0.182 seconds
[2026-03-03T01:19:35.448+0000] {processor.py:156} INFO - Started process (PID=1561) to work on /home/airflow/.local/lib/python3.7/site-packages/airflow/example_dags/example_branch_python_dop_operator_3.py
[2026-03-03T01:19:35.448+0000] {processor.py:799} INFO - Processing file /home/airflow/.local/lib/python3.7/site-packages/airflow/example_dags/example_branch_python_dop_operator_3.py for tasks to queue
[2026-03-03T01:19:35.449+0000] {logging_mixin.py:149} INFO - [2026-03-03T01:19:35.449+0000] {dagbag.py:541} INFO - Filling up the DagBag from /home/airflow/.local/lib/python3.7/site-packages/airflow/example_dags/example_branch_python_dop_operator_3.py
[2026-03-03T01:19:35.453+0000] {processor.py:809} INFO - DAG(s) dict_keys(['example_branch_dop_operator_v3']) retrieved from /home/airflow/.local/lib/python3.7/site-packages/airflow/example_dags/example_branch_python_dop_operator_3.py
[2026-03-03T01:19:35.465+0000] {logging_mixin.py:149} INFO - [2026-03-03T01:19:35.465+0000] {dag.py:2726} INFO - Sync 1 DAGs
[2026-03-03T01:19:35.478+0000] {logging_mixin.py:149} INFO - [2026-03-03T01:19:35.478+0000] {dag.py:3490} INFO - Setting next_dagrun for example_branch_dop_operator_v3 to 2026-03-03T01:18:00+00:00, run_after=2026-03-03T01:19:00+00:00
[2026-03-03T01:19:35.485+0000] {processor.py:178} INFO - Processing /home/airflow/.local/lib/python3.7/site-packages/airflow/example_dags/example_branch_python_dop_operator_3.py took 0.038 seconds
[2026-03-03T01:20:06.128+0000] {processor.py:156} INFO - Started process (PID=1623) to work on /home/airflow/.local/lib/python3.7/site-packages/airflow/example_dags/example_branch_python_dop_operator_3.py
[2026-03-03T01:20:06.129+0000] {processor.py:799} INFO - Processing file /home/airflow/.local/lib/python3.7/site-packages/airflow/example_dags/example_branch_python_dop_operator_3.py for tasks to queue
[2026-03-03T01:20:06.129+0000] {logging_mixin.py:149} INFO - [2026-03-03T01:20:06.129+0000] {dagbag.py:541} INFO - Filling up the DagBag from /home/airflow/.local/lib/python3.7/site-packages/airflow/example_dags/example_branch_python_dop_operator_3.py
[2026-03-03T01:20:06.133+0000] {processor.py:809} INFO - DAG(s) dict_keys(['example_branch_dop_operator_v3']) retrieved from /home/airflow/.local/lib/python3.7/site-packages/airflow/example_dags/example_branch_python_dop_operator_3.py
[2026-03-03T01:20:06.148+0000] {logging_mixin.py:149} INFO - [2026-03-03T01:20:06.147+0000] {dag.py:2726} INFO - Sync 1 DAGs
[2026-03-03T01:20:06.161+0000] {logging_mixin.py:149} INFO - [2026-03-03T01:20:06.160+0000] {dag.py:3490} INFO - Setting next_dagrun for example_branch_dop_operator_v3 to 2026-03-03T01:19:00+00:00, run_after=2026-03-03T01:20:00+00:00
[2026-03-03T01:20:06.168+0000] {processor.py:178} INFO - Processing /home/airflow/.local/lib/python3.7/site-packages/airflow/example_dags/example_branch_python_dop_operator_3.py took 0.041 seconds
[2026-03-03T01:20:36.846+0000] {processor.py:156} INFO - Started process (PID=1685) to work on /home/airflow/.local/lib/python3.7/site-packages/airflow/example_dags/example_branch_python_dop_operator_3.py
[2026-03-03T01:20:36.847+0000] {processor.py:799} INFO - Processing file /home/airflow/.local/lib/python3.7/site-packages/airflow/example_dags/example_branch_python_dop_operator_3.py for tasks to queue
[2026-03-03T01:20:36.847+0000] {logging_mixin.py:149} INFO - [2026-03-03T01:20:36.847+0000] {dagbag.py:541} INFO - Filling up the DagBag from /home/airflow/.local/lib/python3.7/site-packages/airflow/example_dags/example_branch_python_dop_operator_3.py
[2026-03-03T01:20:36.851+0000] {processor.py:809} INFO - DAG(s) dict_keys(['example_branch_dop_operator_v3']) retrieved from /home/airflow/.local/lib/python3.7/site-packages/airflow/example_dags/example_branch_python_dop_operator_3.py
[2026-03-03T01:20:36.864+0000] {logging_mixin.py:149} INFO - [2026-03-03T01:20:36.863+0000] {dag.py:2726} INFO - Sync 1 DAGs
[2026-03-03T01:20:36.876+0000] {logging_mixin.py:149} INFO - [2026-03-03T01:20:36.876+0000] {dag.py:3490} INFO - Setting next_dagrun for example_branch_dop_operator_v3 to 2026-03-03T01:19:00+00:00, run_after=2026-03-03T01:20:00+00:00
[2026-03-03T01:20:36.883+0000] {processor.py:178} INFO - Processing /home/airflow/.local/lib/python3.7/site-packages/airflow/example_dags/example_branch_python_dop_operator_3.py took 0.038 seconds
[2026-03-03T01:21:07.481+0000] {processor.py:156} INFO - Started process (PID=1747) to work on /home/airflow/.local/lib/python3.7/site-packages/airflow/example_dags/example_branch_python_dop_operator_3.py
[2026-03-03T01:21:07.482+0000] {processor.py:799} INFO - Processing file /home/airflow/.local/lib/python3.7/site-packages/airflow/example_dags/example_branch_python_dop_operator_3.py for tasks to queue
[2026-03-03T01:21:07.482+0000] {logging_mixin.py:149} INFO - [2026-03-03T01:21:07.482+0000] {dagbag.py:541} INFO - Filling up the DagBag from /home/airflow/.local/lib/python3.7/site-packages/airflow/example_dags/example_branch_python_dop_operator_3.py
[2026-03-03T01:21:07.487+0000] {processor.py:809} INFO - DAG(s) dict_keys(['example_branch_dop_operator_v3']) retrieved from /home/airflow/.local/lib/python3.7/site-packages/airflow/example_dags/example_branch_python_dop_operator_3.py
[2026-03-03T01:21:07.498+0000] {logging_mixin.py:149} INFO - [2026-03-03T01:21:07.498+0000] {dag.py:2726} INFO - Sync 1 DAGs
[2026-03-03T01:21:07.511+0000] {logging_mixin.py:149} INFO - [2026-03-03T01:21:07.511+0000] {dag.py:3490} INFO - Setting next_dagrun for example_branch_dop_operator_v3 to 2026-03-03T01:20:00+00:00, run_after=2026-03-03T01:21:00+00:00
[2026-03-03T01:21:07.518+0000] {processor.py:178} INFO - Processing /home/airflow/.local/lib/python3.7/site-packages/airflow/example_dags/example_branch_python_dop_operator_3.py took 0.038 seconds
[2026-03-03T01:21:39.237+0000] {processor.py:156} INFO - Started process (PID=1809) to work on /home/airflow/.local/lib/python3.7/site-packages/airflow/example_dags/example_branch_python_dop_operator_3.py
[2026-03-03T01:21:39.240+0000] {processor.py:799} INFO - Processing file /home/airflow/.local/lib/python3.7/site-packages/airflow/example_dags/example_branch_python_dop_operator_3.py for tasks to queue
[2026-03-03T01:21:39.241+0000] {logging_mixin.py:149} INFO - [2026-03-03T01:21:39.241+0000] {dagbag.py:541} INFO - Filling up the DagBag from /home/airflow/.local/lib/python3.7/site-packages/airflow/example_dags/example_branch_python_dop_operator_3.py
[2026-03-03T01:21:39.262+0000] {processor.py:809} INFO - DAG(s) dict_keys(['example_branch_dop_operator_v3']) retrieved from /home/airflow/.local/lib/python3.7/site-packages/airflow/example_dags/example_branch_python_dop_operator_3.py
[2026-03-03T01:21:39.341+0000] {logging_mixin.py:149} INFO - [2026-03-03T01:21:39.341+0000] {dag.py:2726} INFO - Sync 1 DAGs
[2026-03-03T01:21:39.446+0000] {logging_mixin.py:149} INFO - [2026-03-03T01:21:39.445+0000] {dag.py:3490} INFO - Setting next_dagrun for example_branch_dop_operator_v3 to 2026-03-03T01:20:00+00:00, run_after=2026-03-03T01:21:00+00:00
[2026-03-03T01:21:39.507+0000] {processor.py:178} INFO - Processing /home/airflow/.local/lib/python3.7/site-packages/airflow/example_dags/example_branch_python_dop_operator_3.py took 0.278 seconds
[2026-03-03T01:22:09.920+0000] {processor.py:156} INFO - Started process (PID=1870) to work on /home/airflow/.local/lib/python3.7/site-packages/airflow/example_dags/example_branch_python_dop_operator_3.py
[2026-03-03T01:22:09.924+0000] {processor.py:799} INFO - Processing file /home/airflow/.local/lib/python3.7/site-packages/airflow/example_dags/example_branch_python_dop_operator_3.py for tasks to queue
[2026-03-03T01:22:09.926+0000] {logging_mixin.py:149} INFO - [2026-03-03T01:22:09.925+0000] {dagbag.py:541} INFO - Filling up the DagBag from /home/airflow/.local/lib/python3.7/site-packages/airflow/example_dags/example_branch_python_dop_operator_3.py
[2026-03-03T01:22:09.954+0000] {processor.py:809} INFO - DAG(s) dict_keys(['example_branch_dop_operator_v3']) retrieved from /home/airflow/.local/lib/python3.7/site-packages/airflow/example_dags/example_branch_python_dop_operator_3.py
[2026-03-03T01:22:10.020+0000] {logging_mixin.py:149} INFO - [2026-03-03T01:22:10.020+0000] {dag.py:2726} INFO - Sync 1 DAGs
[2026-03-03T01:22:10.102+0000] {logging_mixin.py:149} INFO - [2026-03-03T01:22:10.102+0000] {dag.py:3490} INFO - Setting next_dagrun for example_branch_dop_operator_v3 to 2026-03-03T01:21:00+00:00, run_after=2026-03-03T01:22:00+00:00
[2026-03-03T01:22:10.160+0000] {processor.py:178} INFO - Processing /home/airflow/.local/lib/python3.7/site-packages/airflow/example_dags/example_branch_python_dop_operator_3.py took 0.249 seconds
[2026-03-03T01:22:40.504+0000] {processor.py:156} INFO - Started process (PID=1932) to work on /home/airflow/.local/lib/python3.7/site-packages/airflow/example_dags/example_branch_python_dop_operator_3.py
[2026-03-03T01:22:40.507+0000] {processor.py:799} INFO - Processing file /home/airflow/.local/lib/python3.7/site-packages/airflow/example_dags/example_branch_python_dop_operator_3.py for tasks to queue
[2026-03-03T01:22:40.509+0000] {logging_mixin.py:149} INFO - [2026-03-03T01:22:40.508+0000] {dagbag.py:541} INFO - Filling up the DagBag from /home/airflow/.local/lib/python3.7/site-packages/airflow/example_dags/example_branch_python_dop_operator_3.py
[2026-03-03T01:22:40.531+0000] {processor.py:809} INFO - DAG(s) dict_keys(['example_branch_dop_operator_v3']) retrieved from /home/airflow/.local/lib/python3.7/site-packages/airflow/example_dags/example_branch_python_dop_operator_3.py
[2026-03-03T01:22:40.606+0000] {logging_mixin.py:149} INFO - [2026-03-03T01:22:40.605+0000] {dag.py:2726} INFO - Sync 1 DAGs
[2026-03-03T01:22:40.703+0000] {logging_mixin.py:149} INFO - [2026-03-03T01:22:40.702+0000] {dag.py:3490} INFO - Setting next_dagrun for example_branch_dop_operator_v3 to 2026-03-03T01:21:00+00:00, run_after=2026-03-03T01:22:00+00:00
[2026-03-03T01:22:40.788+0000] {processor.py:178} INFO - Processing /home/airflow/.local/lib/python3.7/site-packages/airflow/example_dags/example_branch_python_dop_operator_3.py took 0.294 seconds
[2026-03-03T01:23:11.042+0000] {processor.py:156} INFO - Started process (PID=1994) to work on /home/airflow/.local/lib/python3.7/site-packages/airflow/example_dags/example_branch_python_dop_operator_3.py
[2026-03-03T01:23:11.045+0000] {processor.py:799} INFO - Processing file /home/airflow/.local/lib/python3.7/site-packages/airflow/example_dags/example_branch_python_dop_operator_3.py for tasks to queue
[2026-03-03T01:23:11.047+0000] {logging_mixin.py:149} INFO - [2026-03-03T01:23:11.047+0000] {dagbag.py:541} INFO - Filling up the DagBag from /home/airflow/.local/lib/python3.7/site-packages/airflow/example_dags/example_branch_python_dop_operator_3.py
[2026-03-03T01:23:11.069+0000] {processor.py:809} INFO - DAG(s) dict_keys(['example_branch_dop_operator_v3']) retrieved from /home/airflow/.local/lib/python3.7/site-packages/airflow/example_dags/example_branch_python_dop_operator_3.py
[2026-03-03T01:23:11.142+0000] {logging_mixin.py:149} INFO - [2026-03-03T01:23:11.142+0000] {dag.py:2726} INFO - Sync 1 DAGs
[2026-03-03T01:23:11.229+0000] {logging_mixin.py:149} INFO - [2026-03-03T01:23:11.229+0000] {dag.py:3490} INFO - Setting next_dagrun for example_branch_dop_operator_v3 to 2026-03-03T01:22:00+00:00, run_after=2026-03-03T01:23:00+00:00
[2026-03-03T01:23:11.304+0000] {processor.py:178} INFO - Processing /home/airflow/.local/lib/python3.7/site-packages/airflow/example_dags/example_branch_python_dop_operator_3.py took 0.276 seconds
[2026-03-03T01:23:41.834+0000] {processor.py:156} INFO - Started process (PID=2056) to work on /home/airflow/.local/lib/python3.7/site-packages/airflow/example_dags/example_branch_python_dop_operator_3.py
[2026-03-03T01:23:41.838+0000] {processor.py:799} INFO - Processing file /home/airflow/.local/lib/python3.7/site-packages/airflow/example_dags/example_branch_python_dop_operator_3.py for tasks to queue
[2026-03-03T01:23:41.841+0000] {logging_mixin.py:149} INFO - [2026-03-03T01:23:41.840+0000] {dagbag.py:541} INFO - Filling up the DagBag from /home/airflow/.local/lib/python3.7/site-packages/airflow/example_dags/example_branch_python_dop_operator_3.py
[2026-03-03T01:23:41.865+0000] {processor.py:809} INFO - DAG(s) dict_keys(['example_branch_dop_operator_v3']) retrieved from /home/airflow/.local/lib/python3.7/site-packages/airflow/example_dags/example_branch_python_dop_operator_3.py
[2026-03-03T01:23:41.926+0000] {logging_mixin.py:149} INFO - [2026-03-03T01:23:41.926+0000] {dag.py:2726} INFO - Sync 1 DAGs
[2026-03-03T01:23:42.022+0000] {logging_mixin.py:149} INFO - [2026-03-03T01:23:42.021+0000] {dag.py:3490} INFO - Setting next_dagrun for example_branch_dop_operator_v3 to 2026-03-03T01:22:00+00:00, run_after=2026-03-03T01:23:00+00:00
[2026-03-03T01:23:42.080+0000] {processor.py:178} INFO - Processing /home/airflow/.local/lib/python3.7/site-packages/airflow/example_dags/example_branch_python_dop_operator_3.py took 0.254 seconds
[2026-03-03T01:24:12.281+0000] {processor.py:156} INFO - Started process (PID=2118) to work on /home/airflow/.local/lib/python3.7/site-packages/airflow/example_dags/example_branch_python_dop_operator_3.py
[2026-03-03T01:24:12.283+0000] {processor.py:799} INFO - Processing file /home/airflow/.local/lib/python3.7/site-packages/airflow/example_dags/example_branch_python_dop_operator_3.py for tasks to queue
[2026-03-03T01:24:12.285+0000] {logging_mixin.py:149} INFO - [2026-03-03T01:24:12.285+0000] {dagbag.py:541} INFO - Filling up the DagBag from /home/airflow/.local/lib/python3.7/site-packages/airflow/example_dags/example_branch_python_dop_operator_3.py
[2026-03-03T01:24:12.294+0000] {processor.py:809} INFO - DAG(s) dict_keys(['example_branch_dop_operator_v3']) retrieved from /home/airflow/.local/lib/python3.7/site-packages/airflow/example_dags/example_branch_python_dop_operator_3.py
[2026-03-03T01:24:12.328+0000] {logging_mixin.py:149} INFO - [2026-03-03T01:24:12.327+0000] {dag.py:2726} INFO - Sync 1 DAGs
[2026-03-03T01:24:12.414+0000] {logging_mixin.py:149} INFO - [2026-03-03T01:24:12.413+0000] {dag.py:3490} INFO - Setting next_dagrun for example_branch_dop_operator_v3 to 2026-03-03T01:23:00+00:00, run_after=2026-03-03T01:24:00+00:00
[2026-03-03T01:24:12.461+0000] {processor.py:178} INFO - Processing /home/airflow/.local/lib/python3.7/site-packages/airflow/example_dags/example_branch_python_dop_operator_3.py took 0.183 seconds
[2026-03-03T01:24:43.342+0000] {processor.py:156} INFO - Started process (PID=2180) to work on /home/airflow/.local/lib/python3.7/site-packages/airflow/example_dags/example_branch_python_dop_operator_3.py
[2026-03-03T01:24:43.343+0000] {processor.py:799} INFO - Processing file /home/airflow/.local/lib/python3.7/site-packages/airflow/example_dags/example_branch_python_dop_operator_3.py for tasks to queue
[2026-03-03T01:24:43.344+0000] {logging_mixin.py:149} INFO - [2026-03-03T01:24:43.344+0000] {dagbag.py:541} INFO - Filling up the DagBag from /home/airflow/.local/lib/python3.7/site-packages/airflow/example_dags/example_branch_python_dop_operator_3.py
[2026-03-03T01:24:43.351+0000] {processor.py:809} INFO - DAG(s) dict_keys(['example_branch_dop_operator_v3']) retrieved from /home/airflow/.local/lib/python3.7/site-packages/airflow/example_dags/example_branch_python_dop_operator_3.py
[2026-03-03T01:24:43.366+0000] {logging_mixin.py:149} INFO - [2026-03-03T01:24:43.366+0000] {dag.py:2726} INFO - Sync 1 DAGs
[2026-03-03T01:24:43.380+0000] {logging_mixin.py:149} INFO - [2026-03-03T01:24:43.380+0000] {dag.py:3490} INFO - Setting next_dagrun for example_branch_dop_operator_v3 to 2026-03-03T01:23:00+00:00, run_after=2026-03-03T01:24:00+00:00
[2026-03-03T01:24:43.387+0000] {processor.py:178} INFO - Processing /home/airflow/.local/lib/python3.7/site-packages/airflow/example_dags/example_branch_python_dop_operator_3.py took 0.048 seconds
[2026-03-03T01:25:13.551+0000] {processor.py:156} INFO - Started process (PID=2242) to work on /home/airflow/.local/lib/python3.7/site-packages/airflow/example_dags/example_branch_python_dop_operator_3.py
[2026-03-03T01:25:13.554+0000] {processor.py:799} INFO - Processing file /home/airflow/.local/lib/python3.7/site-packages/airflow/example_dags/example_branch_python_dop_operator_3.py for tasks to queue
[2026-03-03T01:25:13.556+0000] {logging_mixin.py:149} INFO - [2026-03-03T01:25:13.556+0000] {dagbag.py:541} INFO - Filling up the DagBag from /home/airflow/.local/lib/python3.7/site-packages/airflow/example_dags/example_branch_python_dop_operator_3.py
[2026-03-03T01:25:13.574+0000] {processor.py:809} INFO - DAG(s) dict_keys(['example_branch_dop_operator_v3']) retrieved from /home/airflow/.local/lib/python3.7/site-packages/airflow/example_dags/example_branch_python_dop_operator_3.py
[2026-03-03T01:25:13.630+0000] {logging_mixin.py:149} INFO - [2026-03-03T01:25:13.630+0000] {dag.py:2726} INFO - Sync 1 DAGs
[2026-03-03T01:25:13.702+0000] {logging_mixin.py:149} INFO - [2026-03-03T01:25:13.702+0000] {dag.py:3490} INFO - Setting next_dagrun for example_branch_dop_operator_v3 to 2026-03-03T01:24:00+00:00, run_after=2026-03-03T01:25:00+00:00
[2026-03-03T01:25:13.753+0000] {processor.py:178} INFO - Processing /home/airflow/.local/lib/python3.7/site-packages/airflow/example_dags/example_branch_python_dop_operator_3.py took 0.209 seconds
[2026-03-03T01:25:44.005+0000] {processor.py:156} INFO - Started process (PID=2310) to work on /home/airflow/.local/lib/python3.7/site-packages/airflow/example_dags/example_branch_python_dop_operator_3.py
[2026-03-03T01:25:44.012+0000] {processor.py:799} INFO - Processing file /home/airflow/.local/lib/python3.7/site-packages/airflow/example_dags/example_branch_python_dop_operator_3.py for tasks to queue
[2026-03-03T01:25:44.014+0000] {logging_mixin.py:149} INFO - [2026-03-03T01:25:44.014+0000] {dagbag.py:541} INFO - Filling up the DagBag from /home/airflow/.local/lib/python3.7/site-packages/airflow/example_dags/example_branch_python_dop_operator_3.py
[2026-03-03T01:25:44.032+0000] {processor.py:809} INFO - DAG(s) dict_keys(['example_branch_dop_operator_v3']) retrieved from /home/airflow/.local/lib/python3.7/site-packages/airflow/example_dags/example_branch_python_dop_operator_3.py
[2026-03-03T01:25:44.093+0000] {logging_mixin.py:149} INFO - [2026-03-03T01:25:44.092+0000] {dag.py:2726} INFO - Sync 1 DAGs
[2026-03-03T01:25:44.184+0000] {logging_mixin.py:149} INFO - [2026-03-03T01:25:44.184+0000] {dag.py:3490} INFO - Setting next_dagrun for example_branch_dop_operator_v3 to 2026-03-03T01:24:00+00:00, run_after=2026-03-03T01:25:00+00:00
[2026-03-03T01:25:44.236+0000] {processor.py:178} INFO - Processing /home/airflow/.local/lib/python3.7/site-packages/airflow/example_dags/example_branch_python_dop_operator_3.py took 0.242 seconds
[2026-03-03T01:26:15.206+0000] {processor.py:156} INFO - Started process (PID=2373) to work on /home/airflow/.local/lib/python3.7/site-packages/airflow/example_dags/example_branch_python_dop_operator_3.py
[2026-03-03T01:26:15.208+0000] {processor.py:799} INFO - Processing file /home/airflow/.local/lib/python3.7/site-packages/airflow/example_dags/example_branch_python_dop_operator_3.py for tasks to queue
[2026-03-03T01:26:15.211+0000] {logging_mixin.py:149} INFO - [2026-03-03T01:26:15.210+0000] {dagbag.py:541} INFO - Filling up the DagBag from /home/airflow/.local/lib/python3.7/site-packages/airflow/example_dags/example_branch_python_dop_operator_3.py
[2026-03-03T01:26:15.231+0000] {processor.py:809} INFO - DAG(s) dict_keys(['example_branch_dop_operator_v3']) retrieved from /home/airflow/.local/lib/python3.7/site-packages/airflow/example_dags/example_branch_python_dop_operator_3.py
[2026-03-03T01:26:15.382+0000] {logging_mixin.py:149} INFO - [2026-03-03T01:26:15.381+0000] {dag.py:2726} INFO - Sync 1 DAGs
[2026-03-03T01:26:15.473+0000] {logging_mixin.py:149} INFO - [2026-03-03T01:26:15.473+0000] {dag.py:3490} INFO - Setting next_dagrun for example_branch_dop_operator_v3 to 2026-03-03T01:25:00+00:00, run_after=2026-03-03T01:26:00+00:00
[2026-03-03T01:26:15.528+0000] {processor.py:178} INFO - Processing /home/airflow/.local/lib/python3.7/site-packages/airflow/example_dags/example_branch_python_dop_operator_3.py took 0.330 seconds
[2026-03-03T01:26:46.346+0000] {processor.py:156} INFO - Started process (PID=2434) to work on /home/airflow/.local/lib/python3.7/site-packages/airflow/example_dags/example_branch_python_dop_operator_3.py
[2026-03-03T01:26:46.347+0000] {processor.py:799} INFO - Processing file /home/airflow/.local/lib/python3.7/site-packages/airflow/example_dags/example_branch_python_dop_operator_3.py for tasks to queue
[2026-03-03T01:26:46.348+0000] {logging_mixin.py:149} INFO - [2026-03-03T01:26:46.348+0000] {dagbag.py:541} INFO - Filling up the DagBag from /home/airflow/.local/lib/python3.7/site-packages/airflow/example_dags/example_branch_python_dop_operator_3.py
[2026-03-03T01:26:46.359+0000] {processor.py:809} INFO - DAG(s) dict_keys(['example_branch_dop_operator_v3']) retrieved from /home/airflow/.local/lib/python3.7/site-packages/airflow/example_dags/example_branch_python_dop_operator_3.py
[2026-03-03T01:26:46.392+0000] {logging_mixin.py:149} INFO - [2026-03-03T01:26:46.392+0000] {dag.py:2726} INFO - Sync 1 DAGs
[2026-03-03T01:26:46.411+0000] {logging_mixin.py:149} INFO - [2026-03-03T01:26:46.411+0000] {dag.py:3490} INFO - Setting next_dagrun for example_branch_dop_operator_v3 to 2026-03-03T01:25:00+00:00, run_after=2026-03-03T01:26:00+00:00
[2026-03-03T01:26:46.431+0000] {processor.py:178} INFO - Processing /home/airflow/.local/lib/python3.7/site-packages/airflow/example_dags/example_branch_python_dop_operator_3.py took 0.088 seconds
[2026-03-03T01:27:17.166+0000] {processor.py:156} INFO - Started process (PID=2496) to work on /home/airflow/.local/lib/python3.7/site-packages/airflow/example_dags/example_branch_python_dop_operator_3.py
[2026-03-03T01:27:17.168+0000] {processor.py:799} INFO - Processing file /home/airflow/.local/lib/python3.7/site-packages/airflow/example_dags/example_branch_python_dop_operator_3.py for tasks to queue
[2026-03-03T01:27:17.170+0000] {logging_mixin.py:149} INFO - [2026-03-03T01:27:17.169+0000] {dagbag.py:541} INFO - Filling up the DagBag from /home/airflow/.local/lib/python3.7/site-packages/airflow/example_dags/example_branch_python_dop_operator_3.py
[2026-03-03T01:27:17.176+0000] {processor.py:809} INFO - DAG(s) dict_keys(['example_branch_dop_operator_v3']) retrieved from /home/airflow/.local/lib/python3.7/site-packages/airflow/example_dags/example_branch_python_dop_operator_3.py
[2026-03-03T01:27:17.193+0000] {logging_mixin.py:149} INFO - [2026-03-03T01:27:17.193+0000] {dag.py:2726} INFO - Sync 1 DAGs
[2026-03-03T01:27:17.210+0000] {logging_mixin.py:149} INFO - [2026-03-03T01:27:17.210+0000] {dag.py:3490} INFO - Setting next_dagrun for example_branch_dop_operator_v3 to 2026-03-03T01:26:00+00:00, run_after=2026-03-03T01:27:00+00:00
[2026-03-03T01:27:17.221+0000] {processor.py:178} INFO - Processing /home/airflow/.local/lib/python3.7/site-packages/airflow/example_dags/example_branch_python_dop_operator_3.py took 0.058 seconds
[2026-03-03T01:27:47.309+0000] {processor.py:156} INFO - Started process (PID=2558) to work on /home/airflow/.local/lib/python3.7/site-packages/airflow/example_dags/example_branch_python_dop_operator_3.py
[2026-03-03T01:27:47.312+0000] {processor.py:799} INFO - Processing file /home/airflow/.local/lib/python3.7/site-packages/airflow/example_dags/example_branch_python_dop_operator_3.py for tasks to queue
[2026-03-03T01:27:47.314+0000] {logging_mixin.py:149} INFO - [2026-03-03T01:27:47.314+0000] {dagbag.py:541} INFO - Filling up the DagBag from /home/airflow/.local/lib/python3.7/site-packages/airflow/example_dags/example_branch_python_dop_operator_3.py
[2026-03-03T01:27:47.334+0000] {processor.py:809} INFO - DAG(s) dict_keys(['example_branch_dop_operator_v3']) retrieved from /home/airflow/.local/lib/python3.7/site-packages/airflow/example_dags/example_branch_python_dop_operator_3.py
[2026-03-03T01:27:47.392+0000] {logging_mixin.py:149} INFO - [2026-03-03T01:27:47.392+0000] {dag.py:2726} INFO - Sync 1 DAGs
[2026-03-03T01:27:47.479+0000] {logging_mixin.py:149} INFO - [2026-03-03T01:27:47.478+0000] {dag.py:3490} INFO - Setting next_dagrun for example_branch_dop_operator_v3 to 2026-03-03T01:26:00+00:00, run_after=2026-03-03T01:27:00+00:00
[2026-03-03T01:27:47.547+0000] {processor.py:178} INFO - Processing /home/airflow/.local/lib/python3.7/site-packages/airflow/example_dags/example_branch_python_dop_operator_3.py took 0.245 seconds
[2026-03-03T01:28:17.596+0000] {processor.py:156} INFO - Started process (PID=2619) to work on /home/airflow/.local/lib/python3.7/site-packages/airflow/example_dags/example_branch_python_dop_operator_3.py
[2026-03-03T01:28:17.597+0000] {processor.py:799} INFO - Processing file /home/airflow/.local/lib/python3.7/site-packages/airflow/example_dags/example_branch_python_dop_operator_3.py for tasks to queue
[2026-03-03T01:28:17.598+0000] {logging_mixin.py:149} INFO - [2026-03-03T01:28:17.598+0000] {dagbag.py:541} INFO - Filling up the DagBag from /home/airflow/.local/lib/python3.7/site-packages/airflow/example_dags/example_branch_python_dop_operator_3.py
[2026-03-03T01:28:17.604+0000] {processor.py:809} INFO - DAG(s) dict_keys(['example_branch_dop_operator_v3']) retrieved from /home/airflow/.local/lib/python3.7/site-packages/airflow/example_dags/example_branch_python_dop_operator_3.py
[2026-03-03T01:28:17.625+0000] {logging_mixin.py:149} INFO - [2026-03-03T01:28:17.625+0000] {dag.py:2726} INFO - Sync 1 DAGs
[2026-03-03T01:28:17.646+0000] {logging_mixin.py:149} INFO - [2026-03-03T01:28:17.645+0000] {dag.py:3490} INFO - Setting next_dagrun for example_branch_dop_operator_v3 to 2026-03-03T01:27:00+00:00, run_after=2026-03-03T01:28:00+00:00
[2026-03-03T01:28:17.659+0000] {processor.py:178} INFO - Processing /home/airflow/.local/lib/python3.7/site-packages/airflow/example_dags/example_branch_python_dop_operator_3.py took 0.066 seconds
[2026-03-03T01:28:48.139+0000] {processor.py:156} INFO - Started process (PID=2681) to work on /home/airflow/.local/lib/python3.7/site-packages/airflow/example_dags/example_branch_python_dop_operator_3.py
[2026-03-03T01:28:48.142+0000] {processor.py:799} INFO - Processing file /home/airflow/.local/lib/python3.7/site-packages/airflow/example_dags/example_branch_python_dop_operator_3.py for tasks to queue
[2026-03-03T01:28:48.145+0000] {logging_mixin.py:149} INFO - [2026-03-03T01:28:48.145+0000] {dagbag.py:541} INFO - Filling up the DagBag from /home/airflow/.local/lib/python3.7/site-packages/airflow/example_dags/example_branch_python_dop_operator_3.py
[2026-03-03T01:28:48.166+0000] {processor.py:809} INFO - DAG(s) dict_keys(['example_branch_dop_operator_v3']) retrieved from /home/airflow/.local/lib/python3.7/site-packages/airflow/example_dags/example_branch_python_dop_operator_3.py
[2026-03-03T01:28:48.221+0000] {logging_mixin.py:149} INFO - [2026-03-03T01:28:48.221+0000] {dag.py:2726} INFO - Sync 1 DAGs
[2026-03-03T01:28:48.316+0000] {logging_mixin.py:149} INFO - [2026-03-03T01:28:48.316+0000] {dag.py:3490} INFO - Setting next_dagrun for example_branch_dop_operator_v3 to 2026-03-03T01:27:00+00:00, run_after=2026-03-03T01:28:00+00:00
[2026-03-03T01:28:48.367+0000] {processor.py:178} INFO - Processing /home/airflow/.local/lib/python3.7/site-packages/airflow/example_dags/example_branch_python_dop_operator_3.py took 0.235 seconds
[2026-03-03T01:29:18.627+0000] {processor.py:156} INFO - Started process (PID=2743) to work on /home/airflow/.local/lib/python3.7/site-packages/airflow/example_dags/example_branch_python_dop_operator_3.py
[2026-03-03T01:29:18.627+0000] {processor.py:799} INFO - Processing file /home/airflow/.local/lib/python3.7/site-packages/airflow/example_dags/example_branch_python_dop_operator_3.py for tasks to queue
[2026-03-03T01:29:18.628+0000] {logging_mixin.py:149} INFO - [2026-03-03T01:29:18.628+0000] {dagbag.py:541} INFO - Filling up the DagBag from /home/airflow/.local/lib/python3.7/site-packages/airflow/example_dags/example_branch_python_dop_operator_3.py
[2026-03-03T01:29:18.631+0000] {processor.py:809} INFO - DAG(s) dict_keys(['example_branch_dop_operator_v3']) retrieved from /home/airflow/.local/lib/python3.7/site-packages/airflow/example_dags/example_branch_python_dop_operator_3.py
[2026-03-03T01:29:18.642+0000] {logging_mixin.py:149} INFO - [2026-03-03T01:29:18.642+0000] {dag.py:2726} INFO - Sync 1 DAGs
[2026-03-03T01:29:18.654+0000] {logging_mixin.py:149} INFO - [2026-03-03T01:29:18.654+0000] {dag.py:3490} INFO - Setting next_dagrun for example_branch_dop_operator_v3 to 2026-03-03T01:28:00+00:00, run_after=2026-03-03T01:29:00+00:00
[2026-03-03T01:29:18.662+0000] {processor.py:178} INFO - Processing /home/airflow/.local/lib/python3.7/site-packages/airflow/example_dags/example_branch_python_dop_operator_3.py took 0.038 seconds
