[2026-03-03T00:56:03.846+0000] {processor.py:156} INFO - Started process (PID=48) to work on /home/airflow/.local/lib/python3.7/site-packages/airflow/example_dags/example_sensor_decorator.py
[2026-03-03T00:56:03.848+0000] {processor.py:799} INFO - Processing file /home/airflow/.local/lib/python3.7/site-packages/airflow/example_dags/example_sensor_decorator.py for tasks to queue
[2026-03-03T00:56:03.851+0000] {logging_mixin.py:149} INFO - [2026-03-03T00:56:03.851+0000] {dagbag.py:541} INFO - Filling up the DagBag from /home/airflow/.local/lib/python3.7/site-packages/airflow/example_dags/example_sensor_decorator.py
[2026-03-03T00:56:03.867+0000] {processor.py:809} INFO - DAG(s) dict_keys(['example_sensor_decorator']) retrieved from /home/airflow/.local/lib/python3.7/site-packages/airflow/example_dags/example_sensor_decorator.py
[2026-03-03T00:56:03.889+0000] {logging_mixin.py:149} INFO - [2026-03-03T00:56:03.889+0000] {dag.py:2726} INFO - Sync 1 DAGs
[2026-03-03T00:56:03.922+0000] {logging_mixin.py:149} INFO - [2026-03-03T00:56:03.922+0000] {dag.py:3490} INFO - Setting next_dagrun for example_sensor_decorator to None, run_after=None
[2026-03-03T00:56:03.939+0000] {processor.py:178} INFO - Processing /home/airflow/.local/lib/python3.7/site-packages/airflow/example_dags/example_sensor_decorator.py took 0.095 seconds
[2026-03-03T00:56:34.853+0000] {processor.py:156} INFO - Started process (PID=110) to work on /home/airflow/.local/lib/python3.7/site-packages/airflow/example_dags/example_sensor_decorator.py
[2026-03-03T00:56:34.856+0000] {processor.py:799} INFO - Processing file /home/airflow/.local/lib/python3.7/site-packages/airflow/example_dags/example_sensor_decorator.py for tasks to queue
[2026-03-03T00:56:34.859+0000] {logging_mixin.py:149} INFO - [2026-03-03T00:56:34.858+0000] {dagbag.py:541} INFO - Filling up the DagBag from /home/airflow/.local/lib/python3.7/site-packages/airflow/example_dags/example_sensor_decorator.py
[2026-03-03T00:56:34.873+0000] {processor.py:809} INFO - DAG(s) dict_keys(['example_sensor_decorator']) retrieved from /home/airflow/.local/lib/python3.7/site-packages/airflow/example_dags/example_sensor_decorator.py
[2026-03-03T00:56:34.941+0000] {logging_mixin.py:149} INFO - [2026-03-03T00:56:34.940+0000] {dag.py:2726} INFO - Sync 1 DAGs
[2026-03-03T00:56:35.010+0000] {logging_mixin.py:149} INFO - [2026-03-03T00:56:35.009+0000] {dag.py:3490} INFO - Setting next_dagrun for example_sensor_decorator to None, run_after=None
[2026-03-03T00:56:35.073+0000] {processor.py:178} INFO - Processing /home/airflow/.local/lib/python3.7/site-packages/airflow/example_dags/example_sensor_decorator.py took 0.228 seconds
[2026-03-03T00:57:05.384+0000] {processor.py:156} INFO - Started process (PID=171) to work on /home/airflow/.local/lib/python3.7/site-packages/airflow/example_dags/example_sensor_decorator.py
[2026-03-03T00:57:05.385+0000] {processor.py:799} INFO - Processing file /home/airflow/.local/lib/python3.7/site-packages/airflow/example_dags/example_sensor_decorator.py for tasks to queue
[2026-03-03T00:57:05.385+0000] {logging_mixin.py:149} INFO - [2026-03-03T00:57:05.385+0000] {dagbag.py:541} INFO - Filling up the DagBag from /home/airflow/.local/lib/python3.7/site-packages/airflow/example_dags/example_sensor_decorator.py
[2026-03-03T00:57:05.388+0000] {processor.py:809} INFO - DAG(s) dict_keys(['example_sensor_decorator']) retrieved from /home/airflow/.local/lib/python3.7/site-packages/airflow/example_dags/example_sensor_decorator.py
[2026-03-03T00:57:05.405+0000] {logging_mixin.py:149} INFO - [2026-03-03T00:57:05.405+0000] {dag.py:2726} INFO - Sync 1 DAGs
[2026-03-03T00:57:05.419+0000] {logging_mixin.py:149} INFO - [2026-03-03T00:57:05.419+0000] {dag.py:3490} INFO - Setting next_dagrun for example_sensor_decorator to None, run_after=None
[2026-03-03T00:57:05.428+0000] {processor.py:178} INFO - Processing /home/airflow/.local/lib/python3.7/site-packages/airflow/example_dags/example_sensor_decorator.py took 0.045 seconds
[2026-03-03T00:57:36.308+0000] {processor.py:156} INFO - Started process (PID=234) to work on /home/airflow/.local/lib/python3.7/site-packages/airflow/example_dags/example_sensor_decorator.py
[2026-03-03T00:57:36.310+0000] {processor.py:799} INFO - Processing file /home/airflow/.local/lib/python3.7/site-packages/airflow/example_dags/example_sensor_decorator.py for tasks to queue
[2026-03-03T00:57:36.310+0000] {logging_mixin.py:149} INFO - [2026-03-03T00:57:36.310+0000] {dagbag.py:541} INFO - Filling up the DagBag from /home/airflow/.local/lib/python3.7/site-packages/airflow/example_dags/example_sensor_decorator.py
[2026-03-03T00:57:36.316+0000] {processor.py:809} INFO - DAG(s) dict_keys(['example_sensor_decorator']) retrieved from /home/airflow/.local/lib/python3.7/site-packages/airflow/example_dags/example_sensor_decorator.py
[2026-03-03T00:57:36.338+0000] {logging_mixin.py:149} INFO - [2026-03-03T00:57:36.338+0000] {dag.py:2726} INFO - Sync 1 DAGs
[2026-03-03T00:57:36.353+0000] {logging_mixin.py:149} INFO - [2026-03-03T00:57:36.353+0000] {dag.py:3490} INFO - Setting next_dagrun for example_sensor_decorator to None, run_after=None
[2026-03-03T00:57:36.365+0000] {processor.py:178} INFO - Processing /home/airflow/.local/lib/python3.7/site-packages/airflow/example_dags/example_sensor_decorator.py took 0.061 seconds
[2026-03-03T00:58:07.297+0000] {processor.py:156} INFO - Started process (PID=296) to work on /home/airflow/.local/lib/python3.7/site-packages/airflow/example_dags/example_sensor_decorator.py
[2026-03-03T00:58:07.298+0000] {processor.py:799} INFO - Processing file /home/airflow/.local/lib/python3.7/site-packages/airflow/example_dags/example_sensor_decorator.py for tasks to queue
[2026-03-03T00:58:07.299+0000] {logging_mixin.py:149} INFO - [2026-03-03T00:58:07.299+0000] {dagbag.py:541} INFO - Filling up the DagBag from /home/airflow/.local/lib/python3.7/site-packages/airflow/example_dags/example_sensor_decorator.py
[2026-03-03T00:58:07.312+0000] {processor.py:809} INFO - DAG(s) dict_keys(['example_sensor_decorator']) retrieved from /home/airflow/.local/lib/python3.7/site-packages/airflow/example_dags/example_sensor_decorator.py
[2026-03-03T00:58:07.382+0000] {logging_mixin.py:149} INFO - [2026-03-03T00:58:07.382+0000] {dag.py:2726} INFO - Sync 1 DAGs
[2026-03-03T00:58:07.465+0000] {logging_mixin.py:149} INFO - [2026-03-03T00:58:07.465+0000] {dag.py:3490} INFO - Setting next_dagrun for example_sensor_decorator to None, run_after=None
[2026-03-03T00:58:07.516+0000] {processor.py:178} INFO - Processing /home/airflow/.local/lib/python3.7/site-packages/airflow/example_dags/example_sensor_decorator.py took 0.226 seconds
[2026-03-03T00:58:37.561+0000] {processor.py:156} INFO - Started process (PID=358) to work on /home/airflow/.local/lib/python3.7/site-packages/airflow/example_dags/example_sensor_decorator.py
[2026-03-03T00:58:37.561+0000] {processor.py:799} INFO - Processing file /home/airflow/.local/lib/python3.7/site-packages/airflow/example_dags/example_sensor_decorator.py for tasks to queue
[2026-03-03T00:58:37.562+0000] {logging_mixin.py:149} INFO - [2026-03-03T00:58:37.562+0000] {dagbag.py:541} INFO - Filling up the DagBag from /home/airflow/.local/lib/python3.7/site-packages/airflow/example_dags/example_sensor_decorator.py
[2026-03-03T00:58:37.564+0000] {processor.py:809} INFO - DAG(s) dict_keys(['example_sensor_decorator']) retrieved from /home/airflow/.local/lib/python3.7/site-packages/airflow/example_dags/example_sensor_decorator.py
[2026-03-03T00:58:37.574+0000] {logging_mixin.py:149} INFO - [2026-03-03T00:58:37.574+0000] {dag.py:2726} INFO - Sync 1 DAGs
[2026-03-03T00:58:37.584+0000] {logging_mixin.py:149} INFO - [2026-03-03T00:58:37.584+0000] {dag.py:3490} INFO - Setting next_dagrun for example_sensor_decorator to None, run_after=None
[2026-03-03T00:58:37.592+0000] {processor.py:178} INFO - Processing /home/airflow/.local/lib/python3.7/site-packages/airflow/example_dags/example_sensor_decorator.py took 0.033 seconds
[2026-03-03T00:59:08.584+0000] {processor.py:156} INFO - Started process (PID=420) to work on /home/airflow/.local/lib/python3.7/site-packages/airflow/example_dags/example_sensor_decorator.py
[2026-03-03T00:59:08.585+0000] {processor.py:799} INFO - Processing file /home/airflow/.local/lib/python3.7/site-packages/airflow/example_dags/example_sensor_decorator.py for tasks to queue
[2026-03-03T00:59:08.585+0000] {logging_mixin.py:149} INFO - [2026-03-03T00:59:08.585+0000] {dagbag.py:541} INFO - Filling up the DagBag from /home/airflow/.local/lib/python3.7/site-packages/airflow/example_dags/example_sensor_decorator.py
[2026-03-03T00:59:08.588+0000] {processor.py:809} INFO - DAG(s) dict_keys(['example_sensor_decorator']) retrieved from /home/airflow/.local/lib/python3.7/site-packages/airflow/example_dags/example_sensor_decorator.py
[2026-03-03T00:59:08.600+0000] {logging_mixin.py:149} INFO - [2026-03-03T00:59:08.600+0000] {dag.py:2726} INFO - Sync 1 DAGs
[2026-03-03T00:59:08.612+0000] {logging_mixin.py:149} INFO - [2026-03-03T00:59:08.612+0000] {dag.py:3490} INFO - Setting next_dagrun for example_sensor_decorator to None, run_after=None
[2026-03-03T00:59:08.620+0000] {processor.py:178} INFO - Processing /home/airflow/.local/lib/python3.7/site-packages/airflow/example_dags/example_sensor_decorator.py took 0.038 seconds
[2026-03-03T00:59:39.338+0000] {processor.py:156} INFO - Started process (PID=482) to work on /home/airflow/.local/lib/python3.7/site-packages/airflow/example_dags/example_sensor_decorator.py
[2026-03-03T00:59:39.340+0000] {processor.py:799} INFO - Processing file /home/airflow/.local/lib/python3.7/site-packages/airflow/example_dags/example_sensor_decorator.py for tasks to queue
[2026-03-03T00:59:39.340+0000] {logging_mixin.py:149} INFO - [2026-03-03T00:59:39.340+0000] {dagbag.py:541} INFO - Filling up the DagBag from /home/airflow/.local/lib/python3.7/site-packages/airflow/example_dags/example_sensor_decorator.py
[2026-03-03T00:59:39.343+0000] {processor.py:809} INFO - DAG(s) dict_keys(['example_sensor_decorator']) retrieved from /home/airflow/.local/lib/python3.7/site-packages/airflow/example_dags/example_sensor_decorator.py
[2026-03-03T00:59:39.357+0000] {logging_mixin.py:149} INFO - [2026-03-03T00:59:39.357+0000] {dag.py:2726} INFO - Sync 1 DAGs
[2026-03-03T00:59:39.369+0000] {logging_mixin.py:149} INFO - [2026-03-03T00:59:39.369+0000] {dag.py:3490} INFO - Setting next_dagrun for example_sensor_decorator to None, run_after=None
[2026-03-03T00:59:39.380+0000] {processor.py:178} INFO - Processing /home/airflow/.local/lib/python3.7/site-packages/airflow/example_dags/example_sensor_decorator.py took 0.044 seconds
[2026-03-03T01:00:10.789+0000] {processor.py:156} INFO - Started process (PID=544) to work on /home/airflow/.local/lib/python3.7/site-packages/airflow/example_dags/example_sensor_decorator.py
[2026-03-03T01:00:10.793+0000] {processor.py:799} INFO - Processing file /home/airflow/.local/lib/python3.7/site-packages/airflow/example_dags/example_sensor_decorator.py for tasks to queue
[2026-03-03T01:00:10.795+0000] {logging_mixin.py:149} INFO - [2026-03-03T01:00:10.795+0000] {dagbag.py:541} INFO - Filling up the DagBag from /home/airflow/.local/lib/python3.7/site-packages/airflow/example_dags/example_sensor_decorator.py
[2026-03-03T01:00:10.812+0000] {processor.py:809} INFO - DAG(s) dict_keys(['example_sensor_decorator']) retrieved from /home/airflow/.local/lib/python3.7/site-packages/airflow/example_dags/example_sensor_decorator.py
[2026-03-03T01:00:10.876+0000] {logging_mixin.py:149} INFO - [2026-03-03T01:00:10.875+0000] {dag.py:2726} INFO - Sync 1 DAGs
[2026-03-03T01:00:10.946+0000] {logging_mixin.py:149} INFO - [2026-03-03T01:00:10.945+0000] {dag.py:3490} INFO - Setting next_dagrun for example_sensor_decorator to None, run_after=None
[2026-03-03T01:00:11.005+0000] {processor.py:178} INFO - Processing /home/airflow/.local/lib/python3.7/site-packages/airflow/example_dags/example_sensor_decorator.py took 0.224 seconds
[2026-03-03T01:00:41.943+0000] {processor.py:156} INFO - Started process (PID=606) to work on /home/airflow/.local/lib/python3.7/site-packages/airflow/example_dags/example_sensor_decorator.py
[2026-03-03T01:00:41.945+0000] {processor.py:799} INFO - Processing file /home/airflow/.local/lib/python3.7/site-packages/airflow/example_dags/example_sensor_decorator.py for tasks to queue
[2026-03-03T01:00:41.947+0000] {logging_mixin.py:149} INFO - [2026-03-03T01:00:41.947+0000] {dagbag.py:541} INFO - Filling up the DagBag from /home/airflow/.local/lib/python3.7/site-packages/airflow/example_dags/example_sensor_decorator.py
[2026-03-03T01:00:41.959+0000] {processor.py:809} INFO - DAG(s) dict_keys(['example_sensor_decorator']) retrieved from /home/airflow/.local/lib/python3.7/site-packages/airflow/example_dags/example_sensor_decorator.py
[2026-03-03T01:00:42.011+0000] {logging_mixin.py:149} INFO - [2026-03-03T01:00:42.011+0000] {dag.py:2726} INFO - Sync 1 DAGs
[2026-03-03T01:00:42.069+0000] {logging_mixin.py:149} INFO - [2026-03-03T01:00:42.068+0000] {dag.py:3490} INFO - Setting next_dagrun for example_sensor_decorator to None, run_after=None
[2026-03-03T01:00:42.116+0000] {processor.py:178} INFO - Processing /home/airflow/.local/lib/python3.7/site-packages/airflow/example_dags/example_sensor_decorator.py took 0.182 seconds
[2026-03-03T01:01:12.359+0000] {processor.py:156} INFO - Started process (PID=668) to work on /home/airflow/.local/lib/python3.7/site-packages/airflow/example_dags/example_sensor_decorator.py
[2026-03-03T01:01:12.359+0000] {processor.py:799} INFO - Processing file /home/airflow/.local/lib/python3.7/site-packages/airflow/example_dags/example_sensor_decorator.py for tasks to queue
[2026-03-03T01:01:12.360+0000] {logging_mixin.py:149} INFO - [2026-03-03T01:01:12.360+0000] {dagbag.py:541} INFO - Filling up the DagBag from /home/airflow/.local/lib/python3.7/site-packages/airflow/example_dags/example_sensor_decorator.py
[2026-03-03T01:01:12.364+0000] {processor.py:809} INFO - DAG(s) dict_keys(['example_sensor_decorator']) retrieved from /home/airflow/.local/lib/python3.7/site-packages/airflow/example_dags/example_sensor_decorator.py
[2026-03-03T01:01:12.377+0000] {logging_mixin.py:149} INFO - [2026-03-03T01:01:12.377+0000] {dag.py:2726} INFO - Sync 1 DAGs
[2026-03-03T01:01:12.388+0000] {logging_mixin.py:149} INFO - [2026-03-03T01:01:12.388+0000] {dag.py:3490} INFO - Setting next_dagrun for example_sensor_decorator to None, run_after=None
[2026-03-03T01:01:12.397+0000] {processor.py:178} INFO - Processing /home/airflow/.local/lib/python3.7/site-packages/airflow/example_dags/example_sensor_decorator.py took 0.040 seconds
[2026-03-03T01:01:43.024+0000] {processor.py:156} INFO - Started process (PID=730) to work on /home/airflow/.local/lib/python3.7/site-packages/airflow/example_dags/example_sensor_decorator.py
[2026-03-03T01:01:43.025+0000] {processor.py:799} INFO - Processing file /home/airflow/.local/lib/python3.7/site-packages/airflow/example_dags/example_sensor_decorator.py for tasks to queue
[2026-03-03T01:01:43.025+0000] {logging_mixin.py:149} INFO - [2026-03-03T01:01:43.025+0000] {dagbag.py:541} INFO - Filling up the DagBag from /home/airflow/.local/lib/python3.7/site-packages/airflow/example_dags/example_sensor_decorator.py
[2026-03-03T01:01:43.029+0000] {processor.py:809} INFO - DAG(s) dict_keys(['example_sensor_decorator']) retrieved from /home/airflow/.local/lib/python3.7/site-packages/airflow/example_dags/example_sensor_decorator.py
[2026-03-03T01:01:43.043+0000] {logging_mixin.py:149} INFO - [2026-03-03T01:01:43.043+0000] {dag.py:2726} INFO - Sync 1 DAGs
[2026-03-03T01:01:43.060+0000] {logging_mixin.py:149} INFO - [2026-03-03T01:01:43.059+0000] {dag.py:3490} INFO - Setting next_dagrun for example_sensor_decorator to None, run_after=None
[2026-03-03T01:01:43.071+0000] {processor.py:178} INFO - Processing /home/airflow/.local/lib/python3.7/site-packages/airflow/example_dags/example_sensor_decorator.py took 0.051 seconds
[2026-03-03T01:02:13.961+0000] {processor.py:156} INFO - Started process (PID=792) to work on /home/airflow/.local/lib/python3.7/site-packages/airflow/example_dags/example_sensor_decorator.py
[2026-03-03T01:02:13.962+0000] {processor.py:799} INFO - Processing file /home/airflow/.local/lib/python3.7/site-packages/airflow/example_dags/example_sensor_decorator.py for tasks to queue
[2026-03-03T01:02:13.962+0000] {logging_mixin.py:149} INFO - [2026-03-03T01:02:13.962+0000] {dagbag.py:541} INFO - Filling up the DagBag from /home/airflow/.local/lib/python3.7/site-packages/airflow/example_dags/example_sensor_decorator.py
[2026-03-03T01:02:13.965+0000] {processor.py:809} INFO - DAG(s) dict_keys(['example_sensor_decorator']) retrieved from /home/airflow/.local/lib/python3.7/site-packages/airflow/example_dags/example_sensor_decorator.py
[2026-03-03T01:02:13.979+0000] {logging_mixin.py:149} INFO - [2026-03-03T01:02:13.978+0000] {dag.py:2726} INFO - Sync 1 DAGs
[2026-03-03T01:02:13.991+0000] {logging_mixin.py:149} INFO - [2026-03-03T01:02:13.991+0000] {dag.py:3490} INFO - Setting next_dagrun for example_sensor_decorator to None, run_after=None
[2026-03-03T01:02:14.000+0000] {processor.py:178} INFO - Processing /home/airflow/.local/lib/python3.7/site-packages/airflow/example_dags/example_sensor_decorator.py took 0.040 seconds
[2026-03-03T01:02:44.699+0000] {processor.py:156} INFO - Started process (PID=854) to work on /home/airflow/.local/lib/python3.7/site-packages/airflow/example_dags/example_sensor_decorator.py
[2026-03-03T01:02:44.699+0000] {processor.py:799} INFO - Processing file /home/airflow/.local/lib/python3.7/site-packages/airflow/example_dags/example_sensor_decorator.py for tasks to queue
[2026-03-03T01:02:44.700+0000] {logging_mixin.py:149} INFO - [2026-03-03T01:02:44.700+0000] {dagbag.py:541} INFO - Filling up the DagBag from /home/airflow/.local/lib/python3.7/site-packages/airflow/example_dags/example_sensor_decorator.py
[2026-03-03T01:02:44.703+0000] {processor.py:809} INFO - DAG(s) dict_keys(['example_sensor_decorator']) retrieved from /home/airflow/.local/lib/python3.7/site-packages/airflow/example_dags/example_sensor_decorator.py
[2026-03-03T01:02:44.716+0000] {logging_mixin.py:149} INFO - [2026-03-03T01:02:44.716+0000] {dag.py:2726} INFO - Sync 1 DAGs
[2026-03-03T01:02:44.727+0000] {logging_mixin.py:149} INFO - [2026-03-03T01:02:44.727+0000] {dag.py:3490} INFO - Setting next_dagrun for example_sensor_decorator to None, run_after=None
[2026-03-03T01:02:44.735+0000] {processor.py:178} INFO - Processing /home/airflow/.local/lib/python3.7/site-packages/airflow/example_dags/example_sensor_decorator.py took 0.038 seconds
[2026-03-03T01:03:15.457+0000] {processor.py:156} INFO - Started process (PID=916) to work on /home/airflow/.local/lib/python3.7/site-packages/airflow/example_dags/example_sensor_decorator.py
[2026-03-03T01:03:15.458+0000] {processor.py:799} INFO - Processing file /home/airflow/.local/lib/python3.7/site-packages/airflow/example_dags/example_sensor_decorator.py for tasks to queue
[2026-03-03T01:03:15.458+0000] {logging_mixin.py:149} INFO - [2026-03-03T01:03:15.458+0000] {dagbag.py:541} INFO - Filling up the DagBag from /home/airflow/.local/lib/python3.7/site-packages/airflow/example_dags/example_sensor_decorator.py
[2026-03-03T01:03:15.461+0000] {processor.py:809} INFO - DAG(s) dict_keys(['example_sensor_decorator']) retrieved from /home/airflow/.local/lib/python3.7/site-packages/airflow/example_dags/example_sensor_decorator.py
[2026-03-03T01:03:15.475+0000] {logging_mixin.py:149} INFO - [2026-03-03T01:03:15.475+0000] {dag.py:2726} INFO - Sync 1 DAGs
[2026-03-03T01:03:15.488+0000] {logging_mixin.py:149} INFO - [2026-03-03T01:03:15.488+0000] {dag.py:3490} INFO - Setting next_dagrun for example_sensor_decorator to None, run_after=None
[2026-03-03T01:03:15.497+0000] {processor.py:178} INFO - Processing /home/airflow/.local/lib/python3.7/site-packages/airflow/example_dags/example_sensor_decorator.py took 0.042 seconds
[2026-03-03T01:03:46.122+0000] {processor.py:156} INFO - Started process (PID=978) to work on /home/airflow/.local/lib/python3.7/site-packages/airflow/example_dags/example_sensor_decorator.py
[2026-03-03T01:03:46.123+0000] {processor.py:799} INFO - Processing file /home/airflow/.local/lib/python3.7/site-packages/airflow/example_dags/example_sensor_decorator.py for tasks to queue
[2026-03-03T01:03:46.123+0000] {logging_mixin.py:149} INFO - [2026-03-03T01:03:46.123+0000] {dagbag.py:541} INFO - Filling up the DagBag from /home/airflow/.local/lib/python3.7/site-packages/airflow/example_dags/example_sensor_decorator.py
[2026-03-03T01:03:46.128+0000] {processor.py:809} INFO - DAG(s) dict_keys(['example_sensor_decorator']) retrieved from /home/airflow/.local/lib/python3.7/site-packages/airflow/example_dags/example_sensor_decorator.py
[2026-03-03T01:03:46.145+0000] {logging_mixin.py:149} INFO - [2026-03-03T01:03:46.145+0000] {dag.py:2726} INFO - Sync 1 DAGs
[2026-03-03T01:03:46.158+0000] {logging_mixin.py:149} INFO - [2026-03-03T01:03:46.158+0000] {dag.py:3490} INFO - Setting next_dagrun for example_sensor_decorator to None, run_after=None
[2026-03-03T01:03:46.169+0000] {processor.py:178} INFO - Processing /home/airflow/.local/lib/python3.7/site-packages/airflow/example_dags/example_sensor_decorator.py took 0.050 seconds
[2026-03-03T01:04:16.962+0000] {processor.py:156} INFO - Started process (PID=1040) to work on /home/airflow/.local/lib/python3.7/site-packages/airflow/example_dags/example_sensor_decorator.py
[2026-03-03T01:04:16.963+0000] {processor.py:799} INFO - Processing file /home/airflow/.local/lib/python3.7/site-packages/airflow/example_dags/example_sensor_decorator.py for tasks to queue
[2026-03-03T01:04:16.963+0000] {logging_mixin.py:149} INFO - [2026-03-03T01:04:16.963+0000] {dagbag.py:541} INFO - Filling up the DagBag from /home/airflow/.local/lib/python3.7/site-packages/airflow/example_dags/example_sensor_decorator.py
[2026-03-03T01:04:16.966+0000] {processor.py:809} INFO - DAG(s) dict_keys(['example_sensor_decorator']) retrieved from /home/airflow/.local/lib/python3.7/site-packages/airflow/example_dags/example_sensor_decorator.py
[2026-03-03T01:04:16.976+0000] {logging_mixin.py:149} INFO - [2026-03-03T01:04:16.976+0000] {dag.py:2726} INFO - Sync 1 DAGs
[2026-03-03T01:04:16.987+0000] {logging_mixin.py:149} INFO - [2026-03-03T01:04:16.987+0000] {dag.py:3490} INFO - Setting next_dagrun for example_sensor_decorator to None, run_after=None
[2026-03-03T01:04:16.995+0000] {processor.py:178} INFO - Processing /home/airflow/.local/lib/python3.7/site-packages/airflow/example_dags/example_sensor_decorator.py took 0.034 seconds
[2026-03-03T01:04:47.495+0000] {processor.py:156} INFO - Started process (PID=1102) to work on /home/airflow/.local/lib/python3.7/site-packages/airflow/example_dags/example_sensor_decorator.py
[2026-03-03T01:04:47.496+0000] {processor.py:799} INFO - Processing file /home/airflow/.local/lib/python3.7/site-packages/airflow/example_dags/example_sensor_decorator.py for tasks to queue
[2026-03-03T01:04:47.496+0000] {logging_mixin.py:149} INFO - [2026-03-03T01:04:47.496+0000] {dagbag.py:541} INFO - Filling up the DagBag from /home/airflow/.local/lib/python3.7/site-packages/airflow/example_dags/example_sensor_decorator.py
[2026-03-03T01:04:47.500+0000] {processor.py:809} INFO - DAG(s) dict_keys(['example_sensor_decorator']) retrieved from /home/airflow/.local/lib/python3.7/site-packages/airflow/example_dags/example_sensor_decorator.py
[2026-03-03T01:04:47.513+0000] {logging_mixin.py:149} INFO - [2026-03-03T01:04:47.513+0000] {dag.py:2726} INFO - Sync 1 DAGs
[2026-03-03T01:04:47.528+0000] {logging_mixin.py:149} INFO - [2026-03-03T01:04:47.528+0000] {dag.py:3490} INFO - Setting next_dagrun for example_sensor_decorator to None, run_after=None
[2026-03-03T01:04:47.539+0000] {processor.py:178} INFO - Processing /home/airflow/.local/lib/python3.7/site-packages/airflow/example_dags/example_sensor_decorator.py took 0.046 seconds
[2026-03-03T01:05:18.339+0000] {processor.py:156} INFO - Started process (PID=1164) to work on /home/airflow/.local/lib/python3.7/site-packages/airflow/example_dags/example_sensor_decorator.py
[2026-03-03T01:05:18.339+0000] {processor.py:799} INFO - Processing file /home/airflow/.local/lib/python3.7/site-packages/airflow/example_dags/example_sensor_decorator.py for tasks to queue
[2026-03-03T01:05:18.340+0000] {logging_mixin.py:149} INFO - [2026-03-03T01:05:18.340+0000] {dagbag.py:541} INFO - Filling up the DagBag from /home/airflow/.local/lib/python3.7/site-packages/airflow/example_dags/example_sensor_decorator.py
[2026-03-03T01:05:18.343+0000] {processor.py:809} INFO - DAG(s) dict_keys(['example_sensor_decorator']) retrieved from /home/airflow/.local/lib/python3.7/site-packages/airflow/example_dags/example_sensor_decorator.py
[2026-03-03T01:05:18.356+0000] {logging_mixin.py:149} INFO - [2026-03-03T01:05:18.356+0000] {dag.py:2726} INFO - Sync 1 DAGs
[2026-03-03T01:05:18.368+0000] {logging_mixin.py:149} INFO - [2026-03-03T01:05:18.368+0000] {dag.py:3490} INFO - Setting next_dagrun for example_sensor_decorator to None, run_after=None
[2026-03-03T01:05:18.376+0000] {processor.py:178} INFO - Processing /home/airflow/.local/lib/python3.7/site-packages/airflow/example_dags/example_sensor_decorator.py took 0.039 seconds
[2026-03-03T01:05:49.062+0000] {processor.py:156} INFO - Started process (PID=1226) to work on /home/airflow/.local/lib/python3.7/site-packages/airflow/example_dags/example_sensor_decorator.py
[2026-03-03T01:05:49.063+0000] {processor.py:799} INFO - Processing file /home/airflow/.local/lib/python3.7/site-packages/airflow/example_dags/example_sensor_decorator.py for tasks to queue
[2026-03-03T01:05:49.063+0000] {logging_mixin.py:149} INFO - [2026-03-03T01:05:49.063+0000] {dagbag.py:541} INFO - Filling up the DagBag from /home/airflow/.local/lib/python3.7/site-packages/airflow/example_dags/example_sensor_decorator.py
[2026-03-03T01:05:49.067+0000] {processor.py:809} INFO - DAG(s) dict_keys(['example_sensor_decorator']) retrieved from /home/airflow/.local/lib/python3.7/site-packages/airflow/example_dags/example_sensor_decorator.py
[2026-03-03T01:05:49.081+0000] {logging_mixin.py:149} INFO - [2026-03-03T01:05:49.081+0000] {dag.py:2726} INFO - Sync 1 DAGs
[2026-03-03T01:05:49.094+0000] {logging_mixin.py:149} INFO - [2026-03-03T01:05:49.094+0000] {dag.py:3490} INFO - Setting next_dagrun for example_sensor_decorator to None, run_after=None
[2026-03-03T01:05:49.104+0000] {processor.py:178} INFO - Processing /home/airflow/.local/lib/python3.7/site-packages/airflow/example_dags/example_sensor_decorator.py took 0.043 seconds
[2026-03-03T01:06:19.568+0000] {processor.py:156} INFO - Started process (PID=1288) to work on /home/airflow/.local/lib/python3.7/site-packages/airflow/example_dags/example_sensor_decorator.py
[2026-03-03T01:06:19.569+0000] {processor.py:799} INFO - Processing file /home/airflow/.local/lib/python3.7/site-packages/airflow/example_dags/example_sensor_decorator.py for tasks to queue
[2026-03-03T01:06:19.569+0000] {logging_mixin.py:149} INFO - [2026-03-03T01:06:19.569+0000] {dagbag.py:541} INFO - Filling up the DagBag from /home/airflow/.local/lib/python3.7/site-packages/airflow/example_dags/example_sensor_decorator.py
[2026-03-03T01:06:19.572+0000] {processor.py:809} INFO - DAG(s) dict_keys(['example_sensor_decorator']) retrieved from /home/airflow/.local/lib/python3.7/site-packages/airflow/example_dags/example_sensor_decorator.py
[2026-03-03T01:06:19.583+0000] {logging_mixin.py:149} INFO - [2026-03-03T01:06:19.583+0000] {dag.py:2726} INFO - Sync 1 DAGs
[2026-03-03T01:06:19.594+0000] {logging_mixin.py:149} INFO - [2026-03-03T01:06:19.594+0000] {dag.py:3490} INFO - Setting next_dagrun for example_sensor_decorator to None, run_after=None
[2026-03-03T01:06:19.602+0000] {processor.py:178} INFO - Processing /home/airflow/.local/lib/python3.7/site-packages/airflow/example_dags/example_sensor_decorator.py took 0.035 seconds
[2026-03-03T01:07:09.128+0000] {processor.py:156} INFO - Started process (PID=40) to work on /home/airflow/.local/lib/python3.7/site-packages/airflow/example_dags/example_sensor_decorator.py
[2026-03-03T01:07:09.129+0000] {processor.py:799} INFO - Processing file /home/airflow/.local/lib/python3.7/site-packages/airflow/example_dags/example_sensor_decorator.py for tasks to queue
[2026-03-03T01:07:09.129+0000] {logging_mixin.py:149} INFO - [2026-03-03T01:07:09.129+0000] {dagbag.py:541} INFO - Filling up the DagBag from /home/airflow/.local/lib/python3.7/site-packages/airflow/example_dags/example_sensor_decorator.py
[2026-03-03T01:07:09.136+0000] {processor.py:809} INFO - DAG(s) dict_keys(['example_sensor_decorator']) retrieved from /home/airflow/.local/lib/python3.7/site-packages/airflow/example_dags/example_sensor_decorator.py
[2026-03-03T01:07:09.148+0000] {logging_mixin.py:149} INFO - [2026-03-03T01:07:09.148+0000] {dag.py:2726} INFO - Sync 1 DAGs
[2026-03-03T01:07:09.167+0000] {logging_mixin.py:149} INFO - [2026-03-03T01:07:09.167+0000] {dag.py:3490} INFO - Setting next_dagrun for example_sensor_decorator to None, run_after=None
[2026-03-03T01:07:09.181+0000] {processor.py:178} INFO - Processing /home/airflow/.local/lib/python3.7/site-packages/airflow/example_dags/example_sensor_decorator.py took 0.055 seconds
[2026-03-03T01:07:39.312+0000] {processor.py:156} INFO - Started process (PID=102) to work on /home/airflow/.local/lib/python3.7/site-packages/airflow/example_dags/example_sensor_decorator.py
[2026-03-03T01:07:39.312+0000] {processor.py:799} INFO - Processing file /home/airflow/.local/lib/python3.7/site-packages/airflow/example_dags/example_sensor_decorator.py for tasks to queue
[2026-03-03T01:07:39.312+0000] {logging_mixin.py:149} INFO - [2026-03-03T01:07:39.312+0000] {dagbag.py:541} INFO - Filling up the DagBag from /home/airflow/.local/lib/python3.7/site-packages/airflow/example_dags/example_sensor_decorator.py
[2026-03-03T01:07:39.315+0000] {processor.py:809} INFO - DAG(s) dict_keys(['example_sensor_decorator']) retrieved from /home/airflow/.local/lib/python3.7/site-packages/airflow/example_dags/example_sensor_decorator.py
[2026-03-03T01:07:39.328+0000] {logging_mixin.py:149} INFO - [2026-03-03T01:07:39.328+0000] {dag.py:2726} INFO - Sync 1 DAGs
[2026-03-03T01:07:39.340+0000] {logging_mixin.py:149} INFO - [2026-03-03T01:07:39.340+0000] {dag.py:3490} INFO - Setting next_dagrun for example_sensor_decorator to None, run_after=None
[2026-03-03T01:07:39.347+0000] {processor.py:178} INFO - Processing /home/airflow/.local/lib/python3.7/site-packages/airflow/example_dags/example_sensor_decorator.py took 0.038 seconds
[2026-03-03T01:08:11.362+0000] {processor.py:156} INFO - Started process (PID=171) to work on /home/airflow/.local/lib/python3.7/site-packages/airflow/example_dags/example_sensor_decorator.py
[2026-03-03T01:08:11.365+0000] {processor.py:799} INFO - Processing file /home/airflow/.local/lib/python3.7/site-packages/airflow/example_dags/example_sensor_decorator.py for tasks to queue
[2026-03-03T01:08:11.369+0000] {logging_mixin.py:149} INFO - [2026-03-03T01:08:11.368+0000] {dagbag.py:541} INFO - Filling up the DagBag from /home/airflow/.local/lib/python3.7/site-packages/airflow/example_dags/example_sensor_decorator.py
[2026-03-03T01:08:11.385+0000] {processor.py:809} INFO - DAG(s) dict_keys(['example_sensor_decorator']) retrieved from /home/airflow/.local/lib/python3.7/site-packages/airflow/example_dags/example_sensor_decorator.py
[2026-03-03T01:08:11.450+0000] {logging_mixin.py:149} INFO - [2026-03-03T01:08:11.449+0000] {dag.py:2726} INFO - Sync 1 DAGs
[2026-03-03T01:08:11.821+0000] {logging_mixin.py:149} INFO - [2026-03-03T01:08:11.820+0000] {dag.py:3490} INFO - Setting next_dagrun for example_sensor_decorator to None, run_after=None
[2026-03-03T01:08:11.878+0000] {processor.py:178} INFO - Processing /home/airflow/.local/lib/python3.7/site-packages/airflow/example_dags/example_sensor_decorator.py took 0.524 seconds
[2026-03-03T01:08:42.602+0000] {processor.py:156} INFO - Started process (PID=233) to work on /home/airflow/.local/lib/python3.7/site-packages/airflow/example_dags/example_sensor_decorator.py
[2026-03-03T01:08:42.605+0000] {processor.py:799} INFO - Processing file /home/airflow/.local/lib/python3.7/site-packages/airflow/example_dags/example_sensor_decorator.py for tasks to queue
[2026-03-03T01:08:42.605+0000] {logging_mixin.py:149} INFO - [2026-03-03T01:08:42.605+0000] {dagbag.py:541} INFO - Filling up the DagBag from /home/airflow/.local/lib/python3.7/site-packages/airflow/example_dags/example_sensor_decorator.py
[2026-03-03T01:08:42.608+0000] {processor.py:809} INFO - DAG(s) dict_keys(['example_sensor_decorator']) retrieved from /home/airflow/.local/lib/python3.7/site-packages/airflow/example_dags/example_sensor_decorator.py
[2026-03-03T01:08:42.625+0000] {logging_mixin.py:149} INFO - [2026-03-03T01:08:42.625+0000] {dag.py:2726} INFO - Sync 1 DAGs
[2026-03-03T01:08:42.641+0000] {logging_mixin.py:149} INFO - [2026-03-03T01:08:42.641+0000] {dag.py:3490} INFO - Setting next_dagrun for example_sensor_decorator to None, run_after=None
[2026-03-03T01:08:42.652+0000] {processor.py:178} INFO - Processing /home/airflow/.local/lib/python3.7/site-packages/airflow/example_dags/example_sensor_decorator.py took 0.052 seconds
[2026-03-03T01:09:13.568+0000] {processor.py:156} INFO - Started process (PID=295) to work on /home/airflow/.local/lib/python3.7/site-packages/airflow/example_dags/example_sensor_decorator.py
[2026-03-03T01:09:13.570+0000] {processor.py:799} INFO - Processing file /home/airflow/.local/lib/python3.7/site-packages/airflow/example_dags/example_sensor_decorator.py for tasks to queue
[2026-03-03T01:09:13.573+0000] {logging_mixin.py:149} INFO - [2026-03-03T01:09:13.573+0000] {dagbag.py:541} INFO - Filling up the DagBag from /home/airflow/.local/lib/python3.7/site-packages/airflow/example_dags/example_sensor_decorator.py
[2026-03-03T01:09:13.578+0000] {processor.py:809} INFO - DAG(s) dict_keys(['example_sensor_decorator']) retrieved from /home/airflow/.local/lib/python3.7/site-packages/airflow/example_dags/example_sensor_decorator.py
[2026-03-03T01:09:13.606+0000] {logging_mixin.py:149} INFO - [2026-03-03T01:09:13.606+0000] {dag.py:2726} INFO - Sync 1 DAGs
[2026-03-03T01:09:13.627+0000] {logging_mixin.py:149} INFO - [2026-03-03T01:09:13.627+0000] {dag.py:3490} INFO - Setting next_dagrun for example_sensor_decorator to None, run_after=None
[2026-03-03T01:09:13.647+0000] {processor.py:178} INFO - Processing /home/airflow/.local/lib/python3.7/site-packages/airflow/example_dags/example_sensor_decorator.py took 0.083 seconds
[2026-03-03T01:09:44.522+0000] {processor.py:156} INFO - Started process (PID=357) to work on /home/airflow/.local/lib/python3.7/site-packages/airflow/example_dags/example_sensor_decorator.py
[2026-03-03T01:09:44.525+0000] {processor.py:799} INFO - Processing file /home/airflow/.local/lib/python3.7/site-packages/airflow/example_dags/example_sensor_decorator.py for tasks to queue
[2026-03-03T01:09:44.526+0000] {logging_mixin.py:149} INFO - [2026-03-03T01:09:44.526+0000] {dagbag.py:541} INFO - Filling up the DagBag from /home/airflow/.local/lib/python3.7/site-packages/airflow/example_dags/example_sensor_decorator.py
[2026-03-03T01:09:44.531+0000] {processor.py:809} INFO - DAG(s) dict_keys(['example_sensor_decorator']) retrieved from /home/airflow/.local/lib/python3.7/site-packages/airflow/example_dags/example_sensor_decorator.py
[2026-03-03T01:09:44.561+0000] {logging_mixin.py:149} INFO - [2026-03-03T01:09:44.561+0000] {dag.py:2726} INFO - Sync 1 DAGs
[2026-03-03T01:09:44.582+0000] {logging_mixin.py:149} INFO - [2026-03-03T01:09:44.582+0000] {dag.py:3490} INFO - Setting next_dagrun for example_sensor_decorator to None, run_after=None
[2026-03-03T01:09:44.600+0000] {processor.py:178} INFO - Processing /home/airflow/.local/lib/python3.7/site-packages/airflow/example_dags/example_sensor_decorator.py took 0.081 seconds
[2026-03-03T01:10:15.560+0000] {processor.py:156} INFO - Started process (PID=419) to work on /home/airflow/.local/lib/python3.7/site-packages/airflow/example_dags/example_sensor_decorator.py
[2026-03-03T01:10:15.563+0000] {processor.py:799} INFO - Processing file /home/airflow/.local/lib/python3.7/site-packages/airflow/example_dags/example_sensor_decorator.py for tasks to queue
[2026-03-03T01:10:15.566+0000] {logging_mixin.py:149} INFO - [2026-03-03T01:10:15.566+0000] {dagbag.py:541} INFO - Filling up the DagBag from /home/airflow/.local/lib/python3.7/site-packages/airflow/example_dags/example_sensor_decorator.py
[2026-03-03T01:10:15.584+0000] {processor.py:809} INFO - DAG(s) dict_keys(['example_sensor_decorator']) retrieved from /home/airflow/.local/lib/python3.7/site-packages/airflow/example_dags/example_sensor_decorator.py
[2026-03-03T01:10:15.678+0000] {logging_mixin.py:149} INFO - [2026-03-03T01:10:15.678+0000] {dag.py:2726} INFO - Sync 1 DAGs
[2026-03-03T01:10:15.849+0000] {logging_mixin.py:149} INFO - [2026-03-03T01:10:15.849+0000] {dag.py:3490} INFO - Setting next_dagrun for example_sensor_decorator to None, run_after=None
[2026-03-03T01:10:15.936+0000] {processor.py:178} INFO - Processing /home/airflow/.local/lib/python3.7/site-packages/airflow/example_dags/example_sensor_decorator.py took 0.395 seconds
[2026-03-03T01:10:46.233+0000] {processor.py:156} INFO - Started process (PID=481) to work on /home/airflow/.local/lib/python3.7/site-packages/airflow/example_dags/example_sensor_decorator.py
[2026-03-03T01:10:46.236+0000] {processor.py:799} INFO - Processing file /home/airflow/.local/lib/python3.7/site-packages/airflow/example_dags/example_sensor_decorator.py for tasks to queue
[2026-03-03T01:10:46.239+0000] {logging_mixin.py:149} INFO - [2026-03-03T01:10:46.239+0000] {dagbag.py:541} INFO - Filling up the DagBag from /home/airflow/.local/lib/python3.7/site-packages/airflow/example_dags/example_sensor_decorator.py
[2026-03-03T01:10:46.253+0000] {processor.py:809} INFO - DAG(s) dict_keys(['example_sensor_decorator']) retrieved from /home/airflow/.local/lib/python3.7/site-packages/airflow/example_dags/example_sensor_decorator.py
[2026-03-03T01:10:46.311+0000] {logging_mixin.py:149} INFO - [2026-03-03T01:10:46.311+0000] {dag.py:2726} INFO - Sync 1 DAGs
[2026-03-03T01:10:46.375+0000] {logging_mixin.py:149} INFO - [2026-03-03T01:10:46.375+0000] {dag.py:3490} INFO - Setting next_dagrun for example_sensor_decorator to None, run_after=None
[2026-03-03T01:10:46.433+0000] {processor.py:178} INFO - Processing /home/airflow/.local/lib/python3.7/site-packages/airflow/example_dags/example_sensor_decorator.py took 0.206 seconds
[2026-03-03T01:11:16.463+0000] {processor.py:156} INFO - Started process (PID=543) to work on /home/airflow/.local/lib/python3.7/site-packages/airflow/example_dags/example_sensor_decorator.py
[2026-03-03T01:11:16.464+0000] {processor.py:799} INFO - Processing file /home/airflow/.local/lib/python3.7/site-packages/airflow/example_dags/example_sensor_decorator.py for tasks to queue
[2026-03-03T01:11:16.464+0000] {logging_mixin.py:149} INFO - [2026-03-03T01:11:16.464+0000] {dagbag.py:541} INFO - Filling up the DagBag from /home/airflow/.local/lib/python3.7/site-packages/airflow/example_dags/example_sensor_decorator.py
[2026-03-03T01:11:16.466+0000] {processor.py:809} INFO - DAG(s) dict_keys(['example_sensor_decorator']) retrieved from /home/airflow/.local/lib/python3.7/site-packages/airflow/example_dags/example_sensor_decorator.py
[2026-03-03T01:11:16.477+0000] {logging_mixin.py:149} INFO - [2026-03-03T01:11:16.477+0000] {dag.py:2726} INFO - Sync 1 DAGs
[2026-03-03T01:11:16.486+0000] {logging_mixin.py:149} INFO - [2026-03-03T01:11:16.486+0000] {dag.py:3490} INFO - Setting next_dagrun for example_sensor_decorator to None, run_after=None
[2026-03-03T01:11:16.493+0000] {processor.py:178} INFO - Processing /home/airflow/.local/lib/python3.7/site-packages/airflow/example_dags/example_sensor_decorator.py took 0.032 seconds
[2026-03-03T01:11:47.089+0000] {processor.py:156} INFO - Started process (PID=605) to work on /home/airflow/.local/lib/python3.7/site-packages/airflow/example_dags/example_sensor_decorator.py
[2026-03-03T01:11:47.091+0000] {processor.py:799} INFO - Processing file /home/airflow/.local/lib/python3.7/site-packages/airflow/example_dags/example_sensor_decorator.py for tasks to queue
[2026-03-03T01:11:47.093+0000] {logging_mixin.py:149} INFO - [2026-03-03T01:11:47.093+0000] {dagbag.py:541} INFO - Filling up the DagBag from /home/airflow/.local/lib/python3.7/site-packages/airflow/example_dags/example_sensor_decorator.py
[2026-03-03T01:11:47.108+0000] {processor.py:809} INFO - DAG(s) dict_keys(['example_sensor_decorator']) retrieved from /home/airflow/.local/lib/python3.7/site-packages/airflow/example_dags/example_sensor_decorator.py
[2026-03-03T01:11:47.178+0000] {logging_mixin.py:149} INFO - [2026-03-03T01:11:47.177+0000] {dag.py:2726} INFO - Sync 1 DAGs
[2026-03-03T01:11:47.249+0000] {logging_mixin.py:149} INFO - [2026-03-03T01:11:47.249+0000] {dag.py:3490} INFO - Setting next_dagrun for example_sensor_decorator to None, run_after=None
[2026-03-03T01:11:47.328+0000] {processor.py:178} INFO - Processing /home/airflow/.local/lib/python3.7/site-packages/airflow/example_dags/example_sensor_decorator.py took 0.245 seconds
[2026-03-03T01:12:18.194+0000] {processor.py:156} INFO - Started process (PID=667) to work on /home/airflow/.local/lib/python3.7/site-packages/airflow/example_dags/example_sensor_decorator.py
[2026-03-03T01:12:18.197+0000] {processor.py:799} INFO - Processing file /home/airflow/.local/lib/python3.7/site-packages/airflow/example_dags/example_sensor_decorator.py for tasks to queue
[2026-03-03T01:12:18.198+0000] {logging_mixin.py:149} INFO - [2026-03-03T01:12:18.198+0000] {dagbag.py:541} INFO - Filling up the DagBag from /home/airflow/.local/lib/python3.7/site-packages/airflow/example_dags/example_sensor_decorator.py
[2026-03-03T01:12:18.211+0000] {processor.py:809} INFO - DAG(s) dict_keys(['example_sensor_decorator']) retrieved from /home/airflow/.local/lib/python3.7/site-packages/airflow/example_dags/example_sensor_decorator.py
[2026-03-03T01:12:18.264+0000] {logging_mixin.py:149} INFO - [2026-03-03T01:12:18.264+0000] {dag.py:2726} INFO - Sync 1 DAGs
[2026-03-03T01:12:18.323+0000] {logging_mixin.py:149} INFO - [2026-03-03T01:12:18.322+0000] {dag.py:3490} INFO - Setting next_dagrun for example_sensor_decorator to None, run_after=None
[2026-03-03T01:12:18.371+0000] {processor.py:178} INFO - Processing /home/airflow/.local/lib/python3.7/site-packages/airflow/example_dags/example_sensor_decorator.py took 0.183 seconds
[2026-03-03T01:12:48.649+0000] {processor.py:156} INFO - Started process (PID=729) to work on /home/airflow/.local/lib/python3.7/site-packages/airflow/example_dags/example_sensor_decorator.py
[2026-03-03T01:12:48.651+0000] {processor.py:799} INFO - Processing file /home/airflow/.local/lib/python3.7/site-packages/airflow/example_dags/example_sensor_decorator.py for tasks to queue
[2026-03-03T01:12:48.652+0000] {logging_mixin.py:149} INFO - [2026-03-03T01:12:48.652+0000] {dagbag.py:541} INFO - Filling up the DagBag from /home/airflow/.local/lib/python3.7/site-packages/airflow/example_dags/example_sensor_decorator.py
[2026-03-03T01:12:48.664+0000] {processor.py:809} INFO - DAG(s) dict_keys(['example_sensor_decorator']) retrieved from /home/airflow/.local/lib/python3.7/site-packages/airflow/example_dags/example_sensor_decorator.py
[2026-03-03T01:12:48.719+0000] {logging_mixin.py:149} INFO - [2026-03-03T01:12:48.718+0000] {dag.py:2726} INFO - Sync 1 DAGs
[2026-03-03T01:12:48.771+0000] {logging_mixin.py:149} INFO - [2026-03-03T01:12:48.770+0000] {dag.py:3490} INFO - Setting next_dagrun for example_sensor_decorator to None, run_after=None
[2026-03-03T01:12:48.815+0000] {processor.py:178} INFO - Processing /home/airflow/.local/lib/python3.7/site-packages/airflow/example_dags/example_sensor_decorator.py took 0.172 seconds
[2026-03-03T01:13:19.033+0000] {processor.py:156} INFO - Started process (PID=790) to work on /home/airflow/.local/lib/python3.7/site-packages/airflow/example_dags/example_sensor_decorator.py
[2026-03-03T01:13:19.033+0000] {processor.py:799} INFO - Processing file /home/airflow/.local/lib/python3.7/site-packages/airflow/example_dags/example_sensor_decorator.py for tasks to queue
[2026-03-03T01:13:19.034+0000] {logging_mixin.py:149} INFO - [2026-03-03T01:13:19.033+0000] {dagbag.py:541} INFO - Filling up the DagBag from /home/airflow/.local/lib/python3.7/site-packages/airflow/example_dags/example_sensor_decorator.py
[2026-03-03T01:13:19.036+0000] {processor.py:809} INFO - DAG(s) dict_keys(['example_sensor_decorator']) retrieved from /home/airflow/.local/lib/python3.7/site-packages/airflow/example_dags/example_sensor_decorator.py
[2026-03-03T01:13:19.047+0000] {logging_mixin.py:149} INFO - [2026-03-03T01:13:19.047+0000] {dag.py:2726} INFO - Sync 1 DAGs
[2026-03-03T01:13:19.058+0000] {logging_mixin.py:149} INFO - [2026-03-03T01:13:19.058+0000] {dag.py:3490} INFO - Setting next_dagrun for example_sensor_decorator to None, run_after=None
[2026-03-03T01:13:19.064+0000] {processor.py:178} INFO - Processing /home/airflow/.local/lib/python3.7/site-packages/airflow/example_dags/example_sensor_decorator.py took 0.033 seconds
[2026-03-03T01:13:49.642+0000] {processor.py:156} INFO - Started process (PID=852) to work on /home/airflow/.local/lib/python3.7/site-packages/airflow/example_dags/example_sensor_decorator.py
[2026-03-03T01:13:49.642+0000] {processor.py:799} INFO - Processing file /home/airflow/.local/lib/python3.7/site-packages/airflow/example_dags/example_sensor_decorator.py for tasks to queue
[2026-03-03T01:13:49.643+0000] {logging_mixin.py:149} INFO - [2026-03-03T01:13:49.643+0000] {dagbag.py:541} INFO - Filling up the DagBag from /home/airflow/.local/lib/python3.7/site-packages/airflow/example_dags/example_sensor_decorator.py
[2026-03-03T01:13:49.645+0000] {processor.py:809} INFO - DAG(s) dict_keys(['example_sensor_decorator']) retrieved from /home/airflow/.local/lib/python3.7/site-packages/airflow/example_dags/example_sensor_decorator.py
[2026-03-03T01:13:49.658+0000] {logging_mixin.py:149} INFO - [2026-03-03T01:13:49.657+0000] {dag.py:2726} INFO - Sync 1 DAGs
[2026-03-03T01:13:49.669+0000] {logging_mixin.py:149} INFO - [2026-03-03T01:13:49.669+0000] {dag.py:3490} INFO - Setting next_dagrun for example_sensor_decorator to None, run_after=None
[2026-03-03T01:13:49.679+0000] {processor.py:178} INFO - Processing /home/airflow/.local/lib/python3.7/site-packages/airflow/example_dags/example_sensor_decorator.py took 0.039 seconds
[2026-03-03T01:14:20.453+0000] {processor.py:156} INFO - Started process (PID=914) to work on /home/airflow/.local/lib/python3.7/site-packages/airflow/example_dags/example_sensor_decorator.py
[2026-03-03T01:14:20.454+0000] {processor.py:799} INFO - Processing file /home/airflow/.local/lib/python3.7/site-packages/airflow/example_dags/example_sensor_decorator.py for tasks to queue
[2026-03-03T01:14:20.454+0000] {logging_mixin.py:149} INFO - [2026-03-03T01:14:20.454+0000] {dagbag.py:541} INFO - Filling up the DagBag from /home/airflow/.local/lib/python3.7/site-packages/airflow/example_dags/example_sensor_decorator.py
[2026-03-03T01:14:20.457+0000] {processor.py:809} INFO - DAG(s) dict_keys(['example_sensor_decorator']) retrieved from /home/airflow/.local/lib/python3.7/site-packages/airflow/example_dags/example_sensor_decorator.py
[2026-03-03T01:14:20.470+0000] {logging_mixin.py:149} INFO - [2026-03-03T01:14:20.469+0000] {dag.py:2726} INFO - Sync 1 DAGs
[2026-03-03T01:14:20.481+0000] {logging_mixin.py:149} INFO - [2026-03-03T01:14:20.481+0000] {dag.py:3490} INFO - Setting next_dagrun for example_sensor_decorator to None, run_after=None
[2026-03-03T01:14:20.490+0000] {processor.py:178} INFO - Processing /home/airflow/.local/lib/python3.7/site-packages/airflow/example_dags/example_sensor_decorator.py took 0.039 seconds
[2026-03-03T01:14:51.602+0000] {processor.py:156} INFO - Started process (PID=976) to work on /home/airflow/.local/lib/python3.7/site-packages/airflow/example_dags/example_sensor_decorator.py
[2026-03-03T01:14:51.605+0000] {processor.py:799} INFO - Processing file /home/airflow/.local/lib/python3.7/site-packages/airflow/example_dags/example_sensor_decorator.py for tasks to queue
[2026-03-03T01:14:51.607+0000] {logging_mixin.py:149} INFO - [2026-03-03T01:14:51.607+0000] {dagbag.py:541} INFO - Filling up the DagBag from /home/airflow/.local/lib/python3.7/site-packages/airflow/example_dags/example_sensor_decorator.py
[2026-03-03T01:14:51.618+0000] {processor.py:809} INFO - DAG(s) dict_keys(['example_sensor_decorator']) retrieved from /home/airflow/.local/lib/python3.7/site-packages/airflow/example_dags/example_sensor_decorator.py
[2026-03-03T01:14:51.675+0000] {logging_mixin.py:149} INFO - [2026-03-03T01:14:51.675+0000] {dag.py:2726} INFO - Sync 1 DAGs
[2026-03-03T01:14:51.734+0000] {logging_mixin.py:149} INFO - [2026-03-03T01:14:51.733+0000] {dag.py:3490} INFO - Setting next_dagrun for example_sensor_decorator to None, run_after=None
[2026-03-03T01:14:51.779+0000] {processor.py:178} INFO - Processing /home/airflow/.local/lib/python3.7/site-packages/airflow/example_dags/example_sensor_decorator.py took 0.184 seconds
[2026-03-03T01:15:22.689+0000] {processor.py:156} INFO - Started process (PID=1039) to work on /home/airflow/.local/lib/python3.7/site-packages/airflow/example_dags/example_sensor_decorator.py
[2026-03-03T01:15:22.689+0000] {processor.py:799} INFO - Processing file /home/airflow/.local/lib/python3.7/site-packages/airflow/example_dags/example_sensor_decorator.py for tasks to queue
[2026-03-03T01:15:22.690+0000] {logging_mixin.py:149} INFO - [2026-03-03T01:15:22.690+0000] {dagbag.py:541} INFO - Filling up the DagBag from /home/airflow/.local/lib/python3.7/site-packages/airflow/example_dags/example_sensor_decorator.py
[2026-03-03T01:15:22.695+0000] {processor.py:809} INFO - DAG(s) dict_keys(['example_sensor_decorator']) retrieved from /home/airflow/.local/lib/python3.7/site-packages/airflow/example_dags/example_sensor_decorator.py
[2026-03-03T01:15:22.714+0000] {logging_mixin.py:149} INFO - [2026-03-03T01:15:22.714+0000] {dag.py:2726} INFO - Sync 1 DAGs
[2026-03-03T01:15:22.728+0000] {logging_mixin.py:149} INFO - [2026-03-03T01:15:22.728+0000] {dag.py:3490} INFO - Setting next_dagrun for example_sensor_decorator to None, run_after=None
[2026-03-03T01:15:22.738+0000] {processor.py:178} INFO - Processing /home/airflow/.local/lib/python3.7/site-packages/airflow/example_dags/example_sensor_decorator.py took 0.054 seconds
[2026-03-03T01:15:53.545+0000] {processor.py:156} INFO - Started process (PID=1100) to work on /home/airflow/.local/lib/python3.7/site-packages/airflow/example_dags/example_sensor_decorator.py
[2026-03-03T01:15:53.546+0000] {processor.py:799} INFO - Processing file /home/airflow/.local/lib/python3.7/site-packages/airflow/example_dags/example_sensor_decorator.py for tasks to queue
[2026-03-03T01:15:53.546+0000] {logging_mixin.py:149} INFO - [2026-03-03T01:15:53.546+0000] {dagbag.py:541} INFO - Filling up the DagBag from /home/airflow/.local/lib/python3.7/site-packages/airflow/example_dags/example_sensor_decorator.py
[2026-03-03T01:15:53.551+0000] {processor.py:809} INFO - DAG(s) dict_keys(['example_sensor_decorator']) retrieved from /home/airflow/.local/lib/python3.7/site-packages/airflow/example_dags/example_sensor_decorator.py
[2026-03-03T01:15:53.569+0000] {logging_mixin.py:149} INFO - [2026-03-03T01:15:53.569+0000] {dag.py:2726} INFO - Sync 1 DAGs
[2026-03-03T01:15:53.584+0000] {logging_mixin.py:149} INFO - [2026-03-03T01:15:53.584+0000] {dag.py:3490} INFO - Setting next_dagrun for example_sensor_decorator to None, run_after=None
[2026-03-03T01:15:53.596+0000] {processor.py:178} INFO - Processing /home/airflow/.local/lib/python3.7/site-packages/airflow/example_dags/example_sensor_decorator.py took 0.054 seconds
[2026-03-03T01:16:23.919+0000] {processor.py:156} INFO - Started process (PID=1162) to work on /home/airflow/.local/lib/python3.7/site-packages/airflow/example_dags/example_sensor_decorator.py
[2026-03-03T01:16:23.921+0000] {processor.py:799} INFO - Processing file /home/airflow/.local/lib/python3.7/site-packages/airflow/example_dags/example_sensor_decorator.py for tasks to queue
[2026-03-03T01:16:23.923+0000] {logging_mixin.py:149} INFO - [2026-03-03T01:16:23.923+0000] {dagbag.py:541} INFO - Filling up the DagBag from /home/airflow/.local/lib/python3.7/site-packages/airflow/example_dags/example_sensor_decorator.py
[2026-03-03T01:16:23.937+0000] {processor.py:809} INFO - DAG(s) dict_keys(['example_sensor_decorator']) retrieved from /home/airflow/.local/lib/python3.7/site-packages/airflow/example_dags/example_sensor_decorator.py
[2026-03-03T01:16:24.004+0000] {logging_mixin.py:149} INFO - [2026-03-03T01:16:24.003+0000] {dag.py:2726} INFO - Sync 1 DAGs
[2026-03-03T01:16:24.071+0000] {logging_mixin.py:149} INFO - [2026-03-03T01:16:24.070+0000] {dag.py:3490} INFO - Setting next_dagrun for example_sensor_decorator to None, run_after=None
[2026-03-03T01:16:24.122+0000] {processor.py:178} INFO - Processing /home/airflow/.local/lib/python3.7/site-packages/airflow/example_dags/example_sensor_decorator.py took 0.212 seconds
[2026-03-03T01:16:54.771+0000] {processor.py:156} INFO - Started process (PID=1224) to work on /home/airflow/.local/lib/python3.7/site-packages/airflow/example_dags/example_sensor_decorator.py
[2026-03-03T01:16:54.772+0000] {processor.py:799} INFO - Processing file /home/airflow/.local/lib/python3.7/site-packages/airflow/example_dags/example_sensor_decorator.py for tasks to queue
[2026-03-03T01:16:54.774+0000] {logging_mixin.py:149} INFO - [2026-03-03T01:16:54.774+0000] {dagbag.py:541} INFO - Filling up the DagBag from /home/airflow/.local/lib/python3.7/site-packages/airflow/example_dags/example_sensor_decorator.py
[2026-03-03T01:16:54.784+0000] {processor.py:809} INFO - DAG(s) dict_keys(['example_sensor_decorator']) retrieved from /home/airflow/.local/lib/python3.7/site-packages/airflow/example_dags/example_sensor_decorator.py
[2026-03-03T01:16:54.825+0000] {logging_mixin.py:149} INFO - [2026-03-03T01:16:54.824+0000] {dag.py:2726} INFO - Sync 1 DAGs
[2026-03-03T01:16:54.874+0000] {logging_mixin.py:149} INFO - [2026-03-03T01:16:54.874+0000] {dag.py:3490} INFO - Setting next_dagrun for example_sensor_decorator to None, run_after=None
[2026-03-03T01:16:54.912+0000] {processor.py:178} INFO - Processing /home/airflow/.local/lib/python3.7/site-packages/airflow/example_dags/example_sensor_decorator.py took 0.147 seconds
[2026-03-03T01:17:25.304+0000] {processor.py:156} INFO - Started process (PID=1286) to work on /home/airflow/.local/lib/python3.7/site-packages/airflow/example_dags/example_sensor_decorator.py
[2026-03-03T01:17:25.306+0000] {processor.py:799} INFO - Processing file /home/airflow/.local/lib/python3.7/site-packages/airflow/example_dags/example_sensor_decorator.py for tasks to queue
[2026-03-03T01:17:25.306+0000] {logging_mixin.py:149} INFO - [2026-03-03T01:17:25.306+0000] {dagbag.py:541} INFO - Filling up the DagBag from /home/airflow/.local/lib/python3.7/site-packages/airflow/example_dags/example_sensor_decorator.py
[2026-03-03T01:17:25.311+0000] {processor.py:809} INFO - DAG(s) dict_keys(['example_sensor_decorator']) retrieved from /home/airflow/.local/lib/python3.7/site-packages/airflow/example_dags/example_sensor_decorator.py
[2026-03-03T01:17:25.330+0000] {logging_mixin.py:149} INFO - [2026-03-03T01:17:25.330+0000] {dag.py:2726} INFO - Sync 1 DAGs
[2026-03-03T01:17:25.345+0000] {logging_mixin.py:149} INFO - [2026-03-03T01:17:25.344+0000] {dag.py:3490} INFO - Setting next_dagrun for example_sensor_decorator to None, run_after=None
[2026-03-03T01:17:25.353+0000] {processor.py:178} INFO - Processing /home/airflow/.local/lib/python3.7/site-packages/airflow/example_dags/example_sensor_decorator.py took 0.053 seconds
[2026-03-03T01:17:56.214+0000] {processor.py:156} INFO - Started process (PID=1348) to work on /home/airflow/.local/lib/python3.7/site-packages/airflow/example_dags/example_sensor_decorator.py
[2026-03-03T01:17:56.215+0000] {processor.py:799} INFO - Processing file /home/airflow/.local/lib/python3.7/site-packages/airflow/example_dags/example_sensor_decorator.py for tasks to queue
[2026-03-03T01:17:56.215+0000] {logging_mixin.py:149} INFO - [2026-03-03T01:17:56.215+0000] {dagbag.py:541} INFO - Filling up the DagBag from /home/airflow/.local/lib/python3.7/site-packages/airflow/example_dags/example_sensor_decorator.py
[2026-03-03T01:17:56.220+0000] {processor.py:809} INFO - DAG(s) dict_keys(['example_sensor_decorator']) retrieved from /home/airflow/.local/lib/python3.7/site-packages/airflow/example_dags/example_sensor_decorator.py
[2026-03-03T01:17:56.238+0000] {logging_mixin.py:149} INFO - [2026-03-03T01:17:56.238+0000] {dag.py:2726} INFO - Sync 1 DAGs
[2026-03-03T01:17:56.258+0000] {logging_mixin.py:149} INFO - [2026-03-03T01:17:56.258+0000] {dag.py:3490} INFO - Setting next_dagrun for example_sensor_decorator to None, run_after=None
[2026-03-03T01:17:56.268+0000] {processor.py:178} INFO - Processing /home/airflow/.local/lib/python3.7/site-packages/airflow/example_dags/example_sensor_decorator.py took 0.057 seconds
[2026-03-03T01:18:26.796+0000] {processor.py:156} INFO - Started process (PID=1410) to work on /home/airflow/.local/lib/python3.7/site-packages/airflow/example_dags/example_sensor_decorator.py
[2026-03-03T01:18:26.798+0000] {processor.py:799} INFO - Processing file /home/airflow/.local/lib/python3.7/site-packages/airflow/example_dags/example_sensor_decorator.py for tasks to queue
[2026-03-03T01:18:26.799+0000] {logging_mixin.py:149} INFO - [2026-03-03T01:18:26.799+0000] {dagbag.py:541} INFO - Filling up the DagBag from /home/airflow/.local/lib/python3.7/site-packages/airflow/example_dags/example_sensor_decorator.py
[2026-03-03T01:18:26.813+0000] {processor.py:809} INFO - DAG(s) dict_keys(['example_sensor_decorator']) retrieved from /home/airflow/.local/lib/python3.7/site-packages/airflow/example_dags/example_sensor_decorator.py
[2026-03-03T01:18:26.864+0000] {logging_mixin.py:149} INFO - [2026-03-03T01:18:26.863+0000] {dag.py:2726} INFO - Sync 1 DAGs
[2026-03-03T01:18:26.932+0000] {logging_mixin.py:149} INFO - [2026-03-03T01:18:26.931+0000] {dag.py:3490} INFO - Setting next_dagrun for example_sensor_decorator to None, run_after=None
[2026-03-03T01:18:26.984+0000] {processor.py:178} INFO - Processing /home/airflow/.local/lib/python3.7/site-packages/airflow/example_dags/example_sensor_decorator.py took 0.196 seconds
[2026-03-03T01:18:57.275+0000] {processor.py:156} INFO - Started process (PID=1471) to work on /home/airflow/.local/lib/python3.7/site-packages/airflow/example_dags/example_sensor_decorator.py
[2026-03-03T01:18:57.277+0000] {processor.py:799} INFO - Processing file /home/airflow/.local/lib/python3.7/site-packages/airflow/example_dags/example_sensor_decorator.py for tasks to queue
[2026-03-03T01:18:57.278+0000] {logging_mixin.py:149} INFO - [2026-03-03T01:18:57.278+0000] {dagbag.py:541} INFO - Filling up the DagBag from /home/airflow/.local/lib/python3.7/site-packages/airflow/example_dags/example_sensor_decorator.py
[2026-03-03T01:18:57.288+0000] {processor.py:809} INFO - DAG(s) dict_keys(['example_sensor_decorator']) retrieved from /home/airflow/.local/lib/python3.7/site-packages/airflow/example_dags/example_sensor_decorator.py
[2026-03-03T01:18:57.336+0000] {logging_mixin.py:149} INFO - [2026-03-03T01:18:57.336+0000] {dag.py:2726} INFO - Sync 1 DAGs
[2026-03-03T01:18:57.394+0000] {logging_mixin.py:149} INFO - [2026-03-03T01:18:57.394+0000] {dag.py:3490} INFO - Setting next_dagrun for example_sensor_decorator to None, run_after=None
[2026-03-03T01:18:57.437+0000] {processor.py:178} INFO - Processing /home/airflow/.local/lib/python3.7/site-packages/airflow/example_dags/example_sensor_decorator.py took 0.168 seconds
[2026-03-03T01:19:27.512+0000] {processor.py:156} INFO - Started process (PID=1533) to work on /home/airflow/.local/lib/python3.7/site-packages/airflow/example_dags/example_sensor_decorator.py
[2026-03-03T01:19:27.513+0000] {processor.py:799} INFO - Processing file /home/airflow/.local/lib/python3.7/site-packages/airflow/example_dags/example_sensor_decorator.py for tasks to queue
[2026-03-03T01:19:27.513+0000] {logging_mixin.py:149} INFO - [2026-03-03T01:19:27.513+0000] {dagbag.py:541} INFO - Filling up the DagBag from /home/airflow/.local/lib/python3.7/site-packages/airflow/example_dags/example_sensor_decorator.py
[2026-03-03T01:19:27.517+0000] {processor.py:809} INFO - DAG(s) dict_keys(['example_sensor_decorator']) retrieved from /home/airflow/.local/lib/python3.7/site-packages/airflow/example_dags/example_sensor_decorator.py
[2026-03-03T01:19:27.531+0000] {logging_mixin.py:149} INFO - [2026-03-03T01:19:27.531+0000] {dag.py:2726} INFO - Sync 1 DAGs
[2026-03-03T01:19:27.543+0000] {logging_mixin.py:149} INFO - [2026-03-03T01:19:27.543+0000] {dag.py:3490} INFO - Setting next_dagrun for example_sensor_decorator to None, run_after=None
[2026-03-03T01:19:27.551+0000] {processor.py:178} INFO - Processing /home/airflow/.local/lib/python3.7/site-packages/airflow/example_dags/example_sensor_decorator.py took 0.041 seconds
[2026-03-03T01:19:58.202+0000] {processor.py:156} INFO - Started process (PID=1595) to work on /home/airflow/.local/lib/python3.7/site-packages/airflow/example_dags/example_sensor_decorator.py
[2026-03-03T01:19:58.203+0000] {processor.py:799} INFO - Processing file /home/airflow/.local/lib/python3.7/site-packages/airflow/example_dags/example_sensor_decorator.py for tasks to queue
[2026-03-03T01:19:58.204+0000] {logging_mixin.py:149} INFO - [2026-03-03T01:19:58.204+0000] {dagbag.py:541} INFO - Filling up the DagBag from /home/airflow/.local/lib/python3.7/site-packages/airflow/example_dags/example_sensor_decorator.py
[2026-03-03T01:19:58.208+0000] {processor.py:809} INFO - DAG(s) dict_keys(['example_sensor_decorator']) retrieved from /home/airflow/.local/lib/python3.7/site-packages/airflow/example_dags/example_sensor_decorator.py
[2026-03-03T01:19:58.222+0000] {logging_mixin.py:149} INFO - [2026-03-03T01:19:58.222+0000] {dag.py:2726} INFO - Sync 1 DAGs
[2026-03-03T01:19:58.236+0000] {logging_mixin.py:149} INFO - [2026-03-03T01:19:58.236+0000] {dag.py:3490} INFO - Setting next_dagrun for example_sensor_decorator to None, run_after=None
[2026-03-03T01:19:58.246+0000] {processor.py:178} INFO - Processing /home/airflow/.local/lib/python3.7/site-packages/airflow/example_dags/example_sensor_decorator.py took 0.047 seconds
[2026-03-03T01:20:28.879+0000] {processor.py:156} INFO - Started process (PID=1657) to work on /home/airflow/.local/lib/python3.7/site-packages/airflow/example_dags/example_sensor_decorator.py
[2026-03-03T01:20:28.881+0000] {processor.py:799} INFO - Processing file /home/airflow/.local/lib/python3.7/site-packages/airflow/example_dags/example_sensor_decorator.py for tasks to queue
[2026-03-03T01:20:28.881+0000] {logging_mixin.py:149} INFO - [2026-03-03T01:20:28.881+0000] {dagbag.py:541} INFO - Filling up the DagBag from /home/airflow/.local/lib/python3.7/site-packages/airflow/example_dags/example_sensor_decorator.py
[2026-03-03T01:20:28.885+0000] {processor.py:809} INFO - DAG(s) dict_keys(['example_sensor_decorator']) retrieved from /home/airflow/.local/lib/python3.7/site-packages/airflow/example_dags/example_sensor_decorator.py
[2026-03-03T01:20:28.901+0000] {logging_mixin.py:149} INFO - [2026-03-03T01:20:28.900+0000] {dag.py:2726} INFO - Sync 1 DAGs
[2026-03-03T01:20:28.915+0000] {logging_mixin.py:149} INFO - [2026-03-03T01:20:28.915+0000] {dag.py:3490} INFO - Setting next_dagrun for example_sensor_decorator to None, run_after=None
[2026-03-03T01:20:28.925+0000] {processor.py:178} INFO - Processing /home/airflow/.local/lib/python3.7/site-packages/airflow/example_dags/example_sensor_decorator.py took 0.048 seconds
[2026-03-03T01:20:59.544+0000] {processor.py:156} INFO - Started process (PID=1719) to work on /home/airflow/.local/lib/python3.7/site-packages/airflow/example_dags/example_sensor_decorator.py
[2026-03-03T01:20:59.545+0000] {processor.py:799} INFO - Processing file /home/airflow/.local/lib/python3.7/site-packages/airflow/example_dags/example_sensor_decorator.py for tasks to queue
[2026-03-03T01:20:59.545+0000] {logging_mixin.py:149} INFO - [2026-03-03T01:20:59.545+0000] {dagbag.py:541} INFO - Filling up the DagBag from /home/airflow/.local/lib/python3.7/site-packages/airflow/example_dags/example_sensor_decorator.py
[2026-03-03T01:20:59.549+0000] {processor.py:809} INFO - DAG(s) dict_keys(['example_sensor_decorator']) retrieved from /home/airflow/.local/lib/python3.7/site-packages/airflow/example_dags/example_sensor_decorator.py
[2026-03-03T01:20:59.564+0000] {logging_mixin.py:149} INFO - [2026-03-03T01:20:59.564+0000] {dag.py:2726} INFO - Sync 1 DAGs
[2026-03-03T01:20:59.578+0000] {logging_mixin.py:149} INFO - [2026-03-03T01:20:59.578+0000] {dag.py:3490} INFO - Setting next_dagrun for example_sensor_decorator to None, run_after=None
[2026-03-03T01:20:59.587+0000] {processor.py:178} INFO - Processing /home/airflow/.local/lib/python3.7/site-packages/airflow/example_dags/example_sensor_decorator.py took 0.046 seconds
[2026-03-03T01:21:30.176+0000] {processor.py:156} INFO - Started process (PID=1781) to work on /home/airflow/.local/lib/python3.7/site-packages/airflow/example_dags/example_sensor_decorator.py
[2026-03-03T01:21:30.177+0000] {processor.py:799} INFO - Processing file /home/airflow/.local/lib/python3.7/site-packages/airflow/example_dags/example_sensor_decorator.py for tasks to queue
[2026-03-03T01:21:30.177+0000] {logging_mixin.py:149} INFO - [2026-03-03T01:21:30.177+0000] {dagbag.py:541} INFO - Filling up the DagBag from /home/airflow/.local/lib/python3.7/site-packages/airflow/example_dags/example_sensor_decorator.py
[2026-03-03T01:21:30.181+0000] {processor.py:809} INFO - DAG(s) dict_keys(['example_sensor_decorator']) retrieved from /home/airflow/.local/lib/python3.7/site-packages/airflow/example_dags/example_sensor_decorator.py
[2026-03-03T01:21:30.196+0000] {logging_mixin.py:149} INFO - [2026-03-03T01:21:30.196+0000] {dag.py:2726} INFO - Sync 1 DAGs
[2026-03-03T01:21:30.211+0000] {logging_mixin.py:149} INFO - [2026-03-03T01:21:30.211+0000] {dag.py:3490} INFO - Setting next_dagrun for example_sensor_decorator to None, run_after=None
[2026-03-03T01:21:30.220+0000] {processor.py:178} INFO - Processing /home/airflow/.local/lib/python3.7/site-packages/airflow/example_dags/example_sensor_decorator.py took 0.048 seconds
[2026-03-03T01:22:00.777+0000] {processor.py:156} INFO - Started process (PID=1843) to work on /home/airflow/.local/lib/python3.7/site-packages/airflow/example_dags/example_sensor_decorator.py
[2026-03-03T01:22:00.779+0000] {processor.py:799} INFO - Processing file /home/airflow/.local/lib/python3.7/site-packages/airflow/example_dags/example_sensor_decorator.py for tasks to queue
[2026-03-03T01:22:00.781+0000] {logging_mixin.py:149} INFO - [2026-03-03T01:22:00.780+0000] {dagbag.py:541} INFO - Filling up the DagBag from /home/airflow/.local/lib/python3.7/site-packages/airflow/example_dags/example_sensor_decorator.py
[2026-03-03T01:22:00.791+0000] {processor.py:809} INFO - DAG(s) dict_keys(['example_sensor_decorator']) retrieved from /home/airflow/.local/lib/python3.7/site-packages/airflow/example_dags/example_sensor_decorator.py
[2026-03-03T01:22:00.848+0000] {logging_mixin.py:149} INFO - [2026-03-03T01:22:00.848+0000] {dag.py:2726} INFO - Sync 1 DAGs
[2026-03-03T01:22:00.909+0000] {logging_mixin.py:149} INFO - [2026-03-03T01:22:00.908+0000] {dag.py:3490} INFO - Setting next_dagrun for example_sensor_decorator to None, run_after=None
[2026-03-03T01:22:00.962+0000] {processor.py:178} INFO - Processing /home/airflow/.local/lib/python3.7/site-packages/airflow/example_dags/example_sensor_decorator.py took 0.192 seconds
[2026-03-03T01:22:31.059+0000] {processor.py:156} INFO - Started process (PID=1905) to work on /home/airflow/.local/lib/python3.7/site-packages/airflow/example_dags/example_sensor_decorator.py
[2026-03-03T01:22:31.062+0000] {processor.py:799} INFO - Processing file /home/airflow/.local/lib/python3.7/site-packages/airflow/example_dags/example_sensor_decorator.py for tasks to queue
[2026-03-03T01:22:31.067+0000] {logging_mixin.py:149} INFO - [2026-03-03T01:22:31.066+0000] {dagbag.py:541} INFO - Filling up the DagBag from /home/airflow/.local/lib/python3.7/site-packages/airflow/example_dags/example_sensor_decorator.py
[2026-03-03T01:22:31.081+0000] {processor.py:809} INFO - DAG(s) dict_keys(['example_sensor_decorator']) retrieved from /home/airflow/.local/lib/python3.7/site-packages/airflow/example_dags/example_sensor_decorator.py
[2026-03-03T01:22:31.151+0000] {logging_mixin.py:149} INFO - [2026-03-03T01:22:31.150+0000] {dag.py:2726} INFO - Sync 1 DAGs
[2026-03-03T01:22:31.230+0000] {logging_mixin.py:149} INFO - [2026-03-03T01:22:31.230+0000] {dag.py:3490} INFO - Setting next_dagrun for example_sensor_decorator to None, run_after=None
[2026-03-03T01:22:31.303+0000] {processor.py:178} INFO - Processing /home/airflow/.local/lib/python3.7/site-packages/airflow/example_dags/example_sensor_decorator.py took 0.253 seconds
[2026-03-03T01:23:01.670+0000] {processor.py:156} INFO - Started process (PID=1966) to work on /home/airflow/.local/lib/python3.7/site-packages/airflow/example_dags/example_sensor_decorator.py
[2026-03-03T01:23:01.672+0000] {processor.py:799} INFO - Processing file /home/airflow/.local/lib/python3.7/site-packages/airflow/example_dags/example_sensor_decorator.py for tasks to queue
[2026-03-03T01:23:01.673+0000] {logging_mixin.py:149} INFO - [2026-03-03T01:23:01.673+0000] {dagbag.py:541} INFO - Filling up the DagBag from /home/airflow/.local/lib/python3.7/site-packages/airflow/example_dags/example_sensor_decorator.py
[2026-03-03T01:23:01.677+0000] {processor.py:809} INFO - DAG(s) dict_keys(['example_sensor_decorator']) retrieved from /home/airflow/.local/lib/python3.7/site-packages/airflow/example_dags/example_sensor_decorator.py
[2026-03-03T01:23:01.693+0000] {logging_mixin.py:149} INFO - [2026-03-03T01:23:01.693+0000] {dag.py:2726} INFO - Sync 1 DAGs
[2026-03-03T01:23:01.711+0000] {logging_mixin.py:149} INFO - [2026-03-03T01:23:01.711+0000] {dag.py:3490} INFO - Setting next_dagrun for example_sensor_decorator to None, run_after=None
[2026-03-03T01:23:01.724+0000] {processor.py:178} INFO - Processing /home/airflow/.local/lib/python3.7/site-packages/airflow/example_dags/example_sensor_decorator.py took 0.056 seconds
[2026-03-03T01:23:33.165+0000] {processor.py:156} INFO - Started process (PID=2029) to work on /home/airflow/.local/lib/python3.7/site-packages/airflow/example_dags/example_sensor_decorator.py
[2026-03-03T01:23:33.167+0000] {processor.py:799} INFO - Processing file /home/airflow/.local/lib/python3.7/site-packages/airflow/example_dags/example_sensor_decorator.py for tasks to queue
[2026-03-03T01:23:33.169+0000] {logging_mixin.py:149} INFO - [2026-03-03T01:23:33.169+0000] {dagbag.py:541} INFO - Filling up the DagBag from /home/airflow/.local/lib/python3.7/site-packages/airflow/example_dags/example_sensor_decorator.py
[2026-03-03T01:23:33.185+0000] {processor.py:809} INFO - DAG(s) dict_keys(['example_sensor_decorator']) retrieved from /home/airflow/.local/lib/python3.7/site-packages/airflow/example_dags/example_sensor_decorator.py
[2026-03-03T01:23:33.256+0000] {logging_mixin.py:149} INFO - [2026-03-03T01:23:33.255+0000] {dag.py:2726} INFO - Sync 1 DAGs
[2026-03-03T01:23:33.328+0000] {logging_mixin.py:149} INFO - [2026-03-03T01:23:33.327+0000] {dag.py:3490} INFO - Setting next_dagrun for example_sensor_decorator to None, run_after=None
[2026-03-03T01:23:33.382+0000] {processor.py:178} INFO - Processing /home/airflow/.local/lib/python3.7/site-packages/airflow/example_dags/example_sensor_decorator.py took 0.225 seconds
[2026-03-03T01:24:04.432+0000] {processor.py:156} INFO - Started process (PID=2091) to work on /home/airflow/.local/lib/python3.7/site-packages/airflow/example_dags/example_sensor_decorator.py
[2026-03-03T01:24:04.435+0000] {processor.py:799} INFO - Processing file /home/airflow/.local/lib/python3.7/site-packages/airflow/example_dags/example_sensor_decorator.py for tasks to queue
[2026-03-03T01:24:04.437+0000] {logging_mixin.py:149} INFO - [2026-03-03T01:24:04.436+0000] {dagbag.py:541} INFO - Filling up the DagBag from /home/airflow/.local/lib/python3.7/site-packages/airflow/example_dags/example_sensor_decorator.py
[2026-03-03T01:24:04.450+0000] {processor.py:809} INFO - DAG(s) dict_keys(['example_sensor_decorator']) retrieved from /home/airflow/.local/lib/python3.7/site-packages/airflow/example_dags/example_sensor_decorator.py
[2026-03-03T01:24:04.507+0000] {logging_mixin.py:149} INFO - [2026-03-03T01:24:04.507+0000] {dag.py:2726} INFO - Sync 1 DAGs
[2026-03-03T01:24:04.584+0000] {logging_mixin.py:149} INFO - [2026-03-03T01:24:04.584+0000] {dag.py:3490} INFO - Setting next_dagrun for example_sensor_decorator to None, run_after=None
[2026-03-03T01:24:04.659+0000] {processor.py:178} INFO - Processing /home/airflow/.local/lib/python3.7/site-packages/airflow/example_dags/example_sensor_decorator.py took 0.235 seconds
[2026-03-03T01:24:35.274+0000] {processor.py:156} INFO - Started process (PID=2153) to work on /home/airflow/.local/lib/python3.7/site-packages/airflow/example_dags/example_sensor_decorator.py
[2026-03-03T01:24:35.278+0000] {processor.py:799} INFO - Processing file /home/airflow/.local/lib/python3.7/site-packages/airflow/example_dags/example_sensor_decorator.py for tasks to queue
[2026-03-03T01:24:35.280+0000] {logging_mixin.py:149} INFO - [2026-03-03T01:24:35.280+0000] {dagbag.py:541} INFO - Filling up the DagBag from /home/airflow/.local/lib/python3.7/site-packages/airflow/example_dags/example_sensor_decorator.py
[2026-03-03T01:24:35.295+0000] {processor.py:809} INFO - DAG(s) dict_keys(['example_sensor_decorator']) retrieved from /home/airflow/.local/lib/python3.7/site-packages/airflow/example_dags/example_sensor_decorator.py
[2026-03-03T01:24:35.358+0000] {logging_mixin.py:149} INFO - [2026-03-03T01:24:35.358+0000] {dag.py:2726} INFO - Sync 1 DAGs
[2026-03-03T01:24:35.438+0000] {logging_mixin.py:149} INFO - [2026-03-03T01:24:35.437+0000] {dag.py:3490} INFO - Setting next_dagrun for example_sensor_decorator to None, run_after=None
[2026-03-03T01:24:35.502+0000] {processor.py:178} INFO - Processing /home/airflow/.local/lib/python3.7/site-packages/airflow/example_dags/example_sensor_decorator.py took 0.243 seconds
[2026-03-03T01:25:06.181+0000] {processor.py:156} INFO - Started process (PID=2215) to work on /home/airflow/.local/lib/python3.7/site-packages/airflow/example_dags/example_sensor_decorator.py
[2026-03-03T01:25:06.184+0000] {processor.py:799} INFO - Processing file /home/airflow/.local/lib/python3.7/site-packages/airflow/example_dags/example_sensor_decorator.py for tasks to queue
[2026-03-03T01:25:06.186+0000] {logging_mixin.py:149} INFO - [2026-03-03T01:25:06.186+0000] {dagbag.py:541} INFO - Filling up the DagBag from /home/airflow/.local/lib/python3.7/site-packages/airflow/example_dags/example_sensor_decorator.py
[2026-03-03T01:25:06.203+0000] {processor.py:809} INFO - DAG(s) dict_keys(['example_sensor_decorator']) retrieved from /home/airflow/.local/lib/python3.7/site-packages/airflow/example_dags/example_sensor_decorator.py
[2026-03-03T01:25:06.266+0000] {logging_mixin.py:149} INFO - [2026-03-03T01:25:06.265+0000] {dag.py:2726} INFO - Sync 1 DAGs
[2026-03-03T01:25:06.339+0000] {logging_mixin.py:149} INFO - [2026-03-03T01:25:06.338+0000] {dag.py:3490} INFO - Setting next_dagrun for example_sensor_decorator to None, run_after=None
[2026-03-03T01:25:06.409+0000] {processor.py:178} INFO - Processing /home/airflow/.local/lib/python3.7/site-packages/airflow/example_dags/example_sensor_decorator.py took 0.236 seconds
[2026-03-03T01:25:37.062+0000] {processor.py:156} INFO - Started process (PID=2277) to work on /home/airflow/.local/lib/python3.7/site-packages/airflow/example_dags/example_sensor_decorator.py
[2026-03-03T01:25:37.063+0000] {processor.py:799} INFO - Processing file /home/airflow/.local/lib/python3.7/site-packages/airflow/example_dags/example_sensor_decorator.py for tasks to queue
[2026-03-03T01:25:37.064+0000] {logging_mixin.py:149} INFO - [2026-03-03T01:25:37.064+0000] {dagbag.py:541} INFO - Filling up the DagBag from /home/airflow/.local/lib/python3.7/site-packages/airflow/example_dags/example_sensor_decorator.py
[2026-03-03T01:25:37.067+0000] {processor.py:809} INFO - DAG(s) dict_keys(['example_sensor_decorator']) retrieved from /home/airflow/.local/lib/python3.7/site-packages/airflow/example_dags/example_sensor_decorator.py
[2026-03-03T01:25:37.079+0000] {logging_mixin.py:149} INFO - [2026-03-03T01:25:37.079+0000] {dag.py:2726} INFO - Sync 1 DAGs
[2026-03-03T01:25:37.092+0000] {logging_mixin.py:149} INFO - [2026-03-03T01:25:37.092+0000] {dag.py:3490} INFO - Setting next_dagrun for example_sensor_decorator to None, run_after=None
[2026-03-03T01:25:37.107+0000] {processor.py:178} INFO - Processing /home/airflow/.local/lib/python3.7/site-packages/airflow/example_dags/example_sensor_decorator.py took 0.046 seconds
[2026-03-03T01:26:07.805+0000] {processor.py:156} INFO - Started process (PID=2339) to work on /home/airflow/.local/lib/python3.7/site-packages/airflow/example_dags/example_sensor_decorator.py
[2026-03-03T01:26:07.806+0000] {processor.py:799} INFO - Processing file /home/airflow/.local/lib/python3.7/site-packages/airflow/example_dags/example_sensor_decorator.py for tasks to queue
[2026-03-03T01:26:07.806+0000] {logging_mixin.py:149} INFO - [2026-03-03T01:26:07.806+0000] {dagbag.py:541} INFO - Filling up the DagBag from /home/airflow/.local/lib/python3.7/site-packages/airflow/example_dags/example_sensor_decorator.py
[2026-03-03T01:26:07.810+0000] {processor.py:809} INFO - DAG(s) dict_keys(['example_sensor_decorator']) retrieved from /home/airflow/.local/lib/python3.7/site-packages/airflow/example_dags/example_sensor_decorator.py
[2026-03-03T01:26:07.827+0000] {logging_mixin.py:149} INFO - [2026-03-03T01:26:07.827+0000] {dag.py:2726} INFO - Sync 1 DAGs
[2026-03-03T01:26:07.843+0000] {logging_mixin.py:149} INFO - [2026-03-03T01:26:07.843+0000] {dag.py:3490} INFO - Setting next_dagrun for example_sensor_decorator to None, run_after=None
[2026-03-03T01:26:07.856+0000] {processor.py:178} INFO - Processing /home/airflow/.local/lib/python3.7/site-packages/airflow/example_dags/example_sensor_decorator.py took 0.055 seconds
[2026-03-03T01:26:38.318+0000] {processor.py:156} INFO - Started process (PID=2401) to work on /home/airflow/.local/lib/python3.7/site-packages/airflow/example_dags/example_sensor_decorator.py
[2026-03-03T01:26:38.319+0000] {processor.py:799} INFO - Processing file /home/airflow/.local/lib/python3.7/site-packages/airflow/example_dags/example_sensor_decorator.py for tasks to queue
[2026-03-03T01:26:38.319+0000] {logging_mixin.py:149} INFO - [2026-03-03T01:26:38.319+0000] {dagbag.py:541} INFO - Filling up the DagBag from /home/airflow/.local/lib/python3.7/site-packages/airflow/example_dags/example_sensor_decorator.py
[2026-03-03T01:26:38.324+0000] {processor.py:809} INFO - DAG(s) dict_keys(['example_sensor_decorator']) retrieved from /home/airflow/.local/lib/python3.7/site-packages/airflow/example_dags/example_sensor_decorator.py
[2026-03-03T01:26:38.337+0000] {logging_mixin.py:149} INFO - [2026-03-03T01:26:38.337+0000] {dag.py:2726} INFO - Sync 1 DAGs
[2026-03-03T01:26:38.353+0000] {logging_mixin.py:149} INFO - [2026-03-03T01:26:38.353+0000] {dag.py:3490} INFO - Setting next_dagrun for example_sensor_decorator to None, run_after=None
[2026-03-03T01:26:38.369+0000] {processor.py:178} INFO - Processing /home/airflow/.local/lib/python3.7/site-packages/airflow/example_dags/example_sensor_decorator.py took 0.053 seconds
[2026-03-03T01:27:09.235+0000] {processor.py:156} INFO - Started process (PID=2462) to work on /home/airflow/.local/lib/python3.7/site-packages/airflow/example_dags/example_sensor_decorator.py
[2026-03-03T01:27:09.236+0000] {processor.py:799} INFO - Processing file /home/airflow/.local/lib/python3.7/site-packages/airflow/example_dags/example_sensor_decorator.py for tasks to queue
[2026-03-03T01:27:09.238+0000] {logging_mixin.py:149} INFO - [2026-03-03T01:27:09.238+0000] {dagbag.py:541} INFO - Filling up the DagBag from /home/airflow/.local/lib/python3.7/site-packages/airflow/example_dags/example_sensor_decorator.py
[2026-03-03T01:27:09.241+0000] {processor.py:809} INFO - DAG(s) dict_keys(['example_sensor_decorator']) retrieved from /home/airflow/.local/lib/python3.7/site-packages/airflow/example_dags/example_sensor_decorator.py
[2026-03-03T01:27:09.258+0000] {logging_mixin.py:149} INFO - [2026-03-03T01:27:09.258+0000] {dag.py:2726} INFO - Sync 1 DAGs
[2026-03-03T01:27:09.269+0000] {logging_mixin.py:149} INFO - [2026-03-03T01:27:09.269+0000] {dag.py:3490} INFO - Setting next_dagrun for example_sensor_decorator to None, run_after=None
[2026-03-03T01:27:09.281+0000] {processor.py:178} INFO - Processing /home/airflow/.local/lib/python3.7/site-packages/airflow/example_dags/example_sensor_decorator.py took 0.047 seconds
[2026-03-03T01:27:40.016+0000] {processor.py:156} INFO - Started process (PID=2524) to work on /home/airflow/.local/lib/python3.7/site-packages/airflow/example_dags/example_sensor_decorator.py
[2026-03-03T01:27:40.019+0000] {processor.py:799} INFO - Processing file /home/airflow/.local/lib/python3.7/site-packages/airflow/example_dags/example_sensor_decorator.py for tasks to queue
[2026-03-03T01:27:40.023+0000] {logging_mixin.py:149} INFO - [2026-03-03T01:27:40.021+0000] {dagbag.py:541} INFO - Filling up the DagBag from /home/airflow/.local/lib/python3.7/site-packages/airflow/example_dags/example_sensor_decorator.py
[2026-03-03T01:27:40.043+0000] {processor.py:809} INFO - DAG(s) dict_keys(['example_sensor_decorator']) retrieved from /home/airflow/.local/lib/python3.7/site-packages/airflow/example_dags/example_sensor_decorator.py
[2026-03-03T01:27:40.105+0000] {logging_mixin.py:149} INFO - [2026-03-03T01:27:40.105+0000] {dag.py:2726} INFO - Sync 1 DAGs
[2026-03-03T01:27:40.187+0000] {logging_mixin.py:149} INFO - [2026-03-03T01:27:40.186+0000] {dag.py:3490} INFO - Setting next_dagrun for example_sensor_decorator to None, run_after=None
[2026-03-03T01:27:40.287+0000] {processor.py:178} INFO - Processing /home/airflow/.local/lib/python3.7/site-packages/airflow/example_dags/example_sensor_decorator.py took 0.278 seconds
[2026-03-03T01:28:10.646+0000] {processor.py:156} INFO - Started process (PID=2586) to work on /home/airflow/.local/lib/python3.7/site-packages/airflow/example_dags/example_sensor_decorator.py
[2026-03-03T01:28:10.647+0000] {processor.py:799} INFO - Processing file /home/airflow/.local/lib/python3.7/site-packages/airflow/example_dags/example_sensor_decorator.py for tasks to queue
[2026-03-03T01:28:10.647+0000] {logging_mixin.py:149} INFO - [2026-03-03T01:28:10.647+0000] {dagbag.py:541} INFO - Filling up the DagBag from /home/airflow/.local/lib/python3.7/site-packages/airflow/example_dags/example_sensor_decorator.py
[2026-03-03T01:28:10.651+0000] {processor.py:809} INFO - DAG(s) dict_keys(['example_sensor_decorator']) retrieved from /home/airflow/.local/lib/python3.7/site-packages/airflow/example_dags/example_sensor_decorator.py
[2026-03-03T01:28:10.665+0000] {logging_mixin.py:149} INFO - [2026-03-03T01:28:10.664+0000] {dag.py:2726} INFO - Sync 1 DAGs
[2026-03-03T01:28:10.683+0000] {logging_mixin.py:149} INFO - [2026-03-03T01:28:10.683+0000] {dag.py:3490} INFO - Setting next_dagrun for example_sensor_decorator to None, run_after=None
[2026-03-03T01:28:10.694+0000] {processor.py:178} INFO - Processing /home/airflow/.local/lib/python3.7/site-packages/airflow/example_dags/example_sensor_decorator.py took 0.050 seconds
[2026-03-03T01:28:41.533+0000] {processor.py:156} INFO - Started process (PID=2648) to work on /home/airflow/.local/lib/python3.7/site-packages/airflow/example_dags/example_sensor_decorator.py
[2026-03-03T01:28:41.536+0000] {processor.py:799} INFO - Processing file /home/airflow/.local/lib/python3.7/site-packages/airflow/example_dags/example_sensor_decorator.py for tasks to queue
[2026-03-03T01:28:41.538+0000] {logging_mixin.py:149} INFO - [2026-03-03T01:28:41.538+0000] {dagbag.py:541} INFO - Filling up the DagBag from /home/airflow/.local/lib/python3.7/site-packages/airflow/example_dags/example_sensor_decorator.py
[2026-03-03T01:28:41.554+0000] {processor.py:809} INFO - DAG(s) dict_keys(['example_sensor_decorator']) retrieved from /home/airflow/.local/lib/python3.7/site-packages/airflow/example_dags/example_sensor_decorator.py
[2026-03-03T01:28:41.613+0000] {logging_mixin.py:149} INFO - [2026-03-03T01:28:41.612+0000] {dag.py:2726} INFO - Sync 1 DAGs
[2026-03-03T01:28:41.687+0000] {logging_mixin.py:149} INFO - [2026-03-03T01:28:41.687+0000] {dag.py:3490} INFO - Setting next_dagrun for example_sensor_decorator to None, run_after=None
[2026-03-03T01:28:41.758+0000] {processor.py:178} INFO - Processing /home/airflow/.local/lib/python3.7/site-packages/airflow/example_dags/example_sensor_decorator.py took 0.232 seconds
[2026-03-03T01:29:12.572+0000] {processor.py:156} INFO - Started process (PID=2710) to work on /home/airflow/.local/lib/python3.7/site-packages/airflow/example_dags/example_sensor_decorator.py
[2026-03-03T01:29:12.575+0000] {processor.py:799} INFO - Processing file /home/airflow/.local/lib/python3.7/site-packages/airflow/example_dags/example_sensor_decorator.py for tasks to queue
[2026-03-03T01:29:12.576+0000] {logging_mixin.py:149} INFO - [2026-03-03T01:29:12.576+0000] {dagbag.py:541} INFO - Filling up the DagBag from /home/airflow/.local/lib/python3.7/site-packages/airflow/example_dags/example_sensor_decorator.py
[2026-03-03T01:29:12.582+0000] {processor.py:809} INFO - DAG(s) dict_keys(['example_sensor_decorator']) retrieved from /home/airflow/.local/lib/python3.7/site-packages/airflow/example_dags/example_sensor_decorator.py
[2026-03-03T01:29:12.602+0000] {logging_mixin.py:149} INFO - [2026-03-03T01:29:12.602+0000] {dag.py:2726} INFO - Sync 1 DAGs
[2026-03-03T01:29:12.617+0000] {logging_mixin.py:149} INFO - [2026-03-03T01:29:12.617+0000] {dag.py:3490} INFO - Setting next_dagrun for example_sensor_decorator to None, run_after=None
[2026-03-03T01:29:12.627+0000] {processor.py:178} INFO - Processing /home/airflow/.local/lib/python3.7/site-packages/airflow/example_dags/example_sensor_decorator.py took 0.061 seconds
