[2026-03-03T00:56:04.175+0000] {processor.py:156} INFO - Started process (PID=53) to work on /home/airflow/.local/lib/python3.7/site-packages/airflow/example_dags/example_branch_day_of_week_operator.py
[2026-03-03T00:56:04.176+0000] {processor.py:799} INFO - Processing file /home/airflow/.local/lib/python3.7/site-packages/airflow/example_dags/example_branch_day_of_week_operator.py for tasks to queue
[2026-03-03T00:56:04.176+0000] {logging_mixin.py:149} INFO - [2026-03-03T00:56:04.176+0000] {dagbag.py:541} INFO - Filling up the DagBag from /home/airflow/.local/lib/python3.7/site-packages/airflow/example_dags/example_branch_day_of_week_operator.py
[2026-03-03T00:56:04.184+0000] {processor.py:809} INFO - DAG(s) dict_keys(['example_weekday_branch_operator']) retrieved from /home/airflow/.local/lib/python3.7/site-packages/airflow/example_dags/example_branch_day_of_week_operator.py
[2026-03-03T00:56:04.198+0000] {logging_mixin.py:149} INFO - [2026-03-03T00:56:04.197+0000] {dag.py:2726} INFO - Sync 1 DAGs
[2026-03-03T00:56:04.222+0000] {logging_mixin.py:149} INFO - [2026-03-03T00:56:04.221+0000] {dag.py:3490} INFO - Setting next_dagrun for example_weekday_branch_operator to 2026-03-02T00:00:00+00:00, run_after=2026-03-03T00:00:00+00:00
[2026-03-03T00:56:04.243+0000] {processor.py:178} INFO - Processing /home/airflow/.local/lib/python3.7/site-packages/airflow/example_dags/example_branch_day_of_week_operator.py took 0.070 seconds
[2026-03-03T00:56:35.642+0000] {processor.py:156} INFO - Started process (PID=115) to work on /home/airflow/.local/lib/python3.7/site-packages/airflow/example_dags/example_branch_day_of_week_operator.py
[2026-03-03T00:56:35.644+0000] {processor.py:799} INFO - Processing file /home/airflow/.local/lib/python3.7/site-packages/airflow/example_dags/example_branch_day_of_week_operator.py for tasks to queue
[2026-03-03T00:56:35.646+0000] {logging_mixin.py:149} INFO - [2026-03-03T00:56:35.646+0000] {dagbag.py:541} INFO - Filling up the DagBag from /home/airflow/.local/lib/python3.7/site-packages/airflow/example_dags/example_branch_day_of_week_operator.py
[2026-03-03T00:56:35.663+0000] {processor.py:809} INFO - DAG(s) dict_keys(['example_weekday_branch_operator']) retrieved from /home/airflow/.local/lib/python3.7/site-packages/airflow/example_dags/example_branch_day_of_week_operator.py
[2026-03-03T00:56:35.728+0000] {logging_mixin.py:149} INFO - [2026-03-03T00:56:35.727+0000] {dag.py:2726} INFO - Sync 1 DAGs
[2026-03-03T00:56:35.800+0000] {logging_mixin.py:149} INFO - [2026-03-03T00:56:35.799+0000] {dag.py:3490} INFO - Setting next_dagrun for example_weekday_branch_operator to 2026-03-02T00:00:00+00:00, run_after=2026-03-03T00:00:00+00:00
[2026-03-03T00:56:35.876+0000] {processor.py:178} INFO - Processing /home/airflow/.local/lib/python3.7/site-packages/airflow/example_dags/example_branch_day_of_week_operator.py took 0.241 seconds
[2026-03-03T00:57:06.608+0000] {processor.py:156} INFO - Started process (PID=177) to work on /home/airflow/.local/lib/python3.7/site-packages/airflow/example_dags/example_branch_day_of_week_operator.py
[2026-03-03T00:57:06.610+0000] {processor.py:799} INFO - Processing file /home/airflow/.local/lib/python3.7/site-packages/airflow/example_dags/example_branch_day_of_week_operator.py for tasks to queue
[2026-03-03T00:57:06.611+0000] {logging_mixin.py:149} INFO - [2026-03-03T00:57:06.610+0000] {dagbag.py:541} INFO - Filling up the DagBag from /home/airflow/.local/lib/python3.7/site-packages/airflow/example_dags/example_branch_day_of_week_operator.py
[2026-03-03T00:57:06.617+0000] {processor.py:809} INFO - DAG(s) dict_keys(['example_weekday_branch_operator']) retrieved from /home/airflow/.local/lib/python3.7/site-packages/airflow/example_dags/example_branch_day_of_week_operator.py
[2026-03-03T00:57:06.634+0000] {logging_mixin.py:149} INFO - [2026-03-03T00:57:06.634+0000] {dag.py:2726} INFO - Sync 1 DAGs
[2026-03-03T00:57:06.654+0000] {logging_mixin.py:149} INFO - [2026-03-03T00:57:06.654+0000] {dag.py:3490} INFO - Setting next_dagrun for example_weekday_branch_operator to 2026-03-02T00:00:00+00:00, run_after=2026-03-03T00:00:00+00:00
[2026-03-03T00:57:06.674+0000] {processor.py:178} INFO - Processing /home/airflow/.local/lib/python3.7/site-packages/airflow/example_dags/example_branch_day_of_week_operator.py took 0.067 seconds
[2026-03-03T00:57:37.521+0000] {processor.py:156} INFO - Started process (PID=239) to work on /home/airflow/.local/lib/python3.7/site-packages/airflow/example_dags/example_branch_day_of_week_operator.py
[2026-03-03T00:57:37.521+0000] {processor.py:799} INFO - Processing file /home/airflow/.local/lib/python3.7/site-packages/airflow/example_dags/example_branch_day_of_week_operator.py for tasks to queue
[2026-03-03T00:57:37.522+0000] {logging_mixin.py:149} INFO - [2026-03-03T00:57:37.522+0000] {dagbag.py:541} INFO - Filling up the DagBag from /home/airflow/.local/lib/python3.7/site-packages/airflow/example_dags/example_branch_day_of_week_operator.py
[2026-03-03T00:57:37.527+0000] {processor.py:809} INFO - DAG(s) dict_keys(['example_weekday_branch_operator']) retrieved from /home/airflow/.local/lib/python3.7/site-packages/airflow/example_dags/example_branch_day_of_week_operator.py
[2026-03-03T00:57:37.547+0000] {logging_mixin.py:149} INFO - [2026-03-03T00:57:37.546+0000] {dag.py:2726} INFO - Sync 1 DAGs
[2026-03-03T00:57:37.562+0000] {logging_mixin.py:149} INFO - [2026-03-03T00:57:37.562+0000] {dag.py:3490} INFO - Setting next_dagrun for example_weekday_branch_operator to 2026-03-02T00:00:00+00:00, run_after=2026-03-03T00:00:00+00:00
[2026-03-03T00:57:37.575+0000] {processor.py:178} INFO - Processing /home/airflow/.local/lib/python3.7/site-packages/airflow/example_dags/example_branch_day_of_week_operator.py took 0.056 seconds
[2026-03-03T00:58:07.900+0000] {processor.py:156} INFO - Started process (PID=301) to work on /home/airflow/.local/lib/python3.7/site-packages/airflow/example_dags/example_branch_day_of_week_operator.py
[2026-03-03T00:58:07.902+0000] {processor.py:799} INFO - Processing file /home/airflow/.local/lib/python3.7/site-packages/airflow/example_dags/example_branch_day_of_week_operator.py for tasks to queue
[2026-03-03T00:58:07.907+0000] {logging_mixin.py:149} INFO - [2026-03-03T00:58:07.906+0000] {dagbag.py:541} INFO - Filling up the DagBag from /home/airflow/.local/lib/python3.7/site-packages/airflow/example_dags/example_branch_day_of_week_operator.py
[2026-03-03T00:58:07.928+0000] {processor.py:809} INFO - DAG(s) dict_keys(['example_weekday_branch_operator']) retrieved from /home/airflow/.local/lib/python3.7/site-packages/airflow/example_dags/example_branch_day_of_week_operator.py
[2026-03-03T00:58:07.992+0000] {logging_mixin.py:149} INFO - [2026-03-03T00:58:07.991+0000] {dag.py:2726} INFO - Sync 1 DAGs
[2026-03-03T00:58:08.072+0000] {logging_mixin.py:149} INFO - [2026-03-03T00:58:08.072+0000] {dag.py:3490} INFO - Setting next_dagrun for example_weekday_branch_operator to 2026-03-02T00:00:00+00:00, run_after=2026-03-03T00:00:00+00:00
[2026-03-03T00:58:08.174+0000] {processor.py:178} INFO - Processing /home/airflow/.local/lib/python3.7/site-packages/airflow/example_dags/example_branch_day_of_week_operator.py took 0.280 seconds
[2026-03-03T00:58:38.741+0000] {processor.py:156} INFO - Started process (PID=363) to work on /home/airflow/.local/lib/python3.7/site-packages/airflow/example_dags/example_branch_day_of_week_operator.py
[2026-03-03T00:58:38.742+0000] {processor.py:799} INFO - Processing file /home/airflow/.local/lib/python3.7/site-packages/airflow/example_dags/example_branch_day_of_week_operator.py for tasks to queue
[2026-03-03T00:58:38.744+0000] {logging_mixin.py:149} INFO - [2026-03-03T00:58:38.744+0000] {dagbag.py:541} INFO - Filling up the DagBag from /home/airflow/.local/lib/python3.7/site-packages/airflow/example_dags/example_branch_day_of_week_operator.py
[2026-03-03T00:58:38.749+0000] {processor.py:809} INFO - DAG(s) dict_keys(['example_weekday_branch_operator']) retrieved from /home/airflow/.local/lib/python3.7/site-packages/airflow/example_dags/example_branch_day_of_week_operator.py
[2026-03-03T00:58:38.764+0000] {logging_mixin.py:149} INFO - [2026-03-03T00:58:38.764+0000] {dag.py:2726} INFO - Sync 1 DAGs
[2026-03-03T00:58:38.782+0000] {logging_mixin.py:149} INFO - [2026-03-03T00:58:38.782+0000] {dag.py:3490} INFO - Setting next_dagrun for example_weekday_branch_operator to 2026-03-02T00:00:00+00:00, run_after=2026-03-03T00:00:00+00:00
[2026-03-03T00:58:38.795+0000] {processor.py:178} INFO - Processing /home/airflow/.local/lib/python3.7/site-packages/airflow/example_dags/example_branch_day_of_week_operator.py took 0.055 seconds
[2026-03-03T00:59:09.814+0000] {processor.py:156} INFO - Started process (PID=425) to work on /home/airflow/.local/lib/python3.7/site-packages/airflow/example_dags/example_branch_day_of_week_operator.py
[2026-03-03T00:59:09.815+0000] {processor.py:799} INFO - Processing file /home/airflow/.local/lib/python3.7/site-packages/airflow/example_dags/example_branch_day_of_week_operator.py for tasks to queue
[2026-03-03T00:59:09.817+0000] {logging_mixin.py:149} INFO - [2026-03-03T00:59:09.816+0000] {dagbag.py:541} INFO - Filling up the DagBag from /home/airflow/.local/lib/python3.7/site-packages/airflow/example_dags/example_branch_day_of_week_operator.py
[2026-03-03T00:59:09.821+0000] {processor.py:809} INFO - DAG(s) dict_keys(['example_weekday_branch_operator']) retrieved from /home/airflow/.local/lib/python3.7/site-packages/airflow/example_dags/example_branch_day_of_week_operator.py
[2026-03-03T00:59:09.839+0000] {logging_mixin.py:149} INFO - [2026-03-03T00:59:09.839+0000] {dag.py:2726} INFO - Sync 1 DAGs
[2026-03-03T00:59:09.856+0000] {logging_mixin.py:149} INFO - [2026-03-03T00:59:09.856+0000] {dag.py:3490} INFO - Setting next_dagrun for example_weekday_branch_operator to 2026-03-02T00:00:00+00:00, run_after=2026-03-03T00:00:00+00:00
[2026-03-03T00:59:09.872+0000] {processor.py:178} INFO - Processing /home/airflow/.local/lib/python3.7/site-packages/airflow/example_dags/example_branch_day_of_week_operator.py took 0.062 seconds
[2026-03-03T00:59:40.511+0000] {processor.py:156} INFO - Started process (PID=487) to work on /home/airflow/.local/lib/python3.7/site-packages/airflow/example_dags/example_branch_day_of_week_operator.py
[2026-03-03T00:59:40.512+0000] {processor.py:799} INFO - Processing file /home/airflow/.local/lib/python3.7/site-packages/airflow/example_dags/example_branch_day_of_week_operator.py for tasks to queue
[2026-03-03T00:59:40.513+0000] {logging_mixin.py:149} INFO - [2026-03-03T00:59:40.513+0000] {dagbag.py:541} INFO - Filling up the DagBag from /home/airflow/.local/lib/python3.7/site-packages/airflow/example_dags/example_branch_day_of_week_operator.py
[2026-03-03T00:59:40.517+0000] {processor.py:809} INFO - DAG(s) dict_keys(['example_weekday_branch_operator']) retrieved from /home/airflow/.local/lib/python3.7/site-packages/airflow/example_dags/example_branch_day_of_week_operator.py
[2026-03-03T00:59:40.530+0000] {logging_mixin.py:149} INFO - [2026-03-03T00:59:40.530+0000] {dag.py:2726} INFO - Sync 1 DAGs
[2026-03-03T00:59:40.543+0000] {logging_mixin.py:149} INFO - [2026-03-03T00:59:40.543+0000] {dag.py:3490} INFO - Setting next_dagrun for example_weekday_branch_operator to 2026-03-02T00:00:00+00:00, run_after=2026-03-03T00:00:00+00:00
[2026-03-03T00:59:40.551+0000] {processor.py:178} INFO - Processing /home/airflow/.local/lib/python3.7/site-packages/airflow/example_dags/example_branch_day_of_week_operator.py took 0.041 seconds
[2026-03-03T01:00:11.434+0000] {processor.py:156} INFO - Started process (PID=549) to work on /home/airflow/.local/lib/python3.7/site-packages/airflow/example_dags/example_branch_day_of_week_operator.py
[2026-03-03T01:00:11.436+0000] {processor.py:799} INFO - Processing file /home/airflow/.local/lib/python3.7/site-packages/airflow/example_dags/example_branch_day_of_week_operator.py for tasks to queue
[2026-03-03T01:00:11.441+0000] {logging_mixin.py:149} INFO - [2026-03-03T01:00:11.440+0000] {dagbag.py:541} INFO - Filling up the DagBag from /home/airflow/.local/lib/python3.7/site-packages/airflow/example_dags/example_branch_day_of_week_operator.py
[2026-03-03T01:00:11.466+0000] {processor.py:809} INFO - DAG(s) dict_keys(['example_weekday_branch_operator']) retrieved from /home/airflow/.local/lib/python3.7/site-packages/airflow/example_dags/example_branch_day_of_week_operator.py
[2026-03-03T01:00:11.539+0000] {logging_mixin.py:149} INFO - [2026-03-03T01:00:11.538+0000] {dag.py:2726} INFO - Sync 1 DAGs
[2026-03-03T01:00:11.616+0000] {logging_mixin.py:149} INFO - [2026-03-03T01:00:11.615+0000] {dag.py:3490} INFO - Setting next_dagrun for example_weekday_branch_operator to 2026-03-02T00:00:00+00:00, run_after=2026-03-03T00:00:00+00:00
[2026-03-03T01:00:11.674+0000] {processor.py:178} INFO - Processing /home/airflow/.local/lib/python3.7/site-packages/airflow/example_dags/example_branch_day_of_week_operator.py took 0.246 seconds
[2026-03-03T01:00:42.584+0000] {processor.py:156} INFO - Started process (PID=611) to work on /home/airflow/.local/lib/python3.7/site-packages/airflow/example_dags/example_branch_day_of_week_operator.py
[2026-03-03T01:00:42.586+0000] {processor.py:799} INFO - Processing file /home/airflow/.local/lib/python3.7/site-packages/airflow/example_dags/example_branch_day_of_week_operator.py for tasks to queue
[2026-03-03T01:00:42.590+0000] {logging_mixin.py:149} INFO - [2026-03-03T01:00:42.589+0000] {dagbag.py:541} INFO - Filling up the DagBag from /home/airflow/.local/lib/python3.7/site-packages/airflow/example_dags/example_branch_day_of_week_operator.py
[2026-03-03T01:00:42.611+0000] {processor.py:809} INFO - DAG(s) dict_keys(['example_weekday_branch_operator']) retrieved from /home/airflow/.local/lib/python3.7/site-packages/airflow/example_dags/example_branch_day_of_week_operator.py
[2026-03-03T01:00:42.697+0000] {logging_mixin.py:149} INFO - [2026-03-03T01:00:42.697+0000] {dag.py:2726} INFO - Sync 1 DAGs
[2026-03-03T01:00:42.786+0000] {logging_mixin.py:149} INFO - [2026-03-03T01:00:42.786+0000] {dag.py:3490} INFO - Setting next_dagrun for example_weekday_branch_operator to 2026-03-02T00:00:00+00:00, run_after=2026-03-03T00:00:00+00:00
[2026-03-03T01:00:42.885+0000] {processor.py:178} INFO - Processing /home/airflow/.local/lib/python3.7/site-packages/airflow/example_dags/example_branch_day_of_week_operator.py took 0.310 seconds
[2026-03-03T01:01:13.480+0000] {processor.py:156} INFO - Started process (PID=673) to work on /home/airflow/.local/lib/python3.7/site-packages/airflow/example_dags/example_branch_day_of_week_operator.py
[2026-03-03T01:01:13.480+0000] {processor.py:799} INFO - Processing file /home/airflow/.local/lib/python3.7/site-packages/airflow/example_dags/example_branch_day_of_week_operator.py for tasks to queue
[2026-03-03T01:01:13.480+0000] {logging_mixin.py:149} INFO - [2026-03-03T01:01:13.480+0000] {dagbag.py:541} INFO - Filling up the DagBag from /home/airflow/.local/lib/python3.7/site-packages/airflow/example_dags/example_branch_day_of_week_operator.py
[2026-03-03T01:01:13.485+0000] {processor.py:809} INFO - DAG(s) dict_keys(['example_weekday_branch_operator']) retrieved from /home/airflow/.local/lib/python3.7/site-packages/airflow/example_dags/example_branch_day_of_week_operator.py
[2026-03-03T01:01:13.499+0000] {logging_mixin.py:149} INFO - [2026-03-03T01:01:13.499+0000] {dag.py:2726} INFO - Sync 1 DAGs
[2026-03-03T01:01:13.514+0000] {logging_mixin.py:149} INFO - [2026-03-03T01:01:13.514+0000] {dag.py:3490} INFO - Setting next_dagrun for example_weekday_branch_operator to 2026-03-02T00:00:00+00:00, run_after=2026-03-03T00:00:00+00:00
[2026-03-03T01:01:13.524+0000] {processor.py:178} INFO - Processing /home/airflow/.local/lib/python3.7/site-packages/airflow/example_dags/example_branch_day_of_week_operator.py took 0.047 seconds
[2026-03-03T01:01:44.202+0000] {processor.py:156} INFO - Started process (PID=735) to work on /home/airflow/.local/lib/python3.7/site-packages/airflow/example_dags/example_branch_day_of_week_operator.py
[2026-03-03T01:01:44.203+0000] {processor.py:799} INFO - Processing file /home/airflow/.local/lib/python3.7/site-packages/airflow/example_dags/example_branch_day_of_week_operator.py for tasks to queue
[2026-03-03T01:01:44.203+0000] {logging_mixin.py:149} INFO - [2026-03-03T01:01:44.203+0000] {dagbag.py:541} INFO - Filling up the DagBag from /home/airflow/.local/lib/python3.7/site-packages/airflow/example_dags/example_branch_day_of_week_operator.py
[2026-03-03T01:01:44.208+0000] {processor.py:809} INFO - DAG(s) dict_keys(['example_weekday_branch_operator']) retrieved from /home/airflow/.local/lib/python3.7/site-packages/airflow/example_dags/example_branch_day_of_week_operator.py
[2026-03-03T01:01:44.224+0000] {logging_mixin.py:149} INFO - [2026-03-03T01:01:44.224+0000] {dag.py:2726} INFO - Sync 1 DAGs
[2026-03-03T01:01:44.241+0000] {logging_mixin.py:149} INFO - [2026-03-03T01:01:44.240+0000] {dag.py:3490} INFO - Setting next_dagrun for example_weekday_branch_operator to 2026-03-02T00:00:00+00:00, run_after=2026-03-03T00:00:00+00:00
[2026-03-03T01:01:44.254+0000] {processor.py:178} INFO - Processing /home/airflow/.local/lib/python3.7/site-packages/airflow/example_dags/example_branch_day_of_week_operator.py took 0.055 seconds
[2026-03-03T01:02:15.097+0000] {processor.py:156} INFO - Started process (PID=797) to work on /home/airflow/.local/lib/python3.7/site-packages/airflow/example_dags/example_branch_day_of_week_operator.py
[2026-03-03T01:02:15.098+0000] {processor.py:799} INFO - Processing file /home/airflow/.local/lib/python3.7/site-packages/airflow/example_dags/example_branch_day_of_week_operator.py for tasks to queue
[2026-03-03T01:02:15.098+0000] {logging_mixin.py:149} INFO - [2026-03-03T01:02:15.098+0000] {dagbag.py:541} INFO - Filling up the DagBag from /home/airflow/.local/lib/python3.7/site-packages/airflow/example_dags/example_branch_day_of_week_operator.py
[2026-03-03T01:02:15.104+0000] {processor.py:809} INFO - DAG(s) dict_keys(['example_weekday_branch_operator']) retrieved from /home/airflow/.local/lib/python3.7/site-packages/airflow/example_dags/example_branch_day_of_week_operator.py
[2026-03-03T01:02:15.119+0000] {logging_mixin.py:149} INFO - [2026-03-03T01:02:15.118+0000] {dag.py:2726} INFO - Sync 1 DAGs
[2026-03-03T01:02:15.132+0000] {logging_mixin.py:149} INFO - [2026-03-03T01:02:15.132+0000] {dag.py:3490} INFO - Setting next_dagrun for example_weekday_branch_operator to 2026-03-02T00:00:00+00:00, run_after=2026-03-03T00:00:00+00:00
[2026-03-03T01:02:15.144+0000] {processor.py:178} INFO - Processing /home/airflow/.local/lib/python3.7/site-packages/airflow/example_dags/example_branch_day_of_week_operator.py took 0.048 seconds
[2026-03-03T01:02:45.816+0000] {processor.py:156} INFO - Started process (PID=859) to work on /home/airflow/.local/lib/python3.7/site-packages/airflow/example_dags/example_branch_day_of_week_operator.py
[2026-03-03T01:02:45.817+0000] {processor.py:799} INFO - Processing file /home/airflow/.local/lib/python3.7/site-packages/airflow/example_dags/example_branch_day_of_week_operator.py for tasks to queue
[2026-03-03T01:02:45.817+0000] {logging_mixin.py:149} INFO - [2026-03-03T01:02:45.817+0000] {dagbag.py:541} INFO - Filling up the DagBag from /home/airflow/.local/lib/python3.7/site-packages/airflow/example_dags/example_branch_day_of_week_operator.py
[2026-03-03T01:02:45.822+0000] {processor.py:809} INFO - DAG(s) dict_keys(['example_weekday_branch_operator']) retrieved from /home/airflow/.local/lib/python3.7/site-packages/airflow/example_dags/example_branch_day_of_week_operator.py
[2026-03-03T01:02:45.838+0000] {logging_mixin.py:149} INFO - [2026-03-03T01:02:45.838+0000] {dag.py:2726} INFO - Sync 1 DAGs
[2026-03-03T01:02:45.853+0000] {logging_mixin.py:149} INFO - [2026-03-03T01:02:45.853+0000] {dag.py:3490} INFO - Setting next_dagrun for example_weekday_branch_operator to 2026-03-02T00:00:00+00:00, run_after=2026-03-03T00:00:00+00:00
[2026-03-03T01:02:45.865+0000] {processor.py:178} INFO - Processing /home/airflow/.local/lib/python3.7/site-packages/airflow/example_dags/example_branch_day_of_week_operator.py took 0.051 seconds
[2026-03-03T01:03:16.579+0000] {processor.py:156} INFO - Started process (PID=921) to work on /home/airflow/.local/lib/python3.7/site-packages/airflow/example_dags/example_branch_day_of_week_operator.py
[2026-03-03T01:03:16.580+0000] {processor.py:799} INFO - Processing file /home/airflow/.local/lib/python3.7/site-packages/airflow/example_dags/example_branch_day_of_week_operator.py for tasks to queue
[2026-03-03T01:03:16.580+0000] {logging_mixin.py:149} INFO - [2026-03-03T01:03:16.580+0000] {dagbag.py:541} INFO - Filling up the DagBag from /home/airflow/.local/lib/python3.7/site-packages/airflow/example_dags/example_branch_day_of_week_operator.py
[2026-03-03T01:03:16.584+0000] {processor.py:809} INFO - DAG(s) dict_keys(['example_weekday_branch_operator']) retrieved from /home/airflow/.local/lib/python3.7/site-packages/airflow/example_dags/example_branch_day_of_week_operator.py
[2026-03-03T01:03:16.599+0000] {logging_mixin.py:149} INFO - [2026-03-03T01:03:16.599+0000] {dag.py:2726} INFO - Sync 1 DAGs
[2026-03-03T01:03:16.615+0000] {logging_mixin.py:149} INFO - [2026-03-03T01:03:16.615+0000] {dag.py:3490} INFO - Setting next_dagrun for example_weekday_branch_operator to 2026-03-02T00:00:00+00:00, run_after=2026-03-03T00:00:00+00:00
[2026-03-03T01:03:16.624+0000] {processor.py:178} INFO - Processing /home/airflow/.local/lib/python3.7/site-packages/airflow/example_dags/example_branch_day_of_week_operator.py took 0.048 seconds
[2026-03-03T01:03:47.326+0000] {processor.py:156} INFO - Started process (PID=983) to work on /home/airflow/.local/lib/python3.7/site-packages/airflow/example_dags/example_branch_day_of_week_operator.py
[2026-03-03T01:03:47.327+0000] {processor.py:799} INFO - Processing file /home/airflow/.local/lib/python3.7/site-packages/airflow/example_dags/example_branch_day_of_week_operator.py for tasks to queue
[2026-03-03T01:03:47.327+0000] {logging_mixin.py:149} INFO - [2026-03-03T01:03:47.327+0000] {dagbag.py:541} INFO - Filling up the DagBag from /home/airflow/.local/lib/python3.7/site-packages/airflow/example_dags/example_branch_day_of_week_operator.py
[2026-03-03T01:03:47.333+0000] {processor.py:809} INFO - DAG(s) dict_keys(['example_weekday_branch_operator']) retrieved from /home/airflow/.local/lib/python3.7/site-packages/airflow/example_dags/example_branch_day_of_week_operator.py
[2026-03-03T01:03:47.348+0000] {logging_mixin.py:149} INFO - [2026-03-03T01:03:47.348+0000] {dag.py:2726} INFO - Sync 1 DAGs
[2026-03-03T01:03:47.366+0000] {logging_mixin.py:149} INFO - [2026-03-03T01:03:47.366+0000] {dag.py:3490} INFO - Setting next_dagrun for example_weekday_branch_operator to 2026-03-02T00:00:00+00:00, run_after=2026-03-03T00:00:00+00:00
[2026-03-03T01:03:47.381+0000] {processor.py:178} INFO - Processing /home/airflow/.local/lib/python3.7/site-packages/airflow/example_dags/example_branch_day_of_week_operator.py took 0.057 seconds
[2026-03-03T01:04:18.119+0000] {processor.py:156} INFO - Started process (PID=1045) to work on /home/airflow/.local/lib/python3.7/site-packages/airflow/example_dags/example_branch_day_of_week_operator.py
[2026-03-03T01:04:18.119+0000] {processor.py:799} INFO - Processing file /home/airflow/.local/lib/python3.7/site-packages/airflow/example_dags/example_branch_day_of_week_operator.py for tasks to queue
[2026-03-03T01:04:18.119+0000] {logging_mixin.py:149} INFO - [2026-03-03T01:04:18.119+0000] {dagbag.py:541} INFO - Filling up the DagBag from /home/airflow/.local/lib/python3.7/site-packages/airflow/example_dags/example_branch_day_of_week_operator.py
[2026-03-03T01:04:18.123+0000] {processor.py:809} INFO - DAG(s) dict_keys(['example_weekday_branch_operator']) retrieved from /home/airflow/.local/lib/python3.7/site-packages/airflow/example_dags/example_branch_day_of_week_operator.py
[2026-03-03T01:04:18.136+0000] {logging_mixin.py:149} INFO - [2026-03-03T01:04:18.136+0000] {dag.py:2726} INFO - Sync 1 DAGs
[2026-03-03T01:04:18.148+0000] {logging_mixin.py:149} INFO - [2026-03-03T01:04:18.148+0000] {dag.py:3490} INFO - Setting next_dagrun for example_weekday_branch_operator to 2026-03-02T00:00:00+00:00, run_after=2026-03-03T00:00:00+00:00
[2026-03-03T01:04:18.156+0000] {processor.py:178} INFO - Processing /home/airflow/.local/lib/python3.7/site-packages/airflow/example_dags/example_branch_day_of_week_operator.py took 0.039 seconds
[2026-03-03T01:04:48.672+0000] {processor.py:156} INFO - Started process (PID=1107) to work on /home/airflow/.local/lib/python3.7/site-packages/airflow/example_dags/example_branch_day_of_week_operator.py
[2026-03-03T01:04:48.673+0000] {processor.py:799} INFO - Processing file /home/airflow/.local/lib/python3.7/site-packages/airflow/example_dags/example_branch_day_of_week_operator.py for tasks to queue
[2026-03-03T01:04:48.673+0000] {logging_mixin.py:149} INFO - [2026-03-03T01:04:48.673+0000] {dagbag.py:541} INFO - Filling up the DagBag from /home/airflow/.local/lib/python3.7/site-packages/airflow/example_dags/example_branch_day_of_week_operator.py
[2026-03-03T01:04:48.678+0000] {processor.py:809} INFO - DAG(s) dict_keys(['example_weekday_branch_operator']) retrieved from /home/airflow/.local/lib/python3.7/site-packages/airflow/example_dags/example_branch_day_of_week_operator.py
[2026-03-03T01:04:48.692+0000] {logging_mixin.py:149} INFO - [2026-03-03T01:04:48.692+0000] {dag.py:2726} INFO - Sync 1 DAGs
[2026-03-03T01:04:48.707+0000] {logging_mixin.py:149} INFO - [2026-03-03T01:04:48.707+0000] {dag.py:3490} INFO - Setting next_dagrun for example_weekday_branch_operator to 2026-03-02T00:00:00+00:00, run_after=2026-03-03T00:00:00+00:00
[2026-03-03T01:04:48.717+0000] {processor.py:178} INFO - Processing /home/airflow/.local/lib/python3.7/site-packages/airflow/example_dags/example_branch_day_of_week_operator.py took 0.047 seconds
[2026-03-03T01:05:19.459+0000] {processor.py:156} INFO - Started process (PID=1169) to work on /home/airflow/.local/lib/python3.7/site-packages/airflow/example_dags/example_branch_day_of_week_operator.py
[2026-03-03T01:05:19.460+0000] {processor.py:799} INFO - Processing file /home/airflow/.local/lib/python3.7/site-packages/airflow/example_dags/example_branch_day_of_week_operator.py for tasks to queue
[2026-03-03T01:05:19.460+0000] {logging_mixin.py:149} INFO - [2026-03-03T01:05:19.460+0000] {dagbag.py:541} INFO - Filling up the DagBag from /home/airflow/.local/lib/python3.7/site-packages/airflow/example_dags/example_branch_day_of_week_operator.py
[2026-03-03T01:05:19.466+0000] {processor.py:809} INFO - DAG(s) dict_keys(['example_weekday_branch_operator']) retrieved from /home/airflow/.local/lib/python3.7/site-packages/airflow/example_dags/example_branch_day_of_week_operator.py
[2026-03-03T01:05:19.480+0000] {logging_mixin.py:149} INFO - [2026-03-03T01:05:19.480+0000] {dag.py:2726} INFO - Sync 1 DAGs
[2026-03-03T01:05:19.498+0000] {logging_mixin.py:149} INFO - [2026-03-03T01:05:19.498+0000] {dag.py:3490} INFO - Setting next_dagrun for example_weekday_branch_operator to 2026-03-02T00:00:00+00:00, run_after=2026-03-03T00:00:00+00:00
[2026-03-03T01:05:19.508+0000] {processor.py:178} INFO - Processing /home/airflow/.local/lib/python3.7/site-packages/airflow/example_dags/example_branch_day_of_week_operator.py took 0.051 seconds
[2026-03-03T01:05:50.220+0000] {processor.py:156} INFO - Started process (PID=1231) to work on /home/airflow/.local/lib/python3.7/site-packages/airflow/example_dags/example_branch_day_of_week_operator.py
[2026-03-03T01:05:50.220+0000] {processor.py:799} INFO - Processing file /home/airflow/.local/lib/python3.7/site-packages/airflow/example_dags/example_branch_day_of_week_operator.py for tasks to queue
[2026-03-03T01:05:50.220+0000] {logging_mixin.py:149} INFO - [2026-03-03T01:05:50.220+0000] {dagbag.py:541} INFO - Filling up the DagBag from /home/airflow/.local/lib/python3.7/site-packages/airflow/example_dags/example_branch_day_of_week_operator.py
[2026-03-03T01:05:50.224+0000] {processor.py:809} INFO - DAG(s) dict_keys(['example_weekday_branch_operator']) retrieved from /home/airflow/.local/lib/python3.7/site-packages/airflow/example_dags/example_branch_day_of_week_operator.py
[2026-03-03T01:05:50.236+0000] {logging_mixin.py:149} INFO - [2026-03-03T01:05:50.236+0000] {dag.py:2726} INFO - Sync 1 DAGs
[2026-03-03T01:05:50.249+0000] {logging_mixin.py:149} INFO - [2026-03-03T01:05:50.248+0000] {dag.py:3490} INFO - Setting next_dagrun for example_weekday_branch_operator to 2026-03-02T00:00:00+00:00, run_after=2026-03-03T00:00:00+00:00
[2026-03-03T01:05:50.257+0000] {processor.py:178} INFO - Processing /home/airflow/.local/lib/python3.7/site-packages/airflow/example_dags/example_branch_day_of_week_operator.py took 0.039 seconds
[2026-03-03T01:06:20.696+0000] {processor.py:156} INFO - Started process (PID=1293) to work on /home/airflow/.local/lib/python3.7/site-packages/airflow/example_dags/example_branch_day_of_week_operator.py
[2026-03-03T01:06:20.697+0000] {processor.py:799} INFO - Processing file /home/airflow/.local/lib/python3.7/site-packages/airflow/example_dags/example_branch_day_of_week_operator.py for tasks to queue
[2026-03-03T01:06:20.697+0000] {logging_mixin.py:149} INFO - [2026-03-03T01:06:20.697+0000] {dagbag.py:541} INFO - Filling up the DagBag from /home/airflow/.local/lib/python3.7/site-packages/airflow/example_dags/example_branch_day_of_week_operator.py
[2026-03-03T01:06:20.701+0000] {processor.py:809} INFO - DAG(s) dict_keys(['example_weekday_branch_operator']) retrieved from /home/airflow/.local/lib/python3.7/site-packages/airflow/example_dags/example_branch_day_of_week_operator.py
[2026-03-03T01:06:20.713+0000] {logging_mixin.py:149} INFO - [2026-03-03T01:06:20.712+0000] {dag.py:2726} INFO - Sync 1 DAGs
[2026-03-03T01:06:20.724+0000] {logging_mixin.py:149} INFO - [2026-03-03T01:06:20.724+0000] {dag.py:3490} INFO - Setting next_dagrun for example_weekday_branch_operator to 2026-03-02T00:00:00+00:00, run_after=2026-03-03T00:00:00+00:00
[2026-03-03T01:06:20.733+0000] {processor.py:178} INFO - Processing /home/airflow/.local/lib/python3.7/site-packages/airflow/example_dags/example_branch_day_of_week_operator.py took 0.038 seconds
[2026-03-03T01:07:09.296+0000] {processor.py:156} INFO - Started process (PID=45) to work on /home/airflow/.local/lib/python3.7/site-packages/airflow/example_dags/example_branch_day_of_week_operator.py
[2026-03-03T01:07:09.297+0000] {processor.py:799} INFO - Processing file /home/airflow/.local/lib/python3.7/site-packages/airflow/example_dags/example_branch_day_of_week_operator.py for tasks to queue
[2026-03-03T01:07:09.297+0000] {logging_mixin.py:149} INFO - [2026-03-03T01:07:09.297+0000] {dagbag.py:541} INFO - Filling up the DagBag from /home/airflow/.local/lib/python3.7/site-packages/airflow/example_dags/example_branch_day_of_week_operator.py
[2026-03-03T01:07:09.303+0000] {processor.py:809} INFO - DAG(s) dict_keys(['example_weekday_branch_operator']) retrieved from /home/airflow/.local/lib/python3.7/site-packages/airflow/example_dags/example_branch_day_of_week_operator.py
[2026-03-03T01:07:09.314+0000] {logging_mixin.py:149} INFO - [2026-03-03T01:07:09.313+0000] {dag.py:2726} INFO - Sync 1 DAGs
[2026-03-03T01:07:09.330+0000] {logging_mixin.py:149} INFO - [2026-03-03T01:07:09.330+0000] {dag.py:3490} INFO - Setting next_dagrun for example_weekday_branch_operator to 2026-03-02T00:00:00+00:00, run_after=2026-03-03T00:00:00+00:00
[2026-03-03T01:07:09.344+0000] {processor.py:178} INFO - Processing /home/airflow/.local/lib/python3.7/site-packages/airflow/example_dags/example_branch_day_of_week_operator.py took 0.050 seconds
[2026-03-03T01:07:39.455+0000] {processor.py:156} INFO - Started process (PID=107) to work on /home/airflow/.local/lib/python3.7/site-packages/airflow/example_dags/example_branch_day_of_week_operator.py
[2026-03-03T01:07:39.456+0000] {processor.py:799} INFO - Processing file /home/airflow/.local/lib/python3.7/site-packages/airflow/example_dags/example_branch_day_of_week_operator.py for tasks to queue
[2026-03-03T01:07:39.456+0000] {logging_mixin.py:149} INFO - [2026-03-03T01:07:39.456+0000] {dagbag.py:541} INFO - Filling up the DagBag from /home/airflow/.local/lib/python3.7/site-packages/airflow/example_dags/example_branch_day_of_week_operator.py
[2026-03-03T01:07:39.460+0000] {processor.py:809} INFO - DAG(s) dict_keys(['example_weekday_branch_operator']) retrieved from /home/airflow/.local/lib/python3.7/site-packages/airflow/example_dags/example_branch_day_of_week_operator.py
[2026-03-03T01:07:39.477+0000] {logging_mixin.py:149} INFO - [2026-03-03T01:07:39.477+0000] {dag.py:2726} INFO - Sync 1 DAGs
[2026-03-03T01:07:39.493+0000] {logging_mixin.py:149} INFO - [2026-03-03T01:07:39.493+0000] {dag.py:3490} INFO - Setting next_dagrun for example_weekday_branch_operator to 2026-03-02T00:00:00+00:00, run_after=2026-03-03T00:00:00+00:00
[2026-03-03T01:07:39.510+0000] {processor.py:178} INFO - Processing /home/airflow/.local/lib/python3.7/site-packages/airflow/example_dags/example_branch_day_of_week_operator.py took 0.056 seconds
[2026-03-03T01:08:13.166+0000] {processor.py:156} INFO - Started process (PID=176) to work on /home/airflow/.local/lib/python3.7/site-packages/airflow/example_dags/example_branch_day_of_week_operator.py
[2026-03-03T01:08:13.168+0000] {processor.py:799} INFO - Processing file /home/airflow/.local/lib/python3.7/site-packages/airflow/example_dags/example_branch_day_of_week_operator.py for tasks to queue
[2026-03-03T01:08:13.170+0000] {logging_mixin.py:149} INFO - [2026-03-03T01:08:13.169+0000] {dagbag.py:541} INFO - Filling up the DagBag from /home/airflow/.local/lib/python3.7/site-packages/airflow/example_dags/example_branch_day_of_week_operator.py
[2026-03-03T01:08:13.191+0000] {processor.py:809} INFO - DAG(s) dict_keys(['example_weekday_branch_operator']) retrieved from /home/airflow/.local/lib/python3.7/site-packages/airflow/example_dags/example_branch_day_of_week_operator.py
[2026-03-03T01:08:13.259+0000] {logging_mixin.py:149} INFO - [2026-03-03T01:08:13.258+0000] {dag.py:2726} INFO - Sync 1 DAGs
[2026-03-03T01:08:13.636+0000] {logging_mixin.py:149} INFO - [2026-03-03T01:08:13.636+0000] {dag.py:3490} INFO - Setting next_dagrun for example_weekday_branch_operator to 2026-03-02T00:00:00+00:00, run_after=2026-03-03T00:00:00+00:00
[2026-03-03T01:08:13.691+0000] {processor.py:178} INFO - Processing /home/airflow/.local/lib/python3.7/site-packages/airflow/example_dags/example_branch_day_of_week_operator.py took 0.532 seconds
[2026-03-03T01:08:43.822+0000] {processor.py:156} INFO - Started process (PID=238) to work on /home/airflow/.local/lib/python3.7/site-packages/airflow/example_dags/example_branch_day_of_week_operator.py
[2026-03-03T01:08:43.824+0000] {processor.py:799} INFO - Processing file /home/airflow/.local/lib/python3.7/site-packages/airflow/example_dags/example_branch_day_of_week_operator.py for tasks to queue
[2026-03-03T01:08:43.824+0000] {logging_mixin.py:149} INFO - [2026-03-03T01:08:43.824+0000] {dagbag.py:541} INFO - Filling up the DagBag from /home/airflow/.local/lib/python3.7/site-packages/airflow/example_dags/example_branch_day_of_week_operator.py
[2026-03-03T01:08:43.829+0000] {processor.py:809} INFO - DAG(s) dict_keys(['example_weekday_branch_operator']) retrieved from /home/airflow/.local/lib/python3.7/site-packages/airflow/example_dags/example_branch_day_of_week_operator.py
[2026-03-03T01:08:43.845+0000] {logging_mixin.py:149} INFO - [2026-03-03T01:08:43.845+0000] {dag.py:2726} INFO - Sync 1 DAGs
[2026-03-03T01:08:43.860+0000] {logging_mixin.py:149} INFO - [2026-03-03T01:08:43.860+0000] {dag.py:3490} INFO - Setting next_dagrun for example_weekday_branch_operator to 2026-03-02T00:00:00+00:00, run_after=2026-03-03T00:00:00+00:00
[2026-03-03T01:08:43.869+0000] {processor.py:178} INFO - Processing /home/airflow/.local/lib/python3.7/site-packages/airflow/example_dags/example_branch_day_of_week_operator.py took 0.050 seconds
[2026-03-03T01:09:14.777+0000] {processor.py:156} INFO - Started process (PID=300) to work on /home/airflow/.local/lib/python3.7/site-packages/airflow/example_dags/example_branch_day_of_week_operator.py
[2026-03-03T01:09:14.778+0000] {processor.py:799} INFO - Processing file /home/airflow/.local/lib/python3.7/site-packages/airflow/example_dags/example_branch_day_of_week_operator.py for tasks to queue
[2026-03-03T01:09:14.779+0000] {logging_mixin.py:149} INFO - [2026-03-03T01:09:14.778+0000] {dagbag.py:541} INFO - Filling up the DagBag from /home/airflow/.local/lib/python3.7/site-packages/airflow/example_dags/example_branch_day_of_week_operator.py
[2026-03-03T01:09:14.786+0000] {processor.py:809} INFO - DAG(s) dict_keys(['example_weekday_branch_operator']) retrieved from /home/airflow/.local/lib/python3.7/site-packages/airflow/example_dags/example_branch_day_of_week_operator.py
[2026-03-03T01:09:14.799+0000] {logging_mixin.py:149} INFO - [2026-03-03T01:09:14.799+0000] {dag.py:2726} INFO - Sync 1 DAGs
[2026-03-03T01:09:14.813+0000] {logging_mixin.py:149} INFO - [2026-03-03T01:09:14.812+0000] {dag.py:3490} INFO - Setting next_dagrun for example_weekday_branch_operator to 2026-03-02T00:00:00+00:00, run_after=2026-03-03T00:00:00+00:00
[2026-03-03T01:09:14.821+0000] {processor.py:178} INFO - Processing /home/airflow/.local/lib/python3.7/site-packages/airflow/example_dags/example_branch_day_of_week_operator.py took 0.046 seconds
[2026-03-03T01:09:45.729+0000] {processor.py:156} INFO - Started process (PID=362) to work on /home/airflow/.local/lib/python3.7/site-packages/airflow/example_dags/example_branch_day_of_week_operator.py
[2026-03-03T01:09:45.730+0000] {processor.py:799} INFO - Processing file /home/airflow/.local/lib/python3.7/site-packages/airflow/example_dags/example_branch_day_of_week_operator.py for tasks to queue
[2026-03-03T01:09:45.731+0000] {logging_mixin.py:149} INFO - [2026-03-03T01:09:45.731+0000] {dagbag.py:541} INFO - Filling up the DagBag from /home/airflow/.local/lib/python3.7/site-packages/airflow/example_dags/example_branch_day_of_week_operator.py
[2026-03-03T01:09:45.739+0000] {processor.py:809} INFO - DAG(s) dict_keys(['example_weekday_branch_operator']) retrieved from /home/airflow/.local/lib/python3.7/site-packages/airflow/example_dags/example_branch_day_of_week_operator.py
[2026-03-03T01:09:45.756+0000] {logging_mixin.py:149} INFO - [2026-03-03T01:09:45.756+0000] {dag.py:2726} INFO - Sync 1 DAGs
[2026-03-03T01:09:45.769+0000] {logging_mixin.py:149} INFO - [2026-03-03T01:09:45.769+0000] {dag.py:3490} INFO - Setting next_dagrun for example_weekday_branch_operator to 2026-03-02T00:00:00+00:00, run_after=2026-03-03T00:00:00+00:00
[2026-03-03T01:09:45.778+0000] {processor.py:178} INFO - Processing /home/airflow/.local/lib/python3.7/site-packages/airflow/example_dags/example_branch_day_of_week_operator.py took 0.051 seconds
[2026-03-03T01:10:16.547+0000] {processor.py:156} INFO - Started process (PID=424) to work on /home/airflow/.local/lib/python3.7/site-packages/airflow/example_dags/example_branch_day_of_week_operator.py
[2026-03-03T01:10:16.549+0000] {processor.py:799} INFO - Processing file /home/airflow/.local/lib/python3.7/site-packages/airflow/example_dags/example_branch_day_of_week_operator.py for tasks to queue
[2026-03-03T01:10:16.551+0000] {logging_mixin.py:149} INFO - [2026-03-03T01:10:16.551+0000] {dagbag.py:541} INFO - Filling up the DagBag from /home/airflow/.local/lib/python3.7/site-packages/airflow/example_dags/example_branch_day_of_week_operator.py
[2026-03-03T01:10:16.569+0000] {processor.py:809} INFO - DAG(s) dict_keys(['example_weekday_branch_operator']) retrieved from /home/airflow/.local/lib/python3.7/site-packages/airflow/example_dags/example_branch_day_of_week_operator.py
[2026-03-03T01:10:16.638+0000] {logging_mixin.py:149} INFO - [2026-03-03T01:10:16.637+0000] {dag.py:2726} INFO - Sync 1 DAGs
[2026-03-03T01:10:16.717+0000] {logging_mixin.py:149} INFO - [2026-03-03T01:10:16.716+0000] {dag.py:3490} INFO - Setting next_dagrun for example_weekday_branch_operator to 2026-03-02T00:00:00+00:00, run_after=2026-03-03T00:00:00+00:00
[2026-03-03T01:10:16.777+0000] {processor.py:178} INFO - Processing /home/airflow/.local/lib/python3.7/site-packages/airflow/example_dags/example_branch_day_of_week_operator.py took 0.237 seconds
[2026-03-03T01:10:46.869+0000] {processor.py:156} INFO - Started process (PID=486) to work on /home/airflow/.local/lib/python3.7/site-packages/airflow/example_dags/example_branch_day_of_week_operator.py
[2026-03-03T01:10:46.873+0000] {processor.py:799} INFO - Processing file /home/airflow/.local/lib/python3.7/site-packages/airflow/example_dags/example_branch_day_of_week_operator.py for tasks to queue
[2026-03-03T01:10:46.875+0000] {logging_mixin.py:149} INFO - [2026-03-03T01:10:46.875+0000] {dagbag.py:541} INFO - Filling up the DagBag from /home/airflow/.local/lib/python3.7/site-packages/airflow/example_dags/example_branch_day_of_week_operator.py
[2026-03-03T01:10:46.889+0000] {processor.py:809} INFO - DAG(s) dict_keys(['example_weekday_branch_operator']) retrieved from /home/airflow/.local/lib/python3.7/site-packages/airflow/example_dags/example_branch_day_of_week_operator.py
[2026-03-03T01:10:46.943+0000] {logging_mixin.py:149} INFO - [2026-03-03T01:10:46.942+0000] {dag.py:2726} INFO - Sync 1 DAGs
[2026-03-03T01:10:47.001+0000] {logging_mixin.py:149} INFO - [2026-03-03T01:10:47.001+0000] {dag.py:3490} INFO - Setting next_dagrun for example_weekday_branch_operator to 2026-03-02T00:00:00+00:00, run_after=2026-03-03T00:00:00+00:00
[2026-03-03T01:10:47.056+0000] {processor.py:178} INFO - Processing /home/airflow/.local/lib/python3.7/site-packages/airflow/example_dags/example_branch_day_of_week_operator.py took 0.192 seconds
[2026-03-03T01:11:17.581+0000] {processor.py:156} INFO - Started process (PID=548) to work on /home/airflow/.local/lib/python3.7/site-packages/airflow/example_dags/example_branch_day_of_week_operator.py
[2026-03-03T01:11:17.582+0000] {processor.py:799} INFO - Processing file /home/airflow/.local/lib/python3.7/site-packages/airflow/example_dags/example_branch_day_of_week_operator.py for tasks to queue
[2026-03-03T01:11:17.584+0000] {logging_mixin.py:149} INFO - [2026-03-03T01:11:17.583+0000] {dagbag.py:541} INFO - Filling up the DagBag from /home/airflow/.local/lib/python3.7/site-packages/airflow/example_dags/example_branch_day_of_week_operator.py
[2026-03-03T01:11:17.591+0000] {processor.py:809} INFO - DAG(s) dict_keys(['example_weekday_branch_operator']) retrieved from /home/airflow/.local/lib/python3.7/site-packages/airflow/example_dags/example_branch_day_of_week_operator.py
[2026-03-03T01:11:17.611+0000] {logging_mixin.py:149} INFO - [2026-03-03T01:11:17.611+0000] {dag.py:2726} INFO - Sync 1 DAGs
[2026-03-03T01:11:17.623+0000] {logging_mixin.py:149} INFO - [2026-03-03T01:11:17.623+0000] {dag.py:3490} INFO - Setting next_dagrun for example_weekday_branch_operator to 2026-03-02T00:00:00+00:00, run_after=2026-03-03T00:00:00+00:00
[2026-03-03T01:11:17.631+0000] {processor.py:178} INFO - Processing /home/airflow/.local/lib/python3.7/site-packages/airflow/example_dags/example_branch_day_of_week_operator.py took 0.052 seconds
[2026-03-03T01:11:48.781+0000] {processor.py:156} INFO - Started process (PID=610) to work on /home/airflow/.local/lib/python3.7/site-packages/airflow/example_dags/example_branch_day_of_week_operator.py
[2026-03-03T01:11:48.785+0000] {processor.py:799} INFO - Processing file /home/airflow/.local/lib/python3.7/site-packages/airflow/example_dags/example_branch_day_of_week_operator.py for tasks to queue
[2026-03-03T01:11:48.789+0000] {logging_mixin.py:149} INFO - [2026-03-03T01:11:48.788+0000] {dagbag.py:541} INFO - Filling up the DagBag from /home/airflow/.local/lib/python3.7/site-packages/airflow/example_dags/example_branch_day_of_week_operator.py
[2026-03-03T01:11:48.808+0000] {processor.py:809} INFO - DAG(s) dict_keys(['example_weekday_branch_operator']) retrieved from /home/airflow/.local/lib/python3.7/site-packages/airflow/example_dags/example_branch_day_of_week_operator.py
[2026-03-03T01:11:48.877+0000] {logging_mixin.py:149} INFO - [2026-03-03T01:11:48.876+0000] {dag.py:2726} INFO - Sync 1 DAGs
[2026-03-03T01:11:48.957+0000] {logging_mixin.py:149} INFO - [2026-03-03T01:11:48.957+0000] {dag.py:3490} INFO - Setting next_dagrun for example_weekday_branch_operator to 2026-03-02T00:00:00+00:00, run_after=2026-03-03T00:00:00+00:00
[2026-03-03T01:11:49.006+0000] {processor.py:178} INFO - Processing /home/airflow/.local/lib/python3.7/site-packages/airflow/example_dags/example_branch_day_of_week_operator.py took 0.232 seconds
[2026-03-03T01:12:19.764+0000] {processor.py:156} INFO - Started process (PID=672) to work on /home/airflow/.local/lib/python3.7/site-packages/airflow/example_dags/example_branch_day_of_week_operator.py
[2026-03-03T01:12:19.766+0000] {processor.py:799} INFO - Processing file /home/airflow/.local/lib/python3.7/site-packages/airflow/example_dags/example_branch_day_of_week_operator.py for tasks to queue
[2026-03-03T01:12:19.767+0000] {logging_mixin.py:149} INFO - [2026-03-03T01:12:19.767+0000] {dagbag.py:541} INFO - Filling up the DagBag from /home/airflow/.local/lib/python3.7/site-packages/airflow/example_dags/example_branch_day_of_week_operator.py
[2026-03-03T01:12:19.784+0000] {processor.py:809} INFO - DAG(s) dict_keys(['example_weekday_branch_operator']) retrieved from /home/airflow/.local/lib/python3.7/site-packages/airflow/example_dags/example_branch_day_of_week_operator.py
[2026-03-03T01:12:19.836+0000] {logging_mixin.py:149} INFO - [2026-03-03T01:12:19.836+0000] {dag.py:2726} INFO - Sync 1 DAGs
[2026-03-03T01:12:19.904+0000] {logging_mixin.py:149} INFO - [2026-03-03T01:12:19.904+0000] {dag.py:3490} INFO - Setting next_dagrun for example_weekday_branch_operator to 2026-03-02T00:00:00+00:00, run_after=2026-03-03T00:00:00+00:00
[2026-03-03T01:12:19.954+0000] {processor.py:178} INFO - Processing /home/airflow/.local/lib/python3.7/site-packages/airflow/example_dags/example_branch_day_of_week_operator.py took 0.196 seconds
[2026-03-03T01:12:50.244+0000] {processor.py:156} INFO - Started process (PID=734) to work on /home/airflow/.local/lib/python3.7/site-packages/airflow/example_dags/example_branch_day_of_week_operator.py
[2026-03-03T01:12:50.246+0000] {processor.py:799} INFO - Processing file /home/airflow/.local/lib/python3.7/site-packages/airflow/example_dags/example_branch_day_of_week_operator.py for tasks to queue
[2026-03-03T01:12:50.251+0000] {logging_mixin.py:149} INFO - [2026-03-03T01:12:50.249+0000] {dagbag.py:541} INFO - Filling up the DagBag from /home/airflow/.local/lib/python3.7/site-packages/airflow/example_dags/example_branch_day_of_week_operator.py
[2026-03-03T01:12:50.278+0000] {processor.py:809} INFO - DAG(s) dict_keys(['example_weekday_branch_operator']) retrieved from /home/airflow/.local/lib/python3.7/site-packages/airflow/example_dags/example_branch_day_of_week_operator.py
[2026-03-03T01:12:50.357+0000] {logging_mixin.py:149} INFO - [2026-03-03T01:12:50.356+0000] {dag.py:2726} INFO - Sync 1 DAGs
[2026-03-03T01:12:50.432+0000] {logging_mixin.py:149} INFO - [2026-03-03T01:12:50.431+0000] {dag.py:3490} INFO - Setting next_dagrun for example_weekday_branch_operator to 2026-03-02T00:00:00+00:00, run_after=2026-03-03T00:00:00+00:00
[2026-03-03T01:12:50.575+0000] {processor.py:178} INFO - Processing /home/airflow/.local/lib/python3.7/site-packages/airflow/example_dags/example_branch_day_of_week_operator.py took 0.346 seconds
[2026-03-03T01:13:21.209+0000] {processor.py:156} INFO - Started process (PID=796) to work on /home/airflow/.local/lib/python3.7/site-packages/airflow/example_dags/example_branch_day_of_week_operator.py
[2026-03-03T01:13:21.210+0000] {processor.py:799} INFO - Processing file /home/airflow/.local/lib/python3.7/site-packages/airflow/example_dags/example_branch_day_of_week_operator.py for tasks to queue
[2026-03-03T01:13:21.210+0000] {logging_mixin.py:149} INFO - [2026-03-03T01:13:21.210+0000] {dagbag.py:541} INFO - Filling up the DagBag from /home/airflow/.local/lib/python3.7/site-packages/airflow/example_dags/example_branch_day_of_week_operator.py
[2026-03-03T01:13:21.214+0000] {processor.py:809} INFO - DAG(s) dict_keys(['example_weekday_branch_operator']) retrieved from /home/airflow/.local/lib/python3.7/site-packages/airflow/example_dags/example_branch_day_of_week_operator.py
[2026-03-03T01:13:21.227+0000] {logging_mixin.py:149} INFO - [2026-03-03T01:13:21.226+0000] {dag.py:2726} INFO - Sync 1 DAGs
[2026-03-03T01:13:21.239+0000] {logging_mixin.py:149} INFO - [2026-03-03T01:13:21.239+0000] {dag.py:3490} INFO - Setting next_dagrun for example_weekday_branch_operator to 2026-03-02T00:00:00+00:00, run_after=2026-03-03T00:00:00+00:00
[2026-03-03T01:13:21.248+0000] {processor.py:178} INFO - Processing /home/airflow/.local/lib/python3.7/site-packages/airflow/example_dags/example_branch_day_of_week_operator.py took 0.040 seconds
[2026-03-03T01:13:51.868+0000] {processor.py:156} INFO - Started process (PID=858) to work on /home/airflow/.local/lib/python3.7/site-packages/airflow/example_dags/example_branch_day_of_week_operator.py
[2026-03-03T01:13:51.869+0000] {processor.py:799} INFO - Processing file /home/airflow/.local/lib/python3.7/site-packages/airflow/example_dags/example_branch_day_of_week_operator.py for tasks to queue
[2026-03-03T01:13:51.869+0000] {logging_mixin.py:149} INFO - [2026-03-03T01:13:51.869+0000] {dagbag.py:541} INFO - Filling up the DagBag from /home/airflow/.local/lib/python3.7/site-packages/airflow/example_dags/example_branch_day_of_week_operator.py
[2026-03-03T01:13:51.874+0000] {processor.py:809} INFO - DAG(s) dict_keys(['example_weekday_branch_operator']) retrieved from /home/airflow/.local/lib/python3.7/site-packages/airflow/example_dags/example_branch_day_of_week_operator.py
[2026-03-03T01:13:51.890+0000] {logging_mixin.py:149} INFO - [2026-03-03T01:13:51.890+0000] {dag.py:2726} INFO - Sync 1 DAGs
[2026-03-03T01:13:51.907+0000] {logging_mixin.py:149} INFO - [2026-03-03T01:13:51.907+0000] {dag.py:3490} INFO - Setting next_dagrun for example_weekday_branch_operator to 2026-03-02T00:00:00+00:00, run_after=2026-03-03T00:00:00+00:00
[2026-03-03T01:13:51.917+0000] {processor.py:178} INFO - Processing /home/airflow/.local/lib/python3.7/site-packages/airflow/example_dags/example_branch_day_of_week_operator.py took 0.052 seconds
[2026-03-03T01:14:22.626+0000] {processor.py:156} INFO - Started process (PID=920) to work on /home/airflow/.local/lib/python3.7/site-packages/airflow/example_dags/example_branch_day_of_week_operator.py
[2026-03-03T01:14:22.628+0000] {processor.py:799} INFO - Processing file /home/airflow/.local/lib/python3.7/site-packages/airflow/example_dags/example_branch_day_of_week_operator.py for tasks to queue
[2026-03-03T01:14:22.628+0000] {logging_mixin.py:149} INFO - [2026-03-03T01:14:22.628+0000] {dagbag.py:541} INFO - Filling up the DagBag from /home/airflow/.local/lib/python3.7/site-packages/airflow/example_dags/example_branch_day_of_week_operator.py
[2026-03-03T01:14:22.635+0000] {processor.py:809} INFO - DAG(s) dict_keys(['example_weekday_branch_operator']) retrieved from /home/airflow/.local/lib/python3.7/site-packages/airflow/example_dags/example_branch_day_of_week_operator.py
[2026-03-03T01:14:22.650+0000] {logging_mixin.py:149} INFO - [2026-03-03T01:14:22.650+0000] {dag.py:2726} INFO - Sync 1 DAGs
[2026-03-03T01:14:22.664+0000] {logging_mixin.py:149} INFO - [2026-03-03T01:14:22.664+0000] {dag.py:3490} INFO - Setting next_dagrun for example_weekday_branch_operator to 2026-03-02T00:00:00+00:00, run_after=2026-03-03T00:00:00+00:00
[2026-03-03T01:14:22.673+0000] {processor.py:178} INFO - Processing /home/airflow/.local/lib/python3.7/site-packages/airflow/example_dags/example_branch_day_of_week_operator.py took 0.049 seconds
[2026-03-03T01:14:53.420+0000] {processor.py:156} INFO - Started process (PID=982) to work on /home/airflow/.local/lib/python3.7/site-packages/airflow/example_dags/example_branch_day_of_week_operator.py
[2026-03-03T01:14:53.421+0000] {processor.py:799} INFO - Processing file /home/airflow/.local/lib/python3.7/site-packages/airflow/example_dags/example_branch_day_of_week_operator.py for tasks to queue
[2026-03-03T01:14:53.422+0000] {logging_mixin.py:149} INFO - [2026-03-03T01:14:53.422+0000] {dagbag.py:541} INFO - Filling up the DagBag from /home/airflow/.local/lib/python3.7/site-packages/airflow/example_dags/example_branch_day_of_week_operator.py
[2026-03-03T01:14:53.437+0000] {processor.py:809} INFO - DAG(s) dict_keys(['example_weekday_branch_operator']) retrieved from /home/airflow/.local/lib/python3.7/site-packages/airflow/example_dags/example_branch_day_of_week_operator.py
[2026-03-03T01:14:53.486+0000] {logging_mixin.py:149} INFO - [2026-03-03T01:14:53.485+0000] {dag.py:2726} INFO - Sync 1 DAGs
[2026-03-03T01:14:53.540+0000] {logging_mixin.py:149} INFO - [2026-03-03T01:14:53.539+0000] {dag.py:3490} INFO - Setting next_dagrun for example_weekday_branch_operator to 2026-03-02T00:00:00+00:00, run_after=2026-03-03T00:00:00+00:00
[2026-03-03T01:14:53.584+0000] {processor.py:178} INFO - Processing /home/airflow/.local/lib/python3.7/site-packages/airflow/example_dags/example_branch_day_of_week_operator.py took 0.170 seconds
[2026-03-03T01:15:23.892+0000] {processor.py:156} INFO - Started process (PID=1044) to work on /home/airflow/.local/lib/python3.7/site-packages/airflow/example_dags/example_branch_day_of_week_operator.py
[2026-03-03T01:15:23.892+0000] {processor.py:799} INFO - Processing file /home/airflow/.local/lib/python3.7/site-packages/airflow/example_dags/example_branch_day_of_week_operator.py for tasks to queue
[2026-03-03T01:15:23.893+0000] {logging_mixin.py:149} INFO - [2026-03-03T01:15:23.893+0000] {dagbag.py:541} INFO - Filling up the DagBag from /home/airflow/.local/lib/python3.7/site-packages/airflow/example_dags/example_branch_day_of_week_operator.py
[2026-03-03T01:15:23.900+0000] {processor.py:809} INFO - DAG(s) dict_keys(['example_weekday_branch_operator']) retrieved from /home/airflow/.local/lib/python3.7/site-packages/airflow/example_dags/example_branch_day_of_week_operator.py
[2026-03-03T01:15:23.919+0000] {logging_mixin.py:149} INFO - [2026-03-03T01:15:23.919+0000] {dag.py:2726} INFO - Sync 1 DAGs
[2026-03-03T01:15:23.936+0000] {logging_mixin.py:149} INFO - [2026-03-03T01:15:23.936+0000] {dag.py:3490} INFO - Setting next_dagrun for example_weekday_branch_operator to 2026-03-02T00:00:00+00:00, run_after=2026-03-03T00:00:00+00:00
[2026-03-03T01:15:23.947+0000] {processor.py:178} INFO - Processing /home/airflow/.local/lib/python3.7/site-packages/airflow/example_dags/example_branch_day_of_week_operator.py took 0.058 seconds
[2026-03-03T01:15:54.754+0000] {processor.py:156} INFO - Started process (PID=1105) to work on /home/airflow/.local/lib/python3.7/site-packages/airflow/example_dags/example_branch_day_of_week_operator.py
[2026-03-03T01:15:54.754+0000] {processor.py:799} INFO - Processing file /home/airflow/.local/lib/python3.7/site-packages/airflow/example_dags/example_branch_day_of_week_operator.py for tasks to queue
[2026-03-03T01:15:54.755+0000] {logging_mixin.py:149} INFO - [2026-03-03T01:15:54.755+0000] {dagbag.py:541} INFO - Filling up the DagBag from /home/airflow/.local/lib/python3.7/site-packages/airflow/example_dags/example_branch_day_of_week_operator.py
[2026-03-03T01:15:54.761+0000] {processor.py:809} INFO - DAG(s) dict_keys(['example_weekday_branch_operator']) retrieved from /home/airflow/.local/lib/python3.7/site-packages/airflow/example_dags/example_branch_day_of_week_operator.py
[2026-03-03T01:15:54.778+0000] {logging_mixin.py:149} INFO - [2026-03-03T01:15:54.778+0000] {dag.py:2726} INFO - Sync 1 DAGs
[2026-03-03T01:15:54.794+0000] {logging_mixin.py:149} INFO - [2026-03-03T01:15:54.793+0000] {dag.py:3490} INFO - Setting next_dagrun for example_weekday_branch_operator to 2026-03-02T00:00:00+00:00, run_after=2026-03-03T00:00:00+00:00
[2026-03-03T01:15:54.803+0000] {processor.py:178} INFO - Processing /home/airflow/.local/lib/python3.7/site-packages/airflow/example_dags/example_branch_day_of_week_operator.py took 0.054 seconds
[2026-03-03T01:16:25.772+0000] {processor.py:156} INFO - Started process (PID=1167) to work on /home/airflow/.local/lib/python3.7/site-packages/airflow/example_dags/example_branch_day_of_week_operator.py
[2026-03-03T01:16:25.774+0000] {processor.py:799} INFO - Processing file /home/airflow/.local/lib/python3.7/site-packages/airflow/example_dags/example_branch_day_of_week_operator.py for tasks to queue
[2026-03-03T01:16:25.776+0000] {logging_mixin.py:149} INFO - [2026-03-03T01:16:25.775+0000] {dagbag.py:541} INFO - Filling up the DagBag from /home/airflow/.local/lib/python3.7/site-packages/airflow/example_dags/example_branch_day_of_week_operator.py
[2026-03-03T01:16:25.797+0000] {processor.py:809} INFO - DAG(s) dict_keys(['example_weekday_branch_operator']) retrieved from /home/airflow/.local/lib/python3.7/site-packages/airflow/example_dags/example_branch_day_of_week_operator.py
[2026-03-03T01:16:25.861+0000] {logging_mixin.py:149} INFO - [2026-03-03T01:16:25.861+0000] {dag.py:2726} INFO - Sync 1 DAGs
[2026-03-03T01:16:25.955+0000] {logging_mixin.py:149} INFO - [2026-03-03T01:16:25.954+0000] {dag.py:3490} INFO - Setting next_dagrun for example_weekday_branch_operator to 2026-03-02T00:00:00+00:00, run_after=2026-03-03T00:00:00+00:00
[2026-03-03T01:16:26.010+0000] {processor.py:178} INFO - Processing /home/airflow/.local/lib/python3.7/site-packages/airflow/example_dags/example_branch_day_of_week_operator.py took 0.245 seconds
[2026-03-03T01:16:56.337+0000] {processor.py:156} INFO - Started process (PID=1229) to work on /home/airflow/.local/lib/python3.7/site-packages/airflow/example_dags/example_branch_day_of_week_operator.py
[2026-03-03T01:16:56.338+0000] {processor.py:799} INFO - Processing file /home/airflow/.local/lib/python3.7/site-packages/airflow/example_dags/example_branch_day_of_week_operator.py for tasks to queue
[2026-03-03T01:16:56.339+0000] {logging_mixin.py:149} INFO - [2026-03-03T01:16:56.339+0000] {dagbag.py:541} INFO - Filling up the DagBag from /home/airflow/.local/lib/python3.7/site-packages/airflow/example_dags/example_branch_day_of_week_operator.py
[2026-03-03T01:16:56.354+0000] {processor.py:809} INFO - DAG(s) dict_keys(['example_weekday_branch_operator']) retrieved from /home/airflow/.local/lib/python3.7/site-packages/airflow/example_dags/example_branch_day_of_week_operator.py
[2026-03-03T01:16:56.395+0000] {logging_mixin.py:149} INFO - [2026-03-03T01:16:56.395+0000] {dag.py:2726} INFO - Sync 1 DAGs
[2026-03-03T01:16:56.449+0000] {logging_mixin.py:149} INFO - [2026-03-03T01:16:56.449+0000] {dag.py:3490} INFO - Setting next_dagrun for example_weekday_branch_operator to 2026-03-02T00:00:00+00:00, run_after=2026-03-03T00:00:00+00:00
[2026-03-03T01:16:56.482+0000] {processor.py:178} INFO - Processing /home/airflow/.local/lib/python3.7/site-packages/airflow/example_dags/example_branch_day_of_week_operator.py took 0.150 seconds
[2026-03-03T01:17:27.478+0000] {processor.py:156} INFO - Started process (PID=1291) to work on /home/airflow/.local/lib/python3.7/site-packages/airflow/example_dags/example_branch_day_of_week_operator.py
[2026-03-03T01:17:27.479+0000] {processor.py:799} INFO - Processing file /home/airflow/.local/lib/python3.7/site-packages/airflow/example_dags/example_branch_day_of_week_operator.py for tasks to queue
[2026-03-03T01:17:27.479+0000] {logging_mixin.py:149} INFO - [2026-03-03T01:17:27.479+0000] {dagbag.py:541} INFO - Filling up the DagBag from /home/airflow/.local/lib/python3.7/site-packages/airflow/example_dags/example_branch_day_of_week_operator.py
[2026-03-03T01:17:27.482+0000] {processor.py:809} INFO - DAG(s) dict_keys(['example_weekday_branch_operator']) retrieved from /home/airflow/.local/lib/python3.7/site-packages/airflow/example_dags/example_branch_day_of_week_operator.py
[2026-03-03T01:17:27.495+0000] {logging_mixin.py:149} INFO - [2026-03-03T01:17:27.495+0000] {dag.py:2726} INFO - Sync 1 DAGs
[2026-03-03T01:17:27.506+0000] {logging_mixin.py:149} INFO - [2026-03-03T01:17:27.506+0000] {dag.py:3490} INFO - Setting next_dagrun for example_weekday_branch_operator to 2026-03-02T00:00:00+00:00, run_after=2026-03-03T00:00:00+00:00
[2026-03-03T01:17:27.514+0000] {processor.py:178} INFO - Processing /home/airflow/.local/lib/python3.7/site-packages/airflow/example_dags/example_branch_day_of_week_operator.py took 0.037 seconds
[2026-03-03T01:17:58.430+0000] {processor.py:156} INFO - Started process (PID=1353) to work on /home/airflow/.local/lib/python3.7/site-packages/airflow/example_dags/example_branch_day_of_week_operator.py
[2026-03-03T01:17:58.430+0000] {processor.py:799} INFO - Processing file /home/airflow/.local/lib/python3.7/site-packages/airflow/example_dags/example_branch_day_of_week_operator.py for tasks to queue
[2026-03-03T01:17:58.431+0000] {logging_mixin.py:149} INFO - [2026-03-03T01:17:58.430+0000] {dagbag.py:541} INFO - Filling up the DagBag from /home/airflow/.local/lib/python3.7/site-packages/airflow/example_dags/example_branch_day_of_week_operator.py
[2026-03-03T01:17:58.437+0000] {processor.py:809} INFO - DAG(s) dict_keys(['example_weekday_branch_operator']) retrieved from /home/airflow/.local/lib/python3.7/site-packages/airflow/example_dags/example_branch_day_of_week_operator.py
[2026-03-03T01:17:58.453+0000] {logging_mixin.py:149} INFO - [2026-03-03T01:17:58.453+0000] {dag.py:2726} INFO - Sync 1 DAGs
[2026-03-03T01:17:58.467+0000] {logging_mixin.py:149} INFO - [2026-03-03T01:17:58.467+0000] {dag.py:3490} INFO - Setting next_dagrun for example_weekday_branch_operator to 2026-03-02T00:00:00+00:00, run_after=2026-03-03T00:00:00+00:00
[2026-03-03T01:17:58.480+0000] {processor.py:178} INFO - Processing /home/airflow/.local/lib/python3.7/site-packages/airflow/example_dags/example_branch_day_of_week_operator.py took 0.052 seconds
[2026-03-03T01:18:28.648+0000] {processor.py:156} INFO - Started process (PID=1415) to work on /home/airflow/.local/lib/python3.7/site-packages/airflow/example_dags/example_branch_day_of_week_operator.py
[2026-03-03T01:18:28.649+0000] {processor.py:799} INFO - Processing file /home/airflow/.local/lib/python3.7/site-packages/airflow/example_dags/example_branch_day_of_week_operator.py for tasks to queue
[2026-03-03T01:18:28.651+0000] {logging_mixin.py:149} INFO - [2026-03-03T01:18:28.651+0000] {dagbag.py:541} INFO - Filling up the DagBag from /home/airflow/.local/lib/python3.7/site-packages/airflow/example_dags/example_branch_day_of_week_operator.py
[2026-03-03T01:18:28.666+0000] {processor.py:809} INFO - DAG(s) dict_keys(['example_weekday_branch_operator']) retrieved from /home/airflow/.local/lib/python3.7/site-packages/airflow/example_dags/example_branch_day_of_week_operator.py
[2026-03-03T01:18:28.714+0000] {logging_mixin.py:149} INFO - [2026-03-03T01:18:28.713+0000] {dag.py:2726} INFO - Sync 1 DAGs
[2026-03-03T01:18:28.770+0000] {logging_mixin.py:149} INFO - [2026-03-03T01:18:28.770+0000] {dag.py:3490} INFO - Setting next_dagrun for example_weekday_branch_operator to 2026-03-02T00:00:00+00:00, run_after=2026-03-03T00:00:00+00:00
[2026-03-03T01:18:28.820+0000] {processor.py:178} INFO - Processing /home/airflow/.local/lib/python3.7/site-packages/airflow/example_dags/example_branch_day_of_week_operator.py took 0.178 seconds
[2026-03-03T01:18:59.097+0000] {processor.py:156} INFO - Started process (PID=1477) to work on /home/airflow/.local/lib/python3.7/site-packages/airflow/example_dags/example_branch_day_of_week_operator.py
[2026-03-03T01:18:59.099+0000] {processor.py:799} INFO - Processing file /home/airflow/.local/lib/python3.7/site-packages/airflow/example_dags/example_branch_day_of_week_operator.py for tasks to queue
[2026-03-03T01:18:59.101+0000] {logging_mixin.py:149} INFO - [2026-03-03T01:18:59.100+0000] {dagbag.py:541} INFO - Filling up the DagBag from /home/airflow/.local/lib/python3.7/site-packages/airflow/example_dags/example_branch_day_of_week_operator.py
[2026-03-03T01:18:59.117+0000] {processor.py:809} INFO - DAG(s) dict_keys(['example_weekday_branch_operator']) retrieved from /home/airflow/.local/lib/python3.7/site-packages/airflow/example_dags/example_branch_day_of_week_operator.py
[2026-03-03T01:18:59.168+0000] {logging_mixin.py:149} INFO - [2026-03-03T01:18:59.168+0000] {dag.py:2726} INFO - Sync 1 DAGs
[2026-03-03T01:18:59.218+0000] {logging_mixin.py:149} INFO - [2026-03-03T01:18:59.218+0000] {dag.py:3490} INFO - Setting next_dagrun for example_weekday_branch_operator to 2026-03-02T00:00:00+00:00, run_after=2026-03-03T00:00:00+00:00
[2026-03-03T01:18:59.259+0000] {processor.py:178} INFO - Processing /home/airflow/.local/lib/python3.7/site-packages/airflow/example_dags/example_branch_day_of_week_operator.py took 0.170 seconds
[2026-03-03T01:19:29.690+0000] {processor.py:156} INFO - Started process (PID=1539) to work on /home/airflow/.local/lib/python3.7/site-packages/airflow/example_dags/example_branch_day_of_week_operator.py
[2026-03-03T01:19:29.692+0000] {processor.py:799} INFO - Processing file /home/airflow/.local/lib/python3.7/site-packages/airflow/example_dags/example_branch_day_of_week_operator.py for tasks to queue
[2026-03-03T01:19:29.693+0000] {logging_mixin.py:149} INFO - [2026-03-03T01:19:29.693+0000] {dagbag.py:541} INFO - Filling up the DagBag from /home/airflow/.local/lib/python3.7/site-packages/airflow/example_dags/example_branch_day_of_week_operator.py
[2026-03-03T01:19:29.700+0000] {processor.py:809} INFO - DAG(s) dict_keys(['example_weekday_branch_operator']) retrieved from /home/airflow/.local/lib/python3.7/site-packages/airflow/example_dags/example_branch_day_of_week_operator.py
[2026-03-03T01:19:29.717+0000] {logging_mixin.py:149} INFO - [2026-03-03T01:19:29.717+0000] {dag.py:2726} INFO - Sync 1 DAGs
[2026-03-03T01:19:29.733+0000] {logging_mixin.py:149} INFO - [2026-03-03T01:19:29.733+0000] {dag.py:3490} INFO - Setting next_dagrun for example_weekday_branch_operator to 2026-03-02T00:00:00+00:00, run_after=2026-03-03T00:00:00+00:00
[2026-03-03T01:19:29.742+0000] {processor.py:178} INFO - Processing /home/airflow/.local/lib/python3.7/site-packages/airflow/example_dags/example_branch_day_of_week_operator.py took 0.054 seconds
[2026-03-03T01:20:00.433+0000] {processor.py:156} INFO - Started process (PID=1601) to work on /home/airflow/.local/lib/python3.7/site-packages/airflow/example_dags/example_branch_day_of_week_operator.py
[2026-03-03T01:20:00.434+0000] {processor.py:799} INFO - Processing file /home/airflow/.local/lib/python3.7/site-packages/airflow/example_dags/example_branch_day_of_week_operator.py for tasks to queue
[2026-03-03T01:20:00.434+0000] {logging_mixin.py:149} INFO - [2026-03-03T01:20:00.434+0000] {dagbag.py:541} INFO - Filling up the DagBag from /home/airflow/.local/lib/python3.7/site-packages/airflow/example_dags/example_branch_day_of_week_operator.py
[2026-03-03T01:20:00.440+0000] {processor.py:809} INFO - DAG(s) dict_keys(['example_weekday_branch_operator']) retrieved from /home/airflow/.local/lib/python3.7/site-packages/airflow/example_dags/example_branch_day_of_week_operator.py
[2026-03-03T01:20:00.456+0000] {logging_mixin.py:149} INFO - [2026-03-03T01:20:00.456+0000] {dag.py:2726} INFO - Sync 1 DAGs
[2026-03-03T01:20:00.470+0000] {logging_mixin.py:149} INFO - [2026-03-03T01:20:00.470+0000] {dag.py:3490} INFO - Setting next_dagrun for example_weekday_branch_operator to 2026-03-02T00:00:00+00:00, run_after=2026-03-03T00:00:00+00:00
[2026-03-03T01:20:00.479+0000] {processor.py:178} INFO - Processing /home/airflow/.local/lib/python3.7/site-packages/airflow/example_dags/example_branch_day_of_week_operator.py took 0.049 seconds
[2026-03-03T01:20:31.124+0000] {processor.py:156} INFO - Started process (PID=1663) to work on /home/airflow/.local/lib/python3.7/site-packages/airflow/example_dags/example_branch_day_of_week_operator.py
[2026-03-03T01:20:31.125+0000] {processor.py:799} INFO - Processing file /home/airflow/.local/lib/python3.7/site-packages/airflow/example_dags/example_branch_day_of_week_operator.py for tasks to queue
[2026-03-03T01:20:31.126+0000] {logging_mixin.py:149} INFO - [2026-03-03T01:20:31.126+0000] {dagbag.py:541} INFO - Filling up the DagBag from /home/airflow/.local/lib/python3.7/site-packages/airflow/example_dags/example_branch_day_of_week_operator.py
[2026-03-03T01:20:31.131+0000] {processor.py:809} INFO - DAG(s) dict_keys(['example_weekday_branch_operator']) retrieved from /home/airflow/.local/lib/python3.7/site-packages/airflow/example_dags/example_branch_day_of_week_operator.py
[2026-03-03T01:20:31.145+0000] {logging_mixin.py:149} INFO - [2026-03-03T01:20:31.145+0000] {dag.py:2726} INFO - Sync 1 DAGs
[2026-03-03T01:20:31.161+0000] {logging_mixin.py:149} INFO - [2026-03-03T01:20:31.161+0000] {dag.py:3490} INFO - Setting next_dagrun for example_weekday_branch_operator to 2026-03-02T00:00:00+00:00, run_after=2026-03-03T00:00:00+00:00
[2026-03-03T01:20:31.169+0000] {processor.py:178} INFO - Processing /home/airflow/.local/lib/python3.7/site-packages/airflow/example_dags/example_branch_day_of_week_operator.py took 0.048 seconds
[2026-03-03T01:21:01.769+0000] {processor.py:156} INFO - Started process (PID=1725) to work on /home/airflow/.local/lib/python3.7/site-packages/airflow/example_dags/example_branch_day_of_week_operator.py
[2026-03-03T01:21:01.770+0000] {processor.py:799} INFO - Processing file /home/airflow/.local/lib/python3.7/site-packages/airflow/example_dags/example_branch_day_of_week_operator.py for tasks to queue
[2026-03-03T01:21:01.770+0000] {logging_mixin.py:149} INFO - [2026-03-03T01:21:01.770+0000] {dagbag.py:541} INFO - Filling up the DagBag from /home/airflow/.local/lib/python3.7/site-packages/airflow/example_dags/example_branch_day_of_week_operator.py
[2026-03-03T01:21:01.776+0000] {processor.py:809} INFO - DAG(s) dict_keys(['example_weekday_branch_operator']) retrieved from /home/airflow/.local/lib/python3.7/site-packages/airflow/example_dags/example_branch_day_of_week_operator.py
[2026-03-03T01:21:01.793+0000] {logging_mixin.py:149} INFO - [2026-03-03T01:21:01.793+0000] {dag.py:2726} INFO - Sync 1 DAGs
[2026-03-03T01:21:01.809+0000] {logging_mixin.py:149} INFO - [2026-03-03T01:21:01.809+0000] {dag.py:3490} INFO - Setting next_dagrun for example_weekday_branch_operator to 2026-03-02T00:00:00+00:00, run_after=2026-03-03T00:00:00+00:00
[2026-03-03T01:21:01.817+0000] {processor.py:178} INFO - Processing /home/airflow/.local/lib/python3.7/site-packages/airflow/example_dags/example_branch_day_of_week_operator.py took 0.051 seconds
[2026-03-03T01:21:32.415+0000] {processor.py:156} INFO - Started process (PID=1787) to work on /home/airflow/.local/lib/python3.7/site-packages/airflow/example_dags/example_branch_day_of_week_operator.py
[2026-03-03T01:21:32.415+0000] {processor.py:799} INFO - Processing file /home/airflow/.local/lib/python3.7/site-packages/airflow/example_dags/example_branch_day_of_week_operator.py for tasks to queue
[2026-03-03T01:21:32.416+0000] {logging_mixin.py:149} INFO - [2026-03-03T01:21:32.416+0000] {dagbag.py:541} INFO - Filling up the DagBag from /home/airflow/.local/lib/python3.7/site-packages/airflow/example_dags/example_branch_day_of_week_operator.py
[2026-03-03T01:21:32.422+0000] {processor.py:809} INFO - DAG(s) dict_keys(['example_weekday_branch_operator']) retrieved from /home/airflow/.local/lib/python3.7/site-packages/airflow/example_dags/example_branch_day_of_week_operator.py
[2026-03-03T01:21:32.440+0000] {logging_mixin.py:149} INFO - [2026-03-03T01:21:32.440+0000] {dag.py:2726} INFO - Sync 1 DAGs
[2026-03-03T01:21:32.455+0000] {logging_mixin.py:149} INFO - [2026-03-03T01:21:32.455+0000] {dag.py:3490} INFO - Setting next_dagrun for example_weekday_branch_operator to 2026-03-02T00:00:00+00:00, run_after=2026-03-03T00:00:00+00:00
[2026-03-03T01:21:32.466+0000] {processor.py:178} INFO - Processing /home/airflow/.local/lib/python3.7/site-packages/airflow/example_dags/example_branch_day_of_week_operator.py took 0.055 seconds
[2026-03-03T01:22:02.512+0000] {processor.py:156} INFO - Started process (PID=1849) to work on /home/airflow/.local/lib/python3.7/site-packages/airflow/example_dags/example_branch_day_of_week_operator.py
[2026-03-03T01:22:02.514+0000] {processor.py:799} INFO - Processing file /home/airflow/.local/lib/python3.7/site-packages/airflow/example_dags/example_branch_day_of_week_operator.py for tasks to queue
[2026-03-03T01:22:02.517+0000] {logging_mixin.py:149} INFO - [2026-03-03T01:22:02.516+0000] {dagbag.py:541} INFO - Filling up the DagBag from /home/airflow/.local/lib/python3.7/site-packages/airflow/example_dags/example_branch_day_of_week_operator.py
[2026-03-03T01:22:02.536+0000] {processor.py:809} INFO - DAG(s) dict_keys(['example_weekday_branch_operator']) retrieved from /home/airflow/.local/lib/python3.7/site-packages/airflow/example_dags/example_branch_day_of_week_operator.py
[2026-03-03T01:22:02.596+0000] {logging_mixin.py:149} INFO - [2026-03-03T01:22:02.596+0000] {dag.py:2726} INFO - Sync 1 DAGs
[2026-03-03T01:22:02.663+0000] {logging_mixin.py:149} INFO - [2026-03-03T01:22:02.662+0000] {dag.py:3490} INFO - Setting next_dagrun for example_weekday_branch_operator to 2026-03-02T00:00:00+00:00, run_after=2026-03-03T00:00:00+00:00
[2026-03-03T01:22:02.719+0000] {processor.py:178} INFO - Processing /home/airflow/.local/lib/python3.7/site-packages/airflow/example_dags/example_branch_day_of_week_operator.py took 0.215 seconds
[2026-03-03T01:22:33.140+0000] {processor.py:156} INFO - Started process (PID=1911) to work on /home/airflow/.local/lib/python3.7/site-packages/airflow/example_dags/example_branch_day_of_week_operator.py
[2026-03-03T01:22:33.144+0000] {processor.py:799} INFO - Processing file /home/airflow/.local/lib/python3.7/site-packages/airflow/example_dags/example_branch_day_of_week_operator.py for tasks to queue
[2026-03-03T01:22:33.146+0000] {logging_mixin.py:149} INFO - [2026-03-03T01:22:33.145+0000] {dagbag.py:541} INFO - Filling up the DagBag from /home/airflow/.local/lib/python3.7/site-packages/airflow/example_dags/example_branch_day_of_week_operator.py
[2026-03-03T01:22:33.166+0000] {processor.py:809} INFO - DAG(s) dict_keys(['example_weekday_branch_operator']) retrieved from /home/airflow/.local/lib/python3.7/site-packages/airflow/example_dags/example_branch_day_of_week_operator.py
[2026-03-03T01:22:33.243+0000] {logging_mixin.py:149} INFO - [2026-03-03T01:22:33.243+0000] {dag.py:2726} INFO - Sync 1 DAGs
[2026-03-03T01:22:33.320+0000] {logging_mixin.py:149} INFO - [2026-03-03T01:22:33.319+0000] {dag.py:3490} INFO - Setting next_dagrun for example_weekday_branch_operator to 2026-03-02T00:00:00+00:00, run_after=2026-03-03T00:00:00+00:00
[2026-03-03T01:22:33.386+0000] {processor.py:178} INFO - Processing /home/airflow/.local/lib/python3.7/site-packages/airflow/example_dags/example_branch_day_of_week_operator.py took 0.256 seconds
[2026-03-03T01:23:04.211+0000] {processor.py:156} INFO - Started process (PID=1973) to work on /home/airflow/.local/lib/python3.7/site-packages/airflow/example_dags/example_branch_day_of_week_operator.py
[2026-03-03T01:23:04.213+0000] {processor.py:799} INFO - Processing file /home/airflow/.local/lib/python3.7/site-packages/airflow/example_dags/example_branch_day_of_week_operator.py for tasks to queue
[2026-03-03T01:23:04.217+0000] {logging_mixin.py:149} INFO - [2026-03-03T01:23:04.216+0000] {dagbag.py:541} INFO - Filling up the DagBag from /home/airflow/.local/lib/python3.7/site-packages/airflow/example_dags/example_branch_day_of_week_operator.py
[2026-03-03T01:23:04.247+0000] {processor.py:809} INFO - DAG(s) dict_keys(['example_weekday_branch_operator']) retrieved from /home/airflow/.local/lib/python3.7/site-packages/airflow/example_dags/example_branch_day_of_week_operator.py
[2026-03-03T01:23:04.334+0000] {logging_mixin.py:149} INFO - [2026-03-03T01:23:04.333+0000] {dag.py:2726} INFO - Sync 1 DAGs
[2026-03-03T01:23:04.407+0000] {logging_mixin.py:149} INFO - [2026-03-03T01:23:04.406+0000] {dag.py:3490} INFO - Setting next_dagrun for example_weekday_branch_operator to 2026-03-02T00:00:00+00:00, run_after=2026-03-03T00:00:00+00:00
[2026-03-03T01:23:04.483+0000] {processor.py:178} INFO - Processing /home/airflow/.local/lib/python3.7/site-packages/airflow/example_dags/example_branch_day_of_week_operator.py took 0.279 seconds
[2026-03-03T01:23:34.758+0000] {processor.py:156} INFO - Started process (PID=2034) to work on /home/airflow/.local/lib/python3.7/site-packages/airflow/example_dags/example_branch_day_of_week_operator.py
[2026-03-03T01:23:34.760+0000] {processor.py:799} INFO - Processing file /home/airflow/.local/lib/python3.7/site-packages/airflow/example_dags/example_branch_day_of_week_operator.py for tasks to queue
[2026-03-03T01:23:34.763+0000] {logging_mixin.py:149} INFO - [2026-03-03T01:23:34.762+0000] {dagbag.py:541} INFO - Filling up the DagBag from /home/airflow/.local/lib/python3.7/site-packages/airflow/example_dags/example_branch_day_of_week_operator.py
[2026-03-03T01:23:34.783+0000] {processor.py:809} INFO - DAG(s) dict_keys(['example_weekday_branch_operator']) retrieved from /home/airflow/.local/lib/python3.7/site-packages/airflow/example_dags/example_branch_day_of_week_operator.py
[2026-03-03T01:23:34.848+0000] {logging_mixin.py:149} INFO - [2026-03-03T01:23:34.847+0000] {dag.py:2726} INFO - Sync 1 DAGs
[2026-03-03T01:23:34.922+0000] {logging_mixin.py:149} INFO - [2026-03-03T01:23:34.921+0000] {dag.py:3490} INFO - Setting next_dagrun for example_weekday_branch_operator to 2026-03-02T00:00:00+00:00, run_after=2026-03-03T00:00:00+00:00
[2026-03-03T01:23:34.996+0000] {processor.py:178} INFO - Processing /home/airflow/.local/lib/python3.7/site-packages/airflow/example_dags/example_branch_day_of_week_operator.py took 0.244 seconds
[2026-03-03T01:24:05.992+0000] {processor.py:156} INFO - Started process (PID=2096) to work on /home/airflow/.local/lib/python3.7/site-packages/airflow/example_dags/example_branch_day_of_week_operator.py
[2026-03-03T01:24:05.995+0000] {processor.py:799} INFO - Processing file /home/airflow/.local/lib/python3.7/site-packages/airflow/example_dags/example_branch_day_of_week_operator.py for tasks to queue
[2026-03-03T01:24:05.998+0000] {logging_mixin.py:149} INFO - [2026-03-03T01:24:05.998+0000] {dagbag.py:541} INFO - Filling up the DagBag from /home/airflow/.local/lib/python3.7/site-packages/airflow/example_dags/example_branch_day_of_week_operator.py
[2026-03-03T01:24:06.020+0000] {processor.py:809} INFO - DAG(s) dict_keys(['example_weekday_branch_operator']) retrieved from /home/airflow/.local/lib/python3.7/site-packages/airflow/example_dags/example_branch_day_of_week_operator.py
[2026-03-03T01:24:06.081+0000] {logging_mixin.py:149} INFO - [2026-03-03T01:24:06.081+0000] {dag.py:2726} INFO - Sync 1 DAGs
[2026-03-03T01:24:06.157+0000] {logging_mixin.py:149} INFO - [2026-03-03T01:24:06.157+0000] {dag.py:3490} INFO - Setting next_dagrun for example_weekday_branch_operator to 2026-03-02T00:00:00+00:00, run_after=2026-03-03T00:00:00+00:00
[2026-03-03T01:24:06.229+0000] {processor.py:178} INFO - Processing /home/airflow/.local/lib/python3.7/site-packages/airflow/example_dags/example_branch_day_of_week_operator.py took 0.243 seconds
[2026-03-03T01:24:36.961+0000] {processor.py:156} INFO - Started process (PID=2158) to work on /home/airflow/.local/lib/python3.7/site-packages/airflow/example_dags/example_branch_day_of_week_operator.py
[2026-03-03T01:24:36.964+0000] {processor.py:799} INFO - Processing file /home/airflow/.local/lib/python3.7/site-packages/airflow/example_dags/example_branch_day_of_week_operator.py for tasks to queue
[2026-03-03T01:24:36.968+0000] {logging_mixin.py:149} INFO - [2026-03-03T01:24:36.968+0000] {dagbag.py:541} INFO - Filling up the DagBag from /home/airflow/.local/lib/python3.7/site-packages/airflow/example_dags/example_branch_day_of_week_operator.py
[2026-03-03T01:24:36.990+0000] {processor.py:809} INFO - DAG(s) dict_keys(['example_weekday_branch_operator']) retrieved from /home/airflow/.local/lib/python3.7/site-packages/airflow/example_dags/example_branch_day_of_week_operator.py
[2026-03-03T01:24:37.055+0000] {logging_mixin.py:149} INFO - [2026-03-03T01:24:37.055+0000] {dag.py:2726} INFO - Sync 1 DAGs
[2026-03-03T01:24:37.128+0000] {logging_mixin.py:149} INFO - [2026-03-03T01:24:37.127+0000] {dag.py:3490} INFO - Setting next_dagrun for example_weekday_branch_operator to 2026-03-02T00:00:00+00:00, run_after=2026-03-03T00:00:00+00:00
[2026-03-03T01:24:37.188+0000] {processor.py:178} INFO - Processing /home/airflow/.local/lib/python3.7/site-packages/airflow/example_dags/example_branch_day_of_week_operator.py took 0.234 seconds
[2026-03-03T01:25:08.089+0000] {processor.py:156} INFO - Started process (PID=2221) to work on /home/airflow/.local/lib/python3.7/site-packages/airflow/example_dags/example_branch_day_of_week_operator.py
[2026-03-03T01:25:08.092+0000] {processor.py:799} INFO - Processing file /home/airflow/.local/lib/python3.7/site-packages/airflow/example_dags/example_branch_day_of_week_operator.py for tasks to queue
[2026-03-03T01:25:08.094+0000] {logging_mixin.py:149} INFO - [2026-03-03T01:25:08.094+0000] {dagbag.py:541} INFO - Filling up the DagBag from /home/airflow/.local/lib/python3.7/site-packages/airflow/example_dags/example_branch_day_of_week_operator.py
[2026-03-03T01:25:08.113+0000] {processor.py:809} INFO - DAG(s) dict_keys(['example_weekday_branch_operator']) retrieved from /home/airflow/.local/lib/python3.7/site-packages/airflow/example_dags/example_branch_day_of_week_operator.py
[2026-03-03T01:25:08.178+0000] {logging_mixin.py:149} INFO - [2026-03-03T01:25:08.177+0000] {dag.py:2726} INFO - Sync 1 DAGs
[2026-03-03T01:25:08.252+0000] {logging_mixin.py:149} INFO - [2026-03-03T01:25:08.251+0000] {dag.py:3490} INFO - Setting next_dagrun for example_weekday_branch_operator to 2026-03-02T00:00:00+00:00, run_after=2026-03-03T00:00:00+00:00
[2026-03-03T01:25:08.323+0000] {processor.py:178} INFO - Processing /home/airflow/.local/lib/python3.7/site-packages/airflow/example_dags/example_branch_day_of_week_operator.py took 0.242 seconds
[2026-03-03T01:25:39.222+0000] {processor.py:156} INFO - Started process (PID=2283) to work on /home/airflow/.local/lib/python3.7/site-packages/airflow/example_dags/example_branch_day_of_week_operator.py
[2026-03-03T01:25:39.224+0000] {processor.py:799} INFO - Processing file /home/airflow/.local/lib/python3.7/site-packages/airflow/example_dags/example_branch_day_of_week_operator.py for tasks to queue
[2026-03-03T01:25:39.226+0000] {logging_mixin.py:149} INFO - [2026-03-03T01:25:39.226+0000] {dagbag.py:541} INFO - Filling up the DagBag from /home/airflow/.local/lib/python3.7/site-packages/airflow/example_dags/example_branch_day_of_week_operator.py
[2026-03-03T01:25:39.233+0000] {processor.py:809} INFO - DAG(s) dict_keys(['example_weekday_branch_operator']) retrieved from /home/airflow/.local/lib/python3.7/site-packages/airflow/example_dags/example_branch_day_of_week_operator.py
[2026-03-03T01:25:39.258+0000] {logging_mixin.py:149} INFO - [2026-03-03T01:25:39.257+0000] {dag.py:2726} INFO - Sync 1 DAGs
[2026-03-03T01:25:39.274+0000] {logging_mixin.py:149} INFO - [2026-03-03T01:25:39.274+0000] {dag.py:3490} INFO - Setting next_dagrun for example_weekday_branch_operator to 2026-03-02T00:00:00+00:00, run_after=2026-03-03T00:00:00+00:00
[2026-03-03T01:25:39.285+0000] {processor.py:178} INFO - Processing /home/airflow/.local/lib/python3.7/site-packages/airflow/example_dags/example_branch_day_of_week_operator.py took 0.068 seconds
[2026-03-03T01:26:09.949+0000] {processor.py:156} INFO - Started process (PID=2345) to work on /home/airflow/.local/lib/python3.7/site-packages/airflow/example_dags/example_branch_day_of_week_operator.py
[2026-03-03T01:26:09.950+0000] {processor.py:799} INFO - Processing file /home/airflow/.local/lib/python3.7/site-packages/airflow/example_dags/example_branch_day_of_week_operator.py for tasks to queue
[2026-03-03T01:26:09.951+0000] {logging_mixin.py:149} INFO - [2026-03-03T01:26:09.951+0000] {dagbag.py:541} INFO - Filling up the DagBag from /home/airflow/.local/lib/python3.7/site-packages/airflow/example_dags/example_branch_day_of_week_operator.py
[2026-03-03T01:26:09.956+0000] {processor.py:809} INFO - DAG(s) dict_keys(['example_weekday_branch_operator']) retrieved from /home/airflow/.local/lib/python3.7/site-packages/airflow/example_dags/example_branch_day_of_week_operator.py
[2026-03-03T01:26:09.969+0000] {logging_mixin.py:149} INFO - [2026-03-03T01:26:09.969+0000] {dag.py:2726} INFO - Sync 1 DAGs
[2026-03-03T01:26:09.981+0000] {logging_mixin.py:149} INFO - [2026-03-03T01:26:09.981+0000] {dag.py:3490} INFO - Setting next_dagrun for example_weekday_branch_operator to 2026-03-02T00:00:00+00:00, run_after=2026-03-03T00:00:00+00:00
[2026-03-03T01:26:09.989+0000] {processor.py:178} INFO - Processing /home/airflow/.local/lib/python3.7/site-packages/airflow/example_dags/example_branch_day_of_week_operator.py took 0.043 seconds
[2026-03-03T01:26:40.481+0000] {processor.py:156} INFO - Started process (PID=2407) to work on /home/airflow/.local/lib/python3.7/site-packages/airflow/example_dags/example_branch_day_of_week_operator.py
[2026-03-03T01:26:40.483+0000] {processor.py:799} INFO - Processing file /home/airflow/.local/lib/python3.7/site-packages/airflow/example_dags/example_branch_day_of_week_operator.py for tasks to queue
[2026-03-03T01:26:40.484+0000] {logging_mixin.py:149} INFO - [2026-03-03T01:26:40.483+0000] {dagbag.py:541} INFO - Filling up the DagBag from /home/airflow/.local/lib/python3.7/site-packages/airflow/example_dags/example_branch_day_of_week_operator.py
[2026-03-03T01:26:40.490+0000] {processor.py:809} INFO - DAG(s) dict_keys(['example_weekday_branch_operator']) retrieved from /home/airflow/.local/lib/python3.7/site-packages/airflow/example_dags/example_branch_day_of_week_operator.py
[2026-03-03T01:26:40.508+0000] {logging_mixin.py:149} INFO - [2026-03-03T01:26:40.508+0000] {dag.py:2726} INFO - Sync 1 DAGs
[2026-03-03T01:26:40.523+0000] {logging_mixin.py:149} INFO - [2026-03-03T01:26:40.523+0000] {dag.py:3490} INFO - Setting next_dagrun for example_weekday_branch_operator to 2026-03-02T00:00:00+00:00, run_after=2026-03-03T00:00:00+00:00
[2026-03-03T01:26:40.533+0000] {processor.py:178} INFO - Processing /home/airflow/.local/lib/python3.7/site-packages/airflow/example_dags/example_branch_day_of_week_operator.py took 0.056 seconds
[2026-03-03T01:27:11.399+0000] {processor.py:156} INFO - Started process (PID=2468) to work on /home/airflow/.local/lib/python3.7/site-packages/airflow/example_dags/example_branch_day_of_week_operator.py
[2026-03-03T01:27:11.400+0000] {processor.py:799} INFO - Processing file /home/airflow/.local/lib/python3.7/site-packages/airflow/example_dags/example_branch_day_of_week_operator.py for tasks to queue
[2026-03-03T01:27:11.403+0000] {logging_mixin.py:149} INFO - [2026-03-03T01:27:11.403+0000] {dagbag.py:541} INFO - Filling up the DagBag from /home/airflow/.local/lib/python3.7/site-packages/airflow/example_dags/example_branch_day_of_week_operator.py
[2026-03-03T01:27:11.407+0000] {processor.py:809} INFO - DAG(s) dict_keys(['example_weekday_branch_operator']) retrieved from /home/airflow/.local/lib/python3.7/site-packages/airflow/example_dags/example_branch_day_of_week_operator.py
[2026-03-03T01:27:11.426+0000] {logging_mixin.py:149} INFO - [2026-03-03T01:27:11.425+0000] {dag.py:2726} INFO - Sync 1 DAGs
[2026-03-03T01:27:11.442+0000] {logging_mixin.py:149} INFO - [2026-03-03T01:27:11.442+0000] {dag.py:3490} INFO - Setting next_dagrun for example_weekday_branch_operator to 2026-03-02T00:00:00+00:00, run_after=2026-03-03T00:00:00+00:00
[2026-03-03T01:27:11.451+0000] {processor.py:178} INFO - Processing /home/airflow/.local/lib/python3.7/site-packages/airflow/example_dags/example_branch_day_of_week_operator.py took 0.054 seconds
[2026-03-03T01:27:41.773+0000] {processor.py:156} INFO - Started process (PID=2530) to work on /home/airflow/.local/lib/python3.7/site-packages/airflow/example_dags/example_branch_day_of_week_operator.py
[2026-03-03T01:27:41.776+0000] {processor.py:799} INFO - Processing file /home/airflow/.local/lib/python3.7/site-packages/airflow/example_dags/example_branch_day_of_week_operator.py for tasks to queue
[2026-03-03T01:27:41.778+0000] {logging_mixin.py:149} INFO - [2026-03-03T01:27:41.778+0000] {dagbag.py:541} INFO - Filling up the DagBag from /home/airflow/.local/lib/python3.7/site-packages/airflow/example_dags/example_branch_day_of_week_operator.py
[2026-03-03T01:27:41.814+0000] {processor.py:809} INFO - DAG(s) dict_keys(['example_weekday_branch_operator']) retrieved from /home/airflow/.local/lib/python3.7/site-packages/airflow/example_dags/example_branch_day_of_week_operator.py
[2026-03-03T01:27:41.886+0000] {logging_mixin.py:149} INFO - [2026-03-03T01:27:41.885+0000] {dag.py:2726} INFO - Sync 1 DAGs
[2026-03-03T01:27:41.951+0000] {logging_mixin.py:149} INFO - [2026-03-03T01:27:41.951+0000] {dag.py:3490} INFO - Setting next_dagrun for example_weekday_branch_operator to 2026-03-02T00:00:00+00:00, run_after=2026-03-03T00:00:00+00:00
[2026-03-03T01:27:42.015+0000] {processor.py:178} INFO - Processing /home/airflow/.local/lib/python3.7/site-packages/airflow/example_dags/example_branch_day_of_week_operator.py took 0.251 seconds
[2026-03-03T01:28:12.816+0000] {processor.py:156} INFO - Started process (PID=2592) to work on /home/airflow/.local/lib/python3.7/site-packages/airflow/example_dags/example_branch_day_of_week_operator.py
[2026-03-03T01:28:12.819+0000] {processor.py:799} INFO - Processing file /home/airflow/.local/lib/python3.7/site-packages/airflow/example_dags/example_branch_day_of_week_operator.py for tasks to queue
[2026-03-03T01:28:12.819+0000] {logging_mixin.py:149} INFO - [2026-03-03T01:28:12.819+0000] {dagbag.py:541} INFO - Filling up the DagBag from /home/airflow/.local/lib/python3.7/site-packages/airflow/example_dags/example_branch_day_of_week_operator.py
[2026-03-03T01:28:12.827+0000] {processor.py:809} INFO - DAG(s) dict_keys(['example_weekday_branch_operator']) retrieved from /home/airflow/.local/lib/python3.7/site-packages/airflow/example_dags/example_branch_day_of_week_operator.py
[2026-03-03T01:28:12.846+0000] {logging_mixin.py:149} INFO - [2026-03-03T01:28:12.846+0000] {dag.py:2726} INFO - Sync 1 DAGs
[2026-03-03T01:28:12.861+0000] {logging_mixin.py:149} INFO - [2026-03-03T01:28:12.861+0000] {dag.py:3490} INFO - Setting next_dagrun for example_weekday_branch_operator to 2026-03-02T00:00:00+00:00, run_after=2026-03-03T00:00:00+00:00
[2026-03-03T01:28:12.870+0000] {processor.py:178} INFO - Processing /home/airflow/.local/lib/python3.7/site-packages/airflow/example_dags/example_branch_day_of_week_operator.py took 0.058 seconds
[2026-03-03T01:28:43.104+0000] {processor.py:156} INFO - Started process (PID=2654) to work on /home/airflow/.local/lib/python3.7/site-packages/airflow/example_dags/example_branch_day_of_week_operator.py
[2026-03-03T01:28:43.107+0000] {processor.py:799} INFO - Processing file /home/airflow/.local/lib/python3.7/site-packages/airflow/example_dags/example_branch_day_of_week_operator.py for tasks to queue
[2026-03-03T01:28:43.109+0000] {logging_mixin.py:149} INFO - [2026-03-03T01:28:43.108+0000] {dagbag.py:541} INFO - Filling up the DagBag from /home/airflow/.local/lib/python3.7/site-packages/airflow/example_dags/example_branch_day_of_week_operator.py
[2026-03-03T01:28:43.125+0000] {processor.py:809} INFO - DAG(s) dict_keys(['example_weekday_branch_operator']) retrieved from /home/airflow/.local/lib/python3.7/site-packages/airflow/example_dags/example_branch_day_of_week_operator.py
[2026-03-03T01:28:43.179+0000] {logging_mixin.py:149} INFO - [2026-03-03T01:28:43.178+0000] {dag.py:2726} INFO - Sync 1 DAGs
[2026-03-03T01:28:43.244+0000] {logging_mixin.py:149} INFO - [2026-03-03T01:28:43.243+0000] {dag.py:3490} INFO - Setting next_dagrun for example_weekday_branch_operator to 2026-03-02T00:00:00+00:00, run_after=2026-03-03T00:00:00+00:00
[2026-03-03T01:28:43.297+0000] {processor.py:178} INFO - Processing /home/airflow/.local/lib/python3.7/site-packages/airflow/example_dags/example_branch_day_of_week_operator.py took 0.200 seconds
[2026-03-03T01:29:13.789+0000] {processor.py:156} INFO - Started process (PID=2716) to work on /home/airflow/.local/lib/python3.7/site-packages/airflow/example_dags/example_branch_day_of_week_operator.py
[2026-03-03T01:29:13.791+0000] {processor.py:799} INFO - Processing file /home/airflow/.local/lib/python3.7/site-packages/airflow/example_dags/example_branch_day_of_week_operator.py for tasks to queue
[2026-03-03T01:29:13.793+0000] {logging_mixin.py:149} INFO - [2026-03-03T01:29:13.793+0000] {dagbag.py:541} INFO - Filling up the DagBag from /home/airflow/.local/lib/python3.7/site-packages/airflow/example_dags/example_branch_day_of_week_operator.py
[2026-03-03T01:29:13.802+0000] {processor.py:809} INFO - DAG(s) dict_keys(['example_weekday_branch_operator']) retrieved from /home/airflow/.local/lib/python3.7/site-packages/airflow/example_dags/example_branch_day_of_week_operator.py
[2026-03-03T01:29:13.821+0000] {logging_mixin.py:149} INFO - [2026-03-03T01:29:13.821+0000] {dag.py:2726} INFO - Sync 1 DAGs
[2026-03-03T01:29:13.836+0000] {logging_mixin.py:149} INFO - [2026-03-03T01:29:13.835+0000] {dag.py:3490} INFO - Setting next_dagrun for example_weekday_branch_operator to 2026-03-02T00:00:00+00:00, run_after=2026-03-03T00:00:00+00:00
[2026-03-03T01:29:13.846+0000] {processor.py:178} INFO - Processing /home/airflow/.local/lib/python3.7/site-packages/airflow/example_dags/example_branch_day_of_week_operator.py took 0.060 seconds
