[2026-03-03T00:56:02.922+0000] {processor.py:156} INFO - Started process (PID=40) to work on /home/airflow/.local/lib/python3.7/site-packages/airflow/example_dags/example_local_kubernetes_executor.py
[2026-03-03T00:56:02.923+0000] {processor.py:799} INFO - Processing file /home/airflow/.local/lib/python3.7/site-packages/airflow/example_dags/example_local_kubernetes_executor.py for tasks to queue
[2026-03-03T00:56:02.923+0000] {logging_mixin.py:149} INFO - [2026-03-03T00:56:02.923+0000] {dagbag.py:541} INFO - Filling up the DagBag from /home/airflow/.local/lib/python3.7/site-packages/airflow/example_dags/example_local_kubernetes_executor.py
[2026-03-03T00:56:03.569+0000] {processor.py:809} INFO - DAG(s) dict_keys(['example_local_kubernetes_executor']) retrieved from /home/airflow/.local/lib/python3.7/site-packages/airflow/example_dags/example_local_kubernetes_executor.py
[2026-03-03T00:56:03.580+0000] {logging_mixin.py:149} INFO - [2026-03-03T00:56:03.580+0000] {dag.py:2726} INFO - Sync 1 DAGs
[2026-03-03T00:56:03.601+0000] {logging_mixin.py:149} INFO - [2026-03-03T00:56:03.600+0000] {dag.py:3490} INFO - Setting next_dagrun for example_local_kubernetes_executor to None, run_after=None
[2026-03-03T00:56:03.621+0000] {processor.py:178} INFO - Processing /home/airflow/.local/lib/python3.7/site-packages/airflow/example_dags/example_local_kubernetes_executor.py took 0.702 seconds
[2026-03-03T00:56:33.862+0000] {processor.py:156} INFO - Started process (PID=103) to work on /home/airflow/.local/lib/python3.7/site-packages/airflow/example_dags/example_local_kubernetes_executor.py
[2026-03-03T00:56:33.863+0000] {processor.py:799} INFO - Processing file /home/airflow/.local/lib/python3.7/site-packages/airflow/example_dags/example_local_kubernetes_executor.py for tasks to queue
[2026-03-03T00:56:33.865+0000] {logging_mixin.py:149} INFO - [2026-03-03T00:56:33.865+0000] {dagbag.py:541} INFO - Filling up the DagBag from /home/airflow/.local/lib/python3.7/site-packages/airflow/example_dags/example_local_kubernetes_executor.py
[2026-03-03T00:56:34.282+0000] {processor.py:809} INFO - DAG(s) dict_keys(['example_local_kubernetes_executor']) retrieved from /home/airflow/.local/lib/python3.7/site-packages/airflow/example_dags/example_local_kubernetes_executor.py
[2026-03-03T00:56:34.388+0000] {logging_mixin.py:149} INFO - [2026-03-03T00:56:34.388+0000] {dag.py:2726} INFO - Sync 1 DAGs
[2026-03-03T00:56:34.458+0000] {logging_mixin.py:149} INFO - [2026-03-03T00:56:34.457+0000] {dag.py:3490} INFO - Setting next_dagrun for example_local_kubernetes_executor to None, run_after=None
[2026-03-03T00:56:34.514+0000] {processor.py:178} INFO - Processing /home/airflow/.local/lib/python3.7/site-packages/airflow/example_dags/example_local_kubernetes_executor.py took 0.657 seconds
[2026-03-03T00:57:05.156+0000] {processor.py:156} INFO - Started process (PID=166) to work on /home/airflow/.local/lib/python3.7/site-packages/airflow/example_dags/example_local_kubernetes_executor.py
[2026-03-03T00:57:05.157+0000] {processor.py:799} INFO - Processing file /home/airflow/.local/lib/python3.7/site-packages/airflow/example_dags/example_local_kubernetes_executor.py for tasks to queue
[2026-03-03T00:57:05.158+0000] {logging_mixin.py:149} INFO - [2026-03-03T00:57:05.158+0000] {dagbag.py:541} INFO - Filling up the DagBag from /home/airflow/.local/lib/python3.7/site-packages/airflow/example_dags/example_local_kubernetes_executor.py
[2026-03-03T00:57:05.287+0000] {processor.py:809} INFO - DAG(s) dict_keys(['example_local_kubernetes_executor']) retrieved from /home/airflow/.local/lib/python3.7/site-packages/airflow/example_dags/example_local_kubernetes_executor.py
[2026-03-03T00:57:05.313+0000] {logging_mixin.py:149} INFO - [2026-03-03T00:57:05.313+0000] {dag.py:2726} INFO - Sync 1 DAGs
[2026-03-03T00:57:05.328+0000] {logging_mixin.py:149} INFO - [2026-03-03T00:57:05.328+0000] {dag.py:3490} INFO - Setting next_dagrun for example_local_kubernetes_executor to None, run_after=None
[2026-03-03T00:57:05.350+0000] {processor.py:178} INFO - Processing /home/airflow/.local/lib/python3.7/site-packages/airflow/example_dags/example_local_kubernetes_executor.py took 0.198 seconds
[2026-03-03T00:57:36.004+0000] {processor.py:156} INFO - Started process (PID=228) to work on /home/airflow/.local/lib/python3.7/site-packages/airflow/example_dags/example_local_kubernetes_executor.py
[2026-03-03T00:57:36.006+0000] {processor.py:799} INFO - Processing file /home/airflow/.local/lib/python3.7/site-packages/airflow/example_dags/example_local_kubernetes_executor.py for tasks to queue
[2026-03-03T00:57:36.006+0000] {logging_mixin.py:149} INFO - [2026-03-03T00:57:36.006+0000] {dagbag.py:541} INFO - Filling up the DagBag from /home/airflow/.local/lib/python3.7/site-packages/airflow/example_dags/example_local_kubernetes_executor.py
[2026-03-03T00:57:36.117+0000] {processor.py:809} INFO - DAG(s) dict_keys(['example_local_kubernetes_executor']) retrieved from /home/airflow/.local/lib/python3.7/site-packages/airflow/example_dags/example_local_kubernetes_executor.py
[2026-03-03T00:57:36.144+0000] {logging_mixin.py:149} INFO - [2026-03-03T00:57:36.144+0000] {dag.py:2726} INFO - Sync 1 DAGs
[2026-03-03T00:57:36.161+0000] {logging_mixin.py:149} INFO - [2026-03-03T00:57:36.161+0000] {dag.py:3490} INFO - Setting next_dagrun for example_local_kubernetes_executor to None, run_after=None
[2026-03-03T00:57:36.180+0000] {processor.py:178} INFO - Processing /home/airflow/.local/lib/python3.7/site-packages/airflow/example_dags/example_local_kubernetes_executor.py took 0.179 seconds
[2026-03-03T00:58:06.432+0000] {processor.py:156} INFO - Started process (PID=290) to work on /home/airflow/.local/lib/python3.7/site-packages/airflow/example_dags/example_local_kubernetes_executor.py
[2026-03-03T00:58:06.434+0000] {processor.py:799} INFO - Processing file /home/airflow/.local/lib/python3.7/site-packages/airflow/example_dags/example_local_kubernetes_executor.py for tasks to queue
[2026-03-03T00:58:06.436+0000] {logging_mixin.py:149} INFO - [2026-03-03T00:58:06.435+0000] {dagbag.py:541} INFO - Filling up the DagBag from /home/airflow/.local/lib/python3.7/site-packages/airflow/example_dags/example_local_kubernetes_executor.py
[2026-03-03T00:58:06.827+0000] {processor.py:809} INFO - DAG(s) dict_keys(['example_local_kubernetes_executor']) retrieved from /home/airflow/.local/lib/python3.7/site-packages/airflow/example_dags/example_local_kubernetes_executor.py
[2026-03-03T00:58:06.903+0000] {logging_mixin.py:149} INFO - [2026-03-03T00:58:06.902+0000] {dag.py:2726} INFO - Sync 1 DAGs
[2026-03-03T00:58:06.968+0000] {logging_mixin.py:149} INFO - [2026-03-03T00:58:06.967+0000] {dag.py:3490} INFO - Setting next_dagrun for example_local_kubernetes_executor to None, run_after=None
[2026-03-03T00:58:07.013+0000] {processor.py:178} INFO - Processing /home/airflow/.local/lib/python3.7/site-packages/airflow/example_dags/example_local_kubernetes_executor.py took 0.587 seconds
[2026-03-03T00:58:37.304+0000] {processor.py:156} INFO - Started process (PID=352) to work on /home/airflow/.local/lib/python3.7/site-packages/airflow/example_dags/example_local_kubernetes_executor.py
[2026-03-03T00:58:37.305+0000] {processor.py:799} INFO - Processing file /home/airflow/.local/lib/python3.7/site-packages/airflow/example_dags/example_local_kubernetes_executor.py for tasks to queue
[2026-03-03T00:58:37.306+0000] {logging_mixin.py:149} INFO - [2026-03-03T00:58:37.306+0000] {dagbag.py:541} INFO - Filling up the DagBag from /home/airflow/.local/lib/python3.7/site-packages/airflow/example_dags/example_local_kubernetes_executor.py
[2026-03-03T00:58:37.386+0000] {processor.py:809} INFO - DAG(s) dict_keys(['example_local_kubernetes_executor']) retrieved from /home/airflow/.local/lib/python3.7/site-packages/airflow/example_dags/example_local_kubernetes_executor.py
[2026-03-03T00:58:37.406+0000] {logging_mixin.py:149} INFO - [2026-03-03T00:58:37.406+0000] {dag.py:2726} INFO - Sync 1 DAGs
[2026-03-03T00:58:37.418+0000] {logging_mixin.py:149} INFO - [2026-03-03T00:58:37.418+0000] {dag.py:3490} INFO - Setting next_dagrun for example_local_kubernetes_executor to None, run_after=None
[2026-03-03T00:58:37.430+0000] {processor.py:178} INFO - Processing /home/airflow/.local/lib/python3.7/site-packages/airflow/example_dags/example_local_kubernetes_executor.py took 0.129 seconds
[2026-03-03T00:59:08.334+0000] {processor.py:156} INFO - Started process (PID=414) to work on /home/airflow/.local/lib/python3.7/site-packages/airflow/example_dags/example_local_kubernetes_executor.py
[2026-03-03T00:59:08.335+0000] {processor.py:799} INFO - Processing file /home/airflow/.local/lib/python3.7/site-packages/airflow/example_dags/example_local_kubernetes_executor.py for tasks to queue
[2026-03-03T00:59:08.335+0000] {logging_mixin.py:149} INFO - [2026-03-03T00:59:08.335+0000] {dagbag.py:541} INFO - Filling up the DagBag from /home/airflow/.local/lib/python3.7/site-packages/airflow/example_dags/example_local_kubernetes_executor.py
[2026-03-03T00:59:08.439+0000] {processor.py:809} INFO - DAG(s) dict_keys(['example_local_kubernetes_executor']) retrieved from /home/airflow/.local/lib/python3.7/site-packages/airflow/example_dags/example_local_kubernetes_executor.py
[2026-03-03T00:59:08.463+0000] {logging_mixin.py:149} INFO - [2026-03-03T00:59:08.462+0000] {dag.py:2726} INFO - Sync 1 DAGs
[2026-03-03T00:59:08.480+0000] {logging_mixin.py:149} INFO - [2026-03-03T00:59:08.480+0000] {dag.py:3490} INFO - Setting next_dagrun for example_local_kubernetes_executor to None, run_after=None
[2026-03-03T00:59:08.496+0000] {processor.py:178} INFO - Processing /home/airflow/.local/lib/python3.7/site-packages/airflow/example_dags/example_local_kubernetes_executor.py took 0.168 seconds
[2026-03-03T00:59:39.126+0000] {processor.py:156} INFO - Started process (PID=476) to work on /home/airflow/.local/lib/python3.7/site-packages/airflow/example_dags/example_local_kubernetes_executor.py
[2026-03-03T00:59:39.127+0000] {processor.py:799} INFO - Processing file /home/airflow/.local/lib/python3.7/site-packages/airflow/example_dags/example_local_kubernetes_executor.py for tasks to queue
[2026-03-03T00:59:39.128+0000] {logging_mixin.py:149} INFO - [2026-03-03T00:59:39.128+0000] {dagbag.py:541} INFO - Filling up the DagBag from /home/airflow/.local/lib/python3.7/site-packages/airflow/example_dags/example_local_kubernetes_executor.py
[2026-03-03T00:59:39.214+0000] {processor.py:809} INFO - DAG(s) dict_keys(['example_local_kubernetes_executor']) retrieved from /home/airflow/.local/lib/python3.7/site-packages/airflow/example_dags/example_local_kubernetes_executor.py
[2026-03-03T00:59:39.239+0000] {logging_mixin.py:149} INFO - [2026-03-03T00:59:39.239+0000] {dag.py:2726} INFO - Sync 1 DAGs
[2026-03-03T00:59:39.255+0000] {logging_mixin.py:149} INFO - [2026-03-03T00:59:39.255+0000] {dag.py:3490} INFO - Setting next_dagrun for example_local_kubernetes_executor to None, run_after=None
[2026-03-03T00:59:39.270+0000] {processor.py:178} INFO - Processing /home/airflow/.local/lib/python3.7/site-packages/airflow/example_dags/example_local_kubernetes_executor.py took 0.146 seconds
[2026-03-03T01:00:09.710+0000] {processor.py:156} INFO - Started process (PID=538) to work on /home/airflow/.local/lib/python3.7/site-packages/airflow/example_dags/example_local_kubernetes_executor.py
[2026-03-03T01:00:09.712+0000] {processor.py:799} INFO - Processing file /home/airflow/.local/lib/python3.7/site-packages/airflow/example_dags/example_local_kubernetes_executor.py for tasks to queue
[2026-03-03T01:00:09.715+0000] {logging_mixin.py:149} INFO - [2026-03-03T01:00:09.715+0000] {dagbag.py:541} INFO - Filling up the DagBag from /home/airflow/.local/lib/python3.7/site-packages/airflow/example_dags/example_local_kubernetes_executor.py
[2026-03-03T01:00:10.230+0000] {processor.py:809} INFO - DAG(s) dict_keys(['example_local_kubernetes_executor']) retrieved from /home/airflow/.local/lib/python3.7/site-packages/airflow/example_dags/example_local_kubernetes_executor.py
[2026-03-03T01:00:10.319+0000] {logging_mixin.py:149} INFO - [2026-03-03T01:00:10.319+0000] {dag.py:2726} INFO - Sync 1 DAGs
[2026-03-03T01:00:10.394+0000] {logging_mixin.py:149} INFO - [2026-03-03T01:00:10.394+0000] {dag.py:3490} INFO - Setting next_dagrun for example_local_kubernetes_executor to None, run_after=None
[2026-03-03T01:00:10.448+0000] {processor.py:178} INFO - Processing /home/airflow/.local/lib/python3.7/site-packages/airflow/example_dags/example_local_kubernetes_executor.py took 0.748 seconds
[2026-03-03T01:00:40.552+0000] {processor.py:156} INFO - Started process (PID=602) to work on /home/airflow/.local/lib/python3.7/site-packages/airflow/example_dags/example_local_kubernetes_executor.py
[2026-03-03T01:00:40.554+0000] {processor.py:799} INFO - Processing file /home/airflow/.local/lib/python3.7/site-packages/airflow/example_dags/example_local_kubernetes_executor.py for tasks to queue
[2026-03-03T01:00:40.556+0000] {logging_mixin.py:149} INFO - [2026-03-03T01:00:40.556+0000] {dagbag.py:541} INFO - Filling up the DagBag from /home/airflow/.local/lib/python3.7/site-packages/airflow/example_dags/example_local_kubernetes_executor.py
[2026-03-03T01:00:40.971+0000] {processor.py:809} INFO - DAG(s) dict_keys(['example_local_kubernetes_executor']) retrieved from /home/airflow/.local/lib/python3.7/site-packages/airflow/example_dags/example_local_kubernetes_executor.py
[2026-03-03T01:00:41.053+0000] {logging_mixin.py:149} INFO - [2026-03-03T01:00:41.052+0000] {dag.py:2726} INFO - Sync 1 DAGs
[2026-03-03T01:00:41.117+0000] {logging_mixin.py:149} INFO - [2026-03-03T01:00:41.117+0000] {dag.py:3490} INFO - Setting next_dagrun for example_local_kubernetes_executor to None, run_after=None
[2026-03-03T01:00:41.174+0000] {processor.py:178} INFO - Processing /home/airflow/.local/lib/python3.7/site-packages/airflow/example_dags/example_local_kubernetes_executor.py took 0.629 seconds
[2026-03-03T01:01:11.203+0000] {processor.py:156} INFO - Started process (PID=664) to work on /home/airflow/.local/lib/python3.7/site-packages/airflow/example_dags/example_local_kubernetes_executor.py
[2026-03-03T01:01:11.203+0000] {processor.py:799} INFO - Processing file /home/airflow/.local/lib/python3.7/site-packages/airflow/example_dags/example_local_kubernetes_executor.py for tasks to queue
[2026-03-03T01:01:11.204+0000] {logging_mixin.py:149} INFO - [2026-03-03T01:01:11.204+0000] {dagbag.py:541} INFO - Filling up the DagBag from /home/airflow/.local/lib/python3.7/site-packages/airflow/example_dags/example_local_kubernetes_executor.py
[2026-03-03T01:01:11.285+0000] {processor.py:809} INFO - DAG(s) dict_keys(['example_local_kubernetes_executor']) retrieved from /home/airflow/.local/lib/python3.7/site-packages/airflow/example_dags/example_local_kubernetes_executor.py
[2026-03-03T01:01:11.304+0000] {logging_mixin.py:149} INFO - [2026-03-03T01:01:11.304+0000] {dag.py:2726} INFO - Sync 1 DAGs
[2026-03-03T01:01:11.315+0000] {logging_mixin.py:149} INFO - [2026-03-03T01:01:11.315+0000] {dag.py:3490} INFO - Setting next_dagrun for example_local_kubernetes_executor to None, run_after=None
[2026-03-03T01:01:11.323+0000] {processor.py:178} INFO - Processing /home/airflow/.local/lib/python3.7/site-packages/airflow/example_dags/example_local_kubernetes_executor.py took 0.122 seconds
[2026-03-03T01:01:41.812+0000] {processor.py:156} INFO - Started process (PID=724) to work on /home/airflow/.local/lib/python3.7/site-packages/airflow/example_dags/example_local_kubernetes_executor.py
[2026-03-03T01:01:41.813+0000] {processor.py:799} INFO - Processing file /home/airflow/.local/lib/python3.7/site-packages/airflow/example_dags/example_local_kubernetes_executor.py for tasks to queue
[2026-03-03T01:01:41.813+0000] {logging_mixin.py:149} INFO - [2026-03-03T01:01:41.813+0000] {dagbag.py:541} INFO - Filling up the DagBag from /home/airflow/.local/lib/python3.7/site-packages/airflow/example_dags/example_local_kubernetes_executor.py
[2026-03-03T01:01:41.914+0000] {processor.py:809} INFO - DAG(s) dict_keys(['example_local_kubernetes_executor']) retrieved from /home/airflow/.local/lib/python3.7/site-packages/airflow/example_dags/example_local_kubernetes_executor.py
[2026-03-03T01:01:41.930+0000] {logging_mixin.py:149} INFO - [2026-03-03T01:01:41.930+0000] {dag.py:2726} INFO - Sync 1 DAGs
[2026-03-03T01:01:41.942+0000] {logging_mixin.py:149} INFO - [2026-03-03T01:01:41.942+0000] {dag.py:3490} INFO - Setting next_dagrun for example_local_kubernetes_executor to None, run_after=None
[2026-03-03T01:01:41.951+0000] {processor.py:178} INFO - Processing /home/airflow/.local/lib/python3.7/site-packages/airflow/example_dags/example_local_kubernetes_executor.py took 0.143 seconds
[2026-03-03T01:02:12.640+0000] {processor.py:156} INFO - Started process (PID=786) to work on /home/airflow/.local/lib/python3.7/site-packages/airflow/example_dags/example_local_kubernetes_executor.py
[2026-03-03T01:02:12.641+0000] {processor.py:799} INFO - Processing file /home/airflow/.local/lib/python3.7/site-packages/airflow/example_dags/example_local_kubernetes_executor.py for tasks to queue
[2026-03-03T01:02:12.642+0000] {logging_mixin.py:149} INFO - [2026-03-03T01:02:12.642+0000] {dagbag.py:541} INFO - Filling up the DagBag from /home/airflow/.local/lib/python3.7/site-packages/airflow/example_dags/example_local_kubernetes_executor.py
[2026-03-03T01:02:12.755+0000] {processor.py:809} INFO - DAG(s) dict_keys(['example_local_kubernetes_executor']) retrieved from /home/airflow/.local/lib/python3.7/site-packages/airflow/example_dags/example_local_kubernetes_executor.py
[2026-03-03T01:02:12.775+0000] {logging_mixin.py:149} INFO - [2026-03-03T01:02:12.775+0000] {dag.py:2726} INFO - Sync 1 DAGs
[2026-03-03T01:02:12.789+0000] {logging_mixin.py:149} INFO - [2026-03-03T01:02:12.788+0000] {dag.py:3490} INFO - Setting next_dagrun for example_local_kubernetes_executor to None, run_after=None
[2026-03-03T01:02:12.798+0000] {processor.py:178} INFO - Processing /home/airflow/.local/lib/python3.7/site-packages/airflow/example_dags/example_local_kubernetes_executor.py took 0.161 seconds
[2026-03-03T01:02:43.421+0000] {processor.py:156} INFO - Started process (PID=848) to work on /home/airflow/.local/lib/python3.7/site-packages/airflow/example_dags/example_local_kubernetes_executor.py
[2026-03-03T01:02:43.422+0000] {processor.py:799} INFO - Processing file /home/airflow/.local/lib/python3.7/site-packages/airflow/example_dags/example_local_kubernetes_executor.py for tasks to queue
[2026-03-03T01:02:43.423+0000] {logging_mixin.py:149} INFO - [2026-03-03T01:02:43.423+0000] {dagbag.py:541} INFO - Filling up the DagBag from /home/airflow/.local/lib/python3.7/site-packages/airflow/example_dags/example_local_kubernetes_executor.py
[2026-03-03T01:02:43.523+0000] {processor.py:809} INFO - DAG(s) dict_keys(['example_local_kubernetes_executor']) retrieved from /home/airflow/.local/lib/python3.7/site-packages/airflow/example_dags/example_local_kubernetes_executor.py
[2026-03-03T01:02:43.543+0000] {logging_mixin.py:149} INFO - [2026-03-03T01:02:43.543+0000] {dag.py:2726} INFO - Sync 1 DAGs
[2026-03-03T01:02:43.555+0000] {logging_mixin.py:149} INFO - [2026-03-03T01:02:43.555+0000] {dag.py:3490} INFO - Setting next_dagrun for example_local_kubernetes_executor to None, run_after=None
[2026-03-03T01:02:43.563+0000] {processor.py:178} INFO - Processing /home/airflow/.local/lib/python3.7/site-packages/airflow/example_dags/example_local_kubernetes_executor.py took 0.148 seconds
[2026-03-03T01:03:14.168+0000] {processor.py:156} INFO - Started process (PID=910) to work on /home/airflow/.local/lib/python3.7/site-packages/airflow/example_dags/example_local_kubernetes_executor.py
[2026-03-03T01:03:14.169+0000] {processor.py:799} INFO - Processing file /home/airflow/.local/lib/python3.7/site-packages/airflow/example_dags/example_local_kubernetes_executor.py for tasks to queue
[2026-03-03T01:03:14.172+0000] {logging_mixin.py:149} INFO - [2026-03-03T01:03:14.172+0000] {dagbag.py:541} INFO - Filling up the DagBag from /home/airflow/.local/lib/python3.7/site-packages/airflow/example_dags/example_local_kubernetes_executor.py
[2026-03-03T01:03:14.273+0000] {processor.py:809} INFO - DAG(s) dict_keys(['example_local_kubernetes_executor']) retrieved from /home/airflow/.local/lib/python3.7/site-packages/airflow/example_dags/example_local_kubernetes_executor.py
[2026-03-03T01:03:14.294+0000] {logging_mixin.py:149} INFO - [2026-03-03T01:03:14.294+0000] {dag.py:2726} INFO - Sync 1 DAGs
[2026-03-03T01:03:14.307+0000] {logging_mixin.py:149} INFO - [2026-03-03T01:03:14.307+0000] {dag.py:3490} INFO - Setting next_dagrun for example_local_kubernetes_executor to None, run_after=None
[2026-03-03T01:03:14.316+0000] {processor.py:178} INFO - Processing /home/airflow/.local/lib/python3.7/site-packages/airflow/example_dags/example_local_kubernetes_executor.py took 0.153 seconds
[2026-03-03T01:03:44.906+0000] {processor.py:156} INFO - Started process (PID=972) to work on /home/airflow/.local/lib/python3.7/site-packages/airflow/example_dags/example_local_kubernetes_executor.py
[2026-03-03T01:03:44.907+0000] {processor.py:799} INFO - Processing file /home/airflow/.local/lib/python3.7/site-packages/airflow/example_dags/example_local_kubernetes_executor.py for tasks to queue
[2026-03-03T01:03:44.907+0000] {logging_mixin.py:149} INFO - [2026-03-03T01:03:44.907+0000] {dagbag.py:541} INFO - Filling up the DagBag from /home/airflow/.local/lib/python3.7/site-packages/airflow/example_dags/example_local_kubernetes_executor.py
[2026-03-03T01:03:45.013+0000] {processor.py:809} INFO - DAG(s) dict_keys(['example_local_kubernetes_executor']) retrieved from /home/airflow/.local/lib/python3.7/site-packages/airflow/example_dags/example_local_kubernetes_executor.py
[2026-03-03T01:03:45.035+0000] {logging_mixin.py:149} INFO - [2026-03-03T01:03:45.034+0000] {dag.py:2726} INFO - Sync 1 DAGs
[2026-03-03T01:03:45.046+0000] {logging_mixin.py:149} INFO - [2026-03-03T01:03:45.045+0000] {dag.py:3490} INFO - Setting next_dagrun for example_local_kubernetes_executor to None, run_after=None
[2026-03-03T01:03:45.054+0000] {processor.py:178} INFO - Processing /home/airflow/.local/lib/python3.7/site-packages/airflow/example_dags/example_local_kubernetes_executor.py took 0.151 seconds
[2026-03-03T01:04:15.799+0000] {processor.py:156} INFO - Started process (PID=1034) to work on /home/airflow/.local/lib/python3.7/site-packages/airflow/example_dags/example_local_kubernetes_executor.py
[2026-03-03T01:04:15.800+0000] {processor.py:799} INFO - Processing file /home/airflow/.local/lib/python3.7/site-packages/airflow/example_dags/example_local_kubernetes_executor.py for tasks to queue
[2026-03-03T01:04:15.800+0000] {logging_mixin.py:149} INFO - [2026-03-03T01:04:15.800+0000] {dagbag.py:541} INFO - Filling up the DagBag from /home/airflow/.local/lib/python3.7/site-packages/airflow/example_dags/example_local_kubernetes_executor.py
[2026-03-03T01:04:15.888+0000] {processor.py:809} INFO - DAG(s) dict_keys(['example_local_kubernetes_executor']) retrieved from /home/airflow/.local/lib/python3.7/site-packages/airflow/example_dags/example_local_kubernetes_executor.py
[2026-03-03T01:04:15.905+0000] {logging_mixin.py:149} INFO - [2026-03-03T01:04:15.905+0000] {dag.py:2726} INFO - Sync 1 DAGs
[2026-03-03T01:04:15.915+0000] {logging_mixin.py:149} INFO - [2026-03-03T01:04:15.915+0000] {dag.py:3490} INFO - Setting next_dagrun for example_local_kubernetes_executor to None, run_after=None
[2026-03-03T01:04:15.922+0000] {processor.py:178} INFO - Processing /home/airflow/.local/lib/python3.7/site-packages/airflow/example_dags/example_local_kubernetes_executor.py took 0.127 seconds
[2026-03-03T01:04:46.284+0000] {processor.py:156} INFO - Started process (PID=1096) to work on /home/airflow/.local/lib/python3.7/site-packages/airflow/example_dags/example_local_kubernetes_executor.py
[2026-03-03T01:04:46.285+0000] {processor.py:799} INFO - Processing file /home/airflow/.local/lib/python3.7/site-packages/airflow/example_dags/example_local_kubernetes_executor.py for tasks to queue
[2026-03-03T01:04:46.286+0000] {logging_mixin.py:149} INFO - [2026-03-03T01:04:46.286+0000] {dagbag.py:541} INFO - Filling up the DagBag from /home/airflow/.local/lib/python3.7/site-packages/airflow/example_dags/example_local_kubernetes_executor.py
[2026-03-03T01:04:46.397+0000] {processor.py:809} INFO - DAG(s) dict_keys(['example_local_kubernetes_executor']) retrieved from /home/airflow/.local/lib/python3.7/site-packages/airflow/example_dags/example_local_kubernetes_executor.py
[2026-03-03T01:04:46.416+0000] {logging_mixin.py:149} INFO - [2026-03-03T01:04:46.416+0000] {dag.py:2726} INFO - Sync 1 DAGs
[2026-03-03T01:04:46.428+0000] {logging_mixin.py:149} INFO - [2026-03-03T01:04:46.428+0000] {dag.py:3490} INFO - Setting next_dagrun for example_local_kubernetes_executor to None, run_after=None
[2026-03-03T01:04:46.437+0000] {processor.py:178} INFO - Processing /home/airflow/.local/lib/python3.7/site-packages/airflow/example_dags/example_local_kubernetes_executor.py took 0.157 seconds
[2026-03-03T01:05:17.055+0000] {processor.py:156} INFO - Started process (PID=1158) to work on /home/airflow/.local/lib/python3.7/site-packages/airflow/example_dags/example_local_kubernetes_executor.py
[2026-03-03T01:05:17.056+0000] {processor.py:799} INFO - Processing file /home/airflow/.local/lib/python3.7/site-packages/airflow/example_dags/example_local_kubernetes_executor.py for tasks to queue
[2026-03-03T01:05:17.057+0000] {logging_mixin.py:149} INFO - [2026-03-03T01:05:17.057+0000] {dagbag.py:541} INFO - Filling up the DagBag from /home/airflow/.local/lib/python3.7/site-packages/airflow/example_dags/example_local_kubernetes_executor.py
[2026-03-03T01:05:17.184+0000] {processor.py:809} INFO - DAG(s) dict_keys(['example_local_kubernetes_executor']) retrieved from /home/airflow/.local/lib/python3.7/site-packages/airflow/example_dags/example_local_kubernetes_executor.py
[2026-03-03T01:05:17.202+0000] {logging_mixin.py:149} INFO - [2026-03-03T01:05:17.201+0000] {dag.py:2726} INFO - Sync 1 DAGs
[2026-03-03T01:05:17.213+0000] {logging_mixin.py:149} INFO - [2026-03-03T01:05:17.213+0000] {dag.py:3490} INFO - Setting next_dagrun for example_local_kubernetes_executor to None, run_after=None
[2026-03-03T01:05:17.221+0000] {processor.py:178} INFO - Processing /home/airflow/.local/lib/python3.7/site-packages/airflow/example_dags/example_local_kubernetes_executor.py took 0.171 seconds
[2026-03-03T01:05:47.847+0000] {processor.py:156} INFO - Started process (PID=1220) to work on /home/airflow/.local/lib/python3.7/site-packages/airflow/example_dags/example_local_kubernetes_executor.py
[2026-03-03T01:05:47.849+0000] {processor.py:799} INFO - Processing file /home/airflow/.local/lib/python3.7/site-packages/airflow/example_dags/example_local_kubernetes_executor.py for tasks to queue
[2026-03-03T01:05:47.849+0000] {logging_mixin.py:149} INFO - [2026-03-03T01:05:47.849+0000] {dagbag.py:541} INFO - Filling up the DagBag from /home/airflow/.local/lib/python3.7/site-packages/airflow/example_dags/example_local_kubernetes_executor.py
[2026-03-03T01:05:47.952+0000] {processor.py:809} INFO - DAG(s) dict_keys(['example_local_kubernetes_executor']) retrieved from /home/airflow/.local/lib/python3.7/site-packages/airflow/example_dags/example_local_kubernetes_executor.py
[2026-03-03T01:05:47.972+0000] {logging_mixin.py:149} INFO - [2026-03-03T01:05:47.972+0000] {dag.py:2726} INFO - Sync 1 DAGs
[2026-03-03T01:05:47.985+0000] {logging_mixin.py:149} INFO - [2026-03-03T01:05:47.985+0000] {dag.py:3490} INFO - Setting next_dagrun for example_local_kubernetes_executor to None, run_after=None
[2026-03-03T01:05:47.992+0000] {processor.py:178} INFO - Processing /home/airflow/.local/lib/python3.7/site-packages/airflow/example_dags/example_local_kubernetes_executor.py took 0.148 seconds
[2026-03-03T01:06:18.404+0000] {processor.py:156} INFO - Started process (PID=1282) to work on /home/airflow/.local/lib/python3.7/site-packages/airflow/example_dags/example_local_kubernetes_executor.py
[2026-03-03T01:06:18.405+0000] {processor.py:799} INFO - Processing file /home/airflow/.local/lib/python3.7/site-packages/airflow/example_dags/example_local_kubernetes_executor.py for tasks to queue
[2026-03-03T01:06:18.405+0000] {logging_mixin.py:149} INFO - [2026-03-03T01:06:18.405+0000] {dagbag.py:541} INFO - Filling up the DagBag from /home/airflow/.local/lib/python3.7/site-packages/airflow/example_dags/example_local_kubernetes_executor.py
[2026-03-03T01:06:18.496+0000] {processor.py:809} INFO - DAG(s) dict_keys(['example_local_kubernetes_executor']) retrieved from /home/airflow/.local/lib/python3.7/site-packages/airflow/example_dags/example_local_kubernetes_executor.py
[2026-03-03T01:06:18.512+0000] {logging_mixin.py:149} INFO - [2026-03-03T01:06:18.512+0000] {dag.py:2726} INFO - Sync 1 DAGs
[2026-03-03T01:06:18.523+0000] {logging_mixin.py:149} INFO - [2026-03-03T01:06:18.523+0000] {dag.py:3490} INFO - Setting next_dagrun for example_local_kubernetes_executor to None, run_after=None
[2026-03-03T01:06:18.531+0000] {processor.py:178} INFO - Processing /home/airflow/.local/lib/python3.7/site-packages/airflow/example_dags/example_local_kubernetes_executor.py took 0.128 seconds
[2026-03-03T01:07:08.867+0000] {processor.py:156} INFO - Started process (PID=33) to work on /home/airflow/.local/lib/python3.7/site-packages/airflow/example_dags/example_local_kubernetes_executor.py
[2026-03-03T01:07:08.869+0000] {processor.py:799} INFO - Processing file /home/airflow/.local/lib/python3.7/site-packages/airflow/example_dags/example_local_kubernetes_executor.py for tasks to queue
[2026-03-03T01:07:08.870+0000] {logging_mixin.py:149} INFO - [2026-03-03T01:07:08.870+0000] {dagbag.py:541} INFO - Filling up the DagBag from /home/airflow/.local/lib/python3.7/site-packages/airflow/example_dags/example_local_kubernetes_executor.py
[2026-03-03T01:07:09.042+0000] {processor.py:809} INFO - DAG(s) dict_keys(['example_local_kubernetes_executor']) retrieved from /home/airflow/.local/lib/python3.7/site-packages/airflow/example_dags/example_local_kubernetes_executor.py
[2026-03-03T01:07:09.050+0000] {logging_mixin.py:149} INFO - [2026-03-03T01:07:09.050+0000] {dag.py:2726} INFO - Sync 1 DAGs
[2026-03-03T01:07:09.065+0000] {logging_mixin.py:149} INFO - [2026-03-03T01:07:09.065+0000] {dag.py:3490} INFO - Setting next_dagrun for example_local_kubernetes_executor to None, run_after=None
[2026-03-03T01:07:09.087+0000] {processor.py:178} INFO - Processing /home/airflow/.local/lib/python3.7/site-packages/airflow/example_dags/example_local_kubernetes_executor.py took 0.222 seconds
[2026-03-03T01:07:39.102+0000] {processor.py:156} INFO - Started process (PID=98) to work on /home/airflow/.local/lib/python3.7/site-packages/airflow/example_dags/example_local_kubernetes_executor.py
[2026-03-03T01:07:39.103+0000] {processor.py:799} INFO - Processing file /home/airflow/.local/lib/python3.7/site-packages/airflow/example_dags/example_local_kubernetes_executor.py for tasks to queue
[2026-03-03T01:07:39.103+0000] {logging_mixin.py:149} INFO - [2026-03-03T01:07:39.103+0000] {dagbag.py:541} INFO - Filling up the DagBag from /home/airflow/.local/lib/python3.7/site-packages/airflow/example_dags/example_local_kubernetes_executor.py
[2026-03-03T01:07:39.255+0000] {processor.py:809} INFO - DAG(s) dict_keys(['example_local_kubernetes_executor']) retrieved from /home/airflow/.local/lib/python3.7/site-packages/airflow/example_dags/example_local_kubernetes_executor.py
[2026-03-03T01:07:39.273+0000] {logging_mixin.py:149} INFO - [2026-03-03T01:07:39.273+0000] {dag.py:2726} INFO - Sync 1 DAGs
[2026-03-03T01:07:39.285+0000] {logging_mixin.py:149} INFO - [2026-03-03T01:07:39.285+0000] {dag.py:3490} INFO - Setting next_dagrun for example_local_kubernetes_executor to None, run_after=None
[2026-03-03T01:07:39.299+0000] {processor.py:178} INFO - Processing /home/airflow/.local/lib/python3.7/site-packages/airflow/example_dags/example_local_kubernetes_executor.py took 0.199 seconds
[2026-03-03T01:08:10.162+0000] {processor.py:156} INFO - Started process (PID=160) to work on /home/airflow/.local/lib/python3.7/site-packages/airflow/example_dags/example_local_kubernetes_executor.py
[2026-03-03T01:08:10.164+0000] {processor.py:799} INFO - Processing file /home/airflow/.local/lib/python3.7/site-packages/airflow/example_dags/example_local_kubernetes_executor.py for tasks to queue
[2026-03-03T01:08:10.166+0000] {logging_mixin.py:149} INFO - [2026-03-03T01:08:10.165+0000] {dagbag.py:541} INFO - Filling up the DagBag from /home/airflow/.local/lib/python3.7/site-packages/airflow/example_dags/example_local_kubernetes_executor.py
[2026-03-03T01:08:10.895+0000] {processor.py:809} INFO - DAG(s) dict_keys(['example_local_kubernetes_executor']) retrieved from /home/airflow/.local/lib/python3.7/site-packages/airflow/example_dags/example_local_kubernetes_executor.py
[2026-03-03T01:08:10.982+0000] {logging_mixin.py:149} INFO - [2026-03-03T01:08:10.981+0000] {dag.py:2726} INFO - Sync 1 DAGs
[2026-03-03T01:08:11.062+0000] {logging_mixin.py:149} INFO - [2026-03-03T01:08:11.062+0000] {dag.py:3490} INFO - Setting next_dagrun for example_local_kubernetes_executor to None, run_after=None
[2026-03-03T01:08:11.120+0000] {processor.py:178} INFO - Processing /home/airflow/.local/lib/python3.7/site-packages/airflow/example_dags/example_local_kubernetes_executor.py took 0.963 seconds
[2026-03-03T01:08:41.462+0000] {processor.py:156} INFO - Started process (PID=229) to work on /home/airflow/.local/lib/python3.7/site-packages/airflow/example_dags/example_local_kubernetes_executor.py
[2026-03-03T01:08:41.464+0000] {processor.py:799} INFO - Processing file /home/airflow/.local/lib/python3.7/site-packages/airflow/example_dags/example_local_kubernetes_executor.py for tasks to queue
[2026-03-03T01:08:41.465+0000] {logging_mixin.py:149} INFO - [2026-03-03T01:08:41.465+0000] {dagbag.py:541} INFO - Filling up the DagBag from /home/airflow/.local/lib/python3.7/site-packages/airflow/example_dags/example_local_kubernetes_executor.py
[2026-03-03T01:08:41.564+0000] {processor.py:809} INFO - DAG(s) dict_keys(['example_local_kubernetes_executor']) retrieved from /home/airflow/.local/lib/python3.7/site-packages/airflow/example_dags/example_local_kubernetes_executor.py
[2026-03-03T01:08:41.583+0000] {logging_mixin.py:149} INFO - [2026-03-03T01:08:41.583+0000] {dag.py:2726} INFO - Sync 1 DAGs
[2026-03-03T01:08:41.596+0000] {logging_mixin.py:149} INFO - [2026-03-03T01:08:41.596+0000] {dag.py:3490} INFO - Setting next_dagrun for example_local_kubernetes_executor to None, run_after=None
[2026-03-03T01:08:41.606+0000] {processor.py:178} INFO - Processing /home/airflow/.local/lib/python3.7/site-packages/airflow/example_dags/example_local_kubernetes_executor.py took 0.148 seconds
[2026-03-03T01:09:12.396+0000] {processor.py:156} INFO - Started process (PID=291) to work on /home/airflow/.local/lib/python3.7/site-packages/airflow/example_dags/example_local_kubernetes_executor.py
[2026-03-03T01:09:12.397+0000] {processor.py:799} INFO - Processing file /home/airflow/.local/lib/python3.7/site-packages/airflow/example_dags/example_local_kubernetes_executor.py for tasks to queue
[2026-03-03T01:09:12.397+0000] {logging_mixin.py:149} INFO - [2026-03-03T01:09:12.397+0000] {dagbag.py:541} INFO - Filling up the DagBag from /home/airflow/.local/lib/python3.7/site-packages/airflow/example_dags/example_local_kubernetes_executor.py
[2026-03-03T01:09:12.502+0000] {processor.py:809} INFO - DAG(s) dict_keys(['example_local_kubernetes_executor']) retrieved from /home/airflow/.local/lib/python3.7/site-packages/airflow/example_dags/example_local_kubernetes_executor.py
[2026-03-03T01:09:12.529+0000] {logging_mixin.py:149} INFO - [2026-03-03T01:09:12.528+0000] {dag.py:2726} INFO - Sync 1 DAGs
[2026-03-03T01:09:12.544+0000] {logging_mixin.py:149} INFO - [2026-03-03T01:09:12.544+0000] {dag.py:3490} INFO - Setting next_dagrun for example_local_kubernetes_executor to None, run_after=None
[2026-03-03T01:09:12.556+0000] {processor.py:178} INFO - Processing /home/airflow/.local/lib/python3.7/site-packages/airflow/example_dags/example_local_kubernetes_executor.py took 0.164 seconds
[2026-03-03T01:09:43.369+0000] {processor.py:156} INFO - Started process (PID=353) to work on /home/airflow/.local/lib/python3.7/site-packages/airflow/example_dags/example_local_kubernetes_executor.py
[2026-03-03T01:09:43.371+0000] {processor.py:799} INFO - Processing file /home/airflow/.local/lib/python3.7/site-packages/airflow/example_dags/example_local_kubernetes_executor.py for tasks to queue
[2026-03-03T01:09:43.372+0000] {logging_mixin.py:149} INFO - [2026-03-03T01:09:43.371+0000] {dagbag.py:541} INFO - Filling up the DagBag from /home/airflow/.local/lib/python3.7/site-packages/airflow/example_dags/example_local_kubernetes_executor.py
[2026-03-03T01:09:43.472+0000] {processor.py:809} INFO - DAG(s) dict_keys(['example_local_kubernetes_executor']) retrieved from /home/airflow/.local/lib/python3.7/site-packages/airflow/example_dags/example_local_kubernetes_executor.py
[2026-03-03T01:09:43.500+0000] {logging_mixin.py:149} INFO - [2026-03-03T01:09:43.500+0000] {dag.py:2726} INFO - Sync 1 DAGs
[2026-03-03T01:09:43.513+0000] {logging_mixin.py:149} INFO - [2026-03-03T01:09:43.513+0000] {dag.py:3490} INFO - Setting next_dagrun for example_local_kubernetes_executor to None, run_after=None
[2026-03-03T01:09:43.521+0000] {processor.py:178} INFO - Processing /home/airflow/.local/lib/python3.7/site-packages/airflow/example_dags/example_local_kubernetes_executor.py took 0.156 seconds
[2026-03-03T01:10:14.011+0000] {processor.py:156} INFO - Started process (PID=415) to work on /home/airflow/.local/lib/python3.7/site-packages/airflow/example_dags/example_local_kubernetes_executor.py
[2026-03-03T01:10:14.015+0000] {processor.py:799} INFO - Processing file /home/airflow/.local/lib/python3.7/site-packages/airflow/example_dags/example_local_kubernetes_executor.py for tasks to queue
[2026-03-03T01:10:14.019+0000] {logging_mixin.py:149} INFO - [2026-03-03T01:10:14.017+0000] {dagbag.py:541} INFO - Filling up the DagBag from /home/airflow/.local/lib/python3.7/site-packages/airflow/example_dags/example_local_kubernetes_executor.py
[2026-03-03T01:10:14.815+0000] {processor.py:809} INFO - DAG(s) dict_keys(['example_local_kubernetes_executor']) retrieved from /home/airflow/.local/lib/python3.7/site-packages/airflow/example_dags/example_local_kubernetes_executor.py
[2026-03-03T01:10:14.937+0000] {logging_mixin.py:149} INFO - [2026-03-03T01:10:14.936+0000] {dag.py:2726} INFO - Sync 1 DAGs
[2026-03-03T01:10:15.040+0000] {logging_mixin.py:149} INFO - [2026-03-03T01:10:15.039+0000] {dag.py:3490} INFO - Setting next_dagrun for example_local_kubernetes_executor to None, run_after=None
[2026-03-03T01:10:15.133+0000] {processor.py:178} INFO - Processing /home/airflow/.local/lib/python3.7/site-packages/airflow/example_dags/example_local_kubernetes_executor.py took 1.132 seconds
[2026-03-03T01:10:45.397+0000] {processor.py:156} INFO - Started process (PID=478) to work on /home/airflow/.local/lib/python3.7/site-packages/airflow/example_dags/example_local_kubernetes_executor.py
[2026-03-03T01:10:45.399+0000] {processor.py:799} INFO - Processing file /home/airflow/.local/lib/python3.7/site-packages/airflow/example_dags/example_local_kubernetes_executor.py for tasks to queue
[2026-03-03T01:10:45.400+0000] {logging_mixin.py:149} INFO - [2026-03-03T01:10:45.400+0000] {dagbag.py:541} INFO - Filling up the DagBag from /home/airflow/.local/lib/python3.7/site-packages/airflow/example_dags/example_local_kubernetes_executor.py
[2026-03-03T01:10:45.754+0000] {processor.py:809} INFO - DAG(s) dict_keys(['example_local_kubernetes_executor']) retrieved from /home/airflow/.local/lib/python3.7/site-packages/airflow/example_dags/example_local_kubernetes_executor.py
[2026-03-03T01:10:45.832+0000] {logging_mixin.py:149} INFO - [2026-03-03T01:10:45.831+0000] {dag.py:2726} INFO - Sync 1 DAGs
[2026-03-03T01:10:45.888+0000] {logging_mixin.py:149} INFO - [2026-03-03T01:10:45.888+0000] {dag.py:3490} INFO - Setting next_dagrun for example_local_kubernetes_executor to None, run_after=None
[2026-03-03T01:10:45.937+0000] {processor.py:178} INFO - Processing /home/airflow/.local/lib/python3.7/site-packages/airflow/example_dags/example_local_kubernetes_executor.py took 0.546 seconds
[2026-03-03T01:11:16.216+0000] {processor.py:156} INFO - Started process (PID=539) to work on /home/airflow/.local/lib/python3.7/site-packages/airflow/example_dags/example_local_kubernetes_executor.py
[2026-03-03T01:11:16.220+0000] {processor.py:799} INFO - Processing file /home/airflow/.local/lib/python3.7/site-packages/airflow/example_dags/example_local_kubernetes_executor.py for tasks to queue
[2026-03-03T01:11:16.220+0000] {logging_mixin.py:149} INFO - [2026-03-03T01:11:16.220+0000] {dagbag.py:541} INFO - Filling up the DagBag from /home/airflow/.local/lib/python3.7/site-packages/airflow/example_dags/example_local_kubernetes_executor.py
[2026-03-03T01:11:16.309+0000] {processor.py:809} INFO - DAG(s) dict_keys(['example_local_kubernetes_executor']) retrieved from /home/airflow/.local/lib/python3.7/site-packages/airflow/example_dags/example_local_kubernetes_executor.py
[2026-03-03T01:11:16.326+0000] {logging_mixin.py:149} INFO - [2026-03-03T01:11:16.326+0000] {dag.py:2726} INFO - Sync 1 DAGs
[2026-03-03T01:11:16.337+0000] {logging_mixin.py:149} INFO - [2026-03-03T01:11:16.337+0000] {dag.py:3490} INFO - Setting next_dagrun for example_local_kubernetes_executor to None, run_after=None
[2026-03-03T01:11:16.345+0000] {processor.py:178} INFO - Processing /home/airflow/.local/lib/python3.7/site-packages/airflow/example_dags/example_local_kubernetes_executor.py took 0.131 seconds
[2026-03-03T01:11:46.387+0000] {processor.py:156} INFO - Started process (PID=601) to work on /home/airflow/.local/lib/python3.7/site-packages/airflow/example_dags/example_local_kubernetes_executor.py
[2026-03-03T01:11:46.390+0000] {processor.py:799} INFO - Processing file /home/airflow/.local/lib/python3.7/site-packages/airflow/example_dags/example_local_kubernetes_executor.py for tasks to queue
[2026-03-03T01:11:46.392+0000] {logging_mixin.py:149} INFO - [2026-03-03T01:11:46.392+0000] {dagbag.py:541} INFO - Filling up the DagBag from /home/airflow/.local/lib/python3.7/site-packages/airflow/example_dags/example_local_kubernetes_executor.py
[2026-03-03T01:11:46.816+0000] {processor.py:809} INFO - DAG(s) dict_keys(['example_local_kubernetes_executor']) retrieved from /home/airflow/.local/lib/python3.7/site-packages/airflow/example_dags/example_local_kubernetes_executor.py
[2026-03-03T01:11:46.905+0000] {logging_mixin.py:149} INFO - [2026-03-03T01:11:46.905+0000] {dag.py:2726} INFO - Sync 1 DAGs
[2026-03-03T01:11:46.975+0000] {logging_mixin.py:149} INFO - [2026-03-03T01:11:46.975+0000] {dag.py:3490} INFO - Setting next_dagrun for example_local_kubernetes_executor to None, run_after=None
[2026-03-03T01:11:47.035+0000] {processor.py:178} INFO - Processing /home/airflow/.local/lib/python3.7/site-packages/airflow/example_dags/example_local_kubernetes_executor.py took 0.655 seconds
[2026-03-03T01:12:17.815+0000] {processor.py:156} INFO - Started process (PID=665) to work on /home/airflow/.local/lib/python3.7/site-packages/airflow/example_dags/example_local_kubernetes_executor.py
[2026-03-03T01:12:17.818+0000] {processor.py:799} INFO - Processing file /home/airflow/.local/lib/python3.7/site-packages/airflow/example_dags/example_local_kubernetes_executor.py for tasks to queue
[2026-03-03T01:12:17.819+0000] {logging_mixin.py:149} INFO - [2026-03-03T01:12:17.819+0000] {dagbag.py:541} INFO - Filling up the DagBag from /home/airflow/.local/lib/python3.7/site-packages/airflow/example_dags/example_local_kubernetes_executor.py
[2026-03-03T01:12:18.262+0000] {processor.py:809} INFO - DAG(s) dict_keys(['example_local_kubernetes_executor']) retrieved from /home/airflow/.local/lib/python3.7/site-packages/airflow/example_dags/example_local_kubernetes_executor.py
[2026-03-03T01:12:18.338+0000] {logging_mixin.py:149} INFO - [2026-03-03T01:12:18.337+0000] {dag.py:2726} INFO - Sync 1 DAGs
[2026-03-03T01:12:18.402+0000] {logging_mixin.py:149} INFO - [2026-03-03T01:12:18.401+0000] {dag.py:3490} INFO - Setting next_dagrun for example_local_kubernetes_executor to None, run_after=None
[2026-03-03T01:12:18.450+0000] {processor.py:178} INFO - Processing /home/airflow/.local/lib/python3.7/site-packages/airflow/example_dags/example_local_kubernetes_executor.py took 0.643 seconds
[2026-03-03T01:12:48.638+0000] {processor.py:156} INFO - Started process (PID=728) to work on /home/airflow/.local/lib/python3.7/site-packages/airflow/example_dags/example_local_kubernetes_executor.py
[2026-03-03T01:12:48.640+0000] {processor.py:799} INFO - Processing file /home/airflow/.local/lib/python3.7/site-packages/airflow/example_dags/example_local_kubernetes_executor.py for tasks to queue
[2026-03-03T01:12:48.643+0000] {logging_mixin.py:149} INFO - [2026-03-03T01:12:48.642+0000] {dagbag.py:541} INFO - Filling up the DagBag from /home/airflow/.local/lib/python3.7/site-packages/airflow/example_dags/example_local_kubernetes_executor.py
[2026-03-03T01:12:49.013+0000] {processor.py:809} INFO - DAG(s) dict_keys(['example_local_kubernetes_executor']) retrieved from /home/airflow/.local/lib/python3.7/site-packages/airflow/example_dags/example_local_kubernetes_executor.py
[2026-03-03T01:12:49.081+0000] {logging_mixin.py:149} INFO - [2026-03-03T01:12:49.081+0000] {dag.py:2726} INFO - Sync 1 DAGs
[2026-03-03T01:12:49.137+0000] {logging_mixin.py:149} INFO - [2026-03-03T01:12:49.137+0000] {dag.py:3490} INFO - Setting next_dagrun for example_local_kubernetes_executor to None, run_after=None
[2026-03-03T01:12:49.185+0000] {processor.py:178} INFO - Processing /home/airflow/.local/lib/python3.7/site-packages/airflow/example_dags/example_local_kubernetes_executor.py took 0.554 seconds
[2026-03-03T01:13:20.053+0000] {processor.py:156} INFO - Started process (PID=791) to work on /home/airflow/.local/lib/python3.7/site-packages/airflow/example_dags/example_local_kubernetes_executor.py
[2026-03-03T01:13:20.054+0000] {processor.py:799} INFO - Processing file /home/airflow/.local/lib/python3.7/site-packages/airflow/example_dags/example_local_kubernetes_executor.py for tasks to queue
[2026-03-03T01:13:20.055+0000] {logging_mixin.py:149} INFO - [2026-03-03T01:13:20.055+0000] {dagbag.py:541} INFO - Filling up the DagBag from /home/airflow/.local/lib/python3.7/site-packages/airflow/example_dags/example_local_kubernetes_executor.py
[2026-03-03T01:13:20.152+0000] {processor.py:809} INFO - DAG(s) dict_keys(['example_local_kubernetes_executor']) retrieved from /home/airflow/.local/lib/python3.7/site-packages/airflow/example_dags/example_local_kubernetes_executor.py
[2026-03-03T01:13:20.169+0000] {logging_mixin.py:149} INFO - [2026-03-03T01:13:20.169+0000] {dag.py:2726} INFO - Sync 1 DAGs
[2026-03-03T01:13:20.182+0000] {logging_mixin.py:149} INFO - [2026-03-03T01:13:20.182+0000] {dag.py:3490} INFO - Setting next_dagrun for example_local_kubernetes_executor to None, run_after=None
[2026-03-03T01:13:20.190+0000] {processor.py:178} INFO - Processing /home/airflow/.local/lib/python3.7/site-packages/airflow/example_dags/example_local_kubernetes_executor.py took 0.141 seconds
[2026-03-03T01:13:50.664+0000] {processor.py:156} INFO - Started process (PID=853) to work on /home/airflow/.local/lib/python3.7/site-packages/airflow/example_dags/example_local_kubernetes_executor.py
[2026-03-03T01:13:50.664+0000] {processor.py:799} INFO - Processing file /home/airflow/.local/lib/python3.7/site-packages/airflow/example_dags/example_local_kubernetes_executor.py for tasks to queue
[2026-03-03T01:13:50.665+0000] {logging_mixin.py:149} INFO - [2026-03-03T01:13:50.665+0000] {dagbag.py:541} INFO - Filling up the DagBag from /home/airflow/.local/lib/python3.7/site-packages/airflow/example_dags/example_local_kubernetes_executor.py
[2026-03-03T01:13:50.793+0000] {processor.py:809} INFO - DAG(s) dict_keys(['example_local_kubernetes_executor']) retrieved from /home/airflow/.local/lib/python3.7/site-packages/airflow/example_dags/example_local_kubernetes_executor.py
[2026-03-03T01:13:50.813+0000] {logging_mixin.py:149} INFO - [2026-03-03T01:13:50.813+0000] {dag.py:2726} INFO - Sync 1 DAGs
[2026-03-03T01:13:50.830+0000] {logging_mixin.py:149} INFO - [2026-03-03T01:13:50.830+0000] {dag.py:3490} INFO - Setting next_dagrun for example_local_kubernetes_executor to None, run_after=None
[2026-03-03T01:13:50.843+0000] {processor.py:178} INFO - Processing /home/airflow/.local/lib/python3.7/site-packages/airflow/example_dags/example_local_kubernetes_executor.py took 0.183 seconds
[2026-03-03T01:14:21.462+0000] {processor.py:156} INFO - Started process (PID=915) to work on /home/airflow/.local/lib/python3.7/site-packages/airflow/example_dags/example_local_kubernetes_executor.py
[2026-03-03T01:14:21.463+0000] {processor.py:799} INFO - Processing file /home/airflow/.local/lib/python3.7/site-packages/airflow/example_dags/example_local_kubernetes_executor.py for tasks to queue
[2026-03-03T01:14:21.464+0000] {logging_mixin.py:149} INFO - [2026-03-03T01:14:21.464+0000] {dagbag.py:541} INFO - Filling up the DagBag from /home/airflow/.local/lib/python3.7/site-packages/airflow/example_dags/example_local_kubernetes_executor.py
[2026-03-03T01:14:21.559+0000] {processor.py:809} INFO - DAG(s) dict_keys(['example_local_kubernetes_executor']) retrieved from /home/airflow/.local/lib/python3.7/site-packages/airflow/example_dags/example_local_kubernetes_executor.py
[2026-03-03T01:14:21.579+0000] {logging_mixin.py:149} INFO - [2026-03-03T01:14:21.579+0000] {dag.py:2726} INFO - Sync 1 DAGs
[2026-03-03T01:14:21.596+0000] {logging_mixin.py:149} INFO - [2026-03-03T01:14:21.596+0000] {dag.py:3490} INFO - Setting next_dagrun for example_local_kubernetes_executor to None, run_after=None
[2026-03-03T01:14:21.609+0000] {processor.py:178} INFO - Processing /home/airflow/.local/lib/python3.7/site-packages/airflow/example_dags/example_local_kubernetes_executor.py took 0.149 seconds
[2026-03-03T01:14:51.822+0000] {processor.py:156} INFO - Started process (PID=977) to work on /home/airflow/.local/lib/python3.7/site-packages/airflow/example_dags/example_local_kubernetes_executor.py
[2026-03-03T01:14:51.825+0000] {processor.py:799} INFO - Processing file /home/airflow/.local/lib/python3.7/site-packages/airflow/example_dags/example_local_kubernetes_executor.py for tasks to queue
[2026-03-03T01:14:51.826+0000] {logging_mixin.py:149} INFO - [2026-03-03T01:14:51.826+0000] {dagbag.py:541} INFO - Filling up the DagBag from /home/airflow/.local/lib/python3.7/site-packages/airflow/example_dags/example_local_kubernetes_executor.py
[2026-03-03T01:14:52.194+0000] {processor.py:809} INFO - DAG(s) dict_keys(['example_local_kubernetes_executor']) retrieved from /home/airflow/.local/lib/python3.7/site-packages/airflow/example_dags/example_local_kubernetes_executor.py
[2026-03-03T01:14:52.263+0000] {logging_mixin.py:149} INFO - [2026-03-03T01:14:52.262+0000] {dag.py:2726} INFO - Sync 1 DAGs
[2026-03-03T01:14:52.331+0000] {logging_mixin.py:149} INFO - [2026-03-03T01:14:52.330+0000] {dag.py:3490} INFO - Setting next_dagrun for example_local_kubernetes_executor to None, run_after=None
[2026-03-03T01:14:52.384+0000] {processor.py:178} INFO - Processing /home/airflow/.local/lib/python3.7/site-packages/airflow/example_dags/example_local_kubernetes_executor.py took 0.569 seconds
[2026-03-03T01:15:22.682+0000] {processor.py:156} INFO - Started process (PID=1038) to work on /home/airflow/.local/lib/python3.7/site-packages/airflow/example_dags/example_local_kubernetes_executor.py
[2026-03-03T01:15:22.683+0000] {processor.py:799} INFO - Processing file /home/airflow/.local/lib/python3.7/site-packages/airflow/example_dags/example_local_kubernetes_executor.py for tasks to queue
[2026-03-03T01:15:22.684+0000] {logging_mixin.py:149} INFO - [2026-03-03T01:15:22.684+0000] {dagbag.py:541} INFO - Filling up the DagBag from /home/airflow/.local/lib/python3.7/site-packages/airflow/example_dags/example_local_kubernetes_executor.py
[2026-03-03T01:15:22.786+0000] {processor.py:809} INFO - DAG(s) dict_keys(['example_local_kubernetes_executor']) retrieved from /home/airflow/.local/lib/python3.7/site-packages/airflow/example_dags/example_local_kubernetes_executor.py
[2026-03-03T01:15:22.809+0000] {logging_mixin.py:149} INFO - [2026-03-03T01:15:22.809+0000] {dag.py:2726} INFO - Sync 1 DAGs
[2026-03-03T01:15:22.823+0000] {logging_mixin.py:149} INFO - [2026-03-03T01:15:22.822+0000] {dag.py:3490} INFO - Setting next_dagrun for example_local_kubernetes_executor to None, run_after=None
[2026-03-03T01:15:22.832+0000] {processor.py:178} INFO - Processing /home/airflow/.local/lib/python3.7/site-packages/airflow/example_dags/example_local_kubernetes_executor.py took 0.154 seconds
[2026-03-03T01:15:53.540+0000] {processor.py:156} INFO - Started process (PID=1099) to work on /home/airflow/.local/lib/python3.7/site-packages/airflow/example_dags/example_local_kubernetes_executor.py
[2026-03-03T01:15:53.541+0000] {processor.py:799} INFO - Processing file /home/airflow/.local/lib/python3.7/site-packages/airflow/example_dags/example_local_kubernetes_executor.py for tasks to queue
[2026-03-03T01:15:53.541+0000] {logging_mixin.py:149} INFO - [2026-03-03T01:15:53.541+0000] {dagbag.py:541} INFO - Filling up the DagBag from /home/airflow/.local/lib/python3.7/site-packages/airflow/example_dags/example_local_kubernetes_executor.py
[2026-03-03T01:15:53.642+0000] {processor.py:809} INFO - DAG(s) dict_keys(['example_local_kubernetes_executor']) retrieved from /home/airflow/.local/lib/python3.7/site-packages/airflow/example_dags/example_local_kubernetes_executor.py
[2026-03-03T01:15:53.661+0000] {logging_mixin.py:149} INFO - [2026-03-03T01:15:53.661+0000] {dag.py:2726} INFO - Sync 1 DAGs
[2026-03-03T01:15:53.677+0000] {logging_mixin.py:149} INFO - [2026-03-03T01:15:53.677+0000] {dag.py:3490} INFO - Setting next_dagrun for example_local_kubernetes_executor to None, run_after=None
[2026-03-03T01:15:53.686+0000] {processor.py:178} INFO - Processing /home/airflow/.local/lib/python3.7/site-packages/airflow/example_dags/example_local_kubernetes_executor.py took 0.151 seconds
[2026-03-03T01:16:23.905+0000] {processor.py:156} INFO - Started process (PID=1161) to work on /home/airflow/.local/lib/python3.7/site-packages/airflow/example_dags/example_local_kubernetes_executor.py
[2026-03-03T01:16:23.907+0000] {processor.py:799} INFO - Processing file /home/airflow/.local/lib/python3.7/site-packages/airflow/example_dags/example_local_kubernetes_executor.py for tasks to queue
[2026-03-03T01:16:23.909+0000] {logging_mixin.py:149} INFO - [2026-03-03T01:16:23.909+0000] {dagbag.py:541} INFO - Filling up the DagBag from /home/airflow/.local/lib/python3.7/site-packages/airflow/example_dags/example_local_kubernetes_executor.py
[2026-03-03T01:16:24.387+0000] {processor.py:809} INFO - DAG(s) dict_keys(['example_local_kubernetes_executor']) retrieved from /home/airflow/.local/lib/python3.7/site-packages/airflow/example_dags/example_local_kubernetes_executor.py
[2026-03-03T01:16:24.479+0000] {logging_mixin.py:149} INFO - [2026-03-03T01:16:24.479+0000] {dag.py:2726} INFO - Sync 1 DAGs
[2026-03-03T01:16:24.557+0000] {logging_mixin.py:149} INFO - [2026-03-03T01:16:24.557+0000] {dag.py:3490} INFO - Setting next_dagrun for example_local_kubernetes_executor to None, run_after=None
[2026-03-03T01:16:24.621+0000] {processor.py:178} INFO - Processing /home/airflow/.local/lib/python3.7/site-packages/airflow/example_dags/example_local_kubernetes_executor.py took 0.724 seconds
[2026-03-03T01:16:54.763+0000] {processor.py:156} INFO - Started process (PID=1223) to work on /home/airflow/.local/lib/python3.7/site-packages/airflow/example_dags/example_local_kubernetes_executor.py
[2026-03-03T01:16:54.765+0000] {processor.py:799} INFO - Processing file /home/airflow/.local/lib/python3.7/site-packages/airflow/example_dags/example_local_kubernetes_executor.py for tasks to queue
[2026-03-03T01:16:54.766+0000] {logging_mixin.py:149} INFO - [2026-03-03T01:16:54.766+0000] {dagbag.py:541} INFO - Filling up the DagBag from /home/airflow/.local/lib/python3.7/site-packages/airflow/example_dags/example_local_kubernetes_executor.py
[2026-03-03T01:16:55.108+0000] {processor.py:809} INFO - DAG(s) dict_keys(['example_local_kubernetes_executor']) retrieved from /home/airflow/.local/lib/python3.7/site-packages/airflow/example_dags/example_local_kubernetes_executor.py
[2026-03-03T01:16:55.172+0000] {logging_mixin.py:149} INFO - [2026-03-03T01:16:55.172+0000] {dag.py:2726} INFO - Sync 1 DAGs
[2026-03-03T01:16:55.219+0000] {logging_mixin.py:149} INFO - [2026-03-03T01:16:55.219+0000] {dag.py:3490} INFO - Setting next_dagrun for example_local_kubernetes_executor to None, run_after=None
[2026-03-03T01:16:55.255+0000] {processor.py:178} INFO - Processing /home/airflow/.local/lib/python3.7/site-packages/airflow/example_dags/example_local_kubernetes_executor.py took 0.498 seconds
[2026-03-03T01:17:25.297+0000] {processor.py:156} INFO - Started process (PID=1285) to work on /home/airflow/.local/lib/python3.7/site-packages/airflow/example_dags/example_local_kubernetes_executor.py
[2026-03-03T01:17:25.299+0000] {processor.py:799} INFO - Processing file /home/airflow/.local/lib/python3.7/site-packages/airflow/example_dags/example_local_kubernetes_executor.py for tasks to queue
[2026-03-03T01:17:25.300+0000] {logging_mixin.py:149} INFO - [2026-03-03T01:17:25.300+0000] {dagbag.py:541} INFO - Filling up the DagBag from /home/airflow/.local/lib/python3.7/site-packages/airflow/example_dags/example_local_kubernetes_executor.py
[2026-03-03T01:17:25.404+0000] {processor.py:809} INFO - DAG(s) dict_keys(['example_local_kubernetes_executor']) retrieved from /home/airflow/.local/lib/python3.7/site-packages/airflow/example_dags/example_local_kubernetes_executor.py
[2026-03-03T01:17:25.425+0000] {logging_mixin.py:149} INFO - [2026-03-03T01:17:25.425+0000] {dag.py:2726} INFO - Sync 1 DAGs
[2026-03-03T01:17:25.439+0000] {logging_mixin.py:149} INFO - [2026-03-03T01:17:25.439+0000] {dag.py:3490} INFO - Setting next_dagrun for example_local_kubernetes_executor to None, run_after=None
[2026-03-03T01:17:25.448+0000] {processor.py:178} INFO - Processing /home/airflow/.local/lib/python3.7/site-packages/airflow/example_dags/example_local_kubernetes_executor.py took 0.155 seconds
[2026-03-03T01:17:56.208+0000] {processor.py:156} INFO - Started process (PID=1347) to work on /home/airflow/.local/lib/python3.7/site-packages/airflow/example_dags/example_local_kubernetes_executor.py
[2026-03-03T01:17:56.209+0000] {processor.py:799} INFO - Processing file /home/airflow/.local/lib/python3.7/site-packages/airflow/example_dags/example_local_kubernetes_executor.py for tasks to queue
[2026-03-03T01:17:56.209+0000] {logging_mixin.py:149} INFO - [2026-03-03T01:17:56.209+0000] {dagbag.py:541} INFO - Filling up the DagBag from /home/airflow/.local/lib/python3.7/site-packages/airflow/example_dags/example_local_kubernetes_executor.py
[2026-03-03T01:17:56.311+0000] {processor.py:809} INFO - DAG(s) dict_keys(['example_local_kubernetes_executor']) retrieved from /home/airflow/.local/lib/python3.7/site-packages/airflow/example_dags/example_local_kubernetes_executor.py
[2026-03-03T01:17:56.330+0000] {logging_mixin.py:149} INFO - [2026-03-03T01:17:56.330+0000] {dag.py:2726} INFO - Sync 1 DAGs
[2026-03-03T01:17:56.346+0000] {logging_mixin.py:149} INFO - [2026-03-03T01:17:56.346+0000] {dag.py:3490} INFO - Setting next_dagrun for example_local_kubernetes_executor to None, run_after=None
[2026-03-03T01:17:56.358+0000] {processor.py:178} INFO - Processing /home/airflow/.local/lib/python3.7/site-packages/airflow/example_dags/example_local_kubernetes_executor.py took 0.154 seconds
[2026-03-03T01:18:26.785+0000] {processor.py:156} INFO - Started process (PID=1409) to work on /home/airflow/.local/lib/python3.7/site-packages/airflow/example_dags/example_local_kubernetes_executor.py
[2026-03-03T01:18:26.786+0000] {processor.py:799} INFO - Processing file /home/airflow/.local/lib/python3.7/site-packages/airflow/example_dags/example_local_kubernetes_executor.py for tasks to queue
[2026-03-03T01:18:26.788+0000] {logging_mixin.py:149} INFO - [2026-03-03T01:18:26.788+0000] {dagbag.py:541} INFO - Filling up the DagBag from /home/airflow/.local/lib/python3.7/site-packages/airflow/example_dags/example_local_kubernetes_executor.py
[2026-03-03T01:18:27.285+0000] {processor.py:809} INFO - DAG(s) dict_keys(['example_local_kubernetes_executor']) retrieved from /home/airflow/.local/lib/python3.7/site-packages/airflow/example_dags/example_local_kubernetes_executor.py
[2026-03-03T01:18:27.375+0000] {logging_mixin.py:149} INFO - [2026-03-03T01:18:27.375+0000] {dag.py:2726} INFO - Sync 1 DAGs
[2026-03-03T01:18:27.434+0000] {logging_mixin.py:149} INFO - [2026-03-03T01:18:27.434+0000] {dag.py:3490} INFO - Setting next_dagrun for example_local_kubernetes_executor to None, run_after=None
[2026-03-03T01:18:27.489+0000] {processor.py:178} INFO - Processing /home/airflow/.local/lib/python3.7/site-packages/airflow/example_dags/example_local_kubernetes_executor.py took 0.711 seconds
[2026-03-03T01:18:57.691+0000] {processor.py:156} INFO - Started process (PID=1473) to work on /home/airflow/.local/lib/python3.7/site-packages/airflow/example_dags/example_local_kubernetes_executor.py
[2026-03-03T01:18:57.693+0000] {processor.py:799} INFO - Processing file /home/airflow/.local/lib/python3.7/site-packages/airflow/example_dags/example_local_kubernetes_executor.py for tasks to queue
[2026-03-03T01:18:57.695+0000] {logging_mixin.py:149} INFO - [2026-03-03T01:18:57.695+0000] {dagbag.py:541} INFO - Filling up the DagBag from /home/airflow/.local/lib/python3.7/site-packages/airflow/example_dags/example_local_kubernetes_executor.py
[2026-03-03T01:18:58.148+0000] {processor.py:809} INFO - DAG(s) dict_keys(['example_local_kubernetes_executor']) retrieved from /home/airflow/.local/lib/python3.7/site-packages/airflow/example_dags/example_local_kubernetes_executor.py
[2026-03-03T01:18:58.222+0000] {logging_mixin.py:149} INFO - [2026-03-03T01:18:58.221+0000] {dag.py:2726} INFO - Sync 1 DAGs
[2026-03-03T01:18:58.280+0000] {logging_mixin.py:149} INFO - [2026-03-03T01:18:58.280+0000] {dag.py:3490} INFO - Setting next_dagrun for example_local_kubernetes_executor to None, run_after=None
[2026-03-03T01:18:58.325+0000] {processor.py:178} INFO - Processing /home/airflow/.local/lib/python3.7/site-packages/airflow/example_dags/example_local_kubernetes_executor.py took 0.639 seconds
[2026-03-03T01:19:28.522+0000] {processor.py:156} INFO - Started process (PID=1534) to work on /home/airflow/.local/lib/python3.7/site-packages/airflow/example_dags/example_local_kubernetes_executor.py
[2026-03-03T01:19:28.522+0000] {processor.py:799} INFO - Processing file /home/airflow/.local/lib/python3.7/site-packages/airflow/example_dags/example_local_kubernetes_executor.py for tasks to queue
[2026-03-03T01:19:28.523+0000] {logging_mixin.py:149} INFO - [2026-03-03T01:19:28.523+0000] {dagbag.py:541} INFO - Filling up the DagBag from /home/airflow/.local/lib/python3.7/site-packages/airflow/example_dags/example_local_kubernetes_executor.py
[2026-03-03T01:19:28.621+0000] {processor.py:809} INFO - DAG(s) dict_keys(['example_local_kubernetes_executor']) retrieved from /home/airflow/.local/lib/python3.7/site-packages/airflow/example_dags/example_local_kubernetes_executor.py
[2026-03-03T01:19:28.642+0000] {logging_mixin.py:149} INFO - [2026-03-03T01:19:28.642+0000] {dag.py:2726} INFO - Sync 1 DAGs
[2026-03-03T01:19:28.658+0000] {logging_mixin.py:149} INFO - [2026-03-03T01:19:28.657+0000] {dag.py:3490} INFO - Setting next_dagrun for example_local_kubernetes_executor to None, run_after=None
[2026-03-03T01:19:28.666+0000] {processor.py:178} INFO - Processing /home/airflow/.local/lib/python3.7/site-packages/airflow/example_dags/example_local_kubernetes_executor.py took 0.147 seconds
[2026-03-03T01:19:59.269+0000] {processor.py:156} INFO - Started process (PID=1596) to work on /home/airflow/.local/lib/python3.7/site-packages/airflow/example_dags/example_local_kubernetes_executor.py
[2026-03-03T01:19:59.270+0000] {processor.py:799} INFO - Processing file /home/airflow/.local/lib/python3.7/site-packages/airflow/example_dags/example_local_kubernetes_executor.py for tasks to queue
[2026-03-03T01:19:59.272+0000] {logging_mixin.py:149} INFO - [2026-03-03T01:19:59.272+0000] {dagbag.py:541} INFO - Filling up the DagBag from /home/airflow/.local/lib/python3.7/site-packages/airflow/example_dags/example_local_kubernetes_executor.py
[2026-03-03T01:19:59.366+0000] {processor.py:809} INFO - DAG(s) dict_keys(['example_local_kubernetes_executor']) retrieved from /home/airflow/.local/lib/python3.7/site-packages/airflow/example_dags/example_local_kubernetes_executor.py
[2026-03-03T01:19:59.389+0000] {logging_mixin.py:149} INFO - [2026-03-03T01:19:59.389+0000] {dag.py:2726} INFO - Sync 1 DAGs
[2026-03-03T01:19:59.402+0000] {logging_mixin.py:149} INFO - [2026-03-03T01:19:59.402+0000] {dag.py:3490} INFO - Setting next_dagrun for example_local_kubernetes_executor to None, run_after=None
[2026-03-03T01:19:59.413+0000] {processor.py:178} INFO - Processing /home/airflow/.local/lib/python3.7/site-packages/airflow/example_dags/example_local_kubernetes_executor.py took 0.148 seconds
[2026-03-03T01:20:29.949+0000] {processor.py:156} INFO - Started process (PID=1658) to work on /home/airflow/.local/lib/python3.7/site-packages/airflow/example_dags/example_local_kubernetes_executor.py
[2026-03-03T01:20:29.950+0000] {processor.py:799} INFO - Processing file /home/airflow/.local/lib/python3.7/site-packages/airflow/example_dags/example_local_kubernetes_executor.py for tasks to queue
[2026-03-03T01:20:29.950+0000] {logging_mixin.py:149} INFO - [2026-03-03T01:20:29.950+0000] {dagbag.py:541} INFO - Filling up the DagBag from /home/airflow/.local/lib/python3.7/site-packages/airflow/example_dags/example_local_kubernetes_executor.py
[2026-03-03T01:20:30.056+0000] {processor.py:809} INFO - DAG(s) dict_keys(['example_local_kubernetes_executor']) retrieved from /home/airflow/.local/lib/python3.7/site-packages/airflow/example_dags/example_local_kubernetes_executor.py
[2026-03-03T01:20:30.079+0000] {logging_mixin.py:149} INFO - [2026-03-03T01:20:30.079+0000] {dag.py:2726} INFO - Sync 1 DAGs
[2026-03-03T01:20:30.095+0000] {logging_mixin.py:149} INFO - [2026-03-03T01:20:30.095+0000] {dag.py:3490} INFO - Setting next_dagrun for example_local_kubernetes_executor to None, run_after=None
[2026-03-03T01:20:30.103+0000] {processor.py:178} INFO - Processing /home/airflow/.local/lib/python3.7/site-packages/airflow/example_dags/example_local_kubernetes_executor.py took 0.159 seconds
[2026-03-03T01:21:00.605+0000] {processor.py:156} INFO - Started process (PID=1720) to work on /home/airflow/.local/lib/python3.7/site-packages/airflow/example_dags/example_local_kubernetes_executor.py
[2026-03-03T01:21:00.606+0000] {processor.py:799} INFO - Processing file /home/airflow/.local/lib/python3.7/site-packages/airflow/example_dags/example_local_kubernetes_executor.py for tasks to queue
[2026-03-03T01:21:00.606+0000] {logging_mixin.py:149} INFO - [2026-03-03T01:21:00.606+0000] {dagbag.py:541} INFO - Filling up the DagBag from /home/airflow/.local/lib/python3.7/site-packages/airflow/example_dags/example_local_kubernetes_executor.py
[2026-03-03T01:21:00.702+0000] {processor.py:809} INFO - DAG(s) dict_keys(['example_local_kubernetes_executor']) retrieved from /home/airflow/.local/lib/python3.7/site-packages/airflow/example_dags/example_local_kubernetes_executor.py
[2026-03-03T01:21:00.725+0000] {logging_mixin.py:149} INFO - [2026-03-03T01:21:00.724+0000] {dag.py:2726} INFO - Sync 1 DAGs
[2026-03-03T01:21:00.740+0000] {logging_mixin.py:149} INFO - [2026-03-03T01:21:00.740+0000] {dag.py:3490} INFO - Setting next_dagrun for example_local_kubernetes_executor to None, run_after=None
[2026-03-03T01:21:00.749+0000] {processor.py:178} INFO - Processing /home/airflow/.local/lib/python3.7/site-packages/airflow/example_dags/example_local_kubernetes_executor.py took 0.147 seconds
[2026-03-03T01:21:31.242+0000] {processor.py:156} INFO - Started process (PID=1782) to work on /home/airflow/.local/lib/python3.7/site-packages/airflow/example_dags/example_local_kubernetes_executor.py
[2026-03-03T01:21:31.243+0000] {processor.py:799} INFO - Processing file /home/airflow/.local/lib/python3.7/site-packages/airflow/example_dags/example_local_kubernetes_executor.py for tasks to queue
[2026-03-03T01:21:31.243+0000] {logging_mixin.py:149} INFO - [2026-03-03T01:21:31.243+0000] {dagbag.py:541} INFO - Filling up the DagBag from /home/airflow/.local/lib/python3.7/site-packages/airflow/example_dags/example_local_kubernetes_executor.py
[2026-03-03T01:21:31.353+0000] {processor.py:809} INFO - DAG(s) dict_keys(['example_local_kubernetes_executor']) retrieved from /home/airflow/.local/lib/python3.7/site-packages/airflow/example_dags/example_local_kubernetes_executor.py
[2026-03-03T01:21:31.382+0000] {logging_mixin.py:149} INFO - [2026-03-03T01:21:31.382+0000] {dag.py:2726} INFO - Sync 1 DAGs
[2026-03-03T01:21:31.396+0000] {logging_mixin.py:149} INFO - [2026-03-03T01:21:31.396+0000] {dag.py:3490} INFO - Setting next_dagrun for example_local_kubernetes_executor to None, run_after=None
[2026-03-03T01:21:31.403+0000] {processor.py:178} INFO - Processing /home/airflow/.local/lib/python3.7/site-packages/airflow/example_dags/example_local_kubernetes_executor.py took 0.164 seconds
[2026-03-03T01:22:01.799+0000] {processor.py:156} INFO - Started process (PID=1844) to work on /home/airflow/.local/lib/python3.7/site-packages/airflow/example_dags/example_local_kubernetes_executor.py
[2026-03-03T01:22:01.800+0000] {processor.py:799} INFO - Processing file /home/airflow/.local/lib/python3.7/site-packages/airflow/example_dags/example_local_kubernetes_executor.py for tasks to queue
[2026-03-03T01:22:01.802+0000] {logging_mixin.py:149} INFO - [2026-03-03T01:22:01.802+0000] {dagbag.py:541} INFO - Filling up the DagBag from /home/airflow/.local/lib/python3.7/site-packages/airflow/example_dags/example_local_kubernetes_executor.py
[2026-03-03T01:22:02.225+0000] {processor.py:809} INFO - DAG(s) dict_keys(['example_local_kubernetes_executor']) retrieved from /home/airflow/.local/lib/python3.7/site-packages/airflow/example_dags/example_local_kubernetes_executor.py
[2026-03-03T01:22:02.323+0000] {logging_mixin.py:149} INFO - [2026-03-03T01:22:02.322+0000] {dag.py:2726} INFO - Sync 1 DAGs
[2026-03-03T01:22:02.396+0000] {logging_mixin.py:149} INFO - [2026-03-03T01:22:02.395+0000] {dag.py:3490} INFO - Setting next_dagrun for example_local_kubernetes_executor to None, run_after=None
[2026-03-03T01:22:02.453+0000] {processor.py:178} INFO - Processing /home/airflow/.local/lib/python3.7/site-packages/airflow/example_dags/example_local_kubernetes_executor.py took 0.665 seconds
[2026-03-03T01:22:32.687+0000] {processor.py:156} INFO - Started process (PID=1908) to work on /home/airflow/.local/lib/python3.7/site-packages/airflow/example_dags/example_local_kubernetes_executor.py
[2026-03-03T01:22:32.689+0000] {processor.py:799} INFO - Processing file /home/airflow/.local/lib/python3.7/site-packages/airflow/example_dags/example_local_kubernetes_executor.py for tasks to queue
[2026-03-03T01:22:32.691+0000] {logging_mixin.py:149} INFO - [2026-03-03T01:22:32.690+0000] {dagbag.py:541} INFO - Filling up the DagBag from /home/airflow/.local/lib/python3.7/site-packages/airflow/example_dags/example_local_kubernetes_executor.py
[2026-03-03T01:22:33.209+0000] {processor.py:809} INFO - DAG(s) dict_keys(['example_local_kubernetes_executor']) retrieved from /home/airflow/.local/lib/python3.7/site-packages/airflow/example_dags/example_local_kubernetes_executor.py
[2026-03-03T01:22:33.298+0000] {logging_mixin.py:149} INFO - [2026-03-03T01:22:33.297+0000] {dag.py:2726} INFO - Sync 1 DAGs
[2026-03-03T01:22:33.378+0000] {logging_mixin.py:149} INFO - [2026-03-03T01:22:33.378+0000] {dag.py:3490} INFO - Setting next_dagrun for example_local_kubernetes_executor to None, run_after=None
[2026-03-03T01:22:33.455+0000] {processor.py:178} INFO - Processing /home/airflow/.local/lib/python3.7/site-packages/airflow/example_dags/example_local_kubernetes_executor.py took 0.777 seconds
[2026-03-03T01:23:03.893+0000] {processor.py:156} INFO - Started process (PID=1971) to work on /home/airflow/.local/lib/python3.7/site-packages/airflow/example_dags/example_local_kubernetes_executor.py
[2026-03-03T01:23:03.896+0000] {processor.py:799} INFO - Processing file /home/airflow/.local/lib/python3.7/site-packages/airflow/example_dags/example_local_kubernetes_executor.py for tasks to queue
[2026-03-03T01:23:03.899+0000] {logging_mixin.py:149} INFO - [2026-03-03T01:23:03.898+0000] {dagbag.py:541} INFO - Filling up the DagBag from /home/airflow/.local/lib/python3.7/site-packages/airflow/example_dags/example_local_kubernetes_executor.py
[2026-03-03T01:23:04.870+0000] {processor.py:809} INFO - DAG(s) dict_keys(['example_local_kubernetes_executor']) retrieved from /home/airflow/.local/lib/python3.7/site-packages/airflow/example_dags/example_local_kubernetes_executor.py
[2026-03-03T01:23:04.988+0000] {logging_mixin.py:149} INFO - [2026-03-03T01:23:04.988+0000] {dag.py:2726} INFO - Sync 1 DAGs
[2026-03-03T01:23:05.068+0000] {logging_mixin.py:149} INFO - [2026-03-03T01:23:05.067+0000] {dag.py:3490} INFO - Setting next_dagrun for example_local_kubernetes_executor to None, run_after=None
[2026-03-03T01:23:05.143+0000] {processor.py:178} INFO - Processing /home/airflow/.local/lib/python3.7/site-packages/airflow/example_dags/example_local_kubernetes_executor.py took 1.257 seconds
[2026-03-03T01:23:35.291+0000] {processor.py:156} INFO - Started process (PID=2036) to work on /home/airflow/.local/lib/python3.7/site-packages/airflow/example_dags/example_local_kubernetes_executor.py
[2026-03-03T01:23:35.293+0000] {processor.py:799} INFO - Processing file /home/airflow/.local/lib/python3.7/site-packages/airflow/example_dags/example_local_kubernetes_executor.py for tasks to queue
[2026-03-03T01:23:35.296+0000] {logging_mixin.py:149} INFO - [2026-03-03T01:23:35.295+0000] {dagbag.py:541} INFO - Filling up the DagBag from /home/airflow/.local/lib/python3.7/site-packages/airflow/example_dags/example_local_kubernetes_executor.py
[2026-03-03T01:23:35.754+0000] {processor.py:809} INFO - DAG(s) dict_keys(['example_local_kubernetes_executor']) retrieved from /home/airflow/.local/lib/python3.7/site-packages/airflow/example_dags/example_local_kubernetes_executor.py
[2026-03-03T01:23:35.856+0000] {logging_mixin.py:149} INFO - [2026-03-03T01:23:35.855+0000] {dag.py:2726} INFO - Sync 1 DAGs
[2026-03-03T01:23:35.930+0000] {logging_mixin.py:149} INFO - [2026-03-03T01:23:35.930+0000] {dag.py:3490} INFO - Setting next_dagrun for example_local_kubernetes_executor to None, run_after=None
[2026-03-03T01:23:35.997+0000] {processor.py:178} INFO - Processing /home/airflow/.local/lib/python3.7/site-packages/airflow/example_dags/example_local_kubernetes_executor.py took 0.714 seconds
[2026-03-03T01:24:06.786+0000] {processor.py:156} INFO - Started process (PID=2100) to work on /home/airflow/.local/lib/python3.7/site-packages/airflow/example_dags/example_local_kubernetes_executor.py
[2026-03-03T01:24:06.789+0000] {processor.py:799} INFO - Processing file /home/airflow/.local/lib/python3.7/site-packages/airflow/example_dags/example_local_kubernetes_executor.py for tasks to queue
[2026-03-03T01:24:06.790+0000] {logging_mixin.py:149} INFO - [2026-03-03T01:24:06.790+0000] {dagbag.py:541} INFO - Filling up the DagBag from /home/airflow/.local/lib/python3.7/site-packages/airflow/example_dags/example_local_kubernetes_executor.py
[2026-03-03T01:24:07.219+0000] {processor.py:809} INFO - DAG(s) dict_keys(['example_local_kubernetes_executor']) retrieved from /home/airflow/.local/lib/python3.7/site-packages/airflow/example_dags/example_local_kubernetes_executor.py
[2026-03-03T01:24:07.301+0000] {logging_mixin.py:149} INFO - [2026-03-03T01:24:07.300+0000] {dag.py:2726} INFO - Sync 1 DAGs
[2026-03-03T01:24:07.371+0000] {logging_mixin.py:149} INFO - [2026-03-03T01:24:07.370+0000] {dag.py:3490} INFO - Setting next_dagrun for example_local_kubernetes_executor to None, run_after=None
[2026-03-03T01:24:07.425+0000] {processor.py:178} INFO - Processing /home/airflow/.local/lib/python3.7/site-packages/airflow/example_dags/example_local_kubernetes_executor.py took 0.647 seconds
[2026-03-03T01:24:37.631+0000] {processor.py:156} INFO - Started process (PID=2162) to work on /home/airflow/.local/lib/python3.7/site-packages/airflow/example_dags/example_local_kubernetes_executor.py
[2026-03-03T01:24:37.634+0000] {processor.py:799} INFO - Processing file /home/airflow/.local/lib/python3.7/site-packages/airflow/example_dags/example_local_kubernetes_executor.py for tasks to queue
[2026-03-03T01:24:37.635+0000] {logging_mixin.py:149} INFO - [2026-03-03T01:24:37.635+0000] {dagbag.py:541} INFO - Filling up the DagBag from /home/airflow/.local/lib/python3.7/site-packages/airflow/example_dags/example_local_kubernetes_executor.py
[2026-03-03T01:24:37.726+0000] {processor.py:809} INFO - DAG(s) dict_keys(['example_local_kubernetes_executor']) retrieved from /home/airflow/.local/lib/python3.7/site-packages/airflow/example_dags/example_local_kubernetes_executor.py
[2026-03-03T01:24:37.743+0000] {logging_mixin.py:149} INFO - [2026-03-03T01:24:37.743+0000] {dag.py:2726} INFO - Sync 1 DAGs
[2026-03-03T01:24:37.755+0000] {logging_mixin.py:149} INFO - [2026-03-03T01:24:37.755+0000] {dag.py:3490} INFO - Setting next_dagrun for example_local_kubernetes_executor to None, run_after=None
[2026-03-03T01:24:37.764+0000] {processor.py:178} INFO - Processing /home/airflow/.local/lib/python3.7/site-packages/airflow/example_dags/example_local_kubernetes_executor.py took 0.138 seconds
[2026-03-03T01:25:07.797+0000] {processor.py:156} INFO - Started process (PID=2219) to work on /home/airflow/.local/lib/python3.7/site-packages/airflow/example_dags/example_local_kubernetes_executor.py
[2026-03-03T01:25:07.799+0000] {processor.py:799} INFO - Processing file /home/airflow/.local/lib/python3.7/site-packages/airflow/example_dags/example_local_kubernetes_executor.py for tasks to queue
[2026-03-03T01:25:07.805+0000] {logging_mixin.py:149} INFO - [2026-03-03T01:25:07.804+0000] {dagbag.py:541} INFO - Filling up the DagBag from /home/airflow/.local/lib/python3.7/site-packages/airflow/example_dags/example_local_kubernetes_executor.py
[2026-03-03T01:25:08.266+0000] {processor.py:809} INFO - DAG(s) dict_keys(['example_local_kubernetes_executor']) retrieved from /home/airflow/.local/lib/python3.7/site-packages/airflow/example_dags/example_local_kubernetes_executor.py
[2026-03-03T01:25:08.372+0000] {logging_mixin.py:149} INFO - [2026-03-03T01:25:08.372+0000] {dag.py:2726} INFO - Sync 1 DAGs
[2026-03-03T01:25:08.450+0000] {logging_mixin.py:149} INFO - [2026-03-03T01:25:08.449+0000] {dag.py:3490} INFO - Setting next_dagrun for example_local_kubernetes_executor to None, run_after=None
[2026-03-03T01:25:08.505+0000] {processor.py:178} INFO - Processing /home/airflow/.local/lib/python3.7/site-packages/airflow/example_dags/example_local_kubernetes_executor.py took 0.717 seconds
[2026-03-03T01:25:39.215+0000] {processor.py:156} INFO - Started process (PID=2282) to work on /home/airflow/.local/lib/python3.7/site-packages/airflow/example_dags/example_local_kubernetes_executor.py
[2026-03-03T01:25:39.216+0000] {processor.py:799} INFO - Processing file /home/airflow/.local/lib/python3.7/site-packages/airflow/example_dags/example_local_kubernetes_executor.py for tasks to queue
[2026-03-03T01:25:39.217+0000] {logging_mixin.py:149} INFO - [2026-03-03T01:25:39.216+0000] {dagbag.py:541} INFO - Filling up the DagBag from /home/airflow/.local/lib/python3.7/site-packages/airflow/example_dags/example_local_kubernetes_executor.py
[2026-03-03T01:25:39.333+0000] {processor.py:809} INFO - DAG(s) dict_keys(['example_local_kubernetes_executor']) retrieved from /home/airflow/.local/lib/python3.7/site-packages/airflow/example_dags/example_local_kubernetes_executor.py
[2026-03-03T01:25:39.361+0000] {logging_mixin.py:149} INFO - [2026-03-03T01:25:39.361+0000] {dag.py:2726} INFO - Sync 1 DAGs
[2026-03-03T01:25:39.378+0000] {logging_mixin.py:149} INFO - [2026-03-03T01:25:39.378+0000] {dag.py:3490} INFO - Setting next_dagrun for example_local_kubernetes_executor to None, run_after=None
[2026-03-03T01:25:39.396+0000] {processor.py:178} INFO - Processing /home/airflow/.local/lib/python3.7/site-packages/airflow/example_dags/example_local_kubernetes_executor.py took 0.187 seconds
[2026-03-03T01:26:09.944+0000] {processor.py:156} INFO - Started process (PID=2344) to work on /home/airflow/.local/lib/python3.7/site-packages/airflow/example_dags/example_local_kubernetes_executor.py
[2026-03-03T01:26:09.945+0000] {processor.py:799} INFO - Processing file /home/airflow/.local/lib/python3.7/site-packages/airflow/example_dags/example_local_kubernetes_executor.py for tasks to queue
[2026-03-03T01:26:09.946+0000] {logging_mixin.py:149} INFO - [2026-03-03T01:26:09.946+0000] {dagbag.py:541} INFO - Filling up the DagBag from /home/airflow/.local/lib/python3.7/site-packages/airflow/example_dags/example_local_kubernetes_executor.py
[2026-03-03T01:26:10.033+0000] {processor.py:809} INFO - DAG(s) dict_keys(['example_local_kubernetes_executor']) retrieved from /home/airflow/.local/lib/python3.7/site-packages/airflow/example_dags/example_local_kubernetes_executor.py
[2026-03-03T01:26:10.054+0000] {logging_mixin.py:149} INFO - [2026-03-03T01:26:10.054+0000] {dag.py:2726} INFO - Sync 1 DAGs
[2026-03-03T01:26:10.069+0000] {logging_mixin.py:149} INFO - [2026-03-03T01:26:10.069+0000] {dag.py:3490} INFO - Setting next_dagrun for example_local_kubernetes_executor to None, run_after=None
[2026-03-03T01:26:10.081+0000] {processor.py:178} INFO - Processing /home/airflow/.local/lib/python3.7/site-packages/airflow/example_dags/example_local_kubernetes_executor.py took 0.139 seconds
[2026-03-03T01:26:40.476+0000] {processor.py:156} INFO - Started process (PID=2406) to work on /home/airflow/.local/lib/python3.7/site-packages/airflow/example_dags/example_local_kubernetes_executor.py
[2026-03-03T01:26:40.477+0000] {processor.py:799} INFO - Processing file /home/airflow/.local/lib/python3.7/site-packages/airflow/example_dags/example_local_kubernetes_executor.py for tasks to queue
[2026-03-03T01:26:40.478+0000] {logging_mixin.py:149} INFO - [2026-03-03T01:26:40.478+0000] {dagbag.py:541} INFO - Filling up the DagBag from /home/airflow/.local/lib/python3.7/site-packages/airflow/example_dags/example_local_kubernetes_executor.py
[2026-03-03T01:26:40.582+0000] {processor.py:809} INFO - DAG(s) dict_keys(['example_local_kubernetes_executor']) retrieved from /home/airflow/.local/lib/python3.7/site-packages/airflow/example_dags/example_local_kubernetes_executor.py
[2026-03-03T01:26:40.607+0000] {logging_mixin.py:149} INFO - [2026-03-03T01:26:40.607+0000] {dag.py:2726} INFO - Sync 1 DAGs
[2026-03-03T01:26:40.622+0000] {logging_mixin.py:149} INFO - [2026-03-03T01:26:40.622+0000] {dag.py:3490} INFO - Setting next_dagrun for example_local_kubernetes_executor to None, run_after=None
[2026-03-03T01:26:40.639+0000] {processor.py:178} INFO - Processing /home/airflow/.local/lib/python3.7/site-packages/airflow/example_dags/example_local_kubernetes_executor.py took 0.167 seconds
[2026-03-03T01:27:11.394+0000] {processor.py:156} INFO - Started process (PID=2467) to work on /home/airflow/.local/lib/python3.7/site-packages/airflow/example_dags/example_local_kubernetes_executor.py
[2026-03-03T01:27:11.395+0000] {processor.py:799} INFO - Processing file /home/airflow/.local/lib/python3.7/site-packages/airflow/example_dags/example_local_kubernetes_executor.py for tasks to queue
[2026-03-03T01:27:11.396+0000] {logging_mixin.py:149} INFO - [2026-03-03T01:27:11.396+0000] {dagbag.py:541} INFO - Filling up the DagBag from /home/airflow/.local/lib/python3.7/site-packages/airflow/example_dags/example_local_kubernetes_executor.py
[2026-03-03T01:27:11.494+0000] {processor.py:809} INFO - DAG(s) dict_keys(['example_local_kubernetes_executor']) retrieved from /home/airflow/.local/lib/python3.7/site-packages/airflow/example_dags/example_local_kubernetes_executor.py
[2026-03-03T01:27:11.520+0000] {logging_mixin.py:149} INFO - [2026-03-03T01:27:11.520+0000] {dag.py:2726} INFO - Sync 1 DAGs
[2026-03-03T01:27:11.535+0000] {logging_mixin.py:149} INFO - [2026-03-03T01:27:11.535+0000] {dag.py:3490} INFO - Setting next_dagrun for example_local_kubernetes_executor to None, run_after=None
[2026-03-03T01:27:11.548+0000] {processor.py:178} INFO - Processing /home/airflow/.local/lib/python3.7/site-packages/airflow/example_dags/example_local_kubernetes_executor.py took 0.158 seconds
[2026-03-03T01:27:41.760+0000] {processor.py:156} INFO - Started process (PID=2529) to work on /home/airflow/.local/lib/python3.7/site-packages/airflow/example_dags/example_local_kubernetes_executor.py
[2026-03-03T01:27:41.762+0000] {processor.py:799} INFO - Processing file /home/airflow/.local/lib/python3.7/site-packages/airflow/example_dags/example_local_kubernetes_executor.py for tasks to queue
[2026-03-03T01:27:41.764+0000] {logging_mixin.py:149} INFO - [2026-03-03T01:27:41.764+0000] {dagbag.py:541} INFO - Filling up the DagBag from /home/airflow/.local/lib/python3.7/site-packages/airflow/example_dags/example_local_kubernetes_executor.py
[2026-03-03T01:27:42.267+0000] {processor.py:809} INFO - DAG(s) dict_keys(['example_local_kubernetes_executor']) retrieved from /home/airflow/.local/lib/python3.7/site-packages/airflow/example_dags/example_local_kubernetes_executor.py
[2026-03-03T01:27:42.374+0000] {logging_mixin.py:149} INFO - [2026-03-03T01:27:42.373+0000] {dag.py:2726} INFO - Sync 1 DAGs
[2026-03-03T01:27:42.457+0000] {logging_mixin.py:149} INFO - [2026-03-03T01:27:42.457+0000] {dag.py:3490} INFO - Setting next_dagrun for example_local_kubernetes_executor to None, run_after=None
[2026-03-03T01:27:42.524+0000] {processor.py:178} INFO - Processing /home/airflow/.local/lib/python3.7/site-packages/airflow/example_dags/example_local_kubernetes_executor.py took 0.773 seconds
[2026-03-03T01:28:12.809+0000] {processor.py:156} INFO - Started process (PID=2591) to work on /home/airflow/.local/lib/python3.7/site-packages/airflow/example_dags/example_local_kubernetes_executor.py
[2026-03-03T01:28:12.811+0000] {processor.py:799} INFO - Processing file /home/airflow/.local/lib/python3.7/site-packages/airflow/example_dags/example_local_kubernetes_executor.py for tasks to queue
[2026-03-03T01:28:12.812+0000] {logging_mixin.py:149} INFO - [2026-03-03T01:28:12.812+0000] {dagbag.py:541} INFO - Filling up the DagBag from /home/airflow/.local/lib/python3.7/site-packages/airflow/example_dags/example_local_kubernetes_executor.py
[2026-03-03T01:28:12.914+0000] {processor.py:809} INFO - DAG(s) dict_keys(['example_local_kubernetes_executor']) retrieved from /home/airflow/.local/lib/python3.7/site-packages/airflow/example_dags/example_local_kubernetes_executor.py
[2026-03-03T01:28:12.939+0000] {logging_mixin.py:149} INFO - [2026-03-03T01:28:12.939+0000] {dag.py:2726} INFO - Sync 1 DAGs
[2026-03-03T01:28:12.952+0000] {logging_mixin.py:149} INFO - [2026-03-03T01:28:12.952+0000] {dag.py:3490} INFO - Setting next_dagrun for example_local_kubernetes_executor to None, run_after=None
[2026-03-03T01:28:12.969+0000] {processor.py:178} INFO - Processing /home/airflow/.local/lib/python3.7/site-packages/airflow/example_dags/example_local_kubernetes_executor.py took 0.164 seconds
[2026-03-03T01:28:43.093+0000] {processor.py:156} INFO - Started process (PID=2653) to work on /home/airflow/.local/lib/python3.7/site-packages/airflow/example_dags/example_local_kubernetes_executor.py
[2026-03-03T01:28:43.095+0000] {processor.py:799} INFO - Processing file /home/airflow/.local/lib/python3.7/site-packages/airflow/example_dags/example_local_kubernetes_executor.py for tasks to queue
[2026-03-03T01:28:43.097+0000] {logging_mixin.py:149} INFO - [2026-03-03T01:28:43.097+0000] {dagbag.py:541} INFO - Filling up the DagBag from /home/airflow/.local/lib/python3.7/site-packages/airflow/example_dags/example_local_kubernetes_executor.py
[2026-03-03T01:28:43.496+0000] {processor.py:809} INFO - DAG(s) dict_keys(['example_local_kubernetes_executor']) retrieved from /home/airflow/.local/lib/python3.7/site-packages/airflow/example_dags/example_local_kubernetes_executor.py
[2026-03-03T01:28:43.575+0000] {logging_mixin.py:149} INFO - [2026-03-03T01:28:43.575+0000] {dag.py:2726} INFO - Sync 1 DAGs
[2026-03-03T01:28:43.648+0000] {logging_mixin.py:149} INFO - [2026-03-03T01:28:43.647+0000] {dag.py:3490} INFO - Setting next_dagrun for example_local_kubernetes_executor to None, run_after=None
[2026-03-03T01:28:43.709+0000] {processor.py:178} INFO - Processing /home/airflow/.local/lib/python3.7/site-packages/airflow/example_dags/example_local_kubernetes_executor.py took 0.621 seconds
[2026-03-03T01:29:13.782+0000] {processor.py:156} INFO - Started process (PID=2715) to work on /home/airflow/.local/lib/python3.7/site-packages/airflow/example_dags/example_local_kubernetes_executor.py
[2026-03-03T01:29:13.784+0000] {processor.py:799} INFO - Processing file /home/airflow/.local/lib/python3.7/site-packages/airflow/example_dags/example_local_kubernetes_executor.py for tasks to queue
[2026-03-03T01:29:13.785+0000] {logging_mixin.py:149} INFO - [2026-03-03T01:29:13.785+0000] {dagbag.py:541} INFO - Filling up the DagBag from /home/airflow/.local/lib/python3.7/site-packages/airflow/example_dags/example_local_kubernetes_executor.py
[2026-03-03T01:29:13.892+0000] {processor.py:809} INFO - DAG(s) dict_keys(['example_local_kubernetes_executor']) retrieved from /home/airflow/.local/lib/python3.7/site-packages/airflow/example_dags/example_local_kubernetes_executor.py
[2026-03-03T01:29:13.917+0000] {logging_mixin.py:149} INFO - [2026-03-03T01:29:13.917+0000] {dag.py:2726} INFO - Sync 1 DAGs
[2026-03-03T01:29:13.931+0000] {logging_mixin.py:149} INFO - [2026-03-03T01:29:13.931+0000] {dag.py:3490} INFO - Setting next_dagrun for example_local_kubernetes_executor to None, run_after=None
[2026-03-03T01:29:13.942+0000] {processor.py:178} INFO - Processing /home/airflow/.local/lib/python3.7/site-packages/airflow/example_dags/example_local_kubernetes_executor.py took 0.164 seconds
