[2026-03-03T00:56:02.705+0000] {processor.py:156} INFO - Started process (PID=33) to work on /home/airflow/.local/lib/python3.7/site-packages/airflow/example_dags/example_task_group_decorator.py
[2026-03-03T00:56:02.707+0000] {processor.py:799} INFO - Processing file /home/airflow/.local/lib/python3.7/site-packages/airflow/example_dags/example_task_group_decorator.py for tasks to queue
[2026-03-03T00:56:02.710+0000] {logging_mixin.py:149} INFO - [2026-03-03T00:56:02.709+0000] {dagbag.py:541} INFO - Filling up the DagBag from /home/airflow/.local/lib/python3.7/site-packages/airflow/example_dags/example_task_group_decorator.py
[2026-03-03T00:56:02.857+0000] {processor.py:809} INFO - DAG(s) dict_keys(['example_task_group_decorator']) retrieved from /home/airflow/.local/lib/python3.7/site-packages/airflow/example_dags/example_task_group_decorator.py
[2026-03-03T00:56:02.870+0000] {logging_mixin.py:149} INFO - [2026-03-03T00:56:02.870+0000] {dag.py:2726} INFO - Sync 1 DAGs
[2026-03-03T00:56:02.882+0000] {logging_mixin.py:149} INFO - [2026-03-03T00:56:02.882+0000] {dag.py:3490} INFO - Setting next_dagrun for example_task_group_decorator to 2026-03-02T00:56:02.882494+00:00, run_after=2026-03-03T00:56:02.882494+00:00
[2026-03-03T00:56:02.899+0000] {processor.py:178} INFO - Processing /home/airflow/.local/lib/python3.7/site-packages/airflow/example_dags/example_task_group_decorator.py took 0.198 seconds
[2026-03-03T00:56:33.631+0000] {processor.py:156} INFO - Started process (PID=102) to work on /home/airflow/.local/lib/python3.7/site-packages/airflow/example_dags/example_task_group_decorator.py
[2026-03-03T00:56:33.634+0000] {processor.py:799} INFO - Processing file /home/airflow/.local/lib/python3.7/site-packages/airflow/example_dags/example_task_group_decorator.py for tasks to queue
[2026-03-03T00:56:33.636+0000] {logging_mixin.py:149} INFO - [2026-03-03T00:56:33.636+0000] {dagbag.py:541} INFO - Filling up the DagBag from /home/airflow/.local/lib/python3.7/site-packages/airflow/example_dags/example_task_group_decorator.py
[2026-03-03T00:56:33.665+0000] {processor.py:809} INFO - DAG(s) dict_keys(['example_task_group_decorator']) retrieved from /home/airflow/.local/lib/python3.7/site-packages/airflow/example_dags/example_task_group_decorator.py
[2026-03-03T00:56:33.729+0000] {logging_mixin.py:149} INFO - [2026-03-03T00:56:33.729+0000] {dag.py:2726} INFO - Sync 1 DAGs
[2026-03-03T00:56:33.794+0000] {logging_mixin.py:149} INFO - [2026-03-03T00:56:33.793+0000] {dag.py:3490} INFO - Setting next_dagrun for example_task_group_decorator to 2026-03-02T00:56:33.793095+00:00, run_after=2026-03-03T00:56:33.793095+00:00
[2026-03-03T00:56:33.843+0000] {processor.py:178} INFO - Processing /home/airflow/.local/lib/python3.7/site-packages/airflow/example_dags/example_task_group_decorator.py took 0.220 seconds
[2026-03-03T00:57:04.060+0000] {processor.py:156} INFO - Started process (PID=164) to work on /home/airflow/.local/lib/python3.7/site-packages/airflow/example_dags/example_task_group_decorator.py
[2026-03-03T00:57:04.060+0000] {processor.py:799} INFO - Processing file /home/airflow/.local/lib/python3.7/site-packages/airflow/example_dags/example_task_group_decorator.py for tasks to queue
[2026-03-03T00:57:04.061+0000] {logging_mixin.py:149} INFO - [2026-03-03T00:57:04.061+0000] {dagbag.py:541} INFO - Filling up the DagBag from /home/airflow/.local/lib/python3.7/site-packages/airflow/example_dags/example_task_group_decorator.py
[2026-03-03T00:57:04.072+0000] {processor.py:809} INFO - DAG(s) dict_keys(['example_task_group_decorator']) retrieved from /home/airflow/.local/lib/python3.7/site-packages/airflow/example_dags/example_task_group_decorator.py
[2026-03-03T00:57:04.096+0000] {logging_mixin.py:149} INFO - [2026-03-03T00:57:04.096+0000] {dag.py:2726} INFO - Sync 1 DAGs
[2026-03-03T00:57:04.115+0000] {logging_mixin.py:149} INFO - [2026-03-03T00:57:04.114+0000] {dag.py:3490} INFO - Setting next_dagrun for example_task_group_decorator to 2026-03-02T00:57:04.114850+00:00, run_after=2026-03-03T00:57:04.114850+00:00
[2026-03-03T00:57:04.128+0000] {processor.py:178} INFO - Processing /home/airflow/.local/lib/python3.7/site-packages/airflow/example_dags/example_task_group_decorator.py took 0.071 seconds
[2026-03-03T00:57:34.911+0000] {processor.py:156} INFO - Started process (PID=226) to work on /home/airflow/.local/lib/python3.7/site-packages/airflow/example_dags/example_task_group_decorator.py
[2026-03-03T00:57:34.912+0000] {processor.py:799} INFO - Processing file /home/airflow/.local/lib/python3.7/site-packages/airflow/example_dags/example_task_group_decorator.py for tasks to queue
[2026-03-03T00:57:34.913+0000] {logging_mixin.py:149} INFO - [2026-03-03T00:57:34.913+0000] {dagbag.py:541} INFO - Filling up the DagBag from /home/airflow/.local/lib/python3.7/site-packages/airflow/example_dags/example_task_group_decorator.py
[2026-03-03T00:57:34.924+0000] {processor.py:809} INFO - DAG(s) dict_keys(['example_task_group_decorator']) retrieved from /home/airflow/.local/lib/python3.7/site-packages/airflow/example_dags/example_task_group_decorator.py
[2026-03-03T00:57:34.945+0000] {logging_mixin.py:149} INFO - [2026-03-03T00:57:34.945+0000] {dag.py:2726} INFO - Sync 1 DAGs
[2026-03-03T00:57:34.962+0000] {logging_mixin.py:149} INFO - [2026-03-03T00:57:34.962+0000] {dag.py:3490} INFO - Setting next_dagrun for example_task_group_decorator to 2026-03-02T00:57:34.962717+00:00, run_after=2026-03-03T00:57:34.962717+00:00
[2026-03-03T00:57:34.974+0000] {processor.py:178} INFO - Processing /home/airflow/.local/lib/python3.7/site-packages/airflow/example_dags/example_task_group_decorator.py took 0.066 seconds
[2026-03-03T00:58:05.309+0000] {processor.py:156} INFO - Started process (PID=288) to work on /home/airflow/.local/lib/python3.7/site-packages/airflow/example_dags/example_task_group_decorator.py
[2026-03-03T00:58:05.309+0000] {processor.py:799} INFO - Processing file /home/airflow/.local/lib/python3.7/site-packages/airflow/example_dags/example_task_group_decorator.py for tasks to queue
[2026-03-03T00:58:05.313+0000] {logging_mixin.py:149} INFO - [2026-03-03T00:58:05.313+0000] {dagbag.py:541} INFO - Filling up the DagBag from /home/airflow/.local/lib/python3.7/site-packages/airflow/example_dags/example_task_group_decorator.py
[2026-03-03T00:58:05.330+0000] {processor.py:809} INFO - DAG(s) dict_keys(['example_task_group_decorator']) retrieved from /home/airflow/.local/lib/python3.7/site-packages/airflow/example_dags/example_task_group_decorator.py
[2026-03-03T00:58:05.359+0000] {logging_mixin.py:149} INFO - [2026-03-03T00:58:05.359+0000] {dag.py:2726} INFO - Sync 1 DAGs
[2026-03-03T00:58:05.378+0000] {logging_mixin.py:149} INFO - [2026-03-03T00:58:05.378+0000] {dag.py:3490} INFO - Setting next_dagrun for example_task_group_decorator to 2026-03-02T00:58:05.378189+00:00, run_after=2026-03-03T00:58:05.378189+00:00
[2026-03-03T00:58:05.396+0000] {processor.py:178} INFO - Processing /home/airflow/.local/lib/python3.7/site-packages/airflow/example_dags/example_task_group_decorator.py took 0.091 seconds
[2026-03-03T00:58:36.225+0000] {processor.py:156} INFO - Started process (PID=350) to work on /home/airflow/.local/lib/python3.7/site-packages/airflow/example_dags/example_task_group_decorator.py
[2026-03-03T00:58:36.229+0000] {processor.py:799} INFO - Processing file /home/airflow/.local/lib/python3.7/site-packages/airflow/example_dags/example_task_group_decorator.py for tasks to queue
[2026-03-03T00:58:36.230+0000] {logging_mixin.py:149} INFO - [2026-03-03T00:58:36.230+0000] {dagbag.py:541} INFO - Filling up the DagBag from /home/airflow/.local/lib/python3.7/site-packages/airflow/example_dags/example_task_group_decorator.py
[2026-03-03T00:58:36.237+0000] {processor.py:809} INFO - DAG(s) dict_keys(['example_task_group_decorator']) retrieved from /home/airflow/.local/lib/python3.7/site-packages/airflow/example_dags/example_task_group_decorator.py
[2026-03-03T00:58:36.256+0000] {logging_mixin.py:149} INFO - [2026-03-03T00:58:36.256+0000] {dag.py:2726} INFO - Sync 1 DAGs
[2026-03-03T00:58:36.270+0000] {logging_mixin.py:149} INFO - [2026-03-03T00:58:36.270+0000] {dag.py:3490} INFO - Setting next_dagrun for example_task_group_decorator to 2026-03-02T00:58:36.269814+00:00, run_after=2026-03-03T00:58:36.269814+00:00
[2026-03-03T00:58:36.281+0000] {processor.py:178} INFO - Processing /home/airflow/.local/lib/python3.7/site-packages/airflow/example_dags/example_task_group_decorator.py took 0.059 seconds
[2026-03-03T00:59:07.232+0000] {processor.py:156} INFO - Started process (PID=412) to work on /home/airflow/.local/lib/python3.7/site-packages/airflow/example_dags/example_task_group_decorator.py
[2026-03-03T00:59:07.233+0000] {processor.py:799} INFO - Processing file /home/airflow/.local/lib/python3.7/site-packages/airflow/example_dags/example_task_group_decorator.py for tasks to queue
[2026-03-03T00:59:07.236+0000] {logging_mixin.py:149} INFO - [2026-03-03T00:59:07.236+0000] {dagbag.py:541} INFO - Filling up the DagBag from /home/airflow/.local/lib/python3.7/site-packages/airflow/example_dags/example_task_group_decorator.py
[2026-03-03T00:59:07.248+0000] {processor.py:809} INFO - DAG(s) dict_keys(['example_task_group_decorator']) retrieved from /home/airflow/.local/lib/python3.7/site-packages/airflow/example_dags/example_task_group_decorator.py
[2026-03-03T00:59:07.272+0000] {logging_mixin.py:149} INFO - [2026-03-03T00:59:07.272+0000] {dag.py:2726} INFO - Sync 1 DAGs
[2026-03-03T00:59:07.291+0000] {logging_mixin.py:149} INFO - [2026-03-03T00:59:07.291+0000] {dag.py:3490} INFO - Setting next_dagrun for example_task_group_decorator to 2026-03-02T00:59:07.291075+00:00, run_after=2026-03-03T00:59:07.291075+00:00
[2026-03-03T00:59:07.304+0000] {processor.py:178} INFO - Processing /home/airflow/.local/lib/python3.7/site-packages/airflow/example_dags/example_task_group_decorator.py took 0.076 seconds
[2026-03-03T00:59:38.044+0000] {processor.py:156} INFO - Started process (PID=474) to work on /home/airflow/.local/lib/python3.7/site-packages/airflow/example_dags/example_task_group_decorator.py
[2026-03-03T00:59:38.045+0000] {processor.py:799} INFO - Processing file /home/airflow/.local/lib/python3.7/site-packages/airflow/example_dags/example_task_group_decorator.py for tasks to queue
[2026-03-03T00:59:38.047+0000] {logging_mixin.py:149} INFO - [2026-03-03T00:59:38.046+0000] {dagbag.py:541} INFO - Filling up the DagBag from /home/airflow/.local/lib/python3.7/site-packages/airflow/example_dags/example_task_group_decorator.py
[2026-03-03T00:59:38.055+0000] {processor.py:809} INFO - DAG(s) dict_keys(['example_task_group_decorator']) retrieved from /home/airflow/.local/lib/python3.7/site-packages/airflow/example_dags/example_task_group_decorator.py
[2026-03-03T00:59:38.076+0000] {logging_mixin.py:149} INFO - [2026-03-03T00:59:38.076+0000] {dag.py:2726} INFO - Sync 1 DAGs
[2026-03-03T00:59:38.091+0000] {logging_mixin.py:149} INFO - [2026-03-03T00:59:38.091+0000] {dag.py:3490} INFO - Setting next_dagrun for example_task_group_decorator to 2026-03-02T00:59:38.091036+00:00, run_after=2026-03-03T00:59:38.091036+00:00
[2026-03-03T00:59:38.100+0000] {processor.py:178} INFO - Processing /home/airflow/.local/lib/python3.7/site-packages/airflow/example_dags/example_task_group_decorator.py took 0.059 seconds
[2026-03-03T01:00:08.375+0000] {processor.py:156} INFO - Started process (PID=536) to work on /home/airflow/.local/lib/python3.7/site-packages/airflow/example_dags/example_task_group_decorator.py
[2026-03-03T01:00:08.376+0000] {processor.py:799} INFO - Processing file /home/airflow/.local/lib/python3.7/site-packages/airflow/example_dags/example_task_group_decorator.py for tasks to queue
[2026-03-03T01:00:08.380+0000] {logging_mixin.py:149} INFO - [2026-03-03T01:00:08.380+0000] {dagbag.py:541} INFO - Filling up the DagBag from /home/airflow/.local/lib/python3.7/site-packages/airflow/example_dags/example_task_group_decorator.py
[2026-03-03T01:00:08.417+0000] {processor.py:809} INFO - DAG(s) dict_keys(['example_task_group_decorator']) retrieved from /home/airflow/.local/lib/python3.7/site-packages/airflow/example_dags/example_task_group_decorator.py
[2026-03-03T01:00:08.485+0000] {logging_mixin.py:149} INFO - [2026-03-03T01:00:08.485+0000] {dag.py:2726} INFO - Sync 1 DAGs
[2026-03-03T01:00:08.566+0000] {logging_mixin.py:149} INFO - [2026-03-03T01:00:08.565+0000] {dag.py:3490} INFO - Setting next_dagrun for example_task_group_decorator to 2026-03-02T01:00:08.565118+00:00, run_after=2026-03-03T01:00:08.565118+00:00
[2026-03-03T01:00:08.632+0000] {processor.py:178} INFO - Processing /home/airflow/.local/lib/python3.7/site-packages/airflow/example_dags/example_task_group_decorator.py took 0.269 seconds
[2026-03-03T01:00:38.921+0000] {processor.py:156} INFO - Started process (PID=598) to work on /home/airflow/.local/lib/python3.7/site-packages/airflow/example_dags/example_task_group_decorator.py
[2026-03-03T01:00:38.923+0000] {processor.py:799} INFO - Processing file /home/airflow/.local/lib/python3.7/site-packages/airflow/example_dags/example_task_group_decorator.py for tasks to queue
[2026-03-03T01:00:38.926+0000] {logging_mixin.py:149} INFO - [2026-03-03T01:00:38.925+0000] {dagbag.py:541} INFO - Filling up the DagBag from /home/airflow/.local/lib/python3.7/site-packages/airflow/example_dags/example_task_group_decorator.py
[2026-03-03T01:00:38.969+0000] {processor.py:809} INFO - DAG(s) dict_keys(['example_task_group_decorator']) retrieved from /home/airflow/.local/lib/python3.7/site-packages/airflow/example_dags/example_task_group_decorator.py
[2026-03-03T01:00:39.043+0000] {logging_mixin.py:149} INFO - [2026-03-03T01:00:39.042+0000] {dag.py:2726} INFO - Sync 1 DAGs
[2026-03-03T01:00:39.111+0000] {logging_mixin.py:149} INFO - [2026-03-03T01:00:39.111+0000] {dag.py:3490} INFO - Setting next_dagrun for example_task_group_decorator to 2026-03-02T01:00:39.110282+00:00, run_after=2026-03-03T01:00:39.110282+00:00
[2026-03-03T01:00:39.173+0000] {processor.py:178} INFO - Processing /home/airflow/.local/lib/python3.7/site-packages/airflow/example_dags/example_task_group_decorator.py took 0.261 seconds
[2026-03-03T01:01:10.095+0000] {processor.py:156} INFO - Started process (PID=661) to work on /home/airflow/.local/lib/python3.7/site-packages/airflow/example_dags/example_task_group_decorator.py
[2026-03-03T01:01:10.096+0000] {processor.py:799} INFO - Processing file /home/airflow/.local/lib/python3.7/site-packages/airflow/example_dags/example_task_group_decorator.py for tasks to queue
[2026-03-03T01:01:10.097+0000] {logging_mixin.py:149} INFO - [2026-03-03T01:01:10.097+0000] {dagbag.py:541} INFO - Filling up the DagBag from /home/airflow/.local/lib/python3.7/site-packages/airflow/example_dags/example_task_group_decorator.py
[2026-03-03T01:01:10.113+0000] {processor.py:809} INFO - DAG(s) dict_keys(['example_task_group_decorator']) retrieved from /home/airflow/.local/lib/python3.7/site-packages/airflow/example_dags/example_task_group_decorator.py
[2026-03-03T01:01:10.131+0000] {logging_mixin.py:149} INFO - [2026-03-03T01:01:10.131+0000] {dag.py:2726} INFO - Sync 1 DAGs
[2026-03-03T01:01:10.146+0000] {logging_mixin.py:149} INFO - [2026-03-03T01:01:10.146+0000] {dag.py:3490} INFO - Setting next_dagrun for example_task_group_decorator to 2026-03-02T01:01:10.146382+00:00, run_after=2026-03-03T01:01:10.146382+00:00
[2026-03-03T01:01:10.157+0000] {processor.py:178} INFO - Processing /home/airflow/.local/lib/python3.7/site-packages/airflow/example_dags/example_task_group_decorator.py took 0.065 seconds
[2026-03-03T01:01:40.770+0000] {processor.py:156} INFO - Started process (PID=723) to work on /home/airflow/.local/lib/python3.7/site-packages/airflow/example_dags/example_task_group_decorator.py
[2026-03-03T01:01:40.770+0000] {processor.py:799} INFO - Processing file /home/airflow/.local/lib/python3.7/site-packages/airflow/example_dags/example_task_group_decorator.py for tasks to queue
[2026-03-03T01:01:40.771+0000] {logging_mixin.py:149} INFO - [2026-03-03T01:01:40.771+0000] {dagbag.py:541} INFO - Filling up the DagBag from /home/airflow/.local/lib/python3.7/site-packages/airflow/example_dags/example_task_group_decorator.py
[2026-03-03T01:01:40.778+0000] {processor.py:809} INFO - DAG(s) dict_keys(['example_task_group_decorator']) retrieved from /home/airflow/.local/lib/python3.7/site-packages/airflow/example_dags/example_task_group_decorator.py
[2026-03-03T01:01:40.796+0000] {logging_mixin.py:149} INFO - [2026-03-03T01:01:40.796+0000] {dag.py:2726} INFO - Sync 1 DAGs
[2026-03-03T01:01:40.809+0000] {logging_mixin.py:149} INFO - [2026-03-03T01:01:40.809+0000] {dag.py:3490} INFO - Setting next_dagrun for example_task_group_decorator to 2026-03-02T01:01:40.809196+00:00, run_after=2026-03-03T01:01:40.809196+00:00
[2026-03-03T01:01:40.823+0000] {processor.py:178} INFO - Processing /home/airflow/.local/lib/python3.7/site-packages/airflow/example_dags/example_task_group_decorator.py took 0.057 seconds
[2026-03-03T01:02:11.602+0000] {processor.py:156} INFO - Started process (PID=785) to work on /home/airflow/.local/lib/python3.7/site-packages/airflow/example_dags/example_task_group_decorator.py
[2026-03-03T01:02:11.603+0000] {processor.py:799} INFO - Processing file /home/airflow/.local/lib/python3.7/site-packages/airflow/example_dags/example_task_group_decorator.py for tasks to queue
[2026-03-03T01:02:11.604+0000] {logging_mixin.py:149} INFO - [2026-03-03T01:02:11.604+0000] {dagbag.py:541} INFO - Filling up the DagBag from /home/airflow/.local/lib/python3.7/site-packages/airflow/example_dags/example_task_group_decorator.py
[2026-03-03T01:02:11.614+0000] {processor.py:809} INFO - DAG(s) dict_keys(['example_task_group_decorator']) retrieved from /home/airflow/.local/lib/python3.7/site-packages/airflow/example_dags/example_task_group_decorator.py
[2026-03-03T01:02:11.633+0000] {logging_mixin.py:149} INFO - [2026-03-03T01:02:11.632+0000] {dag.py:2726} INFO - Sync 1 DAGs
[2026-03-03T01:02:11.646+0000] {logging_mixin.py:149} INFO - [2026-03-03T01:02:11.646+0000] {dag.py:3490} INFO - Setting next_dagrun for example_task_group_decorator to 2026-03-02T01:02:11.646519+00:00, run_after=2026-03-03T01:02:11.646519+00:00
[2026-03-03T01:02:11.657+0000] {processor.py:178} INFO - Processing /home/airflow/.local/lib/python3.7/site-packages/airflow/example_dags/example_task_group_decorator.py took 0.058 seconds
[2026-03-03T01:02:42.377+0000] {processor.py:156} INFO - Started process (PID=847) to work on /home/airflow/.local/lib/python3.7/site-packages/airflow/example_dags/example_task_group_decorator.py
[2026-03-03T01:02:42.378+0000] {processor.py:799} INFO - Processing file /home/airflow/.local/lib/python3.7/site-packages/airflow/example_dags/example_task_group_decorator.py for tasks to queue
[2026-03-03T01:02:42.379+0000] {logging_mixin.py:149} INFO - [2026-03-03T01:02:42.378+0000] {dagbag.py:541} INFO - Filling up the DagBag from /home/airflow/.local/lib/python3.7/site-packages/airflow/example_dags/example_task_group_decorator.py
[2026-03-03T01:02:42.394+0000] {processor.py:809} INFO - DAG(s) dict_keys(['example_task_group_decorator']) retrieved from /home/airflow/.local/lib/python3.7/site-packages/airflow/example_dags/example_task_group_decorator.py
[2026-03-03T01:02:42.414+0000] {logging_mixin.py:149} INFO - [2026-03-03T01:02:42.413+0000] {dag.py:2726} INFO - Sync 1 DAGs
[2026-03-03T01:02:42.426+0000] {logging_mixin.py:149} INFO - [2026-03-03T01:02:42.426+0000] {dag.py:3490} INFO - Setting next_dagrun for example_task_group_decorator to 2026-03-02T01:02:42.426595+00:00, run_after=2026-03-03T01:02:42.426595+00:00
[2026-03-03T01:02:42.436+0000] {processor.py:178} INFO - Processing /home/airflow/.local/lib/python3.7/site-packages/airflow/example_dags/example_task_group_decorator.py took 0.063 seconds
[2026-03-03T01:03:13.121+0000] {processor.py:156} INFO - Started process (PID=909) to work on /home/airflow/.local/lib/python3.7/site-packages/airflow/example_dags/example_task_group_decorator.py
[2026-03-03T01:03:13.122+0000] {processor.py:799} INFO - Processing file /home/airflow/.local/lib/python3.7/site-packages/airflow/example_dags/example_task_group_decorator.py for tasks to queue
[2026-03-03T01:03:13.123+0000] {logging_mixin.py:149} INFO - [2026-03-03T01:03:13.123+0000] {dagbag.py:541} INFO - Filling up the DagBag from /home/airflow/.local/lib/python3.7/site-packages/airflow/example_dags/example_task_group_decorator.py
[2026-03-03T01:03:13.130+0000] {processor.py:809} INFO - DAG(s) dict_keys(['example_task_group_decorator']) retrieved from /home/airflow/.local/lib/python3.7/site-packages/airflow/example_dags/example_task_group_decorator.py
[2026-03-03T01:03:13.144+0000] {logging_mixin.py:149} INFO - [2026-03-03T01:03:13.144+0000] {dag.py:2726} INFO - Sync 1 DAGs
[2026-03-03T01:03:13.155+0000] {logging_mixin.py:149} INFO - [2026-03-03T01:03:13.155+0000] {dag.py:3490} INFO - Setting next_dagrun for example_task_group_decorator to 2026-03-02T01:03:13.155037+00:00, run_after=2026-03-03T01:03:13.155037+00:00
[2026-03-03T01:03:13.164+0000] {processor.py:178} INFO - Processing /home/airflow/.local/lib/python3.7/site-packages/airflow/example_dags/example_task_group_decorator.py took 0.046 seconds
[2026-03-03T01:03:43.868+0000] {processor.py:156} INFO - Started process (PID=971) to work on /home/airflow/.local/lib/python3.7/site-packages/airflow/example_dags/example_task_group_decorator.py
[2026-03-03T01:03:43.868+0000] {processor.py:799} INFO - Processing file /home/airflow/.local/lib/python3.7/site-packages/airflow/example_dags/example_task_group_decorator.py for tasks to queue
[2026-03-03T01:03:43.869+0000] {logging_mixin.py:149} INFO - [2026-03-03T01:03:43.869+0000] {dagbag.py:541} INFO - Filling up the DagBag from /home/airflow/.local/lib/python3.7/site-packages/airflow/example_dags/example_task_group_decorator.py
[2026-03-03T01:03:43.879+0000] {processor.py:809} INFO - DAG(s) dict_keys(['example_task_group_decorator']) retrieved from /home/airflow/.local/lib/python3.7/site-packages/airflow/example_dags/example_task_group_decorator.py
[2026-03-03T01:03:43.902+0000] {logging_mixin.py:149} INFO - [2026-03-03T01:03:43.902+0000] {dag.py:2726} INFO - Sync 1 DAGs
[2026-03-03T01:03:43.916+0000] {logging_mixin.py:149} INFO - [2026-03-03T01:03:43.916+0000] {dag.py:3490} INFO - Setting next_dagrun for example_task_group_decorator to 2026-03-02T01:03:43.916308+00:00, run_after=2026-03-03T01:03:43.916308+00:00
[2026-03-03T01:03:43.925+0000] {processor.py:178} INFO - Processing /home/airflow/.local/lib/python3.7/site-packages/airflow/example_dags/example_task_group_decorator.py took 0.061 seconds
[2026-03-03T01:04:14.762+0000] {processor.py:156} INFO - Started process (PID=1033) to work on /home/airflow/.local/lib/python3.7/site-packages/airflow/example_dags/example_task_group_decorator.py
[2026-03-03T01:04:14.763+0000] {processor.py:799} INFO - Processing file /home/airflow/.local/lib/python3.7/site-packages/airflow/example_dags/example_task_group_decorator.py for tasks to queue
[2026-03-03T01:04:14.764+0000] {logging_mixin.py:149} INFO - [2026-03-03T01:04:14.764+0000] {dagbag.py:541} INFO - Filling up the DagBag from /home/airflow/.local/lib/python3.7/site-packages/airflow/example_dags/example_task_group_decorator.py
[2026-03-03T01:04:14.778+0000] {processor.py:809} INFO - DAG(s) dict_keys(['example_task_group_decorator']) retrieved from /home/airflow/.local/lib/python3.7/site-packages/airflow/example_dags/example_task_group_decorator.py
[2026-03-03T01:04:14.803+0000] {logging_mixin.py:149} INFO - [2026-03-03T01:04:14.803+0000] {dag.py:2726} INFO - Sync 1 DAGs
[2026-03-03T01:04:14.817+0000] {logging_mixin.py:149} INFO - [2026-03-03T01:04:14.817+0000] {dag.py:3490} INFO - Setting next_dagrun for example_task_group_decorator to 2026-03-02T01:04:14.816975+00:00, run_after=2026-03-03T01:04:14.816975+00:00
[2026-03-03T01:04:14.827+0000] {processor.py:178} INFO - Processing /home/airflow/.local/lib/python3.7/site-packages/airflow/example_dags/example_task_group_decorator.py took 0.069 seconds
[2026-03-03T01:04:45.243+0000] {processor.py:156} INFO - Started process (PID=1095) to work on /home/airflow/.local/lib/python3.7/site-packages/airflow/example_dags/example_task_group_decorator.py
[2026-03-03T01:04:45.244+0000] {processor.py:799} INFO - Processing file /home/airflow/.local/lib/python3.7/site-packages/airflow/example_dags/example_task_group_decorator.py for tasks to queue
[2026-03-03T01:04:45.245+0000] {logging_mixin.py:149} INFO - [2026-03-03T01:04:45.245+0000] {dagbag.py:541} INFO - Filling up the DagBag from /home/airflow/.local/lib/python3.7/site-packages/airflow/example_dags/example_task_group_decorator.py
[2026-03-03T01:04:45.259+0000] {processor.py:809} INFO - DAG(s) dict_keys(['example_task_group_decorator']) retrieved from /home/airflow/.local/lib/python3.7/site-packages/airflow/example_dags/example_task_group_decorator.py
[2026-03-03T01:04:45.279+0000] {logging_mixin.py:149} INFO - [2026-03-03T01:04:45.279+0000] {dag.py:2726} INFO - Sync 1 DAGs
[2026-03-03T01:04:45.294+0000] {logging_mixin.py:149} INFO - [2026-03-03T01:04:45.294+0000] {dag.py:3490} INFO - Setting next_dagrun for example_task_group_decorator to 2026-03-02T01:04:45.294187+00:00, run_after=2026-03-03T01:04:45.294187+00:00
[2026-03-03T01:04:45.303+0000] {processor.py:178} INFO - Processing /home/airflow/.local/lib/python3.7/site-packages/airflow/example_dags/example_task_group_decorator.py took 0.064 seconds
[2026-03-03T01:05:16.006+0000] {processor.py:156} INFO - Started process (PID=1157) to work on /home/airflow/.local/lib/python3.7/site-packages/airflow/example_dags/example_task_group_decorator.py
[2026-03-03T01:05:16.007+0000] {processor.py:799} INFO - Processing file /home/airflow/.local/lib/python3.7/site-packages/airflow/example_dags/example_task_group_decorator.py for tasks to queue
[2026-03-03T01:05:16.008+0000] {logging_mixin.py:149} INFO - [2026-03-03T01:05:16.008+0000] {dagbag.py:541} INFO - Filling up the DagBag from /home/airflow/.local/lib/python3.7/site-packages/airflow/example_dags/example_task_group_decorator.py
[2026-03-03T01:05:16.024+0000] {processor.py:809} INFO - DAG(s) dict_keys(['example_task_group_decorator']) retrieved from /home/airflow/.local/lib/python3.7/site-packages/airflow/example_dags/example_task_group_decorator.py
[2026-03-03T01:05:16.044+0000] {logging_mixin.py:149} INFO - [2026-03-03T01:05:16.044+0000] {dag.py:2726} INFO - Sync 1 DAGs
[2026-03-03T01:05:16.057+0000] {logging_mixin.py:149} INFO - [2026-03-03T01:05:16.057+0000] {dag.py:3490} INFO - Setting next_dagrun for example_task_group_decorator to 2026-03-02T01:05:16.057512+00:00, run_after=2026-03-03T01:05:16.057512+00:00
[2026-03-03T01:05:16.068+0000] {processor.py:178} INFO - Processing /home/airflow/.local/lib/python3.7/site-packages/airflow/example_dags/example_task_group_decorator.py took 0.066 seconds
[2026-03-03T01:05:46.806+0000] {processor.py:156} INFO - Started process (PID=1219) to work on /home/airflow/.local/lib/python3.7/site-packages/airflow/example_dags/example_task_group_decorator.py
[2026-03-03T01:05:46.807+0000] {processor.py:799} INFO - Processing file /home/airflow/.local/lib/python3.7/site-packages/airflow/example_dags/example_task_group_decorator.py for tasks to queue
[2026-03-03T01:05:46.808+0000] {logging_mixin.py:149} INFO - [2026-03-03T01:05:46.808+0000] {dagbag.py:541} INFO - Filling up the DagBag from /home/airflow/.local/lib/python3.7/site-packages/airflow/example_dags/example_task_group_decorator.py
[2026-03-03T01:05:46.823+0000] {processor.py:809} INFO - DAG(s) dict_keys(['example_task_group_decorator']) retrieved from /home/airflow/.local/lib/python3.7/site-packages/airflow/example_dags/example_task_group_decorator.py
[2026-03-03T01:05:46.846+0000] {logging_mixin.py:149} INFO - [2026-03-03T01:05:46.846+0000] {dag.py:2726} INFO - Sync 1 DAGs
[2026-03-03T01:05:46.860+0000] {logging_mixin.py:149} INFO - [2026-03-03T01:05:46.860+0000] {dag.py:3490} INFO - Setting next_dagrun for example_task_group_decorator to 2026-03-02T01:05:46.860067+00:00, run_after=2026-03-03T01:05:46.860067+00:00
[2026-03-03T01:05:46.871+0000] {processor.py:178} INFO - Processing /home/airflow/.local/lib/python3.7/site-packages/airflow/example_dags/example_task_group_decorator.py took 0.070 seconds
[2026-03-03T01:06:17.377+0000] {processor.py:156} INFO - Started process (PID=1281) to work on /home/airflow/.local/lib/python3.7/site-packages/airflow/example_dags/example_task_group_decorator.py
[2026-03-03T01:06:17.378+0000] {processor.py:799} INFO - Processing file /home/airflow/.local/lib/python3.7/site-packages/airflow/example_dags/example_task_group_decorator.py for tasks to queue
[2026-03-03T01:06:17.378+0000] {logging_mixin.py:149} INFO - [2026-03-03T01:06:17.378+0000] {dagbag.py:541} INFO - Filling up the DagBag from /home/airflow/.local/lib/python3.7/site-packages/airflow/example_dags/example_task_group_decorator.py
[2026-03-03T01:06:17.384+0000] {processor.py:809} INFO - DAG(s) dict_keys(['example_task_group_decorator']) retrieved from /home/airflow/.local/lib/python3.7/site-packages/airflow/example_dags/example_task_group_decorator.py
[2026-03-03T01:06:17.397+0000] {logging_mixin.py:149} INFO - [2026-03-03T01:06:17.397+0000] {dag.py:2726} INFO - Sync 1 DAGs
[2026-03-03T01:06:17.408+0000] {logging_mixin.py:149} INFO - [2026-03-03T01:06:17.408+0000] {dag.py:3490} INFO - Setting next_dagrun for example_task_group_decorator to 2026-03-02T01:06:17.408029+00:00, run_after=2026-03-03T01:06:17.408029+00:00
[2026-03-03T01:06:17.415+0000] {processor.py:178} INFO - Processing /home/airflow/.local/lib/python3.7/site-packages/airflow/example_dags/example_task_group_decorator.py took 0.040 seconds
[2026-03-03T01:07:08.800+0000] {processor.py:156} INFO - Started process (PID=32) to work on /home/airflow/.local/lib/python3.7/site-packages/airflow/example_dags/example_task_group_decorator.py
[2026-03-03T01:07:08.803+0000] {processor.py:799} INFO - Processing file /home/airflow/.local/lib/python3.7/site-packages/airflow/example_dags/example_task_group_decorator.py for tasks to queue
[2026-03-03T01:07:08.803+0000] {logging_mixin.py:149} INFO - [2026-03-03T01:07:08.803+0000] {dagbag.py:541} INFO - Filling up the DagBag from /home/airflow/.local/lib/python3.7/site-packages/airflow/example_dags/example_task_group_decorator.py
[2026-03-03T01:07:08.814+0000] {processor.py:809} INFO - DAG(s) dict_keys(['example_task_group_decorator']) retrieved from /home/airflow/.local/lib/python3.7/site-packages/airflow/example_dags/example_task_group_decorator.py
[2026-03-03T01:07:08.831+0000] {logging_mixin.py:149} INFO - [2026-03-03T01:07:08.831+0000] {dag.py:2726} INFO - Sync 1 DAGs
[2026-03-03T01:07:08.851+0000] {logging_mixin.py:149} INFO - [2026-03-03T01:07:08.851+0000] {dag.py:3490} INFO - Setting next_dagrun for example_task_group_decorator to 2026-03-02T01:07:08.850601+00:00, run_after=2026-03-03T01:07:08.850601+00:00
[2026-03-03T01:07:08.865+0000] {processor.py:178} INFO - Processing /home/airflow/.local/lib/python3.7/site-packages/airflow/example_dags/example_task_group_decorator.py took 0.067 seconds
[2026-03-03T01:07:38.903+0000] {processor.py:156} INFO - Started process (PID=94) to work on /home/airflow/.local/lib/python3.7/site-packages/airflow/example_dags/example_task_group_decorator.py
[2026-03-03T01:07:38.904+0000] {processor.py:799} INFO - Processing file /home/airflow/.local/lib/python3.7/site-packages/airflow/example_dags/example_task_group_decorator.py for tasks to queue
[2026-03-03T01:07:38.905+0000] {logging_mixin.py:149} INFO - [2026-03-03T01:07:38.905+0000] {dagbag.py:541} INFO - Filling up the DagBag from /home/airflow/.local/lib/python3.7/site-packages/airflow/example_dags/example_task_group_decorator.py
[2026-03-03T01:07:38.915+0000] {processor.py:809} INFO - DAG(s) dict_keys(['example_task_group_decorator']) retrieved from /home/airflow/.local/lib/python3.7/site-packages/airflow/example_dags/example_task_group_decorator.py
[2026-03-03T01:07:38.936+0000] {logging_mixin.py:149} INFO - [2026-03-03T01:07:38.936+0000] {dag.py:2726} INFO - Sync 1 DAGs
[2026-03-03T01:07:38.952+0000] {logging_mixin.py:149} INFO - [2026-03-03T01:07:38.951+0000] {dag.py:3490} INFO - Setting next_dagrun for example_task_group_decorator to 2026-03-02T01:07:38.951843+00:00, run_after=2026-03-03T01:07:38.951843+00:00
[2026-03-03T01:07:38.967+0000] {processor.py:178} INFO - Processing /home/airflow/.local/lib/python3.7/site-packages/airflow/example_dags/example_task_group_decorator.py took 0.067 seconds
[2026-03-03T01:08:09.128+0000] {processor.py:156} INFO - Started process (PID=156) to work on /home/airflow/.local/lib/python3.7/site-packages/airflow/example_dags/example_task_group_decorator.py
[2026-03-03T01:08:09.132+0000] {processor.py:799} INFO - Processing file /home/airflow/.local/lib/python3.7/site-packages/airflow/example_dags/example_task_group_decorator.py for tasks to queue
[2026-03-03T01:08:09.134+0000] {logging_mixin.py:149} INFO - [2026-03-03T01:08:09.134+0000] {dagbag.py:541} INFO - Filling up the DagBag from /home/airflow/.local/lib/python3.7/site-packages/airflow/example_dags/example_task_group_decorator.py
[2026-03-03T01:08:09.166+0000] {processor.py:809} INFO - DAG(s) dict_keys(['example_task_group_decorator']) retrieved from /home/airflow/.local/lib/python3.7/site-packages/airflow/example_dags/example_task_group_decorator.py
[2026-03-03T01:08:09.214+0000] {logging_mixin.py:149} INFO - [2026-03-03T01:08:09.213+0000] {dag.py:2726} INFO - Sync 1 DAGs
[2026-03-03T01:08:09.535+0000] {logging_mixin.py:149} INFO - [2026-03-03T01:08:09.535+0000] {dag.py:3490} INFO - Setting next_dagrun for example_task_group_decorator to 2026-03-02T01:08:09.535127+00:00, run_after=2026-03-03T01:08:09.535127+00:00
[2026-03-03T01:08:09.598+0000] {processor.py:178} INFO - Processing /home/airflow/.local/lib/python3.7/site-packages/airflow/example_dags/example_task_group_decorator.py took 0.477 seconds
[2026-03-03T01:08:40.294+0000] {processor.py:156} INFO - Started process (PID=218) to work on /home/airflow/.local/lib/python3.7/site-packages/airflow/example_dags/example_task_group_decorator.py
[2026-03-03T01:08:40.295+0000] {processor.py:799} INFO - Processing file /home/airflow/.local/lib/python3.7/site-packages/airflow/example_dags/example_task_group_decorator.py for tasks to queue
[2026-03-03T01:08:40.298+0000] {logging_mixin.py:149} INFO - [2026-03-03T01:08:40.298+0000] {dagbag.py:541} INFO - Filling up the DagBag from /home/airflow/.local/lib/python3.7/site-packages/airflow/example_dags/example_task_group_decorator.py
[2026-03-03T01:08:40.310+0000] {processor.py:809} INFO - DAG(s) dict_keys(['example_task_group_decorator']) retrieved from /home/airflow/.local/lib/python3.7/site-packages/airflow/example_dags/example_task_group_decorator.py
[2026-03-03T01:08:40.337+0000] {logging_mixin.py:149} INFO - [2026-03-03T01:08:40.337+0000] {dag.py:2726} INFO - Sync 1 DAGs
[2026-03-03T01:08:40.350+0000] {logging_mixin.py:149} INFO - [2026-03-03T01:08:40.350+0000] {dag.py:3490} INFO - Setting next_dagrun for example_task_group_decorator to 2026-03-02T01:08:40.350089+00:00, run_after=2026-03-03T01:08:40.350089+00:00
[2026-03-03T01:08:40.364+0000] {processor.py:178} INFO - Processing /home/airflow/.local/lib/python3.7/site-packages/airflow/example_dags/example_task_group_decorator.py took 0.072 seconds
[2026-03-03T01:09:11.221+0000] {processor.py:156} INFO - Started process (PID=287) to work on /home/airflow/.local/lib/python3.7/site-packages/airflow/example_dags/example_task_group_decorator.py
[2026-03-03T01:09:11.224+0000] {processor.py:799} INFO - Processing file /home/airflow/.local/lib/python3.7/site-packages/airflow/example_dags/example_task_group_decorator.py for tasks to queue
[2026-03-03T01:09:11.225+0000] {logging_mixin.py:149} INFO - [2026-03-03T01:09:11.225+0000] {dagbag.py:541} INFO - Filling up the DagBag from /home/airflow/.local/lib/python3.7/site-packages/airflow/example_dags/example_task_group_decorator.py
[2026-03-03T01:09:11.235+0000] {processor.py:809} INFO - DAG(s) dict_keys(['example_task_group_decorator']) retrieved from /home/airflow/.local/lib/python3.7/site-packages/airflow/example_dags/example_task_group_decorator.py
[2026-03-03T01:09:11.258+0000] {logging_mixin.py:149} INFO - [2026-03-03T01:09:11.258+0000] {dag.py:2726} INFO - Sync 1 DAGs
[2026-03-03T01:09:11.278+0000] {logging_mixin.py:149} INFO - [2026-03-03T01:09:11.278+0000] {dag.py:3490} INFO - Setting next_dagrun for example_task_group_decorator to 2026-03-02T01:09:11.278104+00:00, run_after=2026-03-03T01:09:11.278104+00:00
[2026-03-03T01:09:11.292+0000] {processor.py:178} INFO - Processing /home/airflow/.local/lib/python3.7/site-packages/airflow/example_dags/example_task_group_decorator.py took 0.073 seconds
[2026-03-03T01:09:42.192+0000] {processor.py:156} INFO - Started process (PID=349) to work on /home/airflow/.local/lib/python3.7/site-packages/airflow/example_dags/example_task_group_decorator.py
[2026-03-03T01:09:42.193+0000] {processor.py:799} INFO - Processing file /home/airflow/.local/lib/python3.7/site-packages/airflow/example_dags/example_task_group_decorator.py for tasks to queue
[2026-03-03T01:09:42.193+0000] {logging_mixin.py:149} INFO - [2026-03-03T01:09:42.193+0000] {dagbag.py:541} INFO - Filling up the DagBag from /home/airflow/.local/lib/python3.7/site-packages/airflow/example_dags/example_task_group_decorator.py
[2026-03-03T01:09:42.204+0000] {processor.py:809} INFO - DAG(s) dict_keys(['example_task_group_decorator']) retrieved from /home/airflow/.local/lib/python3.7/site-packages/airflow/example_dags/example_task_group_decorator.py
[2026-03-03T01:09:42.231+0000] {logging_mixin.py:149} INFO - [2026-03-03T01:09:42.231+0000] {dag.py:2726} INFO - Sync 1 DAGs
[2026-03-03T01:09:42.250+0000] {logging_mixin.py:149} INFO - [2026-03-03T01:09:42.250+0000] {dag.py:3490} INFO - Setting next_dagrun for example_task_group_decorator to 2026-03-02T01:09:42.250307+00:00, run_after=2026-03-03T01:09:42.250307+00:00
[2026-03-03T01:09:42.266+0000] {processor.py:178} INFO - Processing /home/airflow/.local/lib/python3.7/site-packages/airflow/example_dags/example_task_group_decorator.py took 0.076 seconds
[2026-03-03T01:10:12.856+0000] {processor.py:156} INFO - Started process (PID=411) to work on /home/airflow/.local/lib/python3.7/site-packages/airflow/example_dags/example_task_group_decorator.py
[2026-03-03T01:10:12.861+0000] {processor.py:799} INFO - Processing file /home/airflow/.local/lib/python3.7/site-packages/airflow/example_dags/example_task_group_decorator.py for tasks to queue
[2026-03-03T01:10:12.864+0000] {logging_mixin.py:149} INFO - [2026-03-03T01:10:12.863+0000] {dagbag.py:541} INFO - Filling up the DagBag from /home/airflow/.local/lib/python3.7/site-packages/airflow/example_dags/example_task_group_decorator.py
[2026-03-03T01:10:12.995+0000] {processor.py:809} INFO - DAG(s) dict_keys(['example_task_group_decorator']) retrieved from /home/airflow/.local/lib/python3.7/site-packages/airflow/example_dags/example_task_group_decorator.py
[2026-03-03T01:10:13.227+0000] {logging_mixin.py:149} INFO - [2026-03-03T01:10:13.225+0000] {dag.py:2726} INFO - Sync 1 DAGs
[2026-03-03T01:10:13.363+0000] {logging_mixin.py:149} INFO - [2026-03-03T01:10:13.362+0000] {dag.py:3490} INFO - Setting next_dagrun for example_task_group_decorator to 2026-03-02T01:10:13.361810+00:00, run_after=2026-03-03T01:10:13.361810+00:00
[2026-03-03T01:10:13.478+0000] {processor.py:178} INFO - Processing /home/airflow/.local/lib/python3.7/site-packages/airflow/example_dags/example_task_group_decorator.py took 0.638 seconds
[2026-03-03T01:10:43.763+0000] {processor.py:156} INFO - Started process (PID=473) to work on /home/airflow/.local/lib/python3.7/site-packages/airflow/example_dags/example_task_group_decorator.py
[2026-03-03T01:10:43.766+0000] {processor.py:799} INFO - Processing file /home/airflow/.local/lib/python3.7/site-packages/airflow/example_dags/example_task_group_decorator.py for tasks to queue
[2026-03-03T01:10:43.767+0000] {logging_mixin.py:149} INFO - [2026-03-03T01:10:43.767+0000] {dagbag.py:541} INFO - Filling up the DagBag from /home/airflow/.local/lib/python3.7/site-packages/airflow/example_dags/example_task_group_decorator.py
[2026-03-03T01:10:43.802+0000] {processor.py:809} INFO - DAG(s) dict_keys(['example_task_group_decorator']) retrieved from /home/airflow/.local/lib/python3.7/site-packages/airflow/example_dags/example_task_group_decorator.py
[2026-03-03T01:10:43.873+0000] {logging_mixin.py:149} INFO - [2026-03-03T01:10:43.873+0000] {dag.py:2726} INFO - Sync 1 DAGs
[2026-03-03T01:10:43.942+0000] {logging_mixin.py:149} INFO - [2026-03-03T01:10:43.941+0000] {dag.py:3490} INFO - Setting next_dagrun for example_task_group_decorator to 2026-03-02T01:10:43.941475+00:00, run_after=2026-03-03T01:10:43.941475+00:00
[2026-03-03T01:10:44.001+0000] {processor.py:178} INFO - Processing /home/airflow/.local/lib/python3.7/site-packages/airflow/example_dags/example_task_group_decorator.py took 0.244 seconds
[2026-03-03T01:11:14.110+0000] {processor.py:156} INFO - Started process (PID=535) to work on /home/airflow/.local/lib/python3.7/site-packages/airflow/example_dags/example_task_group_decorator.py
[2026-03-03T01:11:14.112+0000] {processor.py:799} INFO - Processing file /home/airflow/.local/lib/python3.7/site-packages/airflow/example_dags/example_task_group_decorator.py for tasks to queue
[2026-03-03T01:11:14.114+0000] {logging_mixin.py:149} INFO - [2026-03-03T01:11:14.114+0000] {dagbag.py:541} INFO - Filling up the DagBag from /home/airflow/.local/lib/python3.7/site-packages/airflow/example_dags/example_task_group_decorator.py
[2026-03-03T01:11:14.125+0000] {processor.py:809} INFO - DAG(s) dict_keys(['example_task_group_decorator']) retrieved from /home/airflow/.local/lib/python3.7/site-packages/airflow/example_dags/example_task_group_decorator.py
[2026-03-03T01:11:14.147+0000] {logging_mixin.py:149} INFO - [2026-03-03T01:11:14.147+0000] {dag.py:2726} INFO - Sync 1 DAGs
[2026-03-03T01:11:14.162+0000] {logging_mixin.py:149} INFO - [2026-03-03T01:11:14.162+0000] {dag.py:3490} INFO - Setting next_dagrun for example_task_group_decorator to 2026-03-02T01:11:14.162320+00:00, run_after=2026-03-03T01:11:14.162320+00:00
[2026-03-03T01:11:14.177+0000] {processor.py:178} INFO - Processing /home/airflow/.local/lib/python3.7/site-packages/airflow/example_dags/example_task_group_decorator.py took 0.071 seconds
[2026-03-03T01:11:45.018+0000] {processor.py:156} INFO - Started process (PID=597) to work on /home/airflow/.local/lib/python3.7/site-packages/airflow/example_dags/example_task_group_decorator.py
[2026-03-03T01:11:45.020+0000] {processor.py:799} INFO - Processing file /home/airflow/.local/lib/python3.7/site-packages/airflow/example_dags/example_task_group_decorator.py for tasks to queue
[2026-03-03T01:11:45.021+0000] {logging_mixin.py:149} INFO - [2026-03-03T01:11:45.021+0000] {dagbag.py:541} INFO - Filling up the DagBag from /home/airflow/.local/lib/python3.7/site-packages/airflow/example_dags/example_task_group_decorator.py
[2026-03-03T01:11:45.031+0000] {processor.py:809} INFO - DAG(s) dict_keys(['example_task_group_decorator']) retrieved from /home/airflow/.local/lib/python3.7/site-packages/airflow/example_dags/example_task_group_decorator.py
[2026-03-03T01:11:45.068+0000] {logging_mixin.py:149} INFO - [2026-03-03T01:11:45.067+0000] {dag.py:2726} INFO - Sync 1 DAGs
[2026-03-03T01:11:45.081+0000] {logging_mixin.py:149} INFO - [2026-03-03T01:11:45.080+0000] {dag.py:3490} INFO - Setting next_dagrun for example_task_group_decorator to 2026-03-02T01:11:45.080871+00:00, run_after=2026-03-03T01:11:45.080871+00:00
[2026-03-03T01:11:45.092+0000] {processor.py:178} INFO - Processing /home/airflow/.local/lib/python3.7/site-packages/airflow/example_dags/example_task_group_decorator.py took 0.077 seconds
[2026-03-03T01:12:15.798+0000] {processor.py:156} INFO - Started process (PID=659) to work on /home/airflow/.local/lib/python3.7/site-packages/airflow/example_dags/example_task_group_decorator.py
[2026-03-03T01:12:15.800+0000] {processor.py:799} INFO - Processing file /home/airflow/.local/lib/python3.7/site-packages/airflow/example_dags/example_task_group_decorator.py for tasks to queue
[2026-03-03T01:12:15.802+0000] {logging_mixin.py:149} INFO - [2026-03-03T01:12:15.801+0000] {dagbag.py:541} INFO - Filling up the DagBag from /home/airflow/.local/lib/python3.7/site-packages/airflow/example_dags/example_task_group_decorator.py
[2026-03-03T01:12:15.838+0000] {processor.py:809} INFO - DAG(s) dict_keys(['example_task_group_decorator']) retrieved from /home/airflow/.local/lib/python3.7/site-packages/airflow/example_dags/example_task_group_decorator.py
[2026-03-03T01:12:15.904+0000] {logging_mixin.py:149} INFO - [2026-03-03T01:12:15.904+0000] {dag.py:2726} INFO - Sync 1 DAGs
[2026-03-03T01:12:15.962+0000] {logging_mixin.py:149} INFO - [2026-03-03T01:12:15.962+0000] {dag.py:3490} INFO - Setting next_dagrun for example_task_group_decorator to 2026-03-02T01:12:15.961740+00:00, run_after=2026-03-03T01:12:15.961740+00:00
[2026-03-03T01:12:16.012+0000] {processor.py:178} INFO - Processing /home/airflow/.local/lib/python3.7/site-packages/airflow/example_dags/example_task_group_decorator.py took 0.222 seconds
[2026-03-03T01:12:46.235+0000] {processor.py:156} INFO - Started process (PID=721) to work on /home/airflow/.local/lib/python3.7/site-packages/airflow/example_dags/example_task_group_decorator.py
[2026-03-03T01:12:46.237+0000] {processor.py:799} INFO - Processing file /home/airflow/.local/lib/python3.7/site-packages/airflow/example_dags/example_task_group_decorator.py for tasks to queue
[2026-03-03T01:12:46.239+0000] {logging_mixin.py:149} INFO - [2026-03-03T01:12:46.238+0000] {dagbag.py:541} INFO - Filling up the DagBag from /home/airflow/.local/lib/python3.7/site-packages/airflow/example_dags/example_task_group_decorator.py
[2026-03-03T01:12:46.268+0000] {processor.py:809} INFO - DAG(s) dict_keys(['example_task_group_decorator']) retrieved from /home/airflow/.local/lib/python3.7/site-packages/airflow/example_dags/example_task_group_decorator.py
[2026-03-03T01:12:46.328+0000] {logging_mixin.py:149} INFO - [2026-03-03T01:12:46.327+0000] {dag.py:2726} INFO - Sync 1 DAGs
[2026-03-03T01:12:46.385+0000] {logging_mixin.py:149} INFO - [2026-03-03T01:12:46.384+0000] {dag.py:3490} INFO - Setting next_dagrun for example_task_group_decorator to 2026-03-02T01:12:46.384448+00:00, run_after=2026-03-03T01:12:46.384448+00:00
[2026-03-03T01:12:46.434+0000] {processor.py:178} INFO - Processing /home/airflow/.local/lib/python3.7/site-packages/airflow/example_dags/example_task_group_decorator.py took 0.205 seconds
[2026-03-03T01:13:16.816+0000] {processor.py:156} INFO - Started process (PID=783) to work on /home/airflow/.local/lib/python3.7/site-packages/airflow/example_dags/example_task_group_decorator.py
[2026-03-03T01:13:16.817+0000] {processor.py:799} INFO - Processing file /home/airflow/.local/lib/python3.7/site-packages/airflow/example_dags/example_task_group_decorator.py for tasks to queue
[2026-03-03T01:13:16.818+0000] {logging_mixin.py:149} INFO - [2026-03-03T01:13:16.818+0000] {dagbag.py:541} INFO - Filling up the DagBag from /home/airflow/.local/lib/python3.7/site-packages/airflow/example_dags/example_task_group_decorator.py
[2026-03-03T01:13:16.826+0000] {processor.py:809} INFO - DAG(s) dict_keys(['example_task_group_decorator']) retrieved from /home/airflow/.local/lib/python3.7/site-packages/airflow/example_dags/example_task_group_decorator.py
[2026-03-03T01:13:16.846+0000] {logging_mixin.py:149} INFO - [2026-03-03T01:13:16.846+0000] {dag.py:2726} INFO - Sync 1 DAGs
[2026-03-03T01:13:16.864+0000] {logging_mixin.py:149} INFO - [2026-03-03T01:13:16.864+0000] {dag.py:3490} INFO - Setting next_dagrun for example_task_group_decorator to 2026-03-02T01:13:16.863991+00:00, run_after=2026-03-03T01:13:16.863991+00:00
[2026-03-03T01:13:16.875+0000] {processor.py:178} INFO - Processing /home/airflow/.local/lib/python3.7/site-packages/airflow/example_dags/example_task_group_decorator.py took 0.062 seconds
[2026-03-03T01:13:47.406+0000] {processor.py:156} INFO - Started process (PID=845) to work on /home/airflow/.local/lib/python3.7/site-packages/airflow/example_dags/example_task_group_decorator.py
[2026-03-03T01:13:47.406+0000] {processor.py:799} INFO - Processing file /home/airflow/.local/lib/python3.7/site-packages/airflow/example_dags/example_task_group_decorator.py for tasks to queue
[2026-03-03T01:13:47.407+0000] {logging_mixin.py:149} INFO - [2026-03-03T01:13:47.407+0000] {dagbag.py:541} INFO - Filling up the DagBag from /home/airflow/.local/lib/python3.7/site-packages/airflow/example_dags/example_task_group_decorator.py
[2026-03-03T01:13:47.416+0000] {processor.py:809} INFO - DAG(s) dict_keys(['example_task_group_decorator']) retrieved from /home/airflow/.local/lib/python3.7/site-packages/airflow/example_dags/example_task_group_decorator.py
[2026-03-03T01:13:47.435+0000] {logging_mixin.py:149} INFO - [2026-03-03T01:13:47.435+0000] {dag.py:2726} INFO - Sync 1 DAGs
[2026-03-03T01:13:47.456+0000] {logging_mixin.py:149} INFO - [2026-03-03T01:13:47.456+0000] {dag.py:3490} INFO - Setting next_dagrun for example_task_group_decorator to 2026-03-02T01:13:47.456114+00:00, run_after=2026-03-03T01:13:47.456114+00:00
[2026-03-03T01:13:47.466+0000] {processor.py:178} INFO - Processing /home/airflow/.local/lib/python3.7/site-packages/airflow/example_dags/example_task_group_decorator.py took 0.064 seconds
[2026-03-03T01:14:18.215+0000] {processor.py:156} INFO - Started process (PID=907) to work on /home/airflow/.local/lib/python3.7/site-packages/airflow/example_dags/example_task_group_decorator.py
[2026-03-03T01:14:18.216+0000] {processor.py:799} INFO - Processing file /home/airflow/.local/lib/python3.7/site-packages/airflow/example_dags/example_task_group_decorator.py for tasks to queue
[2026-03-03T01:14:18.216+0000] {logging_mixin.py:149} INFO - [2026-03-03T01:14:18.216+0000] {dagbag.py:541} INFO - Filling up the DagBag from /home/airflow/.local/lib/python3.7/site-packages/airflow/example_dags/example_task_group_decorator.py
[2026-03-03T01:14:18.224+0000] {processor.py:809} INFO - DAG(s) dict_keys(['example_task_group_decorator']) retrieved from /home/airflow/.local/lib/python3.7/site-packages/airflow/example_dags/example_task_group_decorator.py
[2026-03-03T01:14:18.240+0000] {logging_mixin.py:149} INFO - [2026-03-03T01:14:18.240+0000] {dag.py:2726} INFO - Sync 1 DAGs
[2026-03-03T01:14:18.253+0000] {logging_mixin.py:149} INFO - [2026-03-03T01:14:18.253+0000] {dag.py:3490} INFO - Setting next_dagrun for example_task_group_decorator to 2026-03-02T01:14:18.253623+00:00, run_after=2026-03-03T01:14:18.253623+00:00
[2026-03-03T01:14:18.262+0000] {processor.py:178} INFO - Processing /home/airflow/.local/lib/python3.7/site-packages/airflow/example_dags/example_task_group_decorator.py took 0.050 seconds
[2026-03-03T01:14:48.905+0000] {processor.py:156} INFO - Started process (PID=969) to work on /home/airflow/.local/lib/python3.7/site-packages/airflow/example_dags/example_task_group_decorator.py
[2026-03-03T01:14:48.906+0000] {processor.py:799} INFO - Processing file /home/airflow/.local/lib/python3.7/site-packages/airflow/example_dags/example_task_group_decorator.py for tasks to queue
[2026-03-03T01:14:48.906+0000] {logging_mixin.py:149} INFO - [2026-03-03T01:14:48.906+0000] {dagbag.py:541} INFO - Filling up the DagBag from /home/airflow/.local/lib/python3.7/site-packages/airflow/example_dags/example_task_group_decorator.py
[2026-03-03T01:14:48.915+0000] {processor.py:809} INFO - DAG(s) dict_keys(['example_task_group_decorator']) retrieved from /home/airflow/.local/lib/python3.7/site-packages/airflow/example_dags/example_task_group_decorator.py
[2026-03-03T01:14:48.929+0000] {logging_mixin.py:149} INFO - [2026-03-03T01:14:48.929+0000] {dag.py:2726} INFO - Sync 1 DAGs
[2026-03-03T01:14:48.943+0000] {logging_mixin.py:149} INFO - [2026-03-03T01:14:48.943+0000] {dag.py:3490} INFO - Setting next_dagrun for example_task_group_decorator to 2026-03-02T01:14:48.943414+00:00, run_after=2026-03-03T01:14:48.943414+00:00
[2026-03-03T01:14:48.951+0000] {processor.py:178} INFO - Processing /home/airflow/.local/lib/python3.7/site-packages/airflow/example_dags/example_task_group_decorator.py took 0.048 seconds
[2026-03-03T01:15:19.468+0000] {processor.py:156} INFO - Started process (PID=1031) to work on /home/airflow/.local/lib/python3.7/site-packages/airflow/example_dags/example_task_group_decorator.py
[2026-03-03T01:15:19.469+0000] {processor.py:799} INFO - Processing file /home/airflow/.local/lib/python3.7/site-packages/airflow/example_dags/example_task_group_decorator.py for tasks to queue
[2026-03-03T01:15:19.470+0000] {logging_mixin.py:149} INFO - [2026-03-03T01:15:19.470+0000] {dagbag.py:541} INFO - Filling up the DagBag from /home/airflow/.local/lib/python3.7/site-packages/airflow/example_dags/example_task_group_decorator.py
[2026-03-03T01:15:19.479+0000] {processor.py:809} INFO - DAG(s) dict_keys(['example_task_group_decorator']) retrieved from /home/airflow/.local/lib/python3.7/site-packages/airflow/example_dags/example_task_group_decorator.py
[2026-03-03T01:15:19.502+0000] {logging_mixin.py:149} INFO - [2026-03-03T01:15:19.502+0000] {dag.py:2726} INFO - Sync 1 DAGs
[2026-03-03T01:15:19.519+0000] {logging_mixin.py:149} INFO - [2026-03-03T01:15:19.519+0000] {dag.py:3490} INFO - Setting next_dagrun for example_task_group_decorator to 2026-03-02T01:15:19.519225+00:00, run_after=2026-03-03T01:15:19.519225+00:00
[2026-03-03T01:15:19.531+0000] {processor.py:178} INFO - Processing /home/airflow/.local/lib/python3.7/site-packages/airflow/example_dags/example_task_group_decorator.py took 0.066 seconds
[2026-03-03T01:15:50.336+0000] {processor.py:156} INFO - Started process (PID=1092) to work on /home/airflow/.local/lib/python3.7/site-packages/airflow/example_dags/example_task_group_decorator.py
[2026-03-03T01:15:50.338+0000] {processor.py:799} INFO - Processing file /home/airflow/.local/lib/python3.7/site-packages/airflow/example_dags/example_task_group_decorator.py for tasks to queue
[2026-03-03T01:15:50.339+0000] {logging_mixin.py:149} INFO - [2026-03-03T01:15:50.338+0000] {dagbag.py:541} INFO - Filling up the DagBag from /home/airflow/.local/lib/python3.7/site-packages/airflow/example_dags/example_task_group_decorator.py
[2026-03-03T01:15:50.348+0000] {processor.py:809} INFO - DAG(s) dict_keys(['example_task_group_decorator']) retrieved from /home/airflow/.local/lib/python3.7/site-packages/airflow/example_dags/example_task_group_decorator.py
[2026-03-03T01:15:50.368+0000] {logging_mixin.py:149} INFO - [2026-03-03T01:15:50.368+0000] {dag.py:2726} INFO - Sync 1 DAGs
[2026-03-03T01:15:50.383+0000] {logging_mixin.py:149} INFO - [2026-03-03T01:15:50.383+0000] {dag.py:3490} INFO - Setting next_dagrun for example_task_group_decorator to 2026-03-02T01:15:50.383341+00:00, run_after=2026-03-03T01:15:50.383341+00:00
[2026-03-03T01:15:50.395+0000] {processor.py:178} INFO - Processing /home/airflow/.local/lib/python3.7/site-packages/airflow/example_dags/example_task_group_decorator.py took 0.061 seconds
[2026-03-03T01:16:21.154+0000] {processor.py:156} INFO - Started process (PID=1154) to work on /home/airflow/.local/lib/python3.7/site-packages/airflow/example_dags/example_task_group_decorator.py
[2026-03-03T01:16:21.157+0000] {processor.py:799} INFO - Processing file /home/airflow/.local/lib/python3.7/site-packages/airflow/example_dags/example_task_group_decorator.py for tasks to queue
[2026-03-03T01:16:21.158+0000] {logging_mixin.py:149} INFO - [2026-03-03T01:16:21.158+0000] {dagbag.py:541} INFO - Filling up the DagBag from /home/airflow/.local/lib/python3.7/site-packages/airflow/example_dags/example_task_group_decorator.py
[2026-03-03T01:16:21.201+0000] {processor.py:809} INFO - DAG(s) dict_keys(['example_task_group_decorator']) retrieved from /home/airflow/.local/lib/python3.7/site-packages/airflow/example_dags/example_task_group_decorator.py
[2026-03-03T01:16:21.271+0000] {logging_mixin.py:149} INFO - [2026-03-03T01:16:21.271+0000] {dag.py:2726} INFO - Sync 1 DAGs
[2026-03-03T01:16:21.347+0000] {logging_mixin.py:149} INFO - [2026-03-03T01:16:21.347+0000] {dag.py:3490} INFO - Setting next_dagrun for example_task_group_decorator to 2026-03-02T01:16:21.346426+00:00, run_after=2026-03-03T01:16:21.346426+00:00
[2026-03-03T01:16:21.401+0000] {processor.py:178} INFO - Processing /home/airflow/.local/lib/python3.7/site-packages/airflow/example_dags/example_task_group_decorator.py took 0.252 seconds
[2026-03-03T01:16:52.168+0000] {processor.py:156} INFO - Started process (PID=1216) to work on /home/airflow/.local/lib/python3.7/site-packages/airflow/example_dags/example_task_group_decorator.py
[2026-03-03T01:16:52.170+0000] {processor.py:799} INFO - Processing file /home/airflow/.local/lib/python3.7/site-packages/airflow/example_dags/example_task_group_decorator.py for tasks to queue
[2026-03-03T01:16:52.171+0000] {logging_mixin.py:149} INFO - [2026-03-03T01:16:52.170+0000] {dagbag.py:541} INFO - Filling up the DagBag from /home/airflow/.local/lib/python3.7/site-packages/airflow/example_dags/example_task_group_decorator.py
[2026-03-03T01:16:52.195+0000] {processor.py:809} INFO - DAG(s) dict_keys(['example_task_group_decorator']) retrieved from /home/airflow/.local/lib/python3.7/site-packages/airflow/example_dags/example_task_group_decorator.py
[2026-03-03T01:16:52.244+0000] {logging_mixin.py:149} INFO - [2026-03-03T01:16:52.244+0000] {dag.py:2726} INFO - Sync 1 DAGs
[2026-03-03T01:16:52.292+0000] {logging_mixin.py:149} INFO - [2026-03-03T01:16:52.292+0000] {dag.py:3490} INFO - Setting next_dagrun for example_task_group_decorator to 2026-03-02T01:16:52.291704+00:00, run_after=2026-03-03T01:16:52.291704+00:00
[2026-03-03T01:16:52.331+0000] {processor.py:178} INFO - Processing /home/airflow/.local/lib/python3.7/site-packages/airflow/example_dags/example_task_group_decorator.py took 0.168 seconds
[2026-03-03T01:17:23.106+0000] {processor.py:156} INFO - Started process (PID=1278) to work on /home/airflow/.local/lib/python3.7/site-packages/airflow/example_dags/example_task_group_decorator.py
[2026-03-03T01:17:23.107+0000] {processor.py:799} INFO - Processing file /home/airflow/.local/lib/python3.7/site-packages/airflow/example_dags/example_task_group_decorator.py for tasks to queue
[2026-03-03T01:17:23.107+0000] {logging_mixin.py:149} INFO - [2026-03-03T01:17:23.107+0000] {dagbag.py:541} INFO - Filling up the DagBag from /home/airflow/.local/lib/python3.7/site-packages/airflow/example_dags/example_task_group_decorator.py
[2026-03-03T01:17:23.117+0000] {processor.py:809} INFO - DAG(s) dict_keys(['example_task_group_decorator']) retrieved from /home/airflow/.local/lib/python3.7/site-packages/airflow/example_dags/example_task_group_decorator.py
[2026-03-03T01:17:23.134+0000] {logging_mixin.py:149} INFO - [2026-03-03T01:17:23.134+0000] {dag.py:2726} INFO - Sync 1 DAGs
[2026-03-03T01:17:23.148+0000] {logging_mixin.py:149} INFO - [2026-03-03T01:17:23.148+0000] {dag.py:3490} INFO - Setting next_dagrun for example_task_group_decorator to 2026-03-02T01:17:23.148300+00:00, run_after=2026-03-03T01:17:23.148300+00:00
[2026-03-03T01:17:23.158+0000] {processor.py:178} INFO - Processing /home/airflow/.local/lib/python3.7/site-packages/airflow/example_dags/example_task_group_decorator.py took 0.057 seconds
[2026-03-03T01:17:54.027+0000] {processor.py:156} INFO - Started process (PID=1340) to work on /home/airflow/.local/lib/python3.7/site-packages/airflow/example_dags/example_task_group_decorator.py
[2026-03-03T01:17:54.028+0000] {processor.py:799} INFO - Processing file /home/airflow/.local/lib/python3.7/site-packages/airflow/example_dags/example_task_group_decorator.py for tasks to queue
[2026-03-03T01:17:54.028+0000] {logging_mixin.py:149} INFO - [2026-03-03T01:17:54.028+0000] {dagbag.py:541} INFO - Filling up the DagBag from /home/airflow/.local/lib/python3.7/site-packages/airflow/example_dags/example_task_group_decorator.py
[2026-03-03T01:17:54.037+0000] {processor.py:809} INFO - DAG(s) dict_keys(['example_task_group_decorator']) retrieved from /home/airflow/.local/lib/python3.7/site-packages/airflow/example_dags/example_task_group_decorator.py
[2026-03-03T01:17:54.053+0000] {logging_mixin.py:149} INFO - [2026-03-03T01:17:54.053+0000] {dag.py:2726} INFO - Sync 1 DAGs
[2026-03-03T01:17:54.066+0000] {logging_mixin.py:149} INFO - [2026-03-03T01:17:54.066+0000] {dag.py:3490} INFO - Setting next_dagrun for example_task_group_decorator to 2026-03-02T01:17:54.066706+00:00, run_after=2026-03-03T01:17:54.066706+00:00
[2026-03-03T01:17:54.076+0000] {processor.py:178} INFO - Processing /home/airflow/.local/lib/python3.7/site-packages/airflow/example_dags/example_task_group_decorator.py took 0.051 seconds
[2026-03-03T01:18:24.744+0000] {processor.py:156} INFO - Started process (PID=1402) to work on /home/airflow/.local/lib/python3.7/site-packages/airflow/example_dags/example_task_group_decorator.py
[2026-03-03T01:18:24.746+0000] {processor.py:799} INFO - Processing file /home/airflow/.local/lib/python3.7/site-packages/airflow/example_dags/example_task_group_decorator.py for tasks to queue
[2026-03-03T01:18:24.749+0000] {logging_mixin.py:149} INFO - [2026-03-03T01:18:24.748+0000] {dagbag.py:541} INFO - Filling up the DagBag from /home/airflow/.local/lib/python3.7/site-packages/airflow/example_dags/example_task_group_decorator.py
[2026-03-03T01:18:24.781+0000] {processor.py:809} INFO - DAG(s) dict_keys(['example_task_group_decorator']) retrieved from /home/airflow/.local/lib/python3.7/site-packages/airflow/example_dags/example_task_group_decorator.py
[2026-03-03T01:18:24.840+0000] {logging_mixin.py:149} INFO - [2026-03-03T01:18:24.839+0000] {dag.py:2726} INFO - Sync 1 DAGs
[2026-03-03T01:18:24.904+0000] {logging_mixin.py:149} INFO - [2026-03-03T01:18:24.903+0000] {dag.py:3490} INFO - Setting next_dagrun for example_task_group_decorator to 2026-03-02T01:18:24.902978+00:00, run_after=2026-03-03T01:18:24.902978+00:00
[2026-03-03T01:18:24.957+0000] {processor.py:178} INFO - Processing /home/airflow/.local/lib/python3.7/site-packages/airflow/example_dags/example_task_group_decorator.py took 0.220 seconds
[2026-03-03T01:18:55.526+0000] {processor.py:156} INFO - Started process (PID=1464) to work on /home/airflow/.local/lib/python3.7/site-packages/airflow/example_dags/example_task_group_decorator.py
[2026-03-03T01:18:55.528+0000] {processor.py:799} INFO - Processing file /home/airflow/.local/lib/python3.7/site-packages/airflow/example_dags/example_task_group_decorator.py for tasks to queue
[2026-03-03T01:18:55.529+0000] {logging_mixin.py:149} INFO - [2026-03-03T01:18:55.529+0000] {dagbag.py:541} INFO - Filling up the DagBag from /home/airflow/.local/lib/python3.7/site-packages/airflow/example_dags/example_task_group_decorator.py
[2026-03-03T01:18:55.555+0000] {processor.py:809} INFO - DAG(s) dict_keys(['example_task_group_decorator']) retrieved from /home/airflow/.local/lib/python3.7/site-packages/airflow/example_dags/example_task_group_decorator.py
[2026-03-03T01:18:55.616+0000] {logging_mixin.py:149} INFO - [2026-03-03T01:18:55.615+0000] {dag.py:2726} INFO - Sync 1 DAGs
[2026-03-03T01:18:55.676+0000] {logging_mixin.py:149} INFO - [2026-03-03T01:18:55.675+0000] {dag.py:3490} INFO - Setting next_dagrun for example_task_group_decorator to 2026-03-02T01:18:55.675190+00:00, run_after=2026-03-03T01:18:55.675190+00:00
[2026-03-03T01:18:55.734+0000] {processor.py:178} INFO - Processing /home/airflow/.local/lib/python3.7/site-packages/airflow/example_dags/example_task_group_decorator.py took 0.219 seconds
[2026-03-03T01:19:26.193+0000] {processor.py:156} INFO - Started process (PID=1526) to work on /home/airflow/.local/lib/python3.7/site-packages/airflow/example_dags/example_task_group_decorator.py
[2026-03-03T01:19:26.193+0000] {processor.py:799} INFO - Processing file /home/airflow/.local/lib/python3.7/site-packages/airflow/example_dags/example_task_group_decorator.py for tasks to queue
[2026-03-03T01:19:26.194+0000] {logging_mixin.py:149} INFO - [2026-03-03T01:19:26.194+0000] {dagbag.py:541} INFO - Filling up the DagBag from /home/airflow/.local/lib/python3.7/site-packages/airflow/example_dags/example_task_group_decorator.py
[2026-03-03T01:19:26.206+0000] {processor.py:809} INFO - DAG(s) dict_keys(['example_task_group_decorator']) retrieved from /home/airflow/.local/lib/python3.7/site-packages/airflow/example_dags/example_task_group_decorator.py
[2026-03-03T01:19:26.227+0000] {logging_mixin.py:149} INFO - [2026-03-03T01:19:26.227+0000] {dag.py:2726} INFO - Sync 1 DAGs
[2026-03-03T01:19:26.244+0000] {logging_mixin.py:149} INFO - [2026-03-03T01:19:26.244+0000] {dag.py:3490} INFO - Setting next_dagrun for example_task_group_decorator to 2026-03-02T01:19:26.244341+00:00, run_after=2026-03-03T01:19:26.244341+00:00
[2026-03-03T01:19:26.259+0000] {processor.py:178} INFO - Processing /home/airflow/.local/lib/python3.7/site-packages/airflow/example_dags/example_task_group_decorator.py took 0.069 seconds
[2026-03-03T01:19:56.990+0000] {processor.py:156} INFO - Started process (PID=1588) to work on /home/airflow/.local/lib/python3.7/site-packages/airflow/example_dags/example_task_group_decorator.py
[2026-03-03T01:19:56.990+0000] {processor.py:799} INFO - Processing file /home/airflow/.local/lib/python3.7/site-packages/airflow/example_dags/example_task_group_decorator.py for tasks to queue
[2026-03-03T01:19:56.990+0000] {logging_mixin.py:149} INFO - [2026-03-03T01:19:56.990+0000] {dagbag.py:541} INFO - Filling up the DagBag from /home/airflow/.local/lib/python3.7/site-packages/airflow/example_dags/example_task_group_decorator.py
[2026-03-03T01:19:56.999+0000] {processor.py:809} INFO - DAG(s) dict_keys(['example_task_group_decorator']) retrieved from /home/airflow/.local/lib/python3.7/site-packages/airflow/example_dags/example_task_group_decorator.py
[2026-03-03T01:19:57.019+0000] {logging_mixin.py:149} INFO - [2026-03-03T01:19:57.019+0000] {dag.py:2726} INFO - Sync 1 DAGs
[2026-03-03T01:19:57.032+0000] {logging_mixin.py:149} INFO - [2026-03-03T01:19:57.032+0000] {dag.py:3490} INFO - Setting next_dagrun for example_task_group_decorator to 2026-03-02T01:19:57.032730+00:00, run_after=2026-03-03T01:19:57.032730+00:00
[2026-03-03T01:19:57.045+0000] {processor.py:178} INFO - Processing /home/airflow/.local/lib/python3.7/site-packages/airflow/example_dags/example_task_group_decorator.py took 0.057 seconds
[2026-03-03T01:20:27.666+0000] {processor.py:156} INFO - Started process (PID=1650) to work on /home/airflow/.local/lib/python3.7/site-packages/airflow/example_dags/example_task_group_decorator.py
[2026-03-03T01:20:27.667+0000] {processor.py:799} INFO - Processing file /home/airflow/.local/lib/python3.7/site-packages/airflow/example_dags/example_task_group_decorator.py for tasks to queue
[2026-03-03T01:20:27.668+0000] {logging_mixin.py:149} INFO - [2026-03-03T01:20:27.668+0000] {dagbag.py:541} INFO - Filling up the DagBag from /home/airflow/.local/lib/python3.7/site-packages/airflow/example_dags/example_task_group_decorator.py
[2026-03-03T01:20:27.677+0000] {processor.py:809} INFO - DAG(s) dict_keys(['example_task_group_decorator']) retrieved from /home/airflow/.local/lib/python3.7/site-packages/airflow/example_dags/example_task_group_decorator.py
[2026-03-03T01:20:27.693+0000] {logging_mixin.py:149} INFO - [2026-03-03T01:20:27.693+0000] {dag.py:2726} INFO - Sync 1 DAGs
[2026-03-03T01:20:27.705+0000] {logging_mixin.py:149} INFO - [2026-03-03T01:20:27.705+0000] {dag.py:3490} INFO - Setting next_dagrun for example_task_group_decorator to 2026-03-02T01:20:27.705518+00:00, run_after=2026-03-03T01:20:27.705518+00:00
[2026-03-03T01:20:27.714+0000] {processor.py:178} INFO - Processing /home/airflow/.local/lib/python3.7/site-packages/airflow/example_dags/example_task_group_decorator.py took 0.050 seconds
[2026-03-03T01:20:58.389+0000] {processor.py:156} INFO - Started process (PID=1712) to work on /home/airflow/.local/lib/python3.7/site-packages/airflow/example_dags/example_task_group_decorator.py
[2026-03-03T01:20:58.390+0000] {processor.py:799} INFO - Processing file /home/airflow/.local/lib/python3.7/site-packages/airflow/example_dags/example_task_group_decorator.py for tasks to queue
[2026-03-03T01:20:58.391+0000] {logging_mixin.py:149} INFO - [2026-03-03T01:20:58.390+0000] {dagbag.py:541} INFO - Filling up the DagBag from /home/airflow/.local/lib/python3.7/site-packages/airflow/example_dags/example_task_group_decorator.py
[2026-03-03T01:20:58.399+0000] {processor.py:809} INFO - DAG(s) dict_keys(['example_task_group_decorator']) retrieved from /home/airflow/.local/lib/python3.7/site-packages/airflow/example_dags/example_task_group_decorator.py
[2026-03-03T01:20:58.414+0000] {logging_mixin.py:149} INFO - [2026-03-03T01:20:58.414+0000] {dag.py:2726} INFO - Sync 1 DAGs
[2026-03-03T01:20:58.427+0000] {logging_mixin.py:149} INFO - [2026-03-03T01:20:58.427+0000] {dag.py:3490} INFO - Setting next_dagrun for example_task_group_decorator to 2026-03-02T01:20:58.427450+00:00, run_after=2026-03-03T01:20:58.427450+00:00
[2026-03-03T01:20:58.435+0000] {processor.py:178} INFO - Processing /home/airflow/.local/lib/python3.7/site-packages/airflow/example_dags/example_task_group_decorator.py took 0.049 seconds
[2026-03-03T01:21:29.015+0000] {processor.py:156} INFO - Started process (PID=1774) to work on /home/airflow/.local/lib/python3.7/site-packages/airflow/example_dags/example_task_group_decorator.py
[2026-03-03T01:21:29.015+0000] {processor.py:799} INFO - Processing file /home/airflow/.local/lib/python3.7/site-packages/airflow/example_dags/example_task_group_decorator.py for tasks to queue
[2026-03-03T01:21:29.016+0000] {logging_mixin.py:149} INFO - [2026-03-03T01:21:29.016+0000] {dagbag.py:541} INFO - Filling up the DagBag from /home/airflow/.local/lib/python3.7/site-packages/airflow/example_dags/example_task_group_decorator.py
[2026-03-03T01:21:29.025+0000] {processor.py:809} INFO - DAG(s) dict_keys(['example_task_group_decorator']) retrieved from /home/airflow/.local/lib/python3.7/site-packages/airflow/example_dags/example_task_group_decorator.py
[2026-03-03T01:21:29.042+0000] {logging_mixin.py:149} INFO - [2026-03-03T01:21:29.042+0000] {dag.py:2726} INFO - Sync 1 DAGs
[2026-03-03T01:21:29.055+0000] {logging_mixin.py:149} INFO - [2026-03-03T01:21:29.055+0000] {dag.py:3490} INFO - Setting next_dagrun for example_task_group_decorator to 2026-03-02T01:21:29.055070+00:00, run_after=2026-03-03T01:21:29.055070+00:00
[2026-03-03T01:21:29.064+0000] {processor.py:178} INFO - Processing /home/airflow/.local/lib/python3.7/site-packages/airflow/example_dags/example_task_group_decorator.py took 0.052 seconds
[2026-03-03T01:21:59.666+0000] {processor.py:156} INFO - Started process (PID=1836) to work on /home/airflow/.local/lib/python3.7/site-packages/airflow/example_dags/example_task_group_decorator.py
[2026-03-03T01:21:59.668+0000] {processor.py:799} INFO - Processing file /home/airflow/.local/lib/python3.7/site-packages/airflow/example_dags/example_task_group_decorator.py for tasks to queue
[2026-03-03T01:21:59.670+0000] {logging_mixin.py:149} INFO - [2026-03-03T01:21:59.670+0000] {dagbag.py:541} INFO - Filling up the DagBag from /home/airflow/.local/lib/python3.7/site-packages/airflow/example_dags/example_task_group_decorator.py
[2026-03-03T01:21:59.704+0000] {processor.py:809} INFO - DAG(s) dict_keys(['example_task_group_decorator']) retrieved from /home/airflow/.local/lib/python3.7/site-packages/airflow/example_dags/example_task_group_decorator.py
[2026-03-03T01:21:59.770+0000] {logging_mixin.py:149} INFO - [2026-03-03T01:21:59.770+0000] {dag.py:2726} INFO - Sync 1 DAGs
[2026-03-03T01:21:59.831+0000] {logging_mixin.py:149} INFO - [2026-03-03T01:21:59.831+0000] {dag.py:3490} INFO - Setting next_dagrun for example_task_group_decorator to 2026-03-02T01:21:59.830573+00:00, run_after=2026-03-03T01:21:59.830573+00:00
[2026-03-03T01:21:59.882+0000] {processor.py:178} INFO - Processing /home/airflow/.local/lib/python3.7/site-packages/airflow/example_dags/example_task_group_decorator.py took 0.222 seconds
[2026-03-03T01:22:30.033+0000] {processor.py:156} INFO - Started process (PID=1898) to work on /home/airflow/.local/lib/python3.7/site-packages/airflow/example_dags/example_task_group_decorator.py
[2026-03-03T01:22:30.035+0000] {processor.py:799} INFO - Processing file /home/airflow/.local/lib/python3.7/site-packages/airflow/example_dags/example_task_group_decorator.py for tasks to queue
[2026-03-03T01:22:30.039+0000] {logging_mixin.py:149} INFO - [2026-03-03T01:22:30.039+0000] {dagbag.py:541} INFO - Filling up the DagBag from /home/airflow/.local/lib/python3.7/site-packages/airflow/example_dags/example_task_group_decorator.py
[2026-03-03T01:22:30.086+0000] {processor.py:809} INFO - DAG(s) dict_keys(['example_task_group_decorator']) retrieved from /home/airflow/.local/lib/python3.7/site-packages/airflow/example_dags/example_task_group_decorator.py
[2026-03-03T01:22:30.164+0000] {logging_mixin.py:149} INFO - [2026-03-03T01:22:30.164+0000] {dag.py:2726} INFO - Sync 1 DAGs
[2026-03-03T01:22:30.257+0000] {logging_mixin.py:149} INFO - [2026-03-03T01:22:30.257+0000] {dag.py:3490} INFO - Setting next_dagrun for example_task_group_decorator to 2026-03-02T01:22:30.256549+00:00, run_after=2026-03-03T01:22:30.256549+00:00
[2026-03-03T01:22:30.331+0000] {processor.py:178} INFO - Processing /home/airflow/.local/lib/python3.7/site-packages/airflow/example_dags/example_task_group_decorator.py took 0.306 seconds
[2026-03-03T01:23:00.442+0000] {processor.py:156} INFO - Started process (PID=1960) to work on /home/airflow/.local/lib/python3.7/site-packages/airflow/example_dags/example_task_group_decorator.py
[2026-03-03T01:23:00.444+0000] {processor.py:799} INFO - Processing file /home/airflow/.local/lib/python3.7/site-packages/airflow/example_dags/example_task_group_decorator.py for tasks to queue
[2026-03-03T01:23:00.445+0000] {logging_mixin.py:149} INFO - [2026-03-03T01:23:00.445+0000] {dagbag.py:541} INFO - Filling up the DagBag from /home/airflow/.local/lib/python3.7/site-packages/airflow/example_dags/example_task_group_decorator.py
[2026-03-03T01:23:00.458+0000] {processor.py:809} INFO - DAG(s) dict_keys(['example_task_group_decorator']) retrieved from /home/airflow/.local/lib/python3.7/site-packages/airflow/example_dags/example_task_group_decorator.py
[2026-03-03T01:23:00.481+0000] {logging_mixin.py:149} INFO - [2026-03-03T01:23:00.481+0000] {dag.py:2726} INFO - Sync 1 DAGs
[2026-03-03T01:23:00.499+0000] {logging_mixin.py:149} INFO - [2026-03-03T01:23:00.499+0000] {dag.py:3490} INFO - Setting next_dagrun for example_task_group_decorator to 2026-03-02T01:23:00.499494+00:00, run_after=2026-03-03T01:23:00.499494+00:00
[2026-03-03T01:23:00.520+0000] {processor.py:178} INFO - Processing /home/airflow/.local/lib/python3.7/site-packages/airflow/example_dags/example_task_group_decorator.py took 0.080 seconds
[2026-03-03T01:23:31.034+0000] {processor.py:156} INFO - Started process (PID=2022) to work on /home/airflow/.local/lib/python3.7/site-packages/airflow/example_dags/example_task_group_decorator.py
[2026-03-03T01:23:31.037+0000] {processor.py:799} INFO - Processing file /home/airflow/.local/lib/python3.7/site-packages/airflow/example_dags/example_task_group_decorator.py for tasks to queue
[2026-03-03T01:23:31.039+0000] {logging_mixin.py:149} INFO - [2026-03-03T01:23:31.038+0000] {dagbag.py:541} INFO - Filling up the DagBag from /home/airflow/.local/lib/python3.7/site-packages/airflow/example_dags/example_task_group_decorator.py
[2026-03-03T01:23:31.078+0000] {processor.py:809} INFO - DAG(s) dict_keys(['example_task_group_decorator']) retrieved from /home/airflow/.local/lib/python3.7/site-packages/airflow/example_dags/example_task_group_decorator.py
[2026-03-03T01:23:31.155+0000] {logging_mixin.py:149} INFO - [2026-03-03T01:23:31.154+0000] {dag.py:2726} INFO - Sync 1 DAGs
[2026-03-03T01:23:31.225+0000] {logging_mixin.py:149} INFO - [2026-03-03T01:23:31.224+0000] {dag.py:3490} INFO - Setting next_dagrun for example_task_group_decorator to 2026-03-02T01:23:31.224387+00:00, run_after=2026-03-03T01:23:31.224387+00:00
[2026-03-03T01:23:31.287+0000] {processor.py:178} INFO - Processing /home/airflow/.local/lib/python3.7/site-packages/airflow/example_dags/example_task_group_decorator.py took 0.262 seconds
[2026-03-03T01:24:02.241+0000] {processor.py:156} INFO - Started process (PID=2084) to work on /home/airflow/.local/lib/python3.7/site-packages/airflow/example_dags/example_task_group_decorator.py
[2026-03-03T01:24:02.245+0000] {processor.py:799} INFO - Processing file /home/airflow/.local/lib/python3.7/site-packages/airflow/example_dags/example_task_group_decorator.py for tasks to queue
[2026-03-03T01:24:02.248+0000] {logging_mixin.py:149} INFO - [2026-03-03T01:24:02.247+0000] {dagbag.py:541} INFO - Filling up the DagBag from /home/airflow/.local/lib/python3.7/site-packages/airflow/example_dags/example_task_group_decorator.py
[2026-03-03T01:24:02.282+0000] {processor.py:809} INFO - DAG(s) dict_keys(['example_task_group_decorator']) retrieved from /home/airflow/.local/lib/python3.7/site-packages/airflow/example_dags/example_task_group_decorator.py
[2026-03-03T01:24:02.360+0000] {logging_mixin.py:149} INFO - [2026-03-03T01:24:02.360+0000] {dag.py:2726} INFO - Sync 1 DAGs
[2026-03-03T01:24:02.433+0000] {logging_mixin.py:149} INFO - [2026-03-03T01:24:02.433+0000] {dag.py:3490} INFO - Setting next_dagrun for example_task_group_decorator to 2026-03-02T01:24:02.432322+00:00, run_after=2026-03-03T01:24:02.432322+00:00
[2026-03-03T01:24:02.504+0000] {processor.py:178} INFO - Processing /home/airflow/.local/lib/python3.7/site-packages/airflow/example_dags/example_task_group_decorator.py took 0.269 seconds
[2026-03-03T01:24:33.144+0000] {processor.py:156} INFO - Started process (PID=2146) to work on /home/airflow/.local/lib/python3.7/site-packages/airflow/example_dags/example_task_group_decorator.py
[2026-03-03T01:24:33.148+0000] {processor.py:799} INFO - Processing file /home/airflow/.local/lib/python3.7/site-packages/airflow/example_dags/example_task_group_decorator.py for tasks to queue
[2026-03-03T01:24:33.150+0000] {logging_mixin.py:149} INFO - [2026-03-03T01:24:33.150+0000] {dagbag.py:541} INFO - Filling up the DagBag from /home/airflow/.local/lib/python3.7/site-packages/airflow/example_dags/example_task_group_decorator.py
[2026-03-03T01:24:33.187+0000] {processor.py:809} INFO - DAG(s) dict_keys(['example_task_group_decorator']) retrieved from /home/airflow/.local/lib/python3.7/site-packages/airflow/example_dags/example_task_group_decorator.py
[2026-03-03T01:24:33.256+0000] {logging_mixin.py:149} INFO - [2026-03-03T01:24:33.256+0000] {dag.py:2726} INFO - Sync 1 DAGs
[2026-03-03T01:24:33.317+0000] {logging_mixin.py:149} INFO - [2026-03-03T01:24:33.317+0000] {dag.py:3490} INFO - Setting next_dagrun for example_task_group_decorator to 2026-03-02T01:24:33.316524+00:00, run_after=2026-03-03T01:24:33.316524+00:00
[2026-03-03T01:24:33.388+0000] {processor.py:178} INFO - Processing /home/airflow/.local/lib/python3.7/site-packages/airflow/example_dags/example_task_group_decorator.py took 0.249 seconds
[2026-03-03T01:25:04.037+0000] {processor.py:156} INFO - Started process (PID=2208) to work on /home/airflow/.local/lib/python3.7/site-packages/airflow/example_dags/example_task_group_decorator.py
[2026-03-03T01:25:04.042+0000] {processor.py:799} INFO - Processing file /home/airflow/.local/lib/python3.7/site-packages/airflow/example_dags/example_task_group_decorator.py for tasks to queue
[2026-03-03T01:25:04.044+0000] {logging_mixin.py:149} INFO - [2026-03-03T01:25:04.044+0000] {dagbag.py:541} INFO - Filling up the DagBag from /home/airflow/.local/lib/python3.7/site-packages/airflow/example_dags/example_task_group_decorator.py
[2026-03-03T01:25:04.090+0000] {processor.py:809} INFO - DAG(s) dict_keys(['example_task_group_decorator']) retrieved from /home/airflow/.local/lib/python3.7/site-packages/airflow/example_dags/example_task_group_decorator.py
[2026-03-03T01:25:04.175+0000] {logging_mixin.py:149} INFO - [2026-03-03T01:25:04.174+0000] {dag.py:2726} INFO - Sync 1 DAGs
[2026-03-03T01:25:04.249+0000] {logging_mixin.py:149} INFO - [2026-03-03T01:25:04.249+0000] {dag.py:3490} INFO - Setting next_dagrun for example_task_group_decorator to 2026-03-02T01:25:04.248845+00:00, run_after=2026-03-03T01:25:04.248845+00:00
[2026-03-03T01:25:04.311+0000] {processor.py:178} INFO - Processing /home/airflow/.local/lib/python3.7/site-packages/airflow/example_dags/example_task_group_decorator.py took 0.281 seconds
[2026-03-03T01:25:34.799+0000] {processor.py:156} INFO - Started process (PID=2270) to work on /home/airflow/.local/lib/python3.7/site-packages/airflow/example_dags/example_task_group_decorator.py
[2026-03-03T01:25:34.801+0000] {processor.py:799} INFO - Processing file /home/airflow/.local/lib/python3.7/site-packages/airflow/example_dags/example_task_group_decorator.py for tasks to queue
[2026-03-03T01:25:34.802+0000] {logging_mixin.py:149} INFO - [2026-03-03T01:25:34.802+0000] {dagbag.py:541} INFO - Filling up the DagBag from /home/airflow/.local/lib/python3.7/site-packages/airflow/example_dags/example_task_group_decorator.py
[2026-03-03T01:25:34.815+0000] {processor.py:809} INFO - DAG(s) dict_keys(['example_task_group_decorator']) retrieved from /home/airflow/.local/lib/python3.7/site-packages/airflow/example_dags/example_task_group_decorator.py
[2026-03-03T01:25:34.840+0000] {logging_mixin.py:149} INFO - [2026-03-03T01:25:34.839+0000] {dag.py:2726} INFO - Sync 1 DAGs
[2026-03-03T01:25:34.860+0000] {logging_mixin.py:149} INFO - [2026-03-03T01:25:34.859+0000] {dag.py:3490} INFO - Setting next_dagrun for example_task_group_decorator to 2026-03-02T01:25:34.859666+00:00, run_after=2026-03-03T01:25:34.859666+00:00
[2026-03-03T01:25:34.872+0000] {processor.py:178} INFO - Processing /home/airflow/.local/lib/python3.7/site-packages/airflow/example_dags/example_task_group_decorator.py took 0.077 seconds
[2026-03-03T01:26:05.504+0000] {processor.py:156} INFO - Started process (PID=2332) to work on /home/airflow/.local/lib/python3.7/site-packages/airflow/example_dags/example_task_group_decorator.py
[2026-03-03T01:26:05.505+0000] {processor.py:799} INFO - Processing file /home/airflow/.local/lib/python3.7/site-packages/airflow/example_dags/example_task_group_decorator.py for tasks to queue
[2026-03-03T01:26:05.506+0000] {logging_mixin.py:149} INFO - [2026-03-03T01:26:05.506+0000] {dagbag.py:541} INFO - Filling up the DagBag from /home/airflow/.local/lib/python3.7/site-packages/airflow/example_dags/example_task_group_decorator.py
[2026-03-03T01:26:05.521+0000] {processor.py:809} INFO - DAG(s) dict_keys(['example_task_group_decorator']) retrieved from /home/airflow/.local/lib/python3.7/site-packages/airflow/example_dags/example_task_group_decorator.py
[2026-03-03T01:26:05.558+0000] {logging_mixin.py:149} INFO - [2026-03-03T01:26:05.558+0000] {dag.py:2726} INFO - Sync 1 DAGs
[2026-03-03T01:26:05.588+0000] {logging_mixin.py:149} INFO - [2026-03-03T01:26:05.588+0000] {dag.py:3490} INFO - Setting next_dagrun for example_task_group_decorator to 2026-03-02T01:26:05.587768+00:00, run_after=2026-03-03T01:26:05.587768+00:00
[2026-03-03T01:26:05.615+0000] {processor.py:178} INFO - Processing /home/airflow/.local/lib/python3.7/site-packages/airflow/example_dags/example_task_group_decorator.py took 0.114 seconds
[2026-03-03T01:26:36.500+0000] {processor.py:156} INFO - Started process (PID=2394) to work on /home/airflow/.local/lib/python3.7/site-packages/airflow/example_dags/example_task_group_decorator.py
[2026-03-03T01:26:36.504+0000] {processor.py:799} INFO - Processing file /home/airflow/.local/lib/python3.7/site-packages/airflow/example_dags/example_task_group_decorator.py for tasks to queue
[2026-03-03T01:26:36.507+0000] {logging_mixin.py:149} INFO - [2026-03-03T01:26:36.506+0000] {dagbag.py:541} INFO - Filling up the DagBag from /home/airflow/.local/lib/python3.7/site-packages/airflow/example_dags/example_task_group_decorator.py
[2026-03-03T01:26:36.549+0000] {processor.py:809} INFO - DAG(s) dict_keys(['example_task_group_decorator']) retrieved from /home/airflow/.local/lib/python3.7/site-packages/airflow/example_dags/example_task_group_decorator.py
[2026-03-03T01:26:36.626+0000] {logging_mixin.py:149} INFO - [2026-03-03T01:26:36.625+0000] {dag.py:2726} INFO - Sync 1 DAGs
[2026-03-03T01:26:36.707+0000] {logging_mixin.py:149} INFO - [2026-03-03T01:26:36.706+0000] {dag.py:3490} INFO - Setting next_dagrun for example_task_group_decorator to 2026-03-02T01:26:36.704965+00:00, run_after=2026-03-03T01:26:36.704965+00:00
[2026-03-03T01:26:36.787+0000] {processor.py:178} INFO - Processing /home/airflow/.local/lib/python3.7/site-packages/airflow/example_dags/example_task_group_decorator.py took 0.295 seconds
[2026-03-03T01:27:06.996+0000] {processor.py:156} INFO - Started process (PID=2455) to work on /home/airflow/.local/lib/python3.7/site-packages/airflow/example_dags/example_task_group_decorator.py
[2026-03-03T01:27:06.996+0000] {processor.py:799} INFO - Processing file /home/airflow/.local/lib/python3.7/site-packages/airflow/example_dags/example_task_group_decorator.py for tasks to queue
[2026-03-03T01:27:06.997+0000] {logging_mixin.py:149} INFO - [2026-03-03T01:27:06.997+0000] {dagbag.py:541} INFO - Filling up the DagBag from /home/airflow/.local/lib/python3.7/site-packages/airflow/example_dags/example_task_group_decorator.py
[2026-03-03T01:27:07.006+0000] {processor.py:809} INFO - DAG(s) dict_keys(['example_task_group_decorator']) retrieved from /home/airflow/.local/lib/python3.7/site-packages/airflow/example_dags/example_task_group_decorator.py
[2026-03-03T01:27:07.022+0000] {logging_mixin.py:149} INFO - [2026-03-03T01:27:07.022+0000] {dag.py:2726} INFO - Sync 1 DAGs
[2026-03-03T01:27:07.037+0000] {logging_mixin.py:149} INFO - [2026-03-03T01:27:07.037+0000] {dag.py:3490} INFO - Setting next_dagrun for example_task_group_decorator to 2026-03-02T01:27:07.037291+00:00, run_after=2026-03-03T01:27:07.037291+00:00
[2026-03-03T01:27:07.049+0000] {processor.py:178} INFO - Processing /home/airflow/.local/lib/python3.7/site-packages/airflow/example_dags/example_task_group_decorator.py took 0.055 seconds
[2026-03-03T01:27:37.916+0000] {processor.py:156} INFO - Started process (PID=2517) to work on /home/airflow/.local/lib/python3.7/site-packages/airflow/example_dags/example_task_group_decorator.py
[2026-03-03T01:27:37.918+0000] {processor.py:799} INFO - Processing file /home/airflow/.local/lib/python3.7/site-packages/airflow/example_dags/example_task_group_decorator.py for tasks to queue
[2026-03-03T01:27:37.921+0000] {logging_mixin.py:149} INFO - [2026-03-03T01:27:37.920+0000] {dagbag.py:541} INFO - Filling up the DagBag from /home/airflow/.local/lib/python3.7/site-packages/airflow/example_dags/example_task_group_decorator.py
[2026-03-03T01:27:37.959+0000] {processor.py:809} INFO - DAG(s) dict_keys(['example_task_group_decorator']) retrieved from /home/airflow/.local/lib/python3.7/site-packages/airflow/example_dags/example_task_group_decorator.py
[2026-03-03T01:27:38.036+0000] {logging_mixin.py:149} INFO - [2026-03-03T01:27:38.036+0000] {dag.py:2726} INFO - Sync 1 DAGs
[2026-03-03T01:27:38.119+0000] {logging_mixin.py:149} INFO - [2026-03-03T01:27:38.119+0000] {dag.py:3490} INFO - Setting next_dagrun for example_task_group_decorator to 2026-03-02T01:27:38.118894+00:00, run_after=2026-03-03T01:27:38.118894+00:00
[2026-03-03T01:27:38.200+0000] {processor.py:178} INFO - Processing /home/airflow/.local/lib/python3.7/site-packages/airflow/example_dags/example_task_group_decorator.py took 0.292 seconds
[2026-03-03T01:28:08.349+0000] {processor.py:156} INFO - Started process (PID=2579) to work on /home/airflow/.local/lib/python3.7/site-packages/airflow/example_dags/example_task_group_decorator.py
[2026-03-03T01:28:08.350+0000] {processor.py:799} INFO - Processing file /home/airflow/.local/lib/python3.7/site-packages/airflow/example_dags/example_task_group_decorator.py for tasks to queue
[2026-03-03T01:28:08.350+0000] {logging_mixin.py:149} INFO - [2026-03-03T01:28:08.350+0000] {dagbag.py:541} INFO - Filling up the DagBag from /home/airflow/.local/lib/python3.7/site-packages/airflow/example_dags/example_task_group_decorator.py
[2026-03-03T01:28:08.362+0000] {processor.py:809} INFO - DAG(s) dict_keys(['example_task_group_decorator']) retrieved from /home/airflow/.local/lib/python3.7/site-packages/airflow/example_dags/example_task_group_decorator.py
[2026-03-03T01:28:08.388+0000] {logging_mixin.py:149} INFO - [2026-03-03T01:28:08.388+0000] {dag.py:2726} INFO - Sync 1 DAGs
[2026-03-03T01:28:08.405+0000] {logging_mixin.py:149} INFO - [2026-03-03T01:28:08.405+0000] {dag.py:3490} INFO - Setting next_dagrun for example_task_group_decorator to 2026-03-02T01:28:08.404928+00:00, run_after=2026-03-03T01:28:08.404928+00:00
[2026-03-03T01:28:08.418+0000] {processor.py:178} INFO - Processing /home/airflow/.local/lib/python3.7/site-packages/airflow/example_dags/example_task_group_decorator.py took 0.072 seconds
[2026-03-03T01:28:38.487+0000] {processor.py:156} INFO - Started process (PID=2641) to work on /home/airflow/.local/lib/python3.7/site-packages/airflow/example_dags/example_task_group_decorator.py
[2026-03-03T01:28:38.490+0000] {processor.py:799} INFO - Processing file /home/airflow/.local/lib/python3.7/site-packages/airflow/example_dags/example_task_group_decorator.py for tasks to queue
[2026-03-03T01:28:38.492+0000] {logging_mixin.py:149} INFO - [2026-03-03T01:28:38.491+0000] {dagbag.py:541} INFO - Filling up the DagBag from /home/airflow/.local/lib/python3.7/site-packages/airflow/example_dags/example_task_group_decorator.py
[2026-03-03T01:28:38.529+0000] {processor.py:809} INFO - DAG(s) dict_keys(['example_task_group_decorator']) retrieved from /home/airflow/.local/lib/python3.7/site-packages/airflow/example_dags/example_task_group_decorator.py
[2026-03-03T01:28:38.613+0000] {logging_mixin.py:149} INFO - [2026-03-03T01:28:38.612+0000] {dag.py:2726} INFO - Sync 1 DAGs
[2026-03-03T01:28:38.693+0000] {logging_mixin.py:149} INFO - [2026-03-03T01:28:38.693+0000] {dag.py:3490} INFO - Setting next_dagrun for example_task_group_decorator to 2026-03-02T01:28:38.692814+00:00, run_after=2026-03-03T01:28:38.692814+00:00
[2026-03-03T01:28:38.777+0000] {processor.py:178} INFO - Processing /home/airflow/.local/lib/python3.7/site-packages/airflow/example_dags/example_task_group_decorator.py took 0.298 seconds
[2026-03-03T01:29:09.297+0000] {processor.py:156} INFO - Started process (PID=2703) to work on /home/airflow/.local/lib/python3.7/site-packages/airflow/example_dags/example_task_group_decorator.py
[2026-03-03T01:29:09.301+0000] {processor.py:799} INFO - Processing file /home/airflow/.local/lib/python3.7/site-packages/airflow/example_dags/example_task_group_decorator.py for tasks to queue
[2026-03-03T01:29:09.301+0000] {logging_mixin.py:149} INFO - [2026-03-03T01:29:09.301+0000] {dagbag.py:541} INFO - Filling up the DagBag from /home/airflow/.local/lib/python3.7/site-packages/airflow/example_dags/example_task_group_decorator.py
[2026-03-03T01:29:09.312+0000] {processor.py:809} INFO - DAG(s) dict_keys(['example_task_group_decorator']) retrieved from /home/airflow/.local/lib/python3.7/site-packages/airflow/example_dags/example_task_group_decorator.py
[2026-03-03T01:29:09.334+0000] {logging_mixin.py:149} INFO - [2026-03-03T01:29:09.333+0000] {dag.py:2726} INFO - Sync 1 DAGs
[2026-03-03T01:29:09.349+0000] {logging_mixin.py:149} INFO - [2026-03-03T01:29:09.349+0000] {dag.py:3490} INFO - Setting next_dagrun for example_task_group_decorator to 2026-03-02T01:29:09.349205+00:00, run_after=2026-03-03T01:29:09.349205+00:00
[2026-03-03T01:29:09.362+0000] {processor.py:178} INFO - Processing /home/airflow/.local/lib/python3.7/site-packages/airflow/example_dags/example_task_group_decorator.py took 0.067 seconds
[2026-03-03T01:29:40.323+0000] {processor.py:156} INFO - Started process (PID=2765) to work on /home/airflow/.local/lib/python3.7/site-packages/airflow/example_dags/example_task_group_decorator.py
[2026-03-03T01:29:40.328+0000] {processor.py:799} INFO - Processing file /home/airflow/.local/lib/python3.7/site-packages/airflow/example_dags/example_task_group_decorator.py for tasks to queue
[2026-03-03T01:29:40.333+0000] {logging_mixin.py:149} INFO - [2026-03-03T01:29:40.332+0000] {dagbag.py:541} INFO - Filling up the DagBag from /home/airflow/.local/lib/python3.7/site-packages/airflow/example_dags/example_task_group_decorator.py
[2026-03-03T01:29:40.379+0000] {processor.py:809} INFO - DAG(s) dict_keys(['example_task_group_decorator']) retrieved from /home/airflow/.local/lib/python3.7/site-packages/airflow/example_dags/example_task_group_decorator.py
[2026-03-03T01:29:40.468+0000] {logging_mixin.py:149} INFO - [2026-03-03T01:29:40.467+0000] {dag.py:2726} INFO - Sync 1 DAGs
[2026-03-03T01:29:40.546+0000] {logging_mixin.py:149} INFO - [2026-03-03T01:29:40.545+0000] {dag.py:3490} INFO - Setting next_dagrun for example_task_group_decorator to 2026-03-02T01:29:40.544889+00:00, run_after=2026-03-03T01:29:40.544889+00:00
[2026-03-03T01:29:40.626+0000] {processor.py:178} INFO - Processing /home/airflow/.local/lib/python3.7/site-packages/airflow/example_dags/example_task_group_decorator.py took 0.313 seconds
[2026-03-03T01:30:11.338+0000] {processor.py:156} INFO - Started process (PID=2826) to work on /home/airflow/.local/lib/python3.7/site-packages/airflow/example_dags/example_task_group_decorator.py
[2026-03-03T01:30:11.341+0000] {processor.py:799} INFO - Processing file /home/airflow/.local/lib/python3.7/site-packages/airflow/example_dags/example_task_group_decorator.py for tasks to queue
[2026-03-03T01:30:11.345+0000] {logging_mixin.py:149} INFO - [2026-03-03T01:30:11.345+0000] {dagbag.py:541} INFO - Filling up the DagBag from /home/airflow/.local/lib/python3.7/site-packages/airflow/example_dags/example_task_group_decorator.py
[2026-03-03T01:30:11.380+0000] {processor.py:809} INFO - DAG(s) dict_keys(['example_task_group_decorator']) retrieved from /home/airflow/.local/lib/python3.7/site-packages/airflow/example_dags/example_task_group_decorator.py
[2026-03-03T01:30:11.455+0000] {logging_mixin.py:149} INFO - [2026-03-03T01:30:11.454+0000] {dag.py:2726} INFO - Sync 1 DAGs
[2026-03-03T01:30:11.536+0000] {logging_mixin.py:149} INFO - [2026-03-03T01:30:11.535+0000] {dag.py:3490} INFO - Setting next_dagrun for example_task_group_decorator to 2026-03-02T01:30:11.535195+00:00, run_after=2026-03-03T01:30:11.535195+00:00
[2026-03-03T01:30:11.610+0000] {processor.py:178} INFO - Processing /home/airflow/.local/lib/python3.7/site-packages/airflow/example_dags/example_task_group_decorator.py took 0.280 seconds
[2026-03-03T01:30:42.295+0000] {processor.py:156} INFO - Started process (PID=2888) to work on /home/airflow/.local/lib/python3.7/site-packages/airflow/example_dags/example_task_group_decorator.py
[2026-03-03T01:30:42.299+0000] {processor.py:799} INFO - Processing file /home/airflow/.local/lib/python3.7/site-packages/airflow/example_dags/example_task_group_decorator.py for tasks to queue
[2026-03-03T01:30:42.303+0000] {logging_mixin.py:149} INFO - [2026-03-03T01:30:42.303+0000] {dagbag.py:541} INFO - Filling up the DagBag from /home/airflow/.local/lib/python3.7/site-packages/airflow/example_dags/example_task_group_decorator.py
[2026-03-03T01:30:42.339+0000] {processor.py:809} INFO - DAG(s) dict_keys(['example_task_group_decorator']) retrieved from /home/airflow/.local/lib/python3.7/site-packages/airflow/example_dags/example_task_group_decorator.py
[2026-03-03T01:30:42.421+0000] {logging_mixin.py:149} INFO - [2026-03-03T01:30:42.420+0000] {dag.py:2726} INFO - Sync 1 DAGs
[2026-03-03T01:30:42.495+0000] {logging_mixin.py:149} INFO - [2026-03-03T01:30:42.494+0000] {dag.py:3490} INFO - Setting next_dagrun for example_task_group_decorator to 2026-03-02T01:30:42.493915+00:00, run_after=2026-03-03T01:30:42.493915+00:00
[2026-03-03T01:30:42.624+0000] {processor.py:178} INFO - Processing /home/airflow/.local/lib/python3.7/site-packages/airflow/example_dags/example_task_group_decorator.py took 0.336 seconds
[2026-03-03T01:31:13.211+0000] {processor.py:156} INFO - Started process (PID=2950) to work on /home/airflow/.local/lib/python3.7/site-packages/airflow/example_dags/example_task_group_decorator.py
[2026-03-03T01:31:13.213+0000] {processor.py:799} INFO - Processing file /home/airflow/.local/lib/python3.7/site-packages/airflow/example_dags/example_task_group_decorator.py for tasks to queue
[2026-03-03T01:31:13.214+0000] {logging_mixin.py:149} INFO - [2026-03-03T01:31:13.214+0000] {dagbag.py:541} INFO - Filling up the DagBag from /home/airflow/.local/lib/python3.7/site-packages/airflow/example_dags/example_task_group_decorator.py
[2026-03-03T01:31:13.227+0000] {processor.py:809} INFO - DAG(s) dict_keys(['example_task_group_decorator']) retrieved from /home/airflow/.local/lib/python3.7/site-packages/airflow/example_dags/example_task_group_decorator.py
[2026-03-03T01:31:13.249+0000] {logging_mixin.py:149} INFO - [2026-03-03T01:31:13.249+0000] {dag.py:2726} INFO - Sync 1 DAGs
[2026-03-03T01:31:13.272+0000] {logging_mixin.py:149} INFO - [2026-03-03T01:31:13.272+0000] {dag.py:3490} INFO - Setting next_dagrun for example_task_group_decorator to 2026-03-02T01:31:13.272636+00:00, run_after=2026-03-03T01:31:13.272636+00:00
[2026-03-03T01:31:13.289+0000] {processor.py:178} INFO - Processing /home/airflow/.local/lib/python3.7/site-packages/airflow/example_dags/example_task_group_decorator.py took 0.081 seconds
