[2026-03-03T00:56:02.700+0000] {processor.py:156} INFO - Started process (PID=32) to work on /home/airflow/.local/lib/python3.7/site-packages/airflow/example_dags/example_sla_dag.py
[2026-03-03T00:56:02.703+0000] {processor.py:799} INFO - Processing file /home/airflow/.local/lib/python3.7/site-packages/airflow/example_dags/example_sla_dag.py for tasks to queue
[2026-03-03T00:56:02.704+0000] {logging_mixin.py:149} INFO - [2026-03-03T00:56:02.704+0000] {dagbag.py:541} INFO - Filling up the DagBag from /home/airflow/.local/lib/python3.7/site-packages/airflow/example_dags/example_sla_dag.py
[2026-03-03T00:56:02.734+0000] {processor.py:809} INFO - DAG(s) dict_keys(['example_sla_dag']) retrieved from /home/airflow/.local/lib/python3.7/site-packages/airflow/example_dags/example_sla_dag.py
[2026-03-03T00:56:02.868+0000] {logging_mixin.py:149} INFO - [2026-03-03T00:56:02.868+0000] {dag.py:2726} INFO - Sync 1 DAGs
[2026-03-03T00:56:02.882+0000] {logging_mixin.py:149} INFO - [2026-03-03T00:56:02.882+0000] {dag.py:3490} INFO - Setting next_dagrun for example_sla_dag to 2026-03-03T00:54:00+00:00, run_after=2026-03-03T00:56:00+00:00
[2026-03-03T00:56:02.908+0000] {processor.py:178} INFO - Processing /home/airflow/.local/lib/python3.7/site-packages/airflow/example_dags/example_sla_dag.py took 0.211 seconds
[2026-03-03T00:56:33.621+0000] {processor.py:156} INFO - Started process (PID=101) to work on /home/airflow/.local/lib/python3.7/site-packages/airflow/example_dags/example_sla_dag.py
[2026-03-03T00:56:33.623+0000] {processor.py:799} INFO - Processing file /home/airflow/.local/lib/python3.7/site-packages/airflow/example_dags/example_sla_dag.py for tasks to queue
[2026-03-03T00:56:33.624+0000] {logging_mixin.py:149} INFO - [2026-03-03T00:56:33.624+0000] {dagbag.py:541} INFO - Filling up the DagBag from /home/airflow/.local/lib/python3.7/site-packages/airflow/example_dags/example_sla_dag.py
[2026-03-03T00:56:33.646+0000] {processor.py:809} INFO - DAG(s) dict_keys(['example_sla_dag']) retrieved from /home/airflow/.local/lib/python3.7/site-packages/airflow/example_dags/example_sla_dag.py
[2026-03-03T00:56:33.701+0000] {logging_mixin.py:149} INFO - [2026-03-03T00:56:33.700+0000] {dag.py:2726} INFO - Sync 1 DAGs
[2026-03-03T00:56:33.774+0000] {logging_mixin.py:149} INFO - [2026-03-03T00:56:33.774+0000] {dag.py:3490} INFO - Setting next_dagrun for example_sla_dag to 2026-03-03T00:54:00+00:00, run_after=2026-03-03T00:56:00+00:00
[2026-03-03T00:56:33.821+0000] {processor.py:178} INFO - Processing /home/airflow/.local/lib/python3.7/site-packages/airflow/example_dags/example_sla_dag.py took 0.206 seconds
[2026-03-03T00:57:04.054+0000] {processor.py:156} INFO - Started process (PID=163) to work on /home/airflow/.local/lib/python3.7/site-packages/airflow/example_dags/example_sla_dag.py
[2026-03-03T00:57:04.055+0000] {processor.py:799} INFO - Processing file /home/airflow/.local/lib/python3.7/site-packages/airflow/example_dags/example_sla_dag.py for tasks to queue
[2026-03-03T00:57:04.056+0000] {logging_mixin.py:149} INFO - [2026-03-03T00:57:04.056+0000] {dagbag.py:541} INFO - Filling up the DagBag from /home/airflow/.local/lib/python3.7/site-packages/airflow/example_dags/example_sla_dag.py
[2026-03-03T00:57:04.065+0000] {processor.py:809} INFO - DAG(s) dict_keys(['example_sla_dag']) retrieved from /home/airflow/.local/lib/python3.7/site-packages/airflow/example_dags/example_sla_dag.py
[2026-03-03T00:57:04.090+0000] {logging_mixin.py:149} INFO - [2026-03-03T00:57:04.090+0000] {dag.py:2726} INFO - Sync 1 DAGs
[2026-03-03T00:57:04.107+0000] {logging_mixin.py:149} INFO - [2026-03-03T00:57:04.107+0000] {dag.py:3490} INFO - Setting next_dagrun for example_sla_dag to 2026-03-03T00:54:00+00:00, run_after=2026-03-03T00:56:00+00:00
[2026-03-03T00:57:04.123+0000] {processor.py:178} INFO - Processing /home/airflow/.local/lib/python3.7/site-packages/airflow/example_dags/example_sla_dag.py took 0.075 seconds
[2026-03-03T00:57:34.905+0000] {processor.py:156} INFO - Started process (PID=225) to work on /home/airflow/.local/lib/python3.7/site-packages/airflow/example_dags/example_sla_dag.py
[2026-03-03T00:57:34.907+0000] {processor.py:799} INFO - Processing file /home/airflow/.local/lib/python3.7/site-packages/airflow/example_dags/example_sla_dag.py for tasks to queue
[2026-03-03T00:57:34.908+0000] {logging_mixin.py:149} INFO - [2026-03-03T00:57:34.907+0000] {dagbag.py:541} INFO - Filling up the DagBag from /home/airflow/.local/lib/python3.7/site-packages/airflow/example_dags/example_sla_dag.py
[2026-03-03T00:57:34.914+0000] {processor.py:809} INFO - DAG(s) dict_keys(['example_sla_dag']) retrieved from /home/airflow/.local/lib/python3.7/site-packages/airflow/example_dags/example_sla_dag.py
[2026-03-03T00:57:34.934+0000] {logging_mixin.py:149} INFO - [2026-03-03T00:57:34.934+0000] {dag.py:2726} INFO - Sync 1 DAGs
[2026-03-03T00:57:34.954+0000] {logging_mixin.py:149} INFO - [2026-03-03T00:57:34.954+0000] {dag.py:3490} INFO - Setting next_dagrun for example_sla_dag to 2026-03-03T00:54:00+00:00, run_after=2026-03-03T00:56:00+00:00
[2026-03-03T00:57:34.965+0000] {processor.py:178} INFO - Processing /home/airflow/.local/lib/python3.7/site-packages/airflow/example_dags/example_sla_dag.py took 0.064 seconds
[2026-03-03T00:58:05.304+0000] {processor.py:156} INFO - Started process (PID=287) to work on /home/airflow/.local/lib/python3.7/site-packages/airflow/example_dags/example_sla_dag.py
[2026-03-03T00:58:05.306+0000] {processor.py:799} INFO - Processing file /home/airflow/.local/lib/python3.7/site-packages/airflow/example_dags/example_sla_dag.py for tasks to queue
[2026-03-03T00:58:05.306+0000] {logging_mixin.py:149} INFO - [2026-03-03T00:58:05.306+0000] {dagbag.py:541} INFO - Filling up the DagBag from /home/airflow/.local/lib/python3.7/site-packages/airflow/example_dags/example_sla_dag.py
[2026-03-03T00:58:05.321+0000] {processor.py:809} INFO - DAG(s) dict_keys(['example_sla_dag']) retrieved from /home/airflow/.local/lib/python3.7/site-packages/airflow/example_dags/example_sla_dag.py
[2026-03-03T00:58:05.350+0000] {logging_mixin.py:149} INFO - [2026-03-03T00:58:05.349+0000] {dag.py:2726} INFO - Sync 1 DAGs
[2026-03-03T00:58:05.374+0000] {logging_mixin.py:149} INFO - [2026-03-03T00:58:05.374+0000] {dag.py:3490} INFO - Setting next_dagrun for example_sla_dag to 2026-03-03T00:56:00+00:00, run_after=2026-03-03T00:58:00+00:00
[2026-03-03T00:58:05.391+0000] {processor.py:178} INFO - Processing /home/airflow/.local/lib/python3.7/site-packages/airflow/example_dags/example_sla_dag.py took 0.094 seconds
[2026-03-03T00:58:36.221+0000] {processor.py:156} INFO - Started process (PID=349) to work on /home/airflow/.local/lib/python3.7/site-packages/airflow/example_dags/example_sla_dag.py
[2026-03-03T00:58:36.222+0000] {processor.py:799} INFO - Processing file /home/airflow/.local/lib/python3.7/site-packages/airflow/example_dags/example_sla_dag.py for tasks to queue
[2026-03-03T00:58:36.223+0000] {logging_mixin.py:149} INFO - [2026-03-03T00:58:36.223+0000] {dagbag.py:541} INFO - Filling up the DagBag from /home/airflow/.local/lib/python3.7/site-packages/airflow/example_dags/example_sla_dag.py
[2026-03-03T00:58:36.232+0000] {processor.py:809} INFO - DAG(s) dict_keys(['example_sla_dag']) retrieved from /home/airflow/.local/lib/python3.7/site-packages/airflow/example_dags/example_sla_dag.py
[2026-03-03T00:58:36.248+0000] {logging_mixin.py:149} INFO - [2026-03-03T00:58:36.248+0000] {dag.py:2726} INFO - Sync 1 DAGs
[2026-03-03T00:58:36.263+0000] {logging_mixin.py:149} INFO - [2026-03-03T00:58:36.263+0000] {dag.py:3490} INFO - Setting next_dagrun for example_sla_dag to 2026-03-03T00:56:00+00:00, run_after=2026-03-03T00:58:00+00:00
[2026-03-03T00:58:36.276+0000] {processor.py:178} INFO - Processing /home/airflow/.local/lib/python3.7/site-packages/airflow/example_dags/example_sla_dag.py took 0.059 seconds
[2026-03-03T00:59:07.225+0000] {processor.py:156} INFO - Started process (PID=411) to work on /home/airflow/.local/lib/python3.7/site-packages/airflow/example_dags/example_sla_dag.py
[2026-03-03T00:59:07.227+0000] {processor.py:799} INFO - Processing file /home/airflow/.local/lib/python3.7/site-packages/airflow/example_dags/example_sla_dag.py for tasks to queue
[2026-03-03T00:59:07.228+0000] {logging_mixin.py:149} INFO - [2026-03-03T00:59:07.228+0000] {dagbag.py:541} INFO - Filling up the DagBag from /home/airflow/.local/lib/python3.7/site-packages/airflow/example_dags/example_sla_dag.py
[2026-03-03T00:59:07.237+0000] {processor.py:809} INFO - DAG(s) dict_keys(['example_sla_dag']) retrieved from /home/airflow/.local/lib/python3.7/site-packages/airflow/example_dags/example_sla_dag.py
[2026-03-03T00:59:07.261+0000] {logging_mixin.py:149} INFO - [2026-03-03T00:59:07.261+0000] {dag.py:2726} INFO - Sync 1 DAGs
[2026-03-03T00:59:07.281+0000] {logging_mixin.py:149} INFO - [2026-03-03T00:59:07.281+0000] {dag.py:3490} INFO - Setting next_dagrun for example_sla_dag to 2026-03-03T00:56:00+00:00, run_after=2026-03-03T00:58:00+00:00
[2026-03-03T00:59:07.295+0000] {processor.py:178} INFO - Processing /home/airflow/.local/lib/python3.7/site-packages/airflow/example_dags/example_sla_dag.py took 0.075 seconds
[2026-03-03T00:59:38.040+0000] {processor.py:156} INFO - Started process (PID=473) to work on /home/airflow/.local/lib/python3.7/site-packages/airflow/example_dags/example_sla_dag.py
[2026-03-03T00:59:38.040+0000] {processor.py:799} INFO - Processing file /home/airflow/.local/lib/python3.7/site-packages/airflow/example_dags/example_sla_dag.py for tasks to queue
[2026-03-03T00:59:38.041+0000] {logging_mixin.py:149} INFO - [2026-03-03T00:59:38.041+0000] {dagbag.py:541} INFO - Filling up the DagBag from /home/airflow/.local/lib/python3.7/site-packages/airflow/example_dags/example_sla_dag.py
[2026-03-03T00:59:38.046+0000] {processor.py:809} INFO - DAG(s) dict_keys(['example_sla_dag']) retrieved from /home/airflow/.local/lib/python3.7/site-packages/airflow/example_dags/example_sla_dag.py
[2026-03-03T00:59:38.070+0000] {logging_mixin.py:149} INFO - [2026-03-03T00:59:38.070+0000] {dag.py:2726} INFO - Sync 1 DAGs
[2026-03-03T00:59:38.090+0000] {logging_mixin.py:149} INFO - [2026-03-03T00:59:38.090+0000] {dag.py:3490} INFO - Setting next_dagrun for example_sla_dag to 2026-03-03T00:56:00+00:00, run_after=2026-03-03T00:58:00+00:00
[2026-03-03T00:59:38.103+0000] {processor.py:178} INFO - Processing /home/airflow/.local/lib/python3.7/site-packages/airflow/example_dags/example_sla_dag.py took 0.067 seconds
[2026-03-03T01:00:08.356+0000] {processor.py:156} INFO - Started process (PID=535) to work on /home/airflow/.local/lib/python3.7/site-packages/airflow/example_dags/example_sla_dag.py
[2026-03-03T01:00:08.358+0000] {processor.py:799} INFO - Processing file /home/airflow/.local/lib/python3.7/site-packages/airflow/example_dags/example_sla_dag.py for tasks to queue
[2026-03-03T01:00:08.361+0000] {logging_mixin.py:149} INFO - [2026-03-03T01:00:08.360+0000] {dagbag.py:541} INFO - Filling up the DagBag from /home/airflow/.local/lib/python3.7/site-packages/airflow/example_dags/example_sla_dag.py
[2026-03-03T01:00:08.389+0000] {processor.py:809} INFO - DAG(s) dict_keys(['example_sla_dag']) retrieved from /home/airflow/.local/lib/python3.7/site-packages/airflow/example_dags/example_sla_dag.py
[2026-03-03T01:00:08.454+0000] {logging_mixin.py:149} INFO - [2026-03-03T01:00:08.454+0000] {dag.py:2726} INFO - Sync 1 DAGs
[2026-03-03T01:00:08.535+0000] {logging_mixin.py:149} INFO - [2026-03-03T01:00:08.534+0000] {dag.py:3490} INFO - Setting next_dagrun for example_sla_dag to 2026-03-03T00:58:00+00:00, run_after=2026-03-03T01:00:00+00:00
[2026-03-03T01:00:08.598+0000] {processor.py:178} INFO - Processing /home/airflow/.local/lib/python3.7/site-packages/airflow/example_dags/example_sla_dag.py took 0.248 seconds
[2026-03-03T01:00:38.661+0000] {processor.py:156} INFO - Started process (PID=597) to work on /home/airflow/.local/lib/python3.7/site-packages/airflow/example_dags/example_sla_dag.py
[2026-03-03T01:00:38.663+0000] {processor.py:799} INFO - Processing file /home/airflow/.local/lib/python3.7/site-packages/airflow/example_dags/example_sla_dag.py for tasks to queue
[2026-03-03T01:00:38.665+0000] {logging_mixin.py:149} INFO - [2026-03-03T01:00:38.665+0000] {dagbag.py:541} INFO - Filling up the DagBag from /home/airflow/.local/lib/python3.7/site-packages/airflow/example_dags/example_sla_dag.py
[2026-03-03T01:00:38.685+0000] {processor.py:809} INFO - DAG(s) dict_keys(['example_sla_dag']) retrieved from /home/airflow/.local/lib/python3.7/site-packages/airflow/example_dags/example_sla_dag.py
[2026-03-03T01:00:38.744+0000] {logging_mixin.py:149} INFO - [2026-03-03T01:00:38.743+0000] {dag.py:2726} INFO - Sync 1 DAGs
[2026-03-03T01:00:38.815+0000] {logging_mixin.py:149} INFO - [2026-03-03T01:00:38.814+0000] {dag.py:3490} INFO - Setting next_dagrun for example_sla_dag to 2026-03-03T00:58:00+00:00, run_after=2026-03-03T01:00:00+00:00
[2026-03-03T01:00:38.871+0000] {processor.py:178} INFO - Processing /home/airflow/.local/lib/python3.7/site-packages/airflow/example_dags/example_sla_dag.py took 0.217 seconds
[2026-03-03T01:01:09.039+0000] {processor.py:156} INFO - Started process (PID=659) to work on /home/airflow/.local/lib/python3.7/site-packages/airflow/example_dags/example_sla_dag.py
[2026-03-03T01:01:09.040+0000] {processor.py:799} INFO - Processing file /home/airflow/.local/lib/python3.7/site-packages/airflow/example_dags/example_sla_dag.py for tasks to queue
[2026-03-03T01:01:09.041+0000] {logging_mixin.py:149} INFO - [2026-03-03T01:01:09.040+0000] {dagbag.py:541} INFO - Filling up the DagBag from /home/airflow/.local/lib/python3.7/site-packages/airflow/example_dags/example_sla_dag.py
[2026-03-03T01:01:09.050+0000] {processor.py:809} INFO - DAG(s) dict_keys(['example_sla_dag']) retrieved from /home/airflow/.local/lib/python3.7/site-packages/airflow/example_dags/example_sla_dag.py
[2026-03-03T01:01:09.072+0000] {logging_mixin.py:149} INFO - [2026-03-03T01:01:09.072+0000] {dag.py:2726} INFO - Sync 1 DAGs
[2026-03-03T01:01:09.087+0000] {logging_mixin.py:149} INFO - [2026-03-03T01:01:09.087+0000] {dag.py:3490} INFO - Setting next_dagrun for example_sla_dag to 2026-03-03T00:58:00+00:00, run_after=2026-03-03T01:00:00+00:00
[2026-03-03T01:01:09.097+0000] {processor.py:178} INFO - Processing /home/airflow/.local/lib/python3.7/site-packages/airflow/example_dags/example_sla_dag.py took 0.062 seconds
[2026-03-03T01:01:39.721+0000] {processor.py:156} INFO - Started process (PID=721) to work on /home/airflow/.local/lib/python3.7/site-packages/airflow/example_dags/example_sla_dag.py
[2026-03-03T01:01:39.722+0000] {processor.py:799} INFO - Processing file /home/airflow/.local/lib/python3.7/site-packages/airflow/example_dags/example_sla_dag.py for tasks to queue
[2026-03-03T01:01:39.723+0000] {logging_mixin.py:149} INFO - [2026-03-03T01:01:39.723+0000] {dagbag.py:541} INFO - Filling up the DagBag from /home/airflow/.local/lib/python3.7/site-packages/airflow/example_dags/example_sla_dag.py
[2026-03-03T01:01:39.730+0000] {processor.py:809} INFO - DAG(s) dict_keys(['example_sla_dag']) retrieved from /home/airflow/.local/lib/python3.7/site-packages/airflow/example_dags/example_sla_dag.py
[2026-03-03T01:01:39.749+0000] {logging_mixin.py:149} INFO - [2026-03-03T01:01:39.749+0000] {dag.py:2726} INFO - Sync 1 DAGs
[2026-03-03T01:01:39.771+0000] {logging_mixin.py:149} INFO - [2026-03-03T01:01:39.771+0000] {dag.py:3490} INFO - Setting next_dagrun for example_sla_dag to 2026-03-03T00:58:00+00:00, run_after=2026-03-03T01:00:00+00:00
[2026-03-03T01:01:39.782+0000] {processor.py:178} INFO - Processing /home/airflow/.local/lib/python3.7/site-packages/airflow/example_dags/example_sla_dag.py took 0.065 seconds
[2026-03-03T01:02:10.558+0000] {processor.py:156} INFO - Started process (PID=783) to work on /home/airflow/.local/lib/python3.7/site-packages/airflow/example_dags/example_sla_dag.py
[2026-03-03T01:02:10.559+0000] {processor.py:799} INFO - Processing file /home/airflow/.local/lib/python3.7/site-packages/airflow/example_dags/example_sla_dag.py for tasks to queue
[2026-03-03T01:02:10.560+0000] {logging_mixin.py:149} INFO - [2026-03-03T01:02:10.560+0000] {dagbag.py:541} INFO - Filling up the DagBag from /home/airflow/.local/lib/python3.7/site-packages/airflow/example_dags/example_sla_dag.py
[2026-03-03T01:02:10.566+0000] {processor.py:809} INFO - DAG(s) dict_keys(['example_sla_dag']) retrieved from /home/airflow/.local/lib/python3.7/site-packages/airflow/example_dags/example_sla_dag.py
[2026-03-03T01:02:10.584+0000] {logging_mixin.py:149} INFO - [2026-03-03T01:02:10.584+0000] {dag.py:2726} INFO - Sync 1 DAGs
[2026-03-03T01:02:10.600+0000] {logging_mixin.py:149} INFO - [2026-03-03T01:02:10.600+0000] {dag.py:3490} INFO - Setting next_dagrun for example_sla_dag to 2026-03-03T01:00:00+00:00, run_after=2026-03-03T01:02:00+00:00
[2026-03-03T01:02:10.612+0000] {processor.py:178} INFO - Processing /home/airflow/.local/lib/python3.7/site-packages/airflow/example_dags/example_sla_dag.py took 0.057 seconds
[2026-03-03T01:02:41.325+0000] {processor.py:156} INFO - Started process (PID=845) to work on /home/airflow/.local/lib/python3.7/site-packages/airflow/example_dags/example_sla_dag.py
[2026-03-03T01:02:41.325+0000] {processor.py:799} INFO - Processing file /home/airflow/.local/lib/python3.7/site-packages/airflow/example_dags/example_sla_dag.py for tasks to queue
[2026-03-03T01:02:41.326+0000] {logging_mixin.py:149} INFO - [2026-03-03T01:02:41.326+0000] {dagbag.py:541} INFO - Filling up the DagBag from /home/airflow/.local/lib/python3.7/site-packages/airflow/example_dags/example_sla_dag.py
[2026-03-03T01:02:41.334+0000] {processor.py:809} INFO - DAG(s) dict_keys(['example_sla_dag']) retrieved from /home/airflow/.local/lib/python3.7/site-packages/airflow/example_dags/example_sla_dag.py
[2026-03-03T01:02:41.355+0000] {logging_mixin.py:149} INFO - [2026-03-03T01:02:41.354+0000] {dag.py:2726} INFO - Sync 1 DAGs
[2026-03-03T01:02:41.369+0000] {logging_mixin.py:149} INFO - [2026-03-03T01:02:41.369+0000] {dag.py:3490} INFO - Setting next_dagrun for example_sla_dag to 2026-03-03T01:00:00+00:00, run_after=2026-03-03T01:02:00+00:00
[2026-03-03T01:02:41.379+0000] {processor.py:178} INFO - Processing /home/airflow/.local/lib/python3.7/site-packages/airflow/example_dags/example_sla_dag.py took 0.060 seconds
[2026-03-03T01:03:12.074+0000] {processor.py:156} INFO - Started process (PID=907) to work on /home/airflow/.local/lib/python3.7/site-packages/airflow/example_dags/example_sla_dag.py
[2026-03-03T01:03:12.076+0000] {processor.py:799} INFO - Processing file /home/airflow/.local/lib/python3.7/site-packages/airflow/example_dags/example_sla_dag.py for tasks to queue
[2026-03-03T01:03:12.076+0000] {logging_mixin.py:149} INFO - [2026-03-03T01:03:12.076+0000] {dagbag.py:541} INFO - Filling up the DagBag from /home/airflow/.local/lib/python3.7/site-packages/airflow/example_dags/example_sla_dag.py
[2026-03-03T01:03:12.085+0000] {processor.py:809} INFO - DAG(s) dict_keys(['example_sla_dag']) retrieved from /home/airflow/.local/lib/python3.7/site-packages/airflow/example_dags/example_sla_dag.py
[2026-03-03T01:03:12.104+0000] {logging_mixin.py:149} INFO - [2026-03-03T01:03:12.104+0000] {dag.py:2726} INFO - Sync 1 DAGs
[2026-03-03T01:03:12.121+0000] {logging_mixin.py:149} INFO - [2026-03-03T01:03:12.121+0000] {dag.py:3490} INFO - Setting next_dagrun for example_sla_dag to 2026-03-03T01:00:00+00:00, run_after=2026-03-03T01:02:00+00:00
[2026-03-03T01:03:12.131+0000] {processor.py:178} INFO - Processing /home/airflow/.local/lib/python3.7/site-packages/airflow/example_dags/example_sla_dag.py took 0.061 seconds
[2026-03-03T01:03:42.827+0000] {processor.py:156} INFO - Started process (PID=969) to work on /home/airflow/.local/lib/python3.7/site-packages/airflow/example_dags/example_sla_dag.py
[2026-03-03T01:03:42.827+0000] {processor.py:799} INFO - Processing file /home/airflow/.local/lib/python3.7/site-packages/airflow/example_dags/example_sla_dag.py for tasks to queue
[2026-03-03T01:03:42.828+0000] {logging_mixin.py:149} INFO - [2026-03-03T01:03:42.828+0000] {dagbag.py:541} INFO - Filling up the DagBag from /home/airflow/.local/lib/python3.7/site-packages/airflow/example_dags/example_sla_dag.py
[2026-03-03T01:03:42.834+0000] {processor.py:809} INFO - DAG(s) dict_keys(['example_sla_dag']) retrieved from /home/airflow/.local/lib/python3.7/site-packages/airflow/example_dags/example_sla_dag.py
[2026-03-03T01:03:42.850+0000] {logging_mixin.py:149} INFO - [2026-03-03T01:03:42.850+0000] {dag.py:2726} INFO - Sync 1 DAGs
[2026-03-03T01:03:42.867+0000] {logging_mixin.py:149} INFO - [2026-03-03T01:03:42.866+0000] {dag.py:3490} INFO - Setting next_dagrun for example_sla_dag to 2026-03-03T01:00:00+00:00, run_after=2026-03-03T01:02:00+00:00
[2026-03-03T01:03:42.878+0000] {processor.py:178} INFO - Processing /home/airflow/.local/lib/python3.7/site-packages/airflow/example_dags/example_sla_dag.py took 0.054 seconds
[2026-03-03T01:04:13.708+0000] {processor.py:156} INFO - Started process (PID=1031) to work on /home/airflow/.local/lib/python3.7/site-packages/airflow/example_dags/example_sla_dag.py
[2026-03-03T01:04:13.709+0000] {processor.py:799} INFO - Processing file /home/airflow/.local/lib/python3.7/site-packages/airflow/example_dags/example_sla_dag.py for tasks to queue
[2026-03-03T01:04:13.710+0000] {logging_mixin.py:149} INFO - [2026-03-03T01:04:13.710+0000] {dagbag.py:541} INFO - Filling up the DagBag from /home/airflow/.local/lib/python3.7/site-packages/airflow/example_dags/example_sla_dag.py
[2026-03-03T01:04:13.720+0000] {processor.py:809} INFO - DAG(s) dict_keys(['example_sla_dag']) retrieved from /home/airflow/.local/lib/python3.7/site-packages/airflow/example_dags/example_sla_dag.py
[2026-03-03T01:04:13.741+0000] {logging_mixin.py:149} INFO - [2026-03-03T01:04:13.741+0000] {dag.py:2726} INFO - Sync 1 DAGs
[2026-03-03T01:04:13.757+0000] {logging_mixin.py:149} INFO - [2026-03-03T01:04:13.757+0000] {dag.py:3490} INFO - Setting next_dagrun for example_sla_dag to 2026-03-03T01:02:00+00:00, run_after=2026-03-03T01:04:00+00:00
[2026-03-03T01:04:13.768+0000] {processor.py:178} INFO - Processing /home/airflow/.local/lib/python3.7/site-packages/airflow/example_dags/example_sla_dag.py took 0.065 seconds
[2026-03-03T01:04:44.193+0000] {processor.py:156} INFO - Started process (PID=1093) to work on /home/airflow/.local/lib/python3.7/site-packages/airflow/example_dags/example_sla_dag.py
[2026-03-03T01:04:44.194+0000] {processor.py:799} INFO - Processing file /home/airflow/.local/lib/python3.7/site-packages/airflow/example_dags/example_sla_dag.py for tasks to queue
[2026-03-03T01:04:44.194+0000] {logging_mixin.py:149} INFO - [2026-03-03T01:04:44.194+0000] {dagbag.py:541} INFO - Filling up the DagBag from /home/airflow/.local/lib/python3.7/site-packages/airflow/example_dags/example_sla_dag.py
[2026-03-03T01:04:44.201+0000] {processor.py:809} INFO - DAG(s) dict_keys(['example_sla_dag']) retrieved from /home/airflow/.local/lib/python3.7/site-packages/airflow/example_dags/example_sla_dag.py
[2026-03-03T01:04:44.223+0000] {logging_mixin.py:149} INFO - [2026-03-03T01:04:44.223+0000] {dag.py:2726} INFO - Sync 1 DAGs
[2026-03-03T01:04:44.238+0000] {logging_mixin.py:149} INFO - [2026-03-03T01:04:44.238+0000] {dag.py:3490} INFO - Setting next_dagrun for example_sla_dag to 2026-03-03T01:02:00+00:00, run_after=2026-03-03T01:04:00+00:00
[2026-03-03T01:04:44.247+0000] {processor.py:178} INFO - Processing /home/airflow/.local/lib/python3.7/site-packages/airflow/example_dags/example_sla_dag.py took 0.057 seconds
[2026-03-03T01:05:14.947+0000] {processor.py:156} INFO - Started process (PID=1155) to work on /home/airflow/.local/lib/python3.7/site-packages/airflow/example_dags/example_sla_dag.py
[2026-03-03T01:05:14.948+0000] {processor.py:799} INFO - Processing file /home/airflow/.local/lib/python3.7/site-packages/airflow/example_dags/example_sla_dag.py for tasks to queue
[2026-03-03T01:05:14.949+0000] {logging_mixin.py:149} INFO - [2026-03-03T01:05:14.949+0000] {dagbag.py:541} INFO - Filling up the DagBag from /home/airflow/.local/lib/python3.7/site-packages/airflow/example_dags/example_sla_dag.py
[2026-03-03T01:05:14.961+0000] {processor.py:809} INFO - DAG(s) dict_keys(['example_sla_dag']) retrieved from /home/airflow/.local/lib/python3.7/site-packages/airflow/example_dags/example_sla_dag.py
[2026-03-03T01:05:14.986+0000] {logging_mixin.py:149} INFO - [2026-03-03T01:05:14.986+0000] {dag.py:2726} INFO - Sync 1 DAGs
[2026-03-03T01:05:15.002+0000] {logging_mixin.py:149} INFO - [2026-03-03T01:05:15.002+0000] {dag.py:3490} INFO - Setting next_dagrun for example_sla_dag to 2026-03-03T01:02:00+00:00, run_after=2026-03-03T01:04:00+00:00
[2026-03-03T01:05:15.011+0000] {processor.py:178} INFO - Processing /home/airflow/.local/lib/python3.7/site-packages/airflow/example_dags/example_sla_dag.py took 0.068 seconds
[2026-03-03T01:05:45.757+0000] {processor.py:156} INFO - Started process (PID=1217) to work on /home/airflow/.local/lib/python3.7/site-packages/airflow/example_dags/example_sla_dag.py
[2026-03-03T01:05:45.759+0000] {processor.py:799} INFO - Processing file /home/airflow/.local/lib/python3.7/site-packages/airflow/example_dags/example_sla_dag.py for tasks to queue
[2026-03-03T01:05:45.759+0000] {logging_mixin.py:149} INFO - [2026-03-03T01:05:45.759+0000] {dagbag.py:541} INFO - Filling up the DagBag from /home/airflow/.local/lib/python3.7/site-packages/airflow/example_dags/example_sla_dag.py
[2026-03-03T01:05:45.767+0000] {processor.py:809} INFO - DAG(s) dict_keys(['example_sla_dag']) retrieved from /home/airflow/.local/lib/python3.7/site-packages/airflow/example_dags/example_sla_dag.py
[2026-03-03T01:05:45.787+0000] {logging_mixin.py:149} INFO - [2026-03-03T01:05:45.787+0000] {dag.py:2726} INFO - Sync 1 DAGs
[2026-03-03T01:05:45.804+0000] {logging_mixin.py:149} INFO - [2026-03-03T01:05:45.803+0000] {dag.py:3490} INFO - Setting next_dagrun for example_sla_dag to 2026-03-03T01:02:00+00:00, run_after=2026-03-03T01:04:00+00:00
[2026-03-03T01:05:45.812+0000] {processor.py:178} INFO - Processing /home/airflow/.local/lib/python3.7/site-packages/airflow/example_dags/example_sla_dag.py took 0.060 seconds
[2026-03-03T01:06:16.346+0000] {processor.py:156} INFO - Started process (PID=1279) to work on /home/airflow/.local/lib/python3.7/site-packages/airflow/example_dags/example_sla_dag.py
[2026-03-03T01:06:16.347+0000] {processor.py:799} INFO - Processing file /home/airflow/.local/lib/python3.7/site-packages/airflow/example_dags/example_sla_dag.py for tasks to queue
[2026-03-03T01:06:16.349+0000] {logging_mixin.py:149} INFO - [2026-03-03T01:06:16.348+0000] {dagbag.py:541} INFO - Filling up the DagBag from /home/airflow/.local/lib/python3.7/site-packages/airflow/example_dags/example_sla_dag.py
[2026-03-03T01:06:16.353+0000] {processor.py:809} INFO - DAG(s) dict_keys(['example_sla_dag']) retrieved from /home/airflow/.local/lib/python3.7/site-packages/airflow/example_dags/example_sla_dag.py
[2026-03-03T01:06:16.364+0000] {logging_mixin.py:149} INFO - [2026-03-03T01:06:16.364+0000] {dag.py:2726} INFO - Sync 1 DAGs
[2026-03-03T01:06:16.376+0000] {logging_mixin.py:149} INFO - [2026-03-03T01:06:16.376+0000] {dag.py:3490} INFO - Setting next_dagrun for example_sla_dag to 2026-03-03T01:04:00+00:00, run_after=2026-03-03T01:06:00+00:00
[2026-03-03T01:06:16.384+0000] {processor.py:178} INFO - Processing /home/airflow/.local/lib/python3.7/site-packages/airflow/example_dags/example_sla_dag.py took 0.041 seconds
[2026-03-03T01:07:08.797+0000] {processor.py:156} INFO - Started process (PID=31) to work on /home/airflow/.local/lib/python3.7/site-packages/airflow/example_dags/example_sla_dag.py
[2026-03-03T01:07:08.798+0000] {processor.py:799} INFO - Processing file /home/airflow/.local/lib/python3.7/site-packages/airflow/example_dags/example_sla_dag.py for tasks to queue
[2026-03-03T01:07:08.799+0000] {logging_mixin.py:149} INFO - [2026-03-03T01:07:08.799+0000] {dagbag.py:541} INFO - Filling up the DagBag from /home/airflow/.local/lib/python3.7/site-packages/airflow/example_dags/example_sla_dag.py
[2026-03-03T01:07:08.805+0000] {processor.py:809} INFO - DAG(s) dict_keys(['example_sla_dag']) retrieved from /home/airflow/.local/lib/python3.7/site-packages/airflow/example_dags/example_sla_dag.py
[2026-03-03T01:07:08.823+0000] {logging_mixin.py:149} INFO - [2026-03-03T01:07:08.822+0000] {dag.py:2726} INFO - Sync 1 DAGs
[2026-03-03T01:07:08.842+0000] {logging_mixin.py:149} INFO - [2026-03-03T01:07:08.841+0000] {dag.py:3490} INFO - Setting next_dagrun for example_sla_dag to 2026-03-03T01:04:00+00:00, run_after=2026-03-03T01:06:00+00:00
[2026-03-03T01:07:08.857+0000] {processor.py:178} INFO - Processing /home/airflow/.local/lib/python3.7/site-packages/airflow/example_dags/example_sla_dag.py took 0.062 seconds
[2026-03-03T01:07:38.900+0000] {processor.py:156} INFO - Started process (PID=93) to work on /home/airflow/.local/lib/python3.7/site-packages/airflow/example_dags/example_sla_dag.py
[2026-03-03T01:07:38.900+0000] {processor.py:799} INFO - Processing file /home/airflow/.local/lib/python3.7/site-packages/airflow/example_dags/example_sla_dag.py for tasks to queue
[2026-03-03T01:07:38.901+0000] {logging_mixin.py:149} INFO - [2026-03-03T01:07:38.901+0000] {dagbag.py:541} INFO - Filling up the DagBag from /home/airflow/.local/lib/python3.7/site-packages/airflow/example_dags/example_sla_dag.py
[2026-03-03T01:07:38.911+0000] {processor.py:809} INFO - DAG(s) dict_keys(['example_sla_dag']) retrieved from /home/airflow/.local/lib/python3.7/site-packages/airflow/example_dags/example_sla_dag.py
[2026-03-03T01:07:38.935+0000] {logging_mixin.py:149} INFO - [2026-03-03T01:07:38.935+0000] {dag.py:2726} INFO - Sync 1 DAGs
[2026-03-03T01:07:38.955+0000] {logging_mixin.py:149} INFO - [2026-03-03T01:07:38.955+0000] {dag.py:3490} INFO - Setting next_dagrun for example_sla_dag to 2026-03-03T01:04:00+00:00, run_after=2026-03-03T01:06:00+00:00
[2026-03-03T01:07:38.973+0000] {processor.py:178} INFO - Processing /home/airflow/.local/lib/python3.7/site-packages/airflow/example_dags/example_sla_dag.py took 0.076 seconds
[2026-03-03T01:08:09.118+0000] {processor.py:156} INFO - Started process (PID=155) to work on /home/airflow/.local/lib/python3.7/site-packages/airflow/example_dags/example_sla_dag.py
[2026-03-03T01:08:09.120+0000] {processor.py:799} INFO - Processing file /home/airflow/.local/lib/python3.7/site-packages/airflow/example_dags/example_sla_dag.py for tasks to queue
[2026-03-03T01:08:09.122+0000] {logging_mixin.py:149} INFO - [2026-03-03T01:08:09.121+0000] {dagbag.py:541} INFO - Filling up the DagBag from /home/airflow/.local/lib/python3.7/site-packages/airflow/example_dags/example_sla_dag.py
[2026-03-03T01:08:09.139+0000] {processor.py:809} INFO - DAG(s) dict_keys(['example_sla_dag']) retrieved from /home/airflow/.local/lib/python3.7/site-packages/airflow/example_dags/example_sla_dag.py
[2026-03-03T01:08:09.193+0000] {logging_mixin.py:149} INFO - [2026-03-03T01:08:09.192+0000] {dag.py:2726} INFO - Sync 1 DAGs
[2026-03-03T01:08:09.518+0000] {logging_mixin.py:149} INFO - [2026-03-03T01:08:09.517+0000] {dag.py:3490} INFO - Setting next_dagrun for example_sla_dag to 2026-03-03T01:06:00+00:00, run_after=2026-03-03T01:08:00+00:00
[2026-03-03T01:08:09.577+0000] {processor.py:178} INFO - Processing /home/airflow/.local/lib/python3.7/site-packages/airflow/example_dags/example_sla_dag.py took 0.464 seconds
[2026-03-03T01:08:40.289+0000] {processor.py:156} INFO - Started process (PID=217) to work on /home/airflow/.local/lib/python3.7/site-packages/airflow/example_dags/example_sla_dag.py
[2026-03-03T01:08:40.291+0000] {processor.py:799} INFO - Processing file /home/airflow/.local/lib/python3.7/site-packages/airflow/example_dags/example_sla_dag.py for tasks to queue
[2026-03-03T01:08:40.291+0000] {logging_mixin.py:149} INFO - [2026-03-03T01:08:40.291+0000] {dagbag.py:541} INFO - Filling up the DagBag from /home/airflow/.local/lib/python3.7/site-packages/airflow/example_dags/example_sla_dag.py
[2026-03-03T01:08:40.300+0000] {processor.py:809} INFO - DAG(s) dict_keys(['example_sla_dag']) retrieved from /home/airflow/.local/lib/python3.7/site-packages/airflow/example_dags/example_sla_dag.py
[2026-03-03T01:08:40.323+0000] {logging_mixin.py:149} INFO - [2026-03-03T01:08:40.323+0000] {dag.py:2726} INFO - Sync 1 DAGs
[2026-03-03T01:08:40.345+0000] {logging_mixin.py:149} INFO - [2026-03-03T01:08:40.344+0000] {dag.py:3490} INFO - Setting next_dagrun for example_sla_dag to 2026-03-03T01:06:00+00:00, run_after=2026-03-03T01:08:00+00:00
[2026-03-03T01:08:40.357+0000] {processor.py:178} INFO - Processing /home/airflow/.local/lib/python3.7/site-packages/airflow/example_dags/example_sla_dag.py took 0.073 seconds
[2026-03-03T01:09:11.220+0000] {processor.py:156} INFO - Started process (PID=286) to work on /home/airflow/.local/lib/python3.7/site-packages/airflow/example_dags/example_sla_dag.py
[2026-03-03T01:09:11.220+0000] {processor.py:799} INFO - Processing file /home/airflow/.local/lib/python3.7/site-packages/airflow/example_dags/example_sla_dag.py for tasks to queue
[2026-03-03T01:09:11.221+0000] {logging_mixin.py:149} INFO - [2026-03-03T01:09:11.221+0000] {dagbag.py:541} INFO - Filling up the DagBag from /home/airflow/.local/lib/python3.7/site-packages/airflow/example_dags/example_sla_dag.py
[2026-03-03T01:09:11.231+0000] {processor.py:809} INFO - DAG(s) dict_keys(['example_sla_dag']) retrieved from /home/airflow/.local/lib/python3.7/site-packages/airflow/example_dags/example_sla_dag.py
[2026-03-03T01:09:11.251+0000] {logging_mixin.py:149} INFO - [2026-03-03T01:09:11.251+0000] {dag.py:2726} INFO - Sync 1 DAGs
[2026-03-03T01:09:11.272+0000] {logging_mixin.py:149} INFO - [2026-03-03T01:09:11.272+0000] {dag.py:3490} INFO - Setting next_dagrun for example_sla_dag to 2026-03-03T01:06:00+00:00, run_after=2026-03-03T01:08:00+00:00
[2026-03-03T01:09:11.287+0000] {processor.py:178} INFO - Processing /home/airflow/.local/lib/python3.7/site-packages/airflow/example_dags/example_sla_dag.py took 0.071 seconds
[2026-03-03T01:09:42.189+0000] {processor.py:156} INFO - Started process (PID=348) to work on /home/airflow/.local/lib/python3.7/site-packages/airflow/example_dags/example_sla_dag.py
[2026-03-03T01:09:42.189+0000] {processor.py:799} INFO - Processing file /home/airflow/.local/lib/python3.7/site-packages/airflow/example_dags/example_sla_dag.py for tasks to queue
[2026-03-03T01:09:42.191+0000] {logging_mixin.py:149} INFO - [2026-03-03T01:09:42.190+0000] {dagbag.py:541} INFO - Filling up the DagBag from /home/airflow/.local/lib/python3.7/site-packages/airflow/example_dags/example_sla_dag.py
[2026-03-03T01:09:42.200+0000] {processor.py:809} INFO - DAG(s) dict_keys(['example_sla_dag']) retrieved from /home/airflow/.local/lib/python3.7/site-packages/airflow/example_dags/example_sla_dag.py
[2026-03-03T01:09:42.224+0000] {logging_mixin.py:149} INFO - [2026-03-03T01:09:42.224+0000] {dag.py:2726} INFO - Sync 1 DAGs
[2026-03-03T01:09:42.244+0000] {logging_mixin.py:149} INFO - [2026-03-03T01:09:42.244+0000] {dag.py:3490} INFO - Setting next_dagrun for example_sla_dag to 2026-03-03T01:06:00+00:00, run_after=2026-03-03T01:08:00+00:00
[2026-03-03T01:09:42.261+0000] {processor.py:178} INFO - Processing /home/airflow/.local/lib/python3.7/site-packages/airflow/example_dags/example_sla_dag.py took 0.076 seconds
[2026-03-03T01:10:12.831+0000] {processor.py:156} INFO - Started process (PID=410) to work on /home/airflow/.local/lib/python3.7/site-packages/airflow/example_dags/example_sla_dag.py
[2026-03-03T01:10:12.836+0000] {processor.py:799} INFO - Processing file /home/airflow/.local/lib/python3.7/site-packages/airflow/example_dags/example_sla_dag.py for tasks to queue
[2026-03-03T01:10:12.841+0000] {logging_mixin.py:149} INFO - [2026-03-03T01:10:12.840+0000] {dagbag.py:541} INFO - Filling up the DagBag from /home/airflow/.local/lib/python3.7/site-packages/airflow/example_dags/example_sla_dag.py
[2026-03-03T01:10:12.946+0000] {processor.py:809} INFO - DAG(s) dict_keys(['example_sla_dag']) retrieved from /home/airflow/.local/lib/python3.7/site-packages/airflow/example_dags/example_sla_dag.py
[2026-03-03T01:10:13.108+0000] {logging_mixin.py:149} INFO - [2026-03-03T01:10:13.107+0000] {dag.py:2726} INFO - Sync 1 DAGs
[2026-03-03T01:10:13.323+0000] {logging_mixin.py:149} INFO - [2026-03-03T01:10:13.323+0000] {dag.py:3490} INFO - Setting next_dagrun for example_sla_dag to 2026-03-03T01:08:00+00:00, run_after=2026-03-03T01:10:00+00:00
[2026-03-03T01:10:13.456+0000] {processor.py:178} INFO - Processing /home/airflow/.local/lib/python3.7/site-packages/airflow/example_dags/example_sla_dag.py took 0.637 seconds
[2026-03-03T01:10:43.755+0000] {processor.py:156} INFO - Started process (PID=472) to work on /home/airflow/.local/lib/python3.7/site-packages/airflow/example_dags/example_sla_dag.py
[2026-03-03T01:10:43.759+0000] {processor.py:799} INFO - Processing file /home/airflow/.local/lib/python3.7/site-packages/airflow/example_dags/example_sla_dag.py for tasks to queue
[2026-03-03T01:10:43.762+0000] {logging_mixin.py:149} INFO - [2026-03-03T01:10:43.762+0000] {dagbag.py:541} INFO - Filling up the DagBag from /home/airflow/.local/lib/python3.7/site-packages/airflow/example_dags/example_sla_dag.py
[2026-03-03T01:10:43.789+0000] {processor.py:809} INFO - DAG(s) dict_keys(['example_sla_dag']) retrieved from /home/airflow/.local/lib/python3.7/site-packages/airflow/example_dags/example_sla_dag.py
[2026-03-03T01:10:43.858+0000] {logging_mixin.py:149} INFO - [2026-03-03T01:10:43.858+0000] {dag.py:2726} INFO - Sync 1 DAGs
[2026-03-03T01:10:43.938+0000] {logging_mixin.py:149} INFO - [2026-03-03T01:10:43.938+0000] {dag.py:3490} INFO - Setting next_dagrun for example_sla_dag to 2026-03-03T01:08:00+00:00, run_after=2026-03-03T01:10:00+00:00
[2026-03-03T01:10:43.995+0000] {processor.py:178} INFO - Processing /home/airflow/.local/lib/python3.7/site-packages/airflow/example_dags/example_sla_dag.py took 0.249 seconds
[2026-03-03T01:11:14.103+0000] {processor.py:156} INFO - Started process (PID=534) to work on /home/airflow/.local/lib/python3.7/site-packages/airflow/example_dags/example_sla_dag.py
[2026-03-03T01:11:14.105+0000] {processor.py:799} INFO - Processing file /home/airflow/.local/lib/python3.7/site-packages/airflow/example_dags/example_sla_dag.py for tasks to queue
[2026-03-03T01:11:14.107+0000] {logging_mixin.py:149} INFO - [2026-03-03T01:11:14.107+0000] {dagbag.py:541} INFO - Filling up the DagBag from /home/airflow/.local/lib/python3.7/site-packages/airflow/example_dags/example_sla_dag.py
[2026-03-03T01:11:14.115+0000] {processor.py:809} INFO - DAG(s) dict_keys(['example_sla_dag']) retrieved from /home/airflow/.local/lib/python3.7/site-packages/airflow/example_dags/example_sla_dag.py
[2026-03-03T01:11:14.139+0000] {logging_mixin.py:149} INFO - [2026-03-03T01:11:14.138+0000] {dag.py:2726} INFO - Sync 1 DAGs
[2026-03-03T01:11:14.156+0000] {logging_mixin.py:149} INFO - [2026-03-03T01:11:14.155+0000] {dag.py:3490} INFO - Setting next_dagrun for example_sla_dag to 2026-03-03T01:08:00+00:00, run_after=2026-03-03T01:10:00+00:00
[2026-03-03T01:11:14.171+0000] {processor.py:178} INFO - Processing /home/airflow/.local/lib/python3.7/site-packages/airflow/example_dags/example_sla_dag.py took 0.072 seconds
[2026-03-03T01:11:45.013+0000] {processor.py:156} INFO - Started process (PID=596) to work on /home/airflow/.local/lib/python3.7/site-packages/airflow/example_dags/example_sla_dag.py
[2026-03-03T01:11:45.015+0000] {processor.py:799} INFO - Processing file /home/airflow/.local/lib/python3.7/site-packages/airflow/example_dags/example_sla_dag.py for tasks to queue
[2026-03-03T01:11:45.017+0000] {logging_mixin.py:149} INFO - [2026-03-03T01:11:45.017+0000] {dagbag.py:541} INFO - Filling up the DagBag from /home/airflow/.local/lib/python3.7/site-packages/airflow/example_dags/example_sla_dag.py
[2026-03-03T01:11:45.027+0000] {processor.py:809} INFO - DAG(s) dict_keys(['example_sla_dag']) retrieved from /home/airflow/.local/lib/python3.7/site-packages/airflow/example_dags/example_sla_dag.py
[2026-03-03T01:11:45.051+0000] {logging_mixin.py:149} INFO - [2026-03-03T01:11:45.051+0000] {dag.py:2726} INFO - Sync 1 DAGs
[2026-03-03T01:11:45.073+0000] {logging_mixin.py:149} INFO - [2026-03-03T01:11:45.073+0000] {dag.py:3490} INFO - Setting next_dagrun for example_sla_dag to 2026-03-03T01:08:00+00:00, run_after=2026-03-03T01:10:00+00:00
[2026-03-03T01:11:45.086+0000] {processor.py:178} INFO - Processing /home/airflow/.local/lib/python3.7/site-packages/airflow/example_dags/example_sla_dag.py took 0.076 seconds
[2026-03-03T01:12:15.784+0000] {processor.py:156} INFO - Started process (PID=658) to work on /home/airflow/.local/lib/python3.7/site-packages/airflow/example_dags/example_sla_dag.py
[2026-03-03T01:12:15.788+0000] {processor.py:799} INFO - Processing file /home/airflow/.local/lib/python3.7/site-packages/airflow/example_dags/example_sla_dag.py for tasks to queue
[2026-03-03T01:12:15.790+0000] {logging_mixin.py:149} INFO - [2026-03-03T01:12:15.790+0000] {dagbag.py:541} INFO - Filling up the DagBag from /home/airflow/.local/lib/python3.7/site-packages/airflow/example_dags/example_sla_dag.py
[2026-03-03T01:12:15.816+0000] {processor.py:809} INFO - DAG(s) dict_keys(['example_sla_dag']) retrieved from /home/airflow/.local/lib/python3.7/site-packages/airflow/example_dags/example_sla_dag.py
[2026-03-03T01:12:15.875+0000] {logging_mixin.py:149} INFO - [2026-03-03T01:12:15.875+0000] {dag.py:2726} INFO - Sync 1 DAGs
[2026-03-03T01:12:15.943+0000] {logging_mixin.py:149} INFO - [2026-03-03T01:12:15.942+0000] {dag.py:3490} INFO - Setting next_dagrun for example_sla_dag to 2026-03-03T01:10:00+00:00, run_after=2026-03-03T01:12:00+00:00
[2026-03-03T01:12:15.993+0000] {processor.py:178} INFO - Processing /home/airflow/.local/lib/python3.7/site-packages/airflow/example_dags/example_sla_dag.py took 0.218 seconds
[2026-03-03T01:12:46.225+0000] {processor.py:156} INFO - Started process (PID=720) to work on /home/airflow/.local/lib/python3.7/site-packages/airflow/example_dags/example_sla_dag.py
[2026-03-03T01:12:46.227+0000] {processor.py:799} INFO - Processing file /home/airflow/.local/lib/python3.7/site-packages/airflow/example_dags/example_sla_dag.py for tasks to queue
[2026-03-03T01:12:46.228+0000] {logging_mixin.py:149} INFO - [2026-03-03T01:12:46.228+0000] {dagbag.py:541} INFO - Filling up the DagBag from /home/airflow/.local/lib/python3.7/site-packages/airflow/example_dags/example_sla_dag.py
[2026-03-03T01:12:46.247+0000] {processor.py:809} INFO - DAG(s) dict_keys(['example_sla_dag']) retrieved from /home/airflow/.local/lib/python3.7/site-packages/airflow/example_dags/example_sla_dag.py
[2026-03-03T01:12:46.298+0000] {logging_mixin.py:149} INFO - [2026-03-03T01:12:46.297+0000] {dag.py:2726} INFO - Sync 1 DAGs
[2026-03-03T01:12:46.362+0000] {logging_mixin.py:149} INFO - [2026-03-03T01:12:46.362+0000] {dag.py:3490} INFO - Setting next_dagrun for example_sla_dag to 2026-03-03T01:10:00+00:00, run_after=2026-03-03T01:12:00+00:00
[2026-03-03T01:12:46.407+0000] {processor.py:178} INFO - Processing /home/airflow/.local/lib/python3.7/site-packages/airflow/example_dags/example_sla_dag.py took 0.190 seconds
[2026-03-03T01:13:16.812+0000] {processor.py:156} INFO - Started process (PID=782) to work on /home/airflow/.local/lib/python3.7/site-packages/airflow/example_dags/example_sla_dag.py
[2026-03-03T01:13:16.812+0000] {processor.py:799} INFO - Processing file /home/airflow/.local/lib/python3.7/site-packages/airflow/example_dags/example_sla_dag.py for tasks to queue
[2026-03-03T01:13:16.813+0000] {logging_mixin.py:149} INFO - [2026-03-03T01:13:16.813+0000] {dagbag.py:541} INFO - Filling up the DagBag from /home/airflow/.local/lib/python3.7/site-packages/airflow/example_dags/example_sla_dag.py
[2026-03-03T01:13:16.820+0000] {processor.py:809} INFO - DAG(s) dict_keys(['example_sla_dag']) retrieved from /home/airflow/.local/lib/python3.7/site-packages/airflow/example_dags/example_sla_dag.py
[2026-03-03T01:13:16.838+0000] {logging_mixin.py:149} INFO - [2026-03-03T01:13:16.837+0000] {dag.py:2726} INFO - Sync 1 DAGs
[2026-03-03T01:13:16.856+0000] {logging_mixin.py:149} INFO - [2026-03-03T01:13:16.856+0000] {dag.py:3490} INFO - Setting next_dagrun for example_sla_dag to 2026-03-03T01:10:00+00:00, run_after=2026-03-03T01:12:00+00:00
[2026-03-03T01:13:16.868+0000] {processor.py:178} INFO - Processing /home/airflow/.local/lib/python3.7/site-packages/airflow/example_dags/example_sla_dag.py took 0.061 seconds
[2026-03-03T01:13:47.402+0000] {processor.py:156} INFO - Started process (PID=844) to work on /home/airflow/.local/lib/python3.7/site-packages/airflow/example_dags/example_sla_dag.py
[2026-03-03T01:13:47.403+0000] {processor.py:799} INFO - Processing file /home/airflow/.local/lib/python3.7/site-packages/airflow/example_dags/example_sla_dag.py for tasks to queue
[2026-03-03T01:13:47.404+0000] {logging_mixin.py:149} INFO - [2026-03-03T01:13:47.404+0000] {dagbag.py:541} INFO - Filling up the DagBag from /home/airflow/.local/lib/python3.7/site-packages/airflow/example_dags/example_sla_dag.py
[2026-03-03T01:13:47.411+0000] {processor.py:809} INFO - DAG(s) dict_keys(['example_sla_dag']) retrieved from /home/airflow/.local/lib/python3.7/site-packages/airflow/example_dags/example_sla_dag.py
[2026-03-03T01:13:47.428+0000] {logging_mixin.py:149} INFO - [2026-03-03T01:13:47.428+0000] {dag.py:2726} INFO - Sync 1 DAGs
[2026-03-03T01:13:47.453+0000] {logging_mixin.py:149} INFO - [2026-03-03T01:13:47.453+0000] {dag.py:3490} INFO - Setting next_dagrun for example_sla_dag to 2026-03-03T01:10:00+00:00, run_after=2026-03-03T01:12:00+00:00
[2026-03-03T01:13:47.462+0000] {processor.py:178} INFO - Processing /home/airflow/.local/lib/python3.7/site-packages/airflow/example_dags/example_sla_dag.py took 0.065 seconds
[2026-03-03T01:14:18.210+0000] {processor.py:156} INFO - Started process (PID=906) to work on /home/airflow/.local/lib/python3.7/site-packages/airflow/example_dags/example_sla_dag.py
[2026-03-03T01:14:18.212+0000] {processor.py:799} INFO - Processing file /home/airflow/.local/lib/python3.7/site-packages/airflow/example_dags/example_sla_dag.py for tasks to queue
[2026-03-03T01:14:18.212+0000] {logging_mixin.py:149} INFO - [2026-03-03T01:14:18.212+0000] {dagbag.py:541} INFO - Filling up the DagBag from /home/airflow/.local/lib/python3.7/site-packages/airflow/example_dags/example_sla_dag.py
[2026-03-03T01:14:18.221+0000] {processor.py:809} INFO - DAG(s) dict_keys(['example_sla_dag']) retrieved from /home/airflow/.local/lib/python3.7/site-packages/airflow/example_dags/example_sla_dag.py
[2026-03-03T01:14:18.237+0000] {logging_mixin.py:149} INFO - [2026-03-03T01:14:18.237+0000] {dag.py:2726} INFO - Sync 1 DAGs
[2026-03-03T01:14:18.253+0000] {logging_mixin.py:149} INFO - [2026-03-03T01:14:18.253+0000] {dag.py:3490} INFO - Setting next_dagrun for example_sla_dag to 2026-03-03T01:12:00+00:00, run_after=2026-03-03T01:14:00+00:00
[2026-03-03T01:14:18.262+0000] {processor.py:178} INFO - Processing /home/airflow/.local/lib/python3.7/site-packages/airflow/example_dags/example_sla_dag.py took 0.056 seconds
[2026-03-03T01:14:48.901+0000] {processor.py:156} INFO - Started process (PID=968) to work on /home/airflow/.local/lib/python3.7/site-packages/airflow/example_dags/example_sla_dag.py
[2026-03-03T01:14:48.902+0000] {processor.py:799} INFO - Processing file /home/airflow/.local/lib/python3.7/site-packages/airflow/example_dags/example_sla_dag.py for tasks to queue
[2026-03-03T01:14:48.903+0000] {logging_mixin.py:149} INFO - [2026-03-03T01:14:48.903+0000] {dagbag.py:541} INFO - Filling up the DagBag from /home/airflow/.local/lib/python3.7/site-packages/airflow/example_dags/example_sla_dag.py
[2026-03-03T01:14:48.911+0000] {processor.py:809} INFO - DAG(s) dict_keys(['example_sla_dag']) retrieved from /home/airflow/.local/lib/python3.7/site-packages/airflow/example_dags/example_sla_dag.py
[2026-03-03T01:14:48.926+0000] {logging_mixin.py:149} INFO - [2026-03-03T01:14:48.926+0000] {dag.py:2726} INFO - Sync 1 DAGs
[2026-03-03T01:14:48.942+0000] {logging_mixin.py:149} INFO - [2026-03-03T01:14:48.942+0000] {dag.py:3490} INFO - Setting next_dagrun for example_sla_dag to 2026-03-03T01:12:00+00:00, run_after=2026-03-03T01:14:00+00:00
[2026-03-03T01:14:48.951+0000] {processor.py:178} INFO - Processing /home/airflow/.local/lib/python3.7/site-packages/airflow/example_dags/example_sla_dag.py took 0.054 seconds
[2026-03-03T01:15:19.462+0000] {processor.py:156} INFO - Started process (PID=1030) to work on /home/airflow/.local/lib/python3.7/site-packages/airflow/example_dags/example_sla_dag.py
[2026-03-03T01:15:19.464+0000] {processor.py:799} INFO - Processing file /home/airflow/.local/lib/python3.7/site-packages/airflow/example_dags/example_sla_dag.py for tasks to queue
[2026-03-03T01:15:19.465+0000] {logging_mixin.py:149} INFO - [2026-03-03T01:15:19.465+0000] {dagbag.py:541} INFO - Filling up the DagBag from /home/airflow/.local/lib/python3.7/site-packages/airflow/example_dags/example_sla_dag.py
[2026-03-03T01:15:19.474+0000] {processor.py:809} INFO - DAG(s) dict_keys(['example_sla_dag']) retrieved from /home/airflow/.local/lib/python3.7/site-packages/airflow/example_dags/example_sla_dag.py
[2026-03-03T01:15:19.494+0000] {logging_mixin.py:149} INFO - [2026-03-03T01:15:19.494+0000] {dag.py:2726} INFO - Sync 1 DAGs
[2026-03-03T01:15:19.515+0000] {logging_mixin.py:149} INFO - [2026-03-03T01:15:19.515+0000] {dag.py:3490} INFO - Setting next_dagrun for example_sla_dag to 2026-03-03T01:12:00+00:00, run_after=2026-03-03T01:14:00+00:00
[2026-03-03T01:15:19.528+0000] {processor.py:178} INFO - Processing /home/airflow/.local/lib/python3.7/site-packages/airflow/example_dags/example_sla_dag.py took 0.069 seconds
[2026-03-03T01:15:50.332+0000] {processor.py:156} INFO - Started process (PID=1091) to work on /home/airflow/.local/lib/python3.7/site-packages/airflow/example_dags/example_sla_dag.py
[2026-03-03T01:15:50.334+0000] {processor.py:799} INFO - Processing file /home/airflow/.local/lib/python3.7/site-packages/airflow/example_dags/example_sla_dag.py for tasks to queue
[2026-03-03T01:15:50.334+0000] {logging_mixin.py:149} INFO - [2026-03-03T01:15:50.334+0000] {dagbag.py:541} INFO - Filling up the DagBag from /home/airflow/.local/lib/python3.7/site-packages/airflow/example_dags/example_sla_dag.py
[2026-03-03T01:15:50.343+0000] {processor.py:809} INFO - DAG(s) dict_keys(['example_sla_dag']) retrieved from /home/airflow/.local/lib/python3.7/site-packages/airflow/example_dags/example_sla_dag.py
[2026-03-03T01:15:50.362+0000] {logging_mixin.py:149} INFO - [2026-03-03T01:15:50.362+0000] {dag.py:2726} INFO - Sync 1 DAGs
[2026-03-03T01:15:50.380+0000] {logging_mixin.py:149} INFO - [2026-03-03T01:15:50.379+0000] {dag.py:3490} INFO - Setting next_dagrun for example_sla_dag to 2026-03-03T01:12:00+00:00, run_after=2026-03-03T01:14:00+00:00
[2026-03-03T01:15:50.391+0000] {processor.py:178} INFO - Processing /home/airflow/.local/lib/python3.7/site-packages/airflow/example_dags/example_sla_dag.py took 0.064 seconds
[2026-03-03T01:16:21.145+0000] {processor.py:156} INFO - Started process (PID=1153) to work on /home/airflow/.local/lib/python3.7/site-packages/airflow/example_dags/example_sla_dag.py
[2026-03-03T01:16:21.147+0000] {processor.py:799} INFO - Processing file /home/airflow/.local/lib/python3.7/site-packages/airflow/example_dags/example_sla_dag.py for tasks to queue
[2026-03-03T01:16:21.150+0000] {logging_mixin.py:149} INFO - [2026-03-03T01:16:21.150+0000] {dagbag.py:541} INFO - Filling up the DagBag from /home/airflow/.local/lib/python3.7/site-packages/airflow/example_dags/example_sla_dag.py
[2026-03-03T01:16:21.174+0000] {processor.py:809} INFO - DAG(s) dict_keys(['example_sla_dag']) retrieved from /home/airflow/.local/lib/python3.7/site-packages/airflow/example_dags/example_sla_dag.py
[2026-03-03T01:16:21.244+0000] {logging_mixin.py:149} INFO - [2026-03-03T01:16:21.243+0000] {dag.py:2726} INFO - Sync 1 DAGs
[2026-03-03T01:16:21.323+0000] {logging_mixin.py:149} INFO - [2026-03-03T01:16:21.323+0000] {dag.py:3490} INFO - Setting next_dagrun for example_sla_dag to 2026-03-03T01:14:00+00:00, run_after=2026-03-03T01:16:00+00:00
[2026-03-03T01:16:21.380+0000] {processor.py:178} INFO - Processing /home/airflow/.local/lib/python3.7/site-packages/airflow/example_dags/example_sla_dag.py took 0.243 seconds
[2026-03-03T01:16:52.160+0000] {processor.py:156} INFO - Started process (PID=1215) to work on /home/airflow/.local/lib/python3.7/site-packages/airflow/example_dags/example_sla_dag.py
[2026-03-03T01:16:52.162+0000] {processor.py:799} INFO - Processing file /home/airflow/.local/lib/python3.7/site-packages/airflow/example_dags/example_sla_dag.py for tasks to queue
[2026-03-03T01:16:52.166+0000] {logging_mixin.py:149} INFO - [2026-03-03T01:16:52.166+0000] {dagbag.py:541} INFO - Filling up the DagBag from /home/airflow/.local/lib/python3.7/site-packages/airflow/example_dags/example_sla_dag.py
[2026-03-03T01:16:52.179+0000] {processor.py:809} INFO - DAG(s) dict_keys(['example_sla_dag']) retrieved from /home/airflow/.local/lib/python3.7/site-packages/airflow/example_dags/example_sla_dag.py
[2026-03-03T01:16:52.221+0000] {logging_mixin.py:149} INFO - [2026-03-03T01:16:52.221+0000] {dag.py:2726} INFO - Sync 1 DAGs
[2026-03-03T01:16:52.274+0000] {logging_mixin.py:149} INFO - [2026-03-03T01:16:52.274+0000] {dag.py:3490} INFO - Setting next_dagrun for example_sla_dag to 2026-03-03T01:14:00+00:00, run_after=2026-03-03T01:16:00+00:00
[2026-03-03T01:16:52.311+0000] {processor.py:178} INFO - Processing /home/airflow/.local/lib/python3.7/site-packages/airflow/example_dags/example_sla_dag.py took 0.156 seconds
[2026-03-03T01:17:23.097+0000] {processor.py:156} INFO - Started process (PID=1277) to work on /home/airflow/.local/lib/python3.7/site-packages/airflow/example_dags/example_sla_dag.py
[2026-03-03T01:17:23.100+0000] {processor.py:799} INFO - Processing file /home/airflow/.local/lib/python3.7/site-packages/airflow/example_dags/example_sla_dag.py for tasks to queue
[2026-03-03T01:17:23.101+0000] {logging_mixin.py:149} INFO - [2026-03-03T01:17:23.101+0000] {dagbag.py:541} INFO - Filling up the DagBag from /home/airflow/.local/lib/python3.7/site-packages/airflow/example_dags/example_sla_dag.py
[2026-03-03T01:17:23.109+0000] {processor.py:809} INFO - DAG(s) dict_keys(['example_sla_dag']) retrieved from /home/airflow/.local/lib/python3.7/site-packages/airflow/example_dags/example_sla_dag.py
[2026-03-03T01:17:23.129+0000] {logging_mixin.py:149} INFO - [2026-03-03T01:17:23.129+0000] {dag.py:2726} INFO - Sync 1 DAGs
[2026-03-03T01:17:23.145+0000] {logging_mixin.py:149} INFO - [2026-03-03T01:17:23.145+0000] {dag.py:3490} INFO - Setting next_dagrun for example_sla_dag to 2026-03-03T01:14:00+00:00, run_after=2026-03-03T01:16:00+00:00
[2026-03-03T01:17:23.154+0000] {processor.py:178} INFO - Processing /home/airflow/.local/lib/python3.7/site-packages/airflow/example_dags/example_sla_dag.py took 0.061 seconds
[2026-03-03T01:17:54.024+0000] {processor.py:156} INFO - Started process (PID=1339) to work on /home/airflow/.local/lib/python3.7/site-packages/airflow/example_dags/example_sla_dag.py
[2026-03-03T01:17:54.025+0000] {processor.py:799} INFO - Processing file /home/airflow/.local/lib/python3.7/site-packages/airflow/example_dags/example_sla_dag.py for tasks to queue
[2026-03-03T01:17:54.026+0000] {logging_mixin.py:149} INFO - [2026-03-03T01:17:54.026+0000] {dagbag.py:541} INFO - Filling up the DagBag from /home/airflow/.local/lib/python3.7/site-packages/airflow/example_dags/example_sla_dag.py
[2026-03-03T01:17:54.033+0000] {processor.py:809} INFO - DAG(s) dict_keys(['example_sla_dag']) retrieved from /home/airflow/.local/lib/python3.7/site-packages/airflow/example_dags/example_sla_dag.py
[2026-03-03T01:17:54.049+0000] {logging_mixin.py:149} INFO - [2026-03-03T01:17:54.049+0000] {dag.py:2726} INFO - Sync 1 DAGs
[2026-03-03T01:17:54.065+0000] {logging_mixin.py:149} INFO - [2026-03-03T01:17:54.065+0000] {dag.py:3490} INFO - Setting next_dagrun for example_sla_dag to 2026-03-03T01:14:00+00:00, run_after=2026-03-03T01:16:00+00:00
[2026-03-03T01:17:54.075+0000] {processor.py:178} INFO - Processing /home/airflow/.local/lib/python3.7/site-packages/airflow/example_dags/example_sla_dag.py took 0.055 seconds
[2026-03-03T01:18:24.734+0000] {processor.py:156} INFO - Started process (PID=1401) to work on /home/airflow/.local/lib/python3.7/site-packages/airflow/example_dags/example_sla_dag.py
[2026-03-03T01:18:24.736+0000] {processor.py:799} INFO - Processing file /home/airflow/.local/lib/python3.7/site-packages/airflow/example_dags/example_sla_dag.py for tasks to queue
[2026-03-03T01:18:24.742+0000] {logging_mixin.py:149} INFO - [2026-03-03T01:18:24.741+0000] {dagbag.py:541} INFO - Filling up the DagBag from /home/airflow/.local/lib/python3.7/site-packages/airflow/example_dags/example_sla_dag.py
[2026-03-03T01:18:24.765+0000] {processor.py:809} INFO - DAG(s) dict_keys(['example_sla_dag']) retrieved from /home/airflow/.local/lib/python3.7/site-packages/airflow/example_dags/example_sla_dag.py
[2026-03-03T01:18:24.818+0000] {logging_mixin.py:149} INFO - [2026-03-03T01:18:24.818+0000] {dag.py:2726} INFO - Sync 1 DAGs
[2026-03-03T01:18:24.895+0000] {logging_mixin.py:149} INFO - [2026-03-03T01:18:24.895+0000] {dag.py:3490} INFO - Setting next_dagrun for example_sla_dag to 2026-03-03T01:16:00+00:00, run_after=2026-03-03T01:18:00+00:00
[2026-03-03T01:18:24.944+0000] {processor.py:178} INFO - Processing /home/airflow/.local/lib/python3.7/site-packages/airflow/example_dags/example_sla_dag.py took 0.220 seconds
[2026-03-03T01:18:55.503+0000] {processor.py:156} INFO - Started process (PID=1463) to work on /home/airflow/.local/lib/python3.7/site-packages/airflow/example_dags/example_sla_dag.py
[2026-03-03T01:18:55.505+0000] {processor.py:799} INFO - Processing file /home/airflow/.local/lib/python3.7/site-packages/airflow/example_dags/example_sla_dag.py for tasks to queue
[2026-03-03T01:18:55.507+0000] {logging_mixin.py:149} INFO - [2026-03-03T01:18:55.507+0000] {dagbag.py:541} INFO - Filling up the DagBag from /home/airflow/.local/lib/python3.7/site-packages/airflow/example_dags/example_sla_dag.py
[2026-03-03T01:18:55.526+0000] {processor.py:809} INFO - DAG(s) dict_keys(['example_sla_dag']) retrieved from /home/airflow/.local/lib/python3.7/site-packages/airflow/example_dags/example_sla_dag.py
[2026-03-03T01:18:55.576+0000] {logging_mixin.py:149} INFO - [2026-03-03T01:18:55.576+0000] {dag.py:2726} INFO - Sync 1 DAGs
[2026-03-03T01:18:55.641+0000] {logging_mixin.py:149} INFO - [2026-03-03T01:18:55.640+0000] {dag.py:3490} INFO - Setting next_dagrun for example_sla_dag to 2026-03-03T01:16:00+00:00, run_after=2026-03-03T01:18:00+00:00
[2026-03-03T01:18:55.692+0000] {processor.py:178} INFO - Processing /home/airflow/.local/lib/python3.7/site-packages/airflow/example_dags/example_sla_dag.py took 0.195 seconds
[2026-03-03T01:19:26.188+0000] {processor.py:156} INFO - Started process (PID=1525) to work on /home/airflow/.local/lib/python3.7/site-packages/airflow/example_dags/example_sla_dag.py
[2026-03-03T01:19:26.190+0000] {processor.py:799} INFO - Processing file /home/airflow/.local/lib/python3.7/site-packages/airflow/example_dags/example_sla_dag.py for tasks to queue
[2026-03-03T01:19:26.191+0000] {logging_mixin.py:149} INFO - [2026-03-03T01:19:26.191+0000] {dagbag.py:541} INFO - Filling up the DagBag from /home/airflow/.local/lib/python3.7/site-packages/airflow/example_dags/example_sla_dag.py
[2026-03-03T01:19:26.200+0000] {processor.py:809} INFO - DAG(s) dict_keys(['example_sla_dag']) retrieved from /home/airflow/.local/lib/python3.7/site-packages/airflow/example_dags/example_sla_dag.py
[2026-03-03T01:19:26.221+0000] {logging_mixin.py:149} INFO - [2026-03-03T01:19:26.221+0000] {dag.py:2726} INFO - Sync 1 DAGs
[2026-03-03T01:19:26.241+0000] {logging_mixin.py:149} INFO - [2026-03-03T01:19:26.240+0000] {dag.py:3490} INFO - Setting next_dagrun for example_sla_dag to 2026-03-03T01:16:00+00:00, run_after=2026-03-03T01:18:00+00:00
[2026-03-03T01:19:26.253+0000] {processor.py:178} INFO - Processing /home/airflow/.local/lib/python3.7/site-packages/airflow/example_dags/example_sla_dag.py took 0.069 seconds
[2026-03-03T01:19:56.987+0000] {processor.py:156} INFO - Started process (PID=1587) to work on /home/airflow/.local/lib/python3.7/site-packages/airflow/example_dags/example_sla_dag.py
[2026-03-03T01:19:56.989+0000] {processor.py:799} INFO - Processing file /home/airflow/.local/lib/python3.7/site-packages/airflow/example_dags/example_sla_dag.py for tasks to queue
[2026-03-03T01:19:56.989+0000] {logging_mixin.py:149} INFO - [2026-03-03T01:19:56.989+0000] {dagbag.py:541} INFO - Filling up the DagBag from /home/airflow/.local/lib/python3.7/site-packages/airflow/example_dags/example_sla_dag.py
[2026-03-03T01:19:56.995+0000] {processor.py:809} INFO - DAG(s) dict_keys(['example_sla_dag']) retrieved from /home/airflow/.local/lib/python3.7/site-packages/airflow/example_dags/example_sla_dag.py
[2026-03-03T01:19:57.014+0000] {logging_mixin.py:149} INFO - [2026-03-03T01:19:57.014+0000] {dag.py:2726} INFO - Sync 1 DAGs
[2026-03-03T01:19:57.030+0000] {logging_mixin.py:149} INFO - [2026-03-03T01:19:57.029+0000] {dag.py:3490} INFO - Setting next_dagrun for example_sla_dag to 2026-03-03T01:16:00+00:00, run_after=2026-03-03T01:18:00+00:00
[2026-03-03T01:19:57.042+0000] {processor.py:178} INFO - Processing /home/airflow/.local/lib/python3.7/site-packages/airflow/example_dags/example_sla_dag.py took 0.061 seconds
[2026-03-03T01:20:27.662+0000] {processor.py:156} INFO - Started process (PID=1649) to work on /home/airflow/.local/lib/python3.7/site-packages/airflow/example_dags/example_sla_dag.py
[2026-03-03T01:20:27.664+0000] {processor.py:799} INFO - Processing file /home/airflow/.local/lib/python3.7/site-packages/airflow/example_dags/example_sla_dag.py for tasks to queue
[2026-03-03T01:20:27.665+0000] {logging_mixin.py:149} INFO - [2026-03-03T01:20:27.665+0000] {dagbag.py:541} INFO - Filling up the DagBag from /home/airflow/.local/lib/python3.7/site-packages/airflow/example_dags/example_sla_dag.py
[2026-03-03T01:20:27.673+0000] {processor.py:809} INFO - DAG(s) dict_keys(['example_sla_dag']) retrieved from /home/airflow/.local/lib/python3.7/site-packages/airflow/example_dags/example_sla_dag.py
[2026-03-03T01:20:27.689+0000] {logging_mixin.py:149} INFO - [2026-03-03T01:20:27.689+0000] {dag.py:2726} INFO - Sync 1 DAGs
[2026-03-03T01:20:27.704+0000] {logging_mixin.py:149} INFO - [2026-03-03T01:20:27.704+0000] {dag.py:3490} INFO - Setting next_dagrun for example_sla_dag to 2026-03-03T01:18:00+00:00, run_after=2026-03-03T01:20:00+00:00
[2026-03-03T01:20:27.713+0000] {processor.py:178} INFO - Processing /home/airflow/.local/lib/python3.7/site-packages/airflow/example_dags/example_sla_dag.py took 0.056 seconds
[2026-03-03T01:20:58.385+0000] {processor.py:156} INFO - Started process (PID=1711) to work on /home/airflow/.local/lib/python3.7/site-packages/airflow/example_dags/example_sla_dag.py
[2026-03-03T01:20:58.387+0000] {processor.py:799} INFO - Processing file /home/airflow/.local/lib/python3.7/site-packages/airflow/example_dags/example_sla_dag.py for tasks to queue
[2026-03-03T01:20:58.388+0000] {logging_mixin.py:149} INFO - [2026-03-03T01:20:58.387+0000] {dagbag.py:541} INFO - Filling up the DagBag from /home/airflow/.local/lib/python3.7/site-packages/airflow/example_dags/example_sla_dag.py
[2026-03-03T01:20:58.395+0000] {processor.py:809} INFO - DAG(s) dict_keys(['example_sla_dag']) retrieved from /home/airflow/.local/lib/python3.7/site-packages/airflow/example_dags/example_sla_dag.py
[2026-03-03T01:20:58.410+0000] {logging_mixin.py:149} INFO - [2026-03-03T01:20:58.410+0000] {dag.py:2726} INFO - Sync 1 DAGs
[2026-03-03T01:20:58.425+0000] {logging_mixin.py:149} INFO - [2026-03-03T01:20:58.425+0000] {dag.py:3490} INFO - Setting next_dagrun for example_sla_dag to 2026-03-03T01:18:00+00:00, run_after=2026-03-03T01:20:00+00:00
[2026-03-03T01:20:58.435+0000] {processor.py:178} INFO - Processing /home/airflow/.local/lib/python3.7/site-packages/airflow/example_dags/example_sla_dag.py took 0.054 seconds
[2026-03-03T01:21:29.010+0000] {processor.py:156} INFO - Started process (PID=1773) to work on /home/airflow/.local/lib/python3.7/site-packages/airflow/example_dags/example_sla_dag.py
[2026-03-03T01:21:29.011+0000] {processor.py:799} INFO - Processing file /home/airflow/.local/lib/python3.7/site-packages/airflow/example_dags/example_sla_dag.py for tasks to queue
[2026-03-03T01:21:29.011+0000] {logging_mixin.py:149} INFO - [2026-03-03T01:21:29.011+0000] {dagbag.py:541} INFO - Filling up the DagBag from /home/airflow/.local/lib/python3.7/site-packages/airflow/example_dags/example_sla_dag.py
[2026-03-03T01:21:29.020+0000] {processor.py:809} INFO - DAG(s) dict_keys(['example_sla_dag']) retrieved from /home/airflow/.local/lib/python3.7/site-packages/airflow/example_dags/example_sla_dag.py
[2026-03-03T01:21:29.038+0000] {logging_mixin.py:149} INFO - [2026-03-03T01:21:29.038+0000] {dag.py:2726} INFO - Sync 1 DAGs
[2026-03-03T01:21:29.053+0000] {logging_mixin.py:149} INFO - [2026-03-03T01:21:29.053+0000] {dag.py:3490} INFO - Setting next_dagrun for example_sla_dag to 2026-03-03T01:18:00+00:00, run_after=2026-03-03T01:20:00+00:00
[2026-03-03T01:21:29.063+0000] {processor.py:178} INFO - Processing /home/airflow/.local/lib/python3.7/site-packages/airflow/example_dags/example_sla_dag.py took 0.057 seconds
[2026-03-03T01:21:59.659+0000] {processor.py:156} INFO - Started process (PID=1835) to work on /home/airflow/.local/lib/python3.7/site-packages/airflow/example_dags/example_sla_dag.py
[2026-03-03T01:21:59.661+0000] {processor.py:799} INFO - Processing file /home/airflow/.local/lib/python3.7/site-packages/airflow/example_dags/example_sla_dag.py for tasks to queue
[2026-03-03T01:21:59.662+0000] {logging_mixin.py:149} INFO - [2026-03-03T01:21:59.662+0000] {dagbag.py:541} INFO - Filling up the DagBag from /home/airflow/.local/lib/python3.7/site-packages/airflow/example_dags/example_sla_dag.py
[2026-03-03T01:21:59.681+0000] {processor.py:809} INFO - DAG(s) dict_keys(['example_sla_dag']) retrieved from /home/airflow/.local/lib/python3.7/site-packages/airflow/example_dags/example_sla_dag.py
[2026-03-03T01:21:59.737+0000] {logging_mixin.py:149} INFO - [2026-03-03T01:21:59.737+0000] {dag.py:2726} INFO - Sync 1 DAGs
[2026-03-03T01:21:59.808+0000] {logging_mixin.py:149} INFO - [2026-03-03T01:21:59.808+0000] {dag.py:3490} INFO - Setting next_dagrun for example_sla_dag to 2026-03-03T01:18:00+00:00, run_after=2026-03-03T01:20:00+00:00
[2026-03-03T01:21:59.860+0000] {processor.py:178} INFO - Processing /home/airflow/.local/lib/python3.7/site-packages/airflow/example_dags/example_sla_dag.py took 0.208 seconds
[2026-03-03T01:22:30.021+0000] {processor.py:156} INFO - Started process (PID=1897) to work on /home/airflow/.local/lib/python3.7/site-packages/airflow/example_dags/example_sla_dag.py
[2026-03-03T01:22:30.024+0000] {processor.py:799} INFO - Processing file /home/airflow/.local/lib/python3.7/site-packages/airflow/example_dags/example_sla_dag.py for tasks to queue
[2026-03-03T01:22:30.026+0000] {logging_mixin.py:149} INFO - [2026-03-03T01:22:30.025+0000] {dagbag.py:541} INFO - Filling up the DagBag from /home/airflow/.local/lib/python3.7/site-packages/airflow/example_dags/example_sla_dag.py
[2026-03-03T01:22:30.049+0000] {processor.py:809} INFO - DAG(s) dict_keys(['example_sla_dag']) retrieved from /home/airflow/.local/lib/python3.7/site-packages/airflow/example_dags/example_sla_dag.py
[2026-03-03T01:22:30.118+0000] {logging_mixin.py:149} INFO - [2026-03-03T01:22:30.118+0000] {dag.py:2726} INFO - Sync 1 DAGs
[2026-03-03T01:22:30.213+0000] {logging_mixin.py:149} INFO - [2026-03-03T01:22:30.212+0000] {dag.py:3490} INFO - Setting next_dagrun for example_sla_dag to 2026-03-03T01:20:00+00:00, run_after=2026-03-03T01:22:00+00:00
[2026-03-03T01:22:30.284+0000] {processor.py:178} INFO - Processing /home/airflow/.local/lib/python3.7/site-packages/airflow/example_dags/example_sla_dag.py took 0.270 seconds
[2026-03-03T01:23:00.439+0000] {processor.py:156} INFO - Started process (PID=1959) to work on /home/airflow/.local/lib/python3.7/site-packages/airflow/example_dags/example_sla_dag.py
[2026-03-03T01:23:00.441+0000] {processor.py:799} INFO - Processing file /home/airflow/.local/lib/python3.7/site-packages/airflow/example_dags/example_sla_dag.py for tasks to queue
[2026-03-03T01:23:00.442+0000] {logging_mixin.py:149} INFO - [2026-03-03T01:23:00.442+0000] {dagbag.py:541} INFO - Filling up the DagBag from /home/airflow/.local/lib/python3.7/site-packages/airflow/example_dags/example_sla_dag.py
[2026-03-03T01:23:00.455+0000] {processor.py:809} INFO - DAG(s) dict_keys(['example_sla_dag']) retrieved from /home/airflow/.local/lib/python3.7/site-packages/airflow/example_dags/example_sla_dag.py
[2026-03-03T01:23:00.480+0000] {logging_mixin.py:149} INFO - [2026-03-03T01:23:00.480+0000] {dag.py:2726} INFO - Sync 1 DAGs
[2026-03-03T01:23:00.505+0000] {logging_mixin.py:149} INFO - [2026-03-03T01:23:00.505+0000] {dag.py:3490} INFO - Setting next_dagrun for example_sla_dag to 2026-03-03T01:20:00+00:00, run_after=2026-03-03T01:22:00+00:00
[2026-03-03T01:23:00.521+0000] {processor.py:178} INFO - Processing /home/airflow/.local/lib/python3.7/site-packages/airflow/example_dags/example_sla_dag.py took 0.087 seconds
[2026-03-03T01:23:31.022+0000] {processor.py:156} INFO - Started process (PID=2021) to work on /home/airflow/.local/lib/python3.7/site-packages/airflow/example_dags/example_sla_dag.py
[2026-03-03T01:23:31.024+0000] {processor.py:799} INFO - Processing file /home/airflow/.local/lib/python3.7/site-packages/airflow/example_dags/example_sla_dag.py for tasks to queue
[2026-03-03T01:23:31.026+0000] {logging_mixin.py:149} INFO - [2026-03-03T01:23:31.026+0000] {dagbag.py:541} INFO - Filling up the DagBag from /home/airflow/.local/lib/python3.7/site-packages/airflow/example_dags/example_sla_dag.py
[2026-03-03T01:23:31.049+0000] {processor.py:809} INFO - DAG(s) dict_keys(['example_sla_dag']) retrieved from /home/airflow/.local/lib/python3.7/site-packages/airflow/example_dags/example_sla_dag.py
[2026-03-03T01:23:31.113+0000] {logging_mixin.py:149} INFO - [2026-03-03T01:23:31.113+0000] {dag.py:2726} INFO - Sync 1 DAGs
[2026-03-03T01:23:31.190+0000] {logging_mixin.py:149} INFO - [2026-03-03T01:23:31.190+0000] {dag.py:3490} INFO - Setting next_dagrun for example_sla_dag to 2026-03-03T01:20:00+00:00, run_after=2026-03-03T01:22:00+00:00
[2026-03-03T01:23:31.251+0000] {processor.py:178} INFO - Processing /home/airflow/.local/lib/python3.7/site-packages/airflow/example_dags/example_sla_dag.py took 0.237 seconds
[2026-03-03T01:24:02.229+0000] {processor.py:156} INFO - Started process (PID=2083) to work on /home/airflow/.local/lib/python3.7/site-packages/airflow/example_dags/example_sla_dag.py
[2026-03-03T01:24:02.232+0000] {processor.py:799} INFO - Processing file /home/airflow/.local/lib/python3.7/site-packages/airflow/example_dags/example_sla_dag.py for tasks to queue
[2026-03-03T01:24:02.235+0000] {logging_mixin.py:149} INFO - [2026-03-03T01:24:02.234+0000] {dagbag.py:541} INFO - Filling up the DagBag from /home/airflow/.local/lib/python3.7/site-packages/airflow/example_dags/example_sla_dag.py
[2026-03-03T01:24:02.258+0000] {processor.py:809} INFO - DAG(s) dict_keys(['example_sla_dag']) retrieved from /home/airflow/.local/lib/python3.7/site-packages/airflow/example_dags/example_sla_dag.py
[2026-03-03T01:24:02.324+0000] {logging_mixin.py:149} INFO - [2026-03-03T01:24:02.324+0000] {dag.py:2726} INFO - Sync 1 DAGs
[2026-03-03T01:24:02.399+0000] {logging_mixin.py:149} INFO - [2026-03-03T01:24:02.398+0000] {dag.py:3490} INFO - Setting next_dagrun for example_sla_dag to 2026-03-03T01:22:00+00:00, run_after=2026-03-03T01:24:00+00:00
[2026-03-03T01:24:02.460+0000] {processor.py:178} INFO - Processing /home/airflow/.local/lib/python3.7/site-packages/airflow/example_dags/example_sla_dag.py took 0.238 seconds
[2026-03-03T01:24:33.136+0000] {processor.py:156} INFO - Started process (PID=2145) to work on /home/airflow/.local/lib/python3.7/site-packages/airflow/example_dags/example_sla_dag.py
[2026-03-03T01:24:33.138+0000] {processor.py:799} INFO - Processing file /home/airflow/.local/lib/python3.7/site-packages/airflow/example_dags/example_sla_dag.py for tasks to queue
[2026-03-03T01:24:33.139+0000] {logging_mixin.py:149} INFO - [2026-03-03T01:24:33.139+0000] {dagbag.py:541} INFO - Filling up the DagBag from /home/airflow/.local/lib/python3.7/site-packages/airflow/example_dags/example_sla_dag.py
[2026-03-03T01:24:33.156+0000] {processor.py:809} INFO - DAG(s) dict_keys(['example_sla_dag']) retrieved from /home/airflow/.local/lib/python3.7/site-packages/airflow/example_dags/example_sla_dag.py
[2026-03-03T01:24:33.220+0000] {logging_mixin.py:149} INFO - [2026-03-03T01:24:33.219+0000] {dag.py:2726} INFO - Sync 1 DAGs
[2026-03-03T01:24:33.295+0000] {logging_mixin.py:149} INFO - [2026-03-03T01:24:33.295+0000] {dag.py:3490} INFO - Setting next_dagrun for example_sla_dag to 2026-03-03T01:22:00+00:00, run_after=2026-03-03T01:24:00+00:00
[2026-03-03T01:24:33.349+0000] {processor.py:178} INFO - Processing /home/airflow/.local/lib/python3.7/site-packages/airflow/example_dags/example_sla_dag.py took 0.221 seconds
[2026-03-03T01:25:04.027+0000] {processor.py:156} INFO - Started process (PID=2207) to work on /home/airflow/.local/lib/python3.7/site-packages/airflow/example_dags/example_sla_dag.py
[2026-03-03T01:25:04.035+0000] {processor.py:799} INFO - Processing file /home/airflow/.local/lib/python3.7/site-packages/airflow/example_dags/example_sla_dag.py for tasks to queue
[2026-03-03T01:25:04.038+0000] {logging_mixin.py:149} INFO - [2026-03-03T01:25:04.037+0000] {dagbag.py:541} INFO - Filling up the DagBag from /home/airflow/.local/lib/python3.7/site-packages/airflow/example_dags/example_sla_dag.py
[2026-03-03T01:25:04.066+0000] {processor.py:809} INFO - DAG(s) dict_keys(['example_sla_dag']) retrieved from /home/airflow/.local/lib/python3.7/site-packages/airflow/example_dags/example_sla_dag.py
[2026-03-03T01:25:04.148+0000] {logging_mixin.py:149} INFO - [2026-03-03T01:25:04.148+0000] {dag.py:2726} INFO - Sync 1 DAGs
[2026-03-03T01:25:04.230+0000] {logging_mixin.py:149} INFO - [2026-03-03T01:25:04.230+0000] {dag.py:3490} INFO - Setting next_dagrun for example_sla_dag to 2026-03-03T01:22:00+00:00, run_after=2026-03-03T01:24:00+00:00
[2026-03-03T01:25:04.285+0000] {processor.py:178} INFO - Processing /home/airflow/.local/lib/python3.7/site-packages/airflow/example_dags/example_sla_dag.py took 0.269 seconds
[2026-03-03T01:25:34.793+0000] {processor.py:156} INFO - Started process (PID=2269) to work on /home/airflow/.local/lib/python3.7/site-packages/airflow/example_dags/example_sla_dag.py
[2026-03-03T01:25:34.794+0000] {processor.py:799} INFO - Processing file /home/airflow/.local/lib/python3.7/site-packages/airflow/example_dags/example_sla_dag.py for tasks to queue
[2026-03-03T01:25:34.796+0000] {logging_mixin.py:149} INFO - [2026-03-03T01:25:34.796+0000] {dagbag.py:541} INFO - Filling up the DagBag from /home/airflow/.local/lib/python3.7/site-packages/airflow/example_dags/example_sla_dag.py
[2026-03-03T01:25:34.805+0000] {processor.py:809} INFO - DAG(s) dict_keys(['example_sla_dag']) retrieved from /home/airflow/.local/lib/python3.7/site-packages/airflow/example_dags/example_sla_dag.py
[2026-03-03T01:25:34.824+0000] {logging_mixin.py:149} INFO - [2026-03-03T01:25:34.824+0000] {dag.py:2726} INFO - Sync 1 DAGs
[2026-03-03T01:25:34.850+0000] {logging_mixin.py:149} INFO - [2026-03-03T01:25:34.850+0000] {dag.py:3490} INFO - Setting next_dagrun for example_sla_dag to 2026-03-03T01:22:00+00:00, run_after=2026-03-03T01:24:00+00:00
[2026-03-03T01:25:34.866+0000] {processor.py:178} INFO - Processing /home/airflow/.local/lib/python3.7/site-packages/airflow/example_dags/example_sla_dag.py took 0.076 seconds
[2026-03-03T01:26:05.498+0000] {processor.py:156} INFO - Started process (PID=2331) to work on /home/airflow/.local/lib/python3.7/site-packages/airflow/example_dags/example_sla_dag.py
[2026-03-03T01:26:05.501+0000] {processor.py:799} INFO - Processing file /home/airflow/.local/lib/python3.7/site-packages/airflow/example_dags/example_sla_dag.py for tasks to queue
[2026-03-03T01:26:05.502+0000] {logging_mixin.py:149} INFO - [2026-03-03T01:26:05.502+0000] {dagbag.py:541} INFO - Filling up the DagBag from /home/airflow/.local/lib/python3.7/site-packages/airflow/example_dags/example_sla_dag.py
[2026-03-03T01:26:05.514+0000] {processor.py:809} INFO - DAG(s) dict_keys(['example_sla_dag']) retrieved from /home/airflow/.local/lib/python3.7/site-packages/airflow/example_dags/example_sla_dag.py
[2026-03-03T01:26:05.543+0000] {logging_mixin.py:149} INFO - [2026-03-03T01:26:05.543+0000] {dag.py:2726} INFO - Sync 1 DAGs
[2026-03-03T01:26:05.577+0000] {logging_mixin.py:149} INFO - [2026-03-03T01:26:05.577+0000] {dag.py:3490} INFO - Setting next_dagrun for example_sla_dag to 2026-03-03T01:24:00+00:00, run_after=2026-03-03T01:26:00+00:00
[2026-03-03T01:26:05.609+0000] {processor.py:178} INFO - Processing /home/airflow/.local/lib/python3.7/site-packages/airflow/example_dags/example_sla_dag.py took 0.115 seconds
[2026-03-03T01:26:36.487+0000] {processor.py:156} INFO - Started process (PID=2393) to work on /home/airflow/.local/lib/python3.7/site-packages/airflow/example_dags/example_sla_dag.py
[2026-03-03T01:26:36.490+0000] {processor.py:799} INFO - Processing file /home/airflow/.local/lib/python3.7/site-packages/airflow/example_dags/example_sla_dag.py for tasks to queue
[2026-03-03T01:26:36.493+0000] {logging_mixin.py:149} INFO - [2026-03-03T01:26:36.492+0000] {dagbag.py:541} INFO - Filling up the DagBag from /home/airflow/.local/lib/python3.7/site-packages/airflow/example_dags/example_sla_dag.py
[2026-03-03T01:26:36.514+0000] {processor.py:809} INFO - DAG(s) dict_keys(['example_sla_dag']) retrieved from /home/airflow/.local/lib/python3.7/site-packages/airflow/example_dags/example_sla_dag.py
[2026-03-03T01:26:36.587+0000] {logging_mixin.py:149} INFO - [2026-03-03T01:26:36.586+0000] {dag.py:2726} INFO - Sync 1 DAGs
[2026-03-03T01:26:36.676+0000] {logging_mixin.py:149} INFO - [2026-03-03T01:26:36.675+0000] {dag.py:3490} INFO - Setting next_dagrun for example_sla_dag to 2026-03-03T01:24:00+00:00, run_after=2026-03-03T01:26:00+00:00
[2026-03-03T01:26:36.744+0000] {processor.py:178} INFO - Processing /home/airflow/.local/lib/python3.7/site-packages/airflow/example_dags/example_sla_dag.py took 0.265 seconds
