[2026-03-03T00:56:04.627+0000] {processor.py:156} INFO - Started process (PID=63) to work on /home/airflow/.local/lib/python3.7/site-packages/airflow/example_dags/example_latest_only_with_trigger.py
[2026-03-03T00:56:04.628+0000] {processor.py:799} INFO - Processing file /home/airflow/.local/lib/python3.7/site-packages/airflow/example_dags/example_latest_only_with_trigger.py for tasks to queue
[2026-03-03T00:56:04.629+0000] {logging_mixin.py:149} INFO - [2026-03-03T00:56:04.629+0000] {dagbag.py:541} INFO - Filling up the DagBag from /home/airflow/.local/lib/python3.7/site-packages/airflow/example_dags/example_latest_only_with_trigger.py
[2026-03-03T00:56:04.635+0000] {processor.py:809} INFO - DAG(s) dict_keys(['latest_only_with_trigger']) retrieved from /home/airflow/.local/lib/python3.7/site-packages/airflow/example_dags/example_latest_only_with_trigger.py
[2026-03-03T00:56:04.647+0000] {logging_mixin.py:149} INFO - [2026-03-03T00:56:04.647+0000] {dag.py:2726} INFO - Sync 1 DAGs
[2026-03-03T00:56:04.668+0000] {logging_mixin.py:149} INFO - [2026-03-03T00:56:04.668+0000] {dag.py:3490} INFO - Setting next_dagrun for latest_only_with_trigger to 2026-03-02T20:56:04.668353+00:00, run_after=2026-03-03T00:56:04.668353+00:00
[2026-03-03T00:56:04.686+0000] {processor.py:178} INFO - Processing /home/airflow/.local/lib/python3.7/site-packages/airflow/example_dags/example_latest_only_with_trigger.py took 0.061 seconds
[2026-03-03T00:56:36.898+0000] {processor.py:156} INFO - Started process (PID=125) to work on /home/airflow/.local/lib/python3.7/site-packages/airflow/example_dags/example_latest_only_with_trigger.py
[2026-03-03T00:56:36.899+0000] {processor.py:799} INFO - Processing file /home/airflow/.local/lib/python3.7/site-packages/airflow/example_dags/example_latest_only_with_trigger.py for tasks to queue
[2026-03-03T00:56:36.900+0000] {logging_mixin.py:149} INFO - [2026-03-03T00:56:36.900+0000] {dagbag.py:541} INFO - Filling up the DagBag from /home/airflow/.local/lib/python3.7/site-packages/airflow/example_dags/example_latest_only_with_trigger.py
[2026-03-03T00:56:36.903+0000] {processor.py:809} INFO - DAG(s) dict_keys(['latest_only_with_trigger']) retrieved from /home/airflow/.local/lib/python3.7/site-packages/airflow/example_dags/example_latest_only_with_trigger.py
[2026-03-03T00:56:36.918+0000] {logging_mixin.py:149} INFO - [2026-03-03T00:56:36.918+0000] {dag.py:2726} INFO - Sync 1 DAGs
[2026-03-03T00:56:36.931+0000] {logging_mixin.py:149} INFO - [2026-03-03T00:56:36.931+0000] {dag.py:3490} INFO - Setting next_dagrun for latest_only_with_trigger to 2026-03-02T20:56:36.931472+00:00, run_after=2026-03-03T00:56:36.931472+00:00
[2026-03-03T00:56:36.941+0000] {processor.py:178} INFO - Processing /home/airflow/.local/lib/python3.7/site-packages/airflow/example_dags/example_latest_only_with_trigger.py took 0.046 seconds
[2026-03-03T00:57:06.963+0000] {processor.py:156} INFO - Started process (PID=187) to work on /home/airflow/.local/lib/python3.7/site-packages/airflow/example_dags/example_latest_only_with_trigger.py
[2026-03-03T00:57:06.963+0000] {processor.py:799} INFO - Processing file /home/airflow/.local/lib/python3.7/site-packages/airflow/example_dags/example_latest_only_with_trigger.py for tasks to queue
[2026-03-03T00:57:06.963+0000] {logging_mixin.py:149} INFO - [2026-03-03T00:57:06.963+0000] {dagbag.py:541} INFO - Filling up the DagBag from /home/airflow/.local/lib/python3.7/site-packages/airflow/example_dags/example_latest_only_with_trigger.py
[2026-03-03T00:57:06.966+0000] {processor.py:809} INFO - DAG(s) dict_keys(['latest_only_with_trigger']) retrieved from /home/airflow/.local/lib/python3.7/site-packages/airflow/example_dags/example_latest_only_with_trigger.py
[2026-03-03T00:57:06.977+0000] {logging_mixin.py:149} INFO - [2026-03-03T00:57:06.976+0000] {dag.py:2726} INFO - Sync 1 DAGs
[2026-03-03T00:57:06.986+0000] {logging_mixin.py:149} INFO - [2026-03-03T00:57:06.986+0000] {dag.py:3490} INFO - Setting next_dagrun for latest_only_with_trigger to 2026-03-02T20:57:06.986795+00:00, run_after=2026-03-03T00:57:06.986795+00:00
[2026-03-03T00:57:06.995+0000] {processor.py:178} INFO - Processing /home/airflow/.local/lib/python3.7/site-packages/airflow/example_dags/example_latest_only_with_trigger.py took 0.034 seconds
[2026-03-03T00:57:37.821+0000] {processor.py:156} INFO - Started process (PID=249) to work on /home/airflow/.local/lib/python3.7/site-packages/airflow/example_dags/example_latest_only_with_trigger.py
[2026-03-03T00:57:37.821+0000] {processor.py:799} INFO - Processing file /home/airflow/.local/lib/python3.7/site-packages/airflow/example_dags/example_latest_only_with_trigger.py for tasks to queue
[2026-03-03T00:57:37.823+0000] {logging_mixin.py:149} INFO - [2026-03-03T00:57:37.823+0000] {dagbag.py:541} INFO - Filling up the DagBag from /home/airflow/.local/lib/python3.7/site-packages/airflow/example_dags/example_latest_only_with_trigger.py
[2026-03-03T00:57:37.827+0000] {processor.py:809} INFO - DAG(s) dict_keys(['latest_only_with_trigger']) retrieved from /home/airflow/.local/lib/python3.7/site-packages/airflow/example_dags/example_latest_only_with_trigger.py
[2026-03-03T00:57:37.840+0000] {logging_mixin.py:149} INFO - [2026-03-03T00:57:37.839+0000] {dag.py:2726} INFO - Sync 1 DAGs
[2026-03-03T00:57:37.852+0000] {logging_mixin.py:149} INFO - [2026-03-03T00:57:37.852+0000] {dag.py:3490} INFO - Setting next_dagrun for latest_only_with_trigger to 2026-03-02T20:57:37.852300+00:00, run_after=2026-03-03T00:57:37.852300+00:00
[2026-03-03T00:57:37.860+0000] {processor.py:178} INFO - Processing /home/airflow/.local/lib/python3.7/site-packages/airflow/example_dags/example_latest_only_with_trigger.py took 0.041 seconds
[2026-03-03T00:58:09.105+0000] {processor.py:156} INFO - Started process (PID=311) to work on /home/airflow/.local/lib/python3.7/site-packages/airflow/example_dags/example_latest_only_with_trigger.py
[2026-03-03T00:58:09.106+0000] {processor.py:799} INFO - Processing file /home/airflow/.local/lib/python3.7/site-packages/airflow/example_dags/example_latest_only_with_trigger.py for tasks to queue
[2026-03-03T00:58:09.106+0000] {logging_mixin.py:149} INFO - [2026-03-03T00:58:09.106+0000] {dagbag.py:541} INFO - Filling up the DagBag from /home/airflow/.local/lib/python3.7/site-packages/airflow/example_dags/example_latest_only_with_trigger.py
[2026-03-03T00:58:09.110+0000] {processor.py:809} INFO - DAG(s) dict_keys(['latest_only_with_trigger']) retrieved from /home/airflow/.local/lib/python3.7/site-packages/airflow/example_dags/example_latest_only_with_trigger.py
[2026-03-03T00:58:09.124+0000] {logging_mixin.py:149} INFO - [2026-03-03T00:58:09.124+0000] {dag.py:2726} INFO - Sync 1 DAGs
[2026-03-03T00:58:09.142+0000] {logging_mixin.py:149} INFO - [2026-03-03T00:58:09.142+0000] {dag.py:3490} INFO - Setting next_dagrun for latest_only_with_trigger to 2026-03-02T20:58:09.142260+00:00, run_after=2026-03-03T00:58:09.142260+00:00
[2026-03-03T00:58:09.156+0000] {processor.py:178} INFO - Processing /home/airflow/.local/lib/python3.7/site-packages/airflow/example_dags/example_latest_only_with_trigger.py took 0.053 seconds
[2026-03-03T00:58:40.107+0000] {processor.py:156} INFO - Started process (PID=373) to work on /home/airflow/.local/lib/python3.7/site-packages/airflow/example_dags/example_latest_only_with_trigger.py
[2026-03-03T00:58:40.108+0000] {processor.py:799} INFO - Processing file /home/airflow/.local/lib/python3.7/site-packages/airflow/example_dags/example_latest_only_with_trigger.py for tasks to queue
[2026-03-03T00:58:40.108+0000] {logging_mixin.py:149} INFO - [2026-03-03T00:58:40.108+0000] {dagbag.py:541} INFO - Filling up the DagBag from /home/airflow/.local/lib/python3.7/site-packages/airflow/example_dags/example_latest_only_with_trigger.py
[2026-03-03T00:58:40.113+0000] {processor.py:809} INFO - DAG(s) dict_keys(['latest_only_with_trigger']) retrieved from /home/airflow/.local/lib/python3.7/site-packages/airflow/example_dags/example_latest_only_with_trigger.py
[2026-03-03T00:58:40.131+0000] {logging_mixin.py:149} INFO - [2026-03-03T00:58:40.131+0000] {dag.py:2726} INFO - Sync 1 DAGs
[2026-03-03T00:58:40.145+0000] {logging_mixin.py:149} INFO - [2026-03-03T00:58:40.145+0000] {dag.py:3490} INFO - Setting next_dagrun for latest_only_with_trigger to 2026-03-02T20:58:40.145748+00:00, run_after=2026-03-03T00:58:40.145748+00:00
[2026-03-03T00:58:40.163+0000] {processor.py:178} INFO - Processing /home/airflow/.local/lib/python3.7/site-packages/airflow/example_dags/example_latest_only_with_trigger.py took 0.057 seconds
[2026-03-03T00:59:11.191+0000] {processor.py:156} INFO - Started process (PID=435) to work on /home/airflow/.local/lib/python3.7/site-packages/airflow/example_dags/example_latest_only_with_trigger.py
[2026-03-03T00:59:11.192+0000] {processor.py:799} INFO - Processing file /home/airflow/.local/lib/python3.7/site-packages/airflow/example_dags/example_latest_only_with_trigger.py for tasks to queue
[2026-03-03T00:59:11.192+0000] {logging_mixin.py:149} INFO - [2026-03-03T00:59:11.192+0000] {dagbag.py:541} INFO - Filling up the DagBag from /home/airflow/.local/lib/python3.7/site-packages/airflow/example_dags/example_latest_only_with_trigger.py
[2026-03-03T00:59:11.195+0000] {processor.py:809} INFO - DAG(s) dict_keys(['latest_only_with_trigger']) retrieved from /home/airflow/.local/lib/python3.7/site-packages/airflow/example_dags/example_latest_only_with_trigger.py
[2026-03-03T00:59:11.211+0000] {logging_mixin.py:149} INFO - [2026-03-03T00:59:11.211+0000] {dag.py:2726} INFO - Sync 1 DAGs
[2026-03-03T00:59:11.225+0000] {logging_mixin.py:149} INFO - [2026-03-03T00:59:11.225+0000] {dag.py:3490} INFO - Setting next_dagrun for latest_only_with_trigger to 2026-03-02T20:59:11.225418+00:00, run_after=2026-03-03T00:59:11.225418+00:00
[2026-03-03T00:59:11.235+0000] {processor.py:178} INFO - Processing /home/airflow/.local/lib/python3.7/site-packages/airflow/example_dags/example_latest_only_with_trigger.py took 0.046 seconds
[2026-03-03T00:59:41.944+0000] {processor.py:156} INFO - Started process (PID=497) to work on /home/airflow/.local/lib/python3.7/site-packages/airflow/example_dags/example_latest_only_with_trigger.py
[2026-03-03T00:59:41.945+0000] {processor.py:799} INFO - Processing file /home/airflow/.local/lib/python3.7/site-packages/airflow/example_dags/example_latest_only_with_trigger.py for tasks to queue
[2026-03-03T00:59:41.945+0000] {logging_mixin.py:149} INFO - [2026-03-03T00:59:41.945+0000] {dagbag.py:541} INFO - Filling up the DagBag from /home/airflow/.local/lib/python3.7/site-packages/airflow/example_dags/example_latest_only_with_trigger.py
[2026-03-03T00:59:41.948+0000] {processor.py:809} INFO - DAG(s) dict_keys(['latest_only_with_trigger']) retrieved from /home/airflow/.local/lib/python3.7/site-packages/airflow/example_dags/example_latest_only_with_trigger.py
[2026-03-03T00:59:41.967+0000] {logging_mixin.py:149} INFO - [2026-03-03T00:59:41.967+0000] {dag.py:2726} INFO - Sync 1 DAGs
[2026-03-03T00:59:41.986+0000] {logging_mixin.py:149} INFO - [2026-03-03T00:59:41.984+0000] {dag.py:3490} INFO - Setting next_dagrun for latest_only_with_trigger to 2026-03-02T20:59:41.984805+00:00, run_after=2026-03-03T00:59:41.984805+00:00
[2026-03-03T00:59:41.999+0000] {processor.py:178} INFO - Processing /home/airflow/.local/lib/python3.7/site-packages/airflow/example_dags/example_latest_only_with_trigger.py took 0.056 seconds
[2026-03-03T01:00:12.974+0000] {processor.py:156} INFO - Started process (PID=559) to work on /home/airflow/.local/lib/python3.7/site-packages/airflow/example_dags/example_latest_only_with_trigger.py
[2026-03-03T01:00:12.977+0000] {processor.py:799} INFO - Processing file /home/airflow/.local/lib/python3.7/site-packages/airflow/example_dags/example_latest_only_with_trigger.py for tasks to queue
[2026-03-03T01:00:12.979+0000] {logging_mixin.py:149} INFO - [2026-03-03T01:00:12.979+0000] {dagbag.py:541} INFO - Filling up the DagBag from /home/airflow/.local/lib/python3.7/site-packages/airflow/example_dags/example_latest_only_with_trigger.py
[2026-03-03T01:00:12.996+0000] {processor.py:809} INFO - DAG(s) dict_keys(['latest_only_with_trigger']) retrieved from /home/airflow/.local/lib/python3.7/site-packages/airflow/example_dags/example_latest_only_with_trigger.py
[2026-03-03T01:00:13.060+0000] {logging_mixin.py:149} INFO - [2026-03-03T01:00:13.060+0000] {dag.py:2726} INFO - Sync 1 DAGs
[2026-03-03T01:00:13.133+0000] {logging_mixin.py:149} INFO - [2026-03-03T01:00:13.133+0000] {dag.py:3490} INFO - Setting next_dagrun for latest_only_with_trigger to 2026-03-02T21:00:13.132847+00:00, run_after=2026-03-03T01:00:13.132847+00:00
[2026-03-03T01:00:13.211+0000] {processor.py:178} INFO - Processing /home/airflow/.local/lib/python3.7/site-packages/airflow/example_dags/example_latest_only_with_trigger.py took 0.245 seconds
[2026-03-03T01:00:44.189+0000] {processor.py:156} INFO - Started process (PID=621) to work on /home/airflow/.local/lib/python3.7/site-packages/airflow/example_dags/example_latest_only_with_trigger.py
[2026-03-03T01:00:44.193+0000] {processor.py:799} INFO - Processing file /home/airflow/.local/lib/python3.7/site-packages/airflow/example_dags/example_latest_only_with_trigger.py for tasks to queue
[2026-03-03T01:00:44.195+0000] {logging_mixin.py:149} INFO - [2026-03-03T01:00:44.195+0000] {dagbag.py:541} INFO - Filling up the DagBag from /home/airflow/.local/lib/python3.7/site-packages/airflow/example_dags/example_latest_only_with_trigger.py
[2026-03-03T01:00:44.216+0000] {processor.py:809} INFO - DAG(s) dict_keys(['latest_only_with_trigger']) retrieved from /home/airflow/.local/lib/python3.7/site-packages/airflow/example_dags/example_latest_only_with_trigger.py
[2026-03-03T01:00:44.274+0000] {logging_mixin.py:149} INFO - [2026-03-03T01:00:44.273+0000] {dag.py:2726} INFO - Sync 1 DAGs
[2026-03-03T01:00:44.361+0000] {logging_mixin.py:149} INFO - [2026-03-03T01:00:44.360+0000] {dag.py:3490} INFO - Setting next_dagrun for latest_only_with_trigger to 2026-03-02T21:00:44.360020+00:00, run_after=2026-03-03T01:00:44.360020+00:00
[2026-03-03T01:00:44.420+0000] {processor.py:178} INFO - Processing /home/airflow/.local/lib/python3.7/site-packages/airflow/example_dags/example_latest_only_with_trigger.py took 0.238 seconds
[2026-03-03T01:01:14.788+0000] {processor.py:156} INFO - Started process (PID=683) to work on /home/airflow/.local/lib/python3.7/site-packages/airflow/example_dags/example_latest_only_with_trigger.py
[2026-03-03T01:01:14.789+0000] {processor.py:799} INFO - Processing file /home/airflow/.local/lib/python3.7/site-packages/airflow/example_dags/example_latest_only_with_trigger.py for tasks to queue
[2026-03-03T01:01:14.790+0000] {logging_mixin.py:149} INFO - [2026-03-03T01:01:14.790+0000] {dagbag.py:541} INFO - Filling up the DagBag from /home/airflow/.local/lib/python3.7/site-packages/airflow/example_dags/example_latest_only_with_trigger.py
[2026-03-03T01:01:14.796+0000] {processor.py:809} INFO - DAG(s) dict_keys(['latest_only_with_trigger']) retrieved from /home/airflow/.local/lib/python3.7/site-packages/airflow/example_dags/example_latest_only_with_trigger.py
[2026-03-03T01:01:14.811+0000] {logging_mixin.py:149} INFO - [2026-03-03T01:01:14.811+0000] {dag.py:2726} INFO - Sync 1 DAGs
[2026-03-03T01:01:14.824+0000] {logging_mixin.py:149} INFO - [2026-03-03T01:01:14.824+0000] {dag.py:3490} INFO - Setting next_dagrun for latest_only_with_trigger to 2026-03-02T21:01:14.824563+00:00, run_after=2026-03-03T01:01:14.824563+00:00
[2026-03-03T01:01:14.835+0000] {processor.py:178} INFO - Processing /home/airflow/.local/lib/python3.7/site-packages/airflow/example_dags/example_latest_only_with_trigger.py took 0.049 seconds
[2026-03-03T01:01:45.581+0000] {processor.py:156} INFO - Started process (PID=745) to work on /home/airflow/.local/lib/python3.7/site-packages/airflow/example_dags/example_latest_only_with_trigger.py
[2026-03-03T01:01:45.582+0000] {processor.py:799} INFO - Processing file /home/airflow/.local/lib/python3.7/site-packages/airflow/example_dags/example_latest_only_with_trigger.py for tasks to queue
[2026-03-03T01:01:45.582+0000] {logging_mixin.py:149} INFO - [2026-03-03T01:01:45.582+0000] {dagbag.py:541} INFO - Filling up the DagBag from /home/airflow/.local/lib/python3.7/site-packages/airflow/example_dags/example_latest_only_with_trigger.py
[2026-03-03T01:01:45.586+0000] {processor.py:809} INFO - DAG(s) dict_keys(['latest_only_with_trigger']) retrieved from /home/airflow/.local/lib/python3.7/site-packages/airflow/example_dags/example_latest_only_with_trigger.py
[2026-03-03T01:01:45.601+0000] {logging_mixin.py:149} INFO - [2026-03-03T01:01:45.601+0000] {dag.py:2726} INFO - Sync 1 DAGs
[2026-03-03T01:01:45.613+0000] {logging_mixin.py:149} INFO - [2026-03-03T01:01:45.613+0000] {dag.py:3490} INFO - Setting next_dagrun for latest_only_with_trigger to 2026-03-02T21:01:45.612952+00:00, run_after=2026-03-03T01:01:45.612952+00:00
[2026-03-03T01:01:45.620+0000] {processor.py:178} INFO - Processing /home/airflow/.local/lib/python3.7/site-packages/airflow/example_dags/example_latest_only_with_trigger.py took 0.040 seconds
[2026-03-03T01:02:16.368+0000] {processor.py:156} INFO - Started process (PID=807) to work on /home/airflow/.local/lib/python3.7/site-packages/airflow/example_dags/example_latest_only_with_trigger.py
[2026-03-03T01:02:16.369+0000] {processor.py:799} INFO - Processing file /home/airflow/.local/lib/python3.7/site-packages/airflow/example_dags/example_latest_only_with_trigger.py for tasks to queue
[2026-03-03T01:02:16.369+0000] {logging_mixin.py:149} INFO - [2026-03-03T01:02:16.369+0000] {dagbag.py:541} INFO - Filling up the DagBag from /home/airflow/.local/lib/python3.7/site-packages/airflow/example_dags/example_latest_only_with_trigger.py
[2026-03-03T01:02:16.373+0000] {processor.py:809} INFO - DAG(s) dict_keys(['latest_only_with_trigger']) retrieved from /home/airflow/.local/lib/python3.7/site-packages/airflow/example_dags/example_latest_only_with_trigger.py
[2026-03-03T01:02:16.385+0000] {logging_mixin.py:149} INFO - [2026-03-03T01:02:16.385+0000] {dag.py:2726} INFO - Sync 1 DAGs
[2026-03-03T01:02:16.402+0000] {logging_mixin.py:149} INFO - [2026-03-03T01:02:16.402+0000] {dag.py:3490} INFO - Setting next_dagrun for latest_only_with_trigger to 2026-03-02T21:02:16.402107+00:00, run_after=2026-03-03T01:02:16.402107+00:00
[2026-03-03T01:02:16.413+0000] {processor.py:178} INFO - Processing /home/airflow/.local/lib/python3.7/site-packages/airflow/example_dags/example_latest_only_with_trigger.py took 0.047 seconds
[2026-03-03T01:02:47.147+0000] {processor.py:156} INFO - Started process (PID=869) to work on /home/airflow/.local/lib/python3.7/site-packages/airflow/example_dags/example_latest_only_with_trigger.py
[2026-03-03T01:02:47.147+0000] {processor.py:799} INFO - Processing file /home/airflow/.local/lib/python3.7/site-packages/airflow/example_dags/example_latest_only_with_trigger.py for tasks to queue
[2026-03-03T01:02:47.148+0000] {logging_mixin.py:149} INFO - [2026-03-03T01:02:47.148+0000] {dagbag.py:541} INFO - Filling up the DagBag from /home/airflow/.local/lib/python3.7/site-packages/airflow/example_dags/example_latest_only_with_trigger.py
[2026-03-03T01:02:47.151+0000] {processor.py:809} INFO - DAG(s) dict_keys(['latest_only_with_trigger']) retrieved from /home/airflow/.local/lib/python3.7/site-packages/airflow/example_dags/example_latest_only_with_trigger.py
[2026-03-03T01:02:47.164+0000] {logging_mixin.py:149} INFO - [2026-03-03T01:02:47.164+0000] {dag.py:2726} INFO - Sync 1 DAGs
[2026-03-03T01:02:47.175+0000] {logging_mixin.py:149} INFO - [2026-03-03T01:02:47.175+0000] {dag.py:3490} INFO - Setting next_dagrun for latest_only_with_trigger to 2026-03-02T21:02:47.175066+00:00, run_after=2026-03-03T01:02:47.175066+00:00
[2026-03-03T01:02:47.183+0000] {processor.py:178} INFO - Processing /home/airflow/.local/lib/python3.7/site-packages/airflow/example_dags/example_latest_only_with_trigger.py took 0.038 seconds
[2026-03-03T01:03:17.909+0000] {processor.py:156} INFO - Started process (PID=931) to work on /home/airflow/.local/lib/python3.7/site-packages/airflow/example_dags/example_latest_only_with_trigger.py
[2026-03-03T01:03:17.910+0000] {processor.py:799} INFO - Processing file /home/airflow/.local/lib/python3.7/site-packages/airflow/example_dags/example_latest_only_with_trigger.py for tasks to queue
[2026-03-03T01:03:17.910+0000] {logging_mixin.py:149} INFO - [2026-03-03T01:03:17.910+0000] {dagbag.py:541} INFO - Filling up the DagBag from /home/airflow/.local/lib/python3.7/site-packages/airflow/example_dags/example_latest_only_with_trigger.py
[2026-03-03T01:03:17.913+0000] {processor.py:809} INFO - DAG(s) dict_keys(['latest_only_with_trigger']) retrieved from /home/airflow/.local/lib/python3.7/site-packages/airflow/example_dags/example_latest_only_with_trigger.py
[2026-03-03T01:03:17.926+0000] {logging_mixin.py:149} INFO - [2026-03-03T01:03:17.926+0000] {dag.py:2726} INFO - Sync 1 DAGs
[2026-03-03T01:03:17.937+0000] {logging_mixin.py:149} INFO - [2026-03-03T01:03:17.937+0000] {dag.py:3490} INFO - Setting next_dagrun for latest_only_with_trigger to 2026-03-02T21:03:17.937015+00:00, run_after=2026-03-03T01:03:17.937015+00:00
[2026-03-03T01:03:17.944+0000] {processor.py:178} INFO - Processing /home/airflow/.local/lib/python3.7/site-packages/airflow/example_dags/example_latest_only_with_trigger.py took 0.038 seconds
[2026-03-03T01:03:48.659+0000] {processor.py:156} INFO - Started process (PID=993) to work on /home/airflow/.local/lib/python3.7/site-packages/airflow/example_dags/example_latest_only_with_trigger.py
[2026-03-03T01:03:48.660+0000] {processor.py:799} INFO - Processing file /home/airflow/.local/lib/python3.7/site-packages/airflow/example_dags/example_latest_only_with_trigger.py for tasks to queue
[2026-03-03T01:03:48.660+0000] {logging_mixin.py:149} INFO - [2026-03-03T01:03:48.660+0000] {dagbag.py:541} INFO - Filling up the DagBag from /home/airflow/.local/lib/python3.7/site-packages/airflow/example_dags/example_latest_only_with_trigger.py
[2026-03-03T01:03:48.665+0000] {processor.py:809} INFO - DAG(s) dict_keys(['latest_only_with_trigger']) retrieved from /home/airflow/.local/lib/python3.7/site-packages/airflow/example_dags/example_latest_only_with_trigger.py
[2026-03-03T01:03:48.678+0000] {logging_mixin.py:149} INFO - [2026-03-03T01:03:48.678+0000] {dag.py:2726} INFO - Sync 1 DAGs
[2026-03-03T01:03:48.692+0000] {logging_mixin.py:149} INFO - [2026-03-03T01:03:48.692+0000] {dag.py:3490} INFO - Setting next_dagrun for latest_only_with_trigger to 2026-03-02T21:03:48.692164+00:00, run_after=2026-03-03T01:03:48.692164+00:00
[2026-03-03T01:03:48.702+0000] {processor.py:178} INFO - Processing /home/airflow/.local/lib/python3.7/site-packages/airflow/example_dags/example_latest_only_with_trigger.py took 0.045 seconds
[2026-03-03T01:04:19.368+0000] {processor.py:156} INFO - Started process (PID=1055) to work on /home/airflow/.local/lib/python3.7/site-packages/airflow/example_dags/example_latest_only_with_trigger.py
[2026-03-03T01:04:19.368+0000] {processor.py:799} INFO - Processing file /home/airflow/.local/lib/python3.7/site-packages/airflow/example_dags/example_latest_only_with_trigger.py for tasks to queue
[2026-03-03T01:04:19.369+0000] {logging_mixin.py:149} INFO - [2026-03-03T01:04:19.369+0000] {dagbag.py:541} INFO - Filling up the DagBag from /home/airflow/.local/lib/python3.7/site-packages/airflow/example_dags/example_latest_only_with_trigger.py
[2026-03-03T01:04:19.372+0000] {processor.py:809} INFO - DAG(s) dict_keys(['latest_only_with_trigger']) retrieved from /home/airflow/.local/lib/python3.7/site-packages/airflow/example_dags/example_latest_only_with_trigger.py
[2026-03-03T01:04:19.383+0000] {logging_mixin.py:149} INFO - [2026-03-03T01:04:19.383+0000] {dag.py:2726} INFO - Sync 1 DAGs
[2026-03-03T01:04:19.395+0000] {logging_mixin.py:149} INFO - [2026-03-03T01:04:19.395+0000] {dag.py:3490} INFO - Setting next_dagrun for latest_only_with_trigger to 2026-03-02T21:04:19.395020+00:00, run_after=2026-03-03T01:04:19.395020+00:00
[2026-03-03T01:04:19.406+0000] {processor.py:178} INFO - Processing /home/airflow/.local/lib/python3.7/site-packages/airflow/example_dags/example_latest_only_with_trigger.py took 0.040 seconds
[2026-03-03T01:04:49.996+0000] {processor.py:156} INFO - Started process (PID=1117) to work on /home/airflow/.local/lib/python3.7/site-packages/airflow/example_dags/example_latest_only_with_trigger.py
[2026-03-03T01:04:49.996+0000] {processor.py:799} INFO - Processing file /home/airflow/.local/lib/python3.7/site-packages/airflow/example_dags/example_latest_only_with_trigger.py for tasks to queue
[2026-03-03T01:04:49.997+0000] {logging_mixin.py:149} INFO - [2026-03-03T01:04:49.997+0000] {dagbag.py:541} INFO - Filling up the DagBag from /home/airflow/.local/lib/python3.7/site-packages/airflow/example_dags/example_latest_only_with_trigger.py
[2026-03-03T01:04:50.000+0000] {processor.py:809} INFO - DAG(s) dict_keys(['latest_only_with_trigger']) retrieved from /home/airflow/.local/lib/python3.7/site-packages/airflow/example_dags/example_latest_only_with_trigger.py
[2026-03-03T01:04:50.013+0000] {logging_mixin.py:149} INFO - [2026-03-03T01:04:50.013+0000] {dag.py:2726} INFO - Sync 1 DAGs
[2026-03-03T01:04:50.024+0000] {logging_mixin.py:149} INFO - [2026-03-03T01:04:50.024+0000] {dag.py:3490} INFO - Setting next_dagrun for latest_only_with_trigger to 2026-03-02T21:04:50.024617+00:00, run_after=2026-03-03T01:04:50.024617+00:00
[2026-03-03T01:04:50.033+0000] {processor.py:178} INFO - Processing /home/airflow/.local/lib/python3.7/site-packages/airflow/example_dags/example_latest_only_with_trigger.py took 0.039 seconds
[2026-03-03T01:05:20.808+0000] {processor.py:156} INFO - Started process (PID=1179) to work on /home/airflow/.local/lib/python3.7/site-packages/airflow/example_dags/example_latest_only_with_trigger.py
[2026-03-03T01:05:20.808+0000] {processor.py:799} INFO - Processing file /home/airflow/.local/lib/python3.7/site-packages/airflow/example_dags/example_latest_only_with_trigger.py for tasks to queue
[2026-03-03T01:05:20.808+0000] {logging_mixin.py:149} INFO - [2026-03-03T01:05:20.808+0000] {dagbag.py:541} INFO - Filling up the DagBag from /home/airflow/.local/lib/python3.7/site-packages/airflow/example_dags/example_latest_only_with_trigger.py
[2026-03-03T01:05:20.813+0000] {processor.py:809} INFO - DAG(s) dict_keys(['latest_only_with_trigger']) retrieved from /home/airflow/.local/lib/python3.7/site-packages/airflow/example_dags/example_latest_only_with_trigger.py
[2026-03-03T01:05:20.829+0000] {logging_mixin.py:149} INFO - [2026-03-03T01:05:20.829+0000] {dag.py:2726} INFO - Sync 1 DAGs
[2026-03-03T01:05:20.841+0000] {logging_mixin.py:149} INFO - [2026-03-03T01:05:20.841+0000] {dag.py:3490} INFO - Setting next_dagrun for latest_only_with_trigger to 2026-03-02T21:05:20.841643+00:00, run_after=2026-03-03T01:05:20.841643+00:00
[2026-03-03T01:05:20.850+0000] {processor.py:178} INFO - Processing /home/airflow/.local/lib/python3.7/site-packages/airflow/example_dags/example_latest_only_with_trigger.py took 0.044 seconds
[2026-03-03T01:05:51.494+0000] {processor.py:156} INFO - Started process (PID=1241) to work on /home/airflow/.local/lib/python3.7/site-packages/airflow/example_dags/example_latest_only_with_trigger.py
[2026-03-03T01:05:51.495+0000] {processor.py:799} INFO - Processing file /home/airflow/.local/lib/python3.7/site-packages/airflow/example_dags/example_latest_only_with_trigger.py for tasks to queue
[2026-03-03T01:05:51.495+0000] {logging_mixin.py:149} INFO - [2026-03-03T01:05:51.495+0000] {dagbag.py:541} INFO - Filling up the DagBag from /home/airflow/.local/lib/python3.7/site-packages/airflow/example_dags/example_latest_only_with_trigger.py
[2026-03-03T01:05:51.498+0000] {processor.py:809} INFO - DAG(s) dict_keys(['latest_only_with_trigger']) retrieved from /home/airflow/.local/lib/python3.7/site-packages/airflow/example_dags/example_latest_only_with_trigger.py
[2026-03-03T01:05:51.510+0000] {logging_mixin.py:149} INFO - [2026-03-03T01:05:51.509+0000] {dag.py:2726} INFO - Sync 1 DAGs
[2026-03-03T01:05:51.520+0000] {logging_mixin.py:149} INFO - [2026-03-03T01:05:51.520+0000] {dag.py:3490} INFO - Setting next_dagrun for latest_only_with_trigger to 2026-03-02T21:05:51.520525+00:00, run_after=2026-03-03T01:05:51.520525+00:00
[2026-03-03T01:05:51.528+0000] {processor.py:178} INFO - Processing /home/airflow/.local/lib/python3.7/site-packages/airflow/example_dags/example_latest_only_with_trigger.py took 0.035 seconds
[2026-03-03T01:06:21.977+0000] {processor.py:156} INFO - Started process (PID=1303) to work on /home/airflow/.local/lib/python3.7/site-packages/airflow/example_dags/example_latest_only_with_trigger.py
[2026-03-03T01:06:21.978+0000] {processor.py:799} INFO - Processing file /home/airflow/.local/lib/python3.7/site-packages/airflow/example_dags/example_latest_only_with_trigger.py for tasks to queue
[2026-03-03T01:06:21.978+0000] {logging_mixin.py:149} INFO - [2026-03-03T01:06:21.978+0000] {dagbag.py:541} INFO - Filling up the DagBag from /home/airflow/.local/lib/python3.7/site-packages/airflow/example_dags/example_latest_only_with_trigger.py
[2026-03-03T01:06:21.981+0000] {processor.py:809} INFO - DAG(s) dict_keys(['latest_only_with_trigger']) retrieved from /home/airflow/.local/lib/python3.7/site-packages/airflow/example_dags/example_latest_only_with_trigger.py
[2026-03-03T01:06:21.992+0000] {logging_mixin.py:149} INFO - [2026-03-03T01:06:21.992+0000] {dag.py:2726} INFO - Sync 1 DAGs
[2026-03-03T01:06:22.002+0000] {logging_mixin.py:149} INFO - [2026-03-03T01:06:22.002+0000] {dag.py:3490} INFO - Setting next_dagrun for latest_only_with_trigger to 2026-03-02T21:06:22.002615+00:00, run_after=2026-03-03T01:06:22.002615+00:00
[2026-03-03T01:06:22.009+0000] {processor.py:178} INFO - Processing /home/airflow/.local/lib/python3.7/site-packages/airflow/example_dags/example_latest_only_with_trigger.py took 0.033 seconds
[2026-03-03T01:07:09.675+0000] {processor.py:156} INFO - Started process (PID=55) to work on /home/airflow/.local/lib/python3.7/site-packages/airflow/example_dags/example_latest_only_with_trigger.py
[2026-03-03T01:07:09.676+0000] {processor.py:799} INFO - Processing file /home/airflow/.local/lib/python3.7/site-packages/airflow/example_dags/example_latest_only_with_trigger.py for tasks to queue
[2026-03-03T01:07:09.677+0000] {logging_mixin.py:149} INFO - [2026-03-03T01:07:09.677+0000] {dagbag.py:541} INFO - Filling up the DagBag from /home/airflow/.local/lib/python3.7/site-packages/airflow/example_dags/example_latest_only_with_trigger.py
[2026-03-03T01:07:09.684+0000] {processor.py:809} INFO - DAG(s) dict_keys(['latest_only_with_trigger']) retrieved from /home/airflow/.local/lib/python3.7/site-packages/airflow/example_dags/example_latest_only_with_trigger.py
[2026-03-03T01:07:09.704+0000] {logging_mixin.py:149} INFO - [2026-03-03T01:07:09.703+0000] {dag.py:2726} INFO - Sync 1 DAGs
[2026-03-03T01:07:09.729+0000] {logging_mixin.py:149} INFO - [2026-03-03T01:07:09.729+0000] {dag.py:3490} INFO - Setting next_dagrun for latest_only_with_trigger to 2026-03-02T21:07:09.729030+00:00, run_after=2026-03-03T01:07:09.729030+00:00
[2026-03-03T01:07:09.754+0000] {processor.py:178} INFO - Processing /home/airflow/.local/lib/python3.7/site-packages/airflow/example_dags/example_latest_only_with_trigger.py took 0.082 seconds
[2026-03-03T01:07:39.776+0000] {processor.py:156} INFO - Started process (PID=117) to work on /home/airflow/.local/lib/python3.7/site-packages/airflow/example_dags/example_latest_only_with_trigger.py
[2026-03-03T01:07:39.777+0000] {processor.py:799} INFO - Processing file /home/airflow/.local/lib/python3.7/site-packages/airflow/example_dags/example_latest_only_with_trigger.py for tasks to queue
[2026-03-03T01:07:39.777+0000] {logging_mixin.py:149} INFO - [2026-03-03T01:07:39.777+0000] {dagbag.py:541} INFO - Filling up the DagBag from /home/airflow/.local/lib/python3.7/site-packages/airflow/example_dags/example_latest_only_with_trigger.py
[2026-03-03T01:07:39.780+0000] {processor.py:809} INFO - DAG(s) dict_keys(['latest_only_with_trigger']) retrieved from /home/airflow/.local/lib/python3.7/site-packages/airflow/example_dags/example_latest_only_with_trigger.py
[2026-03-03T01:07:39.790+0000] {logging_mixin.py:149} INFO - [2026-03-03T01:07:39.790+0000] {dag.py:2726} INFO - Sync 1 DAGs
[2026-03-03T01:07:39.800+0000] {logging_mixin.py:149} INFO - [2026-03-03T01:07:39.800+0000] {dag.py:3490} INFO - Setting next_dagrun for latest_only_with_trigger to 2026-03-02T21:07:39.800414+00:00, run_after=2026-03-03T01:07:39.800414+00:00
[2026-03-03T01:07:39.807+0000] {processor.py:178} INFO - Processing /home/airflow/.local/lib/python3.7/site-packages/airflow/example_dags/example_latest_only_with_trigger.py took 0.033 seconds
[2026-03-03T01:08:16.797+0000] {processor.py:156} INFO - Started process (PID=186) to work on /home/airflow/.local/lib/python3.7/site-packages/airflow/example_dags/example_latest_only_with_trigger.py
[2026-03-03T01:08:16.801+0000] {processor.py:799} INFO - Processing file /home/airflow/.local/lib/python3.7/site-packages/airflow/example_dags/example_latest_only_with_trigger.py for tasks to queue
[2026-03-03T01:08:16.804+0000] {logging_mixin.py:149} INFO - [2026-03-03T01:08:16.803+0000] {dagbag.py:541} INFO - Filling up the DagBag from /home/airflow/.local/lib/python3.7/site-packages/airflow/example_dags/example_latest_only_with_trigger.py
[2026-03-03T01:08:16.826+0000] {processor.py:809} INFO - DAG(s) dict_keys(['latest_only_with_trigger']) retrieved from /home/airflow/.local/lib/python3.7/site-packages/airflow/example_dags/example_latest_only_with_trigger.py
[2026-03-03T01:08:16.912+0000] {logging_mixin.py:149} INFO - [2026-03-03T01:08:16.911+0000] {dag.py:2726} INFO - Sync 1 DAGs
[2026-03-03T01:08:17.321+0000] {logging_mixin.py:149} INFO - [2026-03-03T01:08:17.320+0000] {dag.py:3490} INFO - Setting next_dagrun for latest_only_with_trigger to 2026-03-02T21:08:17.320215+00:00, run_after=2026-03-03T01:08:17.320215+00:00
[2026-03-03T01:08:17.384+0000] {processor.py:178} INFO - Processing /home/airflow/.local/lib/python3.7/site-packages/airflow/example_dags/example_latest_only_with_trigger.py took 0.597 seconds
[2026-03-03T01:08:48.146+0000] {processor.py:156} INFO - Started process (PID=248) to work on /home/airflow/.local/lib/python3.7/site-packages/airflow/example_dags/example_latest_only_with_trigger.py
[2026-03-03T01:08:48.147+0000] {processor.py:799} INFO - Processing file /home/airflow/.local/lib/python3.7/site-packages/airflow/example_dags/example_latest_only_with_trigger.py for tasks to queue
[2026-03-03T01:08:48.151+0000] {logging_mixin.py:149} INFO - [2026-03-03T01:08:48.151+0000] {dagbag.py:541} INFO - Filling up the DagBag from /home/airflow/.local/lib/python3.7/site-packages/airflow/example_dags/example_latest_only_with_trigger.py
[2026-03-03T01:08:48.156+0000] {processor.py:809} INFO - DAG(s) dict_keys(['latest_only_with_trigger']) retrieved from /home/airflow/.local/lib/python3.7/site-packages/airflow/example_dags/example_latest_only_with_trigger.py
[2026-03-03T01:08:48.184+0000] {logging_mixin.py:149} INFO - [2026-03-03T01:08:48.183+0000] {dag.py:2726} INFO - Sync 1 DAGs
[2026-03-03T01:08:48.201+0000] {logging_mixin.py:149} INFO - [2026-03-03T01:08:48.201+0000] {dag.py:3490} INFO - Setting next_dagrun for latest_only_with_trigger to 2026-03-02T21:08:48.201538+00:00, run_after=2026-03-03T01:08:48.201538+00:00
[2026-03-03T01:08:48.215+0000] {processor.py:178} INFO - Processing /home/airflow/.local/lib/python3.7/site-packages/airflow/example_dags/example_latest_only_with_trigger.py took 0.072 seconds
[2026-03-03T01:09:19.111+0000] {processor.py:156} INFO - Started process (PID=310) to work on /home/airflow/.local/lib/python3.7/site-packages/airflow/example_dags/example_latest_only_with_trigger.py
[2026-03-03T01:09:19.112+0000] {processor.py:799} INFO - Processing file /home/airflow/.local/lib/python3.7/site-packages/airflow/example_dags/example_latest_only_with_trigger.py for tasks to queue
[2026-03-03T01:09:19.116+0000] {logging_mixin.py:149} INFO - [2026-03-03T01:09:19.116+0000] {dagbag.py:541} INFO - Filling up the DagBag from /home/airflow/.local/lib/python3.7/site-packages/airflow/example_dags/example_latest_only_with_trigger.py
[2026-03-03T01:09:19.124+0000] {processor.py:809} INFO - DAG(s) dict_keys(['latest_only_with_trigger']) retrieved from /home/airflow/.local/lib/python3.7/site-packages/airflow/example_dags/example_latest_only_with_trigger.py
[2026-03-03T01:09:19.145+0000] {logging_mixin.py:149} INFO - [2026-03-03T01:09:19.144+0000] {dag.py:2726} INFO - Sync 1 DAGs
[2026-03-03T01:09:19.163+0000] {logging_mixin.py:149} INFO - [2026-03-03T01:09:19.163+0000] {dag.py:3490} INFO - Setting next_dagrun for latest_only_with_trigger to 2026-03-02T21:09:19.162941+00:00, run_after=2026-03-03T01:09:19.162941+00:00
[2026-03-03T01:09:19.178+0000] {processor.py:178} INFO - Processing /home/airflow/.local/lib/python3.7/site-packages/airflow/example_dags/example_latest_only_with_trigger.py took 0.070 seconds
[2026-03-03T01:09:49.241+0000] {processor.py:156} INFO - Started process (PID=372) to work on /home/airflow/.local/lib/python3.7/site-packages/airflow/example_dags/example_latest_only_with_trigger.py
[2026-03-03T01:09:49.242+0000] {processor.py:799} INFO - Processing file /home/airflow/.local/lib/python3.7/site-packages/airflow/example_dags/example_latest_only_with_trigger.py for tasks to queue
[2026-03-03T01:09:49.247+0000] {logging_mixin.py:149} INFO - [2026-03-03T01:09:49.247+0000] {dagbag.py:541} INFO - Filling up the DagBag from /home/airflow/.local/lib/python3.7/site-packages/airflow/example_dags/example_latest_only_with_trigger.py
[2026-03-03T01:09:49.265+0000] {processor.py:809} INFO - DAG(s) dict_keys(['latest_only_with_trigger']) retrieved from /home/airflow/.local/lib/python3.7/site-packages/airflow/example_dags/example_latest_only_with_trigger.py
[2026-03-03T01:09:49.334+0000] {logging_mixin.py:149} INFO - [2026-03-03T01:09:49.333+0000] {dag.py:2726} INFO - Sync 1 DAGs
[2026-03-03T01:09:49.413+0000] {logging_mixin.py:149} INFO - [2026-03-03T01:09:49.412+0000] {dag.py:3490} INFO - Setting next_dagrun for latest_only_with_trigger to 2026-03-02T21:09:49.412424+00:00, run_after=2026-03-03T01:09:49.412424+00:00
[2026-03-03T01:09:49.479+0000] {processor.py:178} INFO - Processing /home/airflow/.local/lib/python3.7/site-packages/airflow/example_dags/example_latest_only_with_trigger.py took 0.243 seconds
[2026-03-03T01:10:20.302+0000] {processor.py:156} INFO - Started process (PID=434) to work on /home/airflow/.local/lib/python3.7/site-packages/airflow/example_dags/example_latest_only_with_trigger.py
[2026-03-03T01:10:20.305+0000] {processor.py:799} INFO - Processing file /home/airflow/.local/lib/python3.7/site-packages/airflow/example_dags/example_latest_only_with_trigger.py for tasks to queue
[2026-03-03T01:10:20.307+0000] {logging_mixin.py:149} INFO - [2026-03-03T01:10:20.307+0000] {dagbag.py:541} INFO - Filling up the DagBag from /home/airflow/.local/lib/python3.7/site-packages/airflow/example_dags/example_latest_only_with_trigger.py
[2026-03-03T01:10:20.322+0000] {processor.py:809} INFO - DAG(s) dict_keys(['latest_only_with_trigger']) retrieved from /home/airflow/.local/lib/python3.7/site-packages/airflow/example_dags/example_latest_only_with_trigger.py
[2026-03-03T01:10:20.388+0000] {logging_mixin.py:149} INFO - [2026-03-03T01:10:20.387+0000] {dag.py:2726} INFO - Sync 1 DAGs
[2026-03-03T01:10:20.456+0000] {logging_mixin.py:149} INFO - [2026-03-03T01:10:20.456+0000] {dag.py:3490} INFO - Setting next_dagrun for latest_only_with_trigger to 2026-03-02T21:10:20.455631+00:00, run_after=2026-03-03T01:10:20.455631+00:00
[2026-03-03T01:10:20.514+0000] {processor.py:178} INFO - Processing /home/airflow/.local/lib/python3.7/site-packages/airflow/example_dags/example_latest_only_with_trigger.py took 0.221 seconds
[2026-03-03T01:10:51.148+0000] {processor.py:156} INFO - Started process (PID=496) to work on /home/airflow/.local/lib/python3.7/site-packages/airflow/example_dags/example_latest_only_with_trigger.py
[2026-03-03T01:10:51.152+0000] {processor.py:799} INFO - Processing file /home/airflow/.local/lib/python3.7/site-packages/airflow/example_dags/example_latest_only_with_trigger.py for tasks to queue
[2026-03-03T01:10:51.153+0000] {logging_mixin.py:149} INFO - [2026-03-03T01:10:51.152+0000] {dagbag.py:541} INFO - Filling up the DagBag from /home/airflow/.local/lib/python3.7/site-packages/airflow/example_dags/example_latest_only_with_trigger.py
[2026-03-03T01:10:51.163+0000] {processor.py:809} INFO - DAG(s) dict_keys(['latest_only_with_trigger']) retrieved from /home/airflow/.local/lib/python3.7/site-packages/airflow/example_dags/example_latest_only_with_trigger.py
[2026-03-03T01:10:51.211+0000] {logging_mixin.py:149} INFO - [2026-03-03T01:10:51.211+0000] {dag.py:2726} INFO - Sync 1 DAGs
[2026-03-03T01:10:51.267+0000] {logging_mixin.py:149} INFO - [2026-03-03T01:10:51.266+0000] {dag.py:3490} INFO - Setting next_dagrun for latest_only_with_trigger to 2026-03-02T21:10:51.266602+00:00, run_after=2026-03-03T01:10:51.266602+00:00
[2026-03-03T01:10:51.312+0000] {processor.py:178} INFO - Processing /home/airflow/.local/lib/python3.7/site-packages/airflow/example_dags/example_latest_only_with_trigger.py took 0.171 seconds
[2026-03-03T01:11:21.996+0000] {processor.py:156} INFO - Started process (PID=558) to work on /home/airflow/.local/lib/python3.7/site-packages/airflow/example_dags/example_latest_only_with_trigger.py
[2026-03-03T01:11:21.997+0000] {processor.py:799} INFO - Processing file /home/airflow/.local/lib/python3.7/site-packages/airflow/example_dags/example_latest_only_with_trigger.py for tasks to queue
[2026-03-03T01:11:21.998+0000] {logging_mixin.py:149} INFO - [2026-03-03T01:11:21.998+0000] {dagbag.py:541} INFO - Filling up the DagBag from /home/airflow/.local/lib/python3.7/site-packages/airflow/example_dags/example_latest_only_with_trigger.py
[2026-03-03T01:11:22.001+0000] {processor.py:809} INFO - DAG(s) dict_keys(['latest_only_with_trigger']) retrieved from /home/airflow/.local/lib/python3.7/site-packages/airflow/example_dags/example_latest_only_with_trigger.py
[2026-03-03T01:11:22.014+0000] {logging_mixin.py:149} INFO - [2026-03-03T01:11:22.014+0000] {dag.py:2726} INFO - Sync 1 DAGs
[2026-03-03T01:11:22.026+0000] {logging_mixin.py:149} INFO - [2026-03-03T01:11:22.026+0000] {dag.py:3490} INFO - Setting next_dagrun for latest_only_with_trigger to 2026-03-02T21:11:22.025932+00:00, run_after=2026-03-03T01:11:22.025932+00:00
[2026-03-03T01:11:22.033+0000] {processor.py:178} INFO - Processing /home/airflow/.local/lib/python3.7/site-packages/airflow/example_dags/example_latest_only_with_trigger.py took 0.039 seconds
[2026-03-03T01:11:53.234+0000] {processor.py:156} INFO - Started process (PID=620) to work on /home/airflow/.local/lib/python3.7/site-packages/airflow/example_dags/example_latest_only_with_trigger.py
[2026-03-03T01:11:53.237+0000] {processor.py:799} INFO - Processing file /home/airflow/.local/lib/python3.7/site-packages/airflow/example_dags/example_latest_only_with_trigger.py for tasks to queue
[2026-03-03T01:11:53.242+0000] {logging_mixin.py:149} INFO - [2026-03-03T01:11:53.241+0000] {dagbag.py:541} INFO - Filling up the DagBag from /home/airflow/.local/lib/python3.7/site-packages/airflow/example_dags/example_latest_only_with_trigger.py
[2026-03-03T01:11:53.267+0000] {processor.py:809} INFO - DAG(s) dict_keys(['latest_only_with_trigger']) retrieved from /home/airflow/.local/lib/python3.7/site-packages/airflow/example_dags/example_latest_only_with_trigger.py
[2026-03-03T01:11:53.328+0000] {logging_mixin.py:149} INFO - [2026-03-03T01:11:53.328+0000] {dag.py:2726} INFO - Sync 1 DAGs
[2026-03-03T01:11:53.395+0000] {logging_mixin.py:149} INFO - [2026-03-03T01:11:53.394+0000] {dag.py:3490} INFO - Setting next_dagrun for latest_only_with_trigger to 2026-03-02T21:11:53.394148+00:00, run_after=2026-03-03T01:11:53.394148+00:00
[2026-03-03T01:11:53.456+0000] {processor.py:178} INFO - Processing /home/airflow/.local/lib/python3.7/site-packages/airflow/example_dags/example_latest_only_with_trigger.py took 0.230 seconds
[2026-03-03T01:12:24.016+0000] {processor.py:156} INFO - Started process (PID=682) to work on /home/airflow/.local/lib/python3.7/site-packages/airflow/example_dags/example_latest_only_with_trigger.py
[2026-03-03T01:12:24.018+0000] {processor.py:799} INFO - Processing file /home/airflow/.local/lib/python3.7/site-packages/airflow/example_dags/example_latest_only_with_trigger.py for tasks to queue
[2026-03-03T01:12:24.019+0000] {logging_mixin.py:149} INFO - [2026-03-03T01:12:24.019+0000] {dagbag.py:541} INFO - Filling up the DagBag from /home/airflow/.local/lib/python3.7/site-packages/airflow/example_dags/example_latest_only_with_trigger.py
[2026-03-03T01:12:24.032+0000] {processor.py:809} INFO - DAG(s) dict_keys(['latest_only_with_trigger']) retrieved from /home/airflow/.local/lib/python3.7/site-packages/airflow/example_dags/example_latest_only_with_trigger.py
[2026-03-03T01:12:24.080+0000] {logging_mixin.py:149} INFO - [2026-03-03T01:12:24.079+0000] {dag.py:2726} INFO - Sync 1 DAGs
[2026-03-03T01:12:24.131+0000] {logging_mixin.py:149} INFO - [2026-03-03T01:12:24.131+0000] {dag.py:3490} INFO - Setting next_dagrun for latest_only_with_trigger to 2026-03-02T21:12:24.131124+00:00, run_after=2026-03-03T01:12:24.131124+00:00
[2026-03-03T01:12:24.178+0000] {processor.py:178} INFO - Processing /home/airflow/.local/lib/python3.7/site-packages/airflow/example_dags/example_latest_only_with_trigger.py took 0.168 seconds
[2026-03-03T01:12:55.047+0000] {processor.py:156} INFO - Started process (PID=744) to work on /home/airflow/.local/lib/python3.7/site-packages/airflow/example_dags/example_latest_only_with_trigger.py
[2026-03-03T01:12:55.048+0000] {processor.py:799} INFO - Processing file /home/airflow/.local/lib/python3.7/site-packages/airflow/example_dags/example_latest_only_with_trigger.py for tasks to queue
[2026-03-03T01:12:55.048+0000] {logging_mixin.py:149} INFO - [2026-03-03T01:12:55.048+0000] {dagbag.py:541} INFO - Filling up the DagBag from /home/airflow/.local/lib/python3.7/site-packages/airflow/example_dags/example_latest_only_with_trigger.py
[2026-03-03T01:12:55.051+0000] {processor.py:809} INFO - DAG(s) dict_keys(['latest_only_with_trigger']) retrieved from /home/airflow/.local/lib/python3.7/site-packages/airflow/example_dags/example_latest_only_with_trigger.py
[2026-03-03T01:12:55.066+0000] {logging_mixin.py:149} INFO - [2026-03-03T01:12:55.066+0000] {dag.py:2726} INFO - Sync 1 DAGs
[2026-03-03T01:12:55.078+0000] {logging_mixin.py:149} INFO - [2026-03-03T01:12:55.078+0000] {dag.py:3490} INFO - Setting next_dagrun for latest_only_with_trigger to 2026-03-02T21:12:55.078748+00:00, run_after=2026-03-03T01:12:55.078748+00:00
[2026-03-03T01:12:55.088+0000] {processor.py:178} INFO - Processing /home/airflow/.local/lib/python3.7/site-packages/airflow/example_dags/example_latest_only_with_trigger.py took 0.044 seconds
[2026-03-03T01:13:25.501+0000] {processor.py:156} INFO - Started process (PID=806) to work on /home/airflow/.local/lib/python3.7/site-packages/airflow/example_dags/example_latest_only_with_trigger.py
[2026-03-03T01:13:25.501+0000] {processor.py:799} INFO - Processing file /home/airflow/.local/lib/python3.7/site-packages/airflow/example_dags/example_latest_only_with_trigger.py for tasks to queue
[2026-03-03T01:13:25.502+0000] {logging_mixin.py:149} INFO - [2026-03-03T01:13:25.502+0000] {dagbag.py:541} INFO - Filling up the DagBag from /home/airflow/.local/lib/python3.7/site-packages/airflow/example_dags/example_latest_only_with_trigger.py
[2026-03-03T01:13:25.507+0000] {processor.py:809} INFO - DAG(s) dict_keys(['latest_only_with_trigger']) retrieved from /home/airflow/.local/lib/python3.7/site-packages/airflow/example_dags/example_latest_only_with_trigger.py
[2026-03-03T01:13:25.523+0000] {logging_mixin.py:149} INFO - [2026-03-03T01:13:25.523+0000] {dag.py:2726} INFO - Sync 1 DAGs
[2026-03-03T01:13:25.535+0000] {logging_mixin.py:149} INFO - [2026-03-03T01:13:25.535+0000] {dag.py:3490} INFO - Setting next_dagrun for latest_only_with_trigger to 2026-03-02T21:13:25.535579+00:00, run_after=2026-03-03T01:13:25.535579+00:00
[2026-03-03T01:13:25.544+0000] {processor.py:178} INFO - Processing /home/airflow/.local/lib/python3.7/site-packages/airflow/example_dags/example_latest_only_with_trigger.py took 0.048 seconds
[2026-03-03T01:13:56.204+0000] {processor.py:156} INFO - Started process (PID=868) to work on /home/airflow/.local/lib/python3.7/site-packages/airflow/example_dags/example_latest_only_with_trigger.py
[2026-03-03T01:13:56.205+0000] {processor.py:799} INFO - Processing file /home/airflow/.local/lib/python3.7/site-packages/airflow/example_dags/example_latest_only_with_trigger.py for tasks to queue
[2026-03-03T01:13:56.205+0000] {logging_mixin.py:149} INFO - [2026-03-03T01:13:56.205+0000] {dagbag.py:541} INFO - Filling up the DagBag from /home/airflow/.local/lib/python3.7/site-packages/airflow/example_dags/example_latest_only_with_trigger.py
[2026-03-03T01:13:56.210+0000] {processor.py:809} INFO - DAG(s) dict_keys(['latest_only_with_trigger']) retrieved from /home/airflow/.local/lib/python3.7/site-packages/airflow/example_dags/example_latest_only_with_trigger.py
[2026-03-03T01:13:56.225+0000] {logging_mixin.py:149} INFO - [2026-03-03T01:13:56.225+0000] {dag.py:2726} INFO - Sync 1 DAGs
[2026-03-03T01:13:56.238+0000] {logging_mixin.py:149} INFO - [2026-03-03T01:13:56.238+0000] {dag.py:3490} INFO - Setting next_dagrun for latest_only_with_trigger to 2026-03-02T21:13:56.238146+00:00, run_after=2026-03-03T01:13:56.238146+00:00
[2026-03-03T01:13:56.249+0000] {processor.py:178} INFO - Processing /home/airflow/.local/lib/python3.7/site-packages/airflow/example_dags/example_latest_only_with_trigger.py took 0.047 seconds
[2026-03-03T01:14:26.955+0000] {processor.py:156} INFO - Started process (PID=930) to work on /home/airflow/.local/lib/python3.7/site-packages/airflow/example_dags/example_latest_only_with_trigger.py
[2026-03-03T01:14:26.955+0000] {processor.py:799} INFO - Processing file /home/airflow/.local/lib/python3.7/site-packages/airflow/example_dags/example_latest_only_with_trigger.py for tasks to queue
[2026-03-03T01:14:26.956+0000] {logging_mixin.py:149} INFO - [2026-03-03T01:14:26.956+0000] {dagbag.py:541} INFO - Filling up the DagBag from /home/airflow/.local/lib/python3.7/site-packages/airflow/example_dags/example_latest_only_with_trigger.py
[2026-03-03T01:14:26.960+0000] {processor.py:809} INFO - DAG(s) dict_keys(['latest_only_with_trigger']) retrieved from /home/airflow/.local/lib/python3.7/site-packages/airflow/example_dags/example_latest_only_with_trigger.py
[2026-03-03T01:14:26.979+0000] {logging_mixin.py:149} INFO - [2026-03-03T01:14:26.979+0000] {dag.py:2726} INFO - Sync 1 DAGs
[2026-03-03T01:14:26.997+0000] {logging_mixin.py:149} INFO - [2026-03-03T01:14:26.997+0000] {dag.py:3490} INFO - Setting next_dagrun for latest_only_with_trigger to 2026-03-02T21:14:26.996748+00:00, run_after=2026-03-03T01:14:26.996748+00:00
[2026-03-03T01:14:27.008+0000] {processor.py:178} INFO - Processing /home/airflow/.local/lib/python3.7/site-packages/airflow/example_dags/example_latest_only_with_trigger.py took 0.056 seconds
[2026-03-03T01:14:57.407+0000] {processor.py:156} INFO - Started process (PID=992) to work on /home/airflow/.local/lib/python3.7/site-packages/airflow/example_dags/example_latest_only_with_trigger.py
[2026-03-03T01:14:57.410+0000] {processor.py:799} INFO - Processing file /home/airflow/.local/lib/python3.7/site-packages/airflow/example_dags/example_latest_only_with_trigger.py for tasks to queue
[2026-03-03T01:14:57.412+0000] {logging_mixin.py:149} INFO - [2026-03-03T01:14:57.411+0000] {dagbag.py:541} INFO - Filling up the DagBag from /home/airflow/.local/lib/python3.7/site-packages/airflow/example_dags/example_latest_only_with_trigger.py
[2026-03-03T01:14:57.427+0000] {processor.py:809} INFO - DAG(s) dict_keys(['latest_only_with_trigger']) retrieved from /home/airflow/.local/lib/python3.7/site-packages/airflow/example_dags/example_latest_only_with_trigger.py
[2026-03-03T01:14:57.507+0000] {logging_mixin.py:149} INFO - [2026-03-03T01:14:57.507+0000] {dag.py:2726} INFO - Sync 1 DAGs
[2026-03-03T01:14:57.574+0000] {logging_mixin.py:149} INFO - [2026-03-03T01:14:57.574+0000] {dag.py:3490} INFO - Setting next_dagrun for latest_only_with_trigger to 2026-03-02T21:14:57.574068+00:00, run_after=2026-03-03T01:14:57.574068+00:00
[2026-03-03T01:14:57.639+0000] {processor.py:178} INFO - Processing /home/airflow/.local/lib/python3.7/site-packages/airflow/example_dags/example_latest_only_with_trigger.py took 0.242 seconds
[2026-03-03T01:15:28.343+0000] {processor.py:156} INFO - Started process (PID=1054) to work on /home/airflow/.local/lib/python3.7/site-packages/airflow/example_dags/example_latest_only_with_trigger.py
[2026-03-03T01:15:28.344+0000] {processor.py:799} INFO - Processing file /home/airflow/.local/lib/python3.7/site-packages/airflow/example_dags/example_latest_only_with_trigger.py for tasks to queue
[2026-03-03T01:15:28.345+0000] {logging_mixin.py:149} INFO - [2026-03-03T01:15:28.345+0000] {dagbag.py:541} INFO - Filling up the DagBag from /home/airflow/.local/lib/python3.7/site-packages/airflow/example_dags/example_latest_only_with_trigger.py
[2026-03-03T01:15:28.352+0000] {processor.py:809} INFO - DAG(s) dict_keys(['latest_only_with_trigger']) retrieved from /home/airflow/.local/lib/python3.7/site-packages/airflow/example_dags/example_latest_only_with_trigger.py
[2026-03-03T01:15:28.371+0000] {logging_mixin.py:149} INFO - [2026-03-03T01:15:28.371+0000] {dag.py:2726} INFO - Sync 1 DAGs
[2026-03-03T01:15:28.386+0000] {logging_mixin.py:149} INFO - [2026-03-03T01:15:28.385+0000] {dag.py:3490} INFO - Setting next_dagrun for latest_only_with_trigger to 2026-03-02T21:15:28.385818+00:00, run_after=2026-03-03T01:15:28.385818+00:00
[2026-03-03T01:15:28.396+0000] {processor.py:178} INFO - Processing /home/airflow/.local/lib/python3.7/site-packages/airflow/example_dags/example_latest_only_with_trigger.py took 0.057 seconds
[2026-03-03T01:15:59.125+0000] {processor.py:156} INFO - Started process (PID=1115) to work on /home/airflow/.local/lib/python3.7/site-packages/airflow/example_dags/example_latest_only_with_trigger.py
[2026-03-03T01:15:59.126+0000] {processor.py:799} INFO - Processing file /home/airflow/.local/lib/python3.7/site-packages/airflow/example_dags/example_latest_only_with_trigger.py for tasks to queue
[2026-03-03T01:15:59.126+0000] {logging_mixin.py:149} INFO - [2026-03-03T01:15:59.126+0000] {dagbag.py:541} INFO - Filling up the DagBag from /home/airflow/.local/lib/python3.7/site-packages/airflow/example_dags/example_latest_only_with_trigger.py
[2026-03-03T01:15:59.132+0000] {processor.py:809} INFO - DAG(s) dict_keys(['latest_only_with_trigger']) retrieved from /home/airflow/.local/lib/python3.7/site-packages/airflow/example_dags/example_latest_only_with_trigger.py
[2026-03-03T01:15:59.151+0000] {logging_mixin.py:149} INFO - [2026-03-03T01:15:59.151+0000] {dag.py:2726} INFO - Sync 1 DAGs
[2026-03-03T01:15:59.167+0000] {logging_mixin.py:149} INFO - [2026-03-03T01:15:59.167+0000] {dag.py:3490} INFO - Setting next_dagrun for latest_only_with_trigger to 2026-03-02T21:15:59.167005+00:00, run_after=2026-03-03T01:15:59.167005+00:00
[2026-03-03T01:15:59.178+0000] {processor.py:178} INFO - Processing /home/airflow/.local/lib/python3.7/site-packages/airflow/example_dags/example_latest_only_with_trigger.py took 0.057 seconds
[2026-03-03T01:16:29.789+0000] {processor.py:156} INFO - Started process (PID=1177) to work on /home/airflow/.local/lib/python3.7/site-packages/airflow/example_dags/example_latest_only_with_trigger.py
[2026-03-03T01:16:29.792+0000] {processor.py:799} INFO - Processing file /home/airflow/.local/lib/python3.7/site-packages/airflow/example_dags/example_latest_only_with_trigger.py for tasks to queue
[2026-03-03T01:16:29.795+0000] {logging_mixin.py:149} INFO - [2026-03-03T01:16:29.794+0000] {dagbag.py:541} INFO - Filling up the DagBag from /home/airflow/.local/lib/python3.7/site-packages/airflow/example_dags/example_latest_only_with_trigger.py
[2026-03-03T01:16:29.819+0000] {processor.py:809} INFO - DAG(s) dict_keys(['latest_only_with_trigger']) retrieved from /home/airflow/.local/lib/python3.7/site-packages/airflow/example_dags/example_latest_only_with_trigger.py
[2026-03-03T01:16:29.881+0000] {logging_mixin.py:149} INFO - [2026-03-03T01:16:29.881+0000] {dag.py:2726} INFO - Sync 1 DAGs
[2026-03-03T01:16:29.945+0000] {logging_mixin.py:149} INFO - [2026-03-03T01:16:29.945+0000] {dag.py:3490} INFO - Setting next_dagrun for latest_only_with_trigger to 2026-03-02T21:16:29.944583+00:00, run_after=2026-03-03T01:16:29.944583+00:00
[2026-03-03T01:16:29.993+0000] {processor.py:178} INFO - Processing /home/airflow/.local/lib/python3.7/site-packages/airflow/example_dags/example_latest_only_with_trigger.py took 0.213 seconds
[2026-03-03T01:17:00.492+0000] {processor.py:156} INFO - Started process (PID=1239) to work on /home/airflow/.local/lib/python3.7/site-packages/airflow/example_dags/example_latest_only_with_trigger.py
[2026-03-03T01:17:00.495+0000] {processor.py:799} INFO - Processing file /home/airflow/.local/lib/python3.7/site-packages/airflow/example_dags/example_latest_only_with_trigger.py for tasks to queue
[2026-03-03T01:17:00.496+0000] {logging_mixin.py:149} INFO - [2026-03-03T01:17:00.496+0000] {dagbag.py:541} INFO - Filling up the DagBag from /home/airflow/.local/lib/python3.7/site-packages/airflow/example_dags/example_latest_only_with_trigger.py
[2026-03-03T01:17:00.510+0000] {processor.py:809} INFO - DAG(s) dict_keys(['latest_only_with_trigger']) retrieved from /home/airflow/.local/lib/python3.7/site-packages/airflow/example_dags/example_latest_only_with_trigger.py
[2026-03-03T01:17:00.551+0000] {logging_mixin.py:149} INFO - [2026-03-03T01:17:00.551+0000] {dag.py:2726} INFO - Sync 1 DAGs
[2026-03-03T01:17:00.599+0000] {logging_mixin.py:149} INFO - [2026-03-03T01:17:00.598+0000] {dag.py:3490} INFO - Setting next_dagrun for latest_only_with_trigger to 2026-03-02T21:17:00.598548+00:00, run_after=2026-03-03T01:17:00.598548+00:00
[2026-03-03T01:17:00.634+0000] {processor.py:178} INFO - Processing /home/airflow/.local/lib/python3.7/site-packages/airflow/example_dags/example_latest_only_with_trigger.py took 0.147 seconds
[2026-03-03T01:17:30.758+0000] {processor.py:156} INFO - Started process (PID=1301) to work on /home/airflow/.local/lib/python3.7/site-packages/airflow/example_dags/example_latest_only_with_trigger.py
[2026-03-03T01:17:30.759+0000] {processor.py:799} INFO - Processing file /home/airflow/.local/lib/python3.7/site-packages/airflow/example_dags/example_latest_only_with_trigger.py for tasks to queue
[2026-03-03T01:17:30.759+0000] {logging_mixin.py:149} INFO - [2026-03-03T01:17:30.759+0000] {dagbag.py:541} INFO - Filling up the DagBag from /home/airflow/.local/lib/python3.7/site-packages/airflow/example_dags/example_latest_only_with_trigger.py
[2026-03-03T01:17:30.763+0000] {processor.py:809} INFO - DAG(s) dict_keys(['latest_only_with_trigger']) retrieved from /home/airflow/.local/lib/python3.7/site-packages/airflow/example_dags/example_latest_only_with_trigger.py
[2026-03-03T01:17:30.777+0000] {logging_mixin.py:149} INFO - [2026-03-03T01:17:30.777+0000] {dag.py:2726} INFO - Sync 1 DAGs
[2026-03-03T01:17:30.789+0000] {logging_mixin.py:149} INFO - [2026-03-03T01:17:30.789+0000] {dag.py:3490} INFO - Setting next_dagrun for latest_only_with_trigger to 2026-03-02T21:17:30.789276+00:00, run_after=2026-03-03T01:17:30.789276+00:00
[2026-03-03T01:17:30.800+0000] {processor.py:178} INFO - Processing /home/airflow/.local/lib/python3.7/site-packages/airflow/example_dags/example_latest_only_with_trigger.py took 0.046 seconds
[2026-03-03T01:18:01.746+0000] {processor.py:156} INFO - Started process (PID=1363) to work on /home/airflow/.local/lib/python3.7/site-packages/airflow/example_dags/example_latest_only_with_trigger.py
[2026-03-03T01:18:01.747+0000] {processor.py:799} INFO - Processing file /home/airflow/.local/lib/python3.7/site-packages/airflow/example_dags/example_latest_only_with_trigger.py for tasks to queue
[2026-03-03T01:18:01.748+0000] {logging_mixin.py:149} INFO - [2026-03-03T01:18:01.748+0000] {dagbag.py:541} INFO - Filling up the DagBag from /home/airflow/.local/lib/python3.7/site-packages/airflow/example_dags/example_latest_only_with_trigger.py
[2026-03-03T01:18:01.754+0000] {processor.py:809} INFO - DAG(s) dict_keys(['latest_only_with_trigger']) retrieved from /home/airflow/.local/lib/python3.7/site-packages/airflow/example_dags/example_latest_only_with_trigger.py
[2026-03-03T01:18:01.772+0000] {logging_mixin.py:149} INFO - [2026-03-03T01:18:01.772+0000] {dag.py:2726} INFO - Sync 1 DAGs
[2026-03-03T01:18:01.789+0000] {logging_mixin.py:149} INFO - [2026-03-03T01:18:01.789+0000] {dag.py:3490} INFO - Setting next_dagrun for latest_only_with_trigger to 2026-03-02T21:18:01.789016+00:00, run_after=2026-03-03T01:18:01.789016+00:00
[2026-03-03T01:18:01.799+0000] {processor.py:178} INFO - Processing /home/airflow/.local/lib/python3.7/site-packages/airflow/example_dags/example_latest_only_with_trigger.py took 0.057 seconds
[2026-03-03T01:18:31.876+0000] {processor.py:156} INFO - Started process (PID=1425) to work on /home/airflow/.local/lib/python3.7/site-packages/airflow/example_dags/example_latest_only_with_trigger.py
[2026-03-03T01:18:31.878+0000] {processor.py:799} INFO - Processing file /home/airflow/.local/lib/python3.7/site-packages/airflow/example_dags/example_latest_only_with_trigger.py for tasks to queue
[2026-03-03T01:18:31.879+0000] {logging_mixin.py:149} INFO - [2026-03-03T01:18:31.879+0000] {dagbag.py:541} INFO - Filling up the DagBag from /home/airflow/.local/lib/python3.7/site-packages/airflow/example_dags/example_latest_only_with_trigger.py
[2026-03-03T01:18:31.892+0000] {processor.py:809} INFO - DAG(s) dict_keys(['latest_only_with_trigger']) retrieved from /home/airflow/.local/lib/python3.7/site-packages/airflow/example_dags/example_latest_only_with_trigger.py
[2026-03-03T01:18:31.946+0000] {logging_mixin.py:149} INFO - [2026-03-03T01:18:31.945+0000] {dag.py:2726} INFO - Sync 1 DAGs
[2026-03-03T01:18:31.999+0000] {logging_mixin.py:149} INFO - [2026-03-03T01:18:31.999+0000] {dag.py:3490} INFO - Setting next_dagrun for latest_only_with_trigger to 2026-03-02T21:18:31.999170+00:00, run_after=2026-03-03T01:18:31.999170+00:00
[2026-03-03T01:18:32.050+0000] {processor.py:178} INFO - Processing /home/airflow/.local/lib/python3.7/site-packages/airflow/example_dags/example_latest_only_with_trigger.py took 0.181 seconds
[2026-03-03T01:19:02.215+0000] {processor.py:156} INFO - Started process (PID=1487) to work on /home/airflow/.local/lib/python3.7/site-packages/airflow/example_dags/example_latest_only_with_trigger.py
[2026-03-03T01:19:02.217+0000] {processor.py:799} INFO - Processing file /home/airflow/.local/lib/python3.7/site-packages/airflow/example_dags/example_latest_only_with_trigger.py for tasks to queue
[2026-03-03T01:19:02.219+0000] {logging_mixin.py:149} INFO - [2026-03-03T01:19:02.219+0000] {dagbag.py:541} INFO - Filling up the DagBag from /home/airflow/.local/lib/python3.7/site-packages/airflow/example_dags/example_latest_only_with_trigger.py
[2026-03-03T01:19:02.231+0000] {processor.py:809} INFO - DAG(s) dict_keys(['latest_only_with_trigger']) retrieved from /home/airflow/.local/lib/python3.7/site-packages/airflow/example_dags/example_latest_only_with_trigger.py
[2026-03-03T01:19:02.276+0000] {logging_mixin.py:149} INFO - [2026-03-03T01:19:02.276+0000] {dag.py:2726} INFO - Sync 1 DAGs
[2026-03-03T01:19:02.328+0000] {logging_mixin.py:149} INFO - [2026-03-03T01:19:02.328+0000] {dag.py:3490} INFO - Setting next_dagrun for latest_only_with_trigger to 2026-03-02T21:19:02.327752+00:00, run_after=2026-03-03T01:19:02.327752+00:00
[2026-03-03T01:19:02.371+0000] {processor.py:178} INFO - Processing /home/airflow/.local/lib/python3.7/site-packages/airflow/example_dags/example_latest_only_with_trigger.py took 0.161 seconds
[2026-03-03T01:19:33.060+0000] {processor.py:156} INFO - Started process (PID=1549) to work on /home/airflow/.local/lib/python3.7/site-packages/airflow/example_dags/example_latest_only_with_trigger.py
[2026-03-03T01:19:33.061+0000] {processor.py:799} INFO - Processing file /home/airflow/.local/lib/python3.7/site-packages/airflow/example_dags/example_latest_only_with_trigger.py for tasks to queue
[2026-03-03T01:19:33.061+0000] {logging_mixin.py:149} INFO - [2026-03-03T01:19:33.061+0000] {dagbag.py:541} INFO - Filling up the DagBag from /home/airflow/.local/lib/python3.7/site-packages/airflow/example_dags/example_latest_only_with_trigger.py
[2026-03-03T01:19:33.065+0000] {processor.py:809} INFO - DAG(s) dict_keys(['latest_only_with_trigger']) retrieved from /home/airflow/.local/lib/python3.7/site-packages/airflow/example_dags/example_latest_only_with_trigger.py
[2026-03-03T01:19:33.079+0000] {logging_mixin.py:149} INFO - [2026-03-03T01:19:33.078+0000] {dag.py:2726} INFO - Sync 1 DAGs
[2026-03-03T01:19:33.089+0000] {logging_mixin.py:149} INFO - [2026-03-03T01:19:33.089+0000] {dag.py:3490} INFO - Setting next_dagrun for latest_only_with_trigger to 2026-03-02T21:19:33.089139+00:00, run_after=2026-03-03T01:19:33.089139+00:00
[2026-03-03T01:19:33.098+0000] {processor.py:178} INFO - Processing /home/airflow/.local/lib/python3.7/site-packages/airflow/example_dags/example_latest_only_with_trigger.py took 0.040 seconds
[2026-03-03T01:20:03.740+0000] {processor.py:156} INFO - Started process (PID=1611) to work on /home/airflow/.local/lib/python3.7/site-packages/airflow/example_dags/example_latest_only_with_trigger.py
[2026-03-03T01:20:03.741+0000] {processor.py:799} INFO - Processing file /home/airflow/.local/lib/python3.7/site-packages/airflow/example_dags/example_latest_only_with_trigger.py for tasks to queue
[2026-03-03T01:20:03.741+0000] {logging_mixin.py:149} INFO - [2026-03-03T01:20:03.741+0000] {dagbag.py:541} INFO - Filling up the DagBag from /home/airflow/.local/lib/python3.7/site-packages/airflow/example_dags/example_latest_only_with_trigger.py
[2026-03-03T01:20:03.745+0000] {processor.py:809} INFO - DAG(s) dict_keys(['latest_only_with_trigger']) retrieved from /home/airflow/.local/lib/python3.7/site-packages/airflow/example_dags/example_latest_only_with_trigger.py
[2026-03-03T01:20:03.758+0000] {logging_mixin.py:149} INFO - [2026-03-03T01:20:03.758+0000] {dag.py:2726} INFO - Sync 1 DAGs
[2026-03-03T01:20:03.770+0000] {logging_mixin.py:149} INFO - [2026-03-03T01:20:03.770+0000] {dag.py:3490} INFO - Setting next_dagrun for latest_only_with_trigger to 2026-03-02T21:20:03.770191+00:00, run_after=2026-03-03T01:20:03.770191+00:00
[2026-03-03T01:20:03.778+0000] {processor.py:178} INFO - Processing /home/airflow/.local/lib/python3.7/site-packages/airflow/example_dags/example_latest_only_with_trigger.py took 0.040 seconds
[2026-03-03T01:20:34.437+0000] {processor.py:156} INFO - Started process (PID=1673) to work on /home/airflow/.local/lib/python3.7/site-packages/airflow/example_dags/example_latest_only_with_trigger.py
[2026-03-03T01:20:34.438+0000] {processor.py:799} INFO - Processing file /home/airflow/.local/lib/python3.7/site-packages/airflow/example_dags/example_latest_only_with_trigger.py for tasks to queue
[2026-03-03T01:20:34.438+0000] {logging_mixin.py:149} INFO - [2026-03-03T01:20:34.438+0000] {dagbag.py:541} INFO - Filling up the DagBag from /home/airflow/.local/lib/python3.7/site-packages/airflow/example_dags/example_latest_only_with_trigger.py
[2026-03-03T01:20:34.442+0000] {processor.py:809} INFO - DAG(s) dict_keys(['latest_only_with_trigger']) retrieved from /home/airflow/.local/lib/python3.7/site-packages/airflow/example_dags/example_latest_only_with_trigger.py
[2026-03-03T01:20:34.454+0000] {logging_mixin.py:149} INFO - [2026-03-03T01:20:34.454+0000] {dag.py:2726} INFO - Sync 1 DAGs
[2026-03-03T01:20:34.467+0000] {logging_mixin.py:149} INFO - [2026-03-03T01:20:34.466+0000] {dag.py:3490} INFO - Setting next_dagrun for latest_only_with_trigger to 2026-03-02T21:20:34.466814+00:00, run_after=2026-03-03T01:20:34.466814+00:00
[2026-03-03T01:20:34.476+0000] {processor.py:178} INFO - Processing /home/airflow/.local/lib/python3.7/site-packages/airflow/example_dags/example_latest_only_with_trigger.py took 0.041 seconds
[2026-03-03T01:21:05.099+0000] {processor.py:156} INFO - Started process (PID=1735) to work on /home/airflow/.local/lib/python3.7/site-packages/airflow/example_dags/example_latest_only_with_trigger.py
[2026-03-03T01:21:05.100+0000] {processor.py:799} INFO - Processing file /home/airflow/.local/lib/python3.7/site-packages/airflow/example_dags/example_latest_only_with_trigger.py for tasks to queue
[2026-03-03T01:21:05.100+0000] {logging_mixin.py:149} INFO - [2026-03-03T01:21:05.100+0000] {dagbag.py:541} INFO - Filling up the DagBag from /home/airflow/.local/lib/python3.7/site-packages/airflow/example_dags/example_latest_only_with_trigger.py
[2026-03-03T01:21:05.104+0000] {processor.py:809} INFO - DAG(s) dict_keys(['latest_only_with_trigger']) retrieved from /home/airflow/.local/lib/python3.7/site-packages/airflow/example_dags/example_latest_only_with_trigger.py
[2026-03-03T01:21:05.117+0000] {logging_mixin.py:149} INFO - [2026-03-03T01:21:05.117+0000] {dag.py:2726} INFO - Sync 1 DAGs
[2026-03-03T01:21:05.131+0000] {logging_mixin.py:149} INFO - [2026-03-03T01:21:05.130+0000] {dag.py:3490} INFO - Setting next_dagrun for latest_only_with_trigger to 2026-03-02T21:21:05.130789+00:00, run_after=2026-03-03T01:21:05.130789+00:00
[2026-03-03T01:21:05.140+0000] {processor.py:178} INFO - Processing /home/airflow/.local/lib/python3.7/site-packages/airflow/example_dags/example_latest_only_with_trigger.py took 0.042 seconds
[2026-03-03T01:21:35.783+0000] {processor.py:156} INFO - Started process (PID=1797) to work on /home/airflow/.local/lib/python3.7/site-packages/airflow/example_dags/example_latest_only_with_trigger.py
[2026-03-03T01:21:35.783+0000] {processor.py:799} INFO - Processing file /home/airflow/.local/lib/python3.7/site-packages/airflow/example_dags/example_latest_only_with_trigger.py for tasks to queue
[2026-03-03T01:21:35.783+0000] {logging_mixin.py:149} INFO - [2026-03-03T01:21:35.783+0000] {dagbag.py:541} INFO - Filling up the DagBag from /home/airflow/.local/lib/python3.7/site-packages/airflow/example_dags/example_latest_only_with_trigger.py
[2026-03-03T01:21:35.788+0000] {processor.py:809} INFO - DAG(s) dict_keys(['latest_only_with_trigger']) retrieved from /home/airflow/.local/lib/python3.7/site-packages/airflow/example_dags/example_latest_only_with_trigger.py
[2026-03-03T01:21:35.805+0000] {logging_mixin.py:149} INFO - [2026-03-03T01:21:35.805+0000] {dag.py:2726} INFO - Sync 1 DAGs
[2026-03-03T01:21:35.821+0000] {logging_mixin.py:149} INFO - [2026-03-03T01:21:35.821+0000] {dag.py:3490} INFO - Setting next_dagrun for latest_only_with_trigger to 2026-03-02T21:21:35.821291+00:00, run_after=2026-03-03T01:21:35.821291+00:00
[2026-03-03T01:21:35.835+0000] {processor.py:178} INFO - Processing /home/airflow/.local/lib/python3.7/site-packages/airflow/example_dags/example_latest_only_with_trigger.py took 0.055 seconds
[2026-03-03T01:22:06.867+0000] {processor.py:156} INFO - Started process (PID=1859) to work on /home/airflow/.local/lib/python3.7/site-packages/airflow/example_dags/example_latest_only_with_trigger.py
[2026-03-03T01:22:06.870+0000] {processor.py:799} INFO - Processing file /home/airflow/.local/lib/python3.7/site-packages/airflow/example_dags/example_latest_only_with_trigger.py for tasks to queue
[2026-03-03T01:22:06.872+0000] {logging_mixin.py:149} INFO - [2026-03-03T01:22:06.871+0000] {dagbag.py:541} INFO - Filling up the DagBag from /home/airflow/.local/lib/python3.7/site-packages/airflow/example_dags/example_latest_only_with_trigger.py
[2026-03-03T01:22:06.887+0000] {processor.py:809} INFO - DAG(s) dict_keys(['latest_only_with_trigger']) retrieved from /home/airflow/.local/lib/python3.7/site-packages/airflow/example_dags/example_latest_only_with_trigger.py
[2026-03-03T01:22:06.950+0000] {logging_mixin.py:149} INFO - [2026-03-03T01:22:06.950+0000] {dag.py:2726} INFO - Sync 1 DAGs
[2026-03-03T01:22:07.020+0000] {logging_mixin.py:149} INFO - [2026-03-03T01:22:07.020+0000] {dag.py:3490} INFO - Setting next_dagrun for latest_only_with_trigger to 2026-03-02T21:22:07.019390+00:00, run_after=2026-03-03T01:22:07.019390+00:00
[2026-03-03T01:22:07.088+0000] {processor.py:178} INFO - Processing /home/airflow/.local/lib/python3.7/site-packages/airflow/example_dags/example_latest_only_with_trigger.py took 0.229 seconds
[2026-03-03T01:22:37.895+0000] {processor.py:156} INFO - Started process (PID=1921) to work on /home/airflow/.local/lib/python3.7/site-packages/airflow/example_dags/example_latest_only_with_trigger.py
[2026-03-03T01:22:37.897+0000] {processor.py:799} INFO - Processing file /home/airflow/.local/lib/python3.7/site-packages/airflow/example_dags/example_latest_only_with_trigger.py for tasks to queue
[2026-03-03T01:22:37.899+0000] {logging_mixin.py:149} INFO - [2026-03-03T01:22:37.899+0000] {dagbag.py:541} INFO - Filling up the DagBag from /home/airflow/.local/lib/python3.7/site-packages/airflow/example_dags/example_latest_only_with_trigger.py
[2026-03-03T01:22:37.917+0000] {processor.py:809} INFO - DAG(s) dict_keys(['latest_only_with_trigger']) retrieved from /home/airflow/.local/lib/python3.7/site-packages/airflow/example_dags/example_latest_only_with_trigger.py
[2026-03-03T01:22:37.995+0000] {logging_mixin.py:149} INFO - [2026-03-03T01:22:37.995+0000] {dag.py:2726} INFO - Sync 1 DAGs
[2026-03-03T01:22:38.114+0000] {logging_mixin.py:149} INFO - [2026-03-03T01:22:38.113+0000] {dag.py:3490} INFO - Setting next_dagrun for latest_only_with_trigger to 2026-03-02T21:22:38.112672+00:00, run_after=2026-03-03T01:22:38.112672+00:00
[2026-03-03T01:22:38.204+0000] {processor.py:178} INFO - Processing /home/airflow/.local/lib/python3.7/site-packages/airflow/example_dags/example_latest_only_with_trigger.py took 0.318 seconds
[2026-03-03T01:23:08.603+0000] {processor.py:156} INFO - Started process (PID=1983) to work on /home/airflow/.local/lib/python3.7/site-packages/airflow/example_dags/example_latest_only_with_trigger.py
[2026-03-03T01:23:08.606+0000] {processor.py:799} INFO - Processing file /home/airflow/.local/lib/python3.7/site-packages/airflow/example_dags/example_latest_only_with_trigger.py for tasks to queue
[2026-03-03T01:23:08.609+0000] {logging_mixin.py:149} INFO - [2026-03-03T01:23:08.609+0000] {dagbag.py:541} INFO - Filling up the DagBag from /home/airflow/.local/lib/python3.7/site-packages/airflow/example_dags/example_latest_only_with_trigger.py
[2026-03-03T01:23:08.626+0000] {processor.py:809} INFO - DAG(s) dict_keys(['latest_only_with_trigger']) retrieved from /home/airflow/.local/lib/python3.7/site-packages/airflow/example_dags/example_latest_only_with_trigger.py
[2026-03-03T01:23:08.692+0000] {logging_mixin.py:149} INFO - [2026-03-03T01:23:08.692+0000] {dag.py:2726} INFO - Sync 1 DAGs
[2026-03-03T01:23:08.765+0000] {logging_mixin.py:149} INFO - [2026-03-03T01:23:08.765+0000] {dag.py:3490} INFO - Setting next_dagrun for latest_only_with_trigger to 2026-03-02T21:23:08.764841+00:00, run_after=2026-03-03T01:23:08.764841+00:00
[2026-03-03T01:23:08.820+0000] {processor.py:178} INFO - Processing /home/airflow/.local/lib/python3.7/site-packages/airflow/example_dags/example_latest_only_with_trigger.py took 0.225 seconds
[2026-03-03T01:23:39.111+0000] {processor.py:156} INFO - Started process (PID=2045) to work on /home/airflow/.local/lib/python3.7/site-packages/airflow/example_dags/example_latest_only_with_trigger.py
[2026-03-03T01:23:39.113+0000] {processor.py:799} INFO - Processing file /home/airflow/.local/lib/python3.7/site-packages/airflow/example_dags/example_latest_only_with_trigger.py for tasks to queue
[2026-03-03T01:23:39.114+0000] {logging_mixin.py:149} INFO - [2026-03-03T01:23:39.114+0000] {dagbag.py:541} INFO - Filling up the DagBag from /home/airflow/.local/lib/python3.7/site-packages/airflow/example_dags/example_latest_only_with_trigger.py
[2026-03-03T01:23:39.130+0000] {processor.py:809} INFO - DAG(s) dict_keys(['latest_only_with_trigger']) retrieved from /home/airflow/.local/lib/python3.7/site-packages/airflow/example_dags/example_latest_only_with_trigger.py
[2026-03-03T01:23:39.192+0000] {logging_mixin.py:149} INFO - [2026-03-03T01:23:39.191+0000] {dag.py:2726} INFO - Sync 1 DAGs
[2026-03-03T01:23:39.258+0000] {logging_mixin.py:149} INFO - [2026-03-03T01:23:39.258+0000] {dag.py:3490} INFO - Setting next_dagrun for latest_only_with_trigger to 2026-03-02T21:23:39.257433+00:00, run_after=2026-03-03T01:23:39.257433+00:00
[2026-03-03T01:23:39.317+0000] {processor.py:178} INFO - Processing /home/airflow/.local/lib/python3.7/site-packages/airflow/example_dags/example_latest_only_with_trigger.py took 0.215 seconds
[2026-03-03T01:24:09.466+0000] {processor.py:156} INFO - Started process (PID=2107) to work on /home/airflow/.local/lib/python3.7/site-packages/airflow/example_dags/example_latest_only_with_trigger.py
[2026-03-03T01:24:09.469+0000] {processor.py:799} INFO - Processing file /home/airflow/.local/lib/python3.7/site-packages/airflow/example_dags/example_latest_only_with_trigger.py for tasks to queue
[2026-03-03T01:24:09.471+0000] {logging_mixin.py:149} INFO - [2026-03-03T01:24:09.470+0000] {dagbag.py:541} INFO - Filling up the DagBag from /home/airflow/.local/lib/python3.7/site-packages/airflow/example_dags/example_latest_only_with_trigger.py
[2026-03-03T01:24:09.487+0000] {processor.py:809} INFO - DAG(s) dict_keys(['latest_only_with_trigger']) retrieved from /home/airflow/.local/lib/python3.7/site-packages/airflow/example_dags/example_latest_only_with_trigger.py
[2026-03-03T01:24:09.548+0000] {logging_mixin.py:149} INFO - [2026-03-03T01:24:09.547+0000] {dag.py:2726} INFO - Sync 1 DAGs
[2026-03-03T01:24:09.629+0000] {logging_mixin.py:149} INFO - [2026-03-03T01:24:09.628+0000] {dag.py:3490} INFO - Setting next_dagrun for latest_only_with_trigger to 2026-03-02T21:24:09.628219+00:00, run_after=2026-03-03T01:24:09.628219+00:00
[2026-03-03T01:24:09.699+0000] {processor.py:178} INFO - Processing /home/airflow/.local/lib/python3.7/site-packages/airflow/example_dags/example_latest_only_with_trigger.py took 0.241 seconds
[2026-03-03T01:24:40.018+0000] {processor.py:156} INFO - Started process (PID=2169) to work on /home/airflow/.local/lib/python3.7/site-packages/airflow/example_dags/example_latest_only_with_trigger.py
[2026-03-03T01:24:40.019+0000] {processor.py:799} INFO - Processing file /home/airflow/.local/lib/python3.7/site-packages/airflow/example_dags/example_latest_only_with_trigger.py for tasks to queue
[2026-03-03T01:24:40.020+0000] {logging_mixin.py:149} INFO - [2026-03-03T01:24:40.020+0000] {dagbag.py:541} INFO - Filling up the DagBag from /home/airflow/.local/lib/python3.7/site-packages/airflow/example_dags/example_latest_only_with_trigger.py
[2026-03-03T01:24:40.024+0000] {processor.py:809} INFO - DAG(s) dict_keys(['latest_only_with_trigger']) retrieved from /home/airflow/.local/lib/python3.7/site-packages/airflow/example_dags/example_latest_only_with_trigger.py
[2026-03-03T01:24:40.040+0000] {logging_mixin.py:149} INFO - [2026-03-03T01:24:40.040+0000] {dag.py:2726} INFO - Sync 1 DAGs
[2026-03-03T01:24:40.052+0000] {logging_mixin.py:149} INFO - [2026-03-03T01:24:40.051+0000] {dag.py:3490} INFO - Setting next_dagrun for latest_only_with_trigger to 2026-03-02T21:24:40.051826+00:00, run_after=2026-03-03T01:24:40.051826+00:00
[2026-03-03T01:24:40.063+0000] {processor.py:178} INFO - Processing /home/airflow/.local/lib/python3.7/site-packages/airflow/example_dags/example_latest_only_with_trigger.py took 0.047 seconds
[2026-03-03T01:25:10.354+0000] {processor.py:156} INFO - Started process (PID=2231) to work on /home/airflow/.local/lib/python3.7/site-packages/airflow/example_dags/example_latest_only_with_trigger.py
[2026-03-03T01:25:10.354+0000] {processor.py:799} INFO - Processing file /home/airflow/.local/lib/python3.7/site-packages/airflow/example_dags/example_latest_only_with_trigger.py for tasks to queue
[2026-03-03T01:25:10.355+0000] {logging_mixin.py:149} INFO - [2026-03-03T01:25:10.355+0000] {dagbag.py:541} INFO - Filling up the DagBag from /home/airflow/.local/lib/python3.7/site-packages/airflow/example_dags/example_latest_only_with_trigger.py
[2026-03-03T01:25:10.359+0000] {processor.py:809} INFO - DAG(s) dict_keys(['latest_only_with_trigger']) retrieved from /home/airflow/.local/lib/python3.7/site-packages/airflow/example_dags/example_latest_only_with_trigger.py
[2026-03-03T01:25:10.380+0000] {logging_mixin.py:149} INFO - [2026-03-03T01:25:10.380+0000] {dag.py:2726} INFO - Sync 1 DAGs
[2026-03-03T01:25:10.401+0000] {logging_mixin.py:149} INFO - [2026-03-03T01:25:10.401+0000] {dag.py:3490} INFO - Setting next_dagrun for latest_only_with_trigger to 2026-03-02T21:25:10.401586+00:00, run_after=2026-03-03T01:25:10.401586+00:00
[2026-03-03T01:25:10.424+0000] {processor.py:178} INFO - Processing /home/airflow/.local/lib/python3.7/site-packages/airflow/example_dags/example_latest_only_with_trigger.py took 0.072 seconds
[2026-03-03T01:25:40.664+0000] {processor.py:156} INFO - Started process (PID=2293) to work on /home/airflow/.local/lib/python3.7/site-packages/airflow/example_dags/example_latest_only_with_trigger.py
[2026-03-03T01:25:40.666+0000] {processor.py:799} INFO - Processing file /home/airflow/.local/lib/python3.7/site-packages/airflow/example_dags/example_latest_only_with_trigger.py for tasks to queue
[2026-03-03T01:25:40.666+0000] {logging_mixin.py:149} INFO - [2026-03-03T01:25:40.666+0000] {dagbag.py:541} INFO - Filling up the DagBag from /home/airflow/.local/lib/python3.7/site-packages/airflow/example_dags/example_latest_only_with_trigger.py
[2026-03-03T01:25:40.673+0000] {processor.py:809} INFO - DAG(s) dict_keys(['latest_only_with_trigger']) retrieved from /home/airflow/.local/lib/python3.7/site-packages/airflow/example_dags/example_latest_only_with_trigger.py
[2026-03-03T01:25:40.696+0000] {logging_mixin.py:149} INFO - [2026-03-03T01:25:40.696+0000] {dag.py:2726} INFO - Sync 1 DAGs
[2026-03-03T01:25:40.714+0000] {logging_mixin.py:149} INFO - [2026-03-03T01:25:40.714+0000] {dag.py:3490} INFO - Setting next_dagrun for latest_only_with_trigger to 2026-03-02T21:25:40.714461+00:00, run_after=2026-03-03T01:25:40.714461+00:00
[2026-03-03T01:25:40.729+0000] {processor.py:178} INFO - Processing /home/airflow/.local/lib/python3.7/site-packages/airflow/example_dags/example_latest_only_with_trigger.py took 0.067 seconds
[2026-03-03T01:26:11.287+0000] {processor.py:156} INFO - Started process (PID=2355) to work on /home/airflow/.local/lib/python3.7/site-packages/airflow/example_dags/example_latest_only_with_trigger.py
[2026-03-03T01:26:11.287+0000] {processor.py:799} INFO - Processing file /home/airflow/.local/lib/python3.7/site-packages/airflow/example_dags/example_latest_only_with_trigger.py for tasks to queue
[2026-03-03T01:26:11.287+0000] {logging_mixin.py:149} INFO - [2026-03-03T01:26:11.287+0000] {dagbag.py:541} INFO - Filling up the DagBag from /home/airflow/.local/lib/python3.7/site-packages/airflow/example_dags/example_latest_only_with_trigger.py
[2026-03-03T01:26:11.290+0000] {processor.py:809} INFO - DAG(s) dict_keys(['latest_only_with_trigger']) retrieved from /home/airflow/.local/lib/python3.7/site-packages/airflow/example_dags/example_latest_only_with_trigger.py
[2026-03-03T01:26:11.301+0000] {logging_mixin.py:149} INFO - [2026-03-03T01:26:11.301+0000] {dag.py:2726} INFO - Sync 1 DAGs
[2026-03-03T01:26:11.311+0000] {logging_mixin.py:149} INFO - [2026-03-03T01:26:11.311+0000] {dag.py:3490} INFO - Setting next_dagrun for latest_only_with_trigger to 2026-03-02T21:26:11.311330+00:00, run_after=2026-03-03T01:26:11.311330+00:00
[2026-03-03T01:26:11.318+0000] {processor.py:178} INFO - Processing /home/airflow/.local/lib/python3.7/site-packages/airflow/example_dags/example_latest_only_with_trigger.py took 0.033 seconds
[2026-03-03T01:26:41.931+0000] {processor.py:156} INFO - Started process (PID=2417) to work on /home/airflow/.local/lib/python3.7/site-packages/airflow/example_dags/example_latest_only_with_trigger.py
[2026-03-03T01:26:41.932+0000] {processor.py:799} INFO - Processing file /home/airflow/.local/lib/python3.7/site-packages/airflow/example_dags/example_latest_only_with_trigger.py for tasks to queue
[2026-03-03T01:26:41.932+0000] {logging_mixin.py:149} INFO - [2026-03-03T01:26:41.932+0000] {dagbag.py:541} INFO - Filling up the DagBag from /home/airflow/.local/lib/python3.7/site-packages/airflow/example_dags/example_latest_only_with_trigger.py
[2026-03-03T01:26:41.939+0000] {processor.py:809} INFO - DAG(s) dict_keys(['latest_only_with_trigger']) retrieved from /home/airflow/.local/lib/python3.7/site-packages/airflow/example_dags/example_latest_only_with_trigger.py
[2026-03-03T01:26:41.959+0000] {logging_mixin.py:149} INFO - [2026-03-03T01:26:41.959+0000] {dag.py:2726} INFO - Sync 1 DAGs
[2026-03-03T01:26:41.977+0000] {logging_mixin.py:149} INFO - [2026-03-03T01:26:41.977+0000] {dag.py:3490} INFO - Setting next_dagrun for latest_only_with_trigger to 2026-03-02T21:26:41.977712+00:00, run_after=2026-03-03T01:26:41.977712+00:00
[2026-03-03T01:26:41.992+0000] {processor.py:178} INFO - Processing /home/airflow/.local/lib/python3.7/site-packages/airflow/example_dags/example_latest_only_with_trigger.py took 0.063 seconds
[2026-03-03T01:27:12.783+0000] {processor.py:156} INFO - Started process (PID=2478) to work on /home/airflow/.local/lib/python3.7/site-packages/airflow/example_dags/example_latest_only_with_trigger.py
[2026-03-03T01:27:12.785+0000] {processor.py:799} INFO - Processing file /home/airflow/.local/lib/python3.7/site-packages/airflow/example_dags/example_latest_only_with_trigger.py for tasks to queue
[2026-03-03T01:27:12.785+0000] {logging_mixin.py:149} INFO - [2026-03-03T01:27:12.785+0000] {dagbag.py:541} INFO - Filling up the DagBag from /home/airflow/.local/lib/python3.7/site-packages/airflow/example_dags/example_latest_only_with_trigger.py
[2026-03-03T01:27:12.789+0000] {processor.py:809} INFO - DAG(s) dict_keys(['latest_only_with_trigger']) retrieved from /home/airflow/.local/lib/python3.7/site-packages/airflow/example_dags/example_latest_only_with_trigger.py
[2026-03-03T01:27:12.806+0000] {logging_mixin.py:149} INFO - [2026-03-03T01:27:12.806+0000] {dag.py:2726} INFO - Sync 1 DAGs
[2026-03-03T01:27:12.823+0000] {logging_mixin.py:149} INFO - [2026-03-03T01:27:12.823+0000] {dag.py:3490} INFO - Setting next_dagrun for latest_only_with_trigger to 2026-03-02T21:27:12.822930+00:00, run_after=2026-03-03T01:27:12.822930+00:00
[2026-03-03T01:27:12.836+0000] {processor.py:178} INFO - Processing /home/airflow/.local/lib/python3.7/site-packages/airflow/example_dags/example_latest_only_with_trigger.py took 0.056 seconds
[2026-03-03T01:27:43.640+0000] {processor.py:156} INFO - Started process (PID=2540) to work on /home/airflow/.local/lib/python3.7/site-packages/airflow/example_dags/example_latest_only_with_trigger.py
[2026-03-03T01:27:43.643+0000] {processor.py:799} INFO - Processing file /home/airflow/.local/lib/python3.7/site-packages/airflow/example_dags/example_latest_only_with_trigger.py for tasks to queue
[2026-03-03T01:27:43.645+0000] {logging_mixin.py:149} INFO - [2026-03-03T01:27:43.645+0000] {dagbag.py:541} INFO - Filling up the DagBag from /home/airflow/.local/lib/python3.7/site-packages/airflow/example_dags/example_latest_only_with_trigger.py
[2026-03-03T01:27:43.660+0000] {processor.py:809} INFO - DAG(s) dict_keys(['latest_only_with_trigger']) retrieved from /home/airflow/.local/lib/python3.7/site-packages/airflow/example_dags/example_latest_only_with_trigger.py
[2026-03-03T01:27:43.720+0000] {logging_mixin.py:149} INFO - [2026-03-03T01:27:43.720+0000] {dag.py:2726} INFO - Sync 1 DAGs
[2026-03-03T01:27:43.793+0000] {logging_mixin.py:149} INFO - [2026-03-03T01:27:43.792+0000] {dag.py:3490} INFO - Setting next_dagrun for latest_only_with_trigger to 2026-03-02T21:27:43.791942+00:00, run_after=2026-03-03T01:27:43.791942+00:00
[2026-03-03T01:27:43.845+0000] {processor.py:178} INFO - Processing /home/airflow/.local/lib/python3.7/site-packages/airflow/example_dags/example_latest_only_with_trigger.py took 0.214 seconds
[2026-03-03T01:28:14.264+0000] {processor.py:156} INFO - Started process (PID=2602) to work on /home/airflow/.local/lib/python3.7/site-packages/airflow/example_dags/example_latest_only_with_trigger.py
[2026-03-03T01:28:14.265+0000] {processor.py:799} INFO - Processing file /home/airflow/.local/lib/python3.7/site-packages/airflow/example_dags/example_latest_only_with_trigger.py for tasks to queue
[2026-03-03T01:28:14.265+0000] {logging_mixin.py:149} INFO - [2026-03-03T01:28:14.265+0000] {dagbag.py:541} INFO - Filling up the DagBag from /home/airflow/.local/lib/python3.7/site-packages/airflow/example_dags/example_latest_only_with_trigger.py
[2026-03-03T01:28:14.268+0000] {processor.py:809} INFO - DAG(s) dict_keys(['latest_only_with_trigger']) retrieved from /home/airflow/.local/lib/python3.7/site-packages/airflow/example_dags/example_latest_only_with_trigger.py
[2026-03-03T01:28:14.280+0000] {logging_mixin.py:149} INFO - [2026-03-03T01:28:14.280+0000] {dag.py:2726} INFO - Sync 1 DAGs
[2026-03-03T01:28:14.290+0000] {logging_mixin.py:149} INFO - [2026-03-03T01:28:14.289+0000] {dag.py:3490} INFO - Setting next_dagrun for latest_only_with_trigger to 2026-03-02T21:28:14.289856+00:00, run_after=2026-03-03T01:28:14.289856+00:00
[2026-03-03T01:28:14.298+0000] {processor.py:178} INFO - Processing /home/airflow/.local/lib/python3.7/site-packages/airflow/example_dags/example_latest_only_with_trigger.py took 0.035 seconds
[2026-03-03T01:28:45.852+0000] {processor.py:156} INFO - Started process (PID=2671) to work on /home/airflow/.local/lib/python3.7/site-packages/airflow/example_dags/example_latest_only_with_trigger.py
[2026-03-03T01:28:45.854+0000] {processor.py:799} INFO - Processing file /home/airflow/.local/lib/python3.7/site-packages/airflow/example_dags/example_latest_only_with_trigger.py for tasks to queue
[2026-03-03T01:28:45.856+0000] {logging_mixin.py:149} INFO - [2026-03-03T01:28:45.856+0000] {dagbag.py:541} INFO - Filling up the DagBag from /home/airflow/.local/lib/python3.7/site-packages/airflow/example_dags/example_latest_only_with_trigger.py
[2026-03-03T01:28:45.879+0000] {processor.py:809} INFO - DAG(s) dict_keys(['latest_only_with_trigger']) retrieved from /home/airflow/.local/lib/python3.7/site-packages/airflow/example_dags/example_latest_only_with_trigger.py
[2026-03-03T01:28:45.944+0000] {logging_mixin.py:149} INFO - [2026-03-03T01:28:45.943+0000] {dag.py:2726} INFO - Sync 1 DAGs
[2026-03-03T01:28:46.019+0000] {logging_mixin.py:149} INFO - [2026-03-03T01:28:46.019+0000] {dag.py:3490} INFO - Setting next_dagrun for latest_only_with_trigger to 2026-03-02T21:28:46.018141+00:00, run_after=2026-03-03T01:28:46.018141+00:00
[2026-03-03T01:28:46.078+0000] {processor.py:178} INFO - Processing /home/airflow/.local/lib/python3.7/site-packages/airflow/example_dags/example_latest_only_with_trigger.py took 0.233 seconds
[2026-03-03T01:29:16.221+0000] {processor.py:156} INFO - Started process (PID=2733) to work on /home/airflow/.local/lib/python3.7/site-packages/airflow/example_dags/example_latest_only_with_trigger.py
[2026-03-03T01:29:16.223+0000] {processor.py:799} INFO - Processing file /home/airflow/.local/lib/python3.7/site-packages/airflow/example_dags/example_latest_only_with_trigger.py for tasks to queue
[2026-03-03T01:29:16.225+0000] {logging_mixin.py:149} INFO - [2026-03-03T01:29:16.224+0000] {dagbag.py:541} INFO - Filling up the DagBag from /home/airflow/.local/lib/python3.7/site-packages/airflow/example_dags/example_latest_only_with_trigger.py
[2026-03-03T01:29:16.228+0000] {processor.py:809} INFO - DAG(s) dict_keys(['latest_only_with_trigger']) retrieved from /home/airflow/.local/lib/python3.7/site-packages/airflow/example_dags/example_latest_only_with_trigger.py
[2026-03-03T01:29:16.249+0000] {logging_mixin.py:149} INFO - [2026-03-03T01:29:16.248+0000] {dag.py:2726} INFO - Sync 1 DAGs
[2026-03-03T01:29:16.263+0000] {logging_mixin.py:149} INFO - [2026-03-03T01:29:16.263+0000] {dag.py:3490} INFO - Setting next_dagrun for latest_only_with_trigger to 2026-03-02T21:29:16.262917+00:00, run_after=2026-03-03T01:29:16.262917+00:00
[2026-03-03T01:29:16.270+0000] {processor.py:178} INFO - Processing /home/airflow/.local/lib/python3.7/site-packages/airflow/example_dags/example_latest_only_with_trigger.py took 0.052 seconds
