[2026-03-03T00:56:04.565+0000] {processor.py:156} INFO - Started process (PID=62) to work on /home/airflow/.local/lib/python3.7/site-packages/airflow/example_dags/example_time_delta_sensor_async.py
[2026-03-03T00:56:04.566+0000] {processor.py:799} INFO - Processing file /home/airflow/.local/lib/python3.7/site-packages/airflow/example_dags/example_time_delta_sensor_async.py for tasks to queue
[2026-03-03T00:56:04.567+0000] {logging_mixin.py:149} INFO - [2026-03-03T00:56:04.567+0000] {dagbag.py:541} INFO - Filling up the DagBag from /home/airflow/.local/lib/python3.7/site-packages/airflow/example_dags/example_time_delta_sensor_async.py
[2026-03-03T00:56:04.573+0000] {processor.py:809} INFO - DAG(s) dict_keys(['example_time_delta_sensor_async']) retrieved from /home/airflow/.local/lib/python3.7/site-packages/airflow/example_dags/example_time_delta_sensor_async.py
[2026-03-03T00:56:04.589+0000] {logging_mixin.py:149} INFO - [2026-03-03T00:56:04.589+0000] {dag.py:2726} INFO - Sync 1 DAGs
[2026-03-03T00:56:04.607+0000] {logging_mixin.py:149} INFO - [2026-03-03T00:56:04.607+0000] {dag.py:3490} INFO - Setting next_dagrun for example_time_delta_sensor_async to None, run_after=None
[2026-03-03T00:56:04.626+0000] {processor.py:178} INFO - Processing /home/airflow/.local/lib/python3.7/site-packages/airflow/example_dags/example_time_delta_sensor_async.py took 0.064 seconds
[2026-03-03T00:56:36.827+0000] {processor.py:156} INFO - Started process (PID=124) to work on /home/airflow/.local/lib/python3.7/site-packages/airflow/example_dags/example_time_delta_sensor_async.py
[2026-03-03T00:56:36.828+0000] {processor.py:799} INFO - Processing file /home/airflow/.local/lib/python3.7/site-packages/airflow/example_dags/example_time_delta_sensor_async.py for tasks to queue
[2026-03-03T00:56:36.829+0000] {logging_mixin.py:149} INFO - [2026-03-03T00:56:36.829+0000] {dagbag.py:541} INFO - Filling up the DagBag from /home/airflow/.local/lib/python3.7/site-packages/airflow/example_dags/example_time_delta_sensor_async.py
[2026-03-03T00:56:36.833+0000] {processor.py:809} INFO - DAG(s) dict_keys(['example_time_delta_sensor_async']) retrieved from /home/airflow/.local/lib/python3.7/site-packages/airflow/example_dags/example_time_delta_sensor_async.py
[2026-03-03T00:56:36.855+0000] {logging_mixin.py:149} INFO - [2026-03-03T00:56:36.855+0000] {dag.py:2726} INFO - Sync 1 DAGs
[2026-03-03T00:56:36.875+0000] {logging_mixin.py:149} INFO - [2026-03-03T00:56:36.875+0000] {dag.py:3490} INFO - Setting next_dagrun for example_time_delta_sensor_async to None, run_after=None
[2026-03-03T00:56:36.891+0000] {processor.py:178} INFO - Processing /home/airflow/.local/lib/python3.7/site-packages/airflow/example_dags/example_time_delta_sensor_async.py took 0.067 seconds
[2026-03-03T00:57:06.903+0000] {processor.py:156} INFO - Started process (PID=186) to work on /home/airflow/.local/lib/python3.7/site-packages/airflow/example_dags/example_time_delta_sensor_async.py
[2026-03-03T00:57:06.903+0000] {processor.py:799} INFO - Processing file /home/airflow/.local/lib/python3.7/site-packages/airflow/example_dags/example_time_delta_sensor_async.py for tasks to queue
[2026-03-03T00:57:06.904+0000] {logging_mixin.py:149} INFO - [2026-03-03T00:57:06.903+0000] {dagbag.py:541} INFO - Filling up the DagBag from /home/airflow/.local/lib/python3.7/site-packages/airflow/example_dags/example_time_delta_sensor_async.py
[2026-03-03T00:57:06.908+0000] {processor.py:809} INFO - DAG(s) dict_keys(['example_time_delta_sensor_async']) retrieved from /home/airflow/.local/lib/python3.7/site-packages/airflow/example_dags/example_time_delta_sensor_async.py
[2026-03-03T00:57:06.924+0000] {logging_mixin.py:149} INFO - [2026-03-03T00:57:06.922+0000] {dag.py:2726} INFO - Sync 1 DAGs
[2026-03-03T00:57:06.940+0000] {logging_mixin.py:149} INFO - [2026-03-03T00:57:06.940+0000] {dag.py:3490} INFO - Setting next_dagrun for example_time_delta_sensor_async to None, run_after=None
[2026-03-03T00:57:06.953+0000] {processor.py:178} INFO - Processing /home/airflow/.local/lib/python3.7/site-packages/airflow/example_dags/example_time_delta_sensor_async.py took 0.051 seconds
[2026-03-03T00:57:37.804+0000] {processor.py:156} INFO - Started process (PID=248) to work on /home/airflow/.local/lib/python3.7/site-packages/airflow/example_dags/example_time_delta_sensor_async.py
[2026-03-03T00:57:37.805+0000] {processor.py:799} INFO - Processing file /home/airflow/.local/lib/python3.7/site-packages/airflow/example_dags/example_time_delta_sensor_async.py for tasks to queue
[2026-03-03T00:57:37.805+0000] {logging_mixin.py:149} INFO - [2026-03-03T00:57:37.805+0000] {dagbag.py:541} INFO - Filling up the DagBag from /home/airflow/.local/lib/python3.7/site-packages/airflow/example_dags/example_time_delta_sensor_async.py
[2026-03-03T00:57:37.808+0000] {processor.py:809} INFO - DAG(s) dict_keys(['example_time_delta_sensor_async']) retrieved from /home/airflow/.local/lib/python3.7/site-packages/airflow/example_dags/example_time_delta_sensor_async.py
[2026-03-03T00:57:37.821+0000] {logging_mixin.py:149} INFO - [2026-03-03T00:57:37.821+0000] {dag.py:2726} INFO - Sync 1 DAGs
[2026-03-03T00:57:37.836+0000] {logging_mixin.py:149} INFO - [2026-03-03T00:57:37.836+0000] {dag.py:3490} INFO - Setting next_dagrun for example_time_delta_sensor_async to None, run_after=None
[2026-03-03T00:57:37.848+0000] {processor.py:178} INFO - Processing /home/airflow/.local/lib/python3.7/site-packages/airflow/example_dags/example_time_delta_sensor_async.py took 0.045 seconds
[2026-03-03T00:58:09.041+0000] {processor.py:156} INFO - Started process (PID=310) to work on /home/airflow/.local/lib/python3.7/site-packages/airflow/example_dags/example_time_delta_sensor_async.py
[2026-03-03T00:58:09.042+0000] {processor.py:799} INFO - Processing file /home/airflow/.local/lib/python3.7/site-packages/airflow/example_dags/example_time_delta_sensor_async.py for tasks to queue
[2026-03-03T00:58:09.042+0000] {logging_mixin.py:149} INFO - [2026-03-03T00:58:09.042+0000] {dagbag.py:541} INFO - Filling up the DagBag from /home/airflow/.local/lib/python3.7/site-packages/airflow/example_dags/example_time_delta_sensor_async.py
[2026-03-03T00:58:09.045+0000] {processor.py:809} INFO - DAG(s) dict_keys(['example_time_delta_sensor_async']) retrieved from /home/airflow/.local/lib/python3.7/site-packages/airflow/example_dags/example_time_delta_sensor_async.py
[2026-03-03T00:58:09.063+0000] {logging_mixin.py:149} INFO - [2026-03-03T00:58:09.063+0000] {dag.py:2726} INFO - Sync 1 DAGs
[2026-03-03T00:58:09.082+0000] {logging_mixin.py:149} INFO - [2026-03-03T00:58:09.082+0000] {dag.py:3490} INFO - Setting next_dagrun for example_time_delta_sensor_async to None, run_after=None
[2026-03-03T00:58:09.096+0000] {processor.py:178} INFO - Processing /home/airflow/.local/lib/python3.7/site-packages/airflow/example_dags/example_time_delta_sensor_async.py took 0.057 seconds
[2026-03-03T00:58:40.048+0000] {processor.py:156} INFO - Started process (PID=372) to work on /home/airflow/.local/lib/python3.7/site-packages/airflow/example_dags/example_time_delta_sensor_async.py
[2026-03-03T00:58:40.050+0000] {processor.py:799} INFO - Processing file /home/airflow/.local/lib/python3.7/site-packages/airflow/example_dags/example_time_delta_sensor_async.py for tasks to queue
[2026-03-03T00:58:40.051+0000] {logging_mixin.py:149} INFO - [2026-03-03T00:58:40.051+0000] {dagbag.py:541} INFO - Filling up the DagBag from /home/airflow/.local/lib/python3.7/site-packages/airflow/example_dags/example_time_delta_sensor_async.py
[2026-03-03T00:58:40.053+0000] {processor.py:809} INFO - DAG(s) dict_keys(['example_time_delta_sensor_async']) retrieved from /home/airflow/.local/lib/python3.7/site-packages/airflow/example_dags/example_time_delta_sensor_async.py
[2026-03-03T00:58:40.074+0000] {logging_mixin.py:149} INFO - [2026-03-03T00:58:40.074+0000] {dag.py:2726} INFO - Sync 1 DAGs
[2026-03-03T00:58:40.089+0000] {logging_mixin.py:149} INFO - [2026-03-03T00:58:40.089+0000] {dag.py:3490} INFO - Setting next_dagrun for example_time_delta_sensor_async to None, run_after=None
[2026-03-03T00:58:40.101+0000] {processor.py:178} INFO - Processing /home/airflow/.local/lib/python3.7/site-packages/airflow/example_dags/example_time_delta_sensor_async.py took 0.055 seconds
[2026-03-03T00:59:11.125+0000] {processor.py:156} INFO - Started process (PID=434) to work on /home/airflow/.local/lib/python3.7/site-packages/airflow/example_dags/example_time_delta_sensor_async.py
[2026-03-03T00:59:11.128+0000] {processor.py:799} INFO - Processing file /home/airflow/.local/lib/python3.7/site-packages/airflow/example_dags/example_time_delta_sensor_async.py for tasks to queue
[2026-03-03T00:59:11.128+0000] {logging_mixin.py:149} INFO - [2026-03-03T00:59:11.128+0000] {dagbag.py:541} INFO - Filling up the DagBag from /home/airflow/.local/lib/python3.7/site-packages/airflow/example_dags/example_time_delta_sensor_async.py
[2026-03-03T00:59:11.135+0000] {processor.py:809} INFO - DAG(s) dict_keys(['example_time_delta_sensor_async']) retrieved from /home/airflow/.local/lib/python3.7/site-packages/airflow/example_dags/example_time_delta_sensor_async.py
[2026-03-03T00:59:11.152+0000] {logging_mixin.py:149} INFO - [2026-03-03T00:59:11.152+0000] {dag.py:2726} INFO - Sync 1 DAGs
[2026-03-03T00:59:11.167+0000] {logging_mixin.py:149} INFO - [2026-03-03T00:59:11.167+0000] {dag.py:3490} INFO - Setting next_dagrun for example_time_delta_sensor_async to None, run_after=None
[2026-03-03T00:59:11.179+0000] {processor.py:178} INFO - Processing /home/airflow/.local/lib/python3.7/site-packages/airflow/example_dags/example_time_delta_sensor_async.py took 0.056 seconds
[2026-03-03T00:59:41.942+0000] {processor.py:156} INFO - Started process (PID=496) to work on /home/airflow/.local/lib/python3.7/site-packages/airflow/example_dags/example_time_delta_sensor_async.py
[2026-03-03T00:59:41.942+0000] {processor.py:799} INFO - Processing file /home/airflow/.local/lib/python3.7/site-packages/airflow/example_dags/example_time_delta_sensor_async.py for tasks to queue
[2026-03-03T00:59:41.943+0000] {logging_mixin.py:149} INFO - [2026-03-03T00:59:41.943+0000] {dagbag.py:541} INFO - Filling up the DagBag from /home/airflow/.local/lib/python3.7/site-packages/airflow/example_dags/example_time_delta_sensor_async.py
[2026-03-03T00:59:41.944+0000] {processor.py:809} INFO - DAG(s) dict_keys(['example_time_delta_sensor_async']) retrieved from /home/airflow/.local/lib/python3.7/site-packages/airflow/example_dags/example_time_delta_sensor_async.py
[2026-03-03T00:59:41.964+0000] {logging_mixin.py:149} INFO - [2026-03-03T00:59:41.964+0000] {dag.py:2726} INFO - Sync 1 DAGs
[2026-03-03T00:59:41.983+0000] {logging_mixin.py:149} INFO - [2026-03-03T00:59:41.983+0000] {dag.py:3490} INFO - Setting next_dagrun for example_time_delta_sensor_async to None, run_after=None
[2026-03-03T00:59:41.996+0000] {processor.py:178} INFO - Processing /home/airflow/.local/lib/python3.7/site-packages/airflow/example_dags/example_time_delta_sensor_async.py took 0.056 seconds
[2026-03-03T01:00:12.750+0000] {processor.py:156} INFO - Started process (PID=558) to work on /home/airflow/.local/lib/python3.7/site-packages/airflow/example_dags/example_time_delta_sensor_async.py
[2026-03-03T01:00:12.754+0000] {processor.py:799} INFO - Processing file /home/airflow/.local/lib/python3.7/site-packages/airflow/example_dags/example_time_delta_sensor_async.py for tasks to queue
[2026-03-03T01:00:12.756+0000] {logging_mixin.py:149} INFO - [2026-03-03T01:00:12.756+0000] {dagbag.py:541} INFO - Filling up the DagBag from /home/airflow/.local/lib/python3.7/site-packages/airflow/example_dags/example_time_delta_sensor_async.py
[2026-03-03T01:00:12.768+0000] {processor.py:809} INFO - DAG(s) dict_keys(['example_time_delta_sensor_async']) retrieved from /home/airflow/.local/lib/python3.7/site-packages/airflow/example_dags/example_time_delta_sensor_async.py
[2026-03-03T01:00:12.827+0000] {logging_mixin.py:149} INFO - [2026-03-03T01:00:12.826+0000] {dag.py:2726} INFO - Sync 1 DAGs
[2026-03-03T01:00:12.903+0000] {logging_mixin.py:149} INFO - [2026-03-03T01:00:12.903+0000] {dag.py:3490} INFO - Setting next_dagrun for example_time_delta_sensor_async to None, run_after=None
[2026-03-03T01:00:12.964+0000] {processor.py:178} INFO - Processing /home/airflow/.local/lib/python3.7/site-packages/airflow/example_dags/example_time_delta_sensor_async.py took 0.223 seconds
[2026-03-03T01:00:44.021+0000] {processor.py:156} INFO - Started process (PID=620) to work on /home/airflow/.local/lib/python3.7/site-packages/airflow/example_dags/example_time_delta_sensor_async.py
[2026-03-03T01:00:44.025+0000] {processor.py:799} INFO - Processing file /home/airflow/.local/lib/python3.7/site-packages/airflow/example_dags/example_time_delta_sensor_async.py for tasks to queue
[2026-03-03T01:00:44.027+0000] {logging_mixin.py:149} INFO - [2026-03-03T01:00:44.027+0000] {dagbag.py:541} INFO - Filling up the DagBag from /home/airflow/.local/lib/python3.7/site-packages/airflow/example_dags/example_time_delta_sensor_async.py
[2026-03-03T01:00:44.036+0000] {processor.py:809} INFO - DAG(s) dict_keys(['example_time_delta_sensor_async']) retrieved from /home/airflow/.local/lib/python3.7/site-packages/airflow/example_dags/example_time_delta_sensor_async.py
[2026-03-03T01:00:44.101+0000] {logging_mixin.py:149} INFO - [2026-03-03T01:00:44.101+0000] {dag.py:2726} INFO - Sync 1 DAGs
[2026-03-03T01:00:44.179+0000] {logging_mixin.py:149} INFO - [2026-03-03T01:00:44.179+0000] {dag.py:3490} INFO - Setting next_dagrun for example_time_delta_sensor_async to None, run_after=None
[2026-03-03T01:00:44.240+0000] {processor.py:178} INFO - Processing /home/airflow/.local/lib/python3.7/site-packages/airflow/example_dags/example_time_delta_sensor_async.py took 0.226 seconds
[2026-03-03T01:01:14.774+0000] {processor.py:156} INFO - Started process (PID=682) to work on /home/airflow/.local/lib/python3.7/site-packages/airflow/example_dags/example_time_delta_sensor_async.py
[2026-03-03T01:01:14.775+0000] {processor.py:799} INFO - Processing file /home/airflow/.local/lib/python3.7/site-packages/airflow/example_dags/example_time_delta_sensor_async.py for tasks to queue
[2026-03-03T01:01:14.778+0000] {logging_mixin.py:149} INFO - [2026-03-03T01:01:14.777+0000] {dagbag.py:541} INFO - Filling up the DagBag from /home/airflow/.local/lib/python3.7/site-packages/airflow/example_dags/example_time_delta_sensor_async.py
[2026-03-03T01:01:14.780+0000] {processor.py:809} INFO - DAG(s) dict_keys(['example_time_delta_sensor_async']) retrieved from /home/airflow/.local/lib/python3.7/site-packages/airflow/example_dags/example_time_delta_sensor_async.py
[2026-03-03T01:01:14.797+0000] {logging_mixin.py:149} INFO - [2026-03-03T01:01:14.797+0000] {dag.py:2726} INFO - Sync 1 DAGs
[2026-03-03T01:01:14.811+0000] {logging_mixin.py:149} INFO - [2026-03-03T01:01:14.811+0000] {dag.py:3490} INFO - Setting next_dagrun for example_time_delta_sensor_async to None, run_after=None
[2026-03-03T01:01:14.819+0000] {processor.py:178} INFO - Processing /home/airflow/.local/lib/python3.7/site-packages/airflow/example_dags/example_time_delta_sensor_async.py took 0.047 seconds
[2026-03-03T01:01:45.523+0000] {processor.py:156} INFO - Started process (PID=744) to work on /home/airflow/.local/lib/python3.7/site-packages/airflow/example_dags/example_time_delta_sensor_async.py
[2026-03-03T01:01:45.524+0000] {processor.py:799} INFO - Processing file /home/airflow/.local/lib/python3.7/site-packages/airflow/example_dags/example_time_delta_sensor_async.py for tasks to queue
[2026-03-03T01:01:45.524+0000] {logging_mixin.py:149} INFO - [2026-03-03T01:01:45.524+0000] {dagbag.py:541} INFO - Filling up the DagBag from /home/airflow/.local/lib/python3.7/site-packages/airflow/example_dags/example_time_delta_sensor_async.py
[2026-03-03T01:01:45.526+0000] {processor.py:809} INFO - DAG(s) dict_keys(['example_time_delta_sensor_async']) retrieved from /home/airflow/.local/lib/python3.7/site-packages/airflow/example_dags/example_time_delta_sensor_async.py
[2026-03-03T01:01:45.545+0000] {logging_mixin.py:149} INFO - [2026-03-03T01:01:45.545+0000] {dag.py:2726} INFO - Sync 1 DAGs
[2026-03-03T01:01:45.559+0000] {logging_mixin.py:149} INFO - [2026-03-03T01:01:45.559+0000] {dag.py:3490} INFO - Setting next_dagrun for example_time_delta_sensor_async to None, run_after=None
[2026-03-03T01:01:45.570+0000] {processor.py:178} INFO - Processing /home/airflow/.local/lib/python3.7/site-packages/airflow/example_dags/example_time_delta_sensor_async.py took 0.049 seconds
[2026-03-03T01:02:16.362+0000] {processor.py:156} INFO - Started process (PID=806) to work on /home/airflow/.local/lib/python3.7/site-packages/airflow/example_dags/example_time_delta_sensor_async.py
[2026-03-03T01:02:16.365+0000] {processor.py:799} INFO - Processing file /home/airflow/.local/lib/python3.7/site-packages/airflow/example_dags/example_time_delta_sensor_async.py for tasks to queue
[2026-03-03T01:02:16.365+0000] {logging_mixin.py:149} INFO - [2026-03-03T01:02:16.365+0000] {dagbag.py:541} INFO - Filling up the DagBag from /home/airflow/.local/lib/python3.7/site-packages/airflow/example_dags/example_time_delta_sensor_async.py
[2026-03-03T01:02:16.367+0000] {processor.py:809} INFO - DAG(s) dict_keys(['example_time_delta_sensor_async']) retrieved from /home/airflow/.local/lib/python3.7/site-packages/airflow/example_dags/example_time_delta_sensor_async.py
[2026-03-03T01:02:16.379+0000] {logging_mixin.py:149} INFO - [2026-03-03T01:02:16.379+0000] {dag.py:2726} INFO - Sync 1 DAGs
[2026-03-03T01:02:16.394+0000] {logging_mixin.py:149} INFO - [2026-03-03T01:02:16.394+0000] {dag.py:3490} INFO - Setting next_dagrun for example_time_delta_sensor_async to None, run_after=None
[2026-03-03T01:02:16.404+0000] {processor.py:178} INFO - Processing /home/airflow/.local/lib/python3.7/site-packages/airflow/example_dags/example_time_delta_sensor_async.py took 0.044 seconds
[2026-03-03T01:02:47.098+0000] {processor.py:156} INFO - Started process (PID=868) to work on /home/airflow/.local/lib/python3.7/site-packages/airflow/example_dags/example_time_delta_sensor_async.py
[2026-03-03T01:02:47.098+0000] {processor.py:799} INFO - Processing file /home/airflow/.local/lib/python3.7/site-packages/airflow/example_dags/example_time_delta_sensor_async.py for tasks to queue
[2026-03-03T01:02:47.099+0000] {logging_mixin.py:149} INFO - [2026-03-03T01:02:47.099+0000] {dagbag.py:541} INFO - Filling up the DagBag from /home/airflow/.local/lib/python3.7/site-packages/airflow/example_dags/example_time_delta_sensor_async.py
[2026-03-03T01:02:47.101+0000] {processor.py:809} INFO - DAG(s) dict_keys(['example_time_delta_sensor_async']) retrieved from /home/airflow/.local/lib/python3.7/site-packages/airflow/example_dags/example_time_delta_sensor_async.py
[2026-03-03T01:02:47.116+0000] {logging_mixin.py:149} INFO - [2026-03-03T01:02:47.116+0000] {dag.py:2726} INFO - Sync 1 DAGs
[2026-03-03T01:02:47.128+0000] {logging_mixin.py:149} INFO - [2026-03-03T01:02:47.128+0000] {dag.py:3490} INFO - Setting next_dagrun for example_time_delta_sensor_async to None, run_after=None
[2026-03-03T01:02:47.136+0000] {processor.py:178} INFO - Processing /home/airflow/.local/lib/python3.7/site-packages/airflow/example_dags/example_time_delta_sensor_async.py took 0.041 seconds
[2026-03-03T01:03:17.860+0000] {processor.py:156} INFO - Started process (PID=930) to work on /home/airflow/.local/lib/python3.7/site-packages/airflow/example_dags/example_time_delta_sensor_async.py
[2026-03-03T01:03:17.861+0000] {processor.py:799} INFO - Processing file /home/airflow/.local/lib/python3.7/site-packages/airflow/example_dags/example_time_delta_sensor_async.py for tasks to queue
[2026-03-03T01:03:17.861+0000] {logging_mixin.py:149} INFO - [2026-03-03T01:03:17.861+0000] {dagbag.py:541} INFO - Filling up the DagBag from /home/airflow/.local/lib/python3.7/site-packages/airflow/example_dags/example_time_delta_sensor_async.py
[2026-03-03T01:03:17.864+0000] {processor.py:809} INFO - DAG(s) dict_keys(['example_time_delta_sensor_async']) retrieved from /home/airflow/.local/lib/python3.7/site-packages/airflow/example_dags/example_time_delta_sensor_async.py
[2026-03-03T01:03:17.878+0000] {logging_mixin.py:149} INFO - [2026-03-03T01:03:17.878+0000] {dag.py:2726} INFO - Sync 1 DAGs
[2026-03-03T01:03:17.890+0000] {logging_mixin.py:149} INFO - [2026-03-03T01:03:17.890+0000] {dag.py:3490} INFO - Setting next_dagrun for example_time_delta_sensor_async to None, run_after=None
[2026-03-03T01:03:17.899+0000] {processor.py:178} INFO - Processing /home/airflow/.local/lib/python3.7/site-packages/airflow/example_dags/example_time_delta_sensor_async.py took 0.041 seconds
[2026-03-03T01:03:48.649+0000] {processor.py:156} INFO - Started process (PID=992) to work on /home/airflow/.local/lib/python3.7/site-packages/airflow/example_dags/example_time_delta_sensor_async.py
[2026-03-03T01:03:48.649+0000] {processor.py:799} INFO - Processing file /home/airflow/.local/lib/python3.7/site-packages/airflow/example_dags/example_time_delta_sensor_async.py for tasks to queue
[2026-03-03T01:03:48.650+0000] {logging_mixin.py:149} INFO - [2026-03-03T01:03:48.650+0000] {dagbag.py:541} INFO - Filling up the DagBag from /home/airflow/.local/lib/python3.7/site-packages/airflow/example_dags/example_time_delta_sensor_async.py
[2026-03-03T01:03:48.652+0000] {processor.py:809} INFO - DAG(s) dict_keys(['example_time_delta_sensor_async']) retrieved from /home/airflow/.local/lib/python3.7/site-packages/airflow/example_dags/example_time_delta_sensor_async.py
[2026-03-03T01:03:48.669+0000] {logging_mixin.py:149} INFO - [2026-03-03T01:03:48.668+0000] {dag.py:2726} INFO - Sync 1 DAGs
[2026-03-03T01:03:48.683+0000] {logging_mixin.py:149} INFO - [2026-03-03T01:03:48.683+0000] {dag.py:3490} INFO - Setting next_dagrun for example_time_delta_sensor_async to None, run_after=None
[2026-03-03T01:03:48.691+0000] {processor.py:178} INFO - Processing /home/airflow/.local/lib/python3.7/site-packages/airflow/example_dags/example_time_delta_sensor_async.py took 0.045 seconds
[2026-03-03T01:04:19.356+0000] {processor.py:156} INFO - Started process (PID=1054) to work on /home/airflow/.local/lib/python3.7/site-packages/airflow/example_dags/example_time_delta_sensor_async.py
[2026-03-03T01:04:19.357+0000] {processor.py:799} INFO - Processing file /home/airflow/.local/lib/python3.7/site-packages/airflow/example_dags/example_time_delta_sensor_async.py for tasks to queue
[2026-03-03T01:04:19.357+0000] {logging_mixin.py:149} INFO - [2026-03-03T01:04:19.357+0000] {dagbag.py:541} INFO - Filling up the DagBag from /home/airflow/.local/lib/python3.7/site-packages/airflow/example_dags/example_time_delta_sensor_async.py
[2026-03-03T01:04:19.359+0000] {processor.py:809} INFO - DAG(s) dict_keys(['example_time_delta_sensor_async']) retrieved from /home/airflow/.local/lib/python3.7/site-packages/airflow/example_dags/example_time_delta_sensor_async.py
[2026-03-03T01:04:19.373+0000] {logging_mixin.py:149} INFO - [2026-03-03T01:04:19.373+0000] {dag.py:2726} INFO - Sync 1 DAGs
[2026-03-03T01:04:19.384+0000] {logging_mixin.py:149} INFO - [2026-03-03T01:04:19.384+0000] {dag.py:3490} INFO - Setting next_dagrun for example_time_delta_sensor_async to None, run_after=None
[2026-03-03T01:04:19.391+0000] {processor.py:178} INFO - Processing /home/airflow/.local/lib/python3.7/site-packages/airflow/example_dags/example_time_delta_sensor_async.py took 0.037 seconds
[2026-03-03T01:04:49.947+0000] {processor.py:156} INFO - Started process (PID=1116) to work on /home/airflow/.local/lib/python3.7/site-packages/airflow/example_dags/example_time_delta_sensor_async.py
[2026-03-03T01:04:49.948+0000] {processor.py:799} INFO - Processing file /home/airflow/.local/lib/python3.7/site-packages/airflow/example_dags/example_time_delta_sensor_async.py for tasks to queue
[2026-03-03T01:04:49.948+0000] {logging_mixin.py:149} INFO - [2026-03-03T01:04:49.948+0000] {dagbag.py:541} INFO - Filling up the DagBag from /home/airflow/.local/lib/python3.7/site-packages/airflow/example_dags/example_time_delta_sensor_async.py
[2026-03-03T01:04:49.951+0000] {processor.py:809} INFO - DAG(s) dict_keys(['example_time_delta_sensor_async']) retrieved from /home/airflow/.local/lib/python3.7/site-packages/airflow/example_dags/example_time_delta_sensor_async.py
[2026-03-03T01:04:49.965+0000] {logging_mixin.py:149} INFO - [2026-03-03T01:04:49.965+0000] {dag.py:2726} INFO - Sync 1 DAGs
[2026-03-03T01:04:49.977+0000] {logging_mixin.py:149} INFO - [2026-03-03T01:04:49.977+0000] {dag.py:3490} INFO - Setting next_dagrun for example_time_delta_sensor_async to None, run_after=None
[2026-03-03T01:04:49.985+0000] {processor.py:178} INFO - Processing /home/airflow/.local/lib/python3.7/site-packages/airflow/example_dags/example_time_delta_sensor_async.py took 0.040 seconds
[2026-03-03T01:05:20.757+0000] {processor.py:156} INFO - Started process (PID=1178) to work on /home/airflow/.local/lib/python3.7/site-packages/airflow/example_dags/example_time_delta_sensor_async.py
[2026-03-03T01:05:20.758+0000] {processor.py:799} INFO - Processing file /home/airflow/.local/lib/python3.7/site-packages/airflow/example_dags/example_time_delta_sensor_async.py for tasks to queue
[2026-03-03T01:05:20.758+0000] {logging_mixin.py:149} INFO - [2026-03-03T01:05:20.758+0000] {dagbag.py:541} INFO - Filling up the DagBag from /home/airflow/.local/lib/python3.7/site-packages/airflow/example_dags/example_time_delta_sensor_async.py
[2026-03-03T01:05:20.761+0000] {processor.py:809} INFO - DAG(s) dict_keys(['example_time_delta_sensor_async']) retrieved from /home/airflow/.local/lib/python3.7/site-packages/airflow/example_dags/example_time_delta_sensor_async.py
[2026-03-03T01:05:20.775+0000] {logging_mixin.py:149} INFO - [2026-03-03T01:05:20.775+0000] {dag.py:2726} INFO - Sync 1 DAGs
[2026-03-03T01:05:20.788+0000] {logging_mixin.py:149} INFO - [2026-03-03T01:05:20.788+0000] {dag.py:3490} INFO - Setting next_dagrun for example_time_delta_sensor_async to None, run_after=None
[2026-03-03T01:05:20.797+0000] {processor.py:178} INFO - Processing /home/airflow/.local/lib/python3.7/site-packages/airflow/example_dags/example_time_delta_sensor_async.py took 0.041 seconds
[2026-03-03T01:05:51.449+0000] {processor.py:156} INFO - Started process (PID=1240) to work on /home/airflow/.local/lib/python3.7/site-packages/airflow/example_dags/example_time_delta_sensor_async.py
[2026-03-03T01:05:51.450+0000] {processor.py:799} INFO - Processing file /home/airflow/.local/lib/python3.7/site-packages/airflow/example_dags/example_time_delta_sensor_async.py for tasks to queue
[2026-03-03T01:05:51.450+0000] {logging_mixin.py:149} INFO - [2026-03-03T01:05:51.450+0000] {dagbag.py:541} INFO - Filling up the DagBag from /home/airflow/.local/lib/python3.7/site-packages/airflow/example_dags/example_time_delta_sensor_async.py
[2026-03-03T01:05:51.452+0000] {processor.py:809} INFO - DAG(s) dict_keys(['example_time_delta_sensor_async']) retrieved from /home/airflow/.local/lib/python3.7/site-packages/airflow/example_dags/example_time_delta_sensor_async.py
[2026-03-03T01:05:51.465+0000] {logging_mixin.py:149} INFO - [2026-03-03T01:05:51.465+0000] {dag.py:2726} INFO - Sync 1 DAGs
[2026-03-03T01:05:51.478+0000] {logging_mixin.py:149} INFO - [2026-03-03T01:05:51.477+0000] {dag.py:3490} INFO - Setting next_dagrun for example_time_delta_sensor_async to None, run_after=None
[2026-03-03T01:05:51.487+0000] {processor.py:178} INFO - Processing /home/airflow/.local/lib/python3.7/site-packages/airflow/example_dags/example_time_delta_sensor_async.py took 0.039 seconds
[2026-03-03T01:06:21.935+0000] {processor.py:156} INFO - Started process (PID=1302) to work on /home/airflow/.local/lib/python3.7/site-packages/airflow/example_dags/example_time_delta_sensor_async.py
[2026-03-03T01:06:21.935+0000] {processor.py:799} INFO - Processing file /home/airflow/.local/lib/python3.7/site-packages/airflow/example_dags/example_time_delta_sensor_async.py for tasks to queue
[2026-03-03T01:06:21.936+0000] {logging_mixin.py:149} INFO - [2026-03-03T01:06:21.936+0000] {dagbag.py:541} INFO - Filling up the DagBag from /home/airflow/.local/lib/python3.7/site-packages/airflow/example_dags/example_time_delta_sensor_async.py
[2026-03-03T01:06:21.937+0000] {processor.py:809} INFO - DAG(s) dict_keys(['example_time_delta_sensor_async']) retrieved from /home/airflow/.local/lib/python3.7/site-packages/airflow/example_dags/example_time_delta_sensor_async.py
[2026-03-03T01:06:21.950+0000] {logging_mixin.py:149} INFO - [2026-03-03T01:06:21.950+0000] {dag.py:2726} INFO - Sync 1 DAGs
[2026-03-03T01:06:21.961+0000] {logging_mixin.py:149} INFO - [2026-03-03T01:06:21.961+0000] {dag.py:3490} INFO - Setting next_dagrun for example_time_delta_sensor_async to None, run_after=None
[2026-03-03T01:06:21.969+0000] {processor.py:178} INFO - Processing /home/airflow/.local/lib/python3.7/site-packages/airflow/example_dags/example_time_delta_sensor_async.py took 0.035 seconds
[2026-03-03T01:07:09.612+0000] {processor.py:156} INFO - Started process (PID=54) to work on /home/airflow/.local/lib/python3.7/site-packages/airflow/example_dags/example_time_delta_sensor_async.py
[2026-03-03T01:07:09.612+0000] {processor.py:799} INFO - Processing file /home/airflow/.local/lib/python3.7/site-packages/airflow/example_dags/example_time_delta_sensor_async.py for tasks to queue
[2026-03-03T01:07:09.613+0000] {logging_mixin.py:149} INFO - [2026-03-03T01:07:09.613+0000] {dagbag.py:541} INFO - Filling up the DagBag from /home/airflow/.local/lib/python3.7/site-packages/airflow/example_dags/example_time_delta_sensor_async.py
[2026-03-03T01:07:09.619+0000] {processor.py:809} INFO - DAG(s) dict_keys(['example_time_delta_sensor_async']) retrieved from /home/airflow/.local/lib/python3.7/site-packages/airflow/example_dags/example_time_delta_sensor_async.py
[2026-03-03T01:07:09.631+0000] {logging_mixin.py:149} INFO - [2026-03-03T01:07:09.631+0000] {dag.py:2726} INFO - Sync 1 DAGs
[2026-03-03T01:07:09.649+0000] {logging_mixin.py:149} INFO - [2026-03-03T01:07:09.649+0000] {dag.py:3490} INFO - Setting next_dagrun for example_time_delta_sensor_async to None, run_after=None
[2026-03-03T01:07:09.671+0000] {processor.py:178} INFO - Processing /home/airflow/.local/lib/python3.7/site-packages/airflow/example_dags/example_time_delta_sensor_async.py took 0.062 seconds
[2026-03-03T01:07:39.726+0000] {processor.py:156} INFO - Started process (PID=116) to work on /home/airflow/.local/lib/python3.7/site-packages/airflow/example_dags/example_time_delta_sensor_async.py
[2026-03-03T01:07:39.728+0000] {processor.py:799} INFO - Processing file /home/airflow/.local/lib/python3.7/site-packages/airflow/example_dags/example_time_delta_sensor_async.py for tasks to queue
[2026-03-03T01:07:39.728+0000] {logging_mixin.py:149} INFO - [2026-03-03T01:07:39.728+0000] {dagbag.py:541} INFO - Filling up the DagBag from /home/airflow/.local/lib/python3.7/site-packages/airflow/example_dags/example_time_delta_sensor_async.py
[2026-03-03T01:07:39.731+0000] {processor.py:809} INFO - DAG(s) dict_keys(['example_time_delta_sensor_async']) retrieved from /home/airflow/.local/lib/python3.7/site-packages/airflow/example_dags/example_time_delta_sensor_async.py
[2026-03-03T01:07:39.748+0000] {logging_mixin.py:149} INFO - [2026-03-03T01:07:39.747+0000] {dag.py:2726} INFO - Sync 1 DAGs
[2026-03-03T01:07:39.761+0000] {logging_mixin.py:149} INFO - [2026-03-03T01:07:39.761+0000] {dag.py:3490} INFO - Setting next_dagrun for example_time_delta_sensor_async to None, run_after=None
[2026-03-03T01:07:39.767+0000] {processor.py:178} INFO - Processing /home/airflow/.local/lib/python3.7/site-packages/airflow/example_dags/example_time_delta_sensor_async.py took 0.043 seconds
[2026-03-03T01:08:16.639+0000] {processor.py:156} INFO - Started process (PID=185) to work on /home/airflow/.local/lib/python3.7/site-packages/airflow/example_dags/example_time_delta_sensor_async.py
[2026-03-03T01:08:16.641+0000] {processor.py:799} INFO - Processing file /home/airflow/.local/lib/python3.7/site-packages/airflow/example_dags/example_time_delta_sensor_async.py for tasks to queue
[2026-03-03T01:08:16.646+0000] {logging_mixin.py:149} INFO - [2026-03-03T01:08:16.646+0000] {dagbag.py:541} INFO - Filling up the DagBag from /home/airflow/.local/lib/python3.7/site-packages/airflow/example_dags/example_time_delta_sensor_async.py
[2026-03-03T01:08:16.658+0000] {processor.py:809} INFO - DAG(s) dict_keys(['example_time_delta_sensor_async']) retrieved from /home/airflow/.local/lib/python3.7/site-packages/airflow/example_dags/example_time_delta_sensor_async.py
[2026-03-03T01:08:16.744+0000] {logging_mixin.py:149} INFO - [2026-03-03T01:08:16.743+0000] {dag.py:2726} INFO - Sync 1 DAGs
[2026-03-03T01:08:17.180+0000] {logging_mixin.py:149} INFO - [2026-03-03T01:08:17.179+0000] {dag.py:3490} INFO - Setting next_dagrun for example_time_delta_sensor_async to None, run_after=None
[2026-03-03T01:08:17.244+0000] {processor.py:178} INFO - Processing /home/airflow/.local/lib/python3.7/site-packages/airflow/example_dags/example_time_delta_sensor_async.py took 0.611 seconds
[2026-03-03T01:08:48.142+0000] {processor.py:156} INFO - Started process (PID=247) to work on /home/airflow/.local/lib/python3.7/site-packages/airflow/example_dags/example_time_delta_sensor_async.py
[2026-03-03T01:08:48.143+0000] {processor.py:799} INFO - Processing file /home/airflow/.local/lib/python3.7/site-packages/airflow/example_dags/example_time_delta_sensor_async.py for tasks to queue
[2026-03-03T01:08:48.144+0000] {logging_mixin.py:149} INFO - [2026-03-03T01:08:48.143+0000] {dagbag.py:541} INFO - Filling up the DagBag from /home/airflow/.local/lib/python3.7/site-packages/airflow/example_dags/example_time_delta_sensor_async.py
[2026-03-03T01:08:48.147+0000] {processor.py:809} INFO - DAG(s) dict_keys(['example_time_delta_sensor_async']) retrieved from /home/airflow/.local/lib/python3.7/site-packages/airflow/example_dags/example_time_delta_sensor_async.py
[2026-03-03T01:08:48.172+0000] {logging_mixin.py:149} INFO - [2026-03-03T01:08:48.172+0000] {dag.py:2726} INFO - Sync 1 DAGs
[2026-03-03T01:08:48.189+0000] {logging_mixin.py:149} INFO - [2026-03-03T01:08:48.189+0000] {dag.py:3490} INFO - Setting next_dagrun for example_time_delta_sensor_async to None, run_after=None
[2026-03-03T01:08:48.205+0000] {processor.py:178} INFO - Processing /home/airflow/.local/lib/python3.7/site-packages/airflow/example_dags/example_time_delta_sensor_async.py took 0.066 seconds
[2026-03-03T01:09:19.106+0000] {processor.py:156} INFO - Started process (PID=309) to work on /home/airflow/.local/lib/python3.7/site-packages/airflow/example_dags/example_time_delta_sensor_async.py
[2026-03-03T01:09:19.108+0000] {processor.py:799} INFO - Processing file /home/airflow/.local/lib/python3.7/site-packages/airflow/example_dags/example_time_delta_sensor_async.py for tasks to queue
[2026-03-03T01:09:19.108+0000] {logging_mixin.py:149} INFO - [2026-03-03T01:09:19.108+0000] {dagbag.py:541} INFO - Filling up the DagBag from /home/airflow/.local/lib/python3.7/site-packages/airflow/example_dags/example_time_delta_sensor_async.py
[2026-03-03T01:09:19.112+0000] {processor.py:809} INFO - DAG(s) dict_keys(['example_time_delta_sensor_async']) retrieved from /home/airflow/.local/lib/python3.7/site-packages/airflow/example_dags/example_time_delta_sensor_async.py
[2026-03-03T01:09:19.136+0000] {logging_mixin.py:149} INFO - [2026-03-03T01:09:19.136+0000] {dag.py:2726} INFO - Sync 1 DAGs
[2026-03-03T01:09:19.157+0000] {logging_mixin.py:149} INFO - [2026-03-03T01:09:19.157+0000] {dag.py:3490} INFO - Setting next_dagrun for example_time_delta_sensor_async to None, run_after=None
[2026-03-03T01:09:19.174+0000] {processor.py:178} INFO - Processing /home/airflow/.local/lib/python3.7/site-packages/airflow/example_dags/example_time_delta_sensor_async.py took 0.072 seconds
[2026-03-03T01:09:49.233+0000] {processor.py:156} INFO - Started process (PID=371) to work on /home/airflow/.local/lib/python3.7/site-packages/airflow/example_dags/example_time_delta_sensor_async.py
[2026-03-03T01:09:49.235+0000] {processor.py:799} INFO - Processing file /home/airflow/.local/lib/python3.7/site-packages/airflow/example_dags/example_time_delta_sensor_async.py for tasks to queue
[2026-03-03T01:09:49.236+0000] {logging_mixin.py:149} INFO - [2026-03-03T01:09:49.236+0000] {dagbag.py:541} INFO - Filling up the DagBag from /home/airflow/.local/lib/python3.7/site-packages/airflow/example_dags/example_time_delta_sensor_async.py
[2026-03-03T01:09:49.242+0000] {processor.py:809} INFO - DAG(s) dict_keys(['example_time_delta_sensor_async']) retrieved from /home/airflow/.local/lib/python3.7/site-packages/airflow/example_dags/example_time_delta_sensor_async.py
[2026-03-03T01:09:49.312+0000] {logging_mixin.py:149} INFO - [2026-03-03T01:09:49.311+0000] {dag.py:2726} INFO - Sync 1 DAGs
[2026-03-03T01:09:49.386+0000] {logging_mixin.py:149} INFO - [2026-03-03T01:09:49.386+0000] {dag.py:3490} INFO - Setting next_dagrun for example_time_delta_sensor_async to None, run_after=None
[2026-03-03T01:09:49.450+0000] {processor.py:178} INFO - Processing /home/airflow/.local/lib/python3.7/site-packages/airflow/example_dags/example_time_delta_sensor_async.py took 0.222 seconds
[2026-03-03T01:10:20.008+0000] {processor.py:156} INFO - Started process (PID=433) to work on /home/airflow/.local/lib/python3.7/site-packages/airflow/example_dags/example_time_delta_sensor_async.py
[2026-03-03T01:10:20.013+0000] {processor.py:799} INFO - Processing file /home/airflow/.local/lib/python3.7/site-packages/airflow/example_dags/example_time_delta_sensor_async.py for tasks to queue
[2026-03-03T01:10:20.016+0000] {logging_mixin.py:149} INFO - [2026-03-03T01:10:20.016+0000] {dagbag.py:541} INFO - Filling up the DagBag from /home/airflow/.local/lib/python3.7/site-packages/airflow/example_dags/example_time_delta_sensor_async.py
[2026-03-03T01:10:20.028+0000] {processor.py:809} INFO - DAG(s) dict_keys(['example_time_delta_sensor_async']) retrieved from /home/airflow/.local/lib/python3.7/site-packages/airflow/example_dags/example_time_delta_sensor_async.py
[2026-03-03T01:10:20.104+0000] {logging_mixin.py:149} INFO - [2026-03-03T01:10:20.104+0000] {dag.py:2726} INFO - Sync 1 DAGs
[2026-03-03T01:10:20.190+0000] {logging_mixin.py:149} INFO - [2026-03-03T01:10:20.189+0000] {dag.py:3490} INFO - Setting next_dagrun for example_time_delta_sensor_async to None, run_after=None
[2026-03-03T01:10:20.247+0000] {processor.py:178} INFO - Processing /home/airflow/.local/lib/python3.7/site-packages/airflow/example_dags/example_time_delta_sensor_async.py took 0.246 seconds
[2026-03-03T01:10:50.934+0000] {processor.py:156} INFO - Started process (PID=495) to work on /home/airflow/.local/lib/python3.7/site-packages/airflow/example_dags/example_time_delta_sensor_async.py
[2026-03-03T01:10:50.937+0000] {processor.py:799} INFO - Processing file /home/airflow/.local/lib/python3.7/site-packages/airflow/example_dags/example_time_delta_sensor_async.py for tasks to queue
[2026-03-03T01:10:50.940+0000] {logging_mixin.py:149} INFO - [2026-03-03T01:10:50.939+0000] {dagbag.py:541} INFO - Filling up the DagBag from /home/airflow/.local/lib/python3.7/site-packages/airflow/example_dags/example_time_delta_sensor_async.py
[2026-03-03T01:10:50.951+0000] {processor.py:809} INFO - DAG(s) dict_keys(['example_time_delta_sensor_async']) retrieved from /home/airflow/.local/lib/python3.7/site-packages/airflow/example_dags/example_time_delta_sensor_async.py
[2026-03-03T01:10:51.000+0000] {logging_mixin.py:149} INFO - [2026-03-03T01:10:50.999+0000] {dag.py:2726} INFO - Sync 1 DAGs
[2026-03-03T01:10:51.057+0000] {logging_mixin.py:149} INFO - [2026-03-03T01:10:51.057+0000] {dag.py:3490} INFO - Setting next_dagrun for example_time_delta_sensor_async to None, run_after=None
[2026-03-03T01:10:51.110+0000] {processor.py:178} INFO - Processing /home/airflow/.local/lib/python3.7/site-packages/airflow/example_dags/example_time_delta_sensor_async.py took 0.184 seconds
[2026-03-03T01:11:21.938+0000] {processor.py:156} INFO - Started process (PID=557) to work on /home/airflow/.local/lib/python3.7/site-packages/airflow/example_dags/example_time_delta_sensor_async.py
[2026-03-03T01:11:21.939+0000] {processor.py:799} INFO - Processing file /home/airflow/.local/lib/python3.7/site-packages/airflow/example_dags/example_time_delta_sensor_async.py for tasks to queue
[2026-03-03T01:11:21.939+0000] {logging_mixin.py:149} INFO - [2026-03-03T01:11:21.939+0000] {dagbag.py:541} INFO - Filling up the DagBag from /home/airflow/.local/lib/python3.7/site-packages/airflow/example_dags/example_time_delta_sensor_async.py
[2026-03-03T01:11:21.942+0000] {processor.py:809} INFO - DAG(s) dict_keys(['example_time_delta_sensor_async']) retrieved from /home/airflow/.local/lib/python3.7/site-packages/airflow/example_dags/example_time_delta_sensor_async.py
[2026-03-03T01:11:21.962+0000] {logging_mixin.py:149} INFO - [2026-03-03T01:11:21.961+0000] {dag.py:2726} INFO - Sync 1 DAGs
[2026-03-03T01:11:21.976+0000] {logging_mixin.py:149} INFO - [2026-03-03T01:11:21.976+0000] {dag.py:3490} INFO - Setting next_dagrun for example_time_delta_sensor_async to None, run_after=None
[2026-03-03T01:11:21.990+0000] {processor.py:178} INFO - Processing /home/airflow/.local/lib/python3.7/site-packages/airflow/example_dags/example_time_delta_sensor_async.py took 0.054 seconds
[2026-03-03T01:11:53.221+0000] {processor.py:156} INFO - Started process (PID=619) to work on /home/airflow/.local/lib/python3.7/site-packages/airflow/example_dags/example_time_delta_sensor_async.py
[2026-03-03T01:11:53.223+0000] {processor.py:799} INFO - Processing file /home/airflow/.local/lib/python3.7/site-packages/airflow/example_dags/example_time_delta_sensor_async.py for tasks to queue
[2026-03-03T01:11:53.225+0000] {logging_mixin.py:149} INFO - [2026-03-03T01:11:53.225+0000] {dagbag.py:541} INFO - Filling up the DagBag from /home/airflow/.local/lib/python3.7/site-packages/airflow/example_dags/example_time_delta_sensor_async.py
[2026-03-03T01:11:53.234+0000] {processor.py:809} INFO - DAG(s) dict_keys(['example_time_delta_sensor_async']) retrieved from /home/airflow/.local/lib/python3.7/site-packages/airflow/example_dags/example_time_delta_sensor_async.py
[2026-03-03T01:11:53.304+0000] {logging_mixin.py:149} INFO - [2026-03-03T01:11:53.304+0000] {dag.py:2726} INFO - Sync 1 DAGs
[2026-03-03T01:11:53.368+0000] {logging_mixin.py:149} INFO - [2026-03-03T01:11:53.367+0000] {dag.py:3490} INFO - Setting next_dagrun for example_time_delta_sensor_async to None, run_after=None
[2026-03-03T01:11:53.433+0000] {processor.py:178} INFO - Processing /home/airflow/.local/lib/python3.7/site-packages/airflow/example_dags/example_time_delta_sensor_async.py took 0.218 seconds
[2026-03-03T01:12:23.823+0000] {processor.py:156} INFO - Started process (PID=681) to work on /home/airflow/.local/lib/python3.7/site-packages/airflow/example_dags/example_time_delta_sensor_async.py
[2026-03-03T01:12:23.826+0000] {processor.py:799} INFO - Processing file /home/airflow/.local/lib/python3.7/site-packages/airflow/example_dags/example_time_delta_sensor_async.py for tasks to queue
[2026-03-03T01:12:23.828+0000] {logging_mixin.py:149} INFO - [2026-03-03T01:12:23.828+0000] {dagbag.py:541} INFO - Filling up the DagBag from /home/airflow/.local/lib/python3.7/site-packages/airflow/example_dags/example_time_delta_sensor_async.py
[2026-03-03T01:12:23.836+0000] {processor.py:809} INFO - DAG(s) dict_keys(['example_time_delta_sensor_async']) retrieved from /home/airflow/.local/lib/python3.7/site-packages/airflow/example_dags/example_time_delta_sensor_async.py
[2026-03-03T01:12:23.887+0000] {logging_mixin.py:149} INFO - [2026-03-03T01:12:23.886+0000] {dag.py:2726} INFO - Sync 1 DAGs
[2026-03-03T01:12:23.942+0000] {logging_mixin.py:149} INFO - [2026-03-03T01:12:23.941+0000] {dag.py:3490} INFO - Setting next_dagrun for example_time_delta_sensor_async to None, run_after=None
[2026-03-03T01:12:23.982+0000] {processor.py:178} INFO - Processing /home/airflow/.local/lib/python3.7/site-packages/airflow/example_dags/example_time_delta_sensor_async.py took 0.165 seconds
[2026-03-03T01:12:54.043+0000] {processor.py:156} INFO - Started process (PID=743) to work on /home/airflow/.local/lib/python3.7/site-packages/airflow/example_dags/example_time_delta_sensor_async.py
[2026-03-03T01:12:54.044+0000] {processor.py:799} INFO - Processing file /home/airflow/.local/lib/python3.7/site-packages/airflow/example_dags/example_time_delta_sensor_async.py for tasks to queue
[2026-03-03T01:12:54.044+0000] {logging_mixin.py:149} INFO - [2026-03-03T01:12:54.044+0000] {dagbag.py:541} INFO - Filling up the DagBag from /home/airflow/.local/lib/python3.7/site-packages/airflow/example_dags/example_time_delta_sensor_async.py
[2026-03-03T01:12:54.047+0000] {processor.py:809} INFO - DAG(s) dict_keys(['example_time_delta_sensor_async']) retrieved from /home/airflow/.local/lib/python3.7/site-packages/airflow/example_dags/example_time_delta_sensor_async.py
[2026-03-03T01:12:54.062+0000] {logging_mixin.py:149} INFO - [2026-03-03T01:12:54.062+0000] {dag.py:2726} INFO - Sync 1 DAGs
[2026-03-03T01:12:54.076+0000] {logging_mixin.py:149} INFO - [2026-03-03T01:12:54.076+0000] {dag.py:3490} INFO - Setting next_dagrun for example_time_delta_sensor_async to None, run_after=None
[2026-03-03T01:12:54.087+0000] {processor.py:178} INFO - Processing /home/airflow/.local/lib/python3.7/site-packages/airflow/example_dags/example_time_delta_sensor_async.py took 0.046 seconds
[2026-03-03T01:13:24.480+0000] {processor.py:156} INFO - Started process (PID=805) to work on /home/airflow/.local/lib/python3.7/site-packages/airflow/example_dags/example_time_delta_sensor_async.py
[2026-03-03T01:13:24.481+0000] {processor.py:799} INFO - Processing file /home/airflow/.local/lib/python3.7/site-packages/airflow/example_dags/example_time_delta_sensor_async.py for tasks to queue
[2026-03-03T01:13:24.481+0000] {logging_mixin.py:149} INFO - [2026-03-03T01:13:24.481+0000] {dagbag.py:541} INFO - Filling up the DagBag from /home/airflow/.local/lib/python3.7/site-packages/airflow/example_dags/example_time_delta_sensor_async.py
[2026-03-03T01:13:24.483+0000] {processor.py:809} INFO - DAG(s) dict_keys(['example_time_delta_sensor_async']) retrieved from /home/airflow/.local/lib/python3.7/site-packages/airflow/example_dags/example_time_delta_sensor_async.py
[2026-03-03T01:13:24.494+0000] {logging_mixin.py:149} INFO - [2026-03-03T01:13:24.494+0000] {dag.py:2726} INFO - Sync 1 DAGs
[2026-03-03T01:13:24.504+0000] {logging_mixin.py:149} INFO - [2026-03-03T01:13:24.504+0000] {dag.py:3490} INFO - Setting next_dagrun for example_time_delta_sensor_async to None, run_after=None
[2026-03-03T01:13:24.511+0000] {processor.py:178} INFO - Processing /home/airflow/.local/lib/python3.7/site-packages/airflow/example_dags/example_time_delta_sensor_async.py took 0.033 seconds
[2026-03-03T01:13:55.192+0000] {processor.py:156} INFO - Started process (PID=867) to work on /home/airflow/.local/lib/python3.7/site-packages/airflow/example_dags/example_time_delta_sensor_async.py
[2026-03-03T01:13:55.193+0000] {processor.py:799} INFO - Processing file /home/airflow/.local/lib/python3.7/site-packages/airflow/example_dags/example_time_delta_sensor_async.py for tasks to queue
[2026-03-03T01:13:55.193+0000] {logging_mixin.py:149} INFO - [2026-03-03T01:13:55.193+0000] {dagbag.py:541} INFO - Filling up the DagBag from /home/airflow/.local/lib/python3.7/site-packages/airflow/example_dags/example_time_delta_sensor_async.py
[2026-03-03T01:13:55.195+0000] {processor.py:809} INFO - DAG(s) dict_keys(['example_time_delta_sensor_async']) retrieved from /home/airflow/.local/lib/python3.7/site-packages/airflow/example_dags/example_time_delta_sensor_async.py
[2026-03-03T01:13:55.211+0000] {logging_mixin.py:149} INFO - [2026-03-03T01:13:55.211+0000] {dag.py:2726} INFO - Sync 1 DAGs
[2026-03-03T01:13:55.224+0000] {logging_mixin.py:149} INFO - [2026-03-03T01:13:55.224+0000] {dag.py:3490} INFO - Setting next_dagrun for example_time_delta_sensor_async to None, run_after=None
[2026-03-03T01:13:55.232+0000] {processor.py:178} INFO - Processing /home/airflow/.local/lib/python3.7/site-packages/airflow/example_dags/example_time_delta_sensor_async.py took 0.043 seconds
[2026-03-03T01:14:25.936+0000] {processor.py:156} INFO - Started process (PID=929) to work on /home/airflow/.local/lib/python3.7/site-packages/airflow/example_dags/example_time_delta_sensor_async.py
[2026-03-03T01:14:25.936+0000] {processor.py:799} INFO - Processing file /home/airflow/.local/lib/python3.7/site-packages/airflow/example_dags/example_time_delta_sensor_async.py for tasks to queue
[2026-03-03T01:14:25.937+0000] {logging_mixin.py:149} INFO - [2026-03-03T01:14:25.937+0000] {dagbag.py:541} INFO - Filling up the DagBag from /home/airflow/.local/lib/python3.7/site-packages/airflow/example_dags/example_time_delta_sensor_async.py
[2026-03-03T01:14:25.939+0000] {processor.py:809} INFO - DAG(s) dict_keys(['example_time_delta_sensor_async']) retrieved from /home/airflow/.local/lib/python3.7/site-packages/airflow/example_dags/example_time_delta_sensor_async.py
[2026-03-03T01:14:25.954+0000] {logging_mixin.py:149} INFO - [2026-03-03T01:14:25.954+0000] {dag.py:2726} INFO - Sync 1 DAGs
[2026-03-03T01:14:25.964+0000] {logging_mixin.py:149} INFO - [2026-03-03T01:14:25.964+0000] {dag.py:3490} INFO - Setting next_dagrun for example_time_delta_sensor_async to None, run_after=None
[2026-03-03T01:14:25.974+0000] {processor.py:178} INFO - Processing /home/airflow/.local/lib/python3.7/site-packages/airflow/example_dags/example_time_delta_sensor_async.py took 0.041 seconds
[2026-03-03T01:14:56.364+0000] {processor.py:156} INFO - Started process (PID=991) to work on /home/airflow/.local/lib/python3.7/site-packages/airflow/example_dags/example_time_delta_sensor_async.py
[2026-03-03T01:14:56.365+0000] {processor.py:799} INFO - Processing file /home/airflow/.local/lib/python3.7/site-packages/airflow/example_dags/example_time_delta_sensor_async.py for tasks to queue
[2026-03-03T01:14:56.365+0000] {logging_mixin.py:149} INFO - [2026-03-03T01:14:56.365+0000] {dagbag.py:541} INFO - Filling up the DagBag from /home/airflow/.local/lib/python3.7/site-packages/airflow/example_dags/example_time_delta_sensor_async.py
[2026-03-03T01:14:56.368+0000] {processor.py:809} INFO - DAG(s) dict_keys(['example_time_delta_sensor_async']) retrieved from /home/airflow/.local/lib/python3.7/site-packages/airflow/example_dags/example_time_delta_sensor_async.py
[2026-03-03T01:14:56.386+0000] {logging_mixin.py:149} INFO - [2026-03-03T01:14:56.385+0000] {dag.py:2726} INFO - Sync 1 DAGs
[2026-03-03T01:14:56.399+0000] {logging_mixin.py:149} INFO - [2026-03-03T01:14:56.398+0000] {dag.py:3490} INFO - Setting next_dagrun for example_time_delta_sensor_async to None, run_after=None
[2026-03-03T01:14:56.409+0000] {processor.py:178} INFO - Processing /home/airflow/.local/lib/python3.7/site-packages/airflow/example_dags/example_time_delta_sensor_async.py took 0.047 seconds
[2026-03-03T01:15:27.272+0000] {processor.py:156} INFO - Started process (PID=1053) to work on /home/airflow/.local/lib/python3.7/site-packages/airflow/example_dags/example_time_delta_sensor_async.py
[2026-03-03T01:15:27.273+0000] {processor.py:799} INFO - Processing file /home/airflow/.local/lib/python3.7/site-packages/airflow/example_dags/example_time_delta_sensor_async.py for tasks to queue
[2026-03-03T01:15:27.274+0000] {logging_mixin.py:149} INFO - [2026-03-03T01:15:27.274+0000] {dagbag.py:541} INFO - Filling up the DagBag from /home/airflow/.local/lib/python3.7/site-packages/airflow/example_dags/example_time_delta_sensor_async.py
[2026-03-03T01:15:27.276+0000] {processor.py:809} INFO - DAG(s) dict_keys(['example_time_delta_sensor_async']) retrieved from /home/airflow/.local/lib/python3.7/site-packages/airflow/example_dags/example_time_delta_sensor_async.py
[2026-03-03T01:15:27.292+0000] {logging_mixin.py:149} INFO - [2026-03-03T01:15:27.292+0000] {dag.py:2726} INFO - Sync 1 DAGs
[2026-03-03T01:15:27.306+0000] {logging_mixin.py:149} INFO - [2026-03-03T01:15:27.306+0000] {dag.py:3490} INFO - Setting next_dagrun for example_time_delta_sensor_async to None, run_after=None
[2026-03-03T01:15:27.316+0000] {processor.py:178} INFO - Processing /home/airflow/.local/lib/python3.7/site-packages/airflow/example_dags/example_time_delta_sensor_async.py took 0.046 seconds
[2026-03-03T01:15:58.106+0000] {processor.py:156} INFO - Started process (PID=1114) to work on /home/airflow/.local/lib/python3.7/site-packages/airflow/example_dags/example_time_delta_sensor_async.py
[2026-03-03T01:15:58.106+0000] {processor.py:799} INFO - Processing file /home/airflow/.local/lib/python3.7/site-packages/airflow/example_dags/example_time_delta_sensor_async.py for tasks to queue
[2026-03-03T01:15:58.107+0000] {logging_mixin.py:149} INFO - [2026-03-03T01:15:58.107+0000] {dagbag.py:541} INFO - Filling up the DagBag from /home/airflow/.local/lib/python3.7/site-packages/airflow/example_dags/example_time_delta_sensor_async.py
[2026-03-03T01:15:58.110+0000] {processor.py:809} INFO - DAG(s) dict_keys(['example_time_delta_sensor_async']) retrieved from /home/airflow/.local/lib/python3.7/site-packages/airflow/example_dags/example_time_delta_sensor_async.py
[2026-03-03T01:15:58.126+0000] {logging_mixin.py:149} INFO - [2026-03-03T01:15:58.125+0000] {dag.py:2726} INFO - Sync 1 DAGs
[2026-03-03T01:15:58.138+0000] {logging_mixin.py:149} INFO - [2026-03-03T01:15:58.137+0000] {dag.py:3490} INFO - Setting next_dagrun for example_time_delta_sensor_async to None, run_after=None
[2026-03-03T01:15:58.146+0000] {processor.py:178} INFO - Processing /home/airflow/.local/lib/python3.7/site-packages/airflow/example_dags/example_time_delta_sensor_async.py took 0.043 seconds
[2026-03-03T01:16:28.769+0000] {processor.py:156} INFO - Started process (PID=1176) to work on /home/airflow/.local/lib/python3.7/site-packages/airflow/example_dags/example_time_delta_sensor_async.py
[2026-03-03T01:16:28.772+0000] {processor.py:799} INFO - Processing file /home/airflow/.local/lib/python3.7/site-packages/airflow/example_dags/example_time_delta_sensor_async.py for tasks to queue
[2026-03-03T01:16:28.774+0000] {logging_mixin.py:149} INFO - [2026-03-03T01:16:28.774+0000] {dagbag.py:541} INFO - Filling up the DagBag from /home/airflow/.local/lib/python3.7/site-packages/airflow/example_dags/example_time_delta_sensor_async.py
[2026-03-03T01:16:28.785+0000] {processor.py:809} INFO - DAG(s) dict_keys(['example_time_delta_sensor_async']) retrieved from /home/airflow/.local/lib/python3.7/site-packages/airflow/example_dags/example_time_delta_sensor_async.py
[2026-03-03T01:16:28.849+0000] {logging_mixin.py:149} INFO - [2026-03-03T01:16:28.848+0000] {dag.py:2726} INFO - Sync 1 DAGs
[2026-03-03T01:16:28.921+0000] {logging_mixin.py:149} INFO - [2026-03-03T01:16:28.920+0000] {dag.py:3490} INFO - Setting next_dagrun for example_time_delta_sensor_async to None, run_after=None
[2026-03-03T01:16:28.985+0000] {processor.py:178} INFO - Processing /home/airflow/.local/lib/python3.7/site-packages/airflow/example_dags/example_time_delta_sensor_async.py took 0.226 seconds
[2026-03-03T01:16:59.318+0000] {processor.py:156} INFO - Started process (PID=1238) to work on /home/airflow/.local/lib/python3.7/site-packages/airflow/example_dags/example_time_delta_sensor_async.py
[2026-03-03T01:16:59.321+0000] {processor.py:799} INFO - Processing file /home/airflow/.local/lib/python3.7/site-packages/airflow/example_dags/example_time_delta_sensor_async.py for tasks to queue
[2026-03-03T01:16:59.322+0000] {logging_mixin.py:149} INFO - [2026-03-03T01:16:59.322+0000] {dagbag.py:541} INFO - Filling up the DagBag from /home/airflow/.local/lib/python3.7/site-packages/airflow/example_dags/example_time_delta_sensor_async.py
[2026-03-03T01:16:59.329+0000] {processor.py:809} INFO - DAG(s) dict_keys(['example_time_delta_sensor_async']) retrieved from /home/airflow/.local/lib/python3.7/site-packages/airflow/example_dags/example_time_delta_sensor_async.py
[2026-03-03T01:16:59.369+0000] {logging_mixin.py:149} INFO - [2026-03-03T01:16:59.369+0000] {dag.py:2726} INFO - Sync 1 DAGs
[2026-03-03T01:16:59.415+0000] {logging_mixin.py:149} INFO - [2026-03-03T01:16:59.415+0000] {dag.py:3490} INFO - Setting next_dagrun for example_time_delta_sensor_async to None, run_after=None
[2026-03-03T01:16:59.452+0000] {processor.py:178} INFO - Processing /home/airflow/.local/lib/python3.7/site-packages/airflow/example_dags/example_time_delta_sensor_async.py took 0.140 seconds
[2026-03-03T01:17:29.744+0000] {processor.py:156} INFO - Started process (PID=1300) to work on /home/airflow/.local/lib/python3.7/site-packages/airflow/example_dags/example_time_delta_sensor_async.py
[2026-03-03T01:17:29.744+0000] {processor.py:799} INFO - Processing file /home/airflow/.local/lib/python3.7/site-packages/airflow/example_dags/example_time_delta_sensor_async.py for tasks to queue
[2026-03-03T01:17:29.745+0000] {logging_mixin.py:149} INFO - [2026-03-03T01:17:29.745+0000] {dagbag.py:541} INFO - Filling up the DagBag from /home/airflow/.local/lib/python3.7/site-packages/airflow/example_dags/example_time_delta_sensor_async.py
[2026-03-03T01:17:29.746+0000] {processor.py:809} INFO - DAG(s) dict_keys(['example_time_delta_sensor_async']) retrieved from /home/airflow/.local/lib/python3.7/site-packages/airflow/example_dags/example_time_delta_sensor_async.py
[2026-03-03T01:17:29.758+0000] {logging_mixin.py:149} INFO - [2026-03-03T01:17:29.758+0000] {dag.py:2726} INFO - Sync 1 DAGs
[2026-03-03T01:17:29.768+0000] {logging_mixin.py:149} INFO - [2026-03-03T01:17:29.768+0000] {dag.py:3490} INFO - Setting next_dagrun for example_time_delta_sensor_async to None, run_after=None
[2026-03-03T01:17:29.775+0000] {processor.py:178} INFO - Processing /home/airflow/.local/lib/python3.7/site-packages/airflow/example_dags/example_time_delta_sensor_async.py took 0.033 seconds
[2026-03-03T01:18:00.727+0000] {processor.py:156} INFO - Started process (PID=1362) to work on /home/airflow/.local/lib/python3.7/site-packages/airflow/example_dags/example_time_delta_sensor_async.py
[2026-03-03T01:18:00.728+0000] {processor.py:799} INFO - Processing file /home/airflow/.local/lib/python3.7/site-packages/airflow/example_dags/example_time_delta_sensor_async.py for tasks to queue
[2026-03-03T01:18:00.728+0000] {logging_mixin.py:149} INFO - [2026-03-03T01:18:00.728+0000] {dagbag.py:541} INFO - Filling up the DagBag from /home/airflow/.local/lib/python3.7/site-packages/airflow/example_dags/example_time_delta_sensor_async.py
[2026-03-03T01:18:00.731+0000] {processor.py:809} INFO - DAG(s) dict_keys(['example_time_delta_sensor_async']) retrieved from /home/airflow/.local/lib/python3.7/site-packages/airflow/example_dags/example_time_delta_sensor_async.py
[2026-03-03T01:18:00.747+0000] {logging_mixin.py:149} INFO - [2026-03-03T01:18:00.746+0000] {dag.py:2726} INFO - Sync 1 DAGs
[2026-03-03T01:18:00.760+0000] {logging_mixin.py:149} INFO - [2026-03-03T01:18:00.760+0000] {dag.py:3490} INFO - Setting next_dagrun for example_time_delta_sensor_async to None, run_after=None
[2026-03-03T01:18:00.769+0000] {processor.py:178} INFO - Processing /home/airflow/.local/lib/python3.7/site-packages/airflow/example_dags/example_time_delta_sensor_async.py took 0.044 seconds
[2026-03-03T01:18:31.648+0000] {processor.py:156} INFO - Started process (PID=1424) to work on /home/airflow/.local/lib/python3.7/site-packages/airflow/example_dags/example_time_delta_sensor_async.py
[2026-03-03T01:18:31.650+0000] {processor.py:799} INFO - Processing file /home/airflow/.local/lib/python3.7/site-packages/airflow/example_dags/example_time_delta_sensor_async.py for tasks to queue
[2026-03-03T01:18:31.652+0000] {logging_mixin.py:149} INFO - [2026-03-03T01:18:31.651+0000] {dagbag.py:541} INFO - Filling up the DagBag from /home/airflow/.local/lib/python3.7/site-packages/airflow/example_dags/example_time_delta_sensor_async.py
[2026-03-03T01:18:31.662+0000] {processor.py:809} INFO - DAG(s) dict_keys(['example_time_delta_sensor_async']) retrieved from /home/airflow/.local/lib/python3.7/site-packages/airflow/example_dags/example_time_delta_sensor_async.py
[2026-03-03T01:18:31.718+0000] {logging_mixin.py:149} INFO - [2026-03-03T01:18:31.718+0000] {dag.py:2726} INFO - Sync 1 DAGs
[2026-03-03T01:18:31.782+0000] {logging_mixin.py:149} INFO - [2026-03-03T01:18:31.782+0000] {dag.py:3490} INFO - Setting next_dagrun for example_time_delta_sensor_async to None, run_after=None
[2026-03-03T01:18:31.835+0000] {processor.py:178} INFO - Processing /home/airflow/.local/lib/python3.7/site-packages/airflow/example_dags/example_time_delta_sensor_async.py took 0.195 seconds
[2026-03-03T01:19:02.038+0000] {processor.py:156} INFO - Started process (PID=1486) to work on /home/airflow/.local/lib/python3.7/site-packages/airflow/example_dags/example_time_delta_sensor_async.py
[2026-03-03T01:19:02.040+0000] {processor.py:799} INFO - Processing file /home/airflow/.local/lib/python3.7/site-packages/airflow/example_dags/example_time_delta_sensor_async.py for tasks to queue
[2026-03-03T01:19:02.042+0000] {logging_mixin.py:149} INFO - [2026-03-03T01:19:02.042+0000] {dagbag.py:541} INFO - Filling up the DagBag from /home/airflow/.local/lib/python3.7/site-packages/airflow/example_dags/example_time_delta_sensor_async.py
[2026-03-03T01:19:02.053+0000] {processor.py:809} INFO - DAG(s) dict_keys(['example_time_delta_sensor_async']) retrieved from /home/airflow/.local/lib/python3.7/site-packages/airflow/example_dags/example_time_delta_sensor_async.py
[2026-03-03T01:19:02.101+0000] {logging_mixin.py:149} INFO - [2026-03-03T01:19:02.101+0000] {dag.py:2726} INFO - Sync 1 DAGs
[2026-03-03T01:19:02.148+0000] {logging_mixin.py:149} INFO - [2026-03-03T01:19:02.148+0000] {dag.py:3490} INFO - Setting next_dagrun for example_time_delta_sensor_async to None, run_after=None
[2026-03-03T01:19:02.192+0000] {processor.py:178} INFO - Processing /home/airflow/.local/lib/python3.7/site-packages/airflow/example_dags/example_time_delta_sensor_async.py took 0.161 seconds
[2026-03-03T01:19:33.057+0000] {processor.py:156} INFO - Started process (PID=1548) to work on /home/airflow/.local/lib/python3.7/site-packages/airflow/example_dags/example_time_delta_sensor_async.py
[2026-03-03T01:19:33.058+0000] {processor.py:799} INFO - Processing file /home/airflow/.local/lib/python3.7/site-packages/airflow/example_dags/example_time_delta_sensor_async.py for tasks to queue
[2026-03-03T01:19:33.059+0000] {logging_mixin.py:149} INFO - [2026-03-03T01:19:33.059+0000] {dagbag.py:541} INFO - Filling up the DagBag from /home/airflow/.local/lib/python3.7/site-packages/airflow/example_dags/example_time_delta_sensor_async.py
[2026-03-03T01:19:33.061+0000] {processor.py:809} INFO - DAG(s) dict_keys(['example_time_delta_sensor_async']) retrieved from /home/airflow/.local/lib/python3.7/site-packages/airflow/example_dags/example_time_delta_sensor_async.py
[2026-03-03T01:19:33.076+0000] {logging_mixin.py:149} INFO - [2026-03-03T01:19:33.076+0000] {dag.py:2726} INFO - Sync 1 DAGs
[2026-03-03T01:19:33.088+0000] {logging_mixin.py:149} INFO - [2026-03-03T01:19:33.088+0000] {dag.py:3490} INFO - Setting next_dagrun for example_time_delta_sensor_async to None, run_after=None
[2026-03-03T01:19:33.096+0000] {processor.py:178} INFO - Processing /home/airflow/.local/lib/python3.7/site-packages/airflow/example_dags/example_time_delta_sensor_async.py took 0.041 seconds
[2026-03-03T01:20:03.738+0000] {processor.py:156} INFO - Started process (PID=1610) to work on /home/airflow/.local/lib/python3.7/site-packages/airflow/example_dags/example_time_delta_sensor_async.py
[2026-03-03T01:20:03.738+0000] {processor.py:799} INFO - Processing file /home/airflow/.local/lib/python3.7/site-packages/airflow/example_dags/example_time_delta_sensor_async.py for tasks to queue
[2026-03-03T01:20:03.739+0000] {logging_mixin.py:149} INFO - [2026-03-03T01:20:03.739+0000] {dagbag.py:541} INFO - Filling up the DagBag from /home/airflow/.local/lib/python3.7/site-packages/airflow/example_dags/example_time_delta_sensor_async.py
[2026-03-03T01:20:03.742+0000] {processor.py:809} INFO - DAG(s) dict_keys(['example_time_delta_sensor_async']) retrieved from /home/airflow/.local/lib/python3.7/site-packages/airflow/example_dags/example_time_delta_sensor_async.py
[2026-03-03T01:20:03.756+0000] {logging_mixin.py:149} INFO - [2026-03-03T01:20:03.756+0000] {dag.py:2726} INFO - Sync 1 DAGs
[2026-03-03T01:20:03.769+0000] {logging_mixin.py:149} INFO - [2026-03-03T01:20:03.769+0000] {dag.py:3490} INFO - Setting next_dagrun for example_time_delta_sensor_async to None, run_after=None
[2026-03-03T01:20:03.778+0000] {processor.py:178} INFO - Processing /home/airflow/.local/lib/python3.7/site-packages/airflow/example_dags/example_time_delta_sensor_async.py took 0.043 seconds
[2026-03-03T01:20:34.435+0000] {processor.py:156} INFO - Started process (PID=1672) to work on /home/airflow/.local/lib/python3.7/site-packages/airflow/example_dags/example_time_delta_sensor_async.py
[2026-03-03T01:20:34.436+0000] {processor.py:799} INFO - Processing file /home/airflow/.local/lib/python3.7/site-packages/airflow/example_dags/example_time_delta_sensor_async.py for tasks to queue
[2026-03-03T01:20:34.436+0000] {logging_mixin.py:149} INFO - [2026-03-03T01:20:34.436+0000] {dagbag.py:541} INFO - Filling up the DagBag from /home/airflow/.local/lib/python3.7/site-packages/airflow/example_dags/example_time_delta_sensor_async.py
[2026-03-03T01:20:34.439+0000] {processor.py:809} INFO - DAG(s) dict_keys(['example_time_delta_sensor_async']) retrieved from /home/airflow/.local/lib/python3.7/site-packages/airflow/example_dags/example_time_delta_sensor_async.py
[2026-03-03T01:20:34.454+0000] {logging_mixin.py:149} INFO - [2026-03-03T01:20:34.454+0000] {dag.py:2726} INFO - Sync 1 DAGs
[2026-03-03T01:20:34.466+0000] {logging_mixin.py:149} INFO - [2026-03-03T01:20:34.466+0000] {dag.py:3490} INFO - Setting next_dagrun for example_time_delta_sensor_async to None, run_after=None
[2026-03-03T01:20:34.476+0000] {processor.py:178} INFO - Processing /home/airflow/.local/lib/python3.7/site-packages/airflow/example_dags/example_time_delta_sensor_async.py took 0.043 seconds
[2026-03-03T01:21:05.048+0000] {processor.py:156} INFO - Started process (PID=1734) to work on /home/airflow/.local/lib/python3.7/site-packages/airflow/example_dags/example_time_delta_sensor_async.py
[2026-03-03T01:21:05.048+0000] {processor.py:799} INFO - Processing file /home/airflow/.local/lib/python3.7/site-packages/airflow/example_dags/example_time_delta_sensor_async.py for tasks to queue
[2026-03-03T01:21:05.048+0000] {logging_mixin.py:149} INFO - [2026-03-03T01:21:05.048+0000] {dagbag.py:541} INFO - Filling up the DagBag from /home/airflow/.local/lib/python3.7/site-packages/airflow/example_dags/example_time_delta_sensor_async.py
[2026-03-03T01:21:05.050+0000] {processor.py:809} INFO - DAG(s) dict_keys(['example_time_delta_sensor_async']) retrieved from /home/airflow/.local/lib/python3.7/site-packages/airflow/example_dags/example_time_delta_sensor_async.py
[2026-03-03T01:21:05.066+0000] {logging_mixin.py:149} INFO - [2026-03-03T01:21:05.065+0000] {dag.py:2726} INFO - Sync 1 DAGs
[2026-03-03T01:21:05.079+0000] {logging_mixin.py:149} INFO - [2026-03-03T01:21:05.079+0000] {dag.py:3490} INFO - Setting next_dagrun for example_time_delta_sensor_async to None, run_after=None
[2026-03-03T01:21:05.087+0000] {processor.py:178} INFO - Processing /home/airflow/.local/lib/python3.7/site-packages/airflow/example_dags/example_time_delta_sensor_async.py took 0.041 seconds
[2026-03-03T01:21:35.779+0000] {processor.py:156} INFO - Started process (PID=1796) to work on /home/airflow/.local/lib/python3.7/site-packages/airflow/example_dags/example_time_delta_sensor_async.py
[2026-03-03T01:21:35.780+0000] {processor.py:799} INFO - Processing file /home/airflow/.local/lib/python3.7/site-packages/airflow/example_dags/example_time_delta_sensor_async.py for tasks to queue
[2026-03-03T01:21:35.780+0000] {logging_mixin.py:149} INFO - [2026-03-03T01:21:35.780+0000] {dagbag.py:541} INFO - Filling up the DagBag from /home/airflow/.local/lib/python3.7/site-packages/airflow/example_dags/example_time_delta_sensor_async.py
[2026-03-03T01:21:35.783+0000] {processor.py:809} INFO - DAG(s) dict_keys(['example_time_delta_sensor_async']) retrieved from /home/airflow/.local/lib/python3.7/site-packages/airflow/example_dags/example_time_delta_sensor_async.py
[2026-03-03T01:21:35.801+0000] {logging_mixin.py:149} INFO - [2026-03-03T01:21:35.800+0000] {dag.py:2726} INFO - Sync 1 DAGs
[2026-03-03T01:21:35.817+0000] {logging_mixin.py:149} INFO - [2026-03-03T01:21:35.817+0000] {dag.py:3490} INFO - Setting next_dagrun for example_time_delta_sensor_async to None, run_after=None
[2026-03-03T01:21:35.829+0000] {processor.py:178} INFO - Processing /home/airflow/.local/lib/python3.7/site-packages/airflow/example_dags/example_time_delta_sensor_async.py took 0.052 seconds
[2026-03-03T01:22:06.615+0000] {processor.py:156} INFO - Started process (PID=1858) to work on /home/airflow/.local/lib/python3.7/site-packages/airflow/example_dags/example_time_delta_sensor_async.py
[2026-03-03T01:22:06.617+0000] {processor.py:799} INFO - Processing file /home/airflow/.local/lib/python3.7/site-packages/airflow/example_dags/example_time_delta_sensor_async.py for tasks to queue
[2026-03-03T01:22:06.619+0000] {logging_mixin.py:149} INFO - [2026-03-03T01:22:06.619+0000] {dagbag.py:541} INFO - Filling up the DagBag from /home/airflow/.local/lib/python3.7/site-packages/airflow/example_dags/example_time_delta_sensor_async.py
[2026-03-03T01:22:06.629+0000] {processor.py:809} INFO - DAG(s) dict_keys(['example_time_delta_sensor_async']) retrieved from /home/airflow/.local/lib/python3.7/site-packages/airflow/example_dags/example_time_delta_sensor_async.py
[2026-03-03T01:22:06.693+0000] {logging_mixin.py:149} INFO - [2026-03-03T01:22:06.693+0000] {dag.py:2726} INFO - Sync 1 DAGs
[2026-03-03T01:22:06.763+0000] {logging_mixin.py:149} INFO - [2026-03-03T01:22:06.762+0000] {dag.py:3490} INFO - Setting next_dagrun for example_time_delta_sensor_async to None, run_after=None
[2026-03-03T01:22:06.818+0000] {processor.py:178} INFO - Processing /home/airflow/.local/lib/python3.7/site-packages/airflow/example_dags/example_time_delta_sensor_async.py took 0.210 seconds
[2026-03-03T01:22:37.577+0000] {processor.py:156} INFO - Started process (PID=1920) to work on /home/airflow/.local/lib/python3.7/site-packages/airflow/example_dags/example_time_delta_sensor_async.py
[2026-03-03T01:22:37.581+0000] {processor.py:799} INFO - Processing file /home/airflow/.local/lib/python3.7/site-packages/airflow/example_dags/example_time_delta_sensor_async.py for tasks to queue
[2026-03-03T01:22:37.587+0000] {logging_mixin.py:149} INFO - [2026-03-03T01:22:37.586+0000] {dagbag.py:541} INFO - Filling up the DagBag from /home/airflow/.local/lib/python3.7/site-packages/airflow/example_dags/example_time_delta_sensor_async.py
[2026-03-03T01:22:37.604+0000] {processor.py:809} INFO - DAG(s) dict_keys(['example_time_delta_sensor_async']) retrieved from /home/airflow/.local/lib/python3.7/site-packages/airflow/example_dags/example_time_delta_sensor_async.py
[2026-03-03T01:22:37.682+0000] {logging_mixin.py:149} INFO - [2026-03-03T01:22:37.681+0000] {dag.py:2726} INFO - Sync 1 DAGs
[2026-03-03T01:22:37.768+0000] {logging_mixin.py:149} INFO - [2026-03-03T01:22:37.767+0000] {dag.py:3490} INFO - Setting next_dagrun for example_time_delta_sensor_async to None, run_after=None
[2026-03-03T01:22:37.850+0000] {processor.py:178} INFO - Processing /home/airflow/.local/lib/python3.7/site-packages/airflow/example_dags/example_time_delta_sensor_async.py took 0.283 seconds
[2026-03-03T01:23:08.275+0000] {processor.py:156} INFO - Started process (PID=1982) to work on /home/airflow/.local/lib/python3.7/site-packages/airflow/example_dags/example_time_delta_sensor_async.py
[2026-03-03T01:23:08.280+0000] {processor.py:799} INFO - Processing file /home/airflow/.local/lib/python3.7/site-packages/airflow/example_dags/example_time_delta_sensor_async.py for tasks to queue
[2026-03-03T01:23:08.286+0000] {logging_mixin.py:149} INFO - [2026-03-03T01:23:08.285+0000] {dagbag.py:541} INFO - Filling up the DagBag from /home/airflow/.local/lib/python3.7/site-packages/airflow/example_dags/example_time_delta_sensor_async.py
[2026-03-03T01:23:08.299+0000] {processor.py:809} INFO - DAG(s) dict_keys(['example_time_delta_sensor_async']) retrieved from /home/airflow/.local/lib/python3.7/site-packages/airflow/example_dags/example_time_delta_sensor_async.py
[2026-03-03T01:23:08.396+0000] {logging_mixin.py:149} INFO - [2026-03-03T01:23:08.396+0000] {dag.py:2726} INFO - Sync 1 DAGs
[2026-03-03T01:23:08.488+0000] {logging_mixin.py:149} INFO - [2026-03-03T01:23:08.488+0000] {dag.py:3490} INFO - Setting next_dagrun for example_time_delta_sensor_async to None, run_after=None
[2026-03-03T01:23:08.550+0000] {processor.py:178} INFO - Processing /home/airflow/.local/lib/python3.7/site-packages/airflow/example_dags/example_time_delta_sensor_async.py took 0.288 seconds
[2026-03-03T01:23:38.826+0000] {processor.py:156} INFO - Started process (PID=2044) to work on /home/airflow/.local/lib/python3.7/site-packages/airflow/example_dags/example_time_delta_sensor_async.py
[2026-03-03T01:23:38.829+0000] {processor.py:799} INFO - Processing file /home/airflow/.local/lib/python3.7/site-packages/airflow/example_dags/example_time_delta_sensor_async.py for tasks to queue
[2026-03-03T01:23:38.833+0000] {logging_mixin.py:149} INFO - [2026-03-03T01:23:38.832+0000] {dagbag.py:541} INFO - Filling up the DagBag from /home/airflow/.local/lib/python3.7/site-packages/airflow/example_dags/example_time_delta_sensor_async.py
[2026-03-03T01:23:38.845+0000] {processor.py:809} INFO - DAG(s) dict_keys(['example_time_delta_sensor_async']) retrieved from /home/airflow/.local/lib/python3.7/site-packages/airflow/example_dags/example_time_delta_sensor_async.py
[2026-03-03T01:23:38.910+0000] {logging_mixin.py:149} INFO - [2026-03-03T01:23:38.909+0000] {dag.py:2726} INFO - Sync 1 DAGs
[2026-03-03T01:23:38.992+0000] {logging_mixin.py:149} INFO - [2026-03-03T01:23:38.991+0000] {dag.py:3490} INFO - Setting next_dagrun for example_time_delta_sensor_async to None, run_after=None
[2026-03-03T01:23:39.053+0000] {processor.py:178} INFO - Processing /home/airflow/.local/lib/python3.7/site-packages/airflow/example_dags/example_time_delta_sensor_async.py took 0.235 seconds
[2026-03-03T01:24:09.203+0000] {processor.py:156} INFO - Started process (PID=2106) to work on /home/airflow/.local/lib/python3.7/site-packages/airflow/example_dags/example_time_delta_sensor_async.py
[2026-03-03T01:24:09.205+0000] {processor.py:799} INFO - Processing file /home/airflow/.local/lib/python3.7/site-packages/airflow/example_dags/example_time_delta_sensor_async.py for tasks to queue
[2026-03-03T01:24:09.207+0000] {logging_mixin.py:149} INFO - [2026-03-03T01:24:09.207+0000] {dagbag.py:541} INFO - Filling up the DagBag from /home/airflow/.local/lib/python3.7/site-packages/airflow/example_dags/example_time_delta_sensor_async.py
[2026-03-03T01:24:09.221+0000] {processor.py:809} INFO - DAG(s) dict_keys(['example_time_delta_sensor_async']) retrieved from /home/airflow/.local/lib/python3.7/site-packages/airflow/example_dags/example_time_delta_sensor_async.py
[2026-03-03T01:24:09.287+0000] {logging_mixin.py:149} INFO - [2026-03-03T01:24:09.287+0000] {dag.py:2726} INFO - Sync 1 DAGs
[2026-03-03T01:24:09.357+0000] {logging_mixin.py:149} INFO - [2026-03-03T01:24:09.356+0000] {dag.py:3490} INFO - Setting next_dagrun for example_time_delta_sensor_async to None, run_after=None
[2026-03-03T01:24:09.414+0000] {processor.py:178} INFO - Processing /home/airflow/.local/lib/python3.7/site-packages/airflow/example_dags/example_time_delta_sensor_async.py took 0.220 seconds
[2026-03-03T01:24:40.016+0000] {processor.py:156} INFO - Started process (PID=2168) to work on /home/airflow/.local/lib/python3.7/site-packages/airflow/example_dags/example_time_delta_sensor_async.py
[2026-03-03T01:24:40.017+0000] {processor.py:799} INFO - Processing file /home/airflow/.local/lib/python3.7/site-packages/airflow/example_dags/example_time_delta_sensor_async.py for tasks to queue
[2026-03-03T01:24:40.017+0000] {logging_mixin.py:149} INFO - [2026-03-03T01:24:40.017+0000] {dagbag.py:541} INFO - Filling up the DagBag from /home/airflow/.local/lib/python3.7/site-packages/airflow/example_dags/example_time_delta_sensor_async.py
[2026-03-03T01:24:40.020+0000] {processor.py:809} INFO - DAG(s) dict_keys(['example_time_delta_sensor_async']) retrieved from /home/airflow/.local/lib/python3.7/site-packages/airflow/example_dags/example_time_delta_sensor_async.py
[2026-03-03T01:24:40.034+0000] {logging_mixin.py:149} INFO - [2026-03-03T01:24:40.034+0000] {dag.py:2726} INFO - Sync 1 DAGs
[2026-03-03T01:24:40.048+0000] {logging_mixin.py:149} INFO - [2026-03-03T01:24:40.048+0000] {dag.py:3490} INFO - Setting next_dagrun for example_time_delta_sensor_async to None, run_after=None
[2026-03-03T01:24:40.061+0000] {processor.py:178} INFO - Processing /home/airflow/.local/lib/python3.7/site-packages/airflow/example_dags/example_time_delta_sensor_async.py took 0.046 seconds
[2026-03-03T01:25:10.293+0000] {processor.py:156} INFO - Started process (PID=2230) to work on /home/airflow/.local/lib/python3.7/site-packages/airflow/example_dags/example_time_delta_sensor_async.py
[2026-03-03T01:25:10.293+0000] {processor.py:799} INFO - Processing file /home/airflow/.local/lib/python3.7/site-packages/airflow/example_dags/example_time_delta_sensor_async.py for tasks to queue
[2026-03-03T01:25:10.294+0000] {logging_mixin.py:149} INFO - [2026-03-03T01:25:10.294+0000] {dagbag.py:541} INFO - Filling up the DagBag from /home/airflow/.local/lib/python3.7/site-packages/airflow/example_dags/example_time_delta_sensor_async.py
[2026-03-03T01:25:10.297+0000] {processor.py:809} INFO - DAG(s) dict_keys(['example_time_delta_sensor_async']) retrieved from /home/airflow/.local/lib/python3.7/site-packages/airflow/example_dags/example_time_delta_sensor_async.py
[2026-03-03T01:25:10.318+0000] {logging_mixin.py:149} INFO - [2026-03-03T01:25:10.317+0000] {dag.py:2726} INFO - Sync 1 DAGs
[2026-03-03T01:25:10.334+0000] {logging_mixin.py:149} INFO - [2026-03-03T01:25:10.334+0000] {dag.py:3490} INFO - Setting next_dagrun for example_time_delta_sensor_async to None, run_after=None
[2026-03-03T01:25:10.348+0000] {processor.py:178} INFO - Processing /home/airflow/.local/lib/python3.7/site-packages/airflow/example_dags/example_time_delta_sensor_async.py took 0.058 seconds
[2026-03-03T01:25:40.661+0000] {processor.py:156} INFO - Started process (PID=2292) to work on /home/airflow/.local/lib/python3.7/site-packages/airflow/example_dags/example_time_delta_sensor_async.py
[2026-03-03T01:25:40.661+0000] {processor.py:799} INFO - Processing file /home/airflow/.local/lib/python3.7/site-packages/airflow/example_dags/example_time_delta_sensor_async.py for tasks to queue
[2026-03-03T01:25:40.662+0000] {logging_mixin.py:149} INFO - [2026-03-03T01:25:40.662+0000] {dagbag.py:541} INFO - Filling up the DagBag from /home/airflow/.local/lib/python3.7/site-packages/airflow/example_dags/example_time_delta_sensor_async.py
[2026-03-03T01:25:40.665+0000] {processor.py:809} INFO - DAG(s) dict_keys(['example_time_delta_sensor_async']) retrieved from /home/airflow/.local/lib/python3.7/site-packages/airflow/example_dags/example_time_delta_sensor_async.py
[2026-03-03T01:25:40.691+0000] {logging_mixin.py:149} INFO - [2026-03-03T01:25:40.691+0000] {dag.py:2726} INFO - Sync 1 DAGs
[2026-03-03T01:25:40.711+0000] {logging_mixin.py:149} INFO - [2026-03-03T01:25:40.711+0000] {dag.py:3490} INFO - Setting next_dagrun for example_time_delta_sensor_async to None, run_after=None
[2026-03-03T01:25:40.725+0000] {processor.py:178} INFO - Processing /home/airflow/.local/lib/python3.7/site-packages/airflow/example_dags/example_time_delta_sensor_async.py took 0.067 seconds
[2026-03-03T01:26:11.240+0000] {processor.py:156} INFO - Started process (PID=2354) to work on /home/airflow/.local/lib/python3.7/site-packages/airflow/example_dags/example_time_delta_sensor_async.py
[2026-03-03T01:26:11.241+0000] {processor.py:799} INFO - Processing file /home/airflow/.local/lib/python3.7/site-packages/airflow/example_dags/example_time_delta_sensor_async.py for tasks to queue
[2026-03-03T01:26:11.241+0000] {logging_mixin.py:149} INFO - [2026-03-03T01:26:11.241+0000] {dagbag.py:541} INFO - Filling up the DagBag from /home/airflow/.local/lib/python3.7/site-packages/airflow/example_dags/example_time_delta_sensor_async.py
[2026-03-03T01:26:11.244+0000] {processor.py:809} INFO - DAG(s) dict_keys(['example_time_delta_sensor_async']) retrieved from /home/airflow/.local/lib/python3.7/site-packages/airflow/example_dags/example_time_delta_sensor_async.py
[2026-03-03T01:26:11.257+0000] {logging_mixin.py:149} INFO - [2026-03-03T01:26:11.257+0000] {dag.py:2726} INFO - Sync 1 DAGs
[2026-03-03T01:26:11.270+0000] {logging_mixin.py:149} INFO - [2026-03-03T01:26:11.270+0000] {dag.py:3490} INFO - Setting next_dagrun for example_time_delta_sensor_async to None, run_after=None
[2026-03-03T01:26:11.279+0000] {processor.py:178} INFO - Processing /home/airflow/.local/lib/python3.7/site-packages/airflow/example_dags/example_time_delta_sensor_async.py took 0.041 seconds
[2026-03-03T01:26:41.928+0000] {processor.py:156} INFO - Started process (PID=2416) to work on /home/airflow/.local/lib/python3.7/site-packages/airflow/example_dags/example_time_delta_sensor_async.py
[2026-03-03T01:26:41.929+0000] {processor.py:799} INFO - Processing file /home/airflow/.local/lib/python3.7/site-packages/airflow/example_dags/example_time_delta_sensor_async.py for tasks to queue
[2026-03-03T01:26:41.929+0000] {logging_mixin.py:149} INFO - [2026-03-03T01:26:41.929+0000] {dagbag.py:541} INFO - Filling up the DagBag from /home/airflow/.local/lib/python3.7/site-packages/airflow/example_dags/example_time_delta_sensor_async.py
[2026-03-03T01:26:41.932+0000] {processor.py:809} INFO - DAG(s) dict_keys(['example_time_delta_sensor_async']) retrieved from /home/airflow/.local/lib/python3.7/site-packages/airflow/example_dags/example_time_delta_sensor_async.py
[2026-03-03T01:26:41.954+0000] {logging_mixin.py:149} INFO - [2026-03-03T01:26:41.954+0000] {dag.py:2726} INFO - Sync 1 DAGs
[2026-03-03T01:26:41.972+0000] {logging_mixin.py:149} INFO - [2026-03-03T01:26:41.972+0000] {dag.py:3490} INFO - Setting next_dagrun for example_time_delta_sensor_async to None, run_after=None
[2026-03-03T01:26:41.987+0000] {processor.py:178} INFO - Processing /home/airflow/.local/lib/python3.7/site-packages/airflow/example_dags/example_time_delta_sensor_async.py took 0.061 seconds
