[2026-03-03T00:56:04.958+0000] {processor.py:156} INFO - Started process (PID=70) to work on /home/airflow/.local/lib/python3.7/site-packages/airflow/example_dags/example_trigger_target_dag.py
[2026-03-03T00:56:04.959+0000] {processor.py:799} INFO - Processing file /home/airflow/.local/lib/python3.7/site-packages/airflow/example_dags/example_trigger_target_dag.py for tasks to queue
[2026-03-03T00:56:04.959+0000] {logging_mixin.py:149} INFO - [2026-03-03T00:56:04.959+0000] {dagbag.py:541} INFO - Filling up the DagBag from /home/airflow/.local/lib/python3.7/site-packages/airflow/example_dags/example_trigger_target_dag.py
[2026-03-03T00:56:04.968+0000] {processor.py:809} INFO - DAG(s) dict_keys(['example_trigger_target_dag']) retrieved from /home/airflow/.local/lib/python3.7/site-packages/airflow/example_dags/example_trigger_target_dag.py
[2026-03-03T00:56:04.981+0000] {logging_mixin.py:149} INFO - [2026-03-03T00:56:04.981+0000] {dag.py:2726} INFO - Sync 1 DAGs
[2026-03-03T00:56:04.998+0000] {logging_mixin.py:149} INFO - [2026-03-03T00:56:04.998+0000] {dag.py:3490} INFO - Setting next_dagrun for example_trigger_target_dag to None, run_after=None
[2026-03-03T00:56:05.015+0000] {processor.py:178} INFO - Processing /home/airflow/.local/lib/python3.7/site-packages/airflow/example_dags/example_trigger_target_dag.py took 0.060 seconds
[2026-03-03T00:56:37.236+0000] {processor.py:156} INFO - Started process (PID=132) to work on /home/airflow/.local/lib/python3.7/site-packages/airflow/example_dags/example_trigger_target_dag.py
[2026-03-03T00:56:37.237+0000] {processor.py:799} INFO - Processing file /home/airflow/.local/lib/python3.7/site-packages/airflow/example_dags/example_trigger_target_dag.py for tasks to queue
[2026-03-03T00:56:37.238+0000] {logging_mixin.py:149} INFO - [2026-03-03T00:56:37.238+0000] {dagbag.py:541} INFO - Filling up the DagBag from /home/airflow/.local/lib/python3.7/site-packages/airflow/example_dags/example_trigger_target_dag.py
[2026-03-03T00:56:37.242+0000] {processor.py:809} INFO - DAG(s) dict_keys(['example_trigger_target_dag']) retrieved from /home/airflow/.local/lib/python3.7/site-packages/airflow/example_dags/example_trigger_target_dag.py
[2026-03-03T00:56:37.261+0000] {logging_mixin.py:149} INFO - [2026-03-03T00:56:37.261+0000] {dag.py:2726} INFO - Sync 1 DAGs
[2026-03-03T00:56:37.275+0000] {logging_mixin.py:149} INFO - [2026-03-03T00:56:37.275+0000] {dag.py:3490} INFO - Setting next_dagrun for example_trigger_target_dag to None, run_after=None
[2026-03-03T00:56:37.287+0000] {processor.py:178} INFO - Processing /home/airflow/.local/lib/python3.7/site-packages/airflow/example_dags/example_trigger_target_dag.py took 0.053 seconds
[2026-03-03T00:57:08.177+0000] {processor.py:156} INFO - Started process (PID=194) to work on /home/airflow/.local/lib/python3.7/site-packages/airflow/example_dags/example_trigger_target_dag.py
[2026-03-03T00:57:08.178+0000] {processor.py:799} INFO - Processing file /home/airflow/.local/lib/python3.7/site-packages/airflow/example_dags/example_trigger_target_dag.py for tasks to queue
[2026-03-03T00:57:08.178+0000] {logging_mixin.py:149} INFO - [2026-03-03T00:57:08.178+0000] {dagbag.py:541} INFO - Filling up the DagBag from /home/airflow/.local/lib/python3.7/site-packages/airflow/example_dags/example_trigger_target_dag.py
[2026-03-03T00:57:08.181+0000] {processor.py:809} INFO - DAG(s) dict_keys(['example_trigger_target_dag']) retrieved from /home/airflow/.local/lib/python3.7/site-packages/airflow/example_dags/example_trigger_target_dag.py
[2026-03-03T00:57:08.197+0000] {logging_mixin.py:149} INFO - [2026-03-03T00:57:08.197+0000] {dag.py:2726} INFO - Sync 1 DAGs
[2026-03-03T00:57:08.212+0000] {logging_mixin.py:149} INFO - [2026-03-03T00:57:08.211+0000] {dag.py:3490} INFO - Setting next_dagrun for example_trigger_target_dag to None, run_after=None
[2026-03-03T00:57:08.227+0000] {processor.py:178} INFO - Processing /home/airflow/.local/lib/python3.7/site-packages/airflow/example_dags/example_trigger_target_dag.py took 0.052 seconds
[2026-03-03T00:57:39.124+0000] {processor.py:156} INFO - Started process (PID=256) to work on /home/airflow/.local/lib/python3.7/site-packages/airflow/example_dags/example_trigger_target_dag.py
[2026-03-03T00:57:39.125+0000] {processor.py:799} INFO - Processing file /home/airflow/.local/lib/python3.7/site-packages/airflow/example_dags/example_trigger_target_dag.py for tasks to queue
[2026-03-03T00:57:39.125+0000] {logging_mixin.py:149} INFO - [2026-03-03T00:57:39.125+0000] {dagbag.py:541} INFO - Filling up the DagBag from /home/airflow/.local/lib/python3.7/site-packages/airflow/example_dags/example_trigger_target_dag.py
[2026-03-03T00:57:39.128+0000] {processor.py:809} INFO - DAG(s) dict_keys(['example_trigger_target_dag']) retrieved from /home/airflow/.local/lib/python3.7/site-packages/airflow/example_dags/example_trigger_target_dag.py
[2026-03-03T00:57:39.145+0000] {logging_mixin.py:149} INFO - [2026-03-03T00:57:39.145+0000] {dag.py:2726} INFO - Sync 1 DAGs
[2026-03-03T00:57:39.162+0000] {logging_mixin.py:149} INFO - [2026-03-03T00:57:39.162+0000] {dag.py:3490} INFO - Setting next_dagrun for example_trigger_target_dag to None, run_after=None
[2026-03-03T00:57:39.172+0000] {processor.py:178} INFO - Processing /home/airflow/.local/lib/python3.7/site-packages/airflow/example_dags/example_trigger_target_dag.py took 0.050 seconds
[2026-03-03T00:58:09.474+0000] {processor.py:156} INFO - Started process (PID=318) to work on /home/airflow/.local/lib/python3.7/site-packages/airflow/example_dags/example_trigger_target_dag.py
[2026-03-03T00:58:09.474+0000] {processor.py:799} INFO - Processing file /home/airflow/.local/lib/python3.7/site-packages/airflow/example_dags/example_trigger_target_dag.py for tasks to queue
[2026-03-03T00:58:09.474+0000] {logging_mixin.py:149} INFO - [2026-03-03T00:58:09.474+0000] {dagbag.py:541} INFO - Filling up the DagBag from /home/airflow/.local/lib/python3.7/site-packages/airflow/example_dags/example_trigger_target_dag.py
[2026-03-03T00:58:09.477+0000] {processor.py:809} INFO - DAG(s) dict_keys(['example_trigger_target_dag']) retrieved from /home/airflow/.local/lib/python3.7/site-packages/airflow/example_dags/example_trigger_target_dag.py
[2026-03-03T00:58:09.493+0000] {logging_mixin.py:149} INFO - [2026-03-03T00:58:09.493+0000] {dag.py:2726} INFO - Sync 1 DAGs
[2026-03-03T00:58:09.508+0000] {logging_mixin.py:149} INFO - [2026-03-03T00:58:09.507+0000] {dag.py:3490} INFO - Setting next_dagrun for example_trigger_target_dag to None, run_after=None
[2026-03-03T00:58:09.523+0000] {processor.py:178} INFO - Processing /home/airflow/.local/lib/python3.7/site-packages/airflow/example_dags/example_trigger_target_dag.py took 0.051 seconds
[2026-03-03T00:58:40.342+0000] {processor.py:156} INFO - Started process (PID=380) to work on /home/airflow/.local/lib/python3.7/site-packages/airflow/example_dags/example_trigger_target_dag.py
[2026-03-03T00:58:40.343+0000] {processor.py:799} INFO - Processing file /home/airflow/.local/lib/python3.7/site-packages/airflow/example_dags/example_trigger_target_dag.py for tasks to queue
[2026-03-03T00:58:40.344+0000] {logging_mixin.py:149} INFO - [2026-03-03T00:58:40.344+0000] {dagbag.py:541} INFO - Filling up the DagBag from /home/airflow/.local/lib/python3.7/site-packages/airflow/example_dags/example_trigger_target_dag.py
[2026-03-03T00:58:40.347+0000] {processor.py:809} INFO - DAG(s) dict_keys(['example_trigger_target_dag']) retrieved from /home/airflow/.local/lib/python3.7/site-packages/airflow/example_dags/example_trigger_target_dag.py
[2026-03-03T00:58:40.361+0000] {logging_mixin.py:149} INFO - [2026-03-03T00:58:40.361+0000] {dag.py:2726} INFO - Sync 1 DAGs
[2026-03-03T00:58:40.375+0000] {logging_mixin.py:149} INFO - [2026-03-03T00:58:40.375+0000] {dag.py:3490} INFO - Setting next_dagrun for example_trigger_target_dag to None, run_after=None
[2026-03-03T00:58:40.382+0000] {processor.py:178} INFO - Processing /home/airflow/.local/lib/python3.7/site-packages/airflow/example_dags/example_trigger_target_dag.py took 0.041 seconds
[2026-03-03T00:59:11.446+0000] {processor.py:156} INFO - Started process (PID=442) to work on /home/airflow/.local/lib/python3.7/site-packages/airflow/example_dags/example_trigger_target_dag.py
[2026-03-03T00:59:11.446+0000] {processor.py:799} INFO - Processing file /home/airflow/.local/lib/python3.7/site-packages/airflow/example_dags/example_trigger_target_dag.py for tasks to queue
[2026-03-03T00:59:11.446+0000] {logging_mixin.py:149} INFO - [2026-03-03T00:59:11.446+0000] {dagbag.py:541} INFO - Filling up the DagBag from /home/airflow/.local/lib/python3.7/site-packages/airflow/example_dags/example_trigger_target_dag.py
[2026-03-03T00:59:11.449+0000] {processor.py:809} INFO - DAG(s) dict_keys(['example_trigger_target_dag']) retrieved from /home/airflow/.local/lib/python3.7/site-packages/airflow/example_dags/example_trigger_target_dag.py
[2026-03-03T00:59:11.463+0000] {logging_mixin.py:149} INFO - [2026-03-03T00:59:11.463+0000] {dag.py:2726} INFO - Sync 1 DAGs
[2026-03-03T00:59:11.477+0000] {logging_mixin.py:149} INFO - [2026-03-03T00:59:11.477+0000] {dag.py:3490} INFO - Setting next_dagrun for example_trigger_target_dag to None, run_after=None
[2026-03-03T00:59:11.492+0000] {processor.py:178} INFO - Processing /home/airflow/.local/lib/python3.7/site-packages/airflow/example_dags/example_trigger_target_dag.py took 0.047 seconds
[2026-03-03T00:59:42.230+0000] {processor.py:156} INFO - Started process (PID=504) to work on /home/airflow/.local/lib/python3.7/site-packages/airflow/example_dags/example_trigger_target_dag.py
[2026-03-03T00:59:42.230+0000] {processor.py:799} INFO - Processing file /home/airflow/.local/lib/python3.7/site-packages/airflow/example_dags/example_trigger_target_dag.py for tasks to queue
[2026-03-03T00:59:42.230+0000] {logging_mixin.py:149} INFO - [2026-03-03T00:59:42.230+0000] {dagbag.py:541} INFO - Filling up the DagBag from /home/airflow/.local/lib/python3.7/site-packages/airflow/example_dags/example_trigger_target_dag.py
[2026-03-03T00:59:42.233+0000] {processor.py:809} INFO - DAG(s) dict_keys(['example_trigger_target_dag']) retrieved from /home/airflow/.local/lib/python3.7/site-packages/airflow/example_dags/example_trigger_target_dag.py
[2026-03-03T00:59:42.247+0000] {logging_mixin.py:149} INFO - [2026-03-03T00:59:42.247+0000] {dag.py:2726} INFO - Sync 1 DAGs
[2026-03-03T00:59:42.262+0000] {logging_mixin.py:149} INFO - [2026-03-03T00:59:42.262+0000] {dag.py:3490} INFO - Setting next_dagrun for example_trigger_target_dag to None, run_after=None
[2026-03-03T00:59:42.279+0000] {processor.py:178} INFO - Processing /home/airflow/.local/lib/python3.7/site-packages/airflow/example_dags/example_trigger_target_dag.py took 0.051 seconds
[2026-03-03T01:00:14.206+0000] {processor.py:156} INFO - Started process (PID=566) to work on /home/airflow/.local/lib/python3.7/site-packages/airflow/example_dags/example_trigger_target_dag.py
[2026-03-03T01:00:14.210+0000] {processor.py:799} INFO - Processing file /home/airflow/.local/lib/python3.7/site-packages/airflow/example_dags/example_trigger_target_dag.py for tasks to queue
[2026-03-03T01:00:14.212+0000] {logging_mixin.py:149} INFO - [2026-03-03T01:00:14.212+0000] {dagbag.py:541} INFO - Filling up the DagBag from /home/airflow/.local/lib/python3.7/site-packages/airflow/example_dags/example_trigger_target_dag.py
[2026-03-03T01:00:14.227+0000] {processor.py:809} INFO - DAG(s) dict_keys(['example_trigger_target_dag']) retrieved from /home/airflow/.local/lib/python3.7/site-packages/airflow/example_dags/example_trigger_target_dag.py
[2026-03-03T01:00:14.288+0000] {logging_mixin.py:149} INFO - [2026-03-03T01:00:14.288+0000] {dag.py:2726} INFO - Sync 1 DAGs
[2026-03-03T01:00:14.358+0000] {logging_mixin.py:149} INFO - [2026-03-03T01:00:14.357+0000] {dag.py:3490} INFO - Setting next_dagrun for example_trigger_target_dag to None, run_after=None
[2026-03-03T01:00:14.424+0000] {processor.py:178} INFO - Processing /home/airflow/.local/lib/python3.7/site-packages/airflow/example_dags/example_trigger_target_dag.py took 0.226 seconds
[2026-03-03T01:00:45.412+0000] {processor.py:156} INFO - Started process (PID=628) to work on /home/airflow/.local/lib/python3.7/site-packages/airflow/example_dags/example_trigger_target_dag.py
[2026-03-03T01:00:45.415+0000] {processor.py:799} INFO - Processing file /home/airflow/.local/lib/python3.7/site-packages/airflow/example_dags/example_trigger_target_dag.py for tasks to queue
[2026-03-03T01:00:45.417+0000] {logging_mixin.py:149} INFO - [2026-03-03T01:00:45.417+0000] {dagbag.py:541} INFO - Filling up the DagBag from /home/airflow/.local/lib/python3.7/site-packages/airflow/example_dags/example_trigger_target_dag.py
[2026-03-03T01:00:45.431+0000] {processor.py:809} INFO - DAG(s) dict_keys(['example_trigger_target_dag']) retrieved from /home/airflow/.local/lib/python3.7/site-packages/airflow/example_dags/example_trigger_target_dag.py
[2026-03-03T01:00:45.496+0000] {logging_mixin.py:149} INFO - [2026-03-03T01:00:45.495+0000] {dag.py:2726} INFO - Sync 1 DAGs
[2026-03-03T01:00:45.569+0000] {logging_mixin.py:149} INFO - [2026-03-03T01:00:45.568+0000] {dag.py:3490} INFO - Setting next_dagrun for example_trigger_target_dag to None, run_after=None
[2026-03-03T01:00:45.639+0000] {processor.py:178} INFO - Processing /home/airflow/.local/lib/python3.7/site-packages/airflow/example_dags/example_trigger_target_dag.py took 0.235 seconds
[2026-03-03T01:01:16.061+0000] {processor.py:156} INFO - Started process (PID=690) to work on /home/airflow/.local/lib/python3.7/site-packages/airflow/example_dags/example_trigger_target_dag.py
[2026-03-03T01:01:16.062+0000] {processor.py:799} INFO - Processing file /home/airflow/.local/lib/python3.7/site-packages/airflow/example_dags/example_trigger_target_dag.py for tasks to queue
[2026-03-03T01:01:16.062+0000] {logging_mixin.py:149} INFO - [2026-03-03T01:01:16.062+0000] {dagbag.py:541} INFO - Filling up the DagBag from /home/airflow/.local/lib/python3.7/site-packages/airflow/example_dags/example_trigger_target_dag.py
[2026-03-03T01:01:16.065+0000] {processor.py:809} INFO - DAG(s) dict_keys(['example_trigger_target_dag']) retrieved from /home/airflow/.local/lib/python3.7/site-packages/airflow/example_dags/example_trigger_target_dag.py
[2026-03-03T01:01:16.079+0000] {logging_mixin.py:149} INFO - [2026-03-03T01:01:16.079+0000] {dag.py:2726} INFO - Sync 1 DAGs
[2026-03-03T01:01:16.091+0000] {logging_mixin.py:149} INFO - [2026-03-03T01:01:16.091+0000] {dag.py:3490} INFO - Setting next_dagrun for example_trigger_target_dag to None, run_after=None
[2026-03-03T01:01:16.100+0000] {processor.py:178} INFO - Processing /home/airflow/.local/lib/python3.7/site-packages/airflow/example_dags/example_trigger_target_dag.py took 0.042 seconds
[2026-03-03T01:01:46.833+0000] {processor.py:156} INFO - Started process (PID=752) to work on /home/airflow/.local/lib/python3.7/site-packages/airflow/example_dags/example_trigger_target_dag.py
[2026-03-03T01:01:46.833+0000] {processor.py:799} INFO - Processing file /home/airflow/.local/lib/python3.7/site-packages/airflow/example_dags/example_trigger_target_dag.py for tasks to queue
[2026-03-03T01:01:46.834+0000] {logging_mixin.py:149} INFO - [2026-03-03T01:01:46.833+0000] {dagbag.py:541} INFO - Filling up the DagBag from /home/airflow/.local/lib/python3.7/site-packages/airflow/example_dags/example_trigger_target_dag.py
[2026-03-03T01:01:46.837+0000] {processor.py:809} INFO - DAG(s) dict_keys(['example_trigger_target_dag']) retrieved from /home/airflow/.local/lib/python3.7/site-packages/airflow/example_dags/example_trigger_target_dag.py
[2026-03-03T01:01:46.853+0000] {logging_mixin.py:149} INFO - [2026-03-03T01:01:46.853+0000] {dag.py:2726} INFO - Sync 1 DAGs
[2026-03-03T01:01:46.866+0000] {logging_mixin.py:149} INFO - [2026-03-03T01:01:46.866+0000] {dag.py:3490} INFO - Setting next_dagrun for example_trigger_target_dag to None, run_after=None
[2026-03-03T01:01:46.876+0000] {processor.py:178} INFO - Processing /home/airflow/.local/lib/python3.7/site-packages/airflow/example_dags/example_trigger_target_dag.py took 0.045 seconds
[2026-03-03T01:02:17.614+0000] {processor.py:156} INFO - Started process (PID=814) to work on /home/airflow/.local/lib/python3.7/site-packages/airflow/example_dags/example_trigger_target_dag.py
[2026-03-03T01:02:17.615+0000] {processor.py:799} INFO - Processing file /home/airflow/.local/lib/python3.7/site-packages/airflow/example_dags/example_trigger_target_dag.py for tasks to queue
[2026-03-03T01:02:17.615+0000] {logging_mixin.py:149} INFO - [2026-03-03T01:02:17.615+0000] {dagbag.py:541} INFO - Filling up the DagBag from /home/airflow/.local/lib/python3.7/site-packages/airflow/example_dags/example_trigger_target_dag.py
[2026-03-03T01:02:17.618+0000] {processor.py:809} INFO - DAG(s) dict_keys(['example_trigger_target_dag']) retrieved from /home/airflow/.local/lib/python3.7/site-packages/airflow/example_dags/example_trigger_target_dag.py
[2026-03-03T01:02:17.631+0000] {logging_mixin.py:149} INFO - [2026-03-03T01:02:17.630+0000] {dag.py:2726} INFO - Sync 1 DAGs
[2026-03-03T01:02:17.643+0000] {logging_mixin.py:149} INFO - [2026-03-03T01:02:17.643+0000] {dag.py:3490} INFO - Setting next_dagrun for example_trigger_target_dag to None, run_after=None
[2026-03-03T01:02:17.652+0000] {processor.py:178} INFO - Processing /home/airflow/.local/lib/python3.7/site-packages/airflow/example_dags/example_trigger_target_dag.py took 0.039 seconds
[2026-03-03T01:02:48.372+0000] {processor.py:156} INFO - Started process (PID=876) to work on /home/airflow/.local/lib/python3.7/site-packages/airflow/example_dags/example_trigger_target_dag.py
[2026-03-03T01:02:48.373+0000] {processor.py:799} INFO - Processing file /home/airflow/.local/lib/python3.7/site-packages/airflow/example_dags/example_trigger_target_dag.py for tasks to queue
[2026-03-03T01:02:48.373+0000] {logging_mixin.py:149} INFO - [2026-03-03T01:02:48.373+0000] {dagbag.py:541} INFO - Filling up the DagBag from /home/airflow/.local/lib/python3.7/site-packages/airflow/example_dags/example_trigger_target_dag.py
[2026-03-03T01:02:48.377+0000] {processor.py:809} INFO - DAG(s) dict_keys(['example_trigger_target_dag']) retrieved from /home/airflow/.local/lib/python3.7/site-packages/airflow/example_dags/example_trigger_target_dag.py
[2026-03-03T01:02:48.389+0000] {logging_mixin.py:149} INFO - [2026-03-03T01:02:48.389+0000] {dag.py:2726} INFO - Sync 1 DAGs
[2026-03-03T01:02:48.400+0000] {logging_mixin.py:149} INFO - [2026-03-03T01:02:48.400+0000] {dag.py:3490} INFO - Setting next_dagrun for example_trigger_target_dag to None, run_after=None
[2026-03-03T01:02:48.408+0000] {processor.py:178} INFO - Processing /home/airflow/.local/lib/python3.7/site-packages/airflow/example_dags/example_trigger_target_dag.py took 0.037 seconds
[2026-03-03T01:03:19.135+0000] {processor.py:156} INFO - Started process (PID=938) to work on /home/airflow/.local/lib/python3.7/site-packages/airflow/example_dags/example_trigger_target_dag.py
[2026-03-03T01:03:19.136+0000] {processor.py:799} INFO - Processing file /home/airflow/.local/lib/python3.7/site-packages/airflow/example_dags/example_trigger_target_dag.py for tasks to queue
[2026-03-03T01:03:19.137+0000] {logging_mixin.py:149} INFO - [2026-03-03T01:03:19.137+0000] {dagbag.py:541} INFO - Filling up the DagBag from /home/airflow/.local/lib/python3.7/site-packages/airflow/example_dags/example_trigger_target_dag.py
[2026-03-03T01:03:19.141+0000] {processor.py:809} INFO - DAG(s) dict_keys(['example_trigger_target_dag']) retrieved from /home/airflow/.local/lib/python3.7/site-packages/airflow/example_dags/example_trigger_target_dag.py
[2026-03-03T01:03:19.154+0000] {logging_mixin.py:149} INFO - [2026-03-03T01:03:19.154+0000] {dag.py:2726} INFO - Sync 1 DAGs
[2026-03-03T01:03:19.167+0000] {logging_mixin.py:149} INFO - [2026-03-03T01:03:19.167+0000] {dag.py:3490} INFO - Setting next_dagrun for example_trigger_target_dag to None, run_after=None
[2026-03-03T01:03:19.175+0000] {processor.py:178} INFO - Processing /home/airflow/.local/lib/python3.7/site-packages/airflow/example_dags/example_trigger_target_dag.py took 0.041 seconds
[2026-03-03T01:03:49.967+0000] {processor.py:156} INFO - Started process (PID=1000) to work on /home/airflow/.local/lib/python3.7/site-packages/airflow/example_dags/example_trigger_target_dag.py
[2026-03-03T01:03:49.968+0000] {processor.py:799} INFO - Processing file /home/airflow/.local/lib/python3.7/site-packages/airflow/example_dags/example_trigger_target_dag.py for tasks to queue
[2026-03-03T01:03:49.968+0000] {logging_mixin.py:149} INFO - [2026-03-03T01:03:49.968+0000] {dagbag.py:541} INFO - Filling up the DagBag from /home/airflow/.local/lib/python3.7/site-packages/airflow/example_dags/example_trigger_target_dag.py
[2026-03-03T01:03:49.972+0000] {processor.py:809} INFO - DAG(s) dict_keys(['example_trigger_target_dag']) retrieved from /home/airflow/.local/lib/python3.7/site-packages/airflow/example_dags/example_trigger_target_dag.py
[2026-03-03T01:03:49.990+0000] {logging_mixin.py:149} INFO - [2026-03-03T01:03:49.990+0000] {dag.py:2726} INFO - Sync 1 DAGs
[2026-03-03T01:03:50.002+0000] {logging_mixin.py:149} INFO - [2026-03-03T01:03:50.002+0000] {dag.py:3490} INFO - Setting next_dagrun for example_trigger_target_dag to None, run_after=None
[2026-03-03T01:03:50.011+0000] {processor.py:178} INFO - Processing /home/airflow/.local/lib/python3.7/site-packages/airflow/example_dags/example_trigger_target_dag.py took 0.046 seconds
[2026-03-03T01:04:20.596+0000] {processor.py:156} INFO - Started process (PID=1062) to work on /home/airflow/.local/lib/python3.7/site-packages/airflow/example_dags/example_trigger_target_dag.py
[2026-03-03T01:04:20.597+0000] {processor.py:799} INFO - Processing file /home/airflow/.local/lib/python3.7/site-packages/airflow/example_dags/example_trigger_target_dag.py for tasks to queue
[2026-03-03T01:04:20.597+0000] {logging_mixin.py:149} INFO - [2026-03-03T01:04:20.597+0000] {dagbag.py:541} INFO - Filling up the DagBag from /home/airflow/.local/lib/python3.7/site-packages/airflow/example_dags/example_trigger_target_dag.py
[2026-03-03T01:04:20.601+0000] {processor.py:809} INFO - DAG(s) dict_keys(['example_trigger_target_dag']) retrieved from /home/airflow/.local/lib/python3.7/site-packages/airflow/example_dags/example_trigger_target_dag.py
[2026-03-03T01:04:20.613+0000] {logging_mixin.py:149} INFO - [2026-03-03T01:04:20.613+0000] {dag.py:2726} INFO - Sync 1 DAGs
[2026-03-03T01:04:20.624+0000] {logging_mixin.py:149} INFO - [2026-03-03T01:04:20.624+0000] {dag.py:3490} INFO - Setting next_dagrun for example_trigger_target_dag to None, run_after=None
[2026-03-03T01:04:20.632+0000] {processor.py:178} INFO - Processing /home/airflow/.local/lib/python3.7/site-packages/airflow/example_dags/example_trigger_target_dag.py took 0.038 seconds
[2026-03-03T01:04:51.216+0000] {processor.py:156} INFO - Started process (PID=1124) to work on /home/airflow/.local/lib/python3.7/site-packages/airflow/example_dags/example_trigger_target_dag.py
[2026-03-03T01:04:51.217+0000] {processor.py:799} INFO - Processing file /home/airflow/.local/lib/python3.7/site-packages/airflow/example_dags/example_trigger_target_dag.py for tasks to queue
[2026-03-03T01:04:51.217+0000] {logging_mixin.py:149} INFO - [2026-03-03T01:04:51.217+0000] {dagbag.py:541} INFO - Filling up the DagBag from /home/airflow/.local/lib/python3.7/site-packages/airflow/example_dags/example_trigger_target_dag.py
[2026-03-03T01:04:51.221+0000] {processor.py:809} INFO - DAG(s) dict_keys(['example_trigger_target_dag']) retrieved from /home/airflow/.local/lib/python3.7/site-packages/airflow/example_dags/example_trigger_target_dag.py
[2026-03-03T01:04:51.234+0000] {logging_mixin.py:149} INFO - [2026-03-03T01:04:51.234+0000] {dag.py:2726} INFO - Sync 1 DAGs
[2026-03-03T01:04:51.245+0000] {logging_mixin.py:149} INFO - [2026-03-03T01:04:51.245+0000] {dag.py:3490} INFO - Setting next_dagrun for example_trigger_target_dag to None, run_after=None
[2026-03-03T01:04:51.253+0000] {processor.py:178} INFO - Processing /home/airflow/.local/lib/python3.7/site-packages/airflow/example_dags/example_trigger_target_dag.py took 0.039 seconds
[2026-03-03T01:05:22.017+0000] {processor.py:156} INFO - Started process (PID=1186) to work on /home/airflow/.local/lib/python3.7/site-packages/airflow/example_dags/example_trigger_target_dag.py
[2026-03-03T01:05:22.018+0000] {processor.py:799} INFO - Processing file /home/airflow/.local/lib/python3.7/site-packages/airflow/example_dags/example_trigger_target_dag.py for tasks to queue
[2026-03-03T01:05:22.019+0000] {logging_mixin.py:149} INFO - [2026-03-03T01:05:22.019+0000] {dagbag.py:541} INFO - Filling up the DagBag from /home/airflow/.local/lib/python3.7/site-packages/airflow/example_dags/example_trigger_target_dag.py
[2026-03-03T01:05:22.023+0000] {processor.py:809} INFO - DAG(s) dict_keys(['example_trigger_target_dag']) retrieved from /home/airflow/.local/lib/python3.7/site-packages/airflow/example_dags/example_trigger_target_dag.py
[2026-03-03T01:05:22.038+0000] {logging_mixin.py:149} INFO - [2026-03-03T01:05:22.038+0000] {dag.py:2726} INFO - Sync 1 DAGs
[2026-03-03T01:05:22.051+0000] {logging_mixin.py:149} INFO - [2026-03-03T01:05:22.051+0000] {dag.py:3490} INFO - Setting next_dagrun for example_trigger_target_dag to None, run_after=None
[2026-03-03T01:05:22.061+0000] {processor.py:178} INFO - Processing /home/airflow/.local/lib/python3.7/site-packages/airflow/example_dags/example_trigger_target_dag.py took 0.045 seconds
[2026-03-03T01:05:52.705+0000] {processor.py:156} INFO - Started process (PID=1248) to work on /home/airflow/.local/lib/python3.7/site-packages/airflow/example_dags/example_trigger_target_dag.py
[2026-03-03T01:05:52.706+0000] {processor.py:799} INFO - Processing file /home/airflow/.local/lib/python3.7/site-packages/airflow/example_dags/example_trigger_target_dag.py for tasks to queue
[2026-03-03T01:05:52.706+0000] {logging_mixin.py:149} INFO - [2026-03-03T01:05:52.706+0000] {dagbag.py:541} INFO - Filling up the DagBag from /home/airflow/.local/lib/python3.7/site-packages/airflow/example_dags/example_trigger_target_dag.py
[2026-03-03T01:05:52.708+0000] {processor.py:809} INFO - DAG(s) dict_keys(['example_trigger_target_dag']) retrieved from /home/airflow/.local/lib/python3.7/site-packages/airflow/example_dags/example_trigger_target_dag.py
[2026-03-03T01:05:52.719+0000] {logging_mixin.py:149} INFO - [2026-03-03T01:05:52.719+0000] {dag.py:2726} INFO - Sync 1 DAGs
[2026-03-03T01:05:52.730+0000] {logging_mixin.py:149} INFO - [2026-03-03T01:05:52.729+0000] {dag.py:3490} INFO - Setting next_dagrun for example_trigger_target_dag to None, run_after=None
[2026-03-03T01:05:52.737+0000] {processor.py:178} INFO - Processing /home/airflow/.local/lib/python3.7/site-packages/airflow/example_dags/example_trigger_target_dag.py took 0.033 seconds
[2026-03-03T01:06:23.197+0000] {processor.py:156} INFO - Started process (PID=1310) to work on /home/airflow/.local/lib/python3.7/site-packages/airflow/example_dags/example_trigger_target_dag.py
[2026-03-03T01:06:23.198+0000] {processor.py:799} INFO - Processing file /home/airflow/.local/lib/python3.7/site-packages/airflow/example_dags/example_trigger_target_dag.py for tasks to queue
[2026-03-03T01:06:23.198+0000] {logging_mixin.py:149} INFO - [2026-03-03T01:06:23.198+0000] {dagbag.py:541} INFO - Filling up the DagBag from /home/airflow/.local/lib/python3.7/site-packages/airflow/example_dags/example_trigger_target_dag.py
[2026-03-03T01:06:23.201+0000] {processor.py:809} INFO - DAG(s) dict_keys(['example_trigger_target_dag']) retrieved from /home/airflow/.local/lib/python3.7/site-packages/airflow/example_dags/example_trigger_target_dag.py
[2026-03-03T01:06:23.212+0000] {logging_mixin.py:149} INFO - [2026-03-03T01:06:23.212+0000] {dag.py:2726} INFO - Sync 1 DAGs
[2026-03-03T01:06:23.223+0000] {logging_mixin.py:149} INFO - [2026-03-03T01:06:23.223+0000] {dag.py:3490} INFO - Setting next_dagrun for example_trigger_target_dag to None, run_after=None
[2026-03-03T01:06:23.231+0000] {processor.py:178} INFO - Processing /home/airflow/.local/lib/python3.7/site-packages/airflow/example_dags/example_trigger_target_dag.py took 0.035 seconds
[2026-03-03T01:07:10.014+0000] {processor.py:156} INFO - Started process (PID=62) to work on /home/airflow/.local/lib/python3.7/site-packages/airflow/example_dags/example_trigger_target_dag.py
[2026-03-03T01:07:10.015+0000] {processor.py:799} INFO - Processing file /home/airflow/.local/lib/python3.7/site-packages/airflow/example_dags/example_trigger_target_dag.py for tasks to queue
[2026-03-03T01:07:10.016+0000] {logging_mixin.py:149} INFO - [2026-03-03T01:07:10.016+0000] {dagbag.py:541} INFO - Filling up the DagBag from /home/airflow/.local/lib/python3.7/site-packages/airflow/example_dags/example_trigger_target_dag.py
[2026-03-03T01:07:10.022+0000] {processor.py:809} INFO - DAG(s) dict_keys(['example_trigger_target_dag']) retrieved from /home/airflow/.local/lib/python3.7/site-packages/airflow/example_dags/example_trigger_target_dag.py
[2026-03-03T01:07:10.032+0000] {logging_mixin.py:149} INFO - [2026-03-03T01:07:10.032+0000] {dag.py:2726} INFO - Sync 1 DAGs
[2026-03-03T01:07:10.049+0000] {logging_mixin.py:149} INFO - [2026-03-03T01:07:10.049+0000] {dag.py:3490} INFO - Setting next_dagrun for example_trigger_target_dag to None, run_after=None
[2026-03-03T01:07:10.065+0000] {processor.py:178} INFO - Processing /home/airflow/.local/lib/python3.7/site-packages/airflow/example_dags/example_trigger_target_dag.py took 0.053 seconds
[2026-03-03T01:07:41.215+0000] {processor.py:156} INFO - Started process (PID=131) to work on /home/airflow/.local/lib/python3.7/site-packages/airflow/example_dags/example_trigger_target_dag.py
[2026-03-03T01:07:41.216+0000] {processor.py:799} INFO - Processing file /home/airflow/.local/lib/python3.7/site-packages/airflow/example_dags/example_trigger_target_dag.py for tasks to queue
[2026-03-03T01:07:41.216+0000] {logging_mixin.py:149} INFO - [2026-03-03T01:07:41.216+0000] {dagbag.py:541} INFO - Filling up the DagBag from /home/airflow/.local/lib/python3.7/site-packages/airflow/example_dags/example_trigger_target_dag.py
[2026-03-03T01:07:41.219+0000] {processor.py:809} INFO - DAG(s) dict_keys(['example_trigger_target_dag']) retrieved from /home/airflow/.local/lib/python3.7/site-packages/airflow/example_dags/example_trigger_target_dag.py
[2026-03-03T01:07:41.237+0000] {logging_mixin.py:149} INFO - [2026-03-03T01:07:41.237+0000] {dag.py:2726} INFO - Sync 1 DAGs
[2026-03-03T01:07:41.254+0000] {logging_mixin.py:149} INFO - [2026-03-03T01:07:41.254+0000] {dag.py:3490} INFO - Setting next_dagrun for example_trigger_target_dag to None, run_after=None
[2026-03-03T01:07:41.268+0000] {processor.py:178} INFO - Processing /home/airflow/.local/lib/python3.7/site-packages/airflow/example_dags/example_trigger_target_dag.py took 0.055 seconds
[2026-03-03T01:08:19.410+0000] {processor.py:156} INFO - Started process (PID=193) to work on /home/airflow/.local/lib/python3.7/site-packages/airflow/example_dags/example_trigger_target_dag.py
[2026-03-03T01:08:19.412+0000] {processor.py:799} INFO - Processing file /home/airflow/.local/lib/python3.7/site-packages/airflow/example_dags/example_trigger_target_dag.py for tasks to queue
[2026-03-03T01:08:19.416+0000] {logging_mixin.py:149} INFO - [2026-03-03T01:08:19.416+0000] {dagbag.py:541} INFO - Filling up the DagBag from /home/airflow/.local/lib/python3.7/site-packages/airflow/example_dags/example_trigger_target_dag.py
[2026-03-03T01:08:19.433+0000] {processor.py:809} INFO - DAG(s) dict_keys(['example_trigger_target_dag']) retrieved from /home/airflow/.local/lib/python3.7/site-packages/airflow/example_dags/example_trigger_target_dag.py
[2026-03-03T01:08:19.805+0000] {logging_mixin.py:149} INFO - [2026-03-03T01:08:19.804+0000] {dag.py:2726} INFO - Sync 1 DAGs
[2026-03-03T01:08:19.874+0000] {logging_mixin.py:149} INFO - [2026-03-03T01:08:19.873+0000] {dag.py:3490} INFO - Setting next_dagrun for example_trigger_target_dag to None, run_after=None
[2026-03-03T01:08:19.930+0000] {processor.py:178} INFO - Processing /home/airflow/.local/lib/python3.7/site-packages/airflow/example_dags/example_trigger_target_dag.py took 0.528 seconds
[2026-03-03T01:08:50.449+0000] {processor.py:156} INFO - Started process (PID=255) to work on /home/airflow/.local/lib/python3.7/site-packages/airflow/example_dags/example_trigger_target_dag.py
[2026-03-03T01:08:50.450+0000] {processor.py:799} INFO - Processing file /home/airflow/.local/lib/python3.7/site-packages/airflow/example_dags/example_trigger_target_dag.py for tasks to queue
[2026-03-03T01:08:50.450+0000] {logging_mixin.py:149} INFO - [2026-03-03T01:08:50.450+0000] {dagbag.py:541} INFO - Filling up the DagBag from /home/airflow/.local/lib/python3.7/site-packages/airflow/example_dags/example_trigger_target_dag.py
[2026-03-03T01:08:50.454+0000] {processor.py:809} INFO - DAG(s) dict_keys(['example_trigger_target_dag']) retrieved from /home/airflow/.local/lib/python3.7/site-packages/airflow/example_dags/example_trigger_target_dag.py
[2026-03-03T01:08:50.469+0000] {logging_mixin.py:149} INFO - [2026-03-03T01:08:50.469+0000] {dag.py:2726} INFO - Sync 1 DAGs
[2026-03-03T01:08:50.485+0000] {logging_mixin.py:149} INFO - [2026-03-03T01:08:50.485+0000] {dag.py:3490} INFO - Setting next_dagrun for example_trigger_target_dag to None, run_after=None
[2026-03-03T01:08:50.504+0000] {processor.py:178} INFO - Processing /home/airflow/.local/lib/python3.7/site-packages/airflow/example_dags/example_trigger_target_dag.py took 0.056 seconds
[2026-03-03T01:09:21.427+0000] {processor.py:156} INFO - Started process (PID=317) to work on /home/airflow/.local/lib/python3.7/site-packages/airflow/example_dags/example_trigger_target_dag.py
[2026-03-03T01:09:21.428+0000] {processor.py:799} INFO - Processing file /home/airflow/.local/lib/python3.7/site-packages/airflow/example_dags/example_trigger_target_dag.py for tasks to queue
[2026-03-03T01:09:21.428+0000] {logging_mixin.py:149} INFO - [2026-03-03T01:09:21.428+0000] {dagbag.py:541} INFO - Filling up the DagBag from /home/airflow/.local/lib/python3.7/site-packages/airflow/example_dags/example_trigger_target_dag.py
[2026-03-03T01:09:21.431+0000] {processor.py:809} INFO - DAG(s) dict_keys(['example_trigger_target_dag']) retrieved from /home/airflow/.local/lib/python3.7/site-packages/airflow/example_dags/example_trigger_target_dag.py
[2026-03-03T01:09:21.443+0000] {logging_mixin.py:149} INFO - [2026-03-03T01:09:21.443+0000] {dag.py:2726} INFO - Sync 1 DAGs
[2026-03-03T01:09:21.458+0000] {logging_mixin.py:149} INFO - [2026-03-03T01:09:21.458+0000] {dag.py:3490} INFO - Setting next_dagrun for example_trigger_target_dag to None, run_after=None
[2026-03-03T01:09:21.470+0000] {processor.py:178} INFO - Processing /home/airflow/.local/lib/python3.7/site-packages/airflow/example_dags/example_trigger_target_dag.py took 0.045 seconds
[2026-03-03T01:09:51.932+0000] {processor.py:156} INFO - Started process (PID=379) to work on /home/airflow/.local/lib/python3.7/site-packages/airflow/example_dags/example_trigger_target_dag.py
[2026-03-03T01:09:51.932+0000] {processor.py:799} INFO - Processing file /home/airflow/.local/lib/python3.7/site-packages/airflow/example_dags/example_trigger_target_dag.py for tasks to queue
[2026-03-03T01:09:51.933+0000] {logging_mixin.py:149} INFO - [2026-03-03T01:09:51.933+0000] {dagbag.py:541} INFO - Filling up the DagBag from /home/airflow/.local/lib/python3.7/site-packages/airflow/example_dags/example_trigger_target_dag.py
[2026-03-03T01:09:51.937+0000] {processor.py:809} INFO - DAG(s) dict_keys(['example_trigger_target_dag']) retrieved from /home/airflow/.local/lib/python3.7/site-packages/airflow/example_dags/example_trigger_target_dag.py
[2026-03-03T01:09:51.951+0000] {logging_mixin.py:149} INFO - [2026-03-03T01:09:51.951+0000] {dag.py:2726} INFO - Sync 1 DAGs
[2026-03-03T01:09:51.965+0000] {logging_mixin.py:149} INFO - [2026-03-03T01:09:51.965+0000] {dag.py:3490} INFO - Setting next_dagrun for example_trigger_target_dag to None, run_after=None
[2026-03-03T01:09:51.978+0000] {processor.py:178} INFO - Processing /home/airflow/.local/lib/python3.7/site-packages/airflow/example_dags/example_trigger_target_dag.py took 0.048 seconds
[2026-03-03T01:10:22.340+0000] {processor.py:156} INFO - Started process (PID=441) to work on /home/airflow/.local/lib/python3.7/site-packages/airflow/example_dags/example_trigger_target_dag.py
[2026-03-03T01:10:22.344+0000] {processor.py:799} INFO - Processing file /home/airflow/.local/lib/python3.7/site-packages/airflow/example_dags/example_trigger_target_dag.py for tasks to queue
[2026-03-03T01:10:22.346+0000] {logging_mixin.py:149} INFO - [2026-03-03T01:10:22.346+0000] {dagbag.py:541} INFO - Filling up the DagBag from /home/airflow/.local/lib/python3.7/site-packages/airflow/example_dags/example_trigger_target_dag.py
[2026-03-03T01:10:22.363+0000] {processor.py:809} INFO - DAG(s) dict_keys(['example_trigger_target_dag']) retrieved from /home/airflow/.local/lib/python3.7/site-packages/airflow/example_dags/example_trigger_target_dag.py
[2026-03-03T01:10:22.460+0000] {logging_mixin.py:149} INFO - [2026-03-03T01:10:22.459+0000] {dag.py:2726} INFO - Sync 1 DAGs
[2026-03-03T01:10:22.550+0000] {logging_mixin.py:149} INFO - [2026-03-03T01:10:22.550+0000] {dag.py:3490} INFO - Setting next_dagrun for example_trigger_target_dag to None, run_after=None
[2026-03-03T01:10:22.639+0000] {processor.py:178} INFO - Processing /home/airflow/.local/lib/python3.7/site-packages/airflow/example_dags/example_trigger_target_dag.py took 0.309 seconds
[2026-03-03T01:10:53.148+0000] {processor.py:156} INFO - Started process (PID=503) to work on /home/airflow/.local/lib/python3.7/site-packages/airflow/example_dags/example_trigger_target_dag.py
[2026-03-03T01:10:53.150+0000] {processor.py:799} INFO - Processing file /home/airflow/.local/lib/python3.7/site-packages/airflow/example_dags/example_trigger_target_dag.py for tasks to queue
[2026-03-03T01:10:53.152+0000] {logging_mixin.py:149} INFO - [2026-03-03T01:10:53.151+0000] {dagbag.py:541} INFO - Filling up the DagBag from /home/airflow/.local/lib/python3.7/site-packages/airflow/example_dags/example_trigger_target_dag.py
[2026-03-03T01:10:53.162+0000] {processor.py:809} INFO - DAG(s) dict_keys(['example_trigger_target_dag']) retrieved from /home/airflow/.local/lib/python3.7/site-packages/airflow/example_dags/example_trigger_target_dag.py
[2026-03-03T01:10:53.212+0000] {logging_mixin.py:149} INFO - [2026-03-03T01:10:53.211+0000] {dag.py:2726} INFO - Sync 1 DAGs
[2026-03-03T01:10:53.267+0000] {logging_mixin.py:149} INFO - [2026-03-03T01:10:53.267+0000] {dag.py:3490} INFO - Setting next_dagrun for example_trigger_target_dag to None, run_after=None
[2026-03-03T01:10:53.314+0000] {processor.py:178} INFO - Processing /home/airflow/.local/lib/python3.7/site-packages/airflow/example_dags/example_trigger_target_dag.py took 0.173 seconds
[2026-03-03T01:11:24.201+0000] {processor.py:156} INFO - Started process (PID=565) to work on /home/airflow/.local/lib/python3.7/site-packages/airflow/example_dags/example_trigger_target_dag.py
[2026-03-03T01:11:24.203+0000] {processor.py:799} INFO - Processing file /home/airflow/.local/lib/python3.7/site-packages/airflow/example_dags/example_trigger_target_dag.py for tasks to queue
[2026-03-03T01:11:24.204+0000] {logging_mixin.py:149} INFO - [2026-03-03T01:11:24.203+0000] {dagbag.py:541} INFO - Filling up the DagBag from /home/airflow/.local/lib/python3.7/site-packages/airflow/example_dags/example_trigger_target_dag.py
[2026-03-03T01:11:24.209+0000] {processor.py:809} INFO - DAG(s) dict_keys(['example_trigger_target_dag']) retrieved from /home/airflow/.local/lib/python3.7/site-packages/airflow/example_dags/example_trigger_target_dag.py
[2026-03-03T01:11:24.235+0000] {logging_mixin.py:149} INFO - [2026-03-03T01:11:24.235+0000] {dag.py:2726} INFO - Sync 1 DAGs
[2026-03-03T01:11:24.249+0000] {logging_mixin.py:149} INFO - [2026-03-03T01:11:24.249+0000] {dag.py:3490} INFO - Setting next_dagrun for example_trigger_target_dag to None, run_after=None
[2026-03-03T01:11:24.262+0000] {processor.py:178} INFO - Processing /home/airflow/.local/lib/python3.7/site-packages/airflow/example_dags/example_trigger_target_dag.py took 0.065 seconds
[2026-03-03T01:11:55.223+0000] {processor.py:156} INFO - Started process (PID=627) to work on /home/airflow/.local/lib/python3.7/site-packages/airflow/example_dags/example_trigger_target_dag.py
[2026-03-03T01:11:55.225+0000] {processor.py:799} INFO - Processing file /home/airflow/.local/lib/python3.7/site-packages/airflow/example_dags/example_trigger_target_dag.py for tasks to queue
[2026-03-03T01:11:55.227+0000] {logging_mixin.py:149} INFO - [2026-03-03T01:11:55.227+0000] {dagbag.py:541} INFO - Filling up the DagBag from /home/airflow/.local/lib/python3.7/site-packages/airflow/example_dags/example_trigger_target_dag.py
[2026-03-03T01:11:55.241+0000] {processor.py:809} INFO - DAG(s) dict_keys(['example_trigger_target_dag']) retrieved from /home/airflow/.local/lib/python3.7/site-packages/airflow/example_dags/example_trigger_target_dag.py
[2026-03-03T01:11:55.298+0000] {logging_mixin.py:149} INFO - [2026-03-03T01:11:55.298+0000] {dag.py:2726} INFO - Sync 1 DAGs
[2026-03-03T01:11:55.366+0000] {logging_mixin.py:149} INFO - [2026-03-03T01:11:55.366+0000] {dag.py:3490} INFO - Setting next_dagrun for example_trigger_target_dag to None, run_after=None
[2026-03-03T01:11:55.415+0000] {processor.py:178} INFO - Processing /home/airflow/.local/lib/python3.7/site-packages/airflow/example_dags/example_trigger_target_dag.py took 0.198 seconds
[2026-03-03T01:12:25.804+0000] {processor.py:156} INFO - Started process (PID=689) to work on /home/airflow/.local/lib/python3.7/site-packages/airflow/example_dags/example_trigger_target_dag.py
[2026-03-03T01:12:25.806+0000] {processor.py:799} INFO - Processing file /home/airflow/.local/lib/python3.7/site-packages/airflow/example_dags/example_trigger_target_dag.py for tasks to queue
[2026-03-03T01:12:25.808+0000] {logging_mixin.py:149} INFO - [2026-03-03T01:12:25.808+0000] {dagbag.py:541} INFO - Filling up the DagBag from /home/airflow/.local/lib/python3.7/site-packages/airflow/example_dags/example_trigger_target_dag.py
[2026-03-03T01:12:25.818+0000] {processor.py:809} INFO - DAG(s) dict_keys(['example_trigger_target_dag']) retrieved from /home/airflow/.local/lib/python3.7/site-packages/airflow/example_dags/example_trigger_target_dag.py
[2026-03-03T01:12:25.870+0000] {logging_mixin.py:149} INFO - [2026-03-03T01:12:25.870+0000] {dag.py:2726} INFO - Sync 1 DAGs
[2026-03-03T01:12:25.926+0000] {logging_mixin.py:149} INFO - [2026-03-03T01:12:25.926+0000] {dag.py:3490} INFO - Setting next_dagrun for example_trigger_target_dag to None, run_after=None
[2026-03-03T01:12:25.976+0000] {processor.py:178} INFO - Processing /home/airflow/.local/lib/python3.7/site-packages/airflow/example_dags/example_trigger_target_dag.py took 0.178 seconds
[2026-03-03T01:12:56.229+0000] {processor.py:156} INFO - Started process (PID=751) to work on /home/airflow/.local/lib/python3.7/site-packages/airflow/example_dags/example_trigger_target_dag.py
[2026-03-03T01:12:56.230+0000] {processor.py:799} INFO - Processing file /home/airflow/.local/lib/python3.7/site-packages/airflow/example_dags/example_trigger_target_dag.py for tasks to queue
[2026-03-03T01:12:56.230+0000] {logging_mixin.py:149} INFO - [2026-03-03T01:12:56.230+0000] {dagbag.py:541} INFO - Filling up the DagBag from /home/airflow/.local/lib/python3.7/site-packages/airflow/example_dags/example_trigger_target_dag.py
[2026-03-03T01:12:56.232+0000] {processor.py:809} INFO - DAG(s) dict_keys(['example_trigger_target_dag']) retrieved from /home/airflow/.local/lib/python3.7/site-packages/airflow/example_dags/example_trigger_target_dag.py
[2026-03-03T01:12:56.246+0000] {logging_mixin.py:149} INFO - [2026-03-03T01:12:56.246+0000] {dag.py:2726} INFO - Sync 1 DAGs
[2026-03-03T01:12:56.259+0000] {logging_mixin.py:149} INFO - [2026-03-03T01:12:56.259+0000] {dag.py:3490} INFO - Setting next_dagrun for example_trigger_target_dag to None, run_after=None
[2026-03-03T01:12:56.266+0000] {processor.py:178} INFO - Processing /home/airflow/.local/lib/python3.7/site-packages/airflow/example_dags/example_trigger_target_dag.py took 0.038 seconds
[2026-03-03T01:13:26.693+0000] {processor.py:156} INFO - Started process (PID=813) to work on /home/airflow/.local/lib/python3.7/site-packages/airflow/example_dags/example_trigger_target_dag.py
[2026-03-03T01:13:26.694+0000] {processor.py:799} INFO - Processing file /home/airflow/.local/lib/python3.7/site-packages/airflow/example_dags/example_trigger_target_dag.py for tasks to queue
[2026-03-03T01:13:26.695+0000] {logging_mixin.py:149} INFO - [2026-03-03T01:13:26.695+0000] {dagbag.py:541} INFO - Filling up the DagBag from /home/airflow/.local/lib/python3.7/site-packages/airflow/example_dags/example_trigger_target_dag.py
[2026-03-03T01:13:26.700+0000] {processor.py:809} INFO - DAG(s) dict_keys(['example_trigger_target_dag']) retrieved from /home/airflow/.local/lib/python3.7/site-packages/airflow/example_dags/example_trigger_target_dag.py
[2026-03-03T01:13:26.713+0000] {logging_mixin.py:149} INFO - [2026-03-03T01:13:26.713+0000] {dag.py:2726} INFO - Sync 1 DAGs
[2026-03-03T01:13:26.725+0000] {logging_mixin.py:149} INFO - [2026-03-03T01:13:26.725+0000] {dag.py:3490} INFO - Setting next_dagrun for example_trigger_target_dag to None, run_after=None
[2026-03-03T01:13:26.734+0000] {processor.py:178} INFO - Processing /home/airflow/.local/lib/python3.7/site-packages/airflow/example_dags/example_trigger_target_dag.py took 0.043 seconds
[2026-03-03T01:13:57.399+0000] {processor.py:156} INFO - Started process (PID=875) to work on /home/airflow/.local/lib/python3.7/site-packages/airflow/example_dags/example_trigger_target_dag.py
[2026-03-03T01:13:57.400+0000] {processor.py:799} INFO - Processing file /home/airflow/.local/lib/python3.7/site-packages/airflow/example_dags/example_trigger_target_dag.py for tasks to queue
[2026-03-03T01:13:57.401+0000] {logging_mixin.py:149} INFO - [2026-03-03T01:13:57.401+0000] {dagbag.py:541} INFO - Filling up the DagBag from /home/airflow/.local/lib/python3.7/site-packages/airflow/example_dags/example_trigger_target_dag.py
[2026-03-03T01:13:57.407+0000] {processor.py:809} INFO - DAG(s) dict_keys(['example_trigger_target_dag']) retrieved from /home/airflow/.local/lib/python3.7/site-packages/airflow/example_dags/example_trigger_target_dag.py
[2026-03-03T01:13:57.428+0000] {logging_mixin.py:149} INFO - [2026-03-03T01:13:57.427+0000] {dag.py:2726} INFO - Sync 1 DAGs
[2026-03-03T01:13:57.450+0000] {logging_mixin.py:149} INFO - [2026-03-03T01:13:57.450+0000] {dag.py:3490} INFO - Setting next_dagrun for example_trigger_target_dag to None, run_after=None
[2026-03-03T01:13:57.466+0000] {processor.py:178} INFO - Processing /home/airflow/.local/lib/python3.7/site-packages/airflow/example_dags/example_trigger_target_dag.py took 0.070 seconds
[2026-03-03T01:14:28.182+0000] {processor.py:156} INFO - Started process (PID=937) to work on /home/airflow/.local/lib/python3.7/site-packages/airflow/example_dags/example_trigger_target_dag.py
[2026-03-03T01:14:28.182+0000] {processor.py:799} INFO - Processing file /home/airflow/.local/lib/python3.7/site-packages/airflow/example_dags/example_trigger_target_dag.py for tasks to queue
[2026-03-03T01:14:28.183+0000] {logging_mixin.py:149} INFO - [2026-03-03T01:14:28.183+0000] {dagbag.py:541} INFO - Filling up the DagBag from /home/airflow/.local/lib/python3.7/site-packages/airflow/example_dags/example_trigger_target_dag.py
[2026-03-03T01:14:28.186+0000] {processor.py:809} INFO - DAG(s) dict_keys(['example_trigger_target_dag']) retrieved from /home/airflow/.local/lib/python3.7/site-packages/airflow/example_dags/example_trigger_target_dag.py
[2026-03-03T01:14:28.199+0000] {logging_mixin.py:149} INFO - [2026-03-03T01:14:28.199+0000] {dag.py:2726} INFO - Sync 1 DAGs
[2026-03-03T01:14:28.211+0000] {logging_mixin.py:149} INFO - [2026-03-03T01:14:28.211+0000] {dag.py:3490} INFO - Setting next_dagrun for example_trigger_target_dag to None, run_after=None
[2026-03-03T01:14:28.219+0000] {processor.py:178} INFO - Processing /home/airflow/.local/lib/python3.7/site-packages/airflow/example_dags/example_trigger_target_dag.py took 0.039 seconds
[2026-03-03T01:14:58.480+0000] {processor.py:156} INFO - Started process (PID=999) to work on /home/airflow/.local/lib/python3.7/site-packages/airflow/example_dags/example_trigger_target_dag.py
[2026-03-03T01:14:58.485+0000] {processor.py:799} INFO - Processing file /home/airflow/.local/lib/python3.7/site-packages/airflow/example_dags/example_trigger_target_dag.py for tasks to queue
[2026-03-03T01:14:58.487+0000] {logging_mixin.py:149} INFO - [2026-03-03T01:14:58.487+0000] {dagbag.py:541} INFO - Filling up the DagBag from /home/airflow/.local/lib/python3.7/site-packages/airflow/example_dags/example_trigger_target_dag.py
[2026-03-03T01:14:58.502+0000] {processor.py:809} INFO - DAG(s) dict_keys(['example_trigger_target_dag']) retrieved from /home/airflow/.local/lib/python3.7/site-packages/airflow/example_dags/example_trigger_target_dag.py
[2026-03-03T01:14:58.559+0000] {logging_mixin.py:149} INFO - [2026-03-03T01:14:58.558+0000] {dag.py:2726} INFO - Sync 1 DAGs
[2026-03-03T01:14:58.624+0000] {logging_mixin.py:149} INFO - [2026-03-03T01:14:58.624+0000] {dag.py:3490} INFO - Setting next_dagrun for example_trigger_target_dag to None, run_after=None
[2026-03-03T01:14:58.686+0000] {processor.py:178} INFO - Processing /home/airflow/.local/lib/python3.7/site-packages/airflow/example_dags/example_trigger_target_dag.py took 0.214 seconds
[2026-03-03T01:15:29.575+0000] {processor.py:156} INFO - Started process (PID=1061) to work on /home/airflow/.local/lib/python3.7/site-packages/airflow/example_dags/example_trigger_target_dag.py
[2026-03-03T01:15:29.576+0000] {processor.py:799} INFO - Processing file /home/airflow/.local/lib/python3.7/site-packages/airflow/example_dags/example_trigger_target_dag.py for tasks to queue
[2026-03-03T01:15:29.576+0000] {logging_mixin.py:149} INFO - [2026-03-03T01:15:29.576+0000] {dagbag.py:541} INFO - Filling up the DagBag from /home/airflow/.local/lib/python3.7/site-packages/airflow/example_dags/example_trigger_target_dag.py
[2026-03-03T01:15:29.581+0000] {processor.py:809} INFO - DAG(s) dict_keys(['example_trigger_target_dag']) retrieved from /home/airflow/.local/lib/python3.7/site-packages/airflow/example_dags/example_trigger_target_dag.py
[2026-03-03T01:15:29.600+0000] {logging_mixin.py:149} INFO - [2026-03-03T01:15:29.600+0000] {dag.py:2726} INFO - Sync 1 DAGs
[2026-03-03T01:15:29.615+0000] {logging_mixin.py:149} INFO - [2026-03-03T01:15:29.615+0000] {dag.py:3490} INFO - Setting next_dagrun for example_trigger_target_dag to None, run_after=None
[2026-03-03T01:15:29.626+0000] {processor.py:178} INFO - Processing /home/airflow/.local/lib/python3.7/site-packages/airflow/example_dags/example_trigger_target_dag.py took 0.054 seconds
[2026-03-03T01:16:00.363+0000] {processor.py:156} INFO - Started process (PID=1122) to work on /home/airflow/.local/lib/python3.7/site-packages/airflow/example_dags/example_trigger_target_dag.py
[2026-03-03T01:16:00.365+0000] {processor.py:799} INFO - Processing file /home/airflow/.local/lib/python3.7/site-packages/airflow/example_dags/example_trigger_target_dag.py for tasks to queue
[2026-03-03T01:16:00.366+0000] {logging_mixin.py:149} INFO - [2026-03-03T01:16:00.365+0000] {dagbag.py:541} INFO - Filling up the DagBag from /home/airflow/.local/lib/python3.7/site-packages/airflow/example_dags/example_trigger_target_dag.py
[2026-03-03T01:16:00.372+0000] {processor.py:809} INFO - DAG(s) dict_keys(['example_trigger_target_dag']) retrieved from /home/airflow/.local/lib/python3.7/site-packages/airflow/example_dags/example_trigger_target_dag.py
[2026-03-03T01:16:00.392+0000] {logging_mixin.py:149} INFO - [2026-03-03T01:16:00.392+0000] {dag.py:2726} INFO - Sync 1 DAGs
[2026-03-03T01:16:00.410+0000] {logging_mixin.py:149} INFO - [2026-03-03T01:16:00.410+0000] {dag.py:3490} INFO - Setting next_dagrun for example_trigger_target_dag to None, run_after=None
[2026-03-03T01:16:00.421+0000] {processor.py:178} INFO - Processing /home/airflow/.local/lib/python3.7/site-packages/airflow/example_dags/example_trigger_target_dag.py took 0.061 seconds
[2026-03-03T01:16:30.741+0000] {processor.py:156} INFO - Started process (PID=1184) to work on /home/airflow/.local/lib/python3.7/site-packages/airflow/example_dags/example_trigger_target_dag.py
[2026-03-03T01:16:30.743+0000] {processor.py:799} INFO - Processing file /home/airflow/.local/lib/python3.7/site-packages/airflow/example_dags/example_trigger_target_dag.py for tasks to queue
[2026-03-03T01:16:30.745+0000] {logging_mixin.py:149} INFO - [2026-03-03T01:16:30.744+0000] {dagbag.py:541} INFO - Filling up the DagBag from /home/airflow/.local/lib/python3.7/site-packages/airflow/example_dags/example_trigger_target_dag.py
[2026-03-03T01:16:30.757+0000] {processor.py:809} INFO - DAG(s) dict_keys(['example_trigger_target_dag']) retrieved from /home/airflow/.local/lib/python3.7/site-packages/airflow/example_dags/example_trigger_target_dag.py
[2026-03-03T01:16:30.812+0000] {logging_mixin.py:149} INFO - [2026-03-03T01:16:30.811+0000] {dag.py:2726} INFO - Sync 1 DAGs
[2026-03-03T01:16:30.877+0000] {logging_mixin.py:149} INFO - [2026-03-03T01:16:30.876+0000] {dag.py:3490} INFO - Setting next_dagrun for example_trigger_target_dag to None, run_after=None
[2026-03-03T01:16:30.931+0000] {processor.py:178} INFO - Processing /home/airflow/.local/lib/python3.7/site-packages/airflow/example_dags/example_trigger_target_dag.py took 0.198 seconds
[2026-03-03T01:17:01.178+0000] {processor.py:156} INFO - Started process (PID=1246) to work on /home/airflow/.local/lib/python3.7/site-packages/airflow/example_dags/example_trigger_target_dag.py
[2026-03-03T01:17:01.179+0000] {processor.py:799} INFO - Processing file /home/airflow/.local/lib/python3.7/site-packages/airflow/example_dags/example_trigger_target_dag.py for tasks to queue
[2026-03-03T01:17:01.180+0000] {logging_mixin.py:149} INFO - [2026-03-03T01:17:01.180+0000] {dagbag.py:541} INFO - Filling up the DagBag from /home/airflow/.local/lib/python3.7/site-packages/airflow/example_dags/example_trigger_target_dag.py
[2026-03-03T01:17:01.189+0000] {processor.py:809} INFO - DAG(s) dict_keys(['example_trigger_target_dag']) retrieved from /home/airflow/.local/lib/python3.7/site-packages/airflow/example_dags/example_trigger_target_dag.py
[2026-03-03T01:17:01.229+0000] {logging_mixin.py:149} INFO - [2026-03-03T01:17:01.229+0000] {dag.py:2726} INFO - Sync 1 DAGs
[2026-03-03T01:17:01.275+0000] {logging_mixin.py:149} INFO - [2026-03-03T01:17:01.275+0000] {dag.py:3490} INFO - Setting next_dagrun for example_trigger_target_dag to None, run_after=None
[2026-03-03T01:17:01.314+0000] {processor.py:178} INFO - Processing /home/airflow/.local/lib/python3.7/site-packages/airflow/example_dags/example_trigger_target_dag.py took 0.141 seconds
[2026-03-03T01:17:31.997+0000] {processor.py:156} INFO - Started process (PID=1308) to work on /home/airflow/.local/lib/python3.7/site-packages/airflow/example_dags/example_trigger_target_dag.py
[2026-03-03T01:17:31.997+0000] {processor.py:799} INFO - Processing file /home/airflow/.local/lib/python3.7/site-packages/airflow/example_dags/example_trigger_target_dag.py for tasks to queue
[2026-03-03T01:17:31.998+0000] {logging_mixin.py:149} INFO - [2026-03-03T01:17:31.998+0000] {dagbag.py:541} INFO - Filling up the DagBag from /home/airflow/.local/lib/python3.7/site-packages/airflow/example_dags/example_trigger_target_dag.py
[2026-03-03T01:17:32.000+0000] {processor.py:809} INFO - DAG(s) dict_keys(['example_trigger_target_dag']) retrieved from /home/airflow/.local/lib/python3.7/site-packages/airflow/example_dags/example_trigger_target_dag.py
[2026-03-03T01:17:32.012+0000] {logging_mixin.py:149} INFO - [2026-03-03T01:17:32.012+0000] {dag.py:2726} INFO - Sync 1 DAGs
[2026-03-03T01:17:32.023+0000] {logging_mixin.py:149} INFO - [2026-03-03T01:17:32.023+0000] {dag.py:3490} INFO - Setting next_dagrun for example_trigger_target_dag to None, run_after=None
[2026-03-03T01:17:32.031+0000] {processor.py:178} INFO - Processing /home/airflow/.local/lib/python3.7/site-packages/airflow/example_dags/example_trigger_target_dag.py took 0.035 seconds
[2026-03-03T01:18:02.991+0000] {processor.py:156} INFO - Started process (PID=1370) to work on /home/airflow/.local/lib/python3.7/site-packages/airflow/example_dags/example_trigger_target_dag.py
[2026-03-03T01:18:02.992+0000] {processor.py:799} INFO - Processing file /home/airflow/.local/lib/python3.7/site-packages/airflow/example_dags/example_trigger_target_dag.py for tasks to queue
[2026-03-03T01:18:02.992+0000] {logging_mixin.py:149} INFO - [2026-03-03T01:18:02.992+0000] {dagbag.py:541} INFO - Filling up the DagBag from /home/airflow/.local/lib/python3.7/site-packages/airflow/example_dags/example_trigger_target_dag.py
[2026-03-03T01:18:02.995+0000] {processor.py:809} INFO - DAG(s) dict_keys(['example_trigger_target_dag']) retrieved from /home/airflow/.local/lib/python3.7/site-packages/airflow/example_dags/example_trigger_target_dag.py
[2026-03-03T01:18:03.009+0000] {logging_mixin.py:149} INFO - [2026-03-03T01:18:03.009+0000] {dag.py:2726} INFO - Sync 1 DAGs
[2026-03-03T01:18:03.024+0000] {logging_mixin.py:149} INFO - [2026-03-03T01:18:03.024+0000] {dag.py:3490} INFO - Setting next_dagrun for example_trigger_target_dag to None, run_after=None
[2026-03-03T01:18:03.034+0000] {processor.py:178} INFO - Processing /home/airflow/.local/lib/python3.7/site-packages/airflow/example_dags/example_trigger_target_dag.py took 0.044 seconds
[2026-03-03T01:18:33.908+0000] {processor.py:156} INFO - Started process (PID=1432) to work on /home/airflow/.local/lib/python3.7/site-packages/airflow/example_dags/example_trigger_target_dag.py
[2026-03-03T01:18:33.912+0000] {processor.py:799} INFO - Processing file /home/airflow/.local/lib/python3.7/site-packages/airflow/example_dags/example_trigger_target_dag.py for tasks to queue
[2026-03-03T01:18:33.913+0000] {logging_mixin.py:149} INFO - [2026-03-03T01:18:33.913+0000] {dagbag.py:541} INFO - Filling up the DagBag from /home/airflow/.local/lib/python3.7/site-packages/airflow/example_dags/example_trigger_target_dag.py
[2026-03-03T01:18:33.929+0000] {processor.py:809} INFO - DAG(s) dict_keys(['example_trigger_target_dag']) retrieved from /home/airflow/.local/lib/python3.7/site-packages/airflow/example_dags/example_trigger_target_dag.py
[2026-03-03T01:18:33.991+0000] {logging_mixin.py:149} INFO - [2026-03-03T01:18:33.990+0000] {dag.py:2726} INFO - Sync 1 DAGs
[2026-03-03T01:18:34.054+0000] {logging_mixin.py:149} INFO - [2026-03-03T01:18:34.053+0000] {dag.py:3490} INFO - Setting next_dagrun for example_trigger_target_dag to None, run_after=None
[2026-03-03T01:18:34.112+0000] {processor.py:178} INFO - Processing /home/airflow/.local/lib/python3.7/site-packages/airflow/example_dags/example_trigger_target_dag.py took 0.211 seconds
[2026-03-03T01:19:04.282+0000] {processor.py:156} INFO - Started process (PID=1494) to work on /home/airflow/.local/lib/python3.7/site-packages/airflow/example_dags/example_trigger_target_dag.py
[2026-03-03T01:19:04.284+0000] {processor.py:799} INFO - Processing file /home/airflow/.local/lib/python3.7/site-packages/airflow/example_dags/example_trigger_target_dag.py for tasks to queue
[2026-03-03T01:19:04.285+0000] {logging_mixin.py:149} INFO - [2026-03-03T01:19:04.285+0000] {dagbag.py:541} INFO - Filling up the DagBag from /home/airflow/.local/lib/python3.7/site-packages/airflow/example_dags/example_trigger_target_dag.py
[2026-03-03T01:19:04.295+0000] {processor.py:809} INFO - DAG(s) dict_keys(['example_trigger_target_dag']) retrieved from /home/airflow/.local/lib/python3.7/site-packages/airflow/example_dags/example_trigger_target_dag.py
[2026-03-03T01:19:04.345+0000] {logging_mixin.py:149} INFO - [2026-03-03T01:19:04.345+0000] {dag.py:2726} INFO - Sync 1 DAGs
[2026-03-03T01:19:04.399+0000] {logging_mixin.py:149} INFO - [2026-03-03T01:19:04.399+0000] {dag.py:3490} INFO - Setting next_dagrun for example_trigger_target_dag to None, run_after=None
[2026-03-03T01:19:04.455+0000] {processor.py:178} INFO - Processing /home/airflow/.local/lib/python3.7/site-packages/airflow/example_dags/example_trigger_target_dag.py took 0.180 seconds
[2026-03-03T01:19:35.310+0000] {processor.py:156} INFO - Started process (PID=1556) to work on /home/airflow/.local/lib/python3.7/site-packages/airflow/example_dags/example_trigger_target_dag.py
[2026-03-03T01:19:35.311+0000] {processor.py:799} INFO - Processing file /home/airflow/.local/lib/python3.7/site-packages/airflow/example_dags/example_trigger_target_dag.py for tasks to queue
[2026-03-03T01:19:35.311+0000] {logging_mixin.py:149} INFO - [2026-03-03T01:19:35.311+0000] {dagbag.py:541} INFO - Filling up the DagBag from /home/airflow/.local/lib/python3.7/site-packages/airflow/example_dags/example_trigger_target_dag.py
[2026-03-03T01:19:35.315+0000] {processor.py:809} INFO - DAG(s) dict_keys(['example_trigger_target_dag']) retrieved from /home/airflow/.local/lib/python3.7/site-packages/airflow/example_dags/example_trigger_target_dag.py
[2026-03-03T01:19:35.331+0000] {logging_mixin.py:149} INFO - [2026-03-03T01:19:35.331+0000] {dag.py:2726} INFO - Sync 1 DAGs
[2026-03-03T01:19:35.348+0000] {logging_mixin.py:149} INFO - [2026-03-03T01:19:35.348+0000] {dag.py:3490} INFO - Setting next_dagrun for example_trigger_target_dag to None, run_after=None
[2026-03-03T01:19:35.357+0000] {processor.py:178} INFO - Processing /home/airflow/.local/lib/python3.7/site-packages/airflow/example_dags/example_trigger_target_dag.py took 0.049 seconds
[2026-03-03T01:20:05.986+0000] {processor.py:156} INFO - Started process (PID=1618) to work on /home/airflow/.local/lib/python3.7/site-packages/airflow/example_dags/example_trigger_target_dag.py
[2026-03-03T01:20:05.987+0000] {processor.py:799} INFO - Processing file /home/airflow/.local/lib/python3.7/site-packages/airflow/example_dags/example_trigger_target_dag.py for tasks to queue
[2026-03-03T01:20:05.988+0000] {logging_mixin.py:149} INFO - [2026-03-03T01:20:05.987+0000] {dagbag.py:541} INFO - Filling up the DagBag from /home/airflow/.local/lib/python3.7/site-packages/airflow/example_dags/example_trigger_target_dag.py
[2026-03-03T01:20:05.991+0000] {processor.py:809} INFO - DAG(s) dict_keys(['example_trigger_target_dag']) retrieved from /home/airflow/.local/lib/python3.7/site-packages/airflow/example_dags/example_trigger_target_dag.py
[2026-03-03T01:20:06.006+0000] {logging_mixin.py:149} INFO - [2026-03-03T01:20:06.006+0000] {dag.py:2726} INFO - Sync 1 DAGs
[2026-03-03T01:20:06.021+0000] {logging_mixin.py:149} INFO - [2026-03-03T01:20:06.021+0000] {dag.py:3490} INFO - Setting next_dagrun for example_trigger_target_dag to None, run_after=None
[2026-03-03T01:20:06.030+0000] {processor.py:178} INFO - Processing /home/airflow/.local/lib/python3.7/site-packages/airflow/example_dags/example_trigger_target_dag.py took 0.046 seconds
[2026-03-03T01:20:36.704+0000] {processor.py:156} INFO - Started process (PID=1680) to work on /home/airflow/.local/lib/python3.7/site-packages/airflow/example_dags/example_trigger_target_dag.py
[2026-03-03T01:20:36.705+0000] {processor.py:799} INFO - Processing file /home/airflow/.local/lib/python3.7/site-packages/airflow/example_dags/example_trigger_target_dag.py for tasks to queue
[2026-03-03T01:20:36.706+0000] {logging_mixin.py:149} INFO - [2026-03-03T01:20:36.705+0000] {dagbag.py:541} INFO - Filling up the DagBag from /home/airflow/.local/lib/python3.7/site-packages/airflow/example_dags/example_trigger_target_dag.py
[2026-03-03T01:20:36.710+0000] {processor.py:809} INFO - DAG(s) dict_keys(['example_trigger_target_dag']) retrieved from /home/airflow/.local/lib/python3.7/site-packages/airflow/example_dags/example_trigger_target_dag.py
[2026-03-03T01:20:36.724+0000] {logging_mixin.py:149} INFO - [2026-03-03T01:20:36.724+0000] {dag.py:2726} INFO - Sync 1 DAGs
[2026-03-03T01:20:36.739+0000] {logging_mixin.py:149} INFO - [2026-03-03T01:20:36.738+0000] {dag.py:3490} INFO - Setting next_dagrun for example_trigger_target_dag to None, run_after=None
[2026-03-03T01:20:36.748+0000] {processor.py:178} INFO - Processing /home/airflow/.local/lib/python3.7/site-packages/airflow/example_dags/example_trigger_target_dag.py took 0.046 seconds
[2026-03-03T01:21:07.309+0000] {processor.py:156} INFO - Started process (PID=1742) to work on /home/airflow/.local/lib/python3.7/site-packages/airflow/example_dags/example_trigger_target_dag.py
[2026-03-03T01:21:07.311+0000] {processor.py:799} INFO - Processing file /home/airflow/.local/lib/python3.7/site-packages/airflow/example_dags/example_trigger_target_dag.py for tasks to queue
[2026-03-03T01:21:07.316+0000] {logging_mixin.py:149} INFO - [2026-03-03T01:21:07.316+0000] {dagbag.py:541} INFO - Filling up the DagBag from /home/airflow/.local/lib/python3.7/site-packages/airflow/example_dags/example_trigger_target_dag.py
[2026-03-03T01:21:07.321+0000] {processor.py:809} INFO - DAG(s) dict_keys(['example_trigger_target_dag']) retrieved from /home/airflow/.local/lib/python3.7/site-packages/airflow/example_dags/example_trigger_target_dag.py
[2026-03-03T01:21:07.356+0000] {logging_mixin.py:149} INFO - [2026-03-03T01:21:07.356+0000] {dag.py:2726} INFO - Sync 1 DAGs
[2026-03-03T01:21:07.374+0000] {logging_mixin.py:149} INFO - [2026-03-03T01:21:07.374+0000] {dag.py:3490} INFO - Setting next_dagrun for example_trigger_target_dag to None, run_after=None
[2026-03-03T01:21:07.383+0000] {processor.py:178} INFO - Processing /home/airflow/.local/lib/python3.7/site-packages/airflow/example_dags/example_trigger_target_dag.py took 0.081 seconds
[2026-03-03T01:21:38.020+0000] {processor.py:156} INFO - Started process (PID=1804) to work on /home/airflow/.local/lib/python3.7/site-packages/airflow/example_dags/example_trigger_target_dag.py
[2026-03-03T01:21:38.021+0000] {processor.py:799} INFO - Processing file /home/airflow/.local/lib/python3.7/site-packages/airflow/example_dags/example_trigger_target_dag.py for tasks to queue
[2026-03-03T01:21:38.021+0000] {logging_mixin.py:149} INFO - [2026-03-03T01:21:38.021+0000] {dagbag.py:541} INFO - Filling up the DagBag from /home/airflow/.local/lib/python3.7/site-packages/airflow/example_dags/example_trigger_target_dag.py
[2026-03-03T01:21:38.024+0000] {processor.py:809} INFO - DAG(s) dict_keys(['example_trigger_target_dag']) retrieved from /home/airflow/.local/lib/python3.7/site-packages/airflow/example_dags/example_trigger_target_dag.py
[2026-03-03T01:21:38.037+0000] {logging_mixin.py:149} INFO - [2026-03-03T01:21:38.036+0000] {dag.py:2726} INFO - Sync 1 DAGs
[2026-03-03T01:21:38.057+0000] {logging_mixin.py:149} INFO - [2026-03-03T01:21:38.057+0000] {dag.py:3490} INFO - Setting next_dagrun for example_trigger_target_dag to None, run_after=None
[2026-03-03T01:21:38.069+0000] {processor.py:178} INFO - Processing /home/airflow/.local/lib/python3.7/site-packages/airflow/example_dags/example_trigger_target_dag.py took 0.052 seconds
[2026-03-03T01:22:08.652+0000] {processor.py:156} INFO - Started process (PID=1865) to work on /home/airflow/.local/lib/python3.7/site-packages/airflow/example_dags/example_trigger_target_dag.py
[2026-03-03T01:22:08.655+0000] {processor.py:799} INFO - Processing file /home/airflow/.local/lib/python3.7/site-packages/airflow/example_dags/example_trigger_target_dag.py for tasks to queue
[2026-03-03T01:22:08.658+0000] {logging_mixin.py:149} INFO - [2026-03-03T01:22:08.657+0000] {dagbag.py:541} INFO - Filling up the DagBag from /home/airflow/.local/lib/python3.7/site-packages/airflow/example_dags/example_trigger_target_dag.py
[2026-03-03T01:22:08.671+0000] {processor.py:809} INFO - DAG(s) dict_keys(['example_trigger_target_dag']) retrieved from /home/airflow/.local/lib/python3.7/site-packages/airflow/example_dags/example_trigger_target_dag.py
[2026-03-03T01:22:08.739+0000] {logging_mixin.py:149} INFO - [2026-03-03T01:22:08.738+0000] {dag.py:2726} INFO - Sync 1 DAGs
[2026-03-03T01:22:08.807+0000] {logging_mixin.py:149} INFO - [2026-03-03T01:22:08.806+0000] {dag.py:3490} INFO - Setting next_dagrun for example_trigger_target_dag to None, run_after=None
[2026-03-03T01:22:08.862+0000] {processor.py:178} INFO - Processing /home/airflow/.local/lib/python3.7/site-packages/airflow/example_dags/example_trigger_target_dag.py took 0.217 seconds
[2026-03-03T01:22:39.204+0000] {processor.py:156} INFO - Started process (PID=1927) to work on /home/airflow/.local/lib/python3.7/site-packages/airflow/example_dags/example_trigger_target_dag.py
[2026-03-03T01:22:39.207+0000] {processor.py:799} INFO - Processing file /home/airflow/.local/lib/python3.7/site-packages/airflow/example_dags/example_trigger_target_dag.py for tasks to queue
[2026-03-03T01:22:39.212+0000] {logging_mixin.py:149} INFO - [2026-03-03T01:22:39.211+0000] {dagbag.py:541} INFO - Filling up the DagBag from /home/airflow/.local/lib/python3.7/site-packages/airflow/example_dags/example_trigger_target_dag.py
[2026-03-03T01:22:39.224+0000] {processor.py:809} INFO - DAG(s) dict_keys(['example_trigger_target_dag']) retrieved from /home/airflow/.local/lib/python3.7/site-packages/airflow/example_dags/example_trigger_target_dag.py
[2026-03-03T01:22:39.293+0000] {logging_mixin.py:149} INFO - [2026-03-03T01:22:39.293+0000] {dag.py:2726} INFO - Sync 1 DAGs
[2026-03-03T01:22:39.365+0000] {logging_mixin.py:149} INFO - [2026-03-03T01:22:39.364+0000] {dag.py:3490} INFO - Setting next_dagrun for example_trigger_target_dag to None, run_after=None
[2026-03-03T01:22:39.436+0000] {processor.py:178} INFO - Processing /home/airflow/.local/lib/python3.7/site-packages/airflow/example_dags/example_trigger_target_dag.py took 0.240 seconds
[2026-03-03T01:23:09.788+0000] {processor.py:156} INFO - Started process (PID=1989) to work on /home/airflow/.local/lib/python3.7/site-packages/airflow/example_dags/example_trigger_target_dag.py
[2026-03-03T01:23:09.792+0000] {processor.py:799} INFO - Processing file /home/airflow/.local/lib/python3.7/site-packages/airflow/example_dags/example_trigger_target_dag.py for tasks to queue
[2026-03-03T01:23:09.795+0000] {logging_mixin.py:149} INFO - [2026-03-03T01:23:09.794+0000] {dagbag.py:541} INFO - Filling up the DagBag from /home/airflow/.local/lib/python3.7/site-packages/airflow/example_dags/example_trigger_target_dag.py
[2026-03-03T01:23:09.828+0000] {processor.py:809} INFO - DAG(s) dict_keys(['example_trigger_target_dag']) retrieved from /home/airflow/.local/lib/python3.7/site-packages/airflow/example_dags/example_trigger_target_dag.py
[2026-03-03T01:23:09.922+0000] {logging_mixin.py:149} INFO - [2026-03-03T01:23:09.921+0000] {dag.py:2726} INFO - Sync 1 DAGs
[2026-03-03T01:23:10.008+0000] {logging_mixin.py:149} INFO - [2026-03-03T01:23:10.007+0000] {dag.py:3490} INFO - Setting next_dagrun for example_trigger_target_dag to None, run_after=None
[2026-03-03T01:23:10.077+0000] {processor.py:178} INFO - Processing /home/airflow/.local/lib/python3.7/site-packages/airflow/example_dags/example_trigger_target_dag.py took 0.300 seconds
[2026-03-03T01:23:40.252+0000] {processor.py:156} INFO - Started process (PID=2051) to work on /home/airflow/.local/lib/python3.7/site-packages/airflow/example_dags/example_trigger_target_dag.py
[2026-03-03T01:23:40.255+0000] {processor.py:799} INFO - Processing file /home/airflow/.local/lib/python3.7/site-packages/airflow/example_dags/example_trigger_target_dag.py for tasks to queue
[2026-03-03T01:23:40.257+0000] {logging_mixin.py:149} INFO - [2026-03-03T01:23:40.256+0000] {dagbag.py:541} INFO - Filling up the DagBag from /home/airflow/.local/lib/python3.7/site-packages/airflow/example_dags/example_trigger_target_dag.py
[2026-03-03T01:23:40.271+0000] {processor.py:809} INFO - DAG(s) dict_keys(['example_trigger_target_dag']) retrieved from /home/airflow/.local/lib/python3.7/site-packages/airflow/example_dags/example_trigger_target_dag.py
[2026-03-03T01:23:40.339+0000] {logging_mixin.py:149} INFO - [2026-03-03T01:23:40.339+0000] {dag.py:2726} INFO - Sync 1 DAGs
[2026-03-03T01:23:40.412+0000] {logging_mixin.py:149} INFO - [2026-03-03T01:23:40.412+0000] {dag.py:3490} INFO - Setting next_dagrun for example_trigger_target_dag to None, run_after=None
[2026-03-03T01:23:40.485+0000] {processor.py:178} INFO - Processing /home/airflow/.local/lib/python3.7/site-packages/airflow/example_dags/example_trigger_target_dag.py took 0.241 seconds
[2026-03-03T01:24:10.742+0000] {processor.py:156} INFO - Started process (PID=2113) to work on /home/airflow/.local/lib/python3.7/site-packages/airflow/example_dags/example_trigger_target_dag.py
[2026-03-03T01:24:10.744+0000] {processor.py:799} INFO - Processing file /home/airflow/.local/lib/python3.7/site-packages/airflow/example_dags/example_trigger_target_dag.py for tasks to queue
[2026-03-03T01:24:10.746+0000] {logging_mixin.py:149} INFO - [2026-03-03T01:24:10.746+0000] {dagbag.py:541} INFO - Filling up the DagBag from /home/airflow/.local/lib/python3.7/site-packages/airflow/example_dags/example_trigger_target_dag.py
[2026-03-03T01:24:10.758+0000] {processor.py:809} INFO - DAG(s) dict_keys(['example_trigger_target_dag']) retrieved from /home/airflow/.local/lib/python3.7/site-packages/airflow/example_dags/example_trigger_target_dag.py
[2026-03-03T01:24:10.823+0000] {logging_mixin.py:149} INFO - [2026-03-03T01:24:10.822+0000] {dag.py:2726} INFO - Sync 1 DAGs
[2026-03-03T01:24:10.886+0000] {logging_mixin.py:149} INFO - [2026-03-03T01:24:10.885+0000] {dag.py:3490} INFO - Setting next_dagrun for example_trigger_target_dag to None, run_after=None
[2026-03-03T01:24:10.950+0000] {processor.py:178} INFO - Processing /home/airflow/.local/lib/python3.7/site-packages/airflow/example_dags/example_trigger_target_dag.py took 0.216 seconds
[2026-03-03T01:24:41.215+0000] {processor.py:156} INFO - Started process (PID=2175) to work on /home/airflow/.local/lib/python3.7/site-packages/airflow/example_dags/example_trigger_target_dag.py
[2026-03-03T01:24:41.216+0000] {processor.py:799} INFO - Processing file /home/airflow/.local/lib/python3.7/site-packages/airflow/example_dags/example_trigger_target_dag.py for tasks to queue
[2026-03-03T01:24:41.218+0000] {logging_mixin.py:149} INFO - [2026-03-03T01:24:41.218+0000] {dagbag.py:541} INFO - Filling up the DagBag from /home/airflow/.local/lib/python3.7/site-packages/airflow/example_dags/example_trigger_target_dag.py
[2026-03-03T01:24:41.221+0000] {processor.py:809} INFO - DAG(s) dict_keys(['example_trigger_target_dag']) retrieved from /home/airflow/.local/lib/python3.7/site-packages/airflow/example_dags/example_trigger_target_dag.py
[2026-03-03T01:24:41.233+0000] {logging_mixin.py:149} INFO - [2026-03-03T01:24:41.233+0000] {dag.py:2726} INFO - Sync 1 DAGs
[2026-03-03T01:24:41.246+0000] {logging_mixin.py:149} INFO - [2026-03-03T01:24:41.246+0000] {dag.py:3490} INFO - Setting next_dagrun for example_trigger_target_dag to None, run_after=None
[2026-03-03T01:24:41.253+0000] {processor.py:178} INFO - Processing /home/airflow/.local/lib/python3.7/site-packages/airflow/example_dags/example_trigger_target_dag.py took 0.040 seconds
[2026-03-03T01:25:12.037+0000] {processor.py:156} INFO - Started process (PID=2237) to work on /home/airflow/.local/lib/python3.7/site-packages/airflow/example_dags/example_trigger_target_dag.py
[2026-03-03T01:25:12.040+0000] {processor.py:799} INFO - Processing file /home/airflow/.local/lib/python3.7/site-packages/airflow/example_dags/example_trigger_target_dag.py for tasks to queue
[2026-03-03T01:25:12.042+0000] {logging_mixin.py:149} INFO - [2026-03-03T01:25:12.042+0000] {dagbag.py:541} INFO - Filling up the DagBag from /home/airflow/.local/lib/python3.7/site-packages/airflow/example_dags/example_trigger_target_dag.py
[2026-03-03T01:25:12.054+0000] {processor.py:809} INFO - DAG(s) dict_keys(['example_trigger_target_dag']) retrieved from /home/airflow/.local/lib/python3.7/site-packages/airflow/example_dags/example_trigger_target_dag.py
[2026-03-03T01:25:12.124+0000] {logging_mixin.py:149} INFO - [2026-03-03T01:25:12.123+0000] {dag.py:2726} INFO - Sync 1 DAGs
[2026-03-03T01:25:12.193+0000] {logging_mixin.py:149} INFO - [2026-03-03T01:25:12.192+0000] {dag.py:3490} INFO - Setting next_dagrun for example_trigger_target_dag to None, run_after=None
[2026-03-03T01:25:12.247+0000] {processor.py:178} INFO - Processing /home/airflow/.local/lib/python3.7/site-packages/airflow/example_dags/example_trigger_target_dag.py took 0.216 seconds
[2026-03-03T01:25:43.247+0000] {processor.py:156} INFO - Started process (PID=2299) to work on /home/airflow/.local/lib/python3.7/site-packages/airflow/example_dags/example_trigger_target_dag.py
[2026-03-03T01:25:43.249+0000] {processor.py:799} INFO - Processing file /home/airflow/.local/lib/python3.7/site-packages/airflow/example_dags/example_trigger_target_dag.py for tasks to queue
[2026-03-03T01:25:43.251+0000] {logging_mixin.py:149} INFO - [2026-03-03T01:25:43.251+0000] {dagbag.py:541} INFO - Filling up the DagBag from /home/airflow/.local/lib/python3.7/site-packages/airflow/example_dags/example_trigger_target_dag.py
[2026-03-03T01:25:43.265+0000] {processor.py:809} INFO - DAG(s) dict_keys(['example_trigger_target_dag']) retrieved from /home/airflow/.local/lib/python3.7/site-packages/airflow/example_dags/example_trigger_target_dag.py
[2026-03-03T01:25:43.320+0000] {logging_mixin.py:149} INFO - [2026-03-03T01:25:43.320+0000] {dag.py:2726} INFO - Sync 1 DAGs
[2026-03-03T01:25:43.395+0000] {logging_mixin.py:149} INFO - [2026-03-03T01:25:43.394+0000] {dag.py:3490} INFO - Setting next_dagrun for example_trigger_target_dag to None, run_after=None
[2026-03-03T01:25:43.461+0000] {processor.py:178} INFO - Processing /home/airflow/.local/lib/python3.7/site-packages/airflow/example_dags/example_trigger_target_dag.py took 0.222 seconds
[2026-03-03T01:26:13.761+0000] {processor.py:156} INFO - Started process (PID=2361) to work on /home/airflow/.local/lib/python3.7/site-packages/airflow/example_dags/example_trigger_target_dag.py
[2026-03-03T01:26:13.762+0000] {processor.py:799} INFO - Processing file /home/airflow/.local/lib/python3.7/site-packages/airflow/example_dags/example_trigger_target_dag.py for tasks to queue
[2026-03-03T01:26:13.763+0000] {logging_mixin.py:149} INFO - [2026-03-03T01:26:13.763+0000] {dagbag.py:541} INFO - Filling up the DagBag from /home/airflow/.local/lib/python3.7/site-packages/airflow/example_dags/example_trigger_target_dag.py
[2026-03-03T01:26:13.771+0000] {processor.py:809} INFO - DAG(s) dict_keys(['example_trigger_target_dag']) retrieved from /home/airflow/.local/lib/python3.7/site-packages/airflow/example_dags/example_trigger_target_dag.py
[2026-03-03T01:26:13.811+0000] {logging_mixin.py:149} INFO - [2026-03-03T01:26:13.811+0000] {dag.py:2726} INFO - Sync 1 DAGs
[2026-03-03T01:26:13.873+0000] {logging_mixin.py:149} INFO - [2026-03-03T01:26:13.872+0000] {dag.py:3490} INFO - Setting next_dagrun for example_trigger_target_dag to None, run_after=None
[2026-03-03T01:26:13.917+0000] {processor.py:178} INFO - Processing /home/airflow/.local/lib/python3.7/site-packages/airflow/example_dags/example_trigger_target_dag.py took 0.161 seconds
[2026-03-03T01:26:44.182+0000] {processor.py:156} INFO - Started process (PID=2429) to work on /home/airflow/.local/lib/python3.7/site-packages/airflow/example_dags/example_trigger_target_dag.py
[2026-03-03T01:26:44.184+0000] {processor.py:799} INFO - Processing file /home/airflow/.local/lib/python3.7/site-packages/airflow/example_dags/example_trigger_target_dag.py for tasks to queue
[2026-03-03T01:26:44.185+0000] {logging_mixin.py:149} INFO - [2026-03-03T01:26:44.185+0000] {dagbag.py:541} INFO - Filling up the DagBag from /home/airflow/.local/lib/python3.7/site-packages/airflow/example_dags/example_trigger_target_dag.py
[2026-03-03T01:26:44.191+0000] {processor.py:809} INFO - DAG(s) dict_keys(['example_trigger_target_dag']) retrieved from /home/airflow/.local/lib/python3.7/site-packages/airflow/example_dags/example_trigger_target_dag.py
[2026-03-03T01:26:44.212+0000] {logging_mixin.py:149} INFO - [2026-03-03T01:26:44.211+0000] {dag.py:2726} INFO - Sync 1 DAGs
[2026-03-03T01:26:44.227+0000] {logging_mixin.py:149} INFO - [2026-03-03T01:26:44.227+0000] {dag.py:3490} INFO - Setting next_dagrun for example_trigger_target_dag to None, run_after=None
[2026-03-03T01:26:44.239+0000] {processor.py:178} INFO - Processing /home/airflow/.local/lib/python3.7/site-packages/airflow/example_dags/example_trigger_target_dag.py took 0.059 seconds
