[2026-03-03T00:56:04.448+0000] {processor.py:156} INFO - Started process (PID=59) to work on /home/airflow/.local/lib/python3.7/site-packages/airflow/example_dags/example_bash_operator.py
[2026-03-03T00:56:04.449+0000] {processor.py:799} INFO - Processing file /home/airflow/.local/lib/python3.7/site-packages/airflow/example_dags/example_bash_operator.py for tasks to queue
[2026-03-03T00:56:04.450+0000] {logging_mixin.py:149} INFO - [2026-03-03T00:56:04.450+0000] {dagbag.py:541} INFO - Filling up the DagBag from /home/airflow/.local/lib/python3.7/site-packages/airflow/example_dags/example_bash_operator.py
[2026-03-03T00:56:04.464+0000] {processor.py:809} INFO - DAG(s) dict_keys(['example_bash_operator']) retrieved from /home/airflow/.local/lib/python3.7/site-packages/airflow/example_dags/example_bash_operator.py
[2026-03-03T00:56:04.476+0000] {logging_mixin.py:149} INFO - [2026-03-03T00:56:04.476+0000] {dag.py:2726} INFO - Sync 1 DAGs
[2026-03-03T00:56:04.498+0000] {logging_mixin.py:149} INFO - [2026-03-03T00:56:04.498+0000] {dag.py:3490} INFO - Setting next_dagrun for example_bash_operator to 2026-03-02T00:00:00+00:00, run_after=2026-03-03T00:00:00+00:00
[2026-03-03T00:56:04.524+0000] {processor.py:178} INFO - Processing /home/airflow/.local/lib/python3.7/site-packages/airflow/example_dags/example_bash_operator.py took 0.078 seconds
[2026-03-03T00:56:36.537+0000] {processor.py:156} INFO - Started process (PID=121) to work on /home/airflow/.local/lib/python3.7/site-packages/airflow/example_dags/example_bash_operator.py
[2026-03-03T00:56:36.539+0000] {processor.py:799} INFO - Processing file /home/airflow/.local/lib/python3.7/site-packages/airflow/example_dags/example_bash_operator.py for tasks to queue
[2026-03-03T00:56:36.543+0000] {logging_mixin.py:149} INFO - [2026-03-03T00:56:36.542+0000] {dagbag.py:541} INFO - Filling up the DagBag from /home/airflow/.local/lib/python3.7/site-packages/airflow/example_dags/example_bash_operator.py
[2026-03-03T00:56:36.574+0000] {processor.py:809} INFO - DAG(s) dict_keys(['example_bash_operator']) retrieved from /home/airflow/.local/lib/python3.7/site-packages/airflow/example_dags/example_bash_operator.py
[2026-03-03T00:56:36.663+0000] {logging_mixin.py:149} INFO - [2026-03-03T00:56:36.661+0000] {dag.py:2726} INFO - Sync 1 DAGs
[2026-03-03T00:56:36.767+0000] {logging_mixin.py:149} INFO - [2026-03-03T00:56:36.767+0000] {dag.py:3490} INFO - Setting next_dagrun for example_bash_operator to 2026-03-02T00:00:00+00:00, run_after=2026-03-03T00:00:00+00:00
[2026-03-03T00:56:36.792+0000] {processor.py:178} INFO - Processing /home/airflow/.local/lib/python3.7/site-packages/airflow/example_dags/example_bash_operator.py took 0.262 seconds
[2026-03-03T00:57:06.811+0000] {processor.py:156} INFO - Started process (PID=183) to work on /home/airflow/.local/lib/python3.7/site-packages/airflow/example_dags/example_bash_operator.py
[2026-03-03T00:57:06.811+0000] {processor.py:799} INFO - Processing file /home/airflow/.local/lib/python3.7/site-packages/airflow/example_dags/example_bash_operator.py for tasks to queue
[2026-03-03T00:57:06.812+0000] {logging_mixin.py:149} INFO - [2026-03-03T00:57:06.812+0000] {dagbag.py:541} INFO - Filling up the DagBag from /home/airflow/.local/lib/python3.7/site-packages/airflow/example_dags/example_bash_operator.py
[2026-03-03T00:57:06.817+0000] {processor.py:809} INFO - DAG(s) dict_keys(['example_bash_operator']) retrieved from /home/airflow/.local/lib/python3.7/site-packages/airflow/example_dags/example_bash_operator.py
[2026-03-03T00:57:06.832+0000] {logging_mixin.py:149} INFO - [2026-03-03T00:57:06.832+0000] {dag.py:2726} INFO - Sync 1 DAGs
[2026-03-03T00:57:06.844+0000] {logging_mixin.py:149} INFO - [2026-03-03T00:57:06.844+0000] {dag.py:3490} INFO - Setting next_dagrun for example_bash_operator to 2026-03-02T00:00:00+00:00, run_after=2026-03-03T00:00:00+00:00
[2026-03-03T00:57:06.850+0000] {processor.py:178} INFO - Processing /home/airflow/.local/lib/python3.7/site-packages/airflow/example_dags/example_bash_operator.py took 0.041 seconds
[2026-03-03T00:57:37.689+0000] {processor.py:156} INFO - Started process (PID=245) to work on /home/airflow/.local/lib/python3.7/site-packages/airflow/example_dags/example_bash_operator.py
[2026-03-03T00:57:37.690+0000] {processor.py:799} INFO - Processing file /home/airflow/.local/lib/python3.7/site-packages/airflow/example_dags/example_bash_operator.py for tasks to queue
[2026-03-03T00:57:37.691+0000] {logging_mixin.py:149} INFO - [2026-03-03T00:57:37.691+0000] {dagbag.py:541} INFO - Filling up the DagBag from /home/airflow/.local/lib/python3.7/site-packages/airflow/example_dags/example_bash_operator.py
[2026-03-03T00:57:37.698+0000] {processor.py:809} INFO - DAG(s) dict_keys(['example_bash_operator']) retrieved from /home/airflow/.local/lib/python3.7/site-packages/airflow/example_dags/example_bash_operator.py
[2026-03-03T00:57:37.720+0000] {logging_mixin.py:149} INFO - [2026-03-03T00:57:37.720+0000] {dag.py:2726} INFO - Sync 1 DAGs
[2026-03-03T00:57:37.738+0000] {logging_mixin.py:149} INFO - [2026-03-03T00:57:37.738+0000] {dag.py:3490} INFO - Setting next_dagrun for example_bash_operator to 2026-03-02T00:00:00+00:00, run_after=2026-03-03T00:00:00+00:00
[2026-03-03T00:57:37.749+0000] {processor.py:178} INFO - Processing /home/airflow/.local/lib/python3.7/site-packages/airflow/example_dags/example_bash_operator.py took 0.062 seconds
[2026-03-03T00:58:08.735+0000] {processor.py:156} INFO - Started process (PID=307) to work on /home/airflow/.local/lib/python3.7/site-packages/airflow/example_dags/example_bash_operator.py
[2026-03-03T00:58:08.738+0000] {processor.py:799} INFO - Processing file /home/airflow/.local/lib/python3.7/site-packages/airflow/example_dags/example_bash_operator.py for tasks to queue
[2026-03-03T00:58:08.742+0000] {logging_mixin.py:149} INFO - [2026-03-03T00:58:08.739+0000] {dagbag.py:541} INFO - Filling up the DagBag from /home/airflow/.local/lib/python3.7/site-packages/airflow/example_dags/example_bash_operator.py
[2026-03-03T00:58:08.778+0000] {processor.py:809} INFO - DAG(s) dict_keys(['example_bash_operator']) retrieved from /home/airflow/.local/lib/python3.7/site-packages/airflow/example_dags/example_bash_operator.py
[2026-03-03T00:58:08.878+0000] {logging_mixin.py:149} INFO - [2026-03-03T00:58:08.878+0000] {dag.py:2726} INFO - Sync 1 DAGs
[2026-03-03T00:58:08.973+0000] {logging_mixin.py:149} INFO - [2026-03-03T00:58:08.972+0000] {dag.py:3490} INFO - Setting next_dagrun for example_bash_operator to 2026-03-02T00:00:00+00:00, run_after=2026-03-03T00:00:00+00:00
[2026-03-03T00:58:09.000+0000] {processor.py:178} INFO - Processing /home/airflow/.local/lib/python3.7/site-packages/airflow/example_dags/example_bash_operator.py took 0.272 seconds
[2026-03-03T00:58:39.959+0000] {processor.py:156} INFO - Started process (PID=369) to work on /home/airflow/.local/lib/python3.7/site-packages/airflow/example_dags/example_bash_operator.py
[2026-03-03T00:58:39.960+0000] {processor.py:799} INFO - Processing file /home/airflow/.local/lib/python3.7/site-packages/airflow/example_dags/example_bash_operator.py for tasks to queue
[2026-03-03T00:58:39.964+0000] {logging_mixin.py:149} INFO - [2026-03-03T00:58:39.963+0000] {dagbag.py:541} INFO - Filling up the DagBag from /home/airflow/.local/lib/python3.7/site-packages/airflow/example_dags/example_bash_operator.py
[2026-03-03T00:58:39.976+0000] {processor.py:809} INFO - DAG(s) dict_keys(['example_bash_operator']) retrieved from /home/airflow/.local/lib/python3.7/site-packages/airflow/example_dags/example_bash_operator.py
[2026-03-03T00:58:40.004+0000] {logging_mixin.py:149} INFO - [2026-03-03T00:58:40.003+0000] {dag.py:2726} INFO - Sync 1 DAGs
[2026-03-03T00:58:40.021+0000] {logging_mixin.py:149} INFO - [2026-03-03T00:58:40.020+0000] {dag.py:3490} INFO - Setting next_dagrun for example_bash_operator to 2026-03-02T00:00:00+00:00, run_after=2026-03-03T00:00:00+00:00
[2026-03-03T00:58:40.035+0000] {processor.py:178} INFO - Processing /home/airflow/.local/lib/python3.7/site-packages/airflow/example_dags/example_bash_operator.py took 0.081 seconds
[2026-03-03T00:59:11.022+0000] {processor.py:156} INFO - Started process (PID=431) to work on /home/airflow/.local/lib/python3.7/site-packages/airflow/example_dags/example_bash_operator.py
[2026-03-03T00:59:11.023+0000] {processor.py:799} INFO - Processing file /home/airflow/.local/lib/python3.7/site-packages/airflow/example_dags/example_bash_operator.py for tasks to queue
[2026-03-03T00:59:11.023+0000] {logging_mixin.py:149} INFO - [2026-03-03T00:59:11.023+0000] {dagbag.py:541} INFO - Filling up the DagBag from /home/airflow/.local/lib/python3.7/site-packages/airflow/example_dags/example_bash_operator.py
[2026-03-03T00:59:11.037+0000] {processor.py:809} INFO - DAG(s) dict_keys(['example_bash_operator']) retrieved from /home/airflow/.local/lib/python3.7/site-packages/airflow/example_dags/example_bash_operator.py
[2026-03-03T00:59:11.065+0000] {logging_mixin.py:149} INFO - [2026-03-03T00:59:11.065+0000] {dag.py:2726} INFO - Sync 1 DAGs
[2026-03-03T00:59:11.085+0000] {logging_mixin.py:149} INFO - [2026-03-03T00:59:11.084+0000] {dag.py:3490} INFO - Setting next_dagrun for example_bash_operator to 2026-03-02T00:00:00+00:00, run_after=2026-03-03T00:00:00+00:00
[2026-03-03T00:59:11.105+0000] {processor.py:178} INFO - Processing /home/airflow/.local/lib/python3.7/site-packages/airflow/example_dags/example_bash_operator.py took 0.087 seconds
[2026-03-03T00:59:41.691+0000] {processor.py:156} INFO - Started process (PID=493) to work on /home/airflow/.local/lib/python3.7/site-packages/airflow/example_dags/example_bash_operator.py
[2026-03-03T00:59:41.691+0000] {processor.py:799} INFO - Processing file /home/airflow/.local/lib/python3.7/site-packages/airflow/example_dags/example_bash_operator.py for tasks to queue
[2026-03-03T00:59:41.691+0000] {logging_mixin.py:149} INFO - [2026-03-03T00:59:41.691+0000] {dagbag.py:541} INFO - Filling up the DagBag from /home/airflow/.local/lib/python3.7/site-packages/airflow/example_dags/example_bash_operator.py
[2026-03-03T00:59:41.705+0000] {processor.py:809} INFO - DAG(s) dict_keys(['example_bash_operator']) retrieved from /home/airflow/.local/lib/python3.7/site-packages/airflow/example_dags/example_bash_operator.py
[2026-03-03T00:59:41.747+0000] {logging_mixin.py:149} INFO - [2026-03-03T00:59:41.747+0000] {dag.py:2726} INFO - Sync 1 DAGs
[2026-03-03T00:59:41.776+0000] {logging_mixin.py:149} INFO - [2026-03-03T00:59:41.776+0000] {dag.py:3490} INFO - Setting next_dagrun for example_bash_operator to 2026-03-02T00:00:00+00:00, run_after=2026-03-03T00:00:00+00:00
[2026-03-03T00:59:41.834+0000] {processor.py:178} INFO - Processing /home/airflow/.local/lib/python3.7/site-packages/airflow/example_dags/example_bash_operator.py took 0.146 seconds
[2026-03-03T01:00:12.307+0000] {processor.py:156} INFO - Started process (PID=555) to work on /home/airflow/.local/lib/python3.7/site-packages/airflow/example_dags/example_bash_operator.py
[2026-03-03T01:00:12.310+0000] {processor.py:799} INFO - Processing file /home/airflow/.local/lib/python3.7/site-packages/airflow/example_dags/example_bash_operator.py for tasks to queue
[2026-03-03T01:00:12.312+0000] {logging_mixin.py:149} INFO - [2026-03-03T01:00:12.312+0000] {dagbag.py:541} INFO - Filling up the DagBag from /home/airflow/.local/lib/python3.7/site-packages/airflow/example_dags/example_bash_operator.py
[2026-03-03T01:00:12.352+0000] {processor.py:809} INFO - DAG(s) dict_keys(['example_bash_operator']) retrieved from /home/airflow/.local/lib/python3.7/site-packages/airflow/example_dags/example_bash_operator.py
[2026-03-03T01:00:12.457+0000] {logging_mixin.py:149} INFO - [2026-03-03T01:00:12.456+0000] {dag.py:2726} INFO - Sync 1 DAGs
[2026-03-03T01:00:12.524+0000] {logging_mixin.py:149} INFO - [2026-03-03T01:00:12.524+0000] {dag.py:3490} INFO - Setting next_dagrun for example_bash_operator to 2026-03-02T00:00:00+00:00, run_after=2026-03-03T00:00:00+00:00
[2026-03-03T01:00:12.593+0000] {processor.py:178} INFO - Processing /home/airflow/.local/lib/python3.7/site-packages/airflow/example_dags/example_bash_operator.py took 0.293 seconds
[2026-03-03T01:00:43.529+0000] {processor.py:156} INFO - Started process (PID=617) to work on /home/airflow/.local/lib/python3.7/site-packages/airflow/example_dags/example_bash_operator.py
[2026-03-03T01:00:43.535+0000] {processor.py:799} INFO - Processing file /home/airflow/.local/lib/python3.7/site-packages/airflow/example_dags/example_bash_operator.py for tasks to queue
[2026-03-03T01:00:43.536+0000] {logging_mixin.py:149} INFO - [2026-03-03T01:00:43.536+0000] {dagbag.py:541} INFO - Filling up the DagBag from /home/airflow/.local/lib/python3.7/site-packages/airflow/example_dags/example_bash_operator.py
[2026-03-03T01:00:43.572+0000] {processor.py:809} INFO - DAG(s) dict_keys(['example_bash_operator']) retrieved from /home/airflow/.local/lib/python3.7/site-packages/airflow/example_dags/example_bash_operator.py
[2026-03-03T01:00:43.672+0000] {logging_mixin.py:149} INFO - [2026-03-03T01:00:43.671+0000] {dag.py:2726} INFO - Sync 1 DAGs
[2026-03-03T01:00:43.753+0000] {logging_mixin.py:149} INFO - [2026-03-03T01:00:43.753+0000] {dag.py:3490} INFO - Setting next_dagrun for example_bash_operator to 2026-03-02T00:00:00+00:00, run_after=2026-03-03T00:00:00+00:00
[2026-03-03T01:00:43.817+0000] {processor.py:178} INFO - Processing /home/airflow/.local/lib/python3.7/site-packages/airflow/example_dags/example_bash_operator.py took 0.297 seconds
[2026-03-03T01:01:14.644+0000] {processor.py:156} INFO - Started process (PID=679) to work on /home/airflow/.local/lib/python3.7/site-packages/airflow/example_dags/example_bash_operator.py
[2026-03-03T01:01:14.645+0000] {processor.py:799} INFO - Processing file /home/airflow/.local/lib/python3.7/site-packages/airflow/example_dags/example_bash_operator.py for tasks to queue
[2026-03-03T01:01:14.646+0000] {logging_mixin.py:149} INFO - [2026-03-03T01:01:14.646+0000] {dagbag.py:541} INFO - Filling up the DagBag from /home/airflow/.local/lib/python3.7/site-packages/airflow/example_dags/example_bash_operator.py
[2026-03-03T01:01:14.657+0000] {processor.py:809} INFO - DAG(s) dict_keys(['example_bash_operator']) retrieved from /home/airflow/.local/lib/python3.7/site-packages/airflow/example_dags/example_bash_operator.py
[2026-03-03T01:01:14.679+0000] {logging_mixin.py:149} INFO - [2026-03-03T01:01:14.679+0000] {dag.py:2726} INFO - Sync 1 DAGs
[2026-03-03T01:01:14.694+0000] {logging_mixin.py:149} INFO - [2026-03-03T01:01:14.694+0000] {dag.py:3490} INFO - Setting next_dagrun for example_bash_operator to 2026-03-02T00:00:00+00:00, run_after=2026-03-03T00:00:00+00:00
[2026-03-03T01:01:14.704+0000] {processor.py:178} INFO - Processing /home/airflow/.local/lib/python3.7/site-packages/airflow/example_dags/example_bash_operator.py took 0.063 seconds
[2026-03-03T01:01:45.386+0000] {processor.py:156} INFO - Started process (PID=741) to work on /home/airflow/.local/lib/python3.7/site-packages/airflow/example_dags/example_bash_operator.py
[2026-03-03T01:01:45.387+0000] {processor.py:799} INFO - Processing file /home/airflow/.local/lib/python3.7/site-packages/airflow/example_dags/example_bash_operator.py for tasks to queue
[2026-03-03T01:01:45.387+0000] {logging_mixin.py:149} INFO - [2026-03-03T01:01:45.387+0000] {dagbag.py:541} INFO - Filling up the DagBag from /home/airflow/.local/lib/python3.7/site-packages/airflow/example_dags/example_bash_operator.py
[2026-03-03T01:01:45.398+0000] {processor.py:809} INFO - DAG(s) dict_keys(['example_bash_operator']) retrieved from /home/airflow/.local/lib/python3.7/site-packages/airflow/example_dags/example_bash_operator.py
[2026-03-03T01:01:45.421+0000] {logging_mixin.py:149} INFO - [2026-03-03T01:01:45.421+0000] {dag.py:2726} INFO - Sync 1 DAGs
[2026-03-03T01:01:45.439+0000] {logging_mixin.py:149} INFO - [2026-03-03T01:01:45.439+0000] {dag.py:3490} INFO - Setting next_dagrun for example_bash_operator to 2026-03-02T00:00:00+00:00, run_after=2026-03-03T00:00:00+00:00
[2026-03-03T01:01:45.450+0000] {processor.py:178} INFO - Processing /home/airflow/.local/lib/python3.7/site-packages/airflow/example_dags/example_bash_operator.py took 0.067 seconds
[2026-03-03T01:02:16.243+0000] {processor.py:156} INFO - Started process (PID=803) to work on /home/airflow/.local/lib/python3.7/site-packages/airflow/example_dags/example_bash_operator.py
[2026-03-03T01:02:16.244+0000] {processor.py:799} INFO - Processing file /home/airflow/.local/lib/python3.7/site-packages/airflow/example_dags/example_bash_operator.py for tasks to queue
[2026-03-03T01:02:16.244+0000] {logging_mixin.py:149} INFO - [2026-03-03T01:02:16.244+0000] {dagbag.py:541} INFO - Filling up the DagBag from /home/airflow/.local/lib/python3.7/site-packages/airflow/example_dags/example_bash_operator.py
[2026-03-03T01:02:16.252+0000] {processor.py:809} INFO - DAG(s) dict_keys(['example_bash_operator']) retrieved from /home/airflow/.local/lib/python3.7/site-packages/airflow/example_dags/example_bash_operator.py
[2026-03-03T01:02:16.270+0000] {logging_mixin.py:149} INFO - [2026-03-03T01:02:16.270+0000] {dag.py:2726} INFO - Sync 1 DAGs
[2026-03-03T01:02:16.282+0000] {logging_mixin.py:149} INFO - [2026-03-03T01:02:16.282+0000] {dag.py:3490} INFO - Setting next_dagrun for example_bash_operator to 2026-03-02T00:00:00+00:00, run_after=2026-03-03T00:00:00+00:00
[2026-03-03T01:02:16.295+0000] {processor.py:178} INFO - Processing /home/airflow/.local/lib/python3.7/site-packages/airflow/example_dags/example_bash_operator.py took 0.055 seconds
[2026-03-03T01:02:46.978+0000] {processor.py:156} INFO - Started process (PID=865) to work on /home/airflow/.local/lib/python3.7/site-packages/airflow/example_dags/example_bash_operator.py
[2026-03-03T01:02:46.979+0000] {processor.py:799} INFO - Processing file /home/airflow/.local/lib/python3.7/site-packages/airflow/example_dags/example_bash_operator.py for tasks to queue
[2026-03-03T01:02:46.979+0000] {logging_mixin.py:149} INFO - [2026-03-03T01:02:46.979+0000] {dagbag.py:541} INFO - Filling up the DagBag from /home/airflow/.local/lib/python3.7/site-packages/airflow/example_dags/example_bash_operator.py
[2026-03-03T01:02:46.988+0000] {processor.py:809} INFO - DAG(s) dict_keys(['example_bash_operator']) retrieved from /home/airflow/.local/lib/python3.7/site-packages/airflow/example_dags/example_bash_operator.py
[2026-03-03T01:02:47.008+0000] {logging_mixin.py:149} INFO - [2026-03-03T01:02:47.008+0000] {dag.py:2726} INFO - Sync 1 DAGs
[2026-03-03T01:02:47.021+0000] {logging_mixin.py:149} INFO - [2026-03-03T01:02:47.021+0000] {dag.py:3490} INFO - Setting next_dagrun for example_bash_operator to 2026-03-02T00:00:00+00:00, run_after=2026-03-03T00:00:00+00:00
[2026-03-03T01:02:47.030+0000] {processor.py:178} INFO - Processing /home/airflow/.local/lib/python3.7/site-packages/airflow/example_dags/example_bash_operator.py took 0.054 seconds
[2026-03-03T01:03:17.737+0000] {processor.py:156} INFO - Started process (PID=927) to work on /home/airflow/.local/lib/python3.7/site-packages/airflow/example_dags/example_bash_operator.py
[2026-03-03T01:03:17.739+0000] {processor.py:799} INFO - Processing file /home/airflow/.local/lib/python3.7/site-packages/airflow/example_dags/example_bash_operator.py for tasks to queue
[2026-03-03T01:03:17.739+0000] {logging_mixin.py:149} INFO - [2026-03-03T01:03:17.739+0000] {dagbag.py:541} INFO - Filling up the DagBag from /home/airflow/.local/lib/python3.7/site-packages/airflow/example_dags/example_bash_operator.py
[2026-03-03T01:03:17.751+0000] {processor.py:809} INFO - DAG(s) dict_keys(['example_bash_operator']) retrieved from /home/airflow/.local/lib/python3.7/site-packages/airflow/example_dags/example_bash_operator.py
[2026-03-03T01:03:17.772+0000] {logging_mixin.py:149} INFO - [2026-03-03T01:03:17.772+0000] {dag.py:2726} INFO - Sync 1 DAGs
[2026-03-03T01:03:17.787+0000] {logging_mixin.py:149} INFO - [2026-03-03T01:03:17.786+0000] {dag.py:3490} INFO - Setting next_dagrun for example_bash_operator to 2026-03-02T00:00:00+00:00, run_after=2026-03-03T00:00:00+00:00
[2026-03-03T01:03:17.795+0000] {processor.py:178} INFO - Processing /home/airflow/.local/lib/python3.7/site-packages/airflow/example_dags/example_bash_operator.py took 0.061 seconds
[2026-03-03T01:03:48.504+0000] {processor.py:156} INFO - Started process (PID=989) to work on /home/airflow/.local/lib/python3.7/site-packages/airflow/example_dags/example_bash_operator.py
[2026-03-03T01:03:48.506+0000] {processor.py:799} INFO - Processing file /home/airflow/.local/lib/python3.7/site-packages/airflow/example_dags/example_bash_operator.py for tasks to queue
[2026-03-03T01:03:48.506+0000] {logging_mixin.py:149} INFO - [2026-03-03T01:03:48.506+0000] {dagbag.py:541} INFO - Filling up the DagBag from /home/airflow/.local/lib/python3.7/site-packages/airflow/example_dags/example_bash_operator.py
[2026-03-03T01:03:48.516+0000] {processor.py:809} INFO - DAG(s) dict_keys(['example_bash_operator']) retrieved from /home/airflow/.local/lib/python3.7/site-packages/airflow/example_dags/example_bash_operator.py
[2026-03-03T01:03:48.540+0000] {logging_mixin.py:149} INFO - [2026-03-03T01:03:48.540+0000] {dag.py:2726} INFO - Sync 1 DAGs
[2026-03-03T01:03:48.561+0000] {logging_mixin.py:149} INFO - [2026-03-03T01:03:48.560+0000] {dag.py:3490} INFO - Setting next_dagrun for example_bash_operator to 2026-03-02T00:00:00+00:00, run_after=2026-03-03T00:00:00+00:00
[2026-03-03T01:03:48.578+0000] {processor.py:178} INFO - Processing /home/airflow/.local/lib/python3.7/site-packages/airflow/example_dags/example_bash_operator.py took 0.077 seconds
[2026-03-03T01:04:19.259+0000] {processor.py:156} INFO - Started process (PID=1051) to work on /home/airflow/.local/lib/python3.7/site-packages/airflow/example_dags/example_bash_operator.py
[2026-03-03T01:04:19.260+0000] {processor.py:799} INFO - Processing file /home/airflow/.local/lib/python3.7/site-packages/airflow/example_dags/example_bash_operator.py for tasks to queue
[2026-03-03T01:04:19.260+0000] {logging_mixin.py:149} INFO - [2026-03-03T01:04:19.260+0000] {dagbag.py:541} INFO - Filling up the DagBag from /home/airflow/.local/lib/python3.7/site-packages/airflow/example_dags/example_bash_operator.py
[2026-03-03T01:04:19.269+0000] {processor.py:809} INFO - DAG(s) dict_keys(['example_bash_operator']) retrieved from /home/airflow/.local/lib/python3.7/site-packages/airflow/example_dags/example_bash_operator.py
[2026-03-03T01:04:19.284+0000] {logging_mixin.py:149} INFO - [2026-03-03T01:04:19.283+0000] {dag.py:2726} INFO - Sync 1 DAGs
[2026-03-03T01:04:19.295+0000] {logging_mixin.py:149} INFO - [2026-03-03T01:04:19.294+0000] {dag.py:3490} INFO - Setting next_dagrun for example_bash_operator to 2026-03-02T00:00:00+00:00, run_after=2026-03-03T00:00:00+00:00
[2026-03-03T01:04:19.304+0000] {processor.py:178} INFO - Processing /home/airflow/.local/lib/python3.7/site-packages/airflow/example_dags/example_bash_operator.py took 0.047 seconds
[2026-03-03T01:04:49.825+0000] {processor.py:156} INFO - Started process (PID=1113) to work on /home/airflow/.local/lib/python3.7/site-packages/airflow/example_dags/example_bash_operator.py
[2026-03-03T01:04:49.825+0000] {processor.py:799} INFO - Processing file /home/airflow/.local/lib/python3.7/site-packages/airflow/example_dags/example_bash_operator.py for tasks to queue
[2026-03-03T01:04:49.826+0000] {logging_mixin.py:149} INFO - [2026-03-03T01:04:49.826+0000] {dagbag.py:541} INFO - Filling up the DagBag from /home/airflow/.local/lib/python3.7/site-packages/airflow/example_dags/example_bash_operator.py
[2026-03-03T01:04:49.836+0000] {processor.py:809} INFO - DAG(s) dict_keys(['example_bash_operator']) retrieved from /home/airflow/.local/lib/python3.7/site-packages/airflow/example_dags/example_bash_operator.py
[2026-03-03T01:04:49.858+0000] {logging_mixin.py:149} INFO - [2026-03-03T01:04:49.857+0000] {dag.py:2726} INFO - Sync 1 DAGs
[2026-03-03T01:04:49.871+0000] {logging_mixin.py:149} INFO - [2026-03-03T01:04:49.871+0000] {dag.py:3490} INFO - Setting next_dagrun for example_bash_operator to 2026-03-02T00:00:00+00:00, run_after=2026-03-03T00:00:00+00:00
[2026-03-03T01:04:49.880+0000] {processor.py:178} INFO - Processing /home/airflow/.local/lib/python3.7/site-packages/airflow/example_dags/example_bash_operator.py took 0.059 seconds
[2026-03-03T01:05:20.633+0000] {processor.py:156} INFO - Started process (PID=1175) to work on /home/airflow/.local/lib/python3.7/site-packages/airflow/example_dags/example_bash_operator.py
[2026-03-03T01:05:20.634+0000] {processor.py:799} INFO - Processing file /home/airflow/.local/lib/python3.7/site-packages/airflow/example_dags/example_bash_operator.py for tasks to queue
[2026-03-03T01:05:20.634+0000] {logging_mixin.py:149} INFO - [2026-03-03T01:05:20.634+0000] {dagbag.py:541} INFO - Filling up the DagBag from /home/airflow/.local/lib/python3.7/site-packages/airflow/example_dags/example_bash_operator.py
[2026-03-03T01:05:20.645+0000] {processor.py:809} INFO - DAG(s) dict_keys(['example_bash_operator']) retrieved from /home/airflow/.local/lib/python3.7/site-packages/airflow/example_dags/example_bash_operator.py
[2026-03-03T01:05:20.667+0000] {logging_mixin.py:149} INFO - [2026-03-03T01:05:20.667+0000] {dag.py:2726} INFO - Sync 1 DAGs
[2026-03-03T01:05:20.682+0000] {logging_mixin.py:149} INFO - [2026-03-03T01:05:20.682+0000] {dag.py:3490} INFO - Setting next_dagrun for example_bash_operator to 2026-03-02T00:00:00+00:00, run_after=2026-03-03T00:00:00+00:00
[2026-03-03T01:05:20.691+0000] {processor.py:178} INFO - Processing /home/airflow/.local/lib/python3.7/site-packages/airflow/example_dags/example_bash_operator.py took 0.061 seconds
[2026-03-03T01:05:51.351+0000] {processor.py:156} INFO - Started process (PID=1237) to work on /home/airflow/.local/lib/python3.7/site-packages/airflow/example_dags/example_bash_operator.py
[2026-03-03T01:05:51.352+0000] {processor.py:799} INFO - Processing file /home/airflow/.local/lib/python3.7/site-packages/airflow/example_dags/example_bash_operator.py for tasks to queue
[2026-03-03T01:05:51.352+0000] {logging_mixin.py:149} INFO - [2026-03-03T01:05:51.352+0000] {dagbag.py:541} INFO - Filling up the DagBag from /home/airflow/.local/lib/python3.7/site-packages/airflow/example_dags/example_bash_operator.py
[2026-03-03T01:05:51.358+0000] {processor.py:809} INFO - DAG(s) dict_keys(['example_bash_operator']) retrieved from /home/airflow/.local/lib/python3.7/site-packages/airflow/example_dags/example_bash_operator.py
[2026-03-03T01:05:51.373+0000] {logging_mixin.py:149} INFO - [2026-03-03T01:05:51.373+0000] {dag.py:2726} INFO - Sync 1 DAGs
[2026-03-03T01:05:51.384+0000] {logging_mixin.py:149} INFO - [2026-03-03T01:05:51.384+0000] {dag.py:3490} INFO - Setting next_dagrun for example_bash_operator to 2026-03-02T00:00:00+00:00, run_after=2026-03-03T00:00:00+00:00
[2026-03-03T01:05:51.391+0000] {processor.py:178} INFO - Processing /home/airflow/.local/lib/python3.7/site-packages/airflow/example_dags/example_bash_operator.py took 0.043 seconds
[2026-03-03T01:06:21.841+0000] {processor.py:156} INFO - Started process (PID=1299) to work on /home/airflow/.local/lib/python3.7/site-packages/airflow/example_dags/example_bash_operator.py
[2026-03-03T01:06:21.842+0000] {processor.py:799} INFO - Processing file /home/airflow/.local/lib/python3.7/site-packages/airflow/example_dags/example_bash_operator.py for tasks to queue
[2026-03-03T01:06:21.842+0000] {logging_mixin.py:149} INFO - [2026-03-03T01:06:21.842+0000] {dagbag.py:541} INFO - Filling up the DagBag from /home/airflow/.local/lib/python3.7/site-packages/airflow/example_dags/example_bash_operator.py
[2026-03-03T01:06:21.849+0000] {processor.py:809} INFO - DAG(s) dict_keys(['example_bash_operator']) retrieved from /home/airflow/.local/lib/python3.7/site-packages/airflow/example_dags/example_bash_operator.py
[2026-03-03T01:06:21.863+0000] {logging_mixin.py:149} INFO - [2026-03-03T01:06:21.863+0000] {dag.py:2726} INFO - Sync 1 DAGs
[2026-03-03T01:06:21.874+0000] {logging_mixin.py:149} INFO - [2026-03-03T01:06:21.874+0000] {dag.py:3490} INFO - Setting next_dagrun for example_bash_operator to 2026-03-02T00:00:00+00:00, run_after=2026-03-03T00:00:00+00:00
[2026-03-03T01:06:21.882+0000] {processor.py:178} INFO - Processing /home/airflow/.local/lib/python3.7/site-packages/airflow/example_dags/example_bash_operator.py took 0.043 seconds
[2026-03-03T01:07:09.496+0000] {processor.py:156} INFO - Started process (PID=51) to work on /home/airflow/.local/lib/python3.7/site-packages/airflow/example_dags/example_bash_operator.py
[2026-03-03T01:07:09.497+0000] {processor.py:799} INFO - Processing file /home/airflow/.local/lib/python3.7/site-packages/airflow/example_dags/example_bash_operator.py for tasks to queue
[2026-03-03T01:07:09.498+0000] {logging_mixin.py:149} INFO - [2026-03-03T01:07:09.498+0000] {dagbag.py:541} INFO - Filling up the DagBag from /home/airflow/.local/lib/python3.7/site-packages/airflow/example_dags/example_bash_operator.py
[2026-03-03T01:07:09.512+0000] {processor.py:809} INFO - DAG(s) dict_keys(['example_bash_operator']) retrieved from /home/airflow/.local/lib/python3.7/site-packages/airflow/example_dags/example_bash_operator.py
[2026-03-03T01:07:09.521+0000] {logging_mixin.py:149} INFO - [2026-03-03T01:07:09.521+0000] {dag.py:2726} INFO - Sync 1 DAGs
[2026-03-03T01:07:09.545+0000] {logging_mixin.py:149} INFO - [2026-03-03T01:07:09.544+0000] {dag.py:3490} INFO - Setting next_dagrun for example_bash_operator to 2026-03-02T00:00:00+00:00, run_after=2026-03-03T00:00:00+00:00
[2026-03-03T01:07:09.570+0000] {processor.py:178} INFO - Processing /home/airflow/.local/lib/python3.7/site-packages/airflow/example_dags/example_bash_operator.py took 0.077 seconds
[2026-03-03T01:07:39.630+0000] {processor.py:156} INFO - Started process (PID=113) to work on /home/airflow/.local/lib/python3.7/site-packages/airflow/example_dags/example_bash_operator.py
[2026-03-03T01:07:39.631+0000] {processor.py:799} INFO - Processing file /home/airflow/.local/lib/python3.7/site-packages/airflow/example_dags/example_bash_operator.py for tasks to queue
[2026-03-03T01:07:39.633+0000] {logging_mixin.py:149} INFO - [2026-03-03T01:07:39.633+0000] {dagbag.py:541} INFO - Filling up the DagBag from /home/airflow/.local/lib/python3.7/site-packages/airflow/example_dags/example_bash_operator.py
[2026-03-03T01:07:39.644+0000] {processor.py:809} INFO - DAG(s) dict_keys(['example_bash_operator']) retrieved from /home/airflow/.local/lib/python3.7/site-packages/airflow/example_dags/example_bash_operator.py
[2026-03-03T01:07:39.663+0000] {logging_mixin.py:149} INFO - [2026-03-03T01:07:39.663+0000] {dag.py:2726} INFO - Sync 1 DAGs
[2026-03-03T01:07:39.678+0000] {logging_mixin.py:149} INFO - [2026-03-03T01:07:39.678+0000] {dag.py:3490} INFO - Setting next_dagrun for example_bash_operator to 2026-03-02T00:00:00+00:00, run_after=2026-03-03T00:00:00+00:00
[2026-03-03T01:07:39.692+0000] {processor.py:178} INFO - Processing /home/airflow/.local/lib/python3.7/site-packages/airflow/example_dags/example_bash_operator.py took 0.064 seconds
[2026-03-03T01:08:15.538+0000] {processor.py:156} INFO - Started process (PID=182) to work on /home/airflow/.local/lib/python3.7/site-packages/airflow/example_dags/example_bash_operator.py
[2026-03-03T01:08:15.542+0000] {processor.py:799} INFO - Processing file /home/airflow/.local/lib/python3.7/site-packages/airflow/example_dags/example_bash_operator.py for tasks to queue
[2026-03-03T01:08:15.546+0000] {logging_mixin.py:149} INFO - [2026-03-03T01:08:15.545+0000] {dagbag.py:541} INFO - Filling up the DagBag from /home/airflow/.local/lib/python3.7/site-packages/airflow/example_dags/example_bash_operator.py
[2026-03-03T01:08:15.581+0000] {processor.py:809} INFO - DAG(s) dict_keys(['example_bash_operator']) retrieved from /home/airflow/.local/lib/python3.7/site-packages/airflow/example_dags/example_bash_operator.py
[2026-03-03T01:08:15.979+0000] {logging_mixin.py:149} INFO - [2026-03-03T01:08:15.979+0000] {dag.py:2726} INFO - Sync 1 DAGs
[2026-03-03T01:08:16.059+0000] {logging_mixin.py:149} INFO - [2026-03-03T01:08:16.058+0000] {dag.py:3490} INFO - Setting next_dagrun for example_bash_operator to 2026-03-02T00:00:00+00:00, run_after=2026-03-03T00:00:00+00:00
[2026-03-03T01:08:16.121+0000] {processor.py:178} INFO - Processing /home/airflow/.local/lib/python3.7/site-packages/airflow/example_dags/example_bash_operator.py took 0.591 seconds
[2026-03-03T01:08:47.050+0000] {processor.py:156} INFO - Started process (PID=244) to work on /home/airflow/.local/lib/python3.7/site-packages/airflow/example_dags/example_bash_operator.py
[2026-03-03T01:08:47.051+0000] {processor.py:799} INFO - Processing file /home/airflow/.local/lib/python3.7/site-packages/airflow/example_dags/example_bash_operator.py for tasks to queue
[2026-03-03T01:08:47.052+0000] {logging_mixin.py:149} INFO - [2026-03-03T01:08:47.052+0000] {dagbag.py:541} INFO - Filling up the DagBag from /home/airflow/.local/lib/python3.7/site-packages/airflow/example_dags/example_bash_operator.py
[2026-03-03T01:08:47.064+0000] {processor.py:809} INFO - DAG(s) dict_keys(['example_bash_operator']) retrieved from /home/airflow/.local/lib/python3.7/site-packages/airflow/example_dags/example_bash_operator.py
[2026-03-03T01:08:47.087+0000] {logging_mixin.py:149} INFO - [2026-03-03T01:08:47.087+0000] {dag.py:2726} INFO - Sync 1 DAGs
[2026-03-03T01:08:47.103+0000] {logging_mixin.py:149} INFO - [2026-03-03T01:08:47.103+0000] {dag.py:3490} INFO - Setting next_dagrun for example_bash_operator to 2026-03-02T00:00:00+00:00, run_after=2026-03-03T00:00:00+00:00
[2026-03-03T01:08:47.118+0000] {processor.py:178} INFO - Processing /home/airflow/.local/lib/python3.7/site-packages/airflow/example_dags/example_bash_operator.py took 0.071 seconds
[2026-03-03T01:09:17.997+0000] {processor.py:156} INFO - Started process (PID=306) to work on /home/airflow/.local/lib/python3.7/site-packages/airflow/example_dags/example_bash_operator.py
[2026-03-03T01:09:17.999+0000] {processor.py:799} INFO - Processing file /home/airflow/.local/lib/python3.7/site-packages/airflow/example_dags/example_bash_operator.py for tasks to queue
[2026-03-03T01:09:17.999+0000] {logging_mixin.py:149} INFO - [2026-03-03T01:09:17.999+0000] {dagbag.py:541} INFO - Filling up the DagBag from /home/airflow/.local/lib/python3.7/site-packages/airflow/example_dags/example_bash_operator.py
[2026-03-03T01:09:18.013+0000] {processor.py:809} INFO - DAG(s) dict_keys(['example_bash_operator']) retrieved from /home/airflow/.local/lib/python3.7/site-packages/airflow/example_dags/example_bash_operator.py
[2026-03-03T01:09:18.040+0000] {logging_mixin.py:149} INFO - [2026-03-03T01:09:18.039+0000] {dag.py:2726} INFO - Sync 1 DAGs
[2026-03-03T01:09:18.057+0000] {logging_mixin.py:149} INFO - [2026-03-03T01:09:18.057+0000] {dag.py:3490} INFO - Setting next_dagrun for example_bash_operator to 2026-03-02T00:00:00+00:00, run_after=2026-03-03T00:00:00+00:00
[2026-03-03T01:09:18.074+0000] {processor.py:178} INFO - Processing /home/airflow/.local/lib/python3.7/site-packages/airflow/example_dags/example_bash_operator.py took 0.083 seconds
[2026-03-03T01:09:48.970+0000] {processor.py:156} INFO - Started process (PID=368) to work on /home/airflow/.local/lib/python3.7/site-packages/airflow/example_dags/example_bash_operator.py
[2026-03-03T01:09:48.972+0000] {processor.py:799} INFO - Processing file /home/airflow/.local/lib/python3.7/site-packages/airflow/example_dags/example_bash_operator.py for tasks to queue
[2026-03-03T01:09:48.972+0000] {logging_mixin.py:149} INFO - [2026-03-03T01:09:48.972+0000] {dagbag.py:541} INFO - Filling up the DagBag from /home/airflow/.local/lib/python3.7/site-packages/airflow/example_dags/example_bash_operator.py
[2026-03-03T01:09:48.990+0000] {processor.py:809} INFO - DAG(s) dict_keys(['example_bash_operator']) retrieved from /home/airflow/.local/lib/python3.7/site-packages/airflow/example_dags/example_bash_operator.py
[2026-03-03T01:09:49.014+0000] {logging_mixin.py:149} INFO - [2026-03-03T01:09:49.013+0000] {dag.py:2726} INFO - Sync 1 DAGs
[2026-03-03T01:09:49.047+0000] {logging_mixin.py:149} INFO - [2026-03-03T01:09:49.047+0000] {dag.py:3490} INFO - Setting next_dagrun for example_bash_operator to 2026-03-02T00:00:00+00:00, run_after=2026-03-03T00:00:00+00:00
[2026-03-03T01:09:49.066+0000] {processor.py:178} INFO - Processing /home/airflow/.local/lib/python3.7/site-packages/airflow/example_dags/example_bash_operator.py took 0.100 seconds
[2026-03-03T01:10:19.633+0000] {processor.py:156} INFO - Started process (PID=430) to work on /home/airflow/.local/lib/python3.7/site-packages/airflow/example_dags/example_bash_operator.py
[2026-03-03T01:10:19.636+0000] {processor.py:799} INFO - Processing file /home/airflow/.local/lib/python3.7/site-packages/airflow/example_dags/example_bash_operator.py for tasks to queue
[2026-03-03T01:10:19.639+0000] {logging_mixin.py:149} INFO - [2026-03-03T01:10:19.639+0000] {dagbag.py:541} INFO - Filling up the DagBag from /home/airflow/.local/lib/python3.7/site-packages/airflow/example_dags/example_bash_operator.py
[2026-03-03T01:10:19.680+0000] {processor.py:809} INFO - DAG(s) dict_keys(['example_bash_operator']) retrieved from /home/airflow/.local/lib/python3.7/site-packages/airflow/example_dags/example_bash_operator.py
[2026-03-03T01:10:19.788+0000] {logging_mixin.py:149} INFO - [2026-03-03T01:10:19.788+0000] {dag.py:2726} INFO - Sync 1 DAGs
[2026-03-03T01:10:19.886+0000] {logging_mixin.py:149} INFO - [2026-03-03T01:10:19.885+0000] {dag.py:3490} INFO - Setting next_dagrun for example_bash_operator to 2026-03-02T00:00:00+00:00, run_after=2026-03-03T00:00:00+00:00
[2026-03-03T01:10:19.952+0000] {processor.py:178} INFO - Processing /home/airflow/.local/lib/python3.7/site-packages/airflow/example_dags/example_bash_operator.py took 0.331 seconds
[2026-03-03T01:10:50.628+0000] {processor.py:156} INFO - Started process (PID=492) to work on /home/airflow/.local/lib/python3.7/site-packages/airflow/example_dags/example_bash_operator.py
[2026-03-03T01:10:50.631+0000] {processor.py:799} INFO - Processing file /home/airflow/.local/lib/python3.7/site-packages/airflow/example_dags/example_bash_operator.py for tasks to queue
[2026-03-03T01:10:50.633+0000] {logging_mixin.py:149} INFO - [2026-03-03T01:10:50.632+0000] {dagbag.py:541} INFO - Filling up the DagBag from /home/airflow/.local/lib/python3.7/site-packages/airflow/example_dags/example_bash_operator.py
[2026-03-03T01:10:50.666+0000] {processor.py:809} INFO - DAG(s) dict_keys(['example_bash_operator']) retrieved from /home/airflow/.local/lib/python3.7/site-packages/airflow/example_dags/example_bash_operator.py
[2026-03-03T01:10:50.750+0000] {logging_mixin.py:149} INFO - [2026-03-03T01:10:50.750+0000] {dag.py:2726} INFO - Sync 1 DAGs
[2026-03-03T01:10:50.818+0000] {logging_mixin.py:149} INFO - [2026-03-03T01:10:50.818+0000] {dag.py:3490} INFO - Setting next_dagrun for example_bash_operator to 2026-03-02T00:00:00+00:00, run_after=2026-03-03T00:00:00+00:00
[2026-03-03T01:10:50.886+0000] {processor.py:178} INFO - Processing /home/airflow/.local/lib/python3.7/site-packages/airflow/example_dags/example_bash_operator.py took 0.266 seconds
[2026-03-03T01:11:21.847+0000] {processor.py:156} INFO - Started process (PID=554) to work on /home/airflow/.local/lib/python3.7/site-packages/airflow/example_dags/example_bash_operator.py
[2026-03-03T01:11:21.849+0000] {processor.py:799} INFO - Processing file /home/airflow/.local/lib/python3.7/site-packages/airflow/example_dags/example_bash_operator.py for tasks to queue
[2026-03-03T01:11:21.850+0000] {logging_mixin.py:149} INFO - [2026-03-03T01:11:21.850+0000] {dagbag.py:541} INFO - Filling up the DagBag from /home/airflow/.local/lib/python3.7/site-packages/airflow/example_dags/example_bash_operator.py
[2026-03-03T01:11:21.866+0000] {processor.py:809} INFO - DAG(s) dict_keys(['example_bash_operator']) retrieved from /home/airflow/.local/lib/python3.7/site-packages/airflow/example_dags/example_bash_operator.py
[2026-03-03T01:11:21.891+0000] {logging_mixin.py:149} INFO - [2026-03-03T01:11:21.891+0000] {dag.py:2726} INFO - Sync 1 DAGs
[2026-03-03T01:11:21.910+0000] {logging_mixin.py:149} INFO - [2026-03-03T01:11:21.910+0000] {dag.py:3490} INFO - Setting next_dagrun for example_bash_operator to 2026-03-02T00:00:00+00:00, run_after=2026-03-03T00:00:00+00:00
[2026-03-03T01:11:21.924+0000] {processor.py:178} INFO - Processing /home/airflow/.local/lib/python3.7/site-packages/airflow/example_dags/example_bash_operator.py took 0.081 seconds
[2026-03-03T01:11:52.687+0000] {processor.py:156} INFO - Started process (PID=616) to work on /home/airflow/.local/lib/python3.7/site-packages/airflow/example_dags/example_bash_operator.py
[2026-03-03T01:11:52.689+0000] {processor.py:799} INFO - Processing file /home/airflow/.local/lib/python3.7/site-packages/airflow/example_dags/example_bash_operator.py for tasks to queue
[2026-03-03T01:11:52.692+0000] {logging_mixin.py:149} INFO - [2026-03-03T01:11:52.691+0000] {dagbag.py:541} INFO - Filling up the DagBag from /home/airflow/.local/lib/python3.7/site-packages/airflow/example_dags/example_bash_operator.py
[2026-03-03T01:11:52.723+0000] {processor.py:809} INFO - DAG(s) dict_keys(['example_bash_operator']) retrieved from /home/airflow/.local/lib/python3.7/site-packages/airflow/example_dags/example_bash_operator.py
[2026-03-03T01:11:52.810+0000] {logging_mixin.py:149} INFO - [2026-03-03T01:11:52.810+0000] {dag.py:2726} INFO - Sync 1 DAGs
[2026-03-03T01:11:52.888+0000] {logging_mixin.py:149} INFO - [2026-03-03T01:11:52.887+0000] {dag.py:3490} INFO - Setting next_dagrun for example_bash_operator to 2026-03-02T00:00:00+00:00, run_after=2026-03-03T00:00:00+00:00
[2026-03-03T01:11:52.949+0000] {processor.py:178} INFO - Processing /home/airflow/.local/lib/python3.7/site-packages/airflow/example_dags/example_bash_operator.py took 0.268 seconds
[2026-03-03T01:12:23.555+0000] {processor.py:156} INFO - Started process (PID=678) to work on /home/airflow/.local/lib/python3.7/site-packages/airflow/example_dags/example_bash_operator.py
[2026-03-03T01:12:23.558+0000] {processor.py:799} INFO - Processing file /home/airflow/.local/lib/python3.7/site-packages/airflow/example_dags/example_bash_operator.py for tasks to queue
[2026-03-03T01:12:23.564+0000] {logging_mixin.py:149} INFO - [2026-03-03T01:12:23.563+0000] {dagbag.py:541} INFO - Filling up the DagBag from /home/airflow/.local/lib/python3.7/site-packages/airflow/example_dags/example_bash_operator.py
[2026-03-03T01:12:23.591+0000] {processor.py:809} INFO - DAG(s) dict_keys(['example_bash_operator']) retrieved from /home/airflow/.local/lib/python3.7/site-packages/airflow/example_dags/example_bash_operator.py
[2026-03-03T01:12:23.664+0000] {logging_mixin.py:149} INFO - [2026-03-03T01:12:23.663+0000] {dag.py:2726} INFO - Sync 1 DAGs
[2026-03-03T01:12:23.719+0000] {logging_mixin.py:149} INFO - [2026-03-03T01:12:23.718+0000] {dag.py:3490} INFO - Setting next_dagrun for example_bash_operator to 2026-03-02T00:00:00+00:00, run_after=2026-03-03T00:00:00+00:00
[2026-03-03T01:12:23.773+0000] {processor.py:178} INFO - Processing /home/airflow/.local/lib/python3.7/site-packages/airflow/example_dags/example_bash_operator.py took 0.224 seconds
[2026-03-03T01:12:53.955+0000] {processor.py:156} INFO - Started process (PID=740) to work on /home/airflow/.local/lib/python3.7/site-packages/airflow/example_dags/example_bash_operator.py
[2026-03-03T01:12:53.957+0000] {processor.py:799} INFO - Processing file /home/airflow/.local/lib/python3.7/site-packages/airflow/example_dags/example_bash_operator.py for tasks to queue
[2026-03-03T01:12:53.958+0000] {logging_mixin.py:149} INFO - [2026-03-03T01:12:53.958+0000] {dagbag.py:541} INFO - Filling up the DagBag from /home/airflow/.local/lib/python3.7/site-packages/airflow/example_dags/example_bash_operator.py
[2026-03-03T01:12:53.966+0000] {processor.py:809} INFO - DAG(s) dict_keys(['example_bash_operator']) retrieved from /home/airflow/.local/lib/python3.7/site-packages/airflow/example_dags/example_bash_operator.py
[2026-03-03T01:12:53.992+0000] {logging_mixin.py:149} INFO - [2026-03-03T01:12:53.992+0000] {dag.py:2726} INFO - Sync 1 DAGs
[2026-03-03T01:12:54.011+0000] {logging_mixin.py:149} INFO - [2026-03-03T01:12:54.011+0000] {dag.py:3490} INFO - Setting next_dagrun for example_bash_operator to 2026-03-02T00:00:00+00:00, run_after=2026-03-03T00:00:00+00:00
[2026-03-03T01:12:54.026+0000] {processor.py:178} INFO - Processing /home/airflow/.local/lib/python3.7/site-packages/airflow/example_dags/example_bash_operator.py took 0.074 seconds
[2026-03-03T01:13:24.382+0000] {processor.py:156} INFO - Started process (PID=802) to work on /home/airflow/.local/lib/python3.7/site-packages/airflow/example_dags/example_bash_operator.py
[2026-03-03T01:13:24.383+0000] {processor.py:799} INFO - Processing file /home/airflow/.local/lib/python3.7/site-packages/airflow/example_dags/example_bash_operator.py for tasks to queue
[2026-03-03T01:13:24.384+0000] {logging_mixin.py:149} INFO - [2026-03-03T01:13:24.384+0000] {dagbag.py:541} INFO - Filling up the DagBag from /home/airflow/.local/lib/python3.7/site-packages/airflow/example_dags/example_bash_operator.py
[2026-03-03T01:13:24.393+0000] {processor.py:809} INFO - DAG(s) dict_keys(['example_bash_operator']) retrieved from /home/airflow/.local/lib/python3.7/site-packages/airflow/example_dags/example_bash_operator.py
[2026-03-03T01:13:24.410+0000] {logging_mixin.py:149} INFO - [2026-03-03T01:13:24.409+0000] {dag.py:2726} INFO - Sync 1 DAGs
[2026-03-03T01:13:24.421+0000] {logging_mixin.py:149} INFO - [2026-03-03T01:13:24.421+0000] {dag.py:3490} INFO - Setting next_dagrun for example_bash_operator to 2026-03-02T00:00:00+00:00, run_after=2026-03-03T00:00:00+00:00
[2026-03-03T01:13:24.429+0000] {processor.py:178} INFO - Processing /home/airflow/.local/lib/python3.7/site-packages/airflow/example_dags/example_bash_operator.py took 0.052 seconds
[2026-03-03T01:13:55.064+0000] {processor.py:156} INFO - Started process (PID=864) to work on /home/airflow/.local/lib/python3.7/site-packages/airflow/example_dags/example_bash_operator.py
[2026-03-03T01:13:55.065+0000] {processor.py:799} INFO - Processing file /home/airflow/.local/lib/python3.7/site-packages/airflow/example_dags/example_bash_operator.py for tasks to queue
[2026-03-03T01:13:55.066+0000] {logging_mixin.py:149} INFO - [2026-03-03T01:13:55.066+0000] {dagbag.py:541} INFO - Filling up the DagBag from /home/airflow/.local/lib/python3.7/site-packages/airflow/example_dags/example_bash_operator.py
[2026-03-03T01:13:55.076+0000] {processor.py:809} INFO - DAG(s) dict_keys(['example_bash_operator']) retrieved from /home/airflow/.local/lib/python3.7/site-packages/airflow/example_dags/example_bash_operator.py
[2026-03-03T01:13:55.097+0000] {logging_mixin.py:149} INFO - [2026-03-03T01:13:55.097+0000] {dag.py:2726} INFO - Sync 1 DAGs
[2026-03-03T01:13:55.112+0000] {logging_mixin.py:149} INFO - [2026-03-03T01:13:55.112+0000] {dag.py:3490} INFO - Setting next_dagrun for example_bash_operator to 2026-03-02T00:00:00+00:00, run_after=2026-03-03T00:00:00+00:00
[2026-03-03T01:13:55.124+0000] {processor.py:178} INFO - Processing /home/airflow/.local/lib/python3.7/site-packages/airflow/example_dags/example_bash_operator.py took 0.064 seconds
[2026-03-03T01:14:25.848+0000] {processor.py:156} INFO - Started process (PID=926) to work on /home/airflow/.local/lib/python3.7/site-packages/airflow/example_dags/example_bash_operator.py
[2026-03-03T01:14:25.850+0000] {processor.py:799} INFO - Processing file /home/airflow/.local/lib/python3.7/site-packages/airflow/example_dags/example_bash_operator.py for tasks to queue
[2026-03-03T01:14:25.851+0000] {logging_mixin.py:149} INFO - [2026-03-03T01:14:25.851+0000] {dagbag.py:541} INFO - Filling up the DagBag from /home/airflow/.local/lib/python3.7/site-packages/airflow/example_dags/example_bash_operator.py
[2026-03-03T01:14:25.863+0000] {processor.py:809} INFO - DAG(s) dict_keys(['example_bash_operator']) retrieved from /home/airflow/.local/lib/python3.7/site-packages/airflow/example_dags/example_bash_operator.py
[2026-03-03T01:14:25.885+0000] {logging_mixin.py:149} INFO - [2026-03-03T01:14:25.885+0000] {dag.py:2726} INFO - Sync 1 DAGs
[2026-03-03T01:14:25.904+0000] {logging_mixin.py:149} INFO - [2026-03-03T01:14:25.904+0000] {dag.py:3490} INFO - Setting next_dagrun for example_bash_operator to 2026-03-02T00:00:00+00:00, run_after=2026-03-03T00:00:00+00:00
[2026-03-03T01:14:25.922+0000] {processor.py:178} INFO - Processing /home/airflow/.local/lib/python3.7/site-packages/airflow/example_dags/example_bash_operator.py took 0.078 seconds
[2026-03-03T01:14:56.277+0000] {processor.py:156} INFO - Started process (PID=988) to work on /home/airflow/.local/lib/python3.7/site-packages/airflow/example_dags/example_bash_operator.py
[2026-03-03T01:14:56.278+0000] {processor.py:799} INFO - Processing file /home/airflow/.local/lib/python3.7/site-packages/airflow/example_dags/example_bash_operator.py for tasks to queue
[2026-03-03T01:14:56.278+0000] {logging_mixin.py:149} INFO - [2026-03-03T01:14:56.278+0000] {dagbag.py:541} INFO - Filling up the DagBag from /home/airflow/.local/lib/python3.7/site-packages/airflow/example_dags/example_bash_operator.py
[2026-03-03T01:14:56.292+0000] {processor.py:809} INFO - DAG(s) dict_keys(['example_bash_operator']) retrieved from /home/airflow/.local/lib/python3.7/site-packages/airflow/example_dags/example_bash_operator.py
[2026-03-03T01:14:56.314+0000] {logging_mixin.py:149} INFO - [2026-03-03T01:14:56.314+0000] {dag.py:2726} INFO - Sync 1 DAGs
[2026-03-03T01:14:56.331+0000] {logging_mixin.py:149} INFO - [2026-03-03T01:14:56.331+0000] {dag.py:3490} INFO - Setting next_dagrun for example_bash_operator to 2026-03-02T00:00:00+00:00, run_after=2026-03-03T00:00:00+00:00
[2026-03-03T01:14:56.345+0000] {processor.py:178} INFO - Processing /home/airflow/.local/lib/python3.7/site-packages/airflow/example_dags/example_bash_operator.py took 0.072 seconds
[2026-03-03T01:15:27.180+0000] {processor.py:156} INFO - Started process (PID=1050) to work on /home/airflow/.local/lib/python3.7/site-packages/airflow/example_dags/example_bash_operator.py
[2026-03-03T01:15:27.182+0000] {processor.py:799} INFO - Processing file /home/airflow/.local/lib/python3.7/site-packages/airflow/example_dags/example_bash_operator.py for tasks to queue
[2026-03-03T01:15:27.184+0000] {logging_mixin.py:149} INFO - [2026-03-03T01:15:27.184+0000] {dagbag.py:541} INFO - Filling up the DagBag from /home/airflow/.local/lib/python3.7/site-packages/airflow/example_dags/example_bash_operator.py
[2026-03-03T01:15:27.200+0000] {processor.py:809} INFO - DAG(s) dict_keys(['example_bash_operator']) retrieved from /home/airflow/.local/lib/python3.7/site-packages/airflow/example_dags/example_bash_operator.py
[2026-03-03T01:15:27.224+0000] {logging_mixin.py:149} INFO - [2026-03-03T01:15:27.224+0000] {dag.py:2726} INFO - Sync 1 DAGs
[2026-03-03T01:15:27.241+0000] {logging_mixin.py:149} INFO - [2026-03-03T01:15:27.240+0000] {dag.py:3490} INFO - Setting next_dagrun for example_bash_operator to 2026-03-02T00:00:00+00:00, run_after=2026-03-03T00:00:00+00:00
[2026-03-03T01:15:27.253+0000] {processor.py:178} INFO - Processing /home/airflow/.local/lib/python3.7/site-packages/airflow/example_dags/example_bash_operator.py took 0.077 seconds
[2026-03-03T01:15:57.972+0000] {processor.py:156} INFO - Started process (PID=1111) to work on /home/airflow/.local/lib/python3.7/site-packages/airflow/example_dags/example_bash_operator.py
[2026-03-03T01:15:57.973+0000] {processor.py:799} INFO - Processing file /home/airflow/.local/lib/python3.7/site-packages/airflow/example_dags/example_bash_operator.py for tasks to queue
[2026-03-03T01:15:57.974+0000] {logging_mixin.py:149} INFO - [2026-03-03T01:15:57.974+0000] {dagbag.py:541} INFO - Filling up the DagBag from /home/airflow/.local/lib/python3.7/site-packages/airflow/example_dags/example_bash_operator.py
[2026-03-03T01:15:57.988+0000] {processor.py:809} INFO - DAG(s) dict_keys(['example_bash_operator']) retrieved from /home/airflow/.local/lib/python3.7/site-packages/airflow/example_dags/example_bash_operator.py
[2026-03-03T01:15:58.009+0000] {logging_mixin.py:149} INFO - [2026-03-03T01:15:58.008+0000] {dag.py:2726} INFO - Sync 1 DAGs
[2026-03-03T01:15:58.024+0000] {logging_mixin.py:149} INFO - [2026-03-03T01:15:58.024+0000] {dag.py:3490} INFO - Setting next_dagrun for example_bash_operator to 2026-03-02T00:00:00+00:00, run_after=2026-03-03T00:00:00+00:00
[2026-03-03T01:15:58.036+0000] {processor.py:178} INFO - Processing /home/airflow/.local/lib/python3.7/site-packages/airflow/example_dags/example_bash_operator.py took 0.068 seconds
[2026-03-03T01:16:28.217+0000] {processor.py:156} INFO - Started process (PID=1173) to work on /home/airflow/.local/lib/python3.7/site-packages/airflow/example_dags/example_bash_operator.py
[2026-03-03T01:16:28.219+0000] {processor.py:799} INFO - Processing file /home/airflow/.local/lib/python3.7/site-packages/airflow/example_dags/example_bash_operator.py for tasks to queue
[2026-03-03T01:16:28.221+0000] {logging_mixin.py:149} INFO - [2026-03-03T01:16:28.221+0000] {dagbag.py:541} INFO - Filling up the DagBag from /home/airflow/.local/lib/python3.7/site-packages/airflow/example_dags/example_bash_operator.py
[2026-03-03T01:16:28.254+0000] {processor.py:809} INFO - DAG(s) dict_keys(['example_bash_operator']) retrieved from /home/airflow/.local/lib/python3.7/site-packages/airflow/example_dags/example_bash_operator.py
[2026-03-03T01:16:28.336+0000] {logging_mixin.py:149} INFO - [2026-03-03T01:16:28.335+0000] {dag.py:2726} INFO - Sync 1 DAGs
[2026-03-03T01:16:28.409+0000] {logging_mixin.py:149} INFO - [2026-03-03T01:16:28.408+0000] {dag.py:3490} INFO - Setting next_dagrun for example_bash_operator to 2026-03-02T00:00:00+00:00, run_after=2026-03-03T00:00:00+00:00
[2026-03-03T01:16:28.465+0000] {processor.py:178} INFO - Processing /home/airflow/.local/lib/python3.7/site-packages/airflow/example_dags/example_bash_operator.py took 0.257 seconds
[2026-03-03T01:16:59.086+0000] {processor.py:156} INFO - Started process (PID=1235) to work on /home/airflow/.local/lib/python3.7/site-packages/airflow/example_dags/example_bash_operator.py
[2026-03-03T01:16:59.088+0000] {processor.py:799} INFO - Processing file /home/airflow/.local/lib/python3.7/site-packages/airflow/example_dags/example_bash_operator.py for tasks to queue
[2026-03-03T01:16:59.091+0000] {logging_mixin.py:149} INFO - [2026-03-03T01:16:59.090+0000] {dagbag.py:541} INFO - Filling up the DagBag from /home/airflow/.local/lib/python3.7/site-packages/airflow/example_dags/example_bash_operator.py
[2026-03-03T01:16:59.117+0000] {processor.py:809} INFO - DAG(s) dict_keys(['example_bash_operator']) retrieved from /home/airflow/.local/lib/python3.7/site-packages/airflow/example_dags/example_bash_operator.py
[2026-03-03T01:16:59.185+0000] {logging_mixin.py:149} INFO - [2026-03-03T01:16:59.185+0000] {dag.py:2726} INFO - Sync 1 DAGs
[2026-03-03T01:16:59.237+0000] {logging_mixin.py:149} INFO - [2026-03-03T01:16:59.237+0000] {dag.py:3490} INFO - Setting next_dagrun for example_bash_operator to 2026-03-02T00:00:00+00:00, run_after=2026-03-03T00:00:00+00:00
[2026-03-03T01:16:59.283+0000] {processor.py:178} INFO - Processing /home/airflow/.local/lib/python3.7/site-packages/airflow/example_dags/example_bash_operator.py took 0.203 seconds
[2026-03-03T01:17:29.644+0000] {processor.py:156} INFO - Started process (PID=1297) to work on /home/airflow/.local/lib/python3.7/site-packages/airflow/example_dags/example_bash_operator.py
[2026-03-03T01:17:29.645+0000] {processor.py:799} INFO - Processing file /home/airflow/.local/lib/python3.7/site-packages/airflow/example_dags/example_bash_operator.py for tasks to queue
[2026-03-03T01:17:29.646+0000] {logging_mixin.py:149} INFO - [2026-03-03T01:17:29.646+0000] {dagbag.py:541} INFO - Filling up the DagBag from /home/airflow/.local/lib/python3.7/site-packages/airflow/example_dags/example_bash_operator.py
[2026-03-03T01:17:29.655+0000] {processor.py:809} INFO - DAG(s) dict_keys(['example_bash_operator']) retrieved from /home/airflow/.local/lib/python3.7/site-packages/airflow/example_dags/example_bash_operator.py
[2026-03-03T01:17:29.670+0000] {logging_mixin.py:149} INFO - [2026-03-03T01:17:29.670+0000] {dag.py:2726} INFO - Sync 1 DAGs
[2026-03-03T01:17:29.681+0000] {logging_mixin.py:149} INFO - [2026-03-03T01:17:29.681+0000] {dag.py:3490} INFO - Setting next_dagrun for example_bash_operator to 2026-03-02T00:00:00+00:00, run_after=2026-03-03T00:00:00+00:00
[2026-03-03T01:17:29.689+0000] {processor.py:178} INFO - Processing /home/airflow/.local/lib/python3.7/site-packages/airflow/example_dags/example_bash_operator.py took 0.049 seconds
[2026-03-03T01:18:00.654+0000] {processor.py:156} INFO - Started process (PID=1359) to work on /home/airflow/.local/lib/python3.7/site-packages/airflow/example_dags/example_bash_operator.py
[2026-03-03T01:18:00.654+0000] {processor.py:799} INFO - Processing file /home/airflow/.local/lib/python3.7/site-packages/airflow/example_dags/example_bash_operator.py for tasks to queue
[2026-03-03T01:18:00.655+0000] {logging_mixin.py:149} INFO - [2026-03-03T01:18:00.655+0000] {dagbag.py:541} INFO - Filling up the DagBag from /home/airflow/.local/lib/python3.7/site-packages/airflow/example_dags/example_bash_operator.py
[2026-03-03T01:18:00.666+0000] {processor.py:809} INFO - DAG(s) dict_keys(['example_bash_operator']) retrieved from /home/airflow/.local/lib/python3.7/site-packages/airflow/example_dags/example_bash_operator.py
[2026-03-03T01:18:00.689+0000] {logging_mixin.py:149} INFO - [2026-03-03T01:18:00.689+0000] {dag.py:2726} INFO - Sync 1 DAGs
[2026-03-03T01:18:00.703+0000] {logging_mixin.py:149} INFO - [2026-03-03T01:18:00.703+0000] {dag.py:3490} INFO - Setting next_dagrun for example_bash_operator to 2026-03-02T00:00:00+00:00, run_after=2026-03-03T00:00:00+00:00
[2026-03-03T01:18:00.712+0000] {processor.py:178} INFO - Processing /home/airflow/.local/lib/python3.7/site-packages/airflow/example_dags/example_bash_operator.py took 0.061 seconds
[2026-03-03T01:18:31.365+0000] {processor.py:156} INFO - Started process (PID=1421) to work on /home/airflow/.local/lib/python3.7/site-packages/airflow/example_dags/example_bash_operator.py
[2026-03-03T01:18:31.368+0000] {processor.py:799} INFO - Processing file /home/airflow/.local/lib/python3.7/site-packages/airflow/example_dags/example_bash_operator.py for tasks to queue
[2026-03-03T01:18:31.371+0000] {logging_mixin.py:149} INFO - [2026-03-03T01:18:31.371+0000] {dagbag.py:541} INFO - Filling up the DagBag from /home/airflow/.local/lib/python3.7/site-packages/airflow/example_dags/example_bash_operator.py
[2026-03-03T01:18:31.400+0000] {processor.py:809} INFO - DAG(s) dict_keys(['example_bash_operator']) retrieved from /home/airflow/.local/lib/python3.7/site-packages/airflow/example_dags/example_bash_operator.py
[2026-03-03T01:18:31.473+0000] {logging_mixin.py:149} INFO - [2026-03-03T01:18:31.472+0000] {dag.py:2726} INFO - Sync 1 DAGs
[2026-03-03T01:18:31.537+0000] {logging_mixin.py:149} INFO - [2026-03-03T01:18:31.537+0000] {dag.py:3490} INFO - Setting next_dagrun for example_bash_operator to 2026-03-02T00:00:00+00:00, run_after=2026-03-03T00:00:00+00:00
[2026-03-03T01:18:31.594+0000] {processor.py:178} INFO - Processing /home/airflow/.local/lib/python3.7/site-packages/airflow/example_dags/example_bash_operator.py took 0.237 seconds
[2026-03-03T01:19:01.775+0000] {processor.py:156} INFO - Started process (PID=1483) to work on /home/airflow/.local/lib/python3.7/site-packages/airflow/example_dags/example_bash_operator.py
[2026-03-03T01:19:01.778+0000] {processor.py:799} INFO - Processing file /home/airflow/.local/lib/python3.7/site-packages/airflow/example_dags/example_bash_operator.py for tasks to queue
[2026-03-03T01:19:01.786+0000] {logging_mixin.py:149} INFO - [2026-03-03T01:19:01.783+0000] {dagbag.py:541} INFO - Filling up the DagBag from /home/airflow/.local/lib/python3.7/site-packages/airflow/example_dags/example_bash_operator.py
[2026-03-03T01:19:01.815+0000] {processor.py:809} INFO - DAG(s) dict_keys(['example_bash_operator']) retrieved from /home/airflow/.local/lib/python3.7/site-packages/airflow/example_dags/example_bash_operator.py
[2026-03-03T01:19:01.885+0000] {logging_mixin.py:149} INFO - [2026-03-03T01:19:01.885+0000] {dag.py:2726} INFO - Sync 1 DAGs
[2026-03-03T01:19:01.941+0000] {logging_mixin.py:149} INFO - [2026-03-03T01:19:01.941+0000] {dag.py:3490} INFO - Setting next_dagrun for example_bash_operator to 2026-03-02T00:00:00+00:00, run_after=2026-03-03T00:00:00+00:00
[2026-03-03T01:19:01.991+0000] {processor.py:178} INFO - Processing /home/airflow/.local/lib/python3.7/site-packages/airflow/example_dags/example_bash_operator.py took 0.222 seconds
[2026-03-03T01:19:32.942+0000] {processor.py:156} INFO - Started process (PID=1545) to work on /home/airflow/.local/lib/python3.7/site-packages/airflow/example_dags/example_bash_operator.py
[2026-03-03T01:19:32.943+0000] {processor.py:799} INFO - Processing file /home/airflow/.local/lib/python3.7/site-packages/airflow/example_dags/example_bash_operator.py for tasks to queue
[2026-03-03T01:19:32.944+0000] {logging_mixin.py:149} INFO - [2026-03-03T01:19:32.944+0000] {dagbag.py:541} INFO - Filling up the DagBag from /home/airflow/.local/lib/python3.7/site-packages/airflow/example_dags/example_bash_operator.py
[2026-03-03T01:19:32.955+0000] {processor.py:809} INFO - DAG(s) dict_keys(['example_bash_operator']) retrieved from /home/airflow/.local/lib/python3.7/site-packages/airflow/example_dags/example_bash_operator.py
[2026-03-03T01:19:32.974+0000] {logging_mixin.py:149} INFO - [2026-03-03T01:19:32.973+0000] {dag.py:2726} INFO - Sync 1 DAGs
[2026-03-03T01:19:32.987+0000] {logging_mixin.py:149} INFO - [2026-03-03T01:19:32.987+0000] {dag.py:3490} INFO - Setting next_dagrun for example_bash_operator to 2026-03-02T00:00:00+00:00, run_after=2026-03-03T00:00:00+00:00
[2026-03-03T01:19:32.996+0000] {processor.py:178} INFO - Processing /home/airflow/.local/lib/python3.7/site-packages/airflow/example_dags/example_bash_operator.py took 0.057 seconds
[2026-03-03T01:20:03.619+0000] {processor.py:156} INFO - Started process (PID=1607) to work on /home/airflow/.local/lib/python3.7/site-packages/airflow/example_dags/example_bash_operator.py
[2026-03-03T01:20:03.620+0000] {processor.py:799} INFO - Processing file /home/airflow/.local/lib/python3.7/site-packages/airflow/example_dags/example_bash_operator.py for tasks to queue
[2026-03-03T01:20:03.622+0000] {logging_mixin.py:149} INFO - [2026-03-03T01:20:03.622+0000] {dagbag.py:541} INFO - Filling up the DagBag from /home/airflow/.local/lib/python3.7/site-packages/airflow/example_dags/example_bash_operator.py
[2026-03-03T01:20:03.632+0000] {processor.py:809} INFO - DAG(s) dict_keys(['example_bash_operator']) retrieved from /home/airflow/.local/lib/python3.7/site-packages/airflow/example_dags/example_bash_operator.py
[2026-03-03T01:20:03.654+0000] {logging_mixin.py:149} INFO - [2026-03-03T01:20:03.654+0000] {dag.py:2726} INFO - Sync 1 DAGs
[2026-03-03T01:20:03.667+0000] {logging_mixin.py:149} INFO - [2026-03-03T01:20:03.667+0000] {dag.py:3490} INFO - Setting next_dagrun for example_bash_operator to 2026-03-02T00:00:00+00:00, run_after=2026-03-03T00:00:00+00:00
[2026-03-03T01:20:03.677+0000] {processor.py:178} INFO - Processing /home/airflow/.local/lib/python3.7/site-packages/airflow/example_dags/example_bash_operator.py took 0.063 seconds
[2026-03-03T01:20:34.312+0000] {processor.py:156} INFO - Started process (PID=1669) to work on /home/airflow/.local/lib/python3.7/site-packages/airflow/example_dags/example_bash_operator.py
[2026-03-03T01:20:34.313+0000] {processor.py:799} INFO - Processing file /home/airflow/.local/lib/python3.7/site-packages/airflow/example_dags/example_bash_operator.py for tasks to queue
[2026-03-03T01:20:34.314+0000] {logging_mixin.py:149} INFO - [2026-03-03T01:20:34.314+0000] {dagbag.py:541} INFO - Filling up the DagBag from /home/airflow/.local/lib/python3.7/site-packages/airflow/example_dags/example_bash_operator.py
[2026-03-03T01:20:34.326+0000] {processor.py:809} INFO - DAG(s) dict_keys(['example_bash_operator']) retrieved from /home/airflow/.local/lib/python3.7/site-packages/airflow/example_dags/example_bash_operator.py
[2026-03-03T01:20:34.348+0000] {logging_mixin.py:149} INFO - [2026-03-03T01:20:34.347+0000] {dag.py:2726} INFO - Sync 1 DAGs
[2026-03-03T01:20:34.362+0000] {logging_mixin.py:149} INFO - [2026-03-03T01:20:34.362+0000] {dag.py:3490} INFO - Setting next_dagrun for example_bash_operator to 2026-03-02T00:00:00+00:00, run_after=2026-03-03T00:00:00+00:00
[2026-03-03T01:20:34.371+0000] {processor.py:178} INFO - Processing /home/airflow/.local/lib/python3.7/site-packages/airflow/example_dags/example_bash_operator.py took 0.063 seconds
[2026-03-03T01:21:04.976+0000] {processor.py:156} INFO - Started process (PID=1731) to work on /home/airflow/.local/lib/python3.7/site-packages/airflow/example_dags/example_bash_operator.py
[2026-03-03T01:21:04.978+0000] {processor.py:799} INFO - Processing file /home/airflow/.local/lib/python3.7/site-packages/airflow/example_dags/example_bash_operator.py for tasks to queue
[2026-03-03T01:21:04.980+0000] {logging_mixin.py:149} INFO - [2026-03-03T01:21:04.980+0000] {dagbag.py:541} INFO - Filling up the DagBag from /home/airflow/.local/lib/python3.7/site-packages/airflow/example_dags/example_bash_operator.py
[2026-03-03T01:21:04.990+0000] {processor.py:809} INFO - DAG(s) dict_keys(['example_bash_operator']) retrieved from /home/airflow/.local/lib/python3.7/site-packages/airflow/example_dags/example_bash_operator.py
[2026-03-03T01:21:05.010+0000] {logging_mixin.py:149} INFO - [2026-03-03T01:21:05.010+0000] {dag.py:2726} INFO - Sync 1 DAGs
[2026-03-03T01:21:05.024+0000] {logging_mixin.py:149} INFO - [2026-03-03T01:21:05.024+0000] {dag.py:3490} INFO - Setting next_dagrun for example_bash_operator to 2026-03-02T00:00:00+00:00, run_after=2026-03-03T00:00:00+00:00
[2026-03-03T01:21:05.033+0000] {processor.py:178} INFO - Processing /home/airflow/.local/lib/python3.7/site-packages/airflow/example_dags/example_bash_operator.py took 0.061 seconds
[2026-03-03T01:21:35.645+0000] {processor.py:156} INFO - Started process (PID=1793) to work on /home/airflow/.local/lib/python3.7/site-packages/airflow/example_dags/example_bash_operator.py
[2026-03-03T01:21:35.647+0000] {processor.py:799} INFO - Processing file /home/airflow/.local/lib/python3.7/site-packages/airflow/example_dags/example_bash_operator.py for tasks to queue
[2026-03-03T01:21:35.648+0000] {logging_mixin.py:149} INFO - [2026-03-03T01:21:35.648+0000] {dagbag.py:541} INFO - Filling up the DagBag from /home/airflow/.local/lib/python3.7/site-packages/airflow/example_dags/example_bash_operator.py
[2026-03-03T01:21:35.659+0000] {processor.py:809} INFO - DAG(s) dict_keys(['example_bash_operator']) retrieved from /home/airflow/.local/lib/python3.7/site-packages/airflow/example_dags/example_bash_operator.py
[2026-03-03T01:21:35.680+0000] {logging_mixin.py:149} INFO - [2026-03-03T01:21:35.680+0000] {dag.py:2726} INFO - Sync 1 DAGs
[2026-03-03T01:21:35.696+0000] {logging_mixin.py:149} INFO - [2026-03-03T01:21:35.696+0000] {dag.py:3490} INFO - Setting next_dagrun for example_bash_operator to 2026-03-02T00:00:00+00:00, run_after=2026-03-03T00:00:00+00:00
[2026-03-03T01:21:35.706+0000] {processor.py:178} INFO - Processing /home/airflow/.local/lib/python3.7/site-packages/airflow/example_dags/example_bash_operator.py took 0.065 seconds
[2026-03-03T01:22:06.296+0000] {processor.py:156} INFO - Started process (PID=1855) to work on /home/airflow/.local/lib/python3.7/site-packages/airflow/example_dags/example_bash_operator.py
[2026-03-03T01:22:06.299+0000] {processor.py:799} INFO - Processing file /home/airflow/.local/lib/python3.7/site-packages/airflow/example_dags/example_bash_operator.py for tasks to queue
[2026-03-03T01:22:06.301+0000] {logging_mixin.py:149} INFO - [2026-03-03T01:22:06.301+0000] {dagbag.py:541} INFO - Filling up the DagBag from /home/airflow/.local/lib/python3.7/site-packages/airflow/example_dags/example_bash_operator.py
[2026-03-03T01:22:06.338+0000] {processor.py:809} INFO - DAG(s) dict_keys(['example_bash_operator']) retrieved from /home/airflow/.local/lib/python3.7/site-packages/airflow/example_dags/example_bash_operator.py
[2026-03-03T01:22:06.426+0000] {logging_mixin.py:149} INFO - [2026-03-03T01:22:06.425+0000] {dag.py:2726} INFO - Sync 1 DAGs
[2026-03-03T01:22:06.496+0000] {logging_mixin.py:149} INFO - [2026-03-03T01:22:06.496+0000] {dag.py:3490} INFO - Setting next_dagrun for example_bash_operator to 2026-03-02T00:00:00+00:00, run_after=2026-03-03T00:00:00+00:00
[2026-03-03T01:22:06.559+0000] {processor.py:178} INFO - Processing /home/airflow/.local/lib/python3.7/site-packages/airflow/example_dags/example_bash_operator.py took 0.270 seconds
[2026-03-03T01:22:37.203+0000] {processor.py:156} INFO - Started process (PID=1917) to work on /home/airflow/.local/lib/python3.7/site-packages/airflow/example_dags/example_bash_operator.py
[2026-03-03T01:22:37.206+0000] {processor.py:799} INFO - Processing file /home/airflow/.local/lib/python3.7/site-packages/airflow/example_dags/example_bash_operator.py for tasks to queue
[2026-03-03T01:22:37.208+0000] {logging_mixin.py:149} INFO - [2026-03-03T01:22:37.208+0000] {dagbag.py:541} INFO - Filling up the DagBag from /home/airflow/.local/lib/python3.7/site-packages/airflow/example_dags/example_bash_operator.py
[2026-03-03T01:22:37.248+0000] {processor.py:809} INFO - DAG(s) dict_keys(['example_bash_operator']) retrieved from /home/airflow/.local/lib/python3.7/site-packages/airflow/example_dags/example_bash_operator.py
[2026-03-03T01:22:37.350+0000] {logging_mixin.py:149} INFO - [2026-03-03T01:22:37.350+0000] {dag.py:2726} INFO - Sync 1 DAGs
[2026-03-03T01:22:37.431+0000] {logging_mixin.py:149} INFO - [2026-03-03T01:22:37.431+0000] {dag.py:3490} INFO - Setting next_dagrun for example_bash_operator to 2026-03-02T00:00:00+00:00, run_after=2026-03-03T00:00:00+00:00
[2026-03-03T01:22:37.515+0000] {processor.py:178} INFO - Processing /home/airflow/.local/lib/python3.7/site-packages/airflow/example_dags/example_bash_operator.py took 0.320 seconds
[2026-03-03T01:23:07.875+0000] {processor.py:156} INFO - Started process (PID=1979) to work on /home/airflow/.local/lib/python3.7/site-packages/airflow/example_dags/example_bash_operator.py
[2026-03-03T01:23:07.878+0000] {processor.py:799} INFO - Processing file /home/airflow/.local/lib/python3.7/site-packages/airflow/example_dags/example_bash_operator.py for tasks to queue
[2026-03-03T01:23:07.880+0000] {logging_mixin.py:149} INFO - [2026-03-03T01:23:07.880+0000] {dagbag.py:541} INFO - Filling up the DagBag from /home/airflow/.local/lib/python3.7/site-packages/airflow/example_dags/example_bash_operator.py
[2026-03-03T01:23:07.922+0000] {processor.py:809} INFO - DAG(s) dict_keys(['example_bash_operator']) retrieved from /home/airflow/.local/lib/python3.7/site-packages/airflow/example_dags/example_bash_operator.py
[2026-03-03T01:23:08.022+0000] {logging_mixin.py:149} INFO - [2026-03-03T01:23:08.021+0000] {dag.py:2726} INFO - Sync 1 DAGs
[2026-03-03T01:23:08.124+0000] {logging_mixin.py:149} INFO - [2026-03-03T01:23:08.123+0000] {dag.py:3490} INFO - Setting next_dagrun for example_bash_operator to 2026-03-02T00:00:00+00:00, run_after=2026-03-03T00:00:00+00:00
[2026-03-03T01:23:08.205+0000] {processor.py:178} INFO - Processing /home/airflow/.local/lib/python3.7/site-packages/airflow/example_dags/example_bash_operator.py took 0.339 seconds
[2026-03-03T01:23:38.480+0000] {processor.py:156} INFO - Started process (PID=2042) to work on /home/airflow/.local/lib/python3.7/site-packages/airflow/example_dags/example_bash_operator.py
[2026-03-03T01:23:38.482+0000] {processor.py:799} INFO - Processing file /home/airflow/.local/lib/python3.7/site-packages/airflow/example_dags/example_bash_operator.py for tasks to queue
[2026-03-03T01:23:38.485+0000] {logging_mixin.py:149} INFO - [2026-03-03T01:23:38.484+0000] {dagbag.py:541} INFO - Filling up the DagBag from /home/airflow/.local/lib/python3.7/site-packages/airflow/example_dags/example_bash_operator.py
[2026-03-03T01:23:38.527+0000] {processor.py:809} INFO - DAG(s) dict_keys(['example_bash_operator']) retrieved from /home/airflow/.local/lib/python3.7/site-packages/airflow/example_dags/example_bash_operator.py
[2026-03-03T01:23:38.621+0000] {logging_mixin.py:149} INFO - [2026-03-03T01:23:38.620+0000] {dag.py:2726} INFO - Sync 1 DAGs
[2026-03-03T01:23:38.696+0000] {logging_mixin.py:149} INFO - [2026-03-03T01:23:38.696+0000] {dag.py:3490} INFO - Setting next_dagrun for example_bash_operator to 2026-03-02T00:00:00+00:00, run_after=2026-03-03T00:00:00+00:00
[2026-03-03T01:23:38.765+0000] {processor.py:178} INFO - Processing /home/airflow/.local/lib/python3.7/site-packages/airflow/example_dags/example_bash_operator.py took 0.293 seconds
[2026-03-03T01:24:08.843+0000] {processor.py:156} INFO - Started process (PID=2103) to work on /home/airflow/.local/lib/python3.7/site-packages/airflow/example_dags/example_bash_operator.py
[2026-03-03T01:24:08.846+0000] {processor.py:799} INFO - Processing file /home/airflow/.local/lib/python3.7/site-packages/airflow/example_dags/example_bash_operator.py for tasks to queue
[2026-03-03T01:24:08.848+0000] {logging_mixin.py:149} INFO - [2026-03-03T01:24:08.848+0000] {dagbag.py:541} INFO - Filling up the DagBag from /home/airflow/.local/lib/python3.7/site-packages/airflow/example_dags/example_bash_operator.py
[2026-03-03T01:24:08.887+0000] {processor.py:809} INFO - DAG(s) dict_keys(['example_bash_operator']) retrieved from /home/airflow/.local/lib/python3.7/site-packages/airflow/example_dags/example_bash_operator.py
[2026-03-03T01:24:08.990+0000] {logging_mixin.py:149} INFO - [2026-03-03T01:24:08.989+0000] {dag.py:2726} INFO - Sync 1 DAGs
[2026-03-03T01:24:09.071+0000] {logging_mixin.py:149} INFO - [2026-03-03T01:24:09.070+0000] {dag.py:3490} INFO - Setting next_dagrun for example_bash_operator to 2026-03-02T00:00:00+00:00, run_after=2026-03-03T00:00:00+00:00
[2026-03-03T01:24:09.141+0000] {processor.py:178} INFO - Processing /home/airflow/.local/lib/python3.7/site-packages/airflow/example_dags/example_bash_operator.py took 0.306 seconds
[2026-03-03T01:24:39.904+0000] {processor.py:156} INFO - Started process (PID=2165) to work on /home/airflow/.local/lib/python3.7/site-packages/airflow/example_dags/example_bash_operator.py
[2026-03-03T01:24:39.905+0000] {processor.py:799} INFO - Processing file /home/airflow/.local/lib/python3.7/site-packages/airflow/example_dags/example_bash_operator.py for tasks to queue
[2026-03-03T01:24:39.906+0000] {logging_mixin.py:149} INFO - [2026-03-03T01:24:39.905+0000] {dagbag.py:541} INFO - Filling up the DagBag from /home/airflow/.local/lib/python3.7/site-packages/airflow/example_dags/example_bash_operator.py
[2026-03-03T01:24:39.914+0000] {processor.py:809} INFO - DAG(s) dict_keys(['example_bash_operator']) retrieved from /home/airflow/.local/lib/python3.7/site-packages/airflow/example_dags/example_bash_operator.py
[2026-03-03T01:24:39.936+0000] {logging_mixin.py:149} INFO - [2026-03-03T01:24:39.936+0000] {dag.py:2726} INFO - Sync 1 DAGs
[2026-03-03T01:24:39.951+0000] {logging_mixin.py:149} INFO - [2026-03-03T01:24:39.951+0000] {dag.py:3490} INFO - Setting next_dagrun for example_bash_operator to 2026-03-02T00:00:00+00:00, run_after=2026-03-03T00:00:00+00:00
[2026-03-03T01:24:39.963+0000] {processor.py:178} INFO - Processing /home/airflow/.local/lib/python3.7/site-packages/airflow/example_dags/example_bash_operator.py took 0.063 seconds
[2026-03-03T01:25:10.199+0000] {processor.py:156} INFO - Started process (PID=2227) to work on /home/airflow/.local/lib/python3.7/site-packages/airflow/example_dags/example_bash_operator.py
[2026-03-03T01:25:10.200+0000] {processor.py:799} INFO - Processing file /home/airflow/.local/lib/python3.7/site-packages/airflow/example_dags/example_bash_operator.py for tasks to queue
[2026-03-03T01:25:10.201+0000] {logging_mixin.py:149} INFO - [2026-03-03T01:25:10.200+0000] {dagbag.py:541} INFO - Filling up the DagBag from /home/airflow/.local/lib/python3.7/site-packages/airflow/example_dags/example_bash_operator.py
[2026-03-03T01:25:10.215+0000] {processor.py:809} INFO - DAG(s) dict_keys(['example_bash_operator']) retrieved from /home/airflow/.local/lib/python3.7/site-packages/airflow/example_dags/example_bash_operator.py
[2026-03-03T01:25:10.243+0000] {logging_mixin.py:149} INFO - [2026-03-03T01:25:10.243+0000] {dag.py:2726} INFO - Sync 1 DAGs
[2026-03-03T01:25:10.262+0000] {logging_mixin.py:149} INFO - [2026-03-03T01:25:10.262+0000] {dag.py:3490} INFO - Setting next_dagrun for example_bash_operator to 2026-03-02T00:00:00+00:00, run_after=2026-03-03T00:00:00+00:00
[2026-03-03T01:25:10.278+0000] {processor.py:178} INFO - Processing /home/airflow/.local/lib/python3.7/site-packages/airflow/example_dags/example_bash_operator.py took 0.083 seconds
[2026-03-03T01:25:40.511+0000] {processor.py:156} INFO - Started process (PID=2289) to work on /home/airflow/.local/lib/python3.7/site-packages/airflow/example_dags/example_bash_operator.py
[2026-03-03T01:25:40.512+0000] {processor.py:799} INFO - Processing file /home/airflow/.local/lib/python3.7/site-packages/airflow/example_dags/example_bash_operator.py for tasks to queue
[2026-03-03T01:25:40.515+0000] {logging_mixin.py:149} INFO - [2026-03-03T01:25:40.514+0000] {dagbag.py:541} INFO - Filling up the DagBag from /home/airflow/.local/lib/python3.7/site-packages/airflow/example_dags/example_bash_operator.py
[2026-03-03T01:25:40.534+0000] {processor.py:809} INFO - DAG(s) dict_keys(['example_bash_operator']) retrieved from /home/airflow/.local/lib/python3.7/site-packages/airflow/example_dags/example_bash_operator.py
[2026-03-03T01:25:40.561+0000] {logging_mixin.py:149} INFO - [2026-03-03T01:25:40.561+0000] {dag.py:2726} INFO - Sync 1 DAGs
[2026-03-03T01:25:40.578+0000] {logging_mixin.py:149} INFO - [2026-03-03T01:25:40.578+0000] {dag.py:3490} INFO - Setting next_dagrun for example_bash_operator to 2026-03-02T00:00:00+00:00, run_after=2026-03-03T00:00:00+00:00
[2026-03-03T01:25:40.594+0000] {processor.py:178} INFO - Processing /home/airflow/.local/lib/python3.7/site-packages/airflow/example_dags/example_bash_operator.py took 0.088 seconds
[2026-03-03T01:26:11.168+0000] {processor.py:156} INFO - Started process (PID=2351) to work on /home/airflow/.local/lib/python3.7/site-packages/airflow/example_dags/example_bash_operator.py
[2026-03-03T01:26:11.170+0000] {processor.py:799} INFO - Processing file /home/airflow/.local/lib/python3.7/site-packages/airflow/example_dags/example_bash_operator.py for tasks to queue
[2026-03-03T01:26:11.171+0000] {logging_mixin.py:149} INFO - [2026-03-03T01:26:11.170+0000] {dagbag.py:541} INFO - Filling up the DagBag from /home/airflow/.local/lib/python3.7/site-packages/airflow/example_dags/example_bash_operator.py
[2026-03-03T01:26:11.177+0000] {processor.py:809} INFO - DAG(s) dict_keys(['example_bash_operator']) retrieved from /home/airflow/.local/lib/python3.7/site-packages/airflow/example_dags/example_bash_operator.py
[2026-03-03T01:26:11.200+0000] {logging_mixin.py:149} INFO - [2026-03-03T01:26:11.200+0000] {dag.py:2726} INFO - Sync 1 DAGs
[2026-03-03T01:26:11.216+0000] {logging_mixin.py:149} INFO - [2026-03-03T01:26:11.216+0000] {dag.py:3490} INFO - Setting next_dagrun for example_bash_operator to 2026-03-02T00:00:00+00:00, run_after=2026-03-03T00:00:00+00:00
[2026-03-03T01:26:11.228+0000] {processor.py:178} INFO - Processing /home/airflow/.local/lib/python3.7/site-packages/airflow/example_dags/example_bash_operator.py took 0.065 seconds
[2026-03-03T01:26:41.789+0000] {processor.py:156} INFO - Started process (PID=2413) to work on /home/airflow/.local/lib/python3.7/site-packages/airflow/example_dags/example_bash_operator.py
[2026-03-03T01:26:41.791+0000] {processor.py:799} INFO - Processing file /home/airflow/.local/lib/python3.7/site-packages/airflow/example_dags/example_bash_operator.py for tasks to queue
[2026-03-03T01:26:41.792+0000] {logging_mixin.py:149} INFO - [2026-03-03T01:26:41.791+0000] {dagbag.py:541} INFO - Filling up the DagBag from /home/airflow/.local/lib/python3.7/site-packages/airflow/example_dags/example_bash_operator.py
[2026-03-03T01:26:41.805+0000] {processor.py:809} INFO - DAG(s) dict_keys(['example_bash_operator']) retrieved from /home/airflow/.local/lib/python3.7/site-packages/airflow/example_dags/example_bash_operator.py
[2026-03-03T01:26:41.831+0000] {logging_mixin.py:149} INFO - [2026-03-03T01:26:41.831+0000] {dag.py:2726} INFO - Sync 1 DAGs
[2026-03-03T01:26:41.845+0000] {logging_mixin.py:149} INFO - [2026-03-03T01:26:41.844+0000] {dag.py:3490} INFO - Setting next_dagrun for example_bash_operator to 2026-03-02T00:00:00+00:00, run_after=2026-03-03T00:00:00+00:00
[2026-03-03T01:26:41.863+0000] {processor.py:178} INFO - Processing /home/airflow/.local/lib/python3.7/site-packages/airflow/example_dags/example_bash_operator.py took 0.077 seconds
[2026-03-03T01:27:12.653+0000] {processor.py:156} INFO - Started process (PID=2474) to work on /home/airflow/.local/lib/python3.7/site-packages/airflow/example_dags/example_bash_operator.py
[2026-03-03T01:27:12.655+0000] {processor.py:799} INFO - Processing file /home/airflow/.local/lib/python3.7/site-packages/airflow/example_dags/example_bash_operator.py for tasks to queue
[2026-03-03T01:27:12.656+0000] {logging_mixin.py:149} INFO - [2026-03-03T01:27:12.656+0000] {dagbag.py:541} INFO - Filling up the DagBag from /home/airflow/.local/lib/python3.7/site-packages/airflow/example_dags/example_bash_operator.py
[2026-03-03T01:27:12.667+0000] {processor.py:809} INFO - DAG(s) dict_keys(['example_bash_operator']) retrieved from /home/airflow/.local/lib/python3.7/site-packages/airflow/example_dags/example_bash_operator.py
[2026-03-03T01:27:12.687+0000] {logging_mixin.py:149} INFO - [2026-03-03T01:27:12.687+0000] {dag.py:2726} INFO - Sync 1 DAGs
[2026-03-03T01:27:12.706+0000] {logging_mixin.py:149} INFO - [2026-03-03T01:27:12.706+0000] {dag.py:3490} INFO - Setting next_dagrun for example_bash_operator to 2026-03-02T00:00:00+00:00, run_after=2026-03-03T00:00:00+00:00
[2026-03-03T01:27:12.718+0000] {processor.py:178} INFO - Processing /home/airflow/.local/lib/python3.7/site-packages/airflow/example_dags/example_bash_operator.py took 0.068 seconds
[2026-03-03T01:27:43.004+0000] {processor.py:156} INFO - Started process (PID=2536) to work on /home/airflow/.local/lib/python3.7/site-packages/airflow/example_dags/example_bash_operator.py
[2026-03-03T01:27:43.008+0000] {processor.py:799} INFO - Processing file /home/airflow/.local/lib/python3.7/site-packages/airflow/example_dags/example_bash_operator.py for tasks to queue
[2026-03-03T01:27:43.010+0000] {logging_mixin.py:149} INFO - [2026-03-03T01:27:43.009+0000] {dagbag.py:541} INFO - Filling up the DagBag from /home/airflow/.local/lib/python3.7/site-packages/airflow/example_dags/example_bash_operator.py
[2026-03-03T01:27:43.045+0000] {processor.py:809} INFO - DAG(s) dict_keys(['example_bash_operator']) retrieved from /home/airflow/.local/lib/python3.7/site-packages/airflow/example_dags/example_bash_operator.py
[2026-03-03T01:27:43.145+0000] {logging_mixin.py:149} INFO - [2026-03-03T01:27:43.145+0000] {dag.py:2726} INFO - Sync 1 DAGs
[2026-03-03T01:27:43.233+0000] {logging_mixin.py:149} INFO - [2026-03-03T01:27:43.232+0000] {dag.py:3490} INFO - Setting next_dagrun for example_bash_operator to 2026-03-02T00:00:00+00:00, run_after=2026-03-03T00:00:00+00:00
[2026-03-03T01:27:43.299+0000] {processor.py:178} INFO - Processing /home/airflow/.local/lib/python3.7/site-packages/airflow/example_dags/example_bash_operator.py took 0.305 seconds
[2026-03-03T01:28:14.071+0000] {processor.py:156} INFO - Started process (PID=2598) to work on /home/airflow/.local/lib/python3.7/site-packages/airflow/example_dags/example_bash_operator.py
[2026-03-03T01:28:14.073+0000] {processor.py:799} INFO - Processing file /home/airflow/.local/lib/python3.7/site-packages/airflow/example_dags/example_bash_operator.py for tasks to queue
[2026-03-03T01:28:14.074+0000] {logging_mixin.py:149} INFO - [2026-03-03T01:28:14.074+0000] {dagbag.py:541} INFO - Filling up the DagBag from /home/airflow/.local/lib/python3.7/site-packages/airflow/example_dags/example_bash_operator.py
[2026-03-03T01:28:14.088+0000] {processor.py:809} INFO - DAG(s) dict_keys(['example_bash_operator']) retrieved from /home/airflow/.local/lib/python3.7/site-packages/airflow/example_dags/example_bash_operator.py
[2026-03-03T01:28:14.111+0000] {logging_mixin.py:149} INFO - [2026-03-03T01:28:14.111+0000] {dag.py:2726} INFO - Sync 1 DAGs
[2026-03-03T01:28:14.127+0000] {logging_mixin.py:149} INFO - [2026-03-03T01:28:14.127+0000] {dag.py:3490} INFO - Setting next_dagrun for example_bash_operator to 2026-03-02T00:00:00+00:00, run_after=2026-03-03T00:00:00+00:00
[2026-03-03T01:28:14.140+0000] {processor.py:178} INFO - Processing /home/airflow/.local/lib/python3.7/site-packages/airflow/example_dags/example_bash_operator.py took 0.073 seconds
[2026-03-03T01:28:45.040+0000] {processor.py:156} INFO - Started process (PID=2667) to work on /home/airflow/.local/lib/python3.7/site-packages/airflow/example_dags/example_bash_operator.py
[2026-03-03T01:28:45.042+0000] {processor.py:799} INFO - Processing file /home/airflow/.local/lib/python3.7/site-packages/airflow/example_dags/example_bash_operator.py for tasks to queue
[2026-03-03T01:28:45.045+0000] {logging_mixin.py:149} INFO - [2026-03-03T01:28:45.044+0000] {dagbag.py:541} INFO - Filling up the DagBag from /home/airflow/.local/lib/python3.7/site-packages/airflow/example_dags/example_bash_operator.py
[2026-03-03T01:28:45.085+0000] {processor.py:809} INFO - DAG(s) dict_keys(['example_bash_operator']) retrieved from /home/airflow/.local/lib/python3.7/site-packages/airflow/example_dags/example_bash_operator.py
[2026-03-03T01:28:45.176+0000] {logging_mixin.py:149} INFO - [2026-03-03T01:28:45.175+0000] {dag.py:2726} INFO - Sync 1 DAGs
[2026-03-03T01:28:45.246+0000] {logging_mixin.py:149} INFO - [2026-03-03T01:28:45.246+0000] {dag.py:3490} INFO - Setting next_dagrun for example_bash_operator to 2026-03-02T00:00:00+00:00, run_after=2026-03-03T00:00:00+00:00
[2026-03-03T01:28:45.305+0000] {processor.py:178} INFO - Processing /home/airflow/.local/lib/python3.7/site-packages/airflow/example_dags/example_bash_operator.py took 0.275 seconds
[2026-03-03T01:29:16.060+0000] {processor.py:156} INFO - Started process (PID=2729) to work on /home/airflow/.local/lib/python3.7/site-packages/airflow/example_dags/example_bash_operator.py
[2026-03-03T01:29:16.062+0000] {processor.py:799} INFO - Processing file /home/airflow/.local/lib/python3.7/site-packages/airflow/example_dags/example_bash_operator.py for tasks to queue
[2026-03-03T01:29:16.064+0000] {logging_mixin.py:149} INFO - [2026-03-03T01:29:16.064+0000] {dagbag.py:541} INFO - Filling up the DagBag from /home/airflow/.local/lib/python3.7/site-packages/airflow/example_dags/example_bash_operator.py
[2026-03-03T01:29:16.077+0000] {processor.py:809} INFO - DAG(s) dict_keys(['example_bash_operator']) retrieved from /home/airflow/.local/lib/python3.7/site-packages/airflow/example_dags/example_bash_operator.py
[2026-03-03T01:29:16.107+0000] {logging_mixin.py:149} INFO - [2026-03-03T01:29:16.107+0000] {dag.py:2726} INFO - Sync 1 DAGs
[2026-03-03T01:29:16.121+0000] {logging_mixin.py:149} INFO - [2026-03-03T01:29:16.121+0000] {dag.py:3490} INFO - Setting next_dagrun for example_bash_operator to 2026-03-02T00:00:00+00:00, run_after=2026-03-03T00:00:00+00:00
[2026-03-03T01:29:16.134+0000] {processor.py:178} INFO - Processing /home/airflow/.local/lib/python3.7/site-packages/airflow/example_dags/example_bash_operator.py took 0.077 seconds
