[2026-03-03T00:56:05.313+0000] {processor.py:156} INFO - Started process (PID=79) to work on /home/airflow/.local/lib/python3.7/site-packages/airflow/example_dags/example_nested_branch_dag.py
[2026-03-03T00:56:05.314+0000] {processor.py:799} INFO - Processing file /home/airflow/.local/lib/python3.7/site-packages/airflow/example_dags/example_nested_branch_dag.py for tasks to queue
[2026-03-03T00:56:05.315+0000] {logging_mixin.py:149} INFO - [2026-03-03T00:56:05.315+0000] {dagbag.py:541} INFO - Filling up the DagBag from /home/airflow/.local/lib/python3.7/site-packages/airflow/example_dags/example_nested_branch_dag.py
[2026-03-03T00:56:05.323+0000] {processor.py:809} INFO - DAG(s) dict_keys(['example_nested_branch_dag']) retrieved from /home/airflow/.local/lib/python3.7/site-packages/airflow/example_dags/example_nested_branch_dag.py
[2026-03-03T00:56:05.336+0000] {logging_mixin.py:149} INFO - [2026-03-03T00:56:05.336+0000] {dag.py:2726} INFO - Sync 1 DAGs
[2026-03-03T00:56:05.357+0000] {logging_mixin.py:149} INFO - [2026-03-03T00:56:05.357+0000] {dag.py:3490} INFO - Setting next_dagrun for example_nested_branch_dag to 2026-03-02T00:00:00+00:00, run_after=2026-03-03T00:00:00+00:00
[2026-03-03T00:56:05.381+0000] {processor.py:178} INFO - Processing /home/airflow/.local/lib/python3.7/site-packages/airflow/example_dags/example_nested_branch_dag.py took 0.071 seconds
[2026-03-03T00:56:37.571+0000] {processor.py:156} INFO - Started process (PID=141) to work on /home/airflow/.local/lib/python3.7/site-packages/airflow/example_dags/example_nested_branch_dag.py
[2026-03-03T00:56:37.572+0000] {processor.py:799} INFO - Processing file /home/airflow/.local/lib/python3.7/site-packages/airflow/example_dags/example_nested_branch_dag.py for tasks to queue
[2026-03-03T00:56:37.573+0000] {logging_mixin.py:149} INFO - [2026-03-03T00:56:37.573+0000] {dagbag.py:541} INFO - Filling up the DagBag from /home/airflow/.local/lib/python3.7/site-packages/airflow/example_dags/example_nested_branch_dag.py
[2026-03-03T00:56:37.578+0000] {processor.py:809} INFO - DAG(s) dict_keys(['example_nested_branch_dag']) retrieved from /home/airflow/.local/lib/python3.7/site-packages/airflow/example_dags/example_nested_branch_dag.py
[2026-03-03T00:56:37.596+0000] {logging_mixin.py:149} INFO - [2026-03-03T00:56:37.596+0000] {dag.py:2726} INFO - Sync 1 DAGs
[2026-03-03T00:56:37.608+0000] {logging_mixin.py:149} INFO - [2026-03-03T00:56:37.607+0000] {dag.py:3490} INFO - Setting next_dagrun for example_nested_branch_dag to 2026-03-02T00:00:00+00:00, run_after=2026-03-03T00:00:00+00:00
[2026-03-03T00:56:37.616+0000] {processor.py:178} INFO - Processing /home/airflow/.local/lib/python3.7/site-packages/airflow/example_dags/example_nested_branch_dag.py took 0.047 seconds
[2026-03-03T00:57:08.456+0000] {processor.py:156} INFO - Started process (PID=203) to work on /home/airflow/.local/lib/python3.7/site-packages/airflow/example_dags/example_nested_branch_dag.py
[2026-03-03T00:57:08.456+0000] {processor.py:799} INFO - Processing file /home/airflow/.local/lib/python3.7/site-packages/airflow/example_dags/example_nested_branch_dag.py for tasks to queue
[2026-03-03T00:57:08.457+0000] {logging_mixin.py:149} INFO - [2026-03-03T00:57:08.457+0000] {dagbag.py:541} INFO - Filling up the DagBag from /home/airflow/.local/lib/python3.7/site-packages/airflow/example_dags/example_nested_branch_dag.py
[2026-03-03T00:57:08.462+0000] {processor.py:809} INFO - DAG(s) dict_keys(['example_nested_branch_dag']) retrieved from /home/airflow/.local/lib/python3.7/site-packages/airflow/example_dags/example_nested_branch_dag.py
[2026-03-03T00:57:08.475+0000] {logging_mixin.py:149} INFO - [2026-03-03T00:57:08.475+0000] {dag.py:2726} INFO - Sync 1 DAGs
[2026-03-03T00:57:08.487+0000] {logging_mixin.py:149} INFO - [2026-03-03T00:57:08.487+0000] {dag.py:3490} INFO - Setting next_dagrun for example_nested_branch_dag to 2026-03-02T00:00:00+00:00, run_after=2026-03-03T00:00:00+00:00
[2026-03-03T00:57:08.498+0000] {processor.py:178} INFO - Processing /home/airflow/.local/lib/python3.7/site-packages/airflow/example_dags/example_nested_branch_dag.py took 0.044 seconds
[2026-03-03T00:57:39.553+0000] {processor.py:156} INFO - Started process (PID=265) to work on /home/airflow/.local/lib/python3.7/site-packages/airflow/example_dags/example_nested_branch_dag.py
[2026-03-03T00:57:39.555+0000] {processor.py:799} INFO - Processing file /home/airflow/.local/lib/python3.7/site-packages/airflow/example_dags/example_nested_branch_dag.py for tasks to queue
[2026-03-03T00:57:39.555+0000] {logging_mixin.py:149} INFO - [2026-03-03T00:57:39.555+0000] {dagbag.py:541} INFO - Filling up the DagBag from /home/airflow/.local/lib/python3.7/site-packages/airflow/example_dags/example_nested_branch_dag.py
[2026-03-03T00:57:39.562+0000] {processor.py:809} INFO - DAG(s) dict_keys(['example_nested_branch_dag']) retrieved from /home/airflow/.local/lib/python3.7/site-packages/airflow/example_dags/example_nested_branch_dag.py
[2026-03-03T00:57:39.581+0000] {logging_mixin.py:149} INFO - [2026-03-03T00:57:39.581+0000] {dag.py:2726} INFO - Sync 1 DAGs
[2026-03-03T00:57:39.597+0000] {logging_mixin.py:149} INFO - [2026-03-03T00:57:39.597+0000] {dag.py:3490} INFO - Setting next_dagrun for example_nested_branch_dag to 2026-03-02T00:00:00+00:00, run_after=2026-03-03T00:00:00+00:00
[2026-03-03T00:57:39.611+0000] {processor.py:178} INFO - Processing /home/airflow/.local/lib/python3.7/site-packages/airflow/example_dags/example_nested_branch_dag.py took 0.060 seconds
[2026-03-03T00:58:09.771+0000] {processor.py:156} INFO - Started process (PID=327) to work on /home/airflow/.local/lib/python3.7/site-packages/airflow/example_dags/example_nested_branch_dag.py
[2026-03-03T00:58:09.772+0000] {processor.py:799} INFO - Processing file /home/airflow/.local/lib/python3.7/site-packages/airflow/example_dags/example_nested_branch_dag.py for tasks to queue
[2026-03-03T00:58:09.773+0000] {logging_mixin.py:149} INFO - [2026-03-03T00:58:09.773+0000] {dagbag.py:541} INFO - Filling up the DagBag from /home/airflow/.local/lib/python3.7/site-packages/airflow/example_dags/example_nested_branch_dag.py
[2026-03-03T00:58:09.777+0000] {processor.py:809} INFO - DAG(s) dict_keys(['example_nested_branch_dag']) retrieved from /home/airflow/.local/lib/python3.7/site-packages/airflow/example_dags/example_nested_branch_dag.py
[2026-03-03T00:58:09.792+0000] {logging_mixin.py:149} INFO - [2026-03-03T00:58:09.791+0000] {dag.py:2726} INFO - Sync 1 DAGs
[2026-03-03T00:58:09.803+0000] {logging_mixin.py:149} INFO - [2026-03-03T00:58:09.803+0000] {dag.py:3490} INFO - Setting next_dagrun for example_nested_branch_dag to 2026-03-02T00:00:00+00:00, run_after=2026-03-03T00:00:00+00:00
[2026-03-03T00:58:09.812+0000] {processor.py:178} INFO - Processing /home/airflow/.local/lib/python3.7/site-packages/airflow/example_dags/example_nested_branch_dag.py took 0.043 seconds
[2026-03-03T00:58:40.681+0000] {processor.py:156} INFO - Started process (PID=388) to work on /home/airflow/.local/lib/python3.7/site-packages/airflow/example_dags/example_nested_branch_dag.py
[2026-03-03T00:58:40.682+0000] {processor.py:799} INFO - Processing file /home/airflow/.local/lib/python3.7/site-packages/airflow/example_dags/example_nested_branch_dag.py for tasks to queue
[2026-03-03T00:58:40.684+0000] {logging_mixin.py:149} INFO - [2026-03-03T00:58:40.682+0000] {dagbag.py:541} INFO - Filling up the DagBag from /home/airflow/.local/lib/python3.7/site-packages/airflow/example_dags/example_nested_branch_dag.py
[2026-03-03T00:58:40.690+0000] {processor.py:809} INFO - DAG(s) dict_keys(['example_nested_branch_dag']) retrieved from /home/airflow/.local/lib/python3.7/site-packages/airflow/example_dags/example_nested_branch_dag.py
[2026-03-03T00:58:40.713+0000] {logging_mixin.py:149} INFO - [2026-03-03T00:58:40.713+0000] {dag.py:2726} INFO - Sync 1 DAGs
[2026-03-03T00:58:40.729+0000] {logging_mixin.py:149} INFO - [2026-03-03T00:58:40.729+0000] {dag.py:3490} INFO - Setting next_dagrun for example_nested_branch_dag to 2026-03-02T00:00:00+00:00, run_after=2026-03-03T00:00:00+00:00
[2026-03-03T00:58:40.745+0000] {processor.py:178} INFO - Processing /home/airflow/.local/lib/python3.7/site-packages/airflow/example_dags/example_nested_branch_dag.py took 0.066 seconds
[2026-03-03T00:59:11.697+0000] {processor.py:156} INFO - Started process (PID=451) to work on /home/airflow/.local/lib/python3.7/site-packages/airflow/example_dags/example_nested_branch_dag.py
[2026-03-03T00:59:11.698+0000] {processor.py:799} INFO - Processing file /home/airflow/.local/lib/python3.7/site-packages/airflow/example_dags/example_nested_branch_dag.py for tasks to queue
[2026-03-03T00:59:11.699+0000] {logging_mixin.py:149} INFO - [2026-03-03T00:59:11.699+0000] {dagbag.py:541} INFO - Filling up the DagBag from /home/airflow/.local/lib/python3.7/site-packages/airflow/example_dags/example_nested_branch_dag.py
[2026-03-03T00:59:11.703+0000] {processor.py:809} INFO - DAG(s) dict_keys(['example_nested_branch_dag']) retrieved from /home/airflow/.local/lib/python3.7/site-packages/airflow/example_dags/example_nested_branch_dag.py
[2026-03-03T00:59:11.715+0000] {logging_mixin.py:149} INFO - [2026-03-03T00:59:11.715+0000] {dag.py:2726} INFO - Sync 1 DAGs
[2026-03-03T00:59:11.727+0000] {logging_mixin.py:149} INFO - [2026-03-03T00:59:11.727+0000] {dag.py:3490} INFO - Setting next_dagrun for example_nested_branch_dag to 2026-03-02T00:00:00+00:00, run_after=2026-03-03T00:00:00+00:00
[2026-03-03T00:59:11.734+0000] {processor.py:178} INFO - Processing /home/airflow/.local/lib/python3.7/site-packages/airflow/example_dags/example_nested_branch_dag.py took 0.039 seconds
[2026-03-03T00:59:42.518+0000] {processor.py:156} INFO - Started process (PID=513) to work on /home/airflow/.local/lib/python3.7/site-packages/airflow/example_dags/example_nested_branch_dag.py
[2026-03-03T00:59:42.519+0000] {processor.py:799} INFO - Processing file /home/airflow/.local/lib/python3.7/site-packages/airflow/example_dags/example_nested_branch_dag.py for tasks to queue
[2026-03-03T00:59:42.519+0000] {logging_mixin.py:149} INFO - [2026-03-03T00:59:42.519+0000] {dagbag.py:541} INFO - Filling up the DagBag from /home/airflow/.local/lib/python3.7/site-packages/airflow/example_dags/example_nested_branch_dag.py
[2026-03-03T00:59:42.524+0000] {processor.py:809} INFO - DAG(s) dict_keys(['example_nested_branch_dag']) retrieved from /home/airflow/.local/lib/python3.7/site-packages/airflow/example_dags/example_nested_branch_dag.py
[2026-03-03T00:59:42.538+0000] {logging_mixin.py:149} INFO - [2026-03-03T00:59:42.538+0000] {dag.py:2726} INFO - Sync 1 DAGs
[2026-03-03T00:59:42.552+0000] {logging_mixin.py:149} INFO - [2026-03-03T00:59:42.552+0000] {dag.py:3490} INFO - Setting next_dagrun for example_nested_branch_dag to 2026-03-02T00:00:00+00:00, run_after=2026-03-03T00:00:00+00:00
[2026-03-03T00:59:42.562+0000] {processor.py:178} INFO - Processing /home/airflow/.local/lib/python3.7/site-packages/airflow/example_dags/example_nested_branch_dag.py took 0.047 seconds
[2026-03-03T01:00:16.259+0000] {processor.py:156} INFO - Started process (PID=575) to work on /home/airflow/.local/lib/python3.7/site-packages/airflow/example_dags/example_nested_branch_dag.py
[2026-03-03T01:00:16.263+0000] {processor.py:799} INFO - Processing file /home/airflow/.local/lib/python3.7/site-packages/airflow/example_dags/example_nested_branch_dag.py for tasks to queue
[2026-03-03T01:00:16.268+0000] {logging_mixin.py:149} INFO - [2026-03-03T01:00:16.267+0000] {dagbag.py:541} INFO - Filling up the DagBag from /home/airflow/.local/lib/python3.7/site-packages/airflow/example_dags/example_nested_branch_dag.py
[2026-03-03T01:00:16.300+0000] {processor.py:809} INFO - DAG(s) dict_keys(['example_nested_branch_dag']) retrieved from /home/airflow/.local/lib/python3.7/site-packages/airflow/example_dags/example_nested_branch_dag.py
[2026-03-03T01:00:16.376+0000] {logging_mixin.py:149} INFO - [2026-03-03T01:00:16.375+0000] {dag.py:2726} INFO - Sync 1 DAGs
[2026-03-03T01:00:16.463+0000] {logging_mixin.py:149} INFO - [2026-03-03T01:00:16.463+0000] {dag.py:3490} INFO - Setting next_dagrun for example_nested_branch_dag to 2026-03-02T00:00:00+00:00, run_after=2026-03-03T00:00:00+00:00
[2026-03-03T01:00:16.527+0000] {processor.py:178} INFO - Processing /home/airflow/.local/lib/python3.7/site-packages/airflow/example_dags/example_nested_branch_dag.py took 0.276 seconds
[2026-03-03T01:00:47.371+0000] {processor.py:156} INFO - Started process (PID=637) to work on /home/airflow/.local/lib/python3.7/site-packages/airflow/example_dags/example_nested_branch_dag.py
[2026-03-03T01:00:47.374+0000] {processor.py:799} INFO - Processing file /home/airflow/.local/lib/python3.7/site-packages/airflow/example_dags/example_nested_branch_dag.py for tasks to queue
[2026-03-03T01:00:47.376+0000] {logging_mixin.py:149} INFO - [2026-03-03T01:00:47.376+0000] {dagbag.py:541} INFO - Filling up the DagBag from /home/airflow/.local/lib/python3.7/site-packages/airflow/example_dags/example_nested_branch_dag.py
[2026-03-03T01:00:47.399+0000] {processor.py:809} INFO - DAG(s) dict_keys(['example_nested_branch_dag']) retrieved from /home/airflow/.local/lib/python3.7/site-packages/airflow/example_dags/example_nested_branch_dag.py
[2026-03-03T01:00:47.476+0000] {logging_mixin.py:149} INFO - [2026-03-03T01:00:47.476+0000] {dag.py:2726} INFO - Sync 1 DAGs
[2026-03-03T01:00:47.559+0000] {logging_mixin.py:149} INFO - [2026-03-03T01:00:47.558+0000] {dag.py:3490} INFO - Setting next_dagrun for example_nested_branch_dag to 2026-03-02T00:00:00+00:00, run_after=2026-03-03T00:00:00+00:00
[2026-03-03T01:00:47.623+0000] {processor.py:178} INFO - Processing /home/airflow/.local/lib/python3.7/site-packages/airflow/example_dags/example_nested_branch_dag.py took 0.259 seconds
[2026-03-03T01:01:18.345+0000] {processor.py:156} INFO - Started process (PID=699) to work on /home/airflow/.local/lib/python3.7/site-packages/airflow/example_dags/example_nested_branch_dag.py
[2026-03-03T01:01:18.346+0000] {processor.py:799} INFO - Processing file /home/airflow/.local/lib/python3.7/site-packages/airflow/example_dags/example_nested_branch_dag.py for tasks to queue
[2026-03-03T01:01:18.347+0000] {logging_mixin.py:149} INFO - [2026-03-03T01:01:18.347+0000] {dagbag.py:541} INFO - Filling up the DagBag from /home/airflow/.local/lib/python3.7/site-packages/airflow/example_dags/example_nested_branch_dag.py
[2026-03-03T01:01:18.357+0000] {processor.py:809} INFO - DAG(s) dict_keys(['example_nested_branch_dag']) retrieved from /home/airflow/.local/lib/python3.7/site-packages/airflow/example_dags/example_nested_branch_dag.py
[2026-03-03T01:01:18.381+0000] {logging_mixin.py:149} INFO - [2026-03-03T01:01:18.381+0000] {dag.py:2726} INFO - Sync 1 DAGs
[2026-03-03T01:01:18.403+0000] {logging_mixin.py:149} INFO - [2026-03-03T01:01:18.403+0000] {dag.py:3490} INFO - Setting next_dagrun for example_nested_branch_dag to 2026-03-02T00:00:00+00:00, run_after=2026-03-03T00:00:00+00:00
[2026-03-03T01:01:18.416+0000] {processor.py:178} INFO - Processing /home/airflow/.local/lib/python3.7/site-packages/airflow/example_dags/example_nested_branch_dag.py took 0.074 seconds
[2026-03-03T01:01:49.130+0000] {processor.py:156} INFO - Started process (PID=761) to work on /home/airflow/.local/lib/python3.7/site-packages/airflow/example_dags/example_nested_branch_dag.py
[2026-03-03T01:01:49.131+0000] {processor.py:799} INFO - Processing file /home/airflow/.local/lib/python3.7/site-packages/airflow/example_dags/example_nested_branch_dag.py for tasks to queue
[2026-03-03T01:01:49.131+0000] {logging_mixin.py:149} INFO - [2026-03-03T01:01:49.131+0000] {dagbag.py:541} INFO - Filling up the DagBag from /home/airflow/.local/lib/python3.7/site-packages/airflow/example_dags/example_nested_branch_dag.py
[2026-03-03T01:01:49.139+0000] {processor.py:809} INFO - DAG(s) dict_keys(['example_nested_branch_dag']) retrieved from /home/airflow/.local/lib/python3.7/site-packages/airflow/example_dags/example_nested_branch_dag.py
[2026-03-03T01:01:49.158+0000] {logging_mixin.py:149} INFO - [2026-03-03T01:01:49.158+0000] {dag.py:2726} INFO - Sync 1 DAGs
[2026-03-03T01:01:49.177+0000] {logging_mixin.py:149} INFO - [2026-03-03T01:01:49.177+0000] {dag.py:3490} INFO - Setting next_dagrun for example_nested_branch_dag to 2026-03-02T00:00:00+00:00, run_after=2026-03-03T00:00:00+00:00
[2026-03-03T01:01:49.192+0000] {processor.py:178} INFO - Processing /home/airflow/.local/lib/python3.7/site-packages/airflow/example_dags/example_nested_branch_dag.py took 0.064 seconds
[2026-03-03T01:02:19.903+0000] {processor.py:156} INFO - Started process (PID=823) to work on /home/airflow/.local/lib/python3.7/site-packages/airflow/example_dags/example_nested_branch_dag.py
[2026-03-03T01:02:19.904+0000] {processor.py:799} INFO - Processing file /home/airflow/.local/lib/python3.7/site-packages/airflow/example_dags/example_nested_branch_dag.py for tasks to queue
[2026-03-03T01:02:19.904+0000] {logging_mixin.py:149} INFO - [2026-03-03T01:02:19.904+0000] {dagbag.py:541} INFO - Filling up the DagBag from /home/airflow/.local/lib/python3.7/site-packages/airflow/example_dags/example_nested_branch_dag.py
[2026-03-03T01:02:19.912+0000] {processor.py:809} INFO - DAG(s) dict_keys(['example_nested_branch_dag']) retrieved from /home/airflow/.local/lib/python3.7/site-packages/airflow/example_dags/example_nested_branch_dag.py
[2026-03-03T01:02:19.930+0000] {logging_mixin.py:149} INFO - [2026-03-03T01:02:19.930+0000] {dag.py:2726} INFO - Sync 1 DAGs
[2026-03-03T01:02:19.949+0000] {logging_mixin.py:149} INFO - [2026-03-03T01:02:19.949+0000] {dag.py:3490} INFO - Setting next_dagrun for example_nested_branch_dag to 2026-03-02T00:00:00+00:00, run_after=2026-03-03T00:00:00+00:00
[2026-03-03T01:02:19.967+0000] {processor.py:178} INFO - Processing /home/airflow/.local/lib/python3.7/site-packages/airflow/example_dags/example_nested_branch_dag.py took 0.066 seconds
[2026-03-03T01:02:50.649+0000] {processor.py:156} INFO - Started process (PID=885) to work on /home/airflow/.local/lib/python3.7/site-packages/airflow/example_dags/example_nested_branch_dag.py
[2026-03-03T01:02:50.650+0000] {processor.py:799} INFO - Processing file /home/airflow/.local/lib/python3.7/site-packages/airflow/example_dags/example_nested_branch_dag.py for tasks to queue
[2026-03-03T01:02:50.651+0000] {logging_mixin.py:149} INFO - [2026-03-03T01:02:50.651+0000] {dagbag.py:541} INFO - Filling up the DagBag from /home/airflow/.local/lib/python3.7/site-packages/airflow/example_dags/example_nested_branch_dag.py
[2026-03-03T01:02:50.659+0000] {processor.py:809} INFO - DAG(s) dict_keys(['example_nested_branch_dag']) retrieved from /home/airflow/.local/lib/python3.7/site-packages/airflow/example_dags/example_nested_branch_dag.py
[2026-03-03T01:02:50.678+0000] {logging_mixin.py:149} INFO - [2026-03-03T01:02:50.678+0000] {dag.py:2726} INFO - Sync 1 DAGs
[2026-03-03T01:02:50.695+0000] {logging_mixin.py:149} INFO - [2026-03-03T01:02:50.695+0000] {dag.py:3490} INFO - Setting next_dagrun for example_nested_branch_dag to 2026-03-02T00:00:00+00:00, run_after=2026-03-03T00:00:00+00:00
[2026-03-03T01:02:50.705+0000] {processor.py:178} INFO - Processing /home/airflow/.local/lib/python3.7/site-packages/airflow/example_dags/example_nested_branch_dag.py took 0.059 seconds
[2026-03-03T01:03:21.426+0000] {processor.py:156} INFO - Started process (PID=947) to work on /home/airflow/.local/lib/python3.7/site-packages/airflow/example_dags/example_nested_branch_dag.py
[2026-03-03T01:03:21.427+0000] {processor.py:799} INFO - Processing file /home/airflow/.local/lib/python3.7/site-packages/airflow/example_dags/example_nested_branch_dag.py for tasks to queue
[2026-03-03T01:03:21.428+0000] {logging_mixin.py:149} INFO - [2026-03-03T01:03:21.428+0000] {dagbag.py:541} INFO - Filling up the DagBag from /home/airflow/.local/lib/python3.7/site-packages/airflow/example_dags/example_nested_branch_dag.py
[2026-03-03T01:03:21.438+0000] {processor.py:809} INFO - DAG(s) dict_keys(['example_nested_branch_dag']) retrieved from /home/airflow/.local/lib/python3.7/site-packages/airflow/example_dags/example_nested_branch_dag.py
[2026-03-03T01:03:21.456+0000] {logging_mixin.py:149} INFO - [2026-03-03T01:03:21.456+0000] {dag.py:2726} INFO - Sync 1 DAGs
[2026-03-03T01:03:21.471+0000] {logging_mixin.py:149} INFO - [2026-03-03T01:03:21.471+0000] {dag.py:3490} INFO - Setting next_dagrun for example_nested_branch_dag to 2026-03-02T00:00:00+00:00, run_after=2026-03-03T00:00:00+00:00
[2026-03-03T01:03:21.481+0000] {processor.py:178} INFO - Processing /home/airflow/.local/lib/python3.7/site-packages/airflow/example_dags/example_nested_branch_dag.py took 0.058 seconds
[2026-03-03T01:03:52.293+0000] {processor.py:156} INFO - Started process (PID=1009) to work on /home/airflow/.local/lib/python3.7/site-packages/airflow/example_dags/example_nested_branch_dag.py
[2026-03-03T01:03:52.294+0000] {processor.py:799} INFO - Processing file /home/airflow/.local/lib/python3.7/site-packages/airflow/example_dags/example_nested_branch_dag.py for tasks to queue
[2026-03-03T01:03:52.294+0000] {logging_mixin.py:149} INFO - [2026-03-03T01:03:52.294+0000] {dagbag.py:541} INFO - Filling up the DagBag from /home/airflow/.local/lib/python3.7/site-packages/airflow/example_dags/example_nested_branch_dag.py
[2026-03-03T01:03:52.300+0000] {processor.py:809} INFO - DAG(s) dict_keys(['example_nested_branch_dag']) retrieved from /home/airflow/.local/lib/python3.7/site-packages/airflow/example_dags/example_nested_branch_dag.py
[2026-03-03T01:03:52.319+0000] {logging_mixin.py:149} INFO - [2026-03-03T01:03:52.319+0000] {dag.py:2726} INFO - Sync 1 DAGs
[2026-03-03T01:03:52.337+0000] {logging_mixin.py:149} INFO - [2026-03-03T01:03:52.337+0000] {dag.py:3490} INFO - Setting next_dagrun for example_nested_branch_dag to 2026-03-02T00:00:00+00:00, run_after=2026-03-03T00:00:00+00:00
[2026-03-03T01:03:52.349+0000] {processor.py:178} INFO - Processing /home/airflow/.local/lib/python3.7/site-packages/airflow/example_dags/example_nested_branch_dag.py took 0.059 seconds
[2026-03-03T01:04:22.819+0000] {processor.py:156} INFO - Started process (PID=1071) to work on /home/airflow/.local/lib/python3.7/site-packages/airflow/example_dags/example_nested_branch_dag.py
[2026-03-03T01:04:22.819+0000] {processor.py:799} INFO - Processing file /home/airflow/.local/lib/python3.7/site-packages/airflow/example_dags/example_nested_branch_dag.py for tasks to queue
[2026-03-03T01:04:22.819+0000] {logging_mixin.py:149} INFO - [2026-03-03T01:04:22.819+0000] {dagbag.py:541} INFO - Filling up the DagBag from /home/airflow/.local/lib/python3.7/site-packages/airflow/example_dags/example_nested_branch_dag.py
[2026-03-03T01:04:22.823+0000] {processor.py:809} INFO - DAG(s) dict_keys(['example_nested_branch_dag']) retrieved from /home/airflow/.local/lib/python3.7/site-packages/airflow/example_dags/example_nested_branch_dag.py
[2026-03-03T01:04:22.836+0000] {logging_mixin.py:149} INFO - [2026-03-03T01:04:22.836+0000] {dag.py:2726} INFO - Sync 1 DAGs
[2026-03-03T01:04:22.849+0000] {logging_mixin.py:149} INFO - [2026-03-03T01:04:22.848+0000] {dag.py:3490} INFO - Setting next_dagrun for example_nested_branch_dag to 2026-03-02T00:00:00+00:00, run_after=2026-03-03T00:00:00+00:00
[2026-03-03T01:04:22.856+0000] {processor.py:178} INFO - Processing /home/airflow/.local/lib/python3.7/site-packages/airflow/example_dags/example_nested_branch_dag.py took 0.038 seconds
[2026-03-03T01:04:53.500+0000] {processor.py:156} INFO - Started process (PID=1133) to work on /home/airflow/.local/lib/python3.7/site-packages/airflow/example_dags/example_nested_branch_dag.py
[2026-03-03T01:04:53.501+0000] {processor.py:799} INFO - Processing file /home/airflow/.local/lib/python3.7/site-packages/airflow/example_dags/example_nested_branch_dag.py for tasks to queue
[2026-03-03T01:04:53.502+0000] {logging_mixin.py:149} INFO - [2026-03-03T01:04:53.502+0000] {dagbag.py:541} INFO - Filling up the DagBag from /home/airflow/.local/lib/python3.7/site-packages/airflow/example_dags/example_nested_branch_dag.py
[2026-03-03T01:04:53.509+0000] {processor.py:809} INFO - DAG(s) dict_keys(['example_nested_branch_dag']) retrieved from /home/airflow/.local/lib/python3.7/site-packages/airflow/example_dags/example_nested_branch_dag.py
[2026-03-03T01:04:53.528+0000] {logging_mixin.py:149} INFO - [2026-03-03T01:04:53.528+0000] {dag.py:2726} INFO - Sync 1 DAGs
[2026-03-03T01:04:53.543+0000] {logging_mixin.py:149} INFO - [2026-03-03T01:04:53.543+0000] {dag.py:3490} INFO - Setting next_dagrun for example_nested_branch_dag to 2026-03-02T00:00:00+00:00, run_after=2026-03-03T00:00:00+00:00
[2026-03-03T01:04:53.554+0000] {processor.py:178} INFO - Processing /home/airflow/.local/lib/python3.7/site-packages/airflow/example_dags/example_nested_branch_dag.py took 0.059 seconds
[2026-03-03T01:05:24.330+0000] {processor.py:156} INFO - Started process (PID=1195) to work on /home/airflow/.local/lib/python3.7/site-packages/airflow/example_dags/example_nested_branch_dag.py
[2026-03-03T01:05:24.331+0000] {processor.py:799} INFO - Processing file /home/airflow/.local/lib/python3.7/site-packages/airflow/example_dags/example_nested_branch_dag.py for tasks to queue
[2026-03-03T01:05:24.332+0000] {logging_mixin.py:149} INFO - [2026-03-03T01:05:24.332+0000] {dagbag.py:541} INFO - Filling up the DagBag from /home/airflow/.local/lib/python3.7/site-packages/airflow/example_dags/example_nested_branch_dag.py
[2026-03-03T01:05:24.340+0000] {processor.py:809} INFO - DAG(s) dict_keys(['example_nested_branch_dag']) retrieved from /home/airflow/.local/lib/python3.7/site-packages/airflow/example_dags/example_nested_branch_dag.py
[2026-03-03T01:05:24.359+0000] {logging_mixin.py:149} INFO - [2026-03-03T01:05:24.359+0000] {dag.py:2726} INFO - Sync 1 DAGs
[2026-03-03T01:05:24.374+0000] {logging_mixin.py:149} INFO - [2026-03-03T01:05:24.374+0000] {dag.py:3490} INFO - Setting next_dagrun for example_nested_branch_dag to 2026-03-02T00:00:00+00:00, run_after=2026-03-03T00:00:00+00:00
[2026-03-03T01:05:24.385+0000] {processor.py:178} INFO - Processing /home/airflow/.local/lib/python3.7/site-packages/airflow/example_dags/example_nested_branch_dag.py took 0.058 seconds
[2026-03-03T01:05:54.950+0000] {processor.py:156} INFO - Started process (PID=1257) to work on /home/airflow/.local/lib/python3.7/site-packages/airflow/example_dags/example_nested_branch_dag.py
[2026-03-03T01:05:54.950+0000] {processor.py:799} INFO - Processing file /home/airflow/.local/lib/python3.7/site-packages/airflow/example_dags/example_nested_branch_dag.py for tasks to queue
[2026-03-03T01:05:54.950+0000] {logging_mixin.py:149} INFO - [2026-03-03T01:05:54.950+0000] {dagbag.py:541} INFO - Filling up the DagBag from /home/airflow/.local/lib/python3.7/site-packages/airflow/example_dags/example_nested_branch_dag.py
[2026-03-03T01:05:54.955+0000] {processor.py:809} INFO - DAG(s) dict_keys(['example_nested_branch_dag']) retrieved from /home/airflow/.local/lib/python3.7/site-packages/airflow/example_dags/example_nested_branch_dag.py
[2026-03-03T01:05:54.967+0000] {logging_mixin.py:149} INFO - [2026-03-03T01:05:54.967+0000] {dag.py:2726} INFO - Sync 1 DAGs
[2026-03-03T01:05:54.979+0000] {logging_mixin.py:149} INFO - [2026-03-03T01:05:54.979+0000] {dag.py:3490} INFO - Setting next_dagrun for example_nested_branch_dag to 2026-03-02T00:00:00+00:00, run_after=2026-03-03T00:00:00+00:00
[2026-03-03T01:05:54.987+0000] {processor.py:178} INFO - Processing /home/airflow/.local/lib/python3.7/site-packages/airflow/example_dags/example_nested_branch_dag.py took 0.039 seconds
[2026-03-03T01:06:25.427+0000] {processor.py:156} INFO - Started process (PID=1319) to work on /home/airflow/.local/lib/python3.7/site-packages/airflow/example_dags/example_nested_branch_dag.py
[2026-03-03T01:06:25.428+0000] {processor.py:799} INFO - Processing file /home/airflow/.local/lib/python3.7/site-packages/airflow/example_dags/example_nested_branch_dag.py for tasks to queue
[2026-03-03T01:06:25.428+0000] {logging_mixin.py:149} INFO - [2026-03-03T01:06:25.428+0000] {dagbag.py:541} INFO - Filling up the DagBag from /home/airflow/.local/lib/python3.7/site-packages/airflow/example_dags/example_nested_branch_dag.py
[2026-03-03T01:06:25.433+0000] {processor.py:809} INFO - DAG(s) dict_keys(['example_nested_branch_dag']) retrieved from /home/airflow/.local/lib/python3.7/site-packages/airflow/example_dags/example_nested_branch_dag.py
[2026-03-03T01:06:25.445+0000] {logging_mixin.py:149} INFO - [2026-03-03T01:06:25.445+0000] {dag.py:2726} INFO - Sync 1 DAGs
[2026-03-03T01:06:25.457+0000] {logging_mixin.py:149} INFO - [2026-03-03T01:06:25.457+0000] {dag.py:3490} INFO - Setting next_dagrun for example_nested_branch_dag to 2026-03-02T00:00:00+00:00, run_after=2026-03-03T00:00:00+00:00
[2026-03-03T01:06:25.465+0000] {processor.py:178} INFO - Processing /home/airflow/.local/lib/python3.7/site-packages/airflow/example_dags/example_nested_branch_dag.py took 0.041 seconds
[2026-03-03T01:07:10.329+0000] {processor.py:156} INFO - Started process (PID=71) to work on /home/airflow/.local/lib/python3.7/site-packages/airflow/example_dags/example_nested_branch_dag.py
[2026-03-03T01:07:10.330+0000] {processor.py:799} INFO - Processing file /home/airflow/.local/lib/python3.7/site-packages/airflow/example_dags/example_nested_branch_dag.py for tasks to queue
[2026-03-03T01:07:10.331+0000] {logging_mixin.py:149} INFO - [2026-03-03T01:07:10.330+0000] {dagbag.py:541} INFO - Filling up the DagBag from /home/airflow/.local/lib/python3.7/site-packages/airflow/example_dags/example_nested_branch_dag.py
[2026-03-03T01:07:10.336+0000] {processor.py:809} INFO - DAG(s) dict_keys(['example_nested_branch_dag']) retrieved from /home/airflow/.local/lib/python3.7/site-packages/airflow/example_dags/example_nested_branch_dag.py
[2026-03-03T01:07:10.344+0000] {logging_mixin.py:149} INFO - [2026-03-03T01:07:10.344+0000] {dag.py:2726} INFO - Sync 1 DAGs
[2026-03-03T01:07:10.360+0000] {logging_mixin.py:149} INFO - [2026-03-03T01:07:10.360+0000] {dag.py:3490} INFO - Setting next_dagrun for example_nested_branch_dag to 2026-03-02T00:00:00+00:00, run_after=2026-03-03T00:00:00+00:00
[2026-03-03T01:07:10.376+0000] {processor.py:178} INFO - Processing /home/airflow/.local/lib/python3.7/site-packages/airflow/example_dags/example_nested_branch_dag.py took 0.048 seconds
[2026-03-03T01:07:41.577+0000] {processor.py:156} INFO - Started process (PID=140) to work on /home/airflow/.local/lib/python3.7/site-packages/airflow/example_dags/example_nested_branch_dag.py
[2026-03-03T01:07:41.578+0000] {processor.py:799} INFO - Processing file /home/airflow/.local/lib/python3.7/site-packages/airflow/example_dags/example_nested_branch_dag.py for tasks to queue
[2026-03-03T01:07:41.578+0000] {logging_mixin.py:149} INFO - [2026-03-03T01:07:41.578+0000] {dagbag.py:541} INFO - Filling up the DagBag from /home/airflow/.local/lib/python3.7/site-packages/airflow/example_dags/example_nested_branch_dag.py
[2026-03-03T01:07:41.584+0000] {processor.py:809} INFO - DAG(s) dict_keys(['example_nested_branch_dag']) retrieved from /home/airflow/.local/lib/python3.7/site-packages/airflow/example_dags/example_nested_branch_dag.py
[2026-03-03T01:07:41.603+0000] {logging_mixin.py:149} INFO - [2026-03-03T01:07:41.603+0000] {dag.py:2726} INFO - Sync 1 DAGs
[2026-03-03T01:07:41.618+0000] {logging_mixin.py:149} INFO - [2026-03-03T01:07:41.618+0000] {dag.py:3490} INFO - Setting next_dagrun for example_nested_branch_dag to 2026-03-02T00:00:00+00:00, run_after=2026-03-03T00:00:00+00:00
[2026-03-03T01:07:41.634+0000] {processor.py:178} INFO - Processing /home/airflow/.local/lib/python3.7/site-packages/airflow/example_dags/example_nested_branch_dag.py took 0.059 seconds
[2026-03-03T01:08:21.873+0000] {processor.py:156} INFO - Started process (PID=202) to work on /home/airflow/.local/lib/python3.7/site-packages/airflow/example_dags/example_nested_branch_dag.py
[2026-03-03T01:08:21.875+0000] {processor.py:799} INFO - Processing file /home/airflow/.local/lib/python3.7/site-packages/airflow/example_dags/example_nested_branch_dag.py for tasks to queue
[2026-03-03T01:08:21.878+0000] {logging_mixin.py:149} INFO - [2026-03-03T01:08:21.877+0000] {dagbag.py:541} INFO - Filling up the DagBag from /home/airflow/.local/lib/python3.7/site-packages/airflow/example_dags/example_nested_branch_dag.py
[2026-03-03T01:08:21.903+0000] {processor.py:809} INFO - DAG(s) dict_keys(['example_nested_branch_dag']) retrieved from /home/airflow/.local/lib/python3.7/site-packages/airflow/example_dags/example_nested_branch_dag.py
[2026-03-03T01:08:22.288+0000] {logging_mixin.py:149} INFO - [2026-03-03T01:08:22.287+0000] {dag.py:2726} INFO - Sync 1 DAGs
[2026-03-03T01:08:22.349+0000] {logging_mixin.py:149} INFO - [2026-03-03T01:08:22.348+0000] {dag.py:3490} INFO - Setting next_dagrun for example_nested_branch_dag to 2026-03-02T00:00:00+00:00, run_after=2026-03-03T00:00:00+00:00
[2026-03-03T01:08:22.403+0000] {processor.py:178} INFO - Processing /home/airflow/.local/lib/python3.7/site-packages/airflow/example_dags/example_nested_branch_dag.py took 0.538 seconds
[2026-03-03T01:08:52.742+0000] {processor.py:156} INFO - Started process (PID=263) to work on /home/airflow/.local/lib/python3.7/site-packages/airflow/example_dags/example_nested_branch_dag.py
[2026-03-03T01:08:52.742+0000] {processor.py:799} INFO - Processing file /home/airflow/.local/lib/python3.7/site-packages/airflow/example_dags/example_nested_branch_dag.py for tasks to queue
[2026-03-03T01:08:52.742+0000] {logging_mixin.py:149} INFO - [2026-03-03T01:08:52.742+0000] {dagbag.py:541} INFO - Filling up the DagBag from /home/airflow/.local/lib/python3.7/site-packages/airflow/example_dags/example_nested_branch_dag.py
[2026-03-03T01:08:52.747+0000] {processor.py:809} INFO - DAG(s) dict_keys(['example_nested_branch_dag']) retrieved from /home/airflow/.local/lib/python3.7/site-packages/airflow/example_dags/example_nested_branch_dag.py
[2026-03-03T01:08:52.760+0000] {logging_mixin.py:149} INFO - [2026-03-03T01:08:52.760+0000] {dag.py:2726} INFO - Sync 1 DAGs
[2026-03-03T01:08:52.773+0000] {logging_mixin.py:149} INFO - [2026-03-03T01:08:52.773+0000] {dag.py:3490} INFO - Setting next_dagrun for example_nested_branch_dag to 2026-03-02T00:00:00+00:00, run_after=2026-03-03T00:00:00+00:00
[2026-03-03T01:08:52.782+0000] {processor.py:178} INFO - Processing /home/airflow/.local/lib/python3.7/site-packages/airflow/example_dags/example_nested_branch_dag.py took 0.043 seconds
[2026-03-03T01:09:23.768+0000] {processor.py:156} INFO - Started process (PID=325) to work on /home/airflow/.local/lib/python3.7/site-packages/airflow/example_dags/example_nested_branch_dag.py
[2026-03-03T01:09:23.770+0000] {processor.py:799} INFO - Processing file /home/airflow/.local/lib/python3.7/site-packages/airflow/example_dags/example_nested_branch_dag.py for tasks to queue
[2026-03-03T01:09:23.771+0000] {logging_mixin.py:149} INFO - [2026-03-03T01:09:23.771+0000] {dagbag.py:541} INFO - Filling up the DagBag from /home/airflow/.local/lib/python3.7/site-packages/airflow/example_dags/example_nested_branch_dag.py
[2026-03-03T01:09:23.778+0000] {processor.py:809} INFO - DAG(s) dict_keys(['example_nested_branch_dag']) retrieved from /home/airflow/.local/lib/python3.7/site-packages/airflow/example_dags/example_nested_branch_dag.py
[2026-03-03T01:09:23.795+0000] {logging_mixin.py:149} INFO - [2026-03-03T01:09:23.795+0000] {dag.py:2726} INFO - Sync 1 DAGs
[2026-03-03T01:09:23.812+0000] {logging_mixin.py:149} INFO - [2026-03-03T01:09:23.812+0000] {dag.py:3490} INFO - Setting next_dagrun for example_nested_branch_dag to 2026-03-02T00:00:00+00:00, run_after=2026-03-03T00:00:00+00:00
[2026-03-03T01:09:23.830+0000] {processor.py:178} INFO - Processing /home/airflow/.local/lib/python3.7/site-packages/airflow/example_dags/example_nested_branch_dag.py took 0.065 seconds
[2026-03-03T01:09:54.255+0000] {processor.py:156} INFO - Started process (PID=387) to work on /home/airflow/.local/lib/python3.7/site-packages/airflow/example_dags/example_nested_branch_dag.py
[2026-03-03T01:09:54.257+0000] {processor.py:799} INFO - Processing file /home/airflow/.local/lib/python3.7/site-packages/airflow/example_dags/example_nested_branch_dag.py for tasks to queue
[2026-03-03T01:09:54.257+0000] {logging_mixin.py:149} INFO - [2026-03-03T01:09:54.257+0000] {dagbag.py:541} INFO - Filling up the DagBag from /home/airflow/.local/lib/python3.7/site-packages/airflow/example_dags/example_nested_branch_dag.py
[2026-03-03T01:09:54.265+0000] {processor.py:809} INFO - DAG(s) dict_keys(['example_nested_branch_dag']) retrieved from /home/airflow/.local/lib/python3.7/site-packages/airflow/example_dags/example_nested_branch_dag.py
[2026-03-03T01:09:54.281+0000] {logging_mixin.py:149} INFO - [2026-03-03T01:09:54.281+0000] {dag.py:2726} INFO - Sync 1 DAGs
[2026-03-03T01:09:54.299+0000] {logging_mixin.py:149} INFO - [2026-03-03T01:09:54.299+0000] {dag.py:3490} INFO - Setting next_dagrun for example_nested_branch_dag to 2026-03-02T00:00:00+00:00, run_after=2026-03-03T00:00:00+00:00
[2026-03-03T01:09:54.318+0000] {processor.py:178} INFO - Processing /home/airflow/.local/lib/python3.7/site-packages/airflow/example_dags/example_nested_branch_dag.py took 0.065 seconds
[2026-03-03T01:10:25.180+0000] {processor.py:156} INFO - Started process (PID=449) to work on /home/airflow/.local/lib/python3.7/site-packages/airflow/example_dags/example_nested_branch_dag.py
[2026-03-03T01:10:25.180+0000] {processor.py:799} INFO - Processing file /home/airflow/.local/lib/python3.7/site-packages/airflow/example_dags/example_nested_branch_dag.py for tasks to queue
[2026-03-03T01:10:25.181+0000] {logging_mixin.py:149} INFO - [2026-03-03T01:10:25.181+0000] {dagbag.py:541} INFO - Filling up the DagBag from /home/airflow/.local/lib/python3.7/site-packages/airflow/example_dags/example_nested_branch_dag.py
[2026-03-03T01:10:25.187+0000] {processor.py:809} INFO - DAG(s) dict_keys(['example_nested_branch_dag']) retrieved from /home/airflow/.local/lib/python3.7/site-packages/airflow/example_dags/example_nested_branch_dag.py
[2026-03-03T01:10:25.205+0000] {logging_mixin.py:149} INFO - [2026-03-03T01:10:25.205+0000] {dag.py:2726} INFO - Sync 1 DAGs
[2026-03-03T01:10:25.219+0000] {logging_mixin.py:149} INFO - [2026-03-03T01:10:25.219+0000] {dag.py:3490} INFO - Setting next_dagrun for example_nested_branch_dag to 2026-03-02T00:00:00+00:00, run_after=2026-03-03T00:00:00+00:00
[2026-03-03T01:10:25.231+0000] {processor.py:178} INFO - Processing /home/airflow/.local/lib/python3.7/site-packages/airflow/example_dags/example_nested_branch_dag.py took 0.054 seconds
[2026-03-03T01:10:55.585+0000] {processor.py:156} INFO - Started process (PID=511) to work on /home/airflow/.local/lib/python3.7/site-packages/airflow/example_dags/example_nested_branch_dag.py
[2026-03-03T01:10:55.587+0000] {processor.py:799} INFO - Processing file /home/airflow/.local/lib/python3.7/site-packages/airflow/example_dags/example_nested_branch_dag.py for tasks to queue
[2026-03-03T01:10:55.587+0000] {logging_mixin.py:149} INFO - [2026-03-03T01:10:55.587+0000] {dagbag.py:541} INFO - Filling up the DagBag from /home/airflow/.local/lib/python3.7/site-packages/airflow/example_dags/example_nested_branch_dag.py
[2026-03-03T01:10:55.593+0000] {processor.py:809} INFO - DAG(s) dict_keys(['example_nested_branch_dag']) retrieved from /home/airflow/.local/lib/python3.7/site-packages/airflow/example_dags/example_nested_branch_dag.py
[2026-03-03T01:10:55.607+0000] {logging_mixin.py:149} INFO - [2026-03-03T01:10:55.606+0000] {dag.py:2726} INFO - Sync 1 DAGs
[2026-03-03T01:10:55.621+0000] {logging_mixin.py:149} INFO - [2026-03-03T01:10:55.621+0000] {dag.py:3490} INFO - Setting next_dagrun for example_nested_branch_dag to 2026-03-02T00:00:00+00:00, run_after=2026-03-03T00:00:00+00:00
[2026-03-03T01:10:55.636+0000] {processor.py:178} INFO - Processing /home/airflow/.local/lib/python3.7/site-packages/airflow/example_dags/example_nested_branch_dag.py took 0.053 seconds
[2026-03-03T01:11:26.572+0000] {processor.py:156} INFO - Started process (PID=573) to work on /home/airflow/.local/lib/python3.7/site-packages/airflow/example_dags/example_nested_branch_dag.py
[2026-03-03T01:11:26.573+0000] {processor.py:799} INFO - Processing file /home/airflow/.local/lib/python3.7/site-packages/airflow/example_dags/example_nested_branch_dag.py for tasks to queue
[2026-03-03T01:11:26.573+0000] {logging_mixin.py:149} INFO - [2026-03-03T01:11:26.573+0000] {dagbag.py:541} INFO - Filling up the DagBag from /home/airflow/.local/lib/python3.7/site-packages/airflow/example_dags/example_nested_branch_dag.py
[2026-03-03T01:11:26.580+0000] {processor.py:809} INFO - DAG(s) dict_keys(['example_nested_branch_dag']) retrieved from /home/airflow/.local/lib/python3.7/site-packages/airflow/example_dags/example_nested_branch_dag.py
[2026-03-03T01:11:26.593+0000] {logging_mixin.py:149} INFO - [2026-03-03T01:11:26.593+0000] {dag.py:2726} INFO - Sync 1 DAGs
[2026-03-03T01:11:26.608+0000] {logging_mixin.py:149} INFO - [2026-03-03T01:11:26.608+0000] {dag.py:3490} INFO - Setting next_dagrun for example_nested_branch_dag to 2026-03-02T00:00:00+00:00, run_after=2026-03-03T00:00:00+00:00
[2026-03-03T01:11:26.622+0000] {processor.py:178} INFO - Processing /home/airflow/.local/lib/python3.7/site-packages/airflow/example_dags/example_nested_branch_dag.py took 0.051 seconds
[2026-03-03T01:11:57.283+0000] {processor.py:156} INFO - Started process (PID=635) to work on /home/airflow/.local/lib/python3.7/site-packages/airflow/example_dags/example_nested_branch_dag.py
[2026-03-03T01:11:57.286+0000] {processor.py:799} INFO - Processing file /home/airflow/.local/lib/python3.7/site-packages/airflow/example_dags/example_nested_branch_dag.py for tasks to queue
[2026-03-03T01:11:57.289+0000] {logging_mixin.py:149} INFO - [2026-03-03T01:11:57.288+0000] {dagbag.py:541} INFO - Filling up the DagBag from /home/airflow/.local/lib/python3.7/site-packages/airflow/example_dags/example_nested_branch_dag.py
[2026-03-03T01:11:57.325+0000] {processor.py:809} INFO - DAG(s) dict_keys(['example_nested_branch_dag']) retrieved from /home/airflow/.local/lib/python3.7/site-packages/airflow/example_dags/example_nested_branch_dag.py
[2026-03-03T01:11:57.389+0000] {logging_mixin.py:149} INFO - [2026-03-03T01:11:57.389+0000] {dag.py:2726} INFO - Sync 1 DAGs
[2026-03-03T01:11:57.460+0000] {logging_mixin.py:149} INFO - [2026-03-03T01:11:57.459+0000] {dag.py:3490} INFO - Setting next_dagrun for example_nested_branch_dag to 2026-03-02T00:00:00+00:00, run_after=2026-03-03T00:00:00+00:00
[2026-03-03T01:11:57.513+0000] {processor.py:178} INFO - Processing /home/airflow/.local/lib/python3.7/site-packages/airflow/example_dags/example_nested_branch_dag.py took 0.239 seconds
[2026-03-03T01:12:27.955+0000] {processor.py:156} INFO - Started process (PID=697) to work on /home/airflow/.local/lib/python3.7/site-packages/airflow/example_dags/example_nested_branch_dag.py
[2026-03-03T01:12:27.957+0000] {processor.py:799} INFO - Processing file /home/airflow/.local/lib/python3.7/site-packages/airflow/example_dags/example_nested_branch_dag.py for tasks to queue
[2026-03-03T01:12:27.959+0000] {logging_mixin.py:149} INFO - [2026-03-03T01:12:27.959+0000] {dagbag.py:541} INFO - Filling up the DagBag from /home/airflow/.local/lib/python3.7/site-packages/airflow/example_dags/example_nested_branch_dag.py
[2026-03-03T01:12:27.981+0000] {processor.py:809} INFO - DAG(s) dict_keys(['example_nested_branch_dag']) retrieved from /home/airflow/.local/lib/python3.7/site-packages/airflow/example_dags/example_nested_branch_dag.py
[2026-03-03T01:12:28.035+0000] {logging_mixin.py:149} INFO - [2026-03-03T01:12:28.035+0000] {dag.py:2726} INFO - Sync 1 DAGs
[2026-03-03T01:12:28.097+0000] {logging_mixin.py:149} INFO - [2026-03-03T01:12:28.096+0000] {dag.py:3490} INFO - Setting next_dagrun for example_nested_branch_dag to 2026-03-02T00:00:00+00:00, run_after=2026-03-03T00:00:00+00:00
[2026-03-03T01:12:28.148+0000] {processor.py:178} INFO - Processing /home/airflow/.local/lib/python3.7/site-packages/airflow/example_dags/example_nested_branch_dag.py took 0.199 seconds
[2026-03-03T01:12:58.533+0000] {processor.py:156} INFO - Started process (PID=759) to work on /home/airflow/.local/lib/python3.7/site-packages/airflow/example_dags/example_nested_branch_dag.py
[2026-03-03T01:12:58.534+0000] {processor.py:799} INFO - Processing file /home/airflow/.local/lib/python3.7/site-packages/airflow/example_dags/example_nested_branch_dag.py for tasks to queue
[2026-03-03T01:12:58.534+0000] {logging_mixin.py:149} INFO - [2026-03-03T01:12:58.534+0000] {dagbag.py:541} INFO - Filling up the DagBag from /home/airflow/.local/lib/python3.7/site-packages/airflow/example_dags/example_nested_branch_dag.py
[2026-03-03T01:12:58.539+0000] {processor.py:809} INFO - DAG(s) dict_keys(['example_nested_branch_dag']) retrieved from /home/airflow/.local/lib/python3.7/site-packages/airflow/example_dags/example_nested_branch_dag.py
[2026-03-03T01:12:58.552+0000] {logging_mixin.py:149} INFO - [2026-03-03T01:12:58.552+0000] {dag.py:2726} INFO - Sync 1 DAGs
[2026-03-03T01:12:58.565+0000] {logging_mixin.py:149} INFO - [2026-03-03T01:12:58.565+0000] {dag.py:3490} INFO - Setting next_dagrun for example_nested_branch_dag to 2026-03-02T00:00:00+00:00, run_after=2026-03-03T00:00:00+00:00
[2026-03-03T01:12:58.576+0000] {processor.py:178} INFO - Processing /home/airflow/.local/lib/python3.7/site-packages/airflow/example_dags/example_nested_branch_dag.py took 0.045 seconds
[2026-03-03T01:13:29.035+0000] {processor.py:156} INFO - Started process (PID=821) to work on /home/airflow/.local/lib/python3.7/site-packages/airflow/example_dags/example_nested_branch_dag.py
[2026-03-03T01:13:29.037+0000] {processor.py:799} INFO - Processing file /home/airflow/.local/lib/python3.7/site-packages/airflow/example_dags/example_nested_branch_dag.py for tasks to queue
[2026-03-03T01:13:29.038+0000] {logging_mixin.py:149} INFO - [2026-03-03T01:13:29.037+0000] {dagbag.py:541} INFO - Filling up the DagBag from /home/airflow/.local/lib/python3.7/site-packages/airflow/example_dags/example_nested_branch_dag.py
[2026-03-03T01:13:29.044+0000] {processor.py:809} INFO - DAG(s) dict_keys(['example_nested_branch_dag']) retrieved from /home/airflow/.local/lib/python3.7/site-packages/airflow/example_dags/example_nested_branch_dag.py
[2026-03-03T01:13:29.061+0000] {logging_mixin.py:149} INFO - [2026-03-03T01:13:29.061+0000] {dag.py:2726} INFO - Sync 1 DAGs
[2026-03-03T01:13:29.074+0000] {logging_mixin.py:149} INFO - [2026-03-03T01:13:29.074+0000] {dag.py:3490} INFO - Setting next_dagrun for example_nested_branch_dag to 2026-03-02T00:00:00+00:00, run_after=2026-03-03T00:00:00+00:00
[2026-03-03T01:13:29.085+0000] {processor.py:178} INFO - Processing /home/airflow/.local/lib/python3.7/site-packages/airflow/example_dags/example_nested_branch_dag.py took 0.053 seconds
[2026-03-03T01:13:59.752+0000] {processor.py:156} INFO - Started process (PID=883) to work on /home/airflow/.local/lib/python3.7/site-packages/airflow/example_dags/example_nested_branch_dag.py
[2026-03-03T01:13:59.753+0000] {processor.py:799} INFO - Processing file /home/airflow/.local/lib/python3.7/site-packages/airflow/example_dags/example_nested_branch_dag.py for tasks to queue
[2026-03-03T01:13:59.753+0000] {logging_mixin.py:149} INFO - [2026-03-03T01:13:59.753+0000] {dagbag.py:541} INFO - Filling up the DagBag from /home/airflow/.local/lib/python3.7/site-packages/airflow/example_dags/example_nested_branch_dag.py
[2026-03-03T01:13:59.760+0000] {processor.py:809} INFO - DAG(s) dict_keys(['example_nested_branch_dag']) retrieved from /home/airflow/.local/lib/python3.7/site-packages/airflow/example_dags/example_nested_branch_dag.py
[2026-03-03T01:13:59.777+0000] {logging_mixin.py:149} INFO - [2026-03-03T01:13:59.777+0000] {dag.py:2726} INFO - Sync 1 DAGs
[2026-03-03T01:13:59.798+0000] {logging_mixin.py:149} INFO - [2026-03-03T01:13:59.798+0000] {dag.py:3490} INFO - Setting next_dagrun for example_nested_branch_dag to 2026-03-02T00:00:00+00:00, run_after=2026-03-03T00:00:00+00:00
[2026-03-03T01:13:59.812+0000] {processor.py:178} INFO - Processing /home/airflow/.local/lib/python3.7/site-packages/airflow/example_dags/example_nested_branch_dag.py took 0.063 seconds
[2026-03-03T01:14:30.487+0000] {processor.py:156} INFO - Started process (PID=945) to work on /home/airflow/.local/lib/python3.7/site-packages/airflow/example_dags/example_nested_branch_dag.py
[2026-03-03T01:14:30.487+0000] {processor.py:799} INFO - Processing file /home/airflow/.local/lib/python3.7/site-packages/airflow/example_dags/example_nested_branch_dag.py for tasks to queue
[2026-03-03T01:14:30.488+0000] {logging_mixin.py:149} INFO - [2026-03-03T01:14:30.488+0000] {dagbag.py:541} INFO - Filling up the DagBag from /home/airflow/.local/lib/python3.7/site-packages/airflow/example_dags/example_nested_branch_dag.py
[2026-03-03T01:14:30.495+0000] {processor.py:809} INFO - DAG(s) dict_keys(['example_nested_branch_dag']) retrieved from /home/airflow/.local/lib/python3.7/site-packages/airflow/example_dags/example_nested_branch_dag.py
[2026-03-03T01:14:30.514+0000] {logging_mixin.py:149} INFO - [2026-03-03T01:14:30.514+0000] {dag.py:2726} INFO - Sync 1 DAGs
[2026-03-03T01:14:30.533+0000] {logging_mixin.py:149} INFO - [2026-03-03T01:14:30.533+0000] {dag.py:3490} INFO - Setting next_dagrun for example_nested_branch_dag to 2026-03-02T00:00:00+00:00, run_after=2026-03-03T00:00:00+00:00
[2026-03-03T01:14:30.544+0000] {processor.py:178} INFO - Processing /home/airflow/.local/lib/python3.7/site-packages/airflow/example_dags/example_nested_branch_dag.py took 0.060 seconds
[2026-03-03T01:15:00.837+0000] {processor.py:156} INFO - Started process (PID=1007) to work on /home/airflow/.local/lib/python3.7/site-packages/airflow/example_dags/example_nested_branch_dag.py
[2026-03-03T01:15:00.845+0000] {processor.py:799} INFO - Processing file /home/airflow/.local/lib/python3.7/site-packages/airflow/example_dags/example_nested_branch_dag.py for tasks to queue
[2026-03-03T01:15:00.848+0000] {logging_mixin.py:149} INFO - [2026-03-03T01:15:00.848+0000] {dagbag.py:541} INFO - Filling up the DagBag from /home/airflow/.local/lib/python3.7/site-packages/airflow/example_dags/example_nested_branch_dag.py
[2026-03-03T01:15:00.876+0000] {processor.py:809} INFO - DAG(s) dict_keys(['example_nested_branch_dag']) retrieved from /home/airflow/.local/lib/python3.7/site-packages/airflow/example_dags/example_nested_branch_dag.py
[2026-03-03T01:15:00.956+0000] {logging_mixin.py:149} INFO - [2026-03-03T01:15:00.956+0000] {dag.py:2726} INFO - Sync 1 DAGs
[2026-03-03T01:15:01.025+0000] {logging_mixin.py:149} INFO - [2026-03-03T01:15:01.024+0000] {dag.py:3490} INFO - Setting next_dagrun for example_nested_branch_dag to 2026-03-02T00:00:00+00:00, run_after=2026-03-03T00:00:00+00:00
[2026-03-03T01:15:01.097+0000] {processor.py:178} INFO - Processing /home/airflow/.local/lib/python3.7/site-packages/airflow/example_dags/example_nested_branch_dag.py took 0.271 seconds
[2026-03-03T01:15:31.868+0000] {processor.py:156} INFO - Started process (PID=1069) to work on /home/airflow/.local/lib/python3.7/site-packages/airflow/example_dags/example_nested_branch_dag.py
[2026-03-03T01:15:31.869+0000] {processor.py:799} INFO - Processing file /home/airflow/.local/lib/python3.7/site-packages/airflow/example_dags/example_nested_branch_dag.py for tasks to queue
[2026-03-03T01:15:31.870+0000] {logging_mixin.py:149} INFO - [2026-03-03T01:15:31.869+0000] {dagbag.py:541} INFO - Filling up the DagBag from /home/airflow/.local/lib/python3.7/site-packages/airflow/example_dags/example_nested_branch_dag.py
[2026-03-03T01:15:31.878+0000] {processor.py:809} INFO - DAG(s) dict_keys(['example_nested_branch_dag']) retrieved from /home/airflow/.local/lib/python3.7/site-packages/airflow/example_dags/example_nested_branch_dag.py
[2026-03-03T01:15:31.897+0000] {logging_mixin.py:149} INFO - [2026-03-03T01:15:31.897+0000] {dag.py:2726} INFO - Sync 1 DAGs
[2026-03-03T01:15:31.913+0000] {logging_mixin.py:149} INFO - [2026-03-03T01:15:31.913+0000] {dag.py:3490} INFO - Setting next_dagrun for example_nested_branch_dag to 2026-03-02T00:00:00+00:00, run_after=2026-03-03T00:00:00+00:00
[2026-03-03T01:15:31.922+0000] {processor.py:178} INFO - Processing /home/airflow/.local/lib/python3.7/site-packages/airflow/example_dags/example_nested_branch_dag.py took 0.057 seconds
[2026-03-03T01:16:02.671+0000] {processor.py:156} INFO - Started process (PID=1130) to work on /home/airflow/.local/lib/python3.7/site-packages/airflow/example_dags/example_nested_branch_dag.py
[2026-03-03T01:16:02.673+0000] {processor.py:799} INFO - Processing file /home/airflow/.local/lib/python3.7/site-packages/airflow/example_dags/example_nested_branch_dag.py for tasks to queue
[2026-03-03T01:16:02.673+0000] {logging_mixin.py:149} INFO - [2026-03-03T01:16:02.673+0000] {dagbag.py:541} INFO - Filling up the DagBag from /home/airflow/.local/lib/python3.7/site-packages/airflow/example_dags/example_nested_branch_dag.py
[2026-03-03T01:16:02.682+0000] {processor.py:809} INFO - DAG(s) dict_keys(['example_nested_branch_dag']) retrieved from /home/airflow/.local/lib/python3.7/site-packages/airflow/example_dags/example_nested_branch_dag.py
[2026-03-03T01:16:02.702+0000] {logging_mixin.py:149} INFO - [2026-03-03T01:16:02.702+0000] {dag.py:2726} INFO - Sync 1 DAGs
[2026-03-03T01:16:02.720+0000] {logging_mixin.py:149} INFO - [2026-03-03T01:16:02.720+0000] {dag.py:3490} INFO - Setting next_dagrun for example_nested_branch_dag to 2026-03-02T00:00:00+00:00, run_after=2026-03-03T00:00:00+00:00
[2026-03-03T01:16:02.733+0000] {processor.py:178} INFO - Processing /home/airflow/.local/lib/python3.7/site-packages/airflow/example_dags/example_nested_branch_dag.py took 0.067 seconds
[2026-03-03T01:16:32.930+0000] {processor.py:156} INFO - Started process (PID=1192) to work on /home/airflow/.local/lib/python3.7/site-packages/airflow/example_dags/example_nested_branch_dag.py
[2026-03-03T01:16:32.933+0000] {processor.py:799} INFO - Processing file /home/airflow/.local/lib/python3.7/site-packages/airflow/example_dags/example_nested_branch_dag.py for tasks to queue
[2026-03-03T01:16:32.935+0000] {logging_mixin.py:149} INFO - [2026-03-03T01:16:32.935+0000] {dagbag.py:541} INFO - Filling up the DagBag from /home/airflow/.local/lib/python3.7/site-packages/airflow/example_dags/example_nested_branch_dag.py
[2026-03-03T01:16:32.961+0000] {processor.py:809} INFO - DAG(s) dict_keys(['example_nested_branch_dag']) retrieved from /home/airflow/.local/lib/python3.7/site-packages/airflow/example_dags/example_nested_branch_dag.py
[2026-03-03T01:16:33.022+0000] {logging_mixin.py:149} INFO - [2026-03-03T01:16:33.022+0000] {dag.py:2726} INFO - Sync 1 DAGs
[2026-03-03T01:16:33.083+0000] {logging_mixin.py:149} INFO - [2026-03-03T01:16:33.083+0000] {dag.py:3490} INFO - Setting next_dagrun for example_nested_branch_dag to 2026-03-02T00:00:00+00:00, run_after=2026-03-03T00:00:00+00:00
[2026-03-03T01:16:33.141+0000] {processor.py:178} INFO - Processing /home/airflow/.local/lib/python3.7/site-packages/airflow/example_dags/example_nested_branch_dag.py took 0.217 seconds
[2026-03-03T01:17:04.012+0000] {processor.py:156} INFO - Started process (PID=1254) to work on /home/airflow/.local/lib/python3.7/site-packages/airflow/example_dags/example_nested_branch_dag.py
[2026-03-03T01:17:04.013+0000] {processor.py:799} INFO - Processing file /home/airflow/.local/lib/python3.7/site-packages/airflow/example_dags/example_nested_branch_dag.py for tasks to queue
[2026-03-03T01:17:04.014+0000] {logging_mixin.py:149} INFO - [2026-03-03T01:17:04.014+0000] {dagbag.py:541} INFO - Filling up the DagBag from /home/airflow/.local/lib/python3.7/site-packages/airflow/example_dags/example_nested_branch_dag.py
[2026-03-03T01:17:04.033+0000] {processor.py:809} INFO - DAG(s) dict_keys(['example_nested_branch_dag']) retrieved from /home/airflow/.local/lib/python3.7/site-packages/airflow/example_dags/example_nested_branch_dag.py
[2026-03-03T01:17:04.076+0000] {logging_mixin.py:149} INFO - [2026-03-03T01:17:04.076+0000] {dag.py:2726} INFO - Sync 1 DAGs
[2026-03-03T01:17:04.127+0000] {logging_mixin.py:149} INFO - [2026-03-03T01:17:04.126+0000] {dag.py:3490} INFO - Setting next_dagrun for example_nested_branch_dag to 2026-03-02T00:00:00+00:00, run_after=2026-03-03T00:00:00+00:00
[2026-03-03T01:17:04.163+0000] {processor.py:178} INFO - Processing /home/airflow/.local/lib/python3.7/site-packages/airflow/example_dags/example_nested_branch_dag.py took 0.157 seconds
[2026-03-03T01:17:34.567+0000] {processor.py:156} INFO - Started process (PID=1316) to work on /home/airflow/.local/lib/python3.7/site-packages/airflow/example_dags/example_nested_branch_dag.py
[2026-03-03T01:17:34.568+0000] {processor.py:799} INFO - Processing file /home/airflow/.local/lib/python3.7/site-packages/airflow/example_dags/example_nested_branch_dag.py for tasks to queue
[2026-03-03T01:17:34.569+0000] {logging_mixin.py:149} INFO - [2026-03-03T01:17:34.569+0000] {dagbag.py:541} INFO - Filling up the DagBag from /home/airflow/.local/lib/python3.7/site-packages/airflow/example_dags/example_nested_branch_dag.py
[2026-03-03T01:17:34.577+0000] {processor.py:809} INFO - DAG(s) dict_keys(['example_nested_branch_dag']) retrieved from /home/airflow/.local/lib/python3.7/site-packages/airflow/example_dags/example_nested_branch_dag.py
[2026-03-03T01:17:34.595+0000] {logging_mixin.py:149} INFO - [2026-03-03T01:17:34.595+0000] {dag.py:2726} INFO - Sync 1 DAGs
[2026-03-03T01:17:34.610+0000] {logging_mixin.py:149} INFO - [2026-03-03T01:17:34.610+0000] {dag.py:3490} INFO - Setting next_dagrun for example_nested_branch_dag to 2026-03-02T00:00:00+00:00, run_after=2026-03-03T00:00:00+00:00
[2026-03-03T01:17:34.620+0000] {processor.py:178} INFO - Processing /home/airflow/.local/lib/python3.7/site-packages/airflow/example_dags/example_nested_branch_dag.py took 0.055 seconds
[2026-03-03T01:18:05.226+0000] {processor.py:156} INFO - Started process (PID=1378) to work on /home/airflow/.local/lib/python3.7/site-packages/airflow/example_dags/example_nested_branch_dag.py
[2026-03-03T01:18:05.226+0000] {processor.py:799} INFO - Processing file /home/airflow/.local/lib/python3.7/site-packages/airflow/example_dags/example_nested_branch_dag.py for tasks to queue
[2026-03-03T01:18:05.227+0000] {logging_mixin.py:149} INFO - [2026-03-03T01:18:05.227+0000] {dagbag.py:541} INFO - Filling up the DagBag from /home/airflow/.local/lib/python3.7/site-packages/airflow/example_dags/example_nested_branch_dag.py
[2026-03-03T01:18:05.234+0000] {processor.py:809} INFO - DAG(s) dict_keys(['example_nested_branch_dag']) retrieved from /home/airflow/.local/lib/python3.7/site-packages/airflow/example_dags/example_nested_branch_dag.py
[2026-03-03T01:18:05.253+0000] {logging_mixin.py:149} INFO - [2026-03-03T01:18:05.252+0000] {dag.py:2726} INFO - Sync 1 DAGs
[2026-03-03T01:18:05.267+0000] {logging_mixin.py:149} INFO - [2026-03-03T01:18:05.267+0000] {dag.py:3490} INFO - Setting next_dagrun for example_nested_branch_dag to 2026-03-02T00:00:00+00:00, run_after=2026-03-03T00:00:00+00:00
[2026-03-03T01:18:05.278+0000] {processor.py:178} INFO - Processing /home/airflow/.local/lib/python3.7/site-packages/airflow/example_dags/example_nested_branch_dag.py took 0.055 seconds
[2026-03-03T01:18:35.897+0000] {processor.py:156} INFO - Started process (PID=1440) to work on /home/airflow/.local/lib/python3.7/site-packages/airflow/example_dags/example_nested_branch_dag.py
[2026-03-03T01:18:35.899+0000] {processor.py:799} INFO - Processing file /home/airflow/.local/lib/python3.7/site-packages/airflow/example_dags/example_nested_branch_dag.py for tasks to queue
[2026-03-03T01:18:35.900+0000] {logging_mixin.py:149} INFO - [2026-03-03T01:18:35.900+0000] {dagbag.py:541} INFO - Filling up the DagBag from /home/airflow/.local/lib/python3.7/site-packages/airflow/example_dags/example_nested_branch_dag.py
[2026-03-03T01:18:35.924+0000] {processor.py:809} INFO - DAG(s) dict_keys(['example_nested_branch_dag']) retrieved from /home/airflow/.local/lib/python3.7/site-packages/airflow/example_dags/example_nested_branch_dag.py
[2026-03-03T01:18:35.980+0000] {logging_mixin.py:149} INFO - [2026-03-03T01:18:35.979+0000] {dag.py:2726} INFO - Sync 1 DAGs
[2026-03-03T01:18:36.046+0000] {logging_mixin.py:149} INFO - [2026-03-03T01:18:36.046+0000] {dag.py:3490} INFO - Setting next_dagrun for example_nested_branch_dag to 2026-03-02T00:00:00+00:00, run_after=2026-03-03T00:00:00+00:00
[2026-03-03T01:18:36.098+0000] {processor.py:178} INFO - Processing /home/airflow/.local/lib/python3.7/site-packages/airflow/example_dags/example_nested_branch_dag.py took 0.210 seconds
[2026-03-03T01:19:06.250+0000] {processor.py:156} INFO - Started process (PID=1502) to work on /home/airflow/.local/lib/python3.7/site-packages/airflow/example_dags/example_nested_branch_dag.py
[2026-03-03T01:19:06.251+0000] {processor.py:799} INFO - Processing file /home/airflow/.local/lib/python3.7/site-packages/airflow/example_dags/example_nested_branch_dag.py for tasks to queue
[2026-03-03T01:19:06.253+0000] {logging_mixin.py:149} INFO - [2026-03-03T01:19:06.253+0000] {dagbag.py:541} INFO - Filling up the DagBag from /home/airflow/.local/lib/python3.7/site-packages/airflow/example_dags/example_nested_branch_dag.py
[2026-03-03T01:19:06.272+0000] {processor.py:809} INFO - DAG(s) dict_keys(['example_nested_branch_dag']) retrieved from /home/airflow/.local/lib/python3.7/site-packages/airflow/example_dags/example_nested_branch_dag.py
[2026-03-03T01:19:06.322+0000] {logging_mixin.py:149} INFO - [2026-03-03T01:19:06.322+0000] {dag.py:2726} INFO - Sync 1 DAGs
[2026-03-03T01:19:06.376+0000] {logging_mixin.py:149} INFO - [2026-03-03T01:19:06.376+0000] {dag.py:3490} INFO - Setting next_dagrun for example_nested_branch_dag to 2026-03-02T00:00:00+00:00, run_after=2026-03-03T00:00:00+00:00
[2026-03-03T01:19:06.423+0000] {processor.py:178} INFO - Processing /home/airflow/.local/lib/python3.7/site-packages/airflow/example_dags/example_nested_branch_dag.py took 0.181 seconds
[2026-03-03T01:19:36.524+0000] {processor.py:156} INFO - Started process (PID=1564) to work on /home/airflow/.local/lib/python3.7/site-packages/airflow/example_dags/example_nested_branch_dag.py
[2026-03-03T01:19:36.525+0000] {processor.py:799} INFO - Processing file /home/airflow/.local/lib/python3.7/site-packages/airflow/example_dags/example_nested_branch_dag.py for tasks to queue
[2026-03-03T01:19:36.526+0000] {logging_mixin.py:149} INFO - [2026-03-03T01:19:36.526+0000] {dagbag.py:541} INFO - Filling up the DagBag from /home/airflow/.local/lib/python3.7/site-packages/airflow/example_dags/example_nested_branch_dag.py
[2026-03-03T01:19:36.533+0000] {processor.py:809} INFO - DAG(s) dict_keys(['example_nested_branch_dag']) retrieved from /home/airflow/.local/lib/python3.7/site-packages/airflow/example_dags/example_nested_branch_dag.py
[2026-03-03T01:19:36.550+0000] {logging_mixin.py:149} INFO - [2026-03-03T01:19:36.550+0000] {dag.py:2726} INFO - Sync 1 DAGs
[2026-03-03T01:19:36.564+0000] {logging_mixin.py:149} INFO - [2026-03-03T01:19:36.564+0000] {dag.py:3490} INFO - Setting next_dagrun for example_nested_branch_dag to 2026-03-02T00:00:00+00:00, run_after=2026-03-03T00:00:00+00:00
[2026-03-03T01:19:36.573+0000] {processor.py:178} INFO - Processing /home/airflow/.local/lib/python3.7/site-packages/airflow/example_dags/example_nested_branch_dag.py took 0.052 seconds
[2026-03-03T01:20:07.195+0000] {processor.py:156} INFO - Started process (PID=1626) to work on /home/airflow/.local/lib/python3.7/site-packages/airflow/example_dags/example_nested_branch_dag.py
[2026-03-03T01:20:07.195+0000] {processor.py:799} INFO - Processing file /home/airflow/.local/lib/python3.7/site-packages/airflow/example_dags/example_nested_branch_dag.py for tasks to queue
[2026-03-03T01:20:07.196+0000] {logging_mixin.py:149} INFO - [2026-03-03T01:20:07.196+0000] {dagbag.py:541} INFO - Filling up the DagBag from /home/airflow/.local/lib/python3.7/site-packages/airflow/example_dags/example_nested_branch_dag.py
[2026-03-03T01:20:07.202+0000] {processor.py:809} INFO - DAG(s) dict_keys(['example_nested_branch_dag']) retrieved from /home/airflow/.local/lib/python3.7/site-packages/airflow/example_dags/example_nested_branch_dag.py
[2026-03-03T01:20:07.217+0000] {logging_mixin.py:149} INFO - [2026-03-03T01:20:07.217+0000] {dag.py:2726} INFO - Sync 1 DAGs
[2026-03-03T01:20:07.232+0000] {logging_mixin.py:149} INFO - [2026-03-03T01:20:07.232+0000] {dag.py:3490} INFO - Setting next_dagrun for example_nested_branch_dag to 2026-03-02T00:00:00+00:00, run_after=2026-03-03T00:00:00+00:00
[2026-03-03T01:20:07.242+0000] {processor.py:178} INFO - Processing /home/airflow/.local/lib/python3.7/site-packages/airflow/example_dags/example_nested_branch_dag.py took 0.049 seconds
[2026-03-03T01:20:37.922+0000] {processor.py:156} INFO - Started process (PID=1688) to work on /home/airflow/.local/lib/python3.7/site-packages/airflow/example_dags/example_nested_branch_dag.py
[2026-03-03T01:20:37.922+0000] {processor.py:799} INFO - Processing file /home/airflow/.local/lib/python3.7/site-packages/airflow/example_dags/example_nested_branch_dag.py for tasks to queue
[2026-03-03T01:20:37.923+0000] {logging_mixin.py:149} INFO - [2026-03-03T01:20:37.923+0000] {dagbag.py:541} INFO - Filling up the DagBag from /home/airflow/.local/lib/python3.7/site-packages/airflow/example_dags/example_nested_branch_dag.py
[2026-03-03T01:20:37.929+0000] {processor.py:809} INFO - DAG(s) dict_keys(['example_nested_branch_dag']) retrieved from /home/airflow/.local/lib/python3.7/site-packages/airflow/example_dags/example_nested_branch_dag.py
[2026-03-03T01:20:37.946+0000] {logging_mixin.py:149} INFO - [2026-03-03T01:20:37.945+0000] {dag.py:2726} INFO - Sync 1 DAGs
[2026-03-03T01:20:37.961+0000] {logging_mixin.py:149} INFO - [2026-03-03T01:20:37.961+0000] {dag.py:3490} INFO - Setting next_dagrun for example_nested_branch_dag to 2026-03-02T00:00:00+00:00, run_after=2026-03-03T00:00:00+00:00
[2026-03-03T01:20:37.972+0000] {processor.py:178} INFO - Processing /home/airflow/.local/lib/python3.7/site-packages/airflow/example_dags/example_nested_branch_dag.py took 0.053 seconds
[2026-03-03T01:21:08.560+0000] {processor.py:156} INFO - Started process (PID=1750) to work on /home/airflow/.local/lib/python3.7/site-packages/airflow/example_dags/example_nested_branch_dag.py
[2026-03-03T01:21:08.561+0000] {processor.py:799} INFO - Processing file /home/airflow/.local/lib/python3.7/site-packages/airflow/example_dags/example_nested_branch_dag.py for tasks to queue
[2026-03-03T01:21:08.561+0000] {logging_mixin.py:149} INFO - [2026-03-03T01:21:08.561+0000] {dagbag.py:541} INFO - Filling up the DagBag from /home/airflow/.local/lib/python3.7/site-packages/airflow/example_dags/example_nested_branch_dag.py
[2026-03-03T01:21:08.569+0000] {processor.py:809} INFO - DAG(s) dict_keys(['example_nested_branch_dag']) retrieved from /home/airflow/.local/lib/python3.7/site-packages/airflow/example_dags/example_nested_branch_dag.py
[2026-03-03T01:21:08.586+0000] {logging_mixin.py:149} INFO - [2026-03-03T01:21:08.586+0000] {dag.py:2726} INFO - Sync 1 DAGs
[2026-03-03T01:21:08.601+0000] {logging_mixin.py:149} INFO - [2026-03-03T01:21:08.601+0000] {dag.py:3490} INFO - Setting next_dagrun for example_nested_branch_dag to 2026-03-02T00:00:00+00:00, run_after=2026-03-03T00:00:00+00:00
[2026-03-03T01:21:08.613+0000] {processor.py:178} INFO - Processing /home/airflow/.local/lib/python3.7/site-packages/airflow/example_dags/example_nested_branch_dag.py took 0.056 seconds
[2026-03-03T01:21:40.308+0000] {processor.py:156} INFO - Started process (PID=1812) to work on /home/airflow/.local/lib/python3.7/site-packages/airflow/example_dags/example_nested_branch_dag.py
[2026-03-03T01:21:40.311+0000] {processor.py:799} INFO - Processing file /home/airflow/.local/lib/python3.7/site-packages/airflow/example_dags/example_nested_branch_dag.py for tasks to queue
[2026-03-03T01:21:40.313+0000] {logging_mixin.py:149} INFO - [2026-03-03T01:21:40.313+0000] {dagbag.py:541} INFO - Filling up the DagBag from /home/airflow/.local/lib/python3.7/site-packages/airflow/example_dags/example_nested_branch_dag.py
[2026-03-03T01:21:40.341+0000] {processor.py:809} INFO - DAG(s) dict_keys(['example_nested_branch_dag']) retrieved from /home/airflow/.local/lib/python3.7/site-packages/airflow/example_dags/example_nested_branch_dag.py
[2026-03-03T01:21:40.420+0000] {logging_mixin.py:149} INFO - [2026-03-03T01:21:40.419+0000] {dag.py:2726} INFO - Sync 1 DAGs
[2026-03-03T01:21:40.493+0000] {logging_mixin.py:149} INFO - [2026-03-03T01:21:40.493+0000] {dag.py:3490} INFO - Setting next_dagrun for example_nested_branch_dag to 2026-03-02T00:00:00+00:00, run_after=2026-03-03T00:00:00+00:00
[2026-03-03T01:21:40.549+0000] {processor.py:178} INFO - Processing /home/airflow/.local/lib/python3.7/site-packages/airflow/example_dags/example_nested_branch_dag.py took 0.252 seconds
[2026-03-03T01:22:10.972+0000] {processor.py:156} INFO - Started process (PID=1873) to work on /home/airflow/.local/lib/python3.7/site-packages/airflow/example_dags/example_nested_branch_dag.py
[2026-03-03T01:22:10.976+0000] {processor.py:799} INFO - Processing file /home/airflow/.local/lib/python3.7/site-packages/airflow/example_dags/example_nested_branch_dag.py for tasks to queue
[2026-03-03T01:22:10.978+0000] {logging_mixin.py:149} INFO - [2026-03-03T01:22:10.977+0000] {dagbag.py:541} INFO - Filling up the DagBag from /home/airflow/.local/lib/python3.7/site-packages/airflow/example_dags/example_nested_branch_dag.py
[2026-03-03T01:22:11.013+0000] {processor.py:809} INFO - DAG(s) dict_keys(['example_nested_branch_dag']) retrieved from /home/airflow/.local/lib/python3.7/site-packages/airflow/example_dags/example_nested_branch_dag.py
[2026-03-03T01:22:11.078+0000] {logging_mixin.py:149} INFO - [2026-03-03T01:22:11.078+0000] {dag.py:2726} INFO - Sync 1 DAGs
[2026-03-03T01:22:11.152+0000] {logging_mixin.py:149} INFO - [2026-03-03T01:22:11.151+0000] {dag.py:3490} INFO - Setting next_dagrun for example_nested_branch_dag to 2026-03-02T00:00:00+00:00, run_after=2026-03-03T00:00:00+00:00
[2026-03-03T01:22:11.209+0000] {processor.py:178} INFO - Processing /home/airflow/.local/lib/python3.7/site-packages/airflow/example_dags/example_nested_branch_dag.py took 0.244 seconds
[2026-03-03T01:22:41.565+0000] {processor.py:156} INFO - Started process (PID=1935) to work on /home/airflow/.local/lib/python3.7/site-packages/airflow/example_dags/example_nested_branch_dag.py
[2026-03-03T01:22:41.567+0000] {processor.py:799} INFO - Processing file /home/airflow/.local/lib/python3.7/site-packages/airflow/example_dags/example_nested_branch_dag.py for tasks to queue
[2026-03-03T01:22:41.570+0000] {logging_mixin.py:149} INFO - [2026-03-03T01:22:41.569+0000] {dagbag.py:541} INFO - Filling up the DagBag from /home/airflow/.local/lib/python3.7/site-packages/airflow/example_dags/example_nested_branch_dag.py
[2026-03-03T01:22:41.606+0000] {processor.py:809} INFO - DAG(s) dict_keys(['example_nested_branch_dag']) retrieved from /home/airflow/.local/lib/python3.7/site-packages/airflow/example_dags/example_nested_branch_dag.py
[2026-03-03T01:22:41.692+0000] {logging_mixin.py:149} INFO - [2026-03-03T01:22:41.691+0000] {dag.py:2726} INFO - Sync 1 DAGs
[2026-03-03T01:22:41.781+0000] {logging_mixin.py:149} INFO - [2026-03-03T01:22:41.781+0000] {dag.py:3490} INFO - Setting next_dagrun for example_nested_branch_dag to 2026-03-02T00:00:00+00:00, run_after=2026-03-03T00:00:00+00:00
[2026-03-03T01:22:41.862+0000] {processor.py:178} INFO - Processing /home/airflow/.local/lib/python3.7/site-packages/airflow/example_dags/example_nested_branch_dag.py took 0.307 seconds
[2026-03-03T01:23:12.095+0000] {processor.py:156} INFO - Started process (PID=1997) to work on /home/airflow/.local/lib/python3.7/site-packages/airflow/example_dags/example_nested_branch_dag.py
[2026-03-03T01:23:12.100+0000] {processor.py:799} INFO - Processing file /home/airflow/.local/lib/python3.7/site-packages/airflow/example_dags/example_nested_branch_dag.py for tasks to queue
[2026-03-03T01:23:12.103+0000] {logging_mixin.py:149} INFO - [2026-03-03T01:23:12.103+0000] {dagbag.py:541} INFO - Filling up the DagBag from /home/airflow/.local/lib/python3.7/site-packages/airflow/example_dags/example_nested_branch_dag.py
[2026-03-03T01:23:12.131+0000] {processor.py:809} INFO - DAG(s) dict_keys(['example_nested_branch_dag']) retrieved from /home/airflow/.local/lib/python3.7/site-packages/airflow/example_dags/example_nested_branch_dag.py
[2026-03-03T01:23:12.208+0000] {logging_mixin.py:149} INFO - [2026-03-03T01:23:12.207+0000] {dag.py:2726} INFO - Sync 1 DAGs
[2026-03-03T01:23:12.288+0000] {logging_mixin.py:149} INFO - [2026-03-03T01:23:12.287+0000] {dag.py:3490} INFO - Setting next_dagrun for example_nested_branch_dag to 2026-03-02T00:00:00+00:00, run_after=2026-03-03T00:00:00+00:00
[2026-03-03T01:23:12.352+0000] {processor.py:178} INFO - Processing /home/airflow/.local/lib/python3.7/site-packages/airflow/example_dags/example_nested_branch_dag.py took 0.264 seconds
[2026-03-03T01:23:43.297+0000] {processor.py:156} INFO - Started process (PID=2059) to work on /home/airflow/.local/lib/python3.7/site-packages/airflow/example_dags/example_nested_branch_dag.py
[2026-03-03T01:23:43.299+0000] {processor.py:799} INFO - Processing file /home/airflow/.local/lib/python3.7/site-packages/airflow/example_dags/example_nested_branch_dag.py for tasks to queue
[2026-03-03T01:23:43.307+0000] {logging_mixin.py:149} INFO - [2026-03-03T01:23:43.306+0000] {dagbag.py:541} INFO - Filling up the DagBag from /home/airflow/.local/lib/python3.7/site-packages/airflow/example_dags/example_nested_branch_dag.py
[2026-03-03T01:23:43.338+0000] {processor.py:809} INFO - DAG(s) dict_keys(['example_nested_branch_dag']) retrieved from /home/airflow/.local/lib/python3.7/site-packages/airflow/example_dags/example_nested_branch_dag.py
[2026-03-03T01:23:43.409+0000] {logging_mixin.py:149} INFO - [2026-03-03T01:23:43.409+0000] {dag.py:2726} INFO - Sync 1 DAGs
[2026-03-03T01:23:43.488+0000] {logging_mixin.py:149} INFO - [2026-03-03T01:23:43.488+0000] {dag.py:3490} INFO - Setting next_dagrun for example_nested_branch_dag to 2026-03-02T00:00:00+00:00, run_after=2026-03-03T00:00:00+00:00
[2026-03-03T01:23:43.557+0000] {processor.py:178} INFO - Processing /home/airflow/.local/lib/python3.7/site-packages/airflow/example_dags/example_nested_branch_dag.py took 0.272 seconds
[2026-03-03T01:24:14.538+0000] {processor.py:156} INFO - Started process (PID=2128) to work on /home/airflow/.local/lib/python3.7/site-packages/airflow/example_dags/example_nested_branch_dag.py
[2026-03-03T01:24:14.540+0000] {processor.py:799} INFO - Processing file /home/airflow/.local/lib/python3.7/site-packages/airflow/example_dags/example_nested_branch_dag.py for tasks to queue
[2026-03-03T01:24:14.542+0000] {logging_mixin.py:149} INFO - [2026-03-03T01:24:14.542+0000] {dagbag.py:541} INFO - Filling up the DagBag from /home/airflow/.local/lib/python3.7/site-packages/airflow/example_dags/example_nested_branch_dag.py
[2026-03-03T01:24:14.554+0000] {processor.py:809} INFO - DAG(s) dict_keys(['example_nested_branch_dag']) retrieved from /home/airflow/.local/lib/python3.7/site-packages/airflow/example_dags/example_nested_branch_dag.py
[2026-03-03T01:24:14.578+0000] {logging_mixin.py:149} INFO - [2026-03-03T01:24:14.577+0000] {dag.py:2726} INFO - Sync 1 DAGs
[2026-03-03T01:24:14.597+0000] {logging_mixin.py:149} INFO - [2026-03-03T01:24:14.597+0000] {dag.py:3490} INFO - Setting next_dagrun for example_nested_branch_dag to 2026-03-02T00:00:00+00:00, run_after=2026-03-03T00:00:00+00:00
[2026-03-03T01:24:14.615+0000] {processor.py:178} INFO - Processing /home/airflow/.local/lib/python3.7/site-packages/airflow/example_dags/example_nested_branch_dag.py took 0.082 seconds
[2026-03-03T01:24:45.460+0000] {processor.py:156} INFO - Started process (PID=2190) to work on /home/airflow/.local/lib/python3.7/site-packages/airflow/example_dags/example_nested_branch_dag.py
[2026-03-03T01:24:45.463+0000] {processor.py:799} INFO - Processing file /home/airflow/.local/lib/python3.7/site-packages/airflow/example_dags/example_nested_branch_dag.py for tasks to queue
[2026-03-03T01:24:45.464+0000] {logging_mixin.py:149} INFO - [2026-03-03T01:24:45.463+0000] {dagbag.py:541} INFO - Filling up the DagBag from /home/airflow/.local/lib/python3.7/site-packages/airflow/example_dags/example_nested_branch_dag.py
[2026-03-03T01:24:45.474+0000] {processor.py:809} INFO - DAG(s) dict_keys(['example_nested_branch_dag']) retrieved from /home/airflow/.local/lib/python3.7/site-packages/airflow/example_dags/example_nested_branch_dag.py
[2026-03-03T01:24:45.498+0000] {logging_mixin.py:149} INFO - [2026-03-03T01:24:45.498+0000] {dag.py:2726} INFO - Sync 1 DAGs
[2026-03-03T01:24:45.514+0000] {logging_mixin.py:149} INFO - [2026-03-03T01:24:45.514+0000] {dag.py:3490} INFO - Setting next_dagrun for example_nested_branch_dag to 2026-03-02T00:00:00+00:00, run_after=2026-03-03T00:00:00+00:00
[2026-03-03T01:24:45.529+0000] {processor.py:178} INFO - Processing /home/airflow/.local/lib/python3.7/site-packages/airflow/example_dags/example_nested_branch_dag.py took 0.073 seconds
[2026-03-03T01:25:16.003+0000] {processor.py:156} INFO - Started process (PID=2252) to work on /home/airflow/.local/lib/python3.7/site-packages/airflow/example_dags/example_nested_branch_dag.py
[2026-03-03T01:25:16.006+0000] {processor.py:799} INFO - Processing file /home/airflow/.local/lib/python3.7/site-packages/airflow/example_dags/example_nested_branch_dag.py for tasks to queue
[2026-03-03T01:25:16.010+0000] {logging_mixin.py:149} INFO - [2026-03-03T01:25:16.010+0000] {dagbag.py:541} INFO - Filling up the DagBag from /home/airflow/.local/lib/python3.7/site-packages/airflow/example_dags/example_nested_branch_dag.py
[2026-03-03T01:25:16.032+0000] {processor.py:809} INFO - DAG(s) dict_keys(['example_nested_branch_dag']) retrieved from /home/airflow/.local/lib/python3.7/site-packages/airflow/example_dags/example_nested_branch_dag.py
[2026-03-03T01:25:16.098+0000] {logging_mixin.py:149} INFO - [2026-03-03T01:25:16.098+0000] {dag.py:2726} INFO - Sync 1 DAGs
[2026-03-03T01:25:16.162+0000] {logging_mixin.py:149} INFO - [2026-03-03T01:25:16.162+0000] {dag.py:3490} INFO - Setting next_dagrun for example_nested_branch_dag to 2026-03-02T00:00:00+00:00, run_after=2026-03-03T00:00:00+00:00
[2026-03-03T01:25:16.222+0000] {processor.py:178} INFO - Processing /home/airflow/.local/lib/python3.7/site-packages/airflow/example_dags/example_nested_branch_dag.py took 0.225 seconds
[2026-03-03T01:25:46.591+0000] {processor.py:156} INFO - Started process (PID=2314) to work on /home/airflow/.local/lib/python3.7/site-packages/airflow/example_dags/example_nested_branch_dag.py
[2026-03-03T01:25:46.594+0000] {processor.py:799} INFO - Processing file /home/airflow/.local/lib/python3.7/site-packages/airflow/example_dags/example_nested_branch_dag.py for tasks to queue
[2026-03-03T01:25:46.596+0000] {logging_mixin.py:149} INFO - [2026-03-03T01:25:46.596+0000] {dagbag.py:541} INFO - Filling up the DagBag from /home/airflow/.local/lib/python3.7/site-packages/airflow/example_dags/example_nested_branch_dag.py
[2026-03-03T01:25:46.621+0000] {processor.py:809} INFO - DAG(s) dict_keys(['example_nested_branch_dag']) retrieved from /home/airflow/.local/lib/python3.7/site-packages/airflow/example_dags/example_nested_branch_dag.py
[2026-03-03T01:25:46.694+0000] {logging_mixin.py:149} INFO - [2026-03-03T01:25:46.693+0000] {dag.py:2726} INFO - Sync 1 DAGs
[2026-03-03T01:25:46.769+0000] {logging_mixin.py:149} INFO - [2026-03-03T01:25:46.768+0000] {dag.py:3490} INFO - Setting next_dagrun for example_nested_branch_dag to 2026-03-02T00:00:00+00:00, run_after=2026-03-03T00:00:00+00:00
[2026-03-03T01:25:46.830+0000] {processor.py:178} INFO - Processing /home/airflow/.local/lib/python3.7/site-packages/airflow/example_dags/example_nested_branch_dag.py took 0.246 seconds
[2026-03-03T01:26:17.837+0000] {processor.py:156} INFO - Started process (PID=2376) to work on /home/airflow/.local/lib/python3.7/site-packages/airflow/example_dags/example_nested_branch_dag.py
[2026-03-03T01:26:17.841+0000] {processor.py:799} INFO - Processing file /home/airflow/.local/lib/python3.7/site-packages/airflow/example_dags/example_nested_branch_dag.py for tasks to queue
[2026-03-03T01:26:17.844+0000] {logging_mixin.py:149} INFO - [2026-03-03T01:26:17.843+0000] {dagbag.py:541} INFO - Filling up the DagBag from /home/airflow/.local/lib/python3.7/site-packages/airflow/example_dags/example_nested_branch_dag.py
[2026-03-03T01:26:17.869+0000] {processor.py:809} INFO - DAG(s) dict_keys(['example_nested_branch_dag']) retrieved from /home/airflow/.local/lib/python3.7/site-packages/airflow/example_dags/example_nested_branch_dag.py
[2026-03-03T01:26:17.936+0000] {logging_mixin.py:149} INFO - [2026-03-03T01:26:17.936+0000] {dag.py:2726} INFO - Sync 1 DAGs
[2026-03-03T01:26:18.009+0000] {logging_mixin.py:149} INFO - [2026-03-03T01:26:18.009+0000] {dag.py:3490} INFO - Setting next_dagrun for example_nested_branch_dag to 2026-03-02T00:00:00+00:00, run_after=2026-03-03T00:00:00+00:00
[2026-03-03T01:26:18.081+0000] {processor.py:178} INFO - Processing /home/airflow/.local/lib/python3.7/site-packages/airflow/example_dags/example_nested_branch_dag.py took 0.254 seconds
[2026-03-03T01:26:48.487+0000] {processor.py:156} INFO - Started process (PID=2437) to work on /home/airflow/.local/lib/python3.7/site-packages/airflow/example_dags/example_nested_branch_dag.py
[2026-03-03T01:26:48.489+0000] {processor.py:799} INFO - Processing file /home/airflow/.local/lib/python3.7/site-packages/airflow/example_dags/example_nested_branch_dag.py for tasks to queue
[2026-03-03T01:26:48.489+0000] {logging_mixin.py:149} INFO - [2026-03-03T01:26:48.489+0000] {dagbag.py:541} INFO - Filling up the DagBag from /home/airflow/.local/lib/python3.7/site-packages/airflow/example_dags/example_nested_branch_dag.py
[2026-03-03T01:26:48.497+0000] {processor.py:809} INFO - DAG(s) dict_keys(['example_nested_branch_dag']) retrieved from /home/airflow/.local/lib/python3.7/site-packages/airflow/example_dags/example_nested_branch_dag.py
[2026-03-03T01:26:48.518+0000] {logging_mixin.py:149} INFO - [2026-03-03T01:26:48.518+0000] {dag.py:2726} INFO - Sync 1 DAGs
[2026-03-03T01:26:48.538+0000] {logging_mixin.py:149} INFO - [2026-03-03T01:26:48.538+0000] {dag.py:3490} INFO - Setting next_dagrun for example_nested_branch_dag to 2026-03-02T00:00:00+00:00, run_after=2026-03-03T00:00:00+00:00
[2026-03-03T01:26:48.554+0000] {processor.py:178} INFO - Processing /home/airflow/.local/lib/python3.7/site-packages/airflow/example_dags/example_nested_branch_dag.py took 0.069 seconds
[2026-03-03T01:27:19.293+0000] {processor.py:156} INFO - Started process (PID=2499) to work on /home/airflow/.local/lib/python3.7/site-packages/airflow/example_dags/example_nested_branch_dag.py
[2026-03-03T01:27:19.294+0000] {processor.py:799} INFO - Processing file /home/airflow/.local/lib/python3.7/site-packages/airflow/example_dags/example_nested_branch_dag.py for tasks to queue
[2026-03-03T01:27:19.296+0000] {logging_mixin.py:149} INFO - [2026-03-03T01:27:19.295+0000] {dagbag.py:541} INFO - Filling up the DagBag from /home/airflow/.local/lib/python3.7/site-packages/airflow/example_dags/example_nested_branch_dag.py
[2026-03-03T01:27:19.304+0000] {processor.py:809} INFO - DAG(s) dict_keys(['example_nested_branch_dag']) retrieved from /home/airflow/.local/lib/python3.7/site-packages/airflow/example_dags/example_nested_branch_dag.py
[2026-03-03T01:27:19.329+0000] {logging_mixin.py:149} INFO - [2026-03-03T01:27:19.328+0000] {dag.py:2726} INFO - Sync 1 DAGs
[2026-03-03T01:27:19.345+0000] {logging_mixin.py:149} INFO - [2026-03-03T01:27:19.345+0000] {dag.py:3490} INFO - Setting next_dagrun for example_nested_branch_dag to 2026-03-02T00:00:00+00:00, run_after=2026-03-03T00:00:00+00:00
[2026-03-03T01:27:19.362+0000] {processor.py:178} INFO - Processing /home/airflow/.local/lib/python3.7/site-packages/airflow/example_dags/example_nested_branch_dag.py took 0.072 seconds
[2026-03-03T01:27:49.781+0000] {processor.py:156} INFO - Started process (PID=2561) to work on /home/airflow/.local/lib/python3.7/site-packages/airflow/example_dags/example_nested_branch_dag.py
[2026-03-03T01:27:49.783+0000] {processor.py:799} INFO - Processing file /home/airflow/.local/lib/python3.7/site-packages/airflow/example_dags/example_nested_branch_dag.py for tasks to queue
[2026-03-03T01:27:49.786+0000] {logging_mixin.py:149} INFO - [2026-03-03T01:27:49.786+0000] {dagbag.py:541} INFO - Filling up the DagBag from /home/airflow/.local/lib/python3.7/site-packages/airflow/example_dags/example_nested_branch_dag.py
[2026-03-03T01:27:49.795+0000] {processor.py:809} INFO - DAG(s) dict_keys(['example_nested_branch_dag']) retrieved from /home/airflow/.local/lib/python3.7/site-packages/airflow/example_dags/example_nested_branch_dag.py
[2026-03-03T01:27:49.820+0000] {logging_mixin.py:149} INFO - [2026-03-03T01:27:49.820+0000] {dag.py:2726} INFO - Sync 1 DAGs
[2026-03-03T01:27:49.834+0000] {logging_mixin.py:149} INFO - [2026-03-03T01:27:49.834+0000] {dag.py:3490} INFO - Setting next_dagrun for example_nested_branch_dag to 2026-03-02T00:00:00+00:00, run_after=2026-03-03T00:00:00+00:00
[2026-03-03T01:27:49.850+0000] {processor.py:178} INFO - Processing /home/airflow/.local/lib/python3.7/site-packages/airflow/example_dags/example_nested_branch_dag.py took 0.071 seconds
[2026-03-03T01:28:20.776+0000] {processor.py:156} INFO - Started process (PID=2623) to work on /home/airflow/.local/lib/python3.7/site-packages/airflow/example_dags/example_nested_branch_dag.py
[2026-03-03T01:28:20.777+0000] {processor.py:799} INFO - Processing file /home/airflow/.local/lib/python3.7/site-packages/airflow/example_dags/example_nested_branch_dag.py for tasks to queue
[2026-03-03T01:28:20.777+0000] {logging_mixin.py:149} INFO - [2026-03-03T01:28:20.777+0000] {dagbag.py:541} INFO - Filling up the DagBag from /home/airflow/.local/lib/python3.7/site-packages/airflow/example_dags/example_nested_branch_dag.py
[2026-03-03T01:28:20.787+0000] {processor.py:809} INFO - DAG(s) dict_keys(['example_nested_branch_dag']) retrieved from /home/airflow/.local/lib/python3.7/site-packages/airflow/example_dags/example_nested_branch_dag.py
[2026-03-03T01:28:20.808+0000] {logging_mixin.py:149} INFO - [2026-03-03T01:28:20.808+0000] {dag.py:2726} INFO - Sync 1 DAGs
[2026-03-03T01:28:20.825+0000] {logging_mixin.py:149} INFO - [2026-03-03T01:28:20.825+0000] {dag.py:3490} INFO - Setting next_dagrun for example_nested_branch_dag to 2026-03-02T00:00:00+00:00, run_after=2026-03-03T00:00:00+00:00
[2026-03-03T01:28:20.844+0000] {processor.py:178} INFO - Processing /home/airflow/.local/lib/python3.7/site-packages/airflow/example_dags/example_nested_branch_dag.py took 0.072 seconds
[2026-03-03T01:28:51.697+0000] {processor.py:156} INFO - Started process (PID=2685) to work on /home/airflow/.local/lib/python3.7/site-packages/airflow/example_dags/example_nested_branch_dag.py
[2026-03-03T01:28:51.700+0000] {processor.py:799} INFO - Processing file /home/airflow/.local/lib/python3.7/site-packages/airflow/example_dags/example_nested_branch_dag.py for tasks to queue
[2026-03-03T01:28:51.704+0000] {logging_mixin.py:149} INFO - [2026-03-03T01:28:51.703+0000] {dagbag.py:541} INFO - Filling up the DagBag from /home/airflow/.local/lib/python3.7/site-packages/airflow/example_dags/example_nested_branch_dag.py
[2026-03-03T01:28:51.729+0000] {processor.py:809} INFO - DAG(s) dict_keys(['example_nested_branch_dag']) retrieved from /home/airflow/.local/lib/python3.7/site-packages/airflow/example_dags/example_nested_branch_dag.py
[2026-03-03T01:28:51.794+0000] {logging_mixin.py:149} INFO - [2026-03-03T01:28:51.793+0000] {dag.py:2726} INFO - Sync 1 DAGs
[2026-03-03T01:28:51.867+0000] {logging_mixin.py:149} INFO - [2026-03-03T01:28:51.866+0000] {dag.py:3490} INFO - Setting next_dagrun for example_nested_branch_dag to 2026-03-02T00:00:00+00:00, run_after=2026-03-03T00:00:00+00:00
[2026-03-03T01:28:51.926+0000] {processor.py:178} INFO - Processing /home/airflow/.local/lib/python3.7/site-packages/airflow/example_dags/example_nested_branch_dag.py took 0.236 seconds
[2026-03-03T01:29:22.743+0000] {processor.py:156} INFO - Started process (PID=2747) to work on /home/airflow/.local/lib/python3.7/site-packages/airflow/example_dags/example_nested_branch_dag.py
[2026-03-03T01:29:22.744+0000] {processor.py:799} INFO - Processing file /home/airflow/.local/lib/python3.7/site-packages/airflow/example_dags/example_nested_branch_dag.py for tasks to queue
[2026-03-03T01:29:22.744+0000] {logging_mixin.py:149} INFO - [2026-03-03T01:29:22.744+0000] {dagbag.py:541} INFO - Filling up the DagBag from /home/airflow/.local/lib/python3.7/site-packages/airflow/example_dags/example_nested_branch_dag.py
[2026-03-03T01:29:22.752+0000] {processor.py:809} INFO - DAG(s) dict_keys(['example_nested_branch_dag']) retrieved from /home/airflow/.local/lib/python3.7/site-packages/airflow/example_dags/example_nested_branch_dag.py
[2026-03-03T01:29:22.766+0000] {logging_mixin.py:149} INFO - [2026-03-03T01:29:22.766+0000] {dag.py:2726} INFO - Sync 1 DAGs
[2026-03-03T01:29:22.782+0000] {logging_mixin.py:149} INFO - [2026-03-03T01:29:22.782+0000] {dag.py:3490} INFO - Setting next_dagrun for example_nested_branch_dag to 2026-03-02T00:00:00+00:00, run_after=2026-03-03T00:00:00+00:00
[2026-03-03T01:29:22.795+0000] {processor.py:178} INFO - Processing /home/airflow/.local/lib/python3.7/site-packages/airflow/example_dags/example_nested_branch_dag.py took 0.055 seconds
[2026-03-03T01:29:53.362+0000] {processor.py:156} INFO - Started process (PID=2808) to work on /home/airflow/.local/lib/python3.7/site-packages/airflow/example_dags/example_nested_branch_dag.py
[2026-03-03T01:29:53.365+0000] {processor.py:799} INFO - Processing file /home/airflow/.local/lib/python3.7/site-packages/airflow/example_dags/example_nested_branch_dag.py for tasks to queue
[2026-03-03T01:29:53.371+0000] {logging_mixin.py:149} INFO - [2026-03-03T01:29:53.371+0000] {dagbag.py:541} INFO - Filling up the DagBag from /home/airflow/.local/lib/python3.7/site-packages/airflow/example_dags/example_nested_branch_dag.py
[2026-03-03T01:29:53.396+0000] {processor.py:809} INFO - DAG(s) dict_keys(['example_nested_branch_dag']) retrieved from /home/airflow/.local/lib/python3.7/site-packages/airflow/example_dags/example_nested_branch_dag.py
[2026-03-03T01:29:53.475+0000] {logging_mixin.py:149} INFO - [2026-03-03T01:29:53.474+0000] {dag.py:2726} INFO - Sync 1 DAGs
[2026-03-03T01:29:53.568+0000] {logging_mixin.py:149} INFO - [2026-03-03T01:29:53.568+0000] {dag.py:3490} INFO - Setting next_dagrun for example_nested_branch_dag to 2026-03-02T00:00:00+00:00, run_after=2026-03-03T00:00:00+00:00
[2026-03-03T01:29:53.641+0000] {processor.py:178} INFO - Processing /home/airflow/.local/lib/python3.7/site-packages/airflow/example_dags/example_nested_branch_dag.py took 0.287 seconds
[2026-03-03T01:30:24.078+0000] {processor.py:156} INFO - Started process (PID=2870) to work on /home/airflow/.local/lib/python3.7/site-packages/airflow/example_dags/example_nested_branch_dag.py
[2026-03-03T01:30:24.083+0000] {processor.py:799} INFO - Processing file /home/airflow/.local/lib/python3.7/site-packages/airflow/example_dags/example_nested_branch_dag.py for tasks to queue
[2026-03-03T01:30:24.088+0000] {logging_mixin.py:149} INFO - [2026-03-03T01:30:24.087+0000] {dagbag.py:541} INFO - Filling up the DagBag from /home/airflow/.local/lib/python3.7/site-packages/airflow/example_dags/example_nested_branch_dag.py
[2026-03-03T01:30:24.119+0000] {processor.py:809} INFO - DAG(s) dict_keys(['example_nested_branch_dag']) retrieved from /home/airflow/.local/lib/python3.7/site-packages/airflow/example_dags/example_nested_branch_dag.py
[2026-03-03T01:30:24.195+0000] {logging_mixin.py:149} INFO - [2026-03-03T01:30:24.194+0000] {dag.py:2726} INFO - Sync 1 DAGs
[2026-03-03T01:30:24.278+0000] {logging_mixin.py:149} INFO - [2026-03-03T01:30:24.278+0000] {dag.py:3490} INFO - Setting next_dagrun for example_nested_branch_dag to 2026-03-02T00:00:00+00:00, run_after=2026-03-03T00:00:00+00:00
[2026-03-03T01:30:24.341+0000] {processor.py:178} INFO - Processing /home/airflow/.local/lib/python3.7/site-packages/airflow/example_dags/example_nested_branch_dag.py took 0.271 seconds
[2026-03-03T01:30:54.702+0000] {processor.py:156} INFO - Started process (PID=2932) to work on /home/airflow/.local/lib/python3.7/site-packages/airflow/example_dags/example_nested_branch_dag.py
[2026-03-03T01:30:54.704+0000] {processor.py:799} INFO - Processing file /home/airflow/.local/lib/python3.7/site-packages/airflow/example_dags/example_nested_branch_dag.py for tasks to queue
[2026-03-03T01:30:54.707+0000] {logging_mixin.py:149} INFO - [2026-03-03T01:30:54.707+0000] {dagbag.py:541} INFO - Filling up the DagBag from /home/airflow/.local/lib/python3.7/site-packages/airflow/example_dags/example_nested_branch_dag.py
[2026-03-03T01:30:54.716+0000] {processor.py:809} INFO - DAG(s) dict_keys(['example_nested_branch_dag']) retrieved from /home/airflow/.local/lib/python3.7/site-packages/airflow/example_dags/example_nested_branch_dag.py
[2026-03-03T01:30:54.741+0000] {logging_mixin.py:149} INFO - [2026-03-03T01:30:54.741+0000] {dag.py:2726} INFO - Sync 1 DAGs
[2026-03-03T01:30:54.759+0000] {logging_mixin.py:149} INFO - [2026-03-03T01:30:54.759+0000] {dag.py:3490} INFO - Setting next_dagrun for example_nested_branch_dag to 2026-03-02T00:00:00+00:00, run_after=2026-03-03T00:00:00+00:00
[2026-03-03T01:30:54.775+0000] {processor.py:178} INFO - Processing /home/airflow/.local/lib/python3.7/site-packages/airflow/example_dags/example_nested_branch_dag.py took 0.077 seconds
[2026-03-03T01:31:25.661+0000] {processor.py:156} INFO - Started process (PID=2994) to work on /home/airflow/.local/lib/python3.7/site-packages/airflow/example_dags/example_nested_branch_dag.py
[2026-03-03T01:31:25.664+0000] {processor.py:799} INFO - Processing file /home/airflow/.local/lib/python3.7/site-packages/airflow/example_dags/example_nested_branch_dag.py for tasks to queue
[2026-03-03T01:31:25.665+0000] {logging_mixin.py:149} INFO - [2026-03-03T01:31:25.665+0000] {dagbag.py:541} INFO - Filling up the DagBag from /home/airflow/.local/lib/python3.7/site-packages/airflow/example_dags/example_nested_branch_dag.py
[2026-03-03T01:31:25.673+0000] {processor.py:809} INFO - DAG(s) dict_keys(['example_nested_branch_dag']) retrieved from /home/airflow/.local/lib/python3.7/site-packages/airflow/example_dags/example_nested_branch_dag.py
[2026-03-03T01:31:25.694+0000] {logging_mixin.py:149} INFO - [2026-03-03T01:31:25.694+0000] {dag.py:2726} INFO - Sync 1 DAGs
[2026-03-03T01:31:25.715+0000] {logging_mixin.py:149} INFO - [2026-03-03T01:31:25.715+0000] {dag.py:3490} INFO - Setting next_dagrun for example_nested_branch_dag to 2026-03-02T00:00:00+00:00, run_after=2026-03-03T00:00:00+00:00
[2026-03-03T01:31:25.737+0000] {processor.py:178} INFO - Processing /home/airflow/.local/lib/python3.7/site-packages/airflow/example_dags/example_nested_branch_dag.py took 0.079 seconds
