[2026-03-03T00:56:04.179+0000] {processor.py:156} INFO - Started process (PID=54) to work on /home/airflow/.local/lib/python3.7/site-packages/airflow/example_dags/example_skip_dag.py
[2026-03-03T00:56:04.180+0000] {processor.py:799} INFO - Processing file /home/airflow/.local/lib/python3.7/site-packages/airflow/example_dags/example_skip_dag.py for tasks to queue
[2026-03-03T00:56:04.182+0000] {logging_mixin.py:149} INFO - [2026-03-03T00:56:04.182+0000] {dagbag.py:541} INFO - Filling up the DagBag from /home/airflow/.local/lib/python3.7/site-packages/airflow/example_dags/example_skip_dag.py
[2026-03-03T00:56:04.195+0000] {processor.py:809} INFO - DAG(s) dict_keys(['example_skip_dag']) retrieved from /home/airflow/.local/lib/python3.7/site-packages/airflow/example_dags/example_skip_dag.py
[2026-03-03T00:56:04.213+0000] {logging_mixin.py:149} INFO - [2026-03-03T00:56:04.213+0000] {dag.py:2726} INFO - Sync 1 DAGs
[2026-03-03T00:56:04.233+0000] {logging_mixin.py:149} INFO - [2026-03-03T00:56:04.233+0000] {dag.py:3490} INFO - Setting next_dagrun for example_skip_dag to 2026-03-02T00:56:04.232919+00:00, run_after=2026-03-03T00:56:04.232919+00:00
[2026-03-03T00:56:04.256+0000] {processor.py:178} INFO - Processing /home/airflow/.local/lib/python3.7/site-packages/airflow/example_dags/example_skip_dag.py took 0.079 seconds
[2026-03-03T00:56:35.677+0000] {processor.py:156} INFO - Started process (PID=116) to work on /home/airflow/.local/lib/python3.7/site-packages/airflow/example_dags/example_skip_dag.py
[2026-03-03T00:56:35.679+0000] {processor.py:799} INFO - Processing file /home/airflow/.local/lib/python3.7/site-packages/airflow/example_dags/example_skip_dag.py for tasks to queue
[2026-03-03T00:56:35.680+0000] {logging_mixin.py:149} INFO - [2026-03-03T00:56:35.680+0000] {dagbag.py:541} INFO - Filling up the DagBag from /home/airflow/.local/lib/python3.7/site-packages/airflow/example_dags/example_skip_dag.py
[2026-03-03T00:56:35.698+0000] {processor.py:809} INFO - DAG(s) dict_keys(['example_skip_dag']) retrieved from /home/airflow/.local/lib/python3.7/site-packages/airflow/example_dags/example_skip_dag.py
[2026-03-03T00:56:35.763+0000] {logging_mixin.py:149} INFO - [2026-03-03T00:56:35.763+0000] {dag.py:2726} INFO - Sync 1 DAGs
[2026-03-03T00:56:35.840+0000] {logging_mixin.py:149} INFO - [2026-03-03T00:56:35.839+0000] {dag.py:3490} INFO - Setting next_dagrun for example_skip_dag to 2026-03-02T00:56:35.839041+00:00, run_after=2026-03-03T00:56:35.839041+00:00
[2026-03-03T00:56:35.909+0000] {processor.py:178} INFO - Processing /home/airflow/.local/lib/python3.7/site-packages/airflow/example_dags/example_skip_dag.py took 0.239 seconds
[2026-03-03T00:57:06.628+0000] {processor.py:156} INFO - Started process (PID=178) to work on /home/airflow/.local/lib/python3.7/site-packages/airflow/example_dags/example_skip_dag.py
[2026-03-03T00:57:06.630+0000] {processor.py:799} INFO - Processing file /home/airflow/.local/lib/python3.7/site-packages/airflow/example_dags/example_skip_dag.py for tasks to queue
[2026-03-03T00:57:06.630+0000] {logging_mixin.py:149} INFO - [2026-03-03T00:57:06.630+0000] {dagbag.py:541} INFO - Filling up the DagBag from /home/airflow/.local/lib/python3.7/site-packages/airflow/example_dags/example_skip_dag.py
[2026-03-03T00:57:06.640+0000] {processor.py:809} INFO - DAG(s) dict_keys(['example_skip_dag']) retrieved from /home/airflow/.local/lib/python3.7/site-packages/airflow/example_dags/example_skip_dag.py
[2026-03-03T00:57:06.656+0000] {logging_mixin.py:149} INFO - [2026-03-03T00:57:06.656+0000] {dag.py:2726} INFO - Sync 1 DAGs
[2026-03-03T00:57:06.670+0000] {logging_mixin.py:149} INFO - [2026-03-03T00:57:06.670+0000] {dag.py:3490} INFO - Setting next_dagrun for example_skip_dag to 2026-03-02T00:57:06.669962+00:00, run_after=2026-03-03T00:57:06.669962+00:00
[2026-03-03T00:57:06.683+0000] {processor.py:178} INFO - Processing /home/airflow/.local/lib/python3.7/site-packages/airflow/example_dags/example_skip_dag.py took 0.056 seconds
[2026-03-03T00:57:37.523+0000] {processor.py:156} INFO - Started process (PID=240) to work on /home/airflow/.local/lib/python3.7/site-packages/airflow/example_dags/example_skip_dag.py
[2026-03-03T00:57:37.527+0000] {processor.py:799} INFO - Processing file /home/airflow/.local/lib/python3.7/site-packages/airflow/example_dags/example_skip_dag.py for tasks to queue
[2026-03-03T00:57:37.527+0000] {logging_mixin.py:149} INFO - [2026-03-03T00:57:37.527+0000] {dagbag.py:541} INFO - Filling up the DagBag from /home/airflow/.local/lib/python3.7/site-packages/airflow/example_dags/example_skip_dag.py
[2026-03-03T00:57:37.531+0000] {processor.py:809} INFO - DAG(s) dict_keys(['example_skip_dag']) retrieved from /home/airflow/.local/lib/python3.7/site-packages/airflow/example_dags/example_skip_dag.py
[2026-03-03T00:57:37.548+0000] {logging_mixin.py:149} INFO - [2026-03-03T00:57:37.548+0000] {dag.py:2726} INFO - Sync 1 DAGs
[2026-03-03T00:57:37.561+0000] {logging_mixin.py:149} INFO - [2026-03-03T00:57:37.561+0000] {dag.py:3490} INFO - Setting next_dagrun for example_skip_dag to 2026-03-02T00:57:37.561129+00:00, run_after=2026-03-03T00:57:37.561129+00:00
[2026-03-03T00:57:37.575+0000] {processor.py:178} INFO - Processing /home/airflow/.local/lib/python3.7/site-packages/airflow/example_dags/example_skip_dag.py took 0.053 seconds
[2026-03-03T00:58:08.008+0000] {processor.py:156} INFO - Started process (PID=302) to work on /home/airflow/.local/lib/python3.7/site-packages/airflow/example_dags/example_skip_dag.py
[2026-03-03T00:58:08.011+0000] {processor.py:799} INFO - Processing file /home/airflow/.local/lib/python3.7/site-packages/airflow/example_dags/example_skip_dag.py for tasks to queue
[2026-03-03T00:58:08.013+0000] {logging_mixin.py:149} INFO - [2026-03-03T00:58:08.013+0000] {dagbag.py:541} INFO - Filling up the DagBag from /home/airflow/.local/lib/python3.7/site-packages/airflow/example_dags/example_skip_dag.py
[2026-03-03T00:58:08.029+0000] {processor.py:809} INFO - DAG(s) dict_keys(['example_skip_dag']) retrieved from /home/airflow/.local/lib/python3.7/site-packages/airflow/example_dags/example_skip_dag.py
[2026-03-03T00:58:08.123+0000] {logging_mixin.py:149} INFO - [2026-03-03T00:58:08.123+0000] {dag.py:2726} INFO - Sync 1 DAGs
[2026-03-03T00:58:08.208+0000] {logging_mixin.py:149} INFO - [2026-03-03T00:58:08.207+0000] {dag.py:3490} INFO - Setting next_dagrun for example_skip_dag to 2026-03-02T00:58:08.207062+00:00, run_after=2026-03-03T00:58:08.207062+00:00
[2026-03-03T00:58:08.292+0000] {processor.py:178} INFO - Processing /home/airflow/.local/lib/python3.7/site-packages/airflow/example_dags/example_skip_dag.py took 0.290 seconds
[2026-03-03T00:58:38.764+0000] {processor.py:156} INFO - Started process (PID=364) to work on /home/airflow/.local/lib/python3.7/site-packages/airflow/example_dags/example_skip_dag.py
[2026-03-03T00:58:38.765+0000] {processor.py:799} INFO - Processing file /home/airflow/.local/lib/python3.7/site-packages/airflow/example_dags/example_skip_dag.py for tasks to queue
[2026-03-03T00:58:38.768+0000] {logging_mixin.py:149} INFO - [2026-03-03T00:58:38.768+0000] {dagbag.py:541} INFO - Filling up the DagBag from /home/airflow/.local/lib/python3.7/site-packages/airflow/example_dags/example_skip_dag.py
[2026-03-03T00:58:38.774+0000] {processor.py:809} INFO - DAG(s) dict_keys(['example_skip_dag']) retrieved from /home/airflow/.local/lib/python3.7/site-packages/airflow/example_dags/example_skip_dag.py
[2026-03-03T00:58:38.790+0000] {logging_mixin.py:149} INFO - [2026-03-03T00:58:38.790+0000] {dag.py:2726} INFO - Sync 1 DAGs
[2026-03-03T00:58:38.802+0000] {logging_mixin.py:149} INFO - [2026-03-03T00:58:38.802+0000] {dag.py:3490} INFO - Setting next_dagrun for example_skip_dag to 2026-03-02T00:58:38.802374+00:00, run_after=2026-03-03T00:58:38.802374+00:00
[2026-03-03T00:58:38.817+0000] {processor.py:178} INFO - Processing /home/airflow/.local/lib/python3.7/site-packages/airflow/example_dags/example_skip_dag.py took 0.054 seconds
[2026-03-03T00:59:09.838+0000] {processor.py:156} INFO - Started process (PID=426) to work on /home/airflow/.local/lib/python3.7/site-packages/airflow/example_dags/example_skip_dag.py
[2026-03-03T00:59:09.839+0000] {processor.py:799} INFO - Processing file /home/airflow/.local/lib/python3.7/site-packages/airflow/example_dags/example_skip_dag.py for tasks to queue
[2026-03-03T00:59:09.839+0000] {logging_mixin.py:149} INFO - [2026-03-03T00:59:09.839+0000] {dagbag.py:541} INFO - Filling up the DagBag from /home/airflow/.local/lib/python3.7/site-packages/airflow/example_dags/example_skip_dag.py
[2026-03-03T00:59:09.844+0000] {processor.py:809} INFO - DAG(s) dict_keys(['example_skip_dag']) retrieved from /home/airflow/.local/lib/python3.7/site-packages/airflow/example_dags/example_skip_dag.py
[2026-03-03T00:59:09.859+0000] {logging_mixin.py:149} INFO - [2026-03-03T00:59:09.859+0000] {dag.py:2726} INFO - Sync 1 DAGs
[2026-03-03T00:59:09.877+0000] {logging_mixin.py:149} INFO - [2026-03-03T00:59:09.877+0000] {dag.py:3490} INFO - Setting next_dagrun for example_skip_dag to 2026-03-02T00:59:09.876939+00:00, run_after=2026-03-03T00:59:09.876939+00:00
[2026-03-03T00:59:09.889+0000] {processor.py:178} INFO - Processing /home/airflow/.local/lib/python3.7/site-packages/airflow/example_dags/example_skip_dag.py took 0.053 seconds
[2026-03-03T00:59:40.535+0000] {processor.py:156} INFO - Started process (PID=488) to work on /home/airflow/.local/lib/python3.7/site-packages/airflow/example_dags/example_skip_dag.py
[2026-03-03T00:59:40.536+0000] {processor.py:799} INFO - Processing file /home/airflow/.local/lib/python3.7/site-packages/airflow/example_dags/example_skip_dag.py for tasks to queue
[2026-03-03T00:59:40.536+0000] {logging_mixin.py:149} INFO - [2026-03-03T00:59:40.536+0000] {dagbag.py:541} INFO - Filling up the DagBag from /home/airflow/.local/lib/python3.7/site-packages/airflow/example_dags/example_skip_dag.py
[2026-03-03T00:59:40.540+0000] {processor.py:809} INFO - DAG(s) dict_keys(['example_skip_dag']) retrieved from /home/airflow/.local/lib/python3.7/site-packages/airflow/example_dags/example_skip_dag.py
[2026-03-03T00:59:40.553+0000] {logging_mixin.py:149} INFO - [2026-03-03T00:59:40.552+0000] {dag.py:2726} INFO - Sync 1 DAGs
[2026-03-03T00:59:40.567+0000] {logging_mixin.py:149} INFO - [2026-03-03T00:59:40.567+0000] {dag.py:3490} INFO - Setting next_dagrun for example_skip_dag to 2026-03-02T00:59:40.566937+00:00, run_after=2026-03-03T00:59:40.566937+00:00
[2026-03-03T00:59:40.580+0000] {processor.py:178} INFO - Processing /home/airflow/.local/lib/python3.7/site-packages/airflow/example_dags/example_skip_dag.py took 0.046 seconds
[2026-03-03T01:00:11.561+0000] {processor.py:156} INFO - Started process (PID=550) to work on /home/airflow/.local/lib/python3.7/site-packages/airflow/example_dags/example_skip_dag.py
[2026-03-03T01:00:11.565+0000] {processor.py:799} INFO - Processing file /home/airflow/.local/lib/python3.7/site-packages/airflow/example_dags/example_skip_dag.py for tasks to queue
[2026-03-03T01:00:11.567+0000] {logging_mixin.py:149} INFO - [2026-03-03T01:00:11.567+0000] {dagbag.py:541} INFO - Filling up the DagBag from /home/airflow/.local/lib/python3.7/site-packages/airflow/example_dags/example_skip_dag.py
[2026-03-03T01:00:11.585+0000] {processor.py:809} INFO - DAG(s) dict_keys(['example_skip_dag']) retrieved from /home/airflow/.local/lib/python3.7/site-packages/airflow/example_dags/example_skip_dag.py
[2026-03-03T01:00:11.650+0000] {logging_mixin.py:149} INFO - [2026-03-03T01:00:11.649+0000] {dag.py:2726} INFO - Sync 1 DAGs
[2026-03-03T01:00:11.716+0000] {logging_mixin.py:149} INFO - [2026-03-03T01:00:11.715+0000] {dag.py:3490} INFO - Setting next_dagrun for example_skip_dag to 2026-03-02T01:00:11.715164+00:00, run_after=2026-03-03T01:00:11.715164+00:00
[2026-03-03T01:00:11.784+0000] {processor.py:178} INFO - Processing /home/airflow/.local/lib/python3.7/site-packages/airflow/example_dags/example_skip_dag.py took 0.229 seconds
[2026-03-03T01:00:42.773+0000] {processor.py:156} INFO - Started process (PID=612) to work on /home/airflow/.local/lib/python3.7/site-packages/airflow/example_dags/example_skip_dag.py
[2026-03-03T01:00:42.775+0000] {processor.py:799} INFO - Processing file /home/airflow/.local/lib/python3.7/site-packages/airflow/example_dags/example_skip_dag.py for tasks to queue
[2026-03-03T01:00:42.778+0000] {logging_mixin.py:149} INFO - [2026-03-03T01:00:42.777+0000] {dagbag.py:541} INFO - Filling up the DagBag from /home/airflow/.local/lib/python3.7/site-packages/airflow/example_dags/example_skip_dag.py
[2026-03-03T01:00:42.797+0000] {processor.py:809} INFO - DAG(s) dict_keys(['example_skip_dag']) retrieved from /home/airflow/.local/lib/python3.7/site-packages/airflow/example_dags/example_skip_dag.py
[2026-03-03T01:00:42.898+0000] {logging_mixin.py:149} INFO - [2026-03-03T01:00:42.897+0000] {dag.py:2726} INFO - Sync 1 DAGs
[2026-03-03T01:00:42.971+0000] {logging_mixin.py:149} INFO - [2026-03-03T01:00:42.971+0000] {dag.py:3490} INFO - Setting next_dagrun for example_skip_dag to 2026-03-02T01:00:42.970594+00:00, run_after=2026-03-03T01:00:42.970594+00:00
[2026-03-03T01:00:43.040+0000] {processor.py:178} INFO - Processing /home/airflow/.local/lib/python3.7/site-packages/airflow/example_dags/example_skip_dag.py took 0.277 seconds
[2026-03-03T01:01:13.513+0000] {processor.py:156} INFO - Started process (PID=674) to work on /home/airflow/.local/lib/python3.7/site-packages/airflow/example_dags/example_skip_dag.py
[2026-03-03T01:01:13.514+0000] {processor.py:799} INFO - Processing file /home/airflow/.local/lib/python3.7/site-packages/airflow/example_dags/example_skip_dag.py for tasks to queue
[2026-03-03T01:01:13.514+0000] {logging_mixin.py:149} INFO - [2026-03-03T01:01:13.514+0000] {dagbag.py:541} INFO - Filling up the DagBag from /home/airflow/.local/lib/python3.7/site-packages/airflow/example_dags/example_skip_dag.py
[2026-03-03T01:01:13.519+0000] {processor.py:809} INFO - DAG(s) dict_keys(['example_skip_dag']) retrieved from /home/airflow/.local/lib/python3.7/site-packages/airflow/example_dags/example_skip_dag.py
[2026-03-03T01:01:13.536+0000] {logging_mixin.py:149} INFO - [2026-03-03T01:01:13.536+0000] {dag.py:2726} INFO - Sync 1 DAGs
[2026-03-03T01:01:13.550+0000] {logging_mixin.py:149} INFO - [2026-03-03T01:01:13.550+0000] {dag.py:3490} INFO - Setting next_dagrun for example_skip_dag to 2026-03-02T01:01:13.550577+00:00, run_after=2026-03-03T01:01:13.550577+00:00
[2026-03-03T01:01:13.560+0000] {processor.py:178} INFO - Processing /home/airflow/.local/lib/python3.7/site-packages/airflow/example_dags/example_skip_dag.py took 0.048 seconds
[2026-03-03T01:01:44.239+0000] {processor.py:156} INFO - Started process (PID=736) to work on /home/airflow/.local/lib/python3.7/site-packages/airflow/example_dags/example_skip_dag.py
[2026-03-03T01:01:44.240+0000] {processor.py:799} INFO - Processing file /home/airflow/.local/lib/python3.7/site-packages/airflow/example_dags/example_skip_dag.py for tasks to queue
[2026-03-03T01:01:44.241+0000] {logging_mixin.py:149} INFO - [2026-03-03T01:01:44.241+0000] {dagbag.py:541} INFO - Filling up the DagBag from /home/airflow/.local/lib/python3.7/site-packages/airflow/example_dags/example_skip_dag.py
[2026-03-03T01:01:44.247+0000] {processor.py:809} INFO - DAG(s) dict_keys(['example_skip_dag']) retrieved from /home/airflow/.local/lib/python3.7/site-packages/airflow/example_dags/example_skip_dag.py
[2026-03-03T01:01:44.266+0000] {logging_mixin.py:149} INFO - [2026-03-03T01:01:44.266+0000] {dag.py:2726} INFO - Sync 1 DAGs
[2026-03-03T01:01:44.282+0000] {logging_mixin.py:149} INFO - [2026-03-03T01:01:44.282+0000] {dag.py:3490} INFO - Setting next_dagrun for example_skip_dag to 2026-03-02T01:01:44.282291+00:00, run_after=2026-03-03T01:01:44.282291+00:00
[2026-03-03T01:01:44.294+0000] {processor.py:178} INFO - Processing /home/airflow/.local/lib/python3.7/site-packages/airflow/example_dags/example_skip_dag.py took 0.057 seconds
[2026-03-03T01:02:15.118+0000] {processor.py:156} INFO - Started process (PID=798) to work on /home/airflow/.local/lib/python3.7/site-packages/airflow/example_dags/example_skip_dag.py
[2026-03-03T01:02:15.119+0000] {processor.py:799} INFO - Processing file /home/airflow/.local/lib/python3.7/site-packages/airflow/example_dags/example_skip_dag.py for tasks to queue
[2026-03-03T01:02:15.119+0000] {logging_mixin.py:149} INFO - [2026-03-03T01:02:15.119+0000] {dagbag.py:541} INFO - Filling up the DagBag from /home/airflow/.local/lib/python3.7/site-packages/airflow/example_dags/example_skip_dag.py
[2026-03-03T01:02:15.123+0000] {processor.py:809} INFO - DAG(s) dict_keys(['example_skip_dag']) retrieved from /home/airflow/.local/lib/python3.7/site-packages/airflow/example_dags/example_skip_dag.py
[2026-03-03T01:02:15.137+0000] {logging_mixin.py:149} INFO - [2026-03-03T01:02:15.137+0000] {dag.py:2726} INFO - Sync 1 DAGs
[2026-03-03T01:02:15.149+0000] {logging_mixin.py:149} INFO - [2026-03-03T01:02:15.149+0000] {dag.py:3490} INFO - Setting next_dagrun for example_skip_dag to 2026-03-02T01:02:15.148920+00:00, run_after=2026-03-03T01:02:15.148920+00:00
[2026-03-03T01:02:15.164+0000] {processor.py:178} INFO - Processing /home/airflow/.local/lib/python3.7/site-packages/airflow/example_dags/example_skip_dag.py took 0.048 seconds
[2026-03-03T01:02:45.852+0000] {processor.py:156} INFO - Started process (PID=860) to work on /home/airflow/.local/lib/python3.7/site-packages/airflow/example_dags/example_skip_dag.py
[2026-03-03T01:02:45.853+0000] {processor.py:799} INFO - Processing file /home/airflow/.local/lib/python3.7/site-packages/airflow/example_dags/example_skip_dag.py for tasks to queue
[2026-03-03T01:02:45.853+0000] {logging_mixin.py:149} INFO - [2026-03-03T01:02:45.853+0000] {dagbag.py:541} INFO - Filling up the DagBag from /home/airflow/.local/lib/python3.7/site-packages/airflow/example_dags/example_skip_dag.py
[2026-03-03T01:02:45.858+0000] {processor.py:809} INFO - DAG(s) dict_keys(['example_skip_dag']) retrieved from /home/airflow/.local/lib/python3.7/site-packages/airflow/example_dags/example_skip_dag.py
[2026-03-03T01:02:45.876+0000] {logging_mixin.py:149} INFO - [2026-03-03T01:02:45.876+0000] {dag.py:2726} INFO - Sync 1 DAGs
[2026-03-03T01:02:45.891+0000] {logging_mixin.py:149} INFO - [2026-03-03T01:02:45.891+0000] {dag.py:3490} INFO - Setting next_dagrun for example_skip_dag to 2026-03-02T01:02:45.890780+00:00, run_after=2026-03-03T01:02:45.890780+00:00
[2026-03-03T01:02:45.902+0000] {processor.py:178} INFO - Processing /home/airflow/.local/lib/python3.7/site-packages/airflow/example_dags/example_skip_dag.py took 0.052 seconds
[2026-03-03T01:03:16.610+0000] {processor.py:156} INFO - Started process (PID=922) to work on /home/airflow/.local/lib/python3.7/site-packages/airflow/example_dags/example_skip_dag.py
[2026-03-03T01:03:16.610+0000] {processor.py:799} INFO - Processing file /home/airflow/.local/lib/python3.7/site-packages/airflow/example_dags/example_skip_dag.py for tasks to queue
[2026-03-03T01:03:16.611+0000] {logging_mixin.py:149} INFO - [2026-03-03T01:03:16.611+0000] {dagbag.py:541} INFO - Filling up the DagBag from /home/airflow/.local/lib/python3.7/site-packages/airflow/example_dags/example_skip_dag.py
[2026-03-03T01:03:16.616+0000] {processor.py:809} INFO - DAG(s) dict_keys(['example_skip_dag']) retrieved from /home/airflow/.local/lib/python3.7/site-packages/airflow/example_dags/example_skip_dag.py
[2026-03-03T01:03:16.632+0000] {logging_mixin.py:149} INFO - [2026-03-03T01:03:16.632+0000] {dag.py:2726} INFO - Sync 1 DAGs
[2026-03-03T01:03:16.646+0000] {logging_mixin.py:149} INFO - [2026-03-03T01:03:16.645+0000] {dag.py:3490} INFO - Setting next_dagrun for example_skip_dag to 2026-03-02T01:03:16.645753+00:00, run_after=2026-03-03T01:03:16.645753+00:00
[2026-03-03T01:03:16.654+0000] {processor.py:178} INFO - Processing /home/airflow/.local/lib/python3.7/site-packages/airflow/example_dags/example_skip_dag.py took 0.047 seconds
[2026-03-03T01:03:47.360+0000] {processor.py:156} INFO - Started process (PID=984) to work on /home/airflow/.local/lib/python3.7/site-packages/airflow/example_dags/example_skip_dag.py
[2026-03-03T01:03:47.362+0000] {processor.py:799} INFO - Processing file /home/airflow/.local/lib/python3.7/site-packages/airflow/example_dags/example_skip_dag.py for tasks to queue
[2026-03-03T01:03:47.362+0000] {logging_mixin.py:149} INFO - [2026-03-03T01:03:47.362+0000] {dagbag.py:541} INFO - Filling up the DagBag from /home/airflow/.local/lib/python3.7/site-packages/airflow/example_dags/example_skip_dag.py
[2026-03-03T01:03:47.367+0000] {processor.py:809} INFO - DAG(s) dict_keys(['example_skip_dag']) retrieved from /home/airflow/.local/lib/python3.7/site-packages/airflow/example_dags/example_skip_dag.py
[2026-03-03T01:03:47.383+0000] {logging_mixin.py:149} INFO - [2026-03-03T01:03:47.383+0000] {dag.py:2726} INFO - Sync 1 DAGs
[2026-03-03T01:03:47.399+0000] {logging_mixin.py:149} INFO - [2026-03-03T01:03:47.399+0000] {dag.py:3490} INFO - Setting next_dagrun for example_skip_dag to 2026-03-02T01:03:47.399485+00:00, run_after=2026-03-03T01:03:47.399485+00:00
[2026-03-03T01:03:47.414+0000] {processor.py:178} INFO - Processing /home/airflow/.local/lib/python3.7/site-packages/airflow/example_dags/example_skip_dag.py took 0.056 seconds
[2026-03-03T01:04:18.135+0000] {processor.py:156} INFO - Started process (PID=1046) to work on /home/airflow/.local/lib/python3.7/site-packages/airflow/example_dags/example_skip_dag.py
[2026-03-03T01:04:18.135+0000] {processor.py:799} INFO - Processing file /home/airflow/.local/lib/python3.7/site-packages/airflow/example_dags/example_skip_dag.py for tasks to queue
[2026-03-03T01:04:18.136+0000] {logging_mixin.py:149} INFO - [2026-03-03T01:04:18.136+0000] {dagbag.py:541} INFO - Filling up the DagBag from /home/airflow/.local/lib/python3.7/site-packages/airflow/example_dags/example_skip_dag.py
[2026-03-03T01:04:18.139+0000] {processor.py:809} INFO - DAG(s) dict_keys(['example_skip_dag']) retrieved from /home/airflow/.local/lib/python3.7/site-packages/airflow/example_dags/example_skip_dag.py
[2026-03-03T01:04:18.151+0000] {logging_mixin.py:149} INFO - [2026-03-03T01:04:18.151+0000] {dag.py:2726} INFO - Sync 1 DAGs
[2026-03-03T01:04:18.166+0000] {logging_mixin.py:149} INFO - [2026-03-03T01:04:18.166+0000] {dag.py:3490} INFO - Setting next_dagrun for example_skip_dag to 2026-03-02T01:04:18.166476+00:00, run_after=2026-03-03T01:04:18.166476+00:00
[2026-03-03T01:04:18.176+0000] {processor.py:178} INFO - Processing /home/airflow/.local/lib/python3.7/site-packages/airflow/example_dags/example_skip_dag.py took 0.042 seconds
[2026-03-03T01:04:48.705+0000] {processor.py:156} INFO - Started process (PID=1108) to work on /home/airflow/.local/lib/python3.7/site-packages/airflow/example_dags/example_skip_dag.py
[2026-03-03T01:04:48.706+0000] {processor.py:799} INFO - Processing file /home/airflow/.local/lib/python3.7/site-packages/airflow/example_dags/example_skip_dag.py for tasks to queue
[2026-03-03T01:04:48.706+0000] {logging_mixin.py:149} INFO - [2026-03-03T01:04:48.706+0000] {dagbag.py:541} INFO - Filling up the DagBag from /home/airflow/.local/lib/python3.7/site-packages/airflow/example_dags/example_skip_dag.py
[2026-03-03T01:04:48.711+0000] {processor.py:809} INFO - DAG(s) dict_keys(['example_skip_dag']) retrieved from /home/airflow/.local/lib/python3.7/site-packages/airflow/example_dags/example_skip_dag.py
[2026-03-03T01:04:48.726+0000] {logging_mixin.py:149} INFO - [2026-03-03T01:04:48.726+0000] {dag.py:2726} INFO - Sync 1 DAGs
[2026-03-03T01:04:48.739+0000] {logging_mixin.py:149} INFO - [2026-03-03T01:04:48.739+0000] {dag.py:3490} INFO - Setting next_dagrun for example_skip_dag to 2026-03-02T01:04:48.739608+00:00, run_after=2026-03-03T01:04:48.739608+00:00
[2026-03-03T01:04:48.749+0000] {processor.py:178} INFO - Processing /home/airflow/.local/lib/python3.7/site-packages/airflow/example_dags/example_skip_dag.py took 0.046 seconds
[2026-03-03T01:05:19.493+0000] {processor.py:156} INFO - Started process (PID=1170) to work on /home/airflow/.local/lib/python3.7/site-packages/airflow/example_dags/example_skip_dag.py
[2026-03-03T01:05:19.494+0000] {processor.py:799} INFO - Processing file /home/airflow/.local/lib/python3.7/site-packages/airflow/example_dags/example_skip_dag.py for tasks to queue
[2026-03-03T01:05:19.494+0000] {logging_mixin.py:149} INFO - [2026-03-03T01:05:19.494+0000] {dagbag.py:541} INFO - Filling up the DagBag from /home/airflow/.local/lib/python3.7/site-packages/airflow/example_dags/example_skip_dag.py
[2026-03-03T01:05:19.501+0000] {processor.py:809} INFO - DAG(s) dict_keys(['example_skip_dag']) retrieved from /home/airflow/.local/lib/python3.7/site-packages/airflow/example_dags/example_skip_dag.py
[2026-03-03T01:05:19.517+0000] {logging_mixin.py:149} INFO - [2026-03-03T01:05:19.517+0000] {dag.py:2726} INFO - Sync 1 DAGs
[2026-03-03T01:05:19.533+0000] {logging_mixin.py:149} INFO - [2026-03-03T01:05:19.533+0000] {dag.py:3490} INFO - Setting next_dagrun for example_skip_dag to 2026-03-02T01:05:19.532974+00:00, run_after=2026-03-03T01:05:19.532974+00:00
[2026-03-03T01:05:19.542+0000] {processor.py:178} INFO - Processing /home/airflow/.local/lib/python3.7/site-packages/airflow/example_dags/example_skip_dag.py took 0.051 seconds
[2026-03-03T01:05:50.236+0000] {processor.py:156} INFO - Started process (PID=1232) to work on /home/airflow/.local/lib/python3.7/site-packages/airflow/example_dags/example_skip_dag.py
[2026-03-03T01:05:50.236+0000] {processor.py:799} INFO - Processing file /home/airflow/.local/lib/python3.7/site-packages/airflow/example_dags/example_skip_dag.py for tasks to queue
[2026-03-03T01:05:50.237+0000] {logging_mixin.py:149} INFO - [2026-03-03T01:05:50.237+0000] {dagbag.py:541} INFO - Filling up the DagBag from /home/airflow/.local/lib/python3.7/site-packages/airflow/example_dags/example_skip_dag.py
[2026-03-03T01:05:50.240+0000] {processor.py:809} INFO - DAG(s) dict_keys(['example_skip_dag']) retrieved from /home/airflow/.local/lib/python3.7/site-packages/airflow/example_dags/example_skip_dag.py
[2026-03-03T01:05:50.252+0000] {logging_mixin.py:149} INFO - [2026-03-03T01:05:50.252+0000] {dag.py:2726} INFO - Sync 1 DAGs
[2026-03-03T01:05:50.264+0000] {logging_mixin.py:149} INFO - [2026-03-03T01:05:50.263+0000] {dag.py:3490} INFO - Setting next_dagrun for example_skip_dag to 2026-03-02T01:05:50.263871+00:00, run_after=2026-03-03T01:05:50.263871+00:00
[2026-03-03T01:05:50.272+0000] {processor.py:178} INFO - Processing /home/airflow/.local/lib/python3.7/site-packages/airflow/example_dags/example_skip_dag.py took 0.037 seconds
[2026-03-03T01:06:20.723+0000] {processor.py:156} INFO - Started process (PID=1294) to work on /home/airflow/.local/lib/python3.7/site-packages/airflow/example_dags/example_skip_dag.py
[2026-03-03T01:06:20.723+0000] {processor.py:799} INFO - Processing file /home/airflow/.local/lib/python3.7/site-packages/airflow/example_dags/example_skip_dag.py for tasks to queue
[2026-03-03T01:06:20.724+0000] {logging_mixin.py:149} INFO - [2026-03-03T01:06:20.724+0000] {dagbag.py:541} INFO - Filling up the DagBag from /home/airflow/.local/lib/python3.7/site-packages/airflow/example_dags/example_skip_dag.py
[2026-03-03T01:06:20.727+0000] {processor.py:809} INFO - DAG(s) dict_keys(['example_skip_dag']) retrieved from /home/airflow/.local/lib/python3.7/site-packages/airflow/example_dags/example_skip_dag.py
[2026-03-03T01:06:20.743+0000] {logging_mixin.py:149} INFO - [2026-03-03T01:06:20.742+0000] {dag.py:2726} INFO - Sync 1 DAGs
[2026-03-03T01:06:20.754+0000] {logging_mixin.py:149} INFO - [2026-03-03T01:06:20.754+0000] {dag.py:3490} INFO - Setting next_dagrun for example_skip_dag to 2026-03-02T01:06:20.754256+00:00, run_after=2026-03-03T01:06:20.754256+00:00
[2026-03-03T01:06:20.762+0000] {processor.py:178} INFO - Processing /home/airflow/.local/lib/python3.7/site-packages/airflow/example_dags/example_skip_dag.py took 0.041 seconds
[2026-03-03T01:07:09.321+0000] {processor.py:156} INFO - Started process (PID=46) to work on /home/airflow/.local/lib/python3.7/site-packages/airflow/example_dags/example_skip_dag.py
[2026-03-03T01:07:09.322+0000] {processor.py:799} INFO - Processing file /home/airflow/.local/lib/python3.7/site-packages/airflow/example_dags/example_skip_dag.py for tasks to queue
[2026-03-03T01:07:09.323+0000] {logging_mixin.py:149} INFO - [2026-03-03T01:07:09.323+0000] {dagbag.py:541} INFO - Filling up the DagBag from /home/airflow/.local/lib/python3.7/site-packages/airflow/example_dags/example_skip_dag.py
[2026-03-03T01:07:09.329+0000] {processor.py:809} INFO - DAG(s) dict_keys(['example_skip_dag']) retrieved from /home/airflow/.local/lib/python3.7/site-packages/airflow/example_dags/example_skip_dag.py
[2026-03-03T01:07:09.339+0000] {logging_mixin.py:149} INFO - [2026-03-03T01:07:09.339+0000] {dag.py:2726} INFO - Sync 1 DAGs
[2026-03-03T01:07:09.354+0000] {logging_mixin.py:149} INFO - [2026-03-03T01:07:09.354+0000] {dag.py:3490} INFO - Setting next_dagrun for example_skip_dag to 2026-03-02T01:07:09.354463+00:00, run_after=2026-03-03T01:07:09.354463+00:00
[2026-03-03T01:07:09.368+0000] {processor.py:178} INFO - Processing /home/airflow/.local/lib/python3.7/site-packages/airflow/example_dags/example_skip_dag.py took 0.049 seconds
[2026-03-03T01:07:39.476+0000] {processor.py:156} INFO - Started process (PID=108) to work on /home/airflow/.local/lib/python3.7/site-packages/airflow/example_dags/example_skip_dag.py
[2026-03-03T01:07:39.477+0000] {processor.py:799} INFO - Processing file /home/airflow/.local/lib/python3.7/site-packages/airflow/example_dags/example_skip_dag.py for tasks to queue
[2026-03-03T01:07:39.477+0000] {logging_mixin.py:149} INFO - [2026-03-03T01:07:39.477+0000] {dagbag.py:541} INFO - Filling up the DagBag from /home/airflow/.local/lib/python3.7/site-packages/airflow/example_dags/example_skip_dag.py
[2026-03-03T01:07:39.484+0000] {processor.py:809} INFO - DAG(s) dict_keys(['example_skip_dag']) retrieved from /home/airflow/.local/lib/python3.7/site-packages/airflow/example_dags/example_skip_dag.py
[2026-03-03T01:07:39.504+0000] {logging_mixin.py:149} INFO - [2026-03-03T01:07:39.503+0000] {dag.py:2726} INFO - Sync 1 DAGs
[2026-03-03T01:07:39.517+0000] {logging_mixin.py:149} INFO - [2026-03-03T01:07:39.517+0000] {dag.py:3490} INFO - Setting next_dagrun for example_skip_dag to 2026-03-02T01:07:39.517677+00:00, run_after=2026-03-03T01:07:39.517677+00:00
[2026-03-03T01:07:39.528+0000] {processor.py:178} INFO - Processing /home/airflow/.local/lib/python3.7/site-packages/airflow/example_dags/example_skip_dag.py took 0.054 seconds
[2026-03-03T01:08:13.748+0000] {processor.py:156} INFO - Started process (PID=177) to work on /home/airflow/.local/lib/python3.7/site-packages/airflow/example_dags/example_skip_dag.py
[2026-03-03T01:08:13.750+0000] {processor.py:799} INFO - Processing file /home/airflow/.local/lib/python3.7/site-packages/airflow/example_dags/example_skip_dag.py for tasks to queue
[2026-03-03T01:08:13.756+0000] {logging_mixin.py:149} INFO - [2026-03-03T01:08:13.755+0000] {dagbag.py:541} INFO - Filling up the DagBag from /home/airflow/.local/lib/python3.7/site-packages/airflow/example_dags/example_skip_dag.py
[2026-03-03T01:08:13.775+0000] {processor.py:809} INFO - DAG(s) dict_keys(['example_skip_dag']) retrieved from /home/airflow/.local/lib/python3.7/site-packages/airflow/example_dags/example_skip_dag.py
[2026-03-03T01:08:13.838+0000] {logging_mixin.py:149} INFO - [2026-03-03T01:08:13.838+0000] {dag.py:2726} INFO - Sync 1 DAGs
[2026-03-03T01:08:14.214+0000] {logging_mixin.py:149} INFO - [2026-03-03T01:08:14.214+0000] {dag.py:3490} INFO - Setting next_dagrun for example_skip_dag to 2026-03-02T01:08:14.213637+00:00, run_after=2026-03-03T01:08:14.213637+00:00
[2026-03-03T01:08:14.292+0000] {processor.py:178} INFO - Processing /home/airflow/.local/lib/python3.7/site-packages/airflow/example_dags/example_skip_dag.py took 0.552 seconds
[2026-03-03T01:08:44.841+0000] {processor.py:156} INFO - Started process (PID=239) to work on /home/airflow/.local/lib/python3.7/site-packages/airflow/example_dags/example_skip_dag.py
[2026-03-03T01:08:44.844+0000] {processor.py:799} INFO - Processing file /home/airflow/.local/lib/python3.7/site-packages/airflow/example_dags/example_skip_dag.py for tasks to queue
[2026-03-03T01:08:44.848+0000] {logging_mixin.py:149} INFO - [2026-03-03T01:08:44.848+0000] {dagbag.py:541} INFO - Filling up the DagBag from /home/airflow/.local/lib/python3.7/site-packages/airflow/example_dags/example_skip_dag.py
[2026-03-03T01:08:44.853+0000] {processor.py:809} INFO - DAG(s) dict_keys(['example_skip_dag']) retrieved from /home/airflow/.local/lib/python3.7/site-packages/airflow/example_dags/example_skip_dag.py
[2026-03-03T01:08:44.874+0000] {logging_mixin.py:149} INFO - [2026-03-03T01:08:44.873+0000] {dag.py:2726} INFO - Sync 1 DAGs
[2026-03-03T01:08:44.890+0000] {logging_mixin.py:149} INFO - [2026-03-03T01:08:44.890+0000] {dag.py:3490} INFO - Setting next_dagrun for example_skip_dag to 2026-03-02T01:08:44.889726+00:00, run_after=2026-03-03T01:08:44.889726+00:00
[2026-03-03T01:08:44.911+0000] {processor.py:178} INFO - Processing /home/airflow/.local/lib/python3.7/site-packages/airflow/example_dags/example_skip_dag.py took 0.073 seconds
[2026-03-03T01:09:15.814+0000] {processor.py:156} INFO - Started process (PID=301) to work on /home/airflow/.local/lib/python3.7/site-packages/airflow/example_dags/example_skip_dag.py
[2026-03-03T01:09:15.816+0000] {processor.py:799} INFO - Processing file /home/airflow/.local/lib/python3.7/site-packages/airflow/example_dags/example_skip_dag.py for tasks to queue
[2026-03-03T01:09:15.819+0000] {logging_mixin.py:149} INFO - [2026-03-03T01:09:15.819+0000] {dagbag.py:541} INFO - Filling up the DagBag from /home/airflow/.local/lib/python3.7/site-packages/airflow/example_dags/example_skip_dag.py
[2026-03-03T01:09:15.825+0000] {processor.py:809} INFO - DAG(s) dict_keys(['example_skip_dag']) retrieved from /home/airflow/.local/lib/python3.7/site-packages/airflow/example_dags/example_skip_dag.py
[2026-03-03T01:09:15.846+0000] {logging_mixin.py:149} INFO - [2026-03-03T01:09:15.846+0000] {dag.py:2726} INFO - Sync 1 DAGs
[2026-03-03T01:09:15.862+0000] {logging_mixin.py:149} INFO - [2026-03-03T01:09:15.862+0000] {dag.py:3490} INFO - Setting next_dagrun for example_skip_dag to 2026-03-02T01:09:15.862092+00:00, run_after=2026-03-03T01:09:15.862092+00:00
[2026-03-03T01:09:15.878+0000] {processor.py:178} INFO - Processing /home/airflow/.local/lib/python3.7/site-packages/airflow/example_dags/example_skip_dag.py took 0.069 seconds
[2026-03-03T01:09:46.769+0000] {processor.py:156} INFO - Started process (PID=363) to work on /home/airflow/.local/lib/python3.7/site-packages/airflow/example_dags/example_skip_dag.py
[2026-03-03T01:09:46.770+0000] {processor.py:799} INFO - Processing file /home/airflow/.local/lib/python3.7/site-packages/airflow/example_dags/example_skip_dag.py for tasks to queue
[2026-03-03T01:09:46.771+0000] {logging_mixin.py:149} INFO - [2026-03-03T01:09:46.771+0000] {dagbag.py:541} INFO - Filling up the DagBag from /home/airflow/.local/lib/python3.7/site-packages/airflow/example_dags/example_skip_dag.py
[2026-03-03T01:09:46.776+0000] {processor.py:809} INFO - DAG(s) dict_keys(['example_skip_dag']) retrieved from /home/airflow/.local/lib/python3.7/site-packages/airflow/example_dags/example_skip_dag.py
[2026-03-03T01:09:46.802+0000] {logging_mixin.py:149} INFO - [2026-03-03T01:09:46.802+0000] {dag.py:2726} INFO - Sync 1 DAGs
[2026-03-03T01:09:46.821+0000] {logging_mixin.py:149} INFO - [2026-03-03T01:09:46.820+0000] {dag.py:3490} INFO - Setting next_dagrun for example_skip_dag to 2026-03-02T01:09:46.819920+00:00, run_after=2026-03-03T01:09:46.819920+00:00
[2026-03-03T01:09:46.843+0000] {processor.py:178} INFO - Processing /home/airflow/.local/lib/python3.7/site-packages/airflow/example_dags/example_skip_dag.py took 0.079 seconds
[2026-03-03T01:10:17.682+0000] {processor.py:156} INFO - Started process (PID=425) to work on /home/airflow/.local/lib/python3.7/site-packages/airflow/example_dags/example_skip_dag.py
[2026-03-03T01:10:17.685+0000] {processor.py:799} INFO - Processing file /home/airflow/.local/lib/python3.7/site-packages/airflow/example_dags/example_skip_dag.py for tasks to queue
[2026-03-03T01:10:17.687+0000] {logging_mixin.py:149} INFO - [2026-03-03T01:10:17.687+0000] {dagbag.py:541} INFO - Filling up the DagBag from /home/airflow/.local/lib/python3.7/site-packages/airflow/example_dags/example_skip_dag.py
[2026-03-03T01:10:17.704+0000] {processor.py:809} INFO - DAG(s) dict_keys(['example_skip_dag']) retrieved from /home/airflow/.local/lib/python3.7/site-packages/airflow/example_dags/example_skip_dag.py
[2026-03-03T01:10:17.771+0000] {logging_mixin.py:149} INFO - [2026-03-03T01:10:17.771+0000] {dag.py:2726} INFO - Sync 1 DAGs
[2026-03-03T01:10:17.847+0000] {logging_mixin.py:149} INFO - [2026-03-03T01:10:17.846+0000] {dag.py:3490} INFO - Setting next_dagrun for example_skip_dag to 2026-03-02T01:10:17.845863+00:00, run_after=2026-03-03T01:10:17.845863+00:00
[2026-03-03T01:10:17.920+0000] {processor.py:178} INFO - Processing /home/airflow/.local/lib/python3.7/site-packages/airflow/example_dags/example_skip_dag.py took 0.246 seconds
[2026-03-03T01:10:48.005+0000] {processor.py:156} INFO - Started process (PID=487) to work on /home/airflow/.local/lib/python3.7/site-packages/airflow/example_dags/example_skip_dag.py
[2026-03-03T01:10:48.008+0000] {processor.py:799} INFO - Processing file /home/airflow/.local/lib/python3.7/site-packages/airflow/example_dags/example_skip_dag.py for tasks to queue
[2026-03-03T01:10:48.010+0000] {logging_mixin.py:149} INFO - [2026-03-03T01:10:48.009+0000] {dagbag.py:541} INFO - Filling up the DagBag from /home/airflow/.local/lib/python3.7/site-packages/airflow/example_dags/example_skip_dag.py
[2026-03-03T01:10:48.026+0000] {processor.py:809} INFO - DAG(s) dict_keys(['example_skip_dag']) retrieved from /home/airflow/.local/lib/python3.7/site-packages/airflow/example_dags/example_skip_dag.py
[2026-03-03T01:10:48.095+0000] {logging_mixin.py:149} INFO - [2026-03-03T01:10:48.095+0000] {dag.py:2726} INFO - Sync 1 DAGs
[2026-03-03T01:10:48.159+0000] {logging_mixin.py:149} INFO - [2026-03-03T01:10:48.159+0000] {dag.py:3490} INFO - Setting next_dagrun for example_skip_dag to 2026-03-02T01:10:48.158758+00:00, run_after=2026-03-03T01:10:48.158758+00:00
[2026-03-03T01:10:48.227+0000] {processor.py:178} INFO - Processing /home/airflow/.local/lib/python3.7/site-packages/airflow/example_dags/example_skip_dag.py took 0.230 seconds
[2026-03-03T01:11:18.638+0000] {processor.py:156} INFO - Started process (PID=549) to work on /home/airflow/.local/lib/python3.7/site-packages/airflow/example_dags/example_skip_dag.py
[2026-03-03T01:11:18.640+0000] {processor.py:799} INFO - Processing file /home/airflow/.local/lib/python3.7/site-packages/airflow/example_dags/example_skip_dag.py for tasks to queue
[2026-03-03T01:11:18.641+0000] {logging_mixin.py:149} INFO - [2026-03-03T01:11:18.641+0000] {dagbag.py:541} INFO - Filling up the DagBag from /home/airflow/.local/lib/python3.7/site-packages/airflow/example_dags/example_skip_dag.py
[2026-03-03T01:11:18.646+0000] {processor.py:809} INFO - DAG(s) dict_keys(['example_skip_dag']) retrieved from /home/airflow/.local/lib/python3.7/site-packages/airflow/example_dags/example_skip_dag.py
[2026-03-03T01:11:18.673+0000] {logging_mixin.py:149} INFO - [2026-03-03T01:11:18.673+0000] {dag.py:2726} INFO - Sync 1 DAGs
[2026-03-03T01:11:18.690+0000] {logging_mixin.py:149} INFO - [2026-03-03T01:11:18.690+0000] {dag.py:3490} INFO - Setting next_dagrun for example_skip_dag to 2026-03-02T01:11:18.689911+00:00, run_after=2026-03-03T01:11:18.689911+00:00
[2026-03-03T01:11:18.703+0000] {processor.py:178} INFO - Processing /home/airflow/.local/lib/python3.7/site-packages/airflow/example_dags/example_skip_dag.py took 0.069 seconds
[2026-03-03T01:11:48.932+0000] {processor.py:156} INFO - Started process (PID=611) to work on /home/airflow/.local/lib/python3.7/site-packages/airflow/example_dags/example_skip_dag.py
[2026-03-03T01:11:48.935+0000] {processor.py:799} INFO - Processing file /home/airflow/.local/lib/python3.7/site-packages/airflow/example_dags/example_skip_dag.py for tasks to queue
[2026-03-03T01:11:48.937+0000] {logging_mixin.py:149} INFO - [2026-03-03T01:11:48.937+0000] {dagbag.py:541} INFO - Filling up the DagBag from /home/airflow/.local/lib/python3.7/site-packages/airflow/example_dags/example_skip_dag.py
[2026-03-03T01:11:48.953+0000] {processor.py:809} INFO - DAG(s) dict_keys(['example_skip_dag']) retrieved from /home/airflow/.local/lib/python3.7/site-packages/airflow/example_dags/example_skip_dag.py
[2026-03-03T01:11:49.007+0000] {logging_mixin.py:149} INFO - [2026-03-03T01:11:49.006+0000] {dag.py:2726} INFO - Sync 1 DAGs
[2026-03-03T01:11:49.081+0000] {logging_mixin.py:149} INFO - [2026-03-03T01:11:49.081+0000] {dag.py:3490} INFO - Setting next_dagrun for example_skip_dag to 2026-03-02T01:11:49.080945+00:00, run_after=2026-03-03T01:11:49.080945+00:00
[2026-03-03T01:11:49.146+0000] {processor.py:178} INFO - Processing /home/airflow/.local/lib/python3.7/site-packages/airflow/example_dags/example_skip_dag.py took 0.221 seconds
[2026-03-03T01:12:19.895+0000] {processor.py:156} INFO - Started process (PID=673) to work on /home/airflow/.local/lib/python3.7/site-packages/airflow/example_dags/example_skip_dag.py
[2026-03-03T01:12:19.897+0000] {processor.py:799} INFO - Processing file /home/airflow/.local/lib/python3.7/site-packages/airflow/example_dags/example_skip_dag.py for tasks to queue
[2026-03-03T01:12:19.899+0000] {logging_mixin.py:149} INFO - [2026-03-03T01:12:19.898+0000] {dagbag.py:541} INFO - Filling up the DagBag from /home/airflow/.local/lib/python3.7/site-packages/airflow/example_dags/example_skip_dag.py
[2026-03-03T01:12:19.913+0000] {processor.py:809} INFO - DAG(s) dict_keys(['example_skip_dag']) retrieved from /home/airflow/.local/lib/python3.7/site-packages/airflow/example_dags/example_skip_dag.py
[2026-03-03T01:12:19.969+0000] {logging_mixin.py:149} INFO - [2026-03-03T01:12:19.967+0000] {dag.py:2726} INFO - Sync 1 DAGs
[2026-03-03T01:12:20.029+0000] {logging_mixin.py:149} INFO - [2026-03-03T01:12:20.029+0000] {dag.py:3490} INFO - Setting next_dagrun for example_skip_dag to 2026-03-02T01:12:20.028555+00:00, run_after=2026-03-03T01:12:20.028555+00:00
[2026-03-03T01:12:20.077+0000] {processor.py:178} INFO - Processing /home/airflow/.local/lib/python3.7/site-packages/airflow/example_dags/example_skip_dag.py took 0.189 seconds
[2026-03-03T01:12:50.550+0000] {processor.py:156} INFO - Started process (PID=735) to work on /home/airflow/.local/lib/python3.7/site-packages/airflow/example_dags/example_skip_dag.py
[2026-03-03T01:12:50.561+0000] {processor.py:799} INFO - Processing file /home/airflow/.local/lib/python3.7/site-packages/airflow/example_dags/example_skip_dag.py for tasks to queue
[2026-03-03T01:12:50.566+0000] {logging_mixin.py:149} INFO - [2026-03-03T01:12:50.563+0000] {dagbag.py:541} INFO - Filling up the DagBag from /home/airflow/.local/lib/python3.7/site-packages/airflow/example_dags/example_skip_dag.py
[2026-03-03T01:12:50.601+0000] {processor.py:809} INFO - DAG(s) dict_keys(['example_skip_dag']) retrieved from /home/airflow/.local/lib/python3.7/site-packages/airflow/example_dags/example_skip_dag.py
[2026-03-03T01:12:50.730+0000] {logging_mixin.py:149} INFO - [2026-03-03T01:12:50.730+0000] {dag.py:2726} INFO - Sync 1 DAGs
[2026-03-03T01:12:50.770+0000] {logging_mixin.py:149} INFO - [2026-03-03T01:12:50.770+0000] {dag.py:3490} INFO - Setting next_dagrun for example_skip_dag to 2026-03-02T01:12:50.769387+00:00, run_after=2026-03-03T01:12:50.769387+00:00
[2026-03-03T01:12:50.829+0000] {processor.py:178} INFO - Processing /home/airflow/.local/lib/python3.7/site-packages/airflow/example_dags/example_skip_dag.py took 0.301 seconds
[2026-03-03T01:13:21.258+0000] {processor.py:156} INFO - Started process (PID=797) to work on /home/airflow/.local/lib/python3.7/site-packages/airflow/example_dags/example_skip_dag.py
[2026-03-03T01:13:21.258+0000] {processor.py:799} INFO - Processing file /home/airflow/.local/lib/python3.7/site-packages/airflow/example_dags/example_skip_dag.py for tasks to queue
[2026-03-03T01:13:21.259+0000] {logging_mixin.py:149} INFO - [2026-03-03T01:13:21.258+0000] {dagbag.py:541} INFO - Filling up the DagBag from /home/airflow/.local/lib/python3.7/site-packages/airflow/example_dags/example_skip_dag.py
[2026-03-03T01:13:21.262+0000] {processor.py:809} INFO - DAG(s) dict_keys(['example_skip_dag']) retrieved from /home/airflow/.local/lib/python3.7/site-packages/airflow/example_dags/example_skip_dag.py
[2026-03-03T01:13:21.276+0000] {logging_mixin.py:149} INFO - [2026-03-03T01:13:21.276+0000] {dag.py:2726} INFO - Sync 1 DAGs
[2026-03-03T01:13:21.287+0000] {logging_mixin.py:149} INFO - [2026-03-03T01:13:21.287+0000] {dag.py:3490} INFO - Setting next_dagrun for example_skip_dag to 2026-03-02T01:13:21.287750+00:00, run_after=2026-03-03T01:13:21.287750+00:00
[2026-03-03T01:13:21.296+0000] {processor.py:178} INFO - Processing /home/airflow/.local/lib/python3.7/site-packages/airflow/example_dags/example_skip_dag.py took 0.041 seconds
[2026-03-03T01:13:51.928+0000] {processor.py:156} INFO - Started process (PID=859) to work on /home/airflow/.local/lib/python3.7/site-packages/airflow/example_dags/example_skip_dag.py
[2026-03-03T01:13:51.928+0000] {processor.py:799} INFO - Processing file /home/airflow/.local/lib/python3.7/site-packages/airflow/example_dags/example_skip_dag.py for tasks to queue
[2026-03-03T01:13:51.929+0000] {logging_mixin.py:149} INFO - [2026-03-03T01:13:51.929+0000] {dagbag.py:541} INFO - Filling up the DagBag from /home/airflow/.local/lib/python3.7/site-packages/airflow/example_dags/example_skip_dag.py
[2026-03-03T01:13:51.933+0000] {processor.py:809} INFO - DAG(s) dict_keys(['example_skip_dag']) retrieved from /home/airflow/.local/lib/python3.7/site-packages/airflow/example_dags/example_skip_dag.py
[2026-03-03T01:13:51.947+0000] {logging_mixin.py:149} INFO - [2026-03-03T01:13:51.947+0000] {dag.py:2726} INFO - Sync 1 DAGs
[2026-03-03T01:13:51.960+0000] {logging_mixin.py:149} INFO - [2026-03-03T01:13:51.959+0000] {dag.py:3490} INFO - Setting next_dagrun for example_skip_dag to 2026-03-02T01:13:51.959841+00:00, run_after=2026-03-03T01:13:51.959841+00:00
[2026-03-03T01:13:51.968+0000] {processor.py:178} INFO - Processing /home/airflow/.local/lib/python3.7/site-packages/airflow/example_dags/example_skip_dag.py took 0.042 seconds
[2026-03-03T01:14:22.685+0000] {processor.py:156} INFO - Started process (PID=921) to work on /home/airflow/.local/lib/python3.7/site-packages/airflow/example_dags/example_skip_dag.py
[2026-03-03T01:14:22.686+0000] {processor.py:799} INFO - Processing file /home/airflow/.local/lib/python3.7/site-packages/airflow/example_dags/example_skip_dag.py for tasks to queue
[2026-03-03T01:14:22.686+0000] {logging_mixin.py:149} INFO - [2026-03-03T01:14:22.686+0000] {dagbag.py:541} INFO - Filling up the DagBag from /home/airflow/.local/lib/python3.7/site-packages/airflow/example_dags/example_skip_dag.py
[2026-03-03T01:14:22.691+0000] {processor.py:809} INFO - DAG(s) dict_keys(['example_skip_dag']) retrieved from /home/airflow/.local/lib/python3.7/site-packages/airflow/example_dags/example_skip_dag.py
[2026-03-03T01:14:22.705+0000] {logging_mixin.py:149} INFO - [2026-03-03T01:14:22.704+0000] {dag.py:2726} INFO - Sync 1 DAGs
[2026-03-03T01:14:22.717+0000] {logging_mixin.py:149} INFO - [2026-03-03T01:14:22.717+0000] {dag.py:3490} INFO - Setting next_dagrun for example_skip_dag to 2026-03-02T01:14:22.716951+00:00, run_after=2026-03-03T01:14:22.716951+00:00
[2026-03-03T01:14:22.726+0000] {processor.py:178} INFO - Processing /home/airflow/.local/lib/python3.7/site-packages/airflow/example_dags/example_skip_dag.py took 0.044 seconds
[2026-03-03T01:14:53.623+0000] {processor.py:156} INFO - Started process (PID=983) to work on /home/airflow/.local/lib/python3.7/site-packages/airflow/example_dags/example_skip_dag.py
[2026-03-03T01:14:53.626+0000] {processor.py:799} INFO - Processing file /home/airflow/.local/lib/python3.7/site-packages/airflow/example_dags/example_skip_dag.py for tasks to queue
[2026-03-03T01:14:53.627+0000] {logging_mixin.py:149} INFO - [2026-03-03T01:14:53.627+0000] {dagbag.py:541} INFO - Filling up the DagBag from /home/airflow/.local/lib/python3.7/site-packages/airflow/example_dags/example_skip_dag.py
[2026-03-03T01:14:53.641+0000] {processor.py:809} INFO - DAG(s) dict_keys(['example_skip_dag']) retrieved from /home/airflow/.local/lib/python3.7/site-packages/airflow/example_dags/example_skip_dag.py
[2026-03-03T01:14:53.690+0000] {logging_mixin.py:149} INFO - [2026-03-03T01:14:53.689+0000] {dag.py:2726} INFO - Sync 1 DAGs
[2026-03-03T01:14:53.746+0000] {logging_mixin.py:149} INFO - [2026-03-03T01:14:53.746+0000] {dag.py:3490} INFO - Setting next_dagrun for example_skip_dag to 2026-03-02T01:14:53.745541+00:00, run_after=2026-03-03T01:14:53.745541+00:00
[2026-03-03T01:14:53.788+0000] {processor.py:178} INFO - Processing /home/airflow/.local/lib/python3.7/site-packages/airflow/example_dags/example_skip_dag.py took 0.171 seconds
[2026-03-03T01:15:23.959+0000] {processor.py:156} INFO - Started process (PID=1045) to work on /home/airflow/.local/lib/python3.7/site-packages/airflow/example_dags/example_skip_dag.py
[2026-03-03T01:15:23.960+0000] {processor.py:799} INFO - Processing file /home/airflow/.local/lib/python3.7/site-packages/airflow/example_dags/example_skip_dag.py for tasks to queue
[2026-03-03T01:15:23.960+0000] {logging_mixin.py:149} INFO - [2026-03-03T01:15:23.960+0000] {dagbag.py:541} INFO - Filling up the DagBag from /home/airflow/.local/lib/python3.7/site-packages/airflow/example_dags/example_skip_dag.py
[2026-03-03T01:15:23.965+0000] {processor.py:809} INFO - DAG(s) dict_keys(['example_skip_dag']) retrieved from /home/airflow/.local/lib/python3.7/site-packages/airflow/example_dags/example_skip_dag.py
[2026-03-03T01:15:23.981+0000] {logging_mixin.py:149} INFO - [2026-03-03T01:15:23.981+0000] {dag.py:2726} INFO - Sync 1 DAGs
[2026-03-03T01:15:23.994+0000] {logging_mixin.py:149} INFO - [2026-03-03T01:15:23.994+0000] {dag.py:3490} INFO - Setting next_dagrun for example_skip_dag to 2026-03-02T01:15:23.994583+00:00, run_after=2026-03-03T01:15:23.994583+00:00
[2026-03-03T01:15:24.004+0000] {processor.py:178} INFO - Processing /home/airflow/.local/lib/python3.7/site-packages/airflow/example_dags/example_skip_dag.py took 0.047 seconds
[2026-03-03T01:15:54.816+0000] {processor.py:156} INFO - Started process (PID=1106) to work on /home/airflow/.local/lib/python3.7/site-packages/airflow/example_dags/example_skip_dag.py
[2026-03-03T01:15:54.817+0000] {processor.py:799} INFO - Processing file /home/airflow/.local/lib/python3.7/site-packages/airflow/example_dags/example_skip_dag.py for tasks to queue
[2026-03-03T01:15:54.818+0000] {logging_mixin.py:149} INFO - [2026-03-03T01:15:54.818+0000] {dagbag.py:541} INFO - Filling up the DagBag from /home/airflow/.local/lib/python3.7/site-packages/airflow/example_dags/example_skip_dag.py
[2026-03-03T01:15:54.825+0000] {processor.py:809} INFO - DAG(s) dict_keys(['example_skip_dag']) retrieved from /home/airflow/.local/lib/python3.7/site-packages/airflow/example_dags/example_skip_dag.py
[2026-03-03T01:15:54.841+0000] {logging_mixin.py:149} INFO - [2026-03-03T01:15:54.841+0000] {dag.py:2726} INFO - Sync 1 DAGs
[2026-03-03T01:15:54.854+0000] {logging_mixin.py:149} INFO - [2026-03-03T01:15:54.854+0000] {dag.py:3490} INFO - Setting next_dagrun for example_skip_dag to 2026-03-02T01:15:54.854018+00:00, run_after=2026-03-03T01:15:54.854018+00:00
[2026-03-03T01:15:54.863+0000] {processor.py:178} INFO - Processing /home/airflow/.local/lib/python3.7/site-packages/airflow/example_dags/example_skip_dag.py took 0.049 seconds
[2026-03-03T01:16:26.050+0000] {processor.py:156} INFO - Started process (PID=1168) to work on /home/airflow/.local/lib/python3.7/site-packages/airflow/example_dags/example_skip_dag.py
[2026-03-03T01:16:26.051+0000] {processor.py:799} INFO - Processing file /home/airflow/.local/lib/python3.7/site-packages/airflow/example_dags/example_skip_dag.py for tasks to queue
[2026-03-03T01:16:26.053+0000] {logging_mixin.py:149} INFO - [2026-03-03T01:16:26.053+0000] {dagbag.py:541} INFO - Filling up the DagBag from /home/airflow/.local/lib/python3.7/site-packages/airflow/example_dags/example_skip_dag.py
[2026-03-03T01:16:26.068+0000] {processor.py:809} INFO - DAG(s) dict_keys(['example_skip_dag']) retrieved from /home/airflow/.local/lib/python3.7/site-packages/airflow/example_dags/example_skip_dag.py
[2026-03-03T01:16:26.128+0000] {logging_mixin.py:149} INFO - [2026-03-03T01:16:26.128+0000] {dag.py:2726} INFO - Sync 1 DAGs
[2026-03-03T01:16:26.202+0000] {logging_mixin.py:149} INFO - [2026-03-03T01:16:26.202+0000] {dag.py:3490} INFO - Setting next_dagrun for example_skip_dag to 2026-03-02T01:16:26.201761+00:00, run_after=2026-03-03T01:16:26.201761+00:00
[2026-03-03T01:16:26.258+0000] {processor.py:178} INFO - Processing /home/airflow/.local/lib/python3.7/site-packages/airflow/example_dags/example_skip_dag.py took 0.216 seconds
[2026-03-03T01:16:56.512+0000] {processor.py:156} INFO - Started process (PID=1230) to work on /home/airflow/.local/lib/python3.7/site-packages/airflow/example_dags/example_skip_dag.py
[2026-03-03T01:16:56.513+0000] {processor.py:799} INFO - Processing file /home/airflow/.local/lib/python3.7/site-packages/airflow/example_dags/example_skip_dag.py for tasks to queue
[2026-03-03T01:16:56.514+0000] {logging_mixin.py:149} INFO - [2026-03-03T01:16:56.514+0000] {dagbag.py:541} INFO - Filling up the DagBag from /home/airflow/.local/lib/python3.7/site-packages/airflow/example_dags/example_skip_dag.py
[2026-03-03T01:16:56.524+0000] {processor.py:809} INFO - DAG(s) dict_keys(['example_skip_dag']) retrieved from /home/airflow/.local/lib/python3.7/site-packages/airflow/example_dags/example_skip_dag.py
[2026-03-03T01:16:56.569+0000] {logging_mixin.py:149} INFO - [2026-03-03T01:16:56.568+0000] {dag.py:2726} INFO - Sync 1 DAGs
[2026-03-03T01:16:56.617+0000] {logging_mixin.py:149} INFO - [2026-03-03T01:16:56.617+0000] {dag.py:3490} INFO - Setting next_dagrun for example_skip_dag to 2026-03-02T01:16:56.616693+00:00, run_after=2026-03-03T01:16:56.616693+00:00
[2026-03-03T01:16:56.651+0000] {processor.py:178} INFO - Processing /home/airflow/.local/lib/python3.7/site-packages/airflow/example_dags/example_skip_dag.py took 0.145 seconds
[2026-03-03T01:17:27.523+0000] {processor.py:156} INFO - Started process (PID=1292) to work on /home/airflow/.local/lib/python3.7/site-packages/airflow/example_dags/example_skip_dag.py
[2026-03-03T01:17:27.523+0000] {processor.py:799} INFO - Processing file /home/airflow/.local/lib/python3.7/site-packages/airflow/example_dags/example_skip_dag.py for tasks to queue
[2026-03-03T01:17:27.524+0000] {logging_mixin.py:149} INFO - [2026-03-03T01:17:27.524+0000] {dagbag.py:541} INFO - Filling up the DagBag from /home/airflow/.local/lib/python3.7/site-packages/airflow/example_dags/example_skip_dag.py
[2026-03-03T01:17:27.527+0000] {processor.py:809} INFO - DAG(s) dict_keys(['example_skip_dag']) retrieved from /home/airflow/.local/lib/python3.7/site-packages/airflow/example_dags/example_skip_dag.py
[2026-03-03T01:17:27.538+0000] {logging_mixin.py:149} INFO - [2026-03-03T01:17:27.538+0000] {dag.py:2726} INFO - Sync 1 DAGs
[2026-03-03T01:17:27.548+0000] {logging_mixin.py:149} INFO - [2026-03-03T01:17:27.548+0000] {dag.py:3490} INFO - Setting next_dagrun for example_skip_dag to 2026-03-02T01:17:27.548440+00:00, run_after=2026-03-03T01:17:27.548440+00:00
[2026-03-03T01:17:27.555+0000] {processor.py:178} INFO - Processing /home/airflow/.local/lib/python3.7/site-packages/airflow/example_dags/example_skip_dag.py took 0.034 seconds
[2026-03-03T01:17:58.487+0000] {processor.py:156} INFO - Started process (PID=1354) to work on /home/airflow/.local/lib/python3.7/site-packages/airflow/example_dags/example_skip_dag.py
[2026-03-03T01:17:58.488+0000] {processor.py:799} INFO - Processing file /home/airflow/.local/lib/python3.7/site-packages/airflow/example_dags/example_skip_dag.py for tasks to queue
[2026-03-03T01:17:58.489+0000] {logging_mixin.py:149} INFO - [2026-03-03T01:17:58.489+0000] {dagbag.py:541} INFO - Filling up the DagBag from /home/airflow/.local/lib/python3.7/site-packages/airflow/example_dags/example_skip_dag.py
[2026-03-03T01:17:58.494+0000] {processor.py:809} INFO - DAG(s) dict_keys(['example_skip_dag']) retrieved from /home/airflow/.local/lib/python3.7/site-packages/airflow/example_dags/example_skip_dag.py
[2026-03-03T01:17:58.509+0000] {logging_mixin.py:149} INFO - [2026-03-03T01:17:58.509+0000] {dag.py:2726} INFO - Sync 1 DAGs
[2026-03-03T01:17:58.524+0000] {logging_mixin.py:149} INFO - [2026-03-03T01:17:58.524+0000] {dag.py:3490} INFO - Setting next_dagrun for example_skip_dag to 2026-03-02T01:17:58.524392+00:00, run_after=2026-03-03T01:17:58.524392+00:00
[2026-03-03T01:17:58.533+0000] {processor.py:178} INFO - Processing /home/airflow/.local/lib/python3.7/site-packages/airflow/example_dags/example_skip_dag.py took 0.048 seconds
[2026-03-03T01:18:28.860+0000] {processor.py:156} INFO - Started process (PID=1416) to work on /home/airflow/.local/lib/python3.7/site-packages/airflow/example_dags/example_skip_dag.py
[2026-03-03T01:18:28.862+0000] {processor.py:799} INFO - Processing file /home/airflow/.local/lib/python3.7/site-packages/airflow/example_dags/example_skip_dag.py for tasks to queue
[2026-03-03T01:18:28.863+0000] {logging_mixin.py:149} INFO - [2026-03-03T01:18:28.863+0000] {dagbag.py:541} INFO - Filling up the DagBag from /home/airflow/.local/lib/python3.7/site-packages/airflow/example_dags/example_skip_dag.py
[2026-03-03T01:18:28.879+0000] {processor.py:809} INFO - DAG(s) dict_keys(['example_skip_dag']) retrieved from /home/airflow/.local/lib/python3.7/site-packages/airflow/example_dags/example_skip_dag.py
[2026-03-03T01:18:28.944+0000] {logging_mixin.py:149} INFO - [2026-03-03T01:18:28.943+0000] {dag.py:2726} INFO - Sync 1 DAGs
[2026-03-03T01:18:28.999+0000] {logging_mixin.py:149} INFO - [2026-03-03T01:18:28.999+0000] {dag.py:3490} INFO - Setting next_dagrun for example_skip_dag to 2026-03-02T01:18:28.998646+00:00, run_after=2026-03-03T01:18:28.998646+00:00
[2026-03-03T01:18:29.049+0000] {processor.py:178} INFO - Processing /home/airflow/.local/lib/python3.7/site-packages/airflow/example_dags/example_skip_dag.py took 0.197 seconds
[2026-03-03T01:18:59.301+0000] {processor.py:156} INFO - Started process (PID=1478) to work on /home/airflow/.local/lib/python3.7/site-packages/airflow/example_dags/example_skip_dag.py
[2026-03-03T01:18:59.302+0000] {processor.py:799} INFO - Processing file /home/airflow/.local/lib/python3.7/site-packages/airflow/example_dags/example_skip_dag.py for tasks to queue
[2026-03-03T01:18:59.304+0000] {logging_mixin.py:149} INFO - [2026-03-03T01:18:59.303+0000] {dagbag.py:541} INFO - Filling up the DagBag from /home/airflow/.local/lib/python3.7/site-packages/airflow/example_dags/example_skip_dag.py
[2026-03-03T01:18:59.319+0000] {processor.py:809} INFO - DAG(s) dict_keys(['example_skip_dag']) retrieved from /home/airflow/.local/lib/python3.7/site-packages/airflow/example_dags/example_skip_dag.py
[2026-03-03T01:18:59.371+0000] {logging_mixin.py:149} INFO - [2026-03-03T01:18:59.370+0000] {dag.py:2726} INFO - Sync 1 DAGs
[2026-03-03T01:18:59.429+0000] {logging_mixin.py:149} INFO - [2026-03-03T01:18:59.429+0000] {dag.py:3490} INFO - Setting next_dagrun for example_skip_dag to 2026-03-02T01:18:59.428648+00:00, run_after=2026-03-03T01:18:59.428648+00:00
[2026-03-03T01:18:59.477+0000] {processor.py:178} INFO - Processing /home/airflow/.local/lib/python3.7/site-packages/airflow/example_dags/example_skip_dag.py took 0.184 seconds
[2026-03-03T01:19:29.753+0000] {processor.py:156} INFO - Started process (PID=1540) to work on /home/airflow/.local/lib/python3.7/site-packages/airflow/example_dags/example_skip_dag.py
[2026-03-03T01:19:29.754+0000] {processor.py:799} INFO - Processing file /home/airflow/.local/lib/python3.7/site-packages/airflow/example_dags/example_skip_dag.py for tasks to queue
[2026-03-03T01:19:29.754+0000] {logging_mixin.py:149} INFO - [2026-03-03T01:19:29.754+0000] {dagbag.py:541} INFO - Filling up the DagBag from /home/airflow/.local/lib/python3.7/site-packages/airflow/example_dags/example_skip_dag.py
[2026-03-03T01:19:29.759+0000] {processor.py:809} INFO - DAG(s) dict_keys(['example_skip_dag']) retrieved from /home/airflow/.local/lib/python3.7/site-packages/airflow/example_dags/example_skip_dag.py
[2026-03-03T01:19:29.772+0000] {logging_mixin.py:149} INFO - [2026-03-03T01:19:29.772+0000] {dag.py:2726} INFO - Sync 1 DAGs
[2026-03-03T01:19:29.785+0000] {logging_mixin.py:149} INFO - [2026-03-03T01:19:29.784+0000] {dag.py:3490} INFO - Setting next_dagrun for example_skip_dag to 2026-03-02T01:19:29.784510+00:00, run_after=2026-03-03T01:19:29.784510+00:00
[2026-03-03T01:19:29.793+0000] {processor.py:178} INFO - Processing /home/airflow/.local/lib/python3.7/site-packages/airflow/example_dags/example_skip_dag.py took 0.042 seconds
[2026-03-03T01:20:00.490+0000] {processor.py:156} INFO - Started process (PID=1602) to work on /home/airflow/.local/lib/python3.7/site-packages/airflow/example_dags/example_skip_dag.py
[2026-03-03T01:20:00.491+0000] {processor.py:799} INFO - Processing file /home/airflow/.local/lib/python3.7/site-packages/airflow/example_dags/example_skip_dag.py for tasks to queue
[2026-03-03T01:20:00.491+0000] {logging_mixin.py:149} INFO - [2026-03-03T01:20:00.491+0000] {dagbag.py:541} INFO - Filling up the DagBag from /home/airflow/.local/lib/python3.7/site-packages/airflow/example_dags/example_skip_dag.py
[2026-03-03T01:20:00.496+0000] {processor.py:809} INFO - DAG(s) dict_keys(['example_skip_dag']) retrieved from /home/airflow/.local/lib/python3.7/site-packages/airflow/example_dags/example_skip_dag.py
[2026-03-03T01:20:00.510+0000] {logging_mixin.py:149} INFO - [2026-03-03T01:20:00.510+0000] {dag.py:2726} INFO - Sync 1 DAGs
[2026-03-03T01:20:00.522+0000] {logging_mixin.py:149} INFO - [2026-03-03T01:20:00.521+0000] {dag.py:3490} INFO - Setting next_dagrun for example_skip_dag to 2026-03-02T01:20:00.521805+00:00, run_after=2026-03-03T01:20:00.521805+00:00
[2026-03-03T01:20:00.532+0000] {processor.py:178} INFO - Processing /home/airflow/.local/lib/python3.7/site-packages/airflow/example_dags/example_skip_dag.py took 0.044 seconds
[2026-03-03T01:20:31.181+0000] {processor.py:156} INFO - Started process (PID=1664) to work on /home/airflow/.local/lib/python3.7/site-packages/airflow/example_dags/example_skip_dag.py
[2026-03-03T01:20:31.181+0000] {processor.py:799} INFO - Processing file /home/airflow/.local/lib/python3.7/site-packages/airflow/example_dags/example_skip_dag.py for tasks to queue
[2026-03-03T01:20:31.182+0000] {logging_mixin.py:149} INFO - [2026-03-03T01:20:31.182+0000] {dagbag.py:541} INFO - Filling up the DagBag from /home/airflow/.local/lib/python3.7/site-packages/airflow/example_dags/example_skip_dag.py
[2026-03-03T01:20:31.186+0000] {processor.py:809} INFO - DAG(s) dict_keys(['example_skip_dag']) retrieved from /home/airflow/.local/lib/python3.7/site-packages/airflow/example_dags/example_skip_dag.py
[2026-03-03T01:20:31.199+0000] {logging_mixin.py:149} INFO - [2026-03-03T01:20:31.199+0000] {dag.py:2726} INFO - Sync 1 DAGs
[2026-03-03T01:20:31.211+0000] {logging_mixin.py:149} INFO - [2026-03-03T01:20:31.211+0000] {dag.py:3490} INFO - Setting next_dagrun for example_skip_dag to 2026-03-02T01:20:31.211518+00:00, run_after=2026-03-03T01:20:31.211518+00:00
[2026-03-03T01:20:31.219+0000] {processor.py:178} INFO - Processing /home/airflow/.local/lib/python3.7/site-packages/airflow/example_dags/example_skip_dag.py took 0.040 seconds
[2026-03-03T01:21:01.828+0000] {processor.py:156} INFO - Started process (PID=1726) to work on /home/airflow/.local/lib/python3.7/site-packages/airflow/example_dags/example_skip_dag.py
[2026-03-03T01:21:01.829+0000] {processor.py:799} INFO - Processing file /home/airflow/.local/lib/python3.7/site-packages/airflow/example_dags/example_skip_dag.py for tasks to queue
[2026-03-03T01:21:01.830+0000] {logging_mixin.py:149} INFO - [2026-03-03T01:21:01.830+0000] {dagbag.py:541} INFO - Filling up the DagBag from /home/airflow/.local/lib/python3.7/site-packages/airflow/example_dags/example_skip_dag.py
[2026-03-03T01:21:01.834+0000] {processor.py:809} INFO - DAG(s) dict_keys(['example_skip_dag']) retrieved from /home/airflow/.local/lib/python3.7/site-packages/airflow/example_dags/example_skip_dag.py
[2026-03-03T01:21:01.848+0000] {logging_mixin.py:149} INFO - [2026-03-03T01:21:01.847+0000] {dag.py:2726} INFO - Sync 1 DAGs
[2026-03-03T01:21:01.860+0000] {logging_mixin.py:149} INFO - [2026-03-03T01:21:01.860+0000] {dag.py:3490} INFO - Setting next_dagrun for example_skip_dag to 2026-03-02T01:21:01.860612+00:00, run_after=2026-03-03T01:21:01.860612+00:00
[2026-03-03T01:21:01.868+0000] {processor.py:178} INFO - Processing /home/airflow/.local/lib/python3.7/site-packages/airflow/example_dags/example_skip_dag.py took 0.041 seconds
[2026-03-03T01:21:32.477+0000] {processor.py:156} INFO - Started process (PID=1788) to work on /home/airflow/.local/lib/python3.7/site-packages/airflow/example_dags/example_skip_dag.py
[2026-03-03T01:21:32.478+0000] {processor.py:799} INFO - Processing file /home/airflow/.local/lib/python3.7/site-packages/airflow/example_dags/example_skip_dag.py for tasks to queue
[2026-03-03T01:21:32.478+0000] {logging_mixin.py:149} INFO - [2026-03-03T01:21:32.478+0000] {dagbag.py:541} INFO - Filling up the DagBag from /home/airflow/.local/lib/python3.7/site-packages/airflow/example_dags/example_skip_dag.py
[2026-03-03T01:21:32.482+0000] {processor.py:809} INFO - DAG(s) dict_keys(['example_skip_dag']) retrieved from /home/airflow/.local/lib/python3.7/site-packages/airflow/example_dags/example_skip_dag.py
[2026-03-03T01:21:32.497+0000] {logging_mixin.py:149} INFO - [2026-03-03T01:21:32.497+0000] {dag.py:2726} INFO - Sync 1 DAGs
[2026-03-03T01:21:32.509+0000] {logging_mixin.py:149} INFO - [2026-03-03T01:21:32.509+0000] {dag.py:3490} INFO - Setting next_dagrun for example_skip_dag to 2026-03-02T01:21:32.509592+00:00, run_after=2026-03-03T01:21:32.509592+00:00
[2026-03-03T01:21:32.518+0000] {processor.py:178} INFO - Processing /home/airflow/.local/lib/python3.7/site-packages/airflow/example_dags/example_skip_dag.py took 0.043 seconds
[2026-03-03T01:22:02.754+0000] {processor.py:156} INFO - Started process (PID=1850) to work on /home/airflow/.local/lib/python3.7/site-packages/airflow/example_dags/example_skip_dag.py
[2026-03-03T01:22:02.756+0000] {processor.py:799} INFO - Processing file /home/airflow/.local/lib/python3.7/site-packages/airflow/example_dags/example_skip_dag.py for tasks to queue
[2026-03-03T01:22:02.758+0000] {logging_mixin.py:149} INFO - [2026-03-03T01:22:02.758+0000] {dagbag.py:541} INFO - Filling up the DagBag from /home/airflow/.local/lib/python3.7/site-packages/airflow/example_dags/example_skip_dag.py
[2026-03-03T01:22:02.773+0000] {processor.py:809} INFO - DAG(s) dict_keys(['example_skip_dag']) retrieved from /home/airflow/.local/lib/python3.7/site-packages/airflow/example_dags/example_skip_dag.py
[2026-03-03T01:22:02.831+0000] {logging_mixin.py:149} INFO - [2026-03-03T01:22:02.830+0000] {dag.py:2726} INFO - Sync 1 DAGs
[2026-03-03T01:22:02.886+0000] {logging_mixin.py:149} INFO - [2026-03-03T01:22:02.886+0000] {dag.py:3490} INFO - Setting next_dagrun for example_skip_dag to 2026-03-02T01:22:02.886070+00:00, run_after=2026-03-03T01:22:02.886070+00:00
[2026-03-03T01:22:02.936+0000] {processor.py:178} INFO - Processing /home/airflow/.local/lib/python3.7/site-packages/airflow/example_dags/example_skip_dag.py took 0.187 seconds
[2026-03-03T01:22:33.446+0000] {processor.py:156} INFO - Started process (PID=1912) to work on /home/airflow/.local/lib/python3.7/site-packages/airflow/example_dags/example_skip_dag.py
[2026-03-03T01:22:33.449+0000] {processor.py:799} INFO - Processing file /home/airflow/.local/lib/python3.7/site-packages/airflow/example_dags/example_skip_dag.py for tasks to queue
[2026-03-03T01:22:33.453+0000] {logging_mixin.py:149} INFO - [2026-03-03T01:22:33.453+0000] {dagbag.py:541} INFO - Filling up the DagBag from /home/airflow/.local/lib/python3.7/site-packages/airflow/example_dags/example_skip_dag.py
[2026-03-03T01:22:33.479+0000] {processor.py:809} INFO - DAG(s) dict_keys(['example_skip_dag']) retrieved from /home/airflow/.local/lib/python3.7/site-packages/airflow/example_dags/example_skip_dag.py
[2026-03-03T01:22:33.555+0000] {logging_mixin.py:149} INFO - [2026-03-03T01:22:33.555+0000] {dag.py:2726} INFO - Sync 1 DAGs
[2026-03-03T01:22:33.640+0000] {logging_mixin.py:149} INFO - [2026-03-03T01:22:33.640+0000] {dag.py:3490} INFO - Setting next_dagrun for example_skip_dag to 2026-03-02T01:22:33.639464+00:00, run_after=2026-03-03T01:22:33.639464+00:00
[2026-03-03T01:22:33.708+0000] {processor.py:178} INFO - Processing /home/airflow/.local/lib/python3.7/site-packages/airflow/example_dags/example_skip_dag.py took 0.271 seconds
[2026-03-03T01:23:04.542+0000] {processor.py:156} INFO - Started process (PID=1974) to work on /home/airflow/.local/lib/python3.7/site-packages/airflow/example_dags/example_skip_dag.py
[2026-03-03T01:23:04.546+0000] {processor.py:799} INFO - Processing file /home/airflow/.local/lib/python3.7/site-packages/airflow/example_dags/example_skip_dag.py for tasks to queue
[2026-03-03T01:23:04.549+0000] {logging_mixin.py:149} INFO - [2026-03-03T01:23:04.548+0000] {dagbag.py:541} INFO - Filling up the DagBag from /home/airflow/.local/lib/python3.7/site-packages/airflow/example_dags/example_skip_dag.py
[2026-03-03T01:23:04.575+0000] {processor.py:809} INFO - DAG(s) dict_keys(['example_skip_dag']) retrieved from /home/airflow/.local/lib/python3.7/site-packages/airflow/example_dags/example_skip_dag.py
[2026-03-03T01:23:04.672+0000] {logging_mixin.py:149} INFO - [2026-03-03T01:23:04.671+0000] {dag.py:2726} INFO - Sync 1 DAGs
[2026-03-03T01:23:04.757+0000] {logging_mixin.py:149} INFO - [2026-03-03T01:23:04.757+0000] {dag.py:3490} INFO - Setting next_dagrun for example_skip_dag to 2026-03-02T01:23:04.756532+00:00, run_after=2026-03-03T01:23:04.756532+00:00
[2026-03-03T01:23:04.835+0000] {processor.py:178} INFO - Processing /home/airflow/.local/lib/python3.7/site-packages/airflow/example_dags/example_skip_dag.py took 0.303 seconds
[2026-03-03T01:23:35.038+0000] {processor.py:156} INFO - Started process (PID=2035) to work on /home/airflow/.local/lib/python3.7/site-packages/airflow/example_dags/example_skip_dag.py
[2026-03-03T01:23:35.041+0000] {processor.py:799} INFO - Processing file /home/airflow/.local/lib/python3.7/site-packages/airflow/example_dags/example_skip_dag.py for tasks to queue
[2026-03-03T01:23:35.043+0000] {logging_mixin.py:149} INFO - [2026-03-03T01:23:35.043+0000] {dagbag.py:541} INFO - Filling up the DagBag from /home/airflow/.local/lib/python3.7/site-packages/airflow/example_dags/example_skip_dag.py
[2026-03-03T01:23:35.061+0000] {processor.py:809} INFO - DAG(s) dict_keys(['example_skip_dag']) retrieved from /home/airflow/.local/lib/python3.7/site-packages/airflow/example_dags/example_skip_dag.py
[2026-03-03T01:23:35.122+0000] {logging_mixin.py:149} INFO - [2026-03-03T01:23:35.122+0000] {dag.py:2726} INFO - Sync 1 DAGs
[2026-03-03T01:23:35.190+0000] {logging_mixin.py:149} INFO - [2026-03-03T01:23:35.189+0000] {dag.py:3490} INFO - Setting next_dagrun for example_skip_dag to 2026-03-02T01:23:35.189118+00:00, run_after=2026-03-03T01:23:35.189118+00:00
[2026-03-03T01:23:35.243+0000] {processor.py:178} INFO - Processing /home/airflow/.local/lib/python3.7/site-packages/airflow/example_dags/example_skip_dag.py took 0.212 seconds
[2026-03-03T01:24:06.263+0000] {processor.py:156} INFO - Started process (PID=2097) to work on /home/airflow/.local/lib/python3.7/site-packages/airflow/example_dags/example_skip_dag.py
[2026-03-03T01:24:06.265+0000] {processor.py:799} INFO - Processing file /home/airflow/.local/lib/python3.7/site-packages/airflow/example_dags/example_skip_dag.py for tasks to queue
[2026-03-03T01:24:06.267+0000] {logging_mixin.py:149} INFO - [2026-03-03T01:24:06.267+0000] {dagbag.py:541} INFO - Filling up the DagBag from /home/airflow/.local/lib/python3.7/site-packages/airflow/example_dags/example_skip_dag.py
[2026-03-03T01:24:06.284+0000] {processor.py:809} INFO - DAG(s) dict_keys(['example_skip_dag']) retrieved from /home/airflow/.local/lib/python3.7/site-packages/airflow/example_dags/example_skip_dag.py
[2026-03-03T01:24:06.342+0000] {logging_mixin.py:149} INFO - [2026-03-03T01:24:06.341+0000] {dag.py:2726} INFO - Sync 1 DAGs
[2026-03-03T01:24:06.407+0000] {logging_mixin.py:149} INFO - [2026-03-03T01:24:06.407+0000] {dag.py:3490} INFO - Setting next_dagrun for example_skip_dag to 2026-03-02T01:24:06.406868+00:00, run_after=2026-03-03T01:24:06.406868+00:00
[2026-03-03T01:24:06.461+0000] {processor.py:178} INFO - Processing /home/airflow/.local/lib/python3.7/site-packages/airflow/example_dags/example_skip_dag.py took 0.206 seconds
[2026-03-03T01:24:37.214+0000] {processor.py:156} INFO - Started process (PID=2159) to work on /home/airflow/.local/lib/python3.7/site-packages/airflow/example_dags/example_skip_dag.py
[2026-03-03T01:24:37.216+0000] {processor.py:799} INFO - Processing file /home/airflow/.local/lib/python3.7/site-packages/airflow/example_dags/example_skip_dag.py for tasks to queue
[2026-03-03T01:24:37.220+0000] {logging_mixin.py:149} INFO - [2026-03-03T01:24:37.219+0000] {dagbag.py:541} INFO - Filling up the DagBag from /home/airflow/.local/lib/python3.7/site-packages/airflow/example_dags/example_skip_dag.py
[2026-03-03T01:24:37.238+0000] {processor.py:809} INFO - DAG(s) dict_keys(['example_skip_dag']) retrieved from /home/airflow/.local/lib/python3.7/site-packages/airflow/example_dags/example_skip_dag.py
[2026-03-03T01:24:37.306+0000] {logging_mixin.py:149} INFO - [2026-03-03T01:24:37.305+0000] {dag.py:2726} INFO - Sync 1 DAGs
[2026-03-03T01:24:37.377+0000] {logging_mixin.py:149} INFO - [2026-03-03T01:24:37.376+0000] {dag.py:3490} INFO - Setting next_dagrun for example_skip_dag to 2026-03-02T01:24:37.376051+00:00, run_after=2026-03-03T01:24:37.376051+00:00
[2026-03-03T01:24:37.452+0000] {processor.py:178} INFO - Processing /home/airflow/.local/lib/python3.7/site-packages/airflow/example_dags/example_skip_dag.py took 0.244 seconds
[2026-03-03T01:25:08.371+0000] {processor.py:156} INFO - Started process (PID=2222) to work on /home/airflow/.local/lib/python3.7/site-packages/airflow/example_dags/example_skip_dag.py
[2026-03-03T01:25:08.373+0000] {processor.py:799} INFO - Processing file /home/airflow/.local/lib/python3.7/site-packages/airflow/example_dags/example_skip_dag.py for tasks to queue
[2026-03-03T01:25:08.377+0000] {logging_mixin.py:149} INFO - [2026-03-03T01:25:08.377+0000] {dagbag.py:541} INFO - Filling up the DagBag from /home/airflow/.local/lib/python3.7/site-packages/airflow/example_dags/example_skip_dag.py
[2026-03-03T01:25:08.394+0000] {processor.py:809} INFO - DAG(s) dict_keys(['example_skip_dag']) retrieved from /home/airflow/.local/lib/python3.7/site-packages/airflow/example_dags/example_skip_dag.py
[2026-03-03T01:25:08.465+0000] {logging_mixin.py:149} INFO - [2026-03-03T01:25:08.465+0000] {dag.py:2726} INFO - Sync 1 DAGs
[2026-03-03T01:25:08.541+0000] {logging_mixin.py:149} INFO - [2026-03-03T01:25:08.540+0000] {dag.py:3490} INFO - Setting next_dagrun for example_skip_dag to 2026-03-02T01:25:08.539690+00:00, run_after=2026-03-03T01:25:08.539690+00:00
[2026-03-03T01:25:08.616+0000] {processor.py:178} INFO - Processing /home/airflow/.local/lib/python3.7/site-packages/airflow/example_dags/example_skip_dag.py took 0.253 seconds
[2026-03-03T01:25:39.299+0000] {processor.py:156} INFO - Started process (PID=2284) to work on /home/airflow/.local/lib/python3.7/site-packages/airflow/example_dags/example_skip_dag.py
[2026-03-03T01:25:39.300+0000] {processor.py:799} INFO - Processing file /home/airflow/.local/lib/python3.7/site-packages/airflow/example_dags/example_skip_dag.py for tasks to queue
[2026-03-03T01:25:39.300+0000] {logging_mixin.py:149} INFO - [2026-03-03T01:25:39.300+0000] {dagbag.py:541} INFO - Filling up the DagBag from /home/airflow/.local/lib/python3.7/site-packages/airflow/example_dags/example_skip_dag.py
[2026-03-03T01:25:39.305+0000] {processor.py:809} INFO - DAG(s) dict_keys(['example_skip_dag']) retrieved from /home/airflow/.local/lib/python3.7/site-packages/airflow/example_dags/example_skip_dag.py
[2026-03-03T01:25:39.324+0000] {logging_mixin.py:149} INFO - [2026-03-03T01:25:39.324+0000] {dag.py:2726} INFO - Sync 1 DAGs
[2026-03-03T01:25:39.343+0000] {logging_mixin.py:149} INFO - [2026-03-03T01:25:39.342+0000] {dag.py:3490} INFO - Setting next_dagrun for example_skip_dag to 2026-03-02T01:25:39.342575+00:00, run_after=2026-03-03T01:25:39.342575+00:00
[2026-03-03T01:25:39.357+0000] {processor.py:178} INFO - Processing /home/airflow/.local/lib/python3.7/site-packages/airflow/example_dags/example_skip_dag.py took 0.061 seconds
[2026-03-03T01:26:09.999+0000] {processor.py:156} INFO - Started process (PID=2346) to work on /home/airflow/.local/lib/python3.7/site-packages/airflow/example_dags/example_skip_dag.py
[2026-03-03T01:26:09.999+0000] {processor.py:799} INFO - Processing file /home/airflow/.local/lib/python3.7/site-packages/airflow/example_dags/example_skip_dag.py for tasks to queue
[2026-03-03T01:26:10.000+0000] {logging_mixin.py:149} INFO - [2026-03-03T01:26:10.000+0000] {dagbag.py:541} INFO - Filling up the DagBag from /home/airflow/.local/lib/python3.7/site-packages/airflow/example_dags/example_skip_dag.py
[2026-03-03T01:26:10.003+0000] {processor.py:809} INFO - DAG(s) dict_keys(['example_skip_dag']) retrieved from /home/airflow/.local/lib/python3.7/site-packages/airflow/example_dags/example_skip_dag.py
[2026-03-03T01:26:10.015+0000] {logging_mixin.py:149} INFO - [2026-03-03T01:26:10.015+0000] {dag.py:2726} INFO - Sync 1 DAGs
[2026-03-03T01:26:10.026+0000] {logging_mixin.py:149} INFO - [2026-03-03T01:26:10.026+0000] {dag.py:3490} INFO - Setting next_dagrun for example_skip_dag to 2026-03-02T01:26:10.026275+00:00, run_after=2026-03-03T01:26:10.026275+00:00
[2026-03-03T01:26:10.035+0000] {processor.py:178} INFO - Processing /home/airflow/.local/lib/python3.7/site-packages/airflow/example_dags/example_skip_dag.py took 0.038 seconds
[2026-03-03T01:26:40.545+0000] {processor.py:156} INFO - Started process (PID=2408) to work on /home/airflow/.local/lib/python3.7/site-packages/airflow/example_dags/example_skip_dag.py
[2026-03-03T01:26:40.547+0000] {processor.py:799} INFO - Processing file /home/airflow/.local/lib/python3.7/site-packages/airflow/example_dags/example_skip_dag.py for tasks to queue
[2026-03-03T01:26:40.547+0000] {logging_mixin.py:149} INFO - [2026-03-03T01:26:40.547+0000] {dagbag.py:541} INFO - Filling up the DagBag from /home/airflow/.local/lib/python3.7/site-packages/airflow/example_dags/example_skip_dag.py
[2026-03-03T01:26:40.551+0000] {processor.py:809} INFO - DAG(s) dict_keys(['example_skip_dag']) retrieved from /home/airflow/.local/lib/python3.7/site-packages/airflow/example_dags/example_skip_dag.py
[2026-03-03T01:26:40.566+0000] {logging_mixin.py:149} INFO - [2026-03-03T01:26:40.566+0000] {dag.py:2726} INFO - Sync 1 DAGs
[2026-03-03T01:26:40.580+0000] {logging_mixin.py:149} INFO - [2026-03-03T01:26:40.580+0000] {dag.py:3490} INFO - Setting next_dagrun for example_skip_dag to 2026-03-02T01:26:40.579723+00:00, run_after=2026-03-03T01:26:40.579723+00:00
[2026-03-03T01:26:40.598+0000] {processor.py:178} INFO - Processing /home/airflow/.local/lib/python3.7/site-packages/airflow/example_dags/example_skip_dag.py took 0.054 seconds
[2026-03-03T01:27:11.463+0000] {processor.py:156} INFO - Started process (PID=2469) to work on /home/airflow/.local/lib/python3.7/site-packages/airflow/example_dags/example_skip_dag.py
[2026-03-03T01:27:11.464+0000] {processor.py:799} INFO - Processing file /home/airflow/.local/lib/python3.7/site-packages/airflow/example_dags/example_skip_dag.py for tasks to queue
[2026-03-03T01:27:11.464+0000] {logging_mixin.py:149} INFO - [2026-03-03T01:27:11.464+0000] {dagbag.py:541} INFO - Filling up the DagBag from /home/airflow/.local/lib/python3.7/site-packages/airflow/example_dags/example_skip_dag.py
[2026-03-03T01:27:11.468+0000] {processor.py:809} INFO - DAG(s) dict_keys(['example_skip_dag']) retrieved from /home/airflow/.local/lib/python3.7/site-packages/airflow/example_dags/example_skip_dag.py
[2026-03-03T01:27:11.484+0000] {logging_mixin.py:149} INFO - [2026-03-03T01:27:11.484+0000] {dag.py:2726} INFO - Sync 1 DAGs
[2026-03-03T01:27:11.498+0000] {logging_mixin.py:149} INFO - [2026-03-03T01:27:11.498+0000] {dag.py:3490} INFO - Setting next_dagrun for example_skip_dag to 2026-03-02T01:27:11.498108+00:00, run_after=2026-03-03T01:27:11.498108+00:00
[2026-03-03T01:27:11.514+0000] {processor.py:178} INFO - Processing /home/airflow/.local/lib/python3.7/site-packages/airflow/example_dags/example_skip_dag.py took 0.053 seconds
[2026-03-03T01:27:42.066+0000] {processor.py:156} INFO - Started process (PID=2531) to work on /home/airflow/.local/lib/python3.7/site-packages/airflow/example_dags/example_skip_dag.py
[2026-03-03T01:27:42.069+0000] {processor.py:799} INFO - Processing file /home/airflow/.local/lib/python3.7/site-packages/airflow/example_dags/example_skip_dag.py for tasks to queue
[2026-03-03T01:27:42.073+0000] {logging_mixin.py:149} INFO - [2026-03-03T01:27:42.072+0000] {dagbag.py:541} INFO - Filling up the DagBag from /home/airflow/.local/lib/python3.7/site-packages/airflow/example_dags/example_skip_dag.py
[2026-03-03T01:27:42.094+0000] {processor.py:809} INFO - DAG(s) dict_keys(['example_skip_dag']) retrieved from /home/airflow/.local/lib/python3.7/site-packages/airflow/example_dags/example_skip_dag.py
[2026-03-03T01:27:42.155+0000] {logging_mixin.py:149} INFO - [2026-03-03T01:27:42.154+0000] {dag.py:2726} INFO - Sync 1 DAGs
[2026-03-03T01:27:42.227+0000] {logging_mixin.py:149} INFO - [2026-03-03T01:27:42.227+0000] {dag.py:3490} INFO - Setting next_dagrun for example_skip_dag to 2026-03-02T01:27:42.226633+00:00, run_after=2026-03-03T01:27:42.226633+00:00
[2026-03-03T01:27:42.295+0000] {processor.py:178} INFO - Processing /home/airflow/.local/lib/python3.7/site-packages/airflow/example_dags/example_skip_dag.py took 0.239 seconds
[2026-03-03T01:28:12.882+0000] {processor.py:156} INFO - Started process (PID=2593) to work on /home/airflow/.local/lib/python3.7/site-packages/airflow/example_dags/example_skip_dag.py
[2026-03-03T01:28:12.883+0000] {processor.py:799} INFO - Processing file /home/airflow/.local/lib/python3.7/site-packages/airflow/example_dags/example_skip_dag.py for tasks to queue
[2026-03-03T01:28:12.883+0000] {logging_mixin.py:149} INFO - [2026-03-03T01:28:12.883+0000] {dagbag.py:541} INFO - Filling up the DagBag from /home/airflow/.local/lib/python3.7/site-packages/airflow/example_dags/example_skip_dag.py
[2026-03-03T01:28:12.888+0000] {processor.py:809} INFO - DAG(s) dict_keys(['example_skip_dag']) retrieved from /home/airflow/.local/lib/python3.7/site-packages/airflow/example_dags/example_skip_dag.py
[2026-03-03T01:28:12.901+0000] {logging_mixin.py:149} INFO - [2026-03-03T01:28:12.901+0000] {dag.py:2726} INFO - Sync 1 DAGs
[2026-03-03T01:28:12.916+0000] {logging_mixin.py:149} INFO - [2026-03-03T01:28:12.916+0000] {dag.py:3490} INFO - Setting next_dagrun for example_skip_dag to 2026-03-02T01:28:12.916241+00:00, run_after=2026-03-03T01:28:12.916241+00:00
[2026-03-03T01:28:12.936+0000] {processor.py:178} INFO - Processing /home/airflow/.local/lib/python3.7/site-packages/airflow/example_dags/example_skip_dag.py took 0.055 seconds
[2026-03-03T01:28:43.341+0000] {processor.py:156} INFO - Started process (PID=2655) to work on /home/airflow/.local/lib/python3.7/site-packages/airflow/example_dags/example_skip_dag.py
[2026-03-03T01:28:43.342+0000] {processor.py:799} INFO - Processing file /home/airflow/.local/lib/python3.7/site-packages/airflow/example_dags/example_skip_dag.py for tasks to queue
[2026-03-03T01:28:43.344+0000] {logging_mixin.py:149} INFO - [2026-03-03T01:28:43.344+0000] {dagbag.py:541} INFO - Filling up the DagBag from /home/airflow/.local/lib/python3.7/site-packages/airflow/example_dags/example_skip_dag.py
[2026-03-03T01:28:43.360+0000] {processor.py:809} INFO - DAG(s) dict_keys(['example_skip_dag']) retrieved from /home/airflow/.local/lib/python3.7/site-packages/airflow/example_dags/example_skip_dag.py
[2026-03-03T01:28:43.415+0000] {logging_mixin.py:149} INFO - [2026-03-03T01:28:43.414+0000] {dag.py:2726} INFO - Sync 1 DAGs
[2026-03-03T01:28:43.474+0000] {logging_mixin.py:149} INFO - [2026-03-03T01:28:43.474+0000] {dag.py:3490} INFO - Setting next_dagrun for example_skip_dag to 2026-03-02T01:28:43.473986+00:00, run_after=2026-03-03T01:28:43.473986+00:00
[2026-03-03T01:28:43.533+0000] {processor.py:178} INFO - Processing /home/airflow/.local/lib/python3.7/site-packages/airflow/example_dags/example_skip_dag.py took 0.199 seconds
[2026-03-03T01:29:13.857+0000] {processor.py:156} INFO - Started process (PID=2717) to work on /home/airflow/.local/lib/python3.7/site-packages/airflow/example_dags/example_skip_dag.py
[2026-03-03T01:29:13.858+0000] {processor.py:799} INFO - Processing file /home/airflow/.local/lib/python3.7/site-packages/airflow/example_dags/example_skip_dag.py for tasks to queue
[2026-03-03T01:29:13.859+0000] {logging_mixin.py:149} INFO - [2026-03-03T01:29:13.858+0000] {dagbag.py:541} INFO - Filling up the DagBag from /home/airflow/.local/lib/python3.7/site-packages/airflow/example_dags/example_skip_dag.py
[2026-03-03T01:29:13.863+0000] {processor.py:809} INFO - DAG(s) dict_keys(['example_skip_dag']) retrieved from /home/airflow/.local/lib/python3.7/site-packages/airflow/example_dags/example_skip_dag.py
[2026-03-03T01:29:13.879+0000] {logging_mixin.py:149} INFO - [2026-03-03T01:29:13.879+0000] {dag.py:2726} INFO - Sync 1 DAGs
[2026-03-03T01:29:13.892+0000] {logging_mixin.py:149} INFO - [2026-03-03T01:29:13.892+0000] {dag.py:3490} INFO - Setting next_dagrun for example_skip_dag to 2026-03-02T01:29:13.892525+00:00, run_after=2026-03-03T01:29:13.892525+00:00
[2026-03-03T01:29:13.914+0000] {processor.py:178} INFO - Processing /home/airflow/.local/lib/python3.7/site-packages/airflow/example_dags/example_skip_dag.py took 0.060 seconds
