[2026-03-03T00:56:04.035+0000] {processor.py:156} INFO - Started process (PID=51) to work on /home/airflow/.local/lib/python3.7/site-packages/airflow/example_dags/example_short_circuit_decorator.py
[2026-03-03T00:56:04.037+0000] {processor.py:799} INFO - Processing file /home/airflow/.local/lib/python3.7/site-packages/airflow/example_dags/example_short_circuit_decorator.py for tasks to queue
[2026-03-03T00:56:04.040+0000] {logging_mixin.py:149} INFO - [2026-03-03T00:56:04.040+0000] {dagbag.py:541} INFO - Filling up the DagBag from /home/airflow/.local/lib/python3.7/site-packages/airflow/example_dags/example_short_circuit_decorator.py
[2026-03-03T00:56:04.051+0000] {processor.py:809} INFO - DAG(s) dict_keys(['example_short_circuit_decorator']) retrieved from /home/airflow/.local/lib/python3.7/site-packages/airflow/example_dags/example_short_circuit_decorator.py
[2026-03-03T00:56:04.069+0000] {logging_mixin.py:149} INFO - [2026-03-03T00:56:04.069+0000] {dag.py:2726} INFO - Sync 1 DAGs
[2026-03-03T00:56:04.097+0000] {logging_mixin.py:149} INFO - [2026-03-03T00:56:04.097+0000] {dag.py:3490} INFO - Setting next_dagrun for example_short_circuit_decorator to 2026-03-02T00:56:04.097513+00:00, run_after=2026-03-03T00:56:04.097513+00:00
[2026-03-03T00:56:04.119+0000] {processor.py:178} INFO - Processing /home/airflow/.local/lib/python3.7/site-packages/airflow/example_dags/example_short_circuit_decorator.py took 0.087 seconds
[2026-03-03T00:56:35.396+0000] {processor.py:156} INFO - Started process (PID=113) to work on /home/airflow/.local/lib/python3.7/site-packages/airflow/example_dags/example_short_circuit_decorator.py
[2026-03-03T00:56:35.400+0000] {processor.py:799} INFO - Processing file /home/airflow/.local/lib/python3.7/site-packages/airflow/example_dags/example_short_circuit_decorator.py for tasks to queue
[2026-03-03T00:56:35.402+0000] {logging_mixin.py:149} INFO - [2026-03-03T00:56:35.402+0000] {dagbag.py:541} INFO - Filling up the DagBag from /home/airflow/.local/lib/python3.7/site-packages/airflow/example_dags/example_short_circuit_decorator.py
[2026-03-03T00:56:35.427+0000] {processor.py:809} INFO - DAG(s) dict_keys(['example_short_circuit_decorator']) retrieved from /home/airflow/.local/lib/python3.7/site-packages/airflow/example_dags/example_short_circuit_decorator.py
[2026-03-03T00:56:35.504+0000] {logging_mixin.py:149} INFO - [2026-03-03T00:56:35.503+0000] {dag.py:2726} INFO - Sync 1 DAGs
[2026-03-03T00:56:35.573+0000] {logging_mixin.py:149} INFO - [2026-03-03T00:56:35.572+0000] {dag.py:3490} INFO - Setting next_dagrun for example_short_circuit_decorator to 2026-03-02T00:56:35.571906+00:00, run_after=2026-03-03T00:56:35.571906+00:00
[2026-03-03T00:56:35.628+0000] {processor.py:178} INFO - Processing /home/airflow/.local/lib/python3.7/site-packages/airflow/example_dags/example_short_circuit_decorator.py took 0.237 seconds
[2026-03-03T00:57:06.525+0000] {processor.py:156} INFO - Started process (PID=175) to work on /home/airflow/.local/lib/python3.7/site-packages/airflow/example_dags/example_short_circuit_decorator.py
[2026-03-03T00:57:06.526+0000] {processor.py:799} INFO - Processing file /home/airflow/.local/lib/python3.7/site-packages/airflow/example_dags/example_short_circuit_decorator.py for tasks to queue
[2026-03-03T00:57:06.529+0000] {logging_mixin.py:149} INFO - [2026-03-03T00:57:06.529+0000] {dagbag.py:541} INFO - Filling up the DagBag from /home/airflow/.local/lib/python3.7/site-packages/airflow/example_dags/example_short_circuit_decorator.py
[2026-03-03T00:57:06.537+0000] {processor.py:809} INFO - DAG(s) dict_keys(['example_short_circuit_decorator']) retrieved from /home/airflow/.local/lib/python3.7/site-packages/airflow/example_dags/example_short_circuit_decorator.py
[2026-03-03T00:57:06.563+0000] {logging_mixin.py:149} INFO - [2026-03-03T00:57:06.563+0000] {dag.py:2726} INFO - Sync 1 DAGs
[2026-03-03T00:57:06.575+0000] {logging_mixin.py:149} INFO - [2026-03-03T00:57:06.575+0000] {dag.py:3490} INFO - Setting next_dagrun for example_short_circuit_decorator to 2026-03-02T00:57:06.574983+00:00, run_after=2026-03-03T00:57:06.574983+00:00
[2026-03-03T00:57:06.591+0000] {processor.py:178} INFO - Processing /home/airflow/.local/lib/python3.7/site-packages/airflow/example_dags/example_short_circuit_decorator.py took 0.069 seconds
[2026-03-03T00:57:37.408+0000] {processor.py:156} INFO - Started process (PID=237) to work on /home/airflow/.local/lib/python3.7/site-packages/airflow/example_dags/example_short_circuit_decorator.py
[2026-03-03T00:57:37.412+0000] {processor.py:799} INFO - Processing file /home/airflow/.local/lib/python3.7/site-packages/airflow/example_dags/example_short_circuit_decorator.py for tasks to queue
[2026-03-03T00:57:37.412+0000] {logging_mixin.py:149} INFO - [2026-03-03T00:57:37.412+0000] {dagbag.py:541} INFO - Filling up the DagBag from /home/airflow/.local/lib/python3.7/site-packages/airflow/example_dags/example_short_circuit_decorator.py
[2026-03-03T00:57:37.421+0000] {processor.py:809} INFO - DAG(s) dict_keys(['example_short_circuit_decorator']) retrieved from /home/airflow/.local/lib/python3.7/site-packages/airflow/example_dags/example_short_circuit_decorator.py
[2026-03-03T00:57:37.465+0000] {logging_mixin.py:149} INFO - [2026-03-03T00:57:37.465+0000] {dag.py:2726} INFO - Sync 1 DAGs
[2026-03-03T00:57:37.480+0000] {logging_mixin.py:149} INFO - [2026-03-03T00:57:37.480+0000] {dag.py:3490} INFO - Setting next_dagrun for example_short_circuit_decorator to 2026-03-02T00:57:37.479963+00:00, run_after=2026-03-03T00:57:37.479963+00:00
[2026-03-03T00:57:37.494+0000] {processor.py:178} INFO - Processing /home/airflow/.local/lib/python3.7/site-packages/airflow/example_dags/example_short_circuit_decorator.py took 0.089 seconds
[2026-03-03T00:58:07.740+0000] {processor.py:156} INFO - Started process (PID=299) to work on /home/airflow/.local/lib/python3.7/site-packages/airflow/example_dags/example_short_circuit_decorator.py
[2026-03-03T00:58:07.743+0000] {processor.py:799} INFO - Processing file /home/airflow/.local/lib/python3.7/site-packages/airflow/example_dags/example_short_circuit_decorator.py for tasks to queue
[2026-03-03T00:58:07.748+0000] {logging_mixin.py:149} INFO - [2026-03-03T00:58:07.747+0000] {dagbag.py:541} INFO - Filling up the DagBag from /home/airflow/.local/lib/python3.7/site-packages/airflow/example_dags/example_short_circuit_decorator.py
[2026-03-03T00:58:07.770+0000] {processor.py:809} INFO - DAG(s) dict_keys(['example_short_circuit_decorator']) retrieved from /home/airflow/.local/lib/python3.7/site-packages/airflow/example_dags/example_short_circuit_decorator.py
[2026-03-03T00:58:07.832+0000] {logging_mixin.py:149} INFO - [2026-03-03T00:58:07.831+0000] {dag.py:2726} INFO - Sync 1 DAGs
[2026-03-03T00:58:07.901+0000] {logging_mixin.py:149} INFO - [2026-03-03T00:58:07.901+0000] {dag.py:3490} INFO - Setting next_dagrun for example_short_circuit_decorator to 2026-03-02T00:58:07.900686+00:00, run_after=2026-03-03T00:58:07.900686+00:00
[2026-03-03T00:58:07.966+0000] {processor.py:178} INFO - Processing /home/airflow/.local/lib/python3.7/site-packages/airflow/example_dags/example_short_circuit_decorator.py took 0.233 seconds
[2026-03-03T00:58:38.705+0000] {processor.py:156} INFO - Started process (PID=361) to work on /home/airflow/.local/lib/python3.7/site-packages/airflow/example_dags/example_short_circuit_decorator.py
[2026-03-03T00:58:38.706+0000] {processor.py:799} INFO - Processing file /home/airflow/.local/lib/python3.7/site-packages/airflow/example_dags/example_short_circuit_decorator.py for tasks to queue
[2026-03-03T00:58:38.706+0000] {logging_mixin.py:149} INFO - [2026-03-03T00:58:38.706+0000] {dagbag.py:541} INFO - Filling up the DagBag from /home/airflow/.local/lib/python3.7/site-packages/airflow/example_dags/example_short_circuit_decorator.py
[2026-03-03T00:58:38.711+0000] {processor.py:809} INFO - DAG(s) dict_keys(['example_short_circuit_decorator']) retrieved from /home/airflow/.local/lib/python3.7/site-packages/airflow/example_dags/example_short_circuit_decorator.py
[2026-03-03T00:58:38.727+0000] {logging_mixin.py:149} INFO - [2026-03-03T00:58:38.726+0000] {dag.py:2726} INFO - Sync 1 DAGs
[2026-03-03T00:58:38.740+0000] {logging_mixin.py:149} INFO - [2026-03-03T00:58:38.739+0000] {dag.py:3490} INFO - Setting next_dagrun for example_short_circuit_decorator to 2026-03-02T00:58:38.739815+00:00, run_after=2026-03-03T00:58:38.739815+00:00
[2026-03-03T00:58:38.754+0000] {processor.py:178} INFO - Processing /home/airflow/.local/lib/python3.7/site-packages/airflow/example_dags/example_short_circuit_decorator.py took 0.051 seconds
[2026-03-03T00:59:09.713+0000] {processor.py:156} INFO - Started process (PID=423) to work on /home/airflow/.local/lib/python3.7/site-packages/airflow/example_dags/example_short_circuit_decorator.py
[2026-03-03T00:59:09.714+0000] {processor.py:799} INFO - Processing file /home/airflow/.local/lib/python3.7/site-packages/airflow/example_dags/example_short_circuit_decorator.py for tasks to queue
[2026-03-03T00:59:09.715+0000] {logging_mixin.py:149} INFO - [2026-03-03T00:59:09.715+0000] {dagbag.py:541} INFO - Filling up the DagBag from /home/airflow/.local/lib/python3.7/site-packages/airflow/example_dags/example_short_circuit_decorator.py
[2026-03-03T00:59:09.727+0000] {processor.py:809} INFO - DAG(s) dict_keys(['example_short_circuit_decorator']) retrieved from /home/airflow/.local/lib/python3.7/site-packages/airflow/example_dags/example_short_circuit_decorator.py
[2026-03-03T00:59:09.755+0000] {logging_mixin.py:149} INFO - [2026-03-03T00:59:09.755+0000] {dag.py:2726} INFO - Sync 1 DAGs
[2026-03-03T00:59:09.786+0000] {logging_mixin.py:149} INFO - [2026-03-03T00:59:09.786+0000] {dag.py:3490} INFO - Setting next_dagrun for example_short_circuit_decorator to 2026-03-02T00:59:09.786524+00:00, run_after=2026-03-03T00:59:09.786524+00:00
[2026-03-03T00:59:09.797+0000] {processor.py:178} INFO - Processing /home/airflow/.local/lib/python3.7/site-packages/airflow/example_dags/example_short_circuit_decorator.py took 0.088 seconds
[2026-03-03T00:59:40.465+0000] {processor.py:156} INFO - Started process (PID=485) to work on /home/airflow/.local/lib/python3.7/site-packages/airflow/example_dags/example_short_circuit_decorator.py
[2026-03-03T00:59:40.466+0000] {processor.py:799} INFO - Processing file /home/airflow/.local/lib/python3.7/site-packages/airflow/example_dags/example_short_circuit_decorator.py for tasks to queue
[2026-03-03T00:59:40.466+0000] {logging_mixin.py:149} INFO - [2026-03-03T00:59:40.466+0000] {dagbag.py:541} INFO - Filling up the DagBag from /home/airflow/.local/lib/python3.7/site-packages/airflow/example_dags/example_short_circuit_decorator.py
[2026-03-03T00:59:40.471+0000] {processor.py:809} INFO - DAG(s) dict_keys(['example_short_circuit_decorator']) retrieved from /home/airflow/.local/lib/python3.7/site-packages/airflow/example_dags/example_short_circuit_decorator.py
[2026-03-03T00:59:40.483+0000] {logging_mixin.py:149} INFO - [2026-03-03T00:59:40.483+0000] {dag.py:2726} INFO - Sync 1 DAGs
[2026-03-03T00:59:40.493+0000] {logging_mixin.py:149} INFO - [2026-03-03T00:59:40.493+0000] {dag.py:3490} INFO - Setting next_dagrun for example_short_circuit_decorator to 2026-03-02T00:59:40.493716+00:00, run_after=2026-03-03T00:59:40.493716+00:00
[2026-03-03T00:59:40.500+0000] {processor.py:178} INFO - Processing /home/airflow/.local/lib/python3.7/site-packages/airflow/example_dags/example_short_circuit_decorator.py took 0.036 seconds
[2026-03-03T01:00:11.267+0000] {processor.py:156} INFO - Started process (PID=547) to work on /home/airflow/.local/lib/python3.7/site-packages/airflow/example_dags/example_short_circuit_decorator.py
[2026-03-03T01:00:11.269+0000] {processor.py:799} INFO - Processing file /home/airflow/.local/lib/python3.7/site-packages/airflow/example_dags/example_short_circuit_decorator.py for tasks to queue
[2026-03-03T01:00:11.273+0000] {logging_mixin.py:149} INFO - [2026-03-03T01:00:11.273+0000] {dagbag.py:541} INFO - Filling up the DagBag from /home/airflow/.local/lib/python3.7/site-packages/airflow/example_dags/example_short_circuit_decorator.py
[2026-03-03T01:00:11.299+0000] {processor.py:809} INFO - DAG(s) dict_keys(['example_short_circuit_decorator']) retrieved from /home/airflow/.local/lib/python3.7/site-packages/airflow/example_dags/example_short_circuit_decorator.py
[2026-03-03T01:00:11.368+0000] {logging_mixin.py:149} INFO - [2026-03-03T01:00:11.367+0000] {dag.py:2726} INFO - Sync 1 DAGs
[2026-03-03T01:00:11.442+0000] {logging_mixin.py:149} INFO - [2026-03-03T01:00:11.439+0000] {dag.py:3490} INFO - Setting next_dagrun for example_short_circuit_decorator to 2026-03-02T01:00:11.439356+00:00, run_after=2026-03-03T01:00:11.439356+00:00
[2026-03-03T01:00:11.513+0000] {processor.py:178} INFO - Processing /home/airflow/.local/lib/python3.7/site-packages/airflow/example_dags/example_short_circuit_decorator.py took 0.253 seconds
[2026-03-03T01:00:42.445+0000] {processor.py:156} INFO - Started process (PID=609) to work on /home/airflow/.local/lib/python3.7/site-packages/airflow/example_dags/example_short_circuit_decorator.py
[2026-03-03T01:00:42.448+0000] {processor.py:799} INFO - Processing file /home/airflow/.local/lib/python3.7/site-packages/airflow/example_dags/example_short_circuit_decorator.py for tasks to queue
[2026-03-03T01:00:42.450+0000] {logging_mixin.py:149} INFO - [2026-03-03T01:00:42.450+0000] {dagbag.py:541} INFO - Filling up the DagBag from /home/airflow/.local/lib/python3.7/site-packages/airflow/example_dags/example_short_circuit_decorator.py
[2026-03-03T01:00:42.481+0000] {processor.py:809} INFO - DAG(s) dict_keys(['example_short_circuit_decorator']) retrieved from /home/airflow/.local/lib/python3.7/site-packages/airflow/example_dags/example_short_circuit_decorator.py
[2026-03-03T01:00:42.549+0000] {logging_mixin.py:149} INFO - [2026-03-03T01:00:42.548+0000] {dag.py:2726} INFO - Sync 1 DAGs
[2026-03-03T01:00:42.633+0000] {logging_mixin.py:149} INFO - [2026-03-03T01:00:42.632+0000] {dag.py:3490} INFO - Setting next_dagrun for example_short_circuit_decorator to 2026-03-02T01:00:42.629531+00:00, run_after=2026-03-03T01:00:42.629531+00:00
[2026-03-03T01:00:42.714+0000] {processor.py:178} INFO - Processing /home/airflow/.local/lib/python3.7/site-packages/airflow/example_dags/example_short_circuit_decorator.py took 0.278 seconds
[2026-03-03T01:01:13.447+0000] {processor.py:156} INFO - Started process (PID=671) to work on /home/airflow/.local/lib/python3.7/site-packages/airflow/example_dags/example_short_circuit_decorator.py
[2026-03-03T01:01:13.450+0000] {processor.py:799} INFO - Processing file /home/airflow/.local/lib/python3.7/site-packages/airflow/example_dags/example_short_circuit_decorator.py for tasks to queue
[2026-03-03T01:01:13.450+0000] {logging_mixin.py:149} INFO - [2026-03-03T01:01:13.450+0000] {dagbag.py:541} INFO - Filling up the DagBag from /home/airflow/.local/lib/python3.7/site-packages/airflow/example_dags/example_short_circuit_decorator.py
[2026-03-03T01:01:13.457+0000] {processor.py:809} INFO - DAG(s) dict_keys(['example_short_circuit_decorator']) retrieved from /home/airflow/.local/lib/python3.7/site-packages/airflow/example_dags/example_short_circuit_decorator.py
[2026-03-03T01:01:13.476+0000] {logging_mixin.py:149} INFO - [2026-03-03T01:01:13.476+0000] {dag.py:2726} INFO - Sync 1 DAGs
[2026-03-03T01:01:13.490+0000] {logging_mixin.py:149} INFO - [2026-03-03T01:01:13.490+0000] {dag.py:3490} INFO - Setting next_dagrun for example_short_circuit_decorator to 2026-03-02T01:01:13.490437+00:00, run_after=2026-03-03T01:01:13.490437+00:00
[2026-03-03T01:01:13.500+0000] {processor.py:178} INFO - Processing /home/airflow/.local/lib/python3.7/site-packages/airflow/example_dags/example_short_circuit_decorator.py took 0.054 seconds
[2026-03-03T01:01:44.170+0000] {processor.py:156} INFO - Started process (PID=733) to work on /home/airflow/.local/lib/python3.7/site-packages/airflow/example_dags/example_short_circuit_decorator.py
[2026-03-03T01:01:44.170+0000] {processor.py:799} INFO - Processing file /home/airflow/.local/lib/python3.7/site-packages/airflow/example_dags/example_short_circuit_decorator.py for tasks to queue
[2026-03-03T01:01:44.171+0000] {logging_mixin.py:149} INFO - [2026-03-03T01:01:44.171+0000] {dagbag.py:541} INFO - Filling up the DagBag from /home/airflow/.local/lib/python3.7/site-packages/airflow/example_dags/example_short_circuit_decorator.py
[2026-03-03T01:01:44.177+0000] {processor.py:809} INFO - DAG(s) dict_keys(['example_short_circuit_decorator']) retrieved from /home/airflow/.local/lib/python3.7/site-packages/airflow/example_dags/example_short_circuit_decorator.py
[2026-03-03T01:01:44.198+0000] {logging_mixin.py:149} INFO - [2026-03-03T01:01:44.198+0000] {dag.py:2726} INFO - Sync 1 DAGs
[2026-03-03T01:01:44.214+0000] {logging_mixin.py:149} INFO - [2026-03-03T01:01:44.214+0000] {dag.py:3490} INFO - Setting next_dagrun for example_short_circuit_decorator to 2026-03-02T01:01:44.214515+00:00, run_after=2026-03-03T01:01:44.214515+00:00
[2026-03-03T01:01:44.225+0000] {processor.py:178} INFO - Processing /home/airflow/.local/lib/python3.7/site-packages/airflow/example_dags/example_short_circuit_decorator.py took 0.057 seconds
[2026-03-03T01:02:15.040+0000] {processor.py:156} INFO - Started process (PID=795) to work on /home/airflow/.local/lib/python3.7/site-packages/airflow/example_dags/example_short_circuit_decorator.py
[2026-03-03T01:02:15.041+0000] {processor.py:799} INFO - Processing file /home/airflow/.local/lib/python3.7/site-packages/airflow/example_dags/example_short_circuit_decorator.py for tasks to queue
[2026-03-03T01:02:15.041+0000] {logging_mixin.py:149} INFO - [2026-03-03T01:02:15.041+0000] {dagbag.py:541} INFO - Filling up the DagBag from /home/airflow/.local/lib/python3.7/site-packages/airflow/example_dags/example_short_circuit_decorator.py
[2026-03-03T01:02:15.046+0000] {processor.py:809} INFO - DAG(s) dict_keys(['example_short_circuit_decorator']) retrieved from /home/airflow/.local/lib/python3.7/site-packages/airflow/example_dags/example_short_circuit_decorator.py
[2026-03-03T01:02:15.063+0000] {logging_mixin.py:149} INFO - [2026-03-03T01:02:15.063+0000] {dag.py:2726} INFO - Sync 1 DAGs
[2026-03-03T01:02:15.076+0000] {logging_mixin.py:149} INFO - [2026-03-03T01:02:15.076+0000] {dag.py:3490} INFO - Setting next_dagrun for example_short_circuit_decorator to 2026-03-02T01:02:15.076009+00:00, run_after=2026-03-03T01:02:15.076009+00:00
[2026-03-03T01:02:15.085+0000] {processor.py:178} INFO - Processing /home/airflow/.local/lib/python3.7/site-packages/airflow/example_dags/example_short_circuit_decorator.py took 0.047 seconds
[2026-03-03T01:02:45.787+0000] {processor.py:156} INFO - Started process (PID=857) to work on /home/airflow/.local/lib/python3.7/site-packages/airflow/example_dags/example_short_circuit_decorator.py
[2026-03-03T01:02:45.789+0000] {processor.py:799} INFO - Processing file /home/airflow/.local/lib/python3.7/site-packages/airflow/example_dags/example_short_circuit_decorator.py for tasks to queue
[2026-03-03T01:02:45.789+0000] {logging_mixin.py:149} INFO - [2026-03-03T01:02:45.789+0000] {dagbag.py:541} INFO - Filling up the DagBag from /home/airflow/.local/lib/python3.7/site-packages/airflow/example_dags/example_short_circuit_decorator.py
[2026-03-03T01:02:45.795+0000] {processor.py:809} INFO - DAG(s) dict_keys(['example_short_circuit_decorator']) retrieved from /home/airflow/.local/lib/python3.7/site-packages/airflow/example_dags/example_short_circuit_decorator.py
[2026-03-03T01:02:45.814+0000] {logging_mixin.py:149} INFO - [2026-03-03T01:02:45.813+0000] {dag.py:2726} INFO - Sync 1 DAGs
[2026-03-03T01:02:45.829+0000] {logging_mixin.py:149} INFO - [2026-03-03T01:02:45.829+0000] {dag.py:3490} INFO - Setting next_dagrun for example_short_circuit_decorator to 2026-03-02T01:02:45.829189+00:00, run_after=2026-03-03T01:02:45.829189+00:00
[2026-03-03T01:02:45.839+0000] {processor.py:178} INFO - Processing /home/airflow/.local/lib/python3.7/site-packages/airflow/example_dags/example_short_circuit_decorator.py took 0.054 seconds
[2026-03-03T01:03:16.543+0000] {processor.py:156} INFO - Started process (PID=919) to work on /home/airflow/.local/lib/python3.7/site-packages/airflow/example_dags/example_short_circuit_decorator.py
[2026-03-03T01:03:16.543+0000] {processor.py:799} INFO - Processing file /home/airflow/.local/lib/python3.7/site-packages/airflow/example_dags/example_short_circuit_decorator.py for tasks to queue
[2026-03-03T01:03:16.544+0000] {logging_mixin.py:149} INFO - [2026-03-03T01:03:16.544+0000] {dagbag.py:541} INFO - Filling up the DagBag from /home/airflow/.local/lib/python3.7/site-packages/airflow/example_dags/example_short_circuit_decorator.py
[2026-03-03T01:03:16.553+0000] {processor.py:809} INFO - DAG(s) dict_keys(['example_short_circuit_decorator']) retrieved from /home/airflow/.local/lib/python3.7/site-packages/airflow/example_dags/example_short_circuit_decorator.py
[2026-03-03T01:03:16.567+0000] {logging_mixin.py:149} INFO - [2026-03-03T01:03:16.567+0000] {dag.py:2726} INFO - Sync 1 DAGs
[2026-03-03T01:03:16.585+0000] {logging_mixin.py:149} INFO - [2026-03-03T01:03:16.585+0000] {dag.py:3490} INFO - Setting next_dagrun for example_short_circuit_decorator to 2026-03-02T01:03:16.585541+00:00, run_after=2026-03-03T01:03:16.585541+00:00
[2026-03-03T01:03:16.594+0000] {processor.py:178} INFO - Processing /home/airflow/.local/lib/python3.7/site-packages/airflow/example_dags/example_short_circuit_decorator.py took 0.054 seconds
[2026-03-03T01:03:47.281+0000] {processor.py:156} INFO - Started process (PID=981) to work on /home/airflow/.local/lib/python3.7/site-packages/airflow/example_dags/example_short_circuit_decorator.py
[2026-03-03T01:03:47.282+0000] {processor.py:799} INFO - Processing file /home/airflow/.local/lib/python3.7/site-packages/airflow/example_dags/example_short_circuit_decorator.py for tasks to queue
[2026-03-03T01:03:47.284+0000] {logging_mixin.py:149} INFO - [2026-03-03T01:03:47.284+0000] {dagbag.py:541} INFO - Filling up the DagBag from /home/airflow/.local/lib/python3.7/site-packages/airflow/example_dags/example_short_circuit_decorator.py
[2026-03-03T01:03:47.293+0000] {processor.py:809} INFO - DAG(s) dict_keys(['example_short_circuit_decorator']) retrieved from /home/airflow/.local/lib/python3.7/site-packages/airflow/example_dags/example_short_circuit_decorator.py
[2026-03-03T01:03:47.318+0000] {logging_mixin.py:149} INFO - [2026-03-03T01:03:47.318+0000] {dag.py:2726} INFO - Sync 1 DAGs
[2026-03-03T01:03:47.336+0000] {logging_mixin.py:149} INFO - [2026-03-03T01:03:47.336+0000] {dag.py:3490} INFO - Setting next_dagrun for example_short_circuit_decorator to 2026-03-02T01:03:47.335989+00:00, run_after=2026-03-03T01:03:47.335989+00:00
[2026-03-03T01:03:47.347+0000] {processor.py:178} INFO - Processing /home/airflow/.local/lib/python3.7/site-packages/airflow/example_dags/example_short_circuit_decorator.py took 0.069 seconds
[2026-03-03T01:04:18.073+0000] {processor.py:156} INFO - Started process (PID=1043) to work on /home/airflow/.local/lib/python3.7/site-packages/airflow/example_dags/example_short_circuit_decorator.py
[2026-03-03T01:04:18.074+0000] {processor.py:799} INFO - Processing file /home/airflow/.local/lib/python3.7/site-packages/airflow/example_dags/example_short_circuit_decorator.py for tasks to queue
[2026-03-03T01:04:18.074+0000] {logging_mixin.py:149} INFO - [2026-03-03T01:04:18.074+0000] {dagbag.py:541} INFO - Filling up the DagBag from /home/airflow/.local/lib/python3.7/site-packages/airflow/example_dags/example_short_circuit_decorator.py
[2026-03-03T01:04:18.079+0000] {processor.py:809} INFO - DAG(s) dict_keys(['example_short_circuit_decorator']) retrieved from /home/airflow/.local/lib/python3.7/site-packages/airflow/example_dags/example_short_circuit_decorator.py
[2026-03-03T01:04:18.091+0000] {logging_mixin.py:149} INFO - [2026-03-03T01:04:18.090+0000] {dag.py:2726} INFO - Sync 1 DAGs
[2026-03-03T01:04:18.101+0000] {logging_mixin.py:149} INFO - [2026-03-03T01:04:18.101+0000] {dag.py:3490} INFO - Setting next_dagrun for example_short_circuit_decorator to 2026-03-02T01:04:18.101767+00:00, run_after=2026-03-03T01:04:18.101767+00:00
[2026-03-03T01:04:18.108+0000] {processor.py:178} INFO - Processing /home/airflow/.local/lib/python3.7/site-packages/airflow/example_dags/example_short_circuit_decorator.py took 0.037 seconds
[2026-03-03T01:04:48.642+0000] {processor.py:156} INFO - Started process (PID=1105) to work on /home/airflow/.local/lib/python3.7/site-packages/airflow/example_dags/example_short_circuit_decorator.py
[2026-03-03T01:04:48.643+0000] {processor.py:799} INFO - Processing file /home/airflow/.local/lib/python3.7/site-packages/airflow/example_dags/example_short_circuit_decorator.py for tasks to queue
[2026-03-03T01:04:48.643+0000] {logging_mixin.py:149} INFO - [2026-03-03T01:04:48.643+0000] {dagbag.py:541} INFO - Filling up the DagBag from /home/airflow/.local/lib/python3.7/site-packages/airflow/example_dags/example_short_circuit_decorator.py
[2026-03-03T01:04:48.650+0000] {processor.py:809} INFO - DAG(s) dict_keys(['example_short_circuit_decorator']) retrieved from /home/airflow/.local/lib/python3.7/site-packages/airflow/example_dags/example_short_circuit_decorator.py
[2026-03-03T01:04:48.669+0000] {logging_mixin.py:149} INFO - [2026-03-03T01:04:48.669+0000] {dag.py:2726} INFO - Sync 1 DAGs
[2026-03-03T01:04:48.684+0000] {logging_mixin.py:149} INFO - [2026-03-03T01:04:48.684+0000] {dag.py:3490} INFO - Setting next_dagrun for example_short_circuit_decorator to 2026-03-02T01:04:48.684006+00:00, run_after=2026-03-03T01:04:48.684006+00:00
[2026-03-03T01:04:48.693+0000] {processor.py:178} INFO - Processing /home/airflow/.local/lib/python3.7/site-packages/airflow/example_dags/example_short_circuit_decorator.py took 0.053 seconds
[2026-03-03T01:05:19.426+0000] {processor.py:156} INFO - Started process (PID=1167) to work on /home/airflow/.local/lib/python3.7/site-packages/airflow/example_dags/example_short_circuit_decorator.py
[2026-03-03T01:05:19.426+0000] {processor.py:799} INFO - Processing file /home/airflow/.local/lib/python3.7/site-packages/airflow/example_dags/example_short_circuit_decorator.py for tasks to queue
[2026-03-03T01:05:19.427+0000] {logging_mixin.py:149} INFO - [2026-03-03T01:05:19.427+0000] {dagbag.py:541} INFO - Filling up the DagBag from /home/airflow/.local/lib/python3.7/site-packages/airflow/example_dags/example_short_circuit_decorator.py
[2026-03-03T01:05:19.434+0000] {processor.py:809} INFO - DAG(s) dict_keys(['example_short_circuit_decorator']) retrieved from /home/airflow/.local/lib/python3.7/site-packages/airflow/example_dags/example_short_circuit_decorator.py
[2026-03-03T01:05:19.449+0000] {logging_mixin.py:149} INFO - [2026-03-03T01:05:19.449+0000] {dag.py:2726} INFO - Sync 1 DAGs
[2026-03-03T01:05:19.466+0000] {logging_mixin.py:149} INFO - [2026-03-03T01:05:19.466+0000] {dag.py:3490} INFO - Setting next_dagrun for example_short_circuit_decorator to 2026-03-02T01:05:19.466252+00:00, run_after=2026-03-03T01:05:19.466252+00:00
[2026-03-03T01:05:19.475+0000] {processor.py:178} INFO - Processing /home/airflow/.local/lib/python3.7/site-packages/airflow/example_dags/example_short_circuit_decorator.py took 0.052 seconds
[2026-03-03T01:05:50.176+0000] {processor.py:156} INFO - Started process (PID=1229) to work on /home/airflow/.local/lib/python3.7/site-packages/airflow/example_dags/example_short_circuit_decorator.py
[2026-03-03T01:05:50.176+0000] {processor.py:799} INFO - Processing file /home/airflow/.local/lib/python3.7/site-packages/airflow/example_dags/example_short_circuit_decorator.py for tasks to queue
[2026-03-03T01:05:50.177+0000] {logging_mixin.py:149} INFO - [2026-03-03T01:05:50.177+0000] {dagbag.py:541} INFO - Filling up the DagBag from /home/airflow/.local/lib/python3.7/site-packages/airflow/example_dags/example_short_circuit_decorator.py
[2026-03-03T01:05:50.181+0000] {processor.py:809} INFO - DAG(s) dict_keys(['example_short_circuit_decorator']) retrieved from /home/airflow/.local/lib/python3.7/site-packages/airflow/example_dags/example_short_circuit_decorator.py
[2026-03-03T01:05:50.192+0000] {logging_mixin.py:149} INFO - [2026-03-03T01:05:50.192+0000] {dag.py:2726} INFO - Sync 1 DAGs
[2026-03-03T01:05:50.203+0000] {logging_mixin.py:149} INFO - [2026-03-03T01:05:50.203+0000] {dag.py:3490} INFO - Setting next_dagrun for example_short_circuit_decorator to 2026-03-02T01:05:50.202925+00:00, run_after=2026-03-03T01:05:50.202925+00:00
[2026-03-03T01:05:50.209+0000] {processor.py:178} INFO - Processing /home/airflow/.local/lib/python3.7/site-packages/airflow/example_dags/example_short_circuit_decorator.py took 0.035 seconds
[2026-03-03T01:06:20.672+0000] {processor.py:156} INFO - Started process (PID=1291) to work on /home/airflow/.local/lib/python3.7/site-packages/airflow/example_dags/example_short_circuit_decorator.py
[2026-03-03T01:06:20.673+0000] {processor.py:799} INFO - Processing file /home/airflow/.local/lib/python3.7/site-packages/airflow/example_dags/example_short_circuit_decorator.py for tasks to queue
[2026-03-03T01:06:20.673+0000] {logging_mixin.py:149} INFO - [2026-03-03T01:06:20.673+0000] {dagbag.py:541} INFO - Filling up the DagBag from /home/airflow/.local/lib/python3.7/site-packages/airflow/example_dags/example_short_circuit_decorator.py
[2026-03-03T01:06:20.678+0000] {processor.py:809} INFO - DAG(s) dict_keys(['example_short_circuit_decorator']) retrieved from /home/airflow/.local/lib/python3.7/site-packages/airflow/example_dags/example_short_circuit_decorator.py
[2026-03-03T01:06:20.690+0000] {logging_mixin.py:149} INFO - [2026-03-03T01:06:20.690+0000] {dag.py:2726} INFO - Sync 1 DAGs
[2026-03-03T01:06:20.705+0000] {logging_mixin.py:149} INFO - [2026-03-03T01:06:20.705+0000] {dag.py:3490} INFO - Setting next_dagrun for example_short_circuit_decorator to 2026-03-02T01:06:20.705333+00:00, run_after=2026-03-03T01:06:20.705333+00:00
[2026-03-03T01:06:20.714+0000] {processor.py:178} INFO - Processing /home/airflow/.local/lib/python3.7/site-packages/airflow/example_dags/example_short_circuit_decorator.py took 0.042 seconds
[2026-03-03T01:07:09.259+0000] {processor.py:156} INFO - Started process (PID=43) to work on /home/airflow/.local/lib/python3.7/site-packages/airflow/example_dags/example_short_circuit_decorator.py
[2026-03-03T01:07:09.260+0000] {processor.py:799} INFO - Processing file /home/airflow/.local/lib/python3.7/site-packages/airflow/example_dags/example_short_circuit_decorator.py for tasks to queue
[2026-03-03T01:07:09.260+0000] {logging_mixin.py:149} INFO - [2026-03-03T01:07:09.260+0000] {dagbag.py:541} INFO - Filling up the DagBag from /home/airflow/.local/lib/python3.7/site-packages/airflow/example_dags/example_short_circuit_decorator.py
[2026-03-03T01:07:09.266+0000] {processor.py:809} INFO - DAG(s) dict_keys(['example_short_circuit_decorator']) retrieved from /home/airflow/.local/lib/python3.7/site-packages/airflow/example_dags/example_short_circuit_decorator.py
[2026-03-03T01:07:09.277+0000] {logging_mixin.py:149} INFO - [2026-03-03T01:07:09.276+0000] {dag.py:2726} INFO - Sync 1 DAGs
[2026-03-03T01:07:09.293+0000] {logging_mixin.py:149} INFO - [2026-03-03T01:07:09.293+0000] {dag.py:3490} INFO - Setting next_dagrun for example_short_circuit_decorator to 2026-03-02T01:07:09.293671+00:00, run_after=2026-03-03T01:07:09.293671+00:00
[2026-03-03T01:07:09.309+0000] {processor.py:178} INFO - Processing /home/airflow/.local/lib/python3.7/site-packages/airflow/example_dags/example_short_circuit_decorator.py took 0.052 seconds
[2026-03-03T01:07:39.419+0000] {processor.py:156} INFO - Started process (PID=105) to work on /home/airflow/.local/lib/python3.7/site-packages/airflow/example_dags/example_short_circuit_decorator.py
[2026-03-03T01:07:39.420+0000] {processor.py:799} INFO - Processing file /home/airflow/.local/lib/python3.7/site-packages/airflow/example_dags/example_short_circuit_decorator.py for tasks to queue
[2026-03-03T01:07:39.420+0000] {logging_mixin.py:149} INFO - [2026-03-03T01:07:39.420+0000] {dagbag.py:541} INFO - Filling up the DagBag from /home/airflow/.local/lib/python3.7/site-packages/airflow/example_dags/example_short_circuit_decorator.py
[2026-03-03T01:07:39.425+0000] {processor.py:809} INFO - DAG(s) dict_keys(['example_short_circuit_decorator']) retrieved from /home/airflow/.local/lib/python3.7/site-packages/airflow/example_dags/example_short_circuit_decorator.py
[2026-03-03T01:07:39.441+0000] {logging_mixin.py:149} INFO - [2026-03-03T01:07:39.440+0000] {dag.py:2726} INFO - Sync 1 DAGs
[2026-03-03T01:07:39.456+0000] {logging_mixin.py:149} INFO - [2026-03-03T01:07:39.456+0000] {dag.py:3490} INFO - Setting next_dagrun for example_short_circuit_decorator to 2026-03-02T01:07:39.456246+00:00, run_after=2026-03-03T01:07:39.456246+00:00
[2026-03-03T01:07:39.466+0000] {processor.py:178} INFO - Processing /home/airflow/.local/lib/python3.7/site-packages/airflow/example_dags/example_short_circuit_decorator.py took 0.049 seconds
[2026-03-03T01:08:12.522+0000] {processor.py:156} INFO - Started process (PID=174) to work on /home/airflow/.local/lib/python3.7/site-packages/airflow/example_dags/example_short_circuit_decorator.py
[2026-03-03T01:08:12.526+0000] {processor.py:799} INFO - Processing file /home/airflow/.local/lib/python3.7/site-packages/airflow/example_dags/example_short_circuit_decorator.py for tasks to queue
[2026-03-03T01:08:12.527+0000] {logging_mixin.py:149} INFO - [2026-03-03T01:08:12.527+0000] {dagbag.py:541} INFO - Filling up the DagBag from /home/airflow/.local/lib/python3.7/site-packages/airflow/example_dags/example_short_circuit_decorator.py
[2026-03-03T01:08:12.548+0000] {processor.py:809} INFO - DAG(s) dict_keys(['example_short_circuit_decorator']) retrieved from /home/airflow/.local/lib/python3.7/site-packages/airflow/example_dags/example_short_circuit_decorator.py
[2026-03-03T01:08:12.621+0000] {logging_mixin.py:149} INFO - [2026-03-03T01:08:12.620+0000] {dag.py:2726} INFO - Sync 1 DAGs
[2026-03-03T01:08:13.041+0000] {logging_mixin.py:149} INFO - [2026-03-03T01:08:13.040+0000] {dag.py:3490} INFO - Setting next_dagrun for example_short_circuit_decorator to 2026-03-02T01:08:13.040398+00:00, run_after=2026-03-03T01:08:13.040398+00:00
[2026-03-03T01:08:13.107+0000] {processor.py:178} INFO - Processing /home/airflow/.local/lib/python3.7/site-packages/airflow/example_dags/example_short_circuit_decorator.py took 0.592 seconds
[2026-03-03T01:08:43.704+0000] {processor.py:156} INFO - Started process (PID=236) to work on /home/airflow/.local/lib/python3.7/site-packages/airflow/example_dags/example_short_circuit_decorator.py
[2026-03-03T01:08:43.708+0000] {processor.py:799} INFO - Processing file /home/airflow/.local/lib/python3.7/site-packages/airflow/example_dags/example_short_circuit_decorator.py for tasks to queue
[2026-03-03T01:08:43.710+0000] {logging_mixin.py:149} INFO - [2026-03-03T01:08:43.710+0000] {dagbag.py:541} INFO - Filling up the DagBag from /home/airflow/.local/lib/python3.7/site-packages/airflow/example_dags/example_short_circuit_decorator.py
[2026-03-03T01:08:43.718+0000] {processor.py:809} INFO - DAG(s) dict_keys(['example_short_circuit_decorator']) retrieved from /home/airflow/.local/lib/python3.7/site-packages/airflow/example_dags/example_short_circuit_decorator.py
[2026-03-03T01:08:43.744+0000] {logging_mixin.py:149} INFO - [2026-03-03T01:08:43.744+0000] {dag.py:2726} INFO - Sync 1 DAGs
[2026-03-03T01:08:43.765+0000] {logging_mixin.py:149} INFO - [2026-03-03T01:08:43.764+0000] {dag.py:3490} INFO - Setting next_dagrun for example_short_circuit_decorator to 2026-03-02T01:08:43.764796+00:00, run_after=2026-03-03T01:08:43.764796+00:00
[2026-03-03T01:08:43.784+0000] {processor.py:178} INFO - Processing /home/airflow/.local/lib/python3.7/site-packages/airflow/example_dags/example_short_circuit_decorator.py took 0.083 seconds
[2026-03-03T01:09:14.700+0000] {processor.py:156} INFO - Started process (PID=298) to work on /home/airflow/.local/lib/python3.7/site-packages/airflow/example_dags/example_short_circuit_decorator.py
[2026-03-03T01:09:14.703+0000] {processor.py:799} INFO - Processing file /home/airflow/.local/lib/python3.7/site-packages/airflow/example_dags/example_short_circuit_decorator.py for tasks to queue
[2026-03-03T01:09:14.704+0000] {logging_mixin.py:149} INFO - [2026-03-03T01:09:14.703+0000] {dagbag.py:541} INFO - Filling up the DagBag from /home/airflow/.local/lib/python3.7/site-packages/airflow/example_dags/example_short_circuit_decorator.py
[2026-03-03T01:09:14.710+0000] {processor.py:809} INFO - DAG(s) dict_keys(['example_short_circuit_decorator']) retrieved from /home/airflow/.local/lib/python3.7/site-packages/airflow/example_dags/example_short_circuit_decorator.py
[2026-03-03T01:09:14.730+0000] {logging_mixin.py:149} INFO - [2026-03-03T01:09:14.730+0000] {dag.py:2726} INFO - Sync 1 DAGs
[2026-03-03T01:09:14.744+0000] {logging_mixin.py:149} INFO - [2026-03-03T01:09:14.744+0000] {dag.py:3490} INFO - Setting next_dagrun for example_short_circuit_decorator to 2026-03-02T01:09:14.744205+00:00, run_after=2026-03-03T01:09:14.744205+00:00
[2026-03-03T01:09:14.758+0000] {processor.py:178} INFO - Processing /home/airflow/.local/lib/python3.7/site-packages/airflow/example_dags/example_short_circuit_decorator.py took 0.061 seconds
[2026-03-03T01:09:45.654+0000] {processor.py:156} INFO - Started process (PID=360) to work on /home/airflow/.local/lib/python3.7/site-packages/airflow/example_dags/example_short_circuit_decorator.py
[2026-03-03T01:09:45.655+0000] {processor.py:799} INFO - Processing file /home/airflow/.local/lib/python3.7/site-packages/airflow/example_dags/example_short_circuit_decorator.py for tasks to queue
[2026-03-03T01:09:45.656+0000] {logging_mixin.py:149} INFO - [2026-03-03T01:09:45.656+0000] {dagbag.py:541} INFO - Filling up the DagBag from /home/airflow/.local/lib/python3.7/site-packages/airflow/example_dags/example_short_circuit_decorator.py
[2026-03-03T01:09:45.662+0000] {processor.py:809} INFO - DAG(s) dict_keys(['example_short_circuit_decorator']) retrieved from /home/airflow/.local/lib/python3.7/site-packages/airflow/example_dags/example_short_circuit_decorator.py
[2026-03-03T01:09:45.682+0000] {logging_mixin.py:149} INFO - [2026-03-03T01:09:45.682+0000] {dag.py:2726} INFO - Sync 1 DAGs
[2026-03-03T01:09:45.698+0000] {logging_mixin.py:149} INFO - [2026-03-03T01:09:45.698+0000] {dag.py:3490} INFO - Setting next_dagrun for example_short_circuit_decorator to 2026-03-02T01:09:45.698536+00:00, run_after=2026-03-03T01:09:45.698536+00:00
[2026-03-03T01:09:45.714+0000] {processor.py:178} INFO - Processing /home/airflow/.local/lib/python3.7/site-packages/airflow/example_dags/example_short_circuit_decorator.py took 0.064 seconds
[2026-03-03T01:10:16.295+0000] {processor.py:156} INFO - Started process (PID=422) to work on /home/airflow/.local/lib/python3.7/site-packages/airflow/example_dags/example_short_circuit_decorator.py
[2026-03-03T01:10:16.298+0000] {processor.py:799} INFO - Processing file /home/airflow/.local/lib/python3.7/site-packages/airflow/example_dags/example_short_circuit_decorator.py for tasks to queue
[2026-03-03T01:10:16.302+0000] {logging_mixin.py:149} INFO - [2026-03-03T01:10:16.300+0000] {dagbag.py:541} INFO - Filling up the DagBag from /home/airflow/.local/lib/python3.7/site-packages/airflow/example_dags/example_short_circuit_decorator.py
[2026-03-03T01:10:16.349+0000] {processor.py:809} INFO - DAG(s) dict_keys(['example_short_circuit_decorator']) retrieved from /home/airflow/.local/lib/python3.7/site-packages/airflow/example_dags/example_short_circuit_decorator.py
[2026-03-03T01:10:16.439+0000] {logging_mixin.py:149} INFO - [2026-03-03T01:10:16.439+0000] {dag.py:2726} INFO - Sync 1 DAGs
[2026-03-03T01:10:16.533+0000] {logging_mixin.py:149} INFO - [2026-03-03T01:10:16.533+0000] {dag.py:3490} INFO - Setting next_dagrun for example_short_circuit_decorator to 2026-03-02T01:10:16.532526+00:00, run_after=2026-03-03T01:10:16.532526+00:00
[2026-03-03T01:10:16.591+0000] {processor.py:178} INFO - Processing /home/airflow/.local/lib/python3.7/site-packages/airflow/example_dags/example_short_circuit_decorator.py took 0.306 seconds
[2026-03-03T01:10:46.646+0000] {processor.py:156} INFO - Started process (PID=484) to work on /home/airflow/.local/lib/python3.7/site-packages/airflow/example_dags/example_short_circuit_decorator.py
[2026-03-03T01:10:46.650+0000] {processor.py:799} INFO - Processing file /home/airflow/.local/lib/python3.7/site-packages/airflow/example_dags/example_short_circuit_decorator.py for tasks to queue
[2026-03-03T01:10:46.653+0000] {logging_mixin.py:149} INFO - [2026-03-03T01:10:46.652+0000] {dagbag.py:541} INFO - Filling up the DagBag from /home/airflow/.local/lib/python3.7/site-packages/airflow/example_dags/example_short_circuit_decorator.py
[2026-03-03T01:10:46.686+0000] {processor.py:809} INFO - DAG(s) dict_keys(['example_short_circuit_decorator']) retrieved from /home/airflow/.local/lib/python3.7/site-packages/airflow/example_dags/example_short_circuit_decorator.py
[2026-03-03T01:10:46.752+0000] {logging_mixin.py:149} INFO - [2026-03-03T01:10:46.752+0000] {dag.py:2726} INFO - Sync 1 DAGs
[2026-03-03T01:10:46.816+0000] {logging_mixin.py:149} INFO - [2026-03-03T01:10:46.816+0000] {dag.py:3490} INFO - Setting next_dagrun for example_short_circuit_decorator to 2026-03-02T01:10:46.815279+00:00, run_after=2026-03-03T01:10:46.815279+00:00
[2026-03-03T01:10:46.869+0000] {processor.py:178} INFO - Processing /home/airflow/.local/lib/python3.7/site-packages/airflow/example_dags/example_short_circuit_decorator.py took 0.232 seconds
[2026-03-03T01:11:17.547+0000] {processor.py:156} INFO - Started process (PID=546) to work on /home/airflow/.local/lib/python3.7/site-packages/airflow/example_dags/example_short_circuit_decorator.py
[2026-03-03T01:11:17.548+0000] {processor.py:799} INFO - Processing file /home/airflow/.local/lib/python3.7/site-packages/airflow/example_dags/example_short_circuit_decorator.py for tasks to queue
[2026-03-03T01:11:17.548+0000] {logging_mixin.py:149} INFO - [2026-03-03T01:11:17.548+0000] {dagbag.py:541} INFO - Filling up the DagBag from /home/airflow/.local/lib/python3.7/site-packages/airflow/example_dags/example_short_circuit_decorator.py
[2026-03-03T01:11:17.555+0000] {processor.py:809} INFO - DAG(s) dict_keys(['example_short_circuit_decorator']) retrieved from /home/airflow/.local/lib/python3.7/site-packages/airflow/example_dags/example_short_circuit_decorator.py
[2026-03-03T01:11:17.574+0000] {logging_mixin.py:149} INFO - [2026-03-03T01:11:17.574+0000] {dag.py:2726} INFO - Sync 1 DAGs
[2026-03-03T01:11:17.591+0000] {logging_mixin.py:149} INFO - [2026-03-03T01:11:17.591+0000] {dag.py:3490} INFO - Setting next_dagrun for example_short_circuit_decorator to 2026-03-02T01:11:17.591601+00:00, run_after=2026-03-03T01:11:17.591601+00:00
[2026-03-03T01:11:17.606+0000] {processor.py:178} INFO - Processing /home/airflow/.local/lib/python3.7/site-packages/airflow/example_dags/example_short_circuit_decorator.py took 0.061 seconds
[2026-03-03T01:11:48.655+0000] {processor.py:156} INFO - Started process (PID=608) to work on /home/airflow/.local/lib/python3.7/site-packages/airflow/example_dags/example_short_circuit_decorator.py
[2026-03-03T01:11:48.657+0000] {processor.py:799} INFO - Processing file /home/airflow/.local/lib/python3.7/site-packages/airflow/example_dags/example_short_circuit_decorator.py for tasks to queue
[2026-03-03T01:11:48.659+0000] {logging_mixin.py:149} INFO - [2026-03-03T01:11:48.659+0000] {dagbag.py:541} INFO - Filling up the DagBag from /home/airflow/.local/lib/python3.7/site-packages/airflow/example_dags/example_short_circuit_decorator.py
[2026-03-03T01:11:48.681+0000] {processor.py:809} INFO - DAG(s) dict_keys(['example_short_circuit_decorator']) retrieved from /home/airflow/.local/lib/python3.7/site-packages/airflow/example_dags/example_short_circuit_decorator.py
[2026-03-03T01:11:48.751+0000] {logging_mixin.py:149} INFO - [2026-03-03T01:11:48.750+0000] {dag.py:2726} INFO - Sync 1 DAGs
[2026-03-03T01:11:48.816+0000] {logging_mixin.py:149} INFO - [2026-03-03T01:11:48.816+0000] {dag.py:3490} INFO - Setting next_dagrun for example_short_circuit_decorator to 2026-03-02T01:11:48.815549+00:00, run_after=2026-03-03T01:11:48.815549+00:00
[2026-03-03T01:11:48.875+0000] {processor.py:178} INFO - Processing /home/airflow/.local/lib/python3.7/site-packages/airflow/example_dags/example_short_circuit_decorator.py took 0.225 seconds
[2026-03-03T01:12:19.654+0000] {processor.py:156} INFO - Started process (PID=670) to work on /home/airflow/.local/lib/python3.7/site-packages/airflow/example_dags/example_short_circuit_decorator.py
[2026-03-03T01:12:19.656+0000] {processor.py:799} INFO - Processing file /home/airflow/.local/lib/python3.7/site-packages/airflow/example_dags/example_short_circuit_decorator.py for tasks to queue
[2026-03-03T01:12:19.658+0000] {logging_mixin.py:149} INFO - [2026-03-03T01:12:19.658+0000] {dagbag.py:541} INFO - Filling up the DagBag from /home/airflow/.local/lib/python3.7/site-packages/airflow/example_dags/example_short_circuit_decorator.py
[2026-03-03T01:12:19.681+0000] {processor.py:809} INFO - DAG(s) dict_keys(['example_short_circuit_decorator']) retrieved from /home/airflow/.local/lib/python3.7/site-packages/airflow/example_dags/example_short_circuit_decorator.py
[2026-03-03T01:12:19.738+0000] {logging_mixin.py:149} INFO - [2026-03-03T01:12:19.737+0000] {dag.py:2726} INFO - Sync 1 DAGs
[2026-03-03T01:12:19.798+0000] {logging_mixin.py:149} INFO - [2026-03-03T01:12:19.797+0000] {dag.py:3490} INFO - Setting next_dagrun for example_short_circuit_decorator to 2026-03-02T01:12:19.797036+00:00, run_after=2026-03-03T01:12:19.797036+00:00
[2026-03-03T01:12:19.845+0000] {processor.py:178} INFO - Processing /home/airflow/.local/lib/python3.7/site-packages/airflow/example_dags/example_short_circuit_decorator.py took 0.198 seconds
[2026-03-03T01:12:50.153+0000] {processor.py:156} INFO - Started process (PID=733) to work on /home/airflow/.local/lib/python3.7/site-packages/airflow/example_dags/example_short_circuit_decorator.py
[2026-03-03T01:12:50.155+0000] {processor.py:799} INFO - Processing file /home/airflow/.local/lib/python3.7/site-packages/airflow/example_dags/example_short_circuit_decorator.py for tasks to queue
[2026-03-03T01:12:50.159+0000] {logging_mixin.py:149} INFO - [2026-03-03T01:12:50.158+0000] {dagbag.py:541} INFO - Filling up the DagBag from /home/airflow/.local/lib/python3.7/site-packages/airflow/example_dags/example_short_circuit_decorator.py
[2026-03-03T01:12:50.200+0000] {processor.py:809} INFO - DAG(s) dict_keys(['example_short_circuit_decorator']) retrieved from /home/airflow/.local/lib/python3.7/site-packages/airflow/example_dags/example_short_circuit_decorator.py
[2026-03-03T01:12:50.278+0000] {logging_mixin.py:149} INFO - [2026-03-03T01:12:50.277+0000] {dag.py:2726} INFO - Sync 1 DAGs
[2026-03-03T01:12:50.360+0000] {logging_mixin.py:149} INFO - [2026-03-03T01:12:50.360+0000] {dag.py:3490} INFO - Setting next_dagrun for example_short_circuit_decorator to 2026-03-02T01:12:50.359582+00:00, run_after=2026-03-03T01:12:50.359582+00:00
[2026-03-03T01:12:50.414+0000] {processor.py:178} INFO - Processing /home/airflow/.local/lib/python3.7/site-packages/airflow/example_dags/example_short_circuit_decorator.py took 0.270 seconds
[2026-03-03T01:13:21.207+0000] {processor.py:156} INFO - Started process (PID=795) to work on /home/airflow/.local/lib/python3.7/site-packages/airflow/example_dags/example_short_circuit_decorator.py
[2026-03-03T01:13:21.208+0000] {processor.py:799} INFO - Processing file /home/airflow/.local/lib/python3.7/site-packages/airflow/example_dags/example_short_circuit_decorator.py for tasks to queue
[2026-03-03T01:13:21.208+0000] {logging_mixin.py:149} INFO - [2026-03-03T01:13:21.208+0000] {dagbag.py:541} INFO - Filling up the DagBag from /home/airflow/.local/lib/python3.7/site-packages/airflow/example_dags/example_short_circuit_decorator.py
[2026-03-03T01:13:21.213+0000] {processor.py:809} INFO - DAG(s) dict_keys(['example_short_circuit_decorator']) retrieved from /home/airflow/.local/lib/python3.7/site-packages/airflow/example_dags/example_short_circuit_decorator.py
[2026-03-03T01:13:21.227+0000] {logging_mixin.py:149} INFO - [2026-03-03T01:13:21.227+0000] {dag.py:2726} INFO - Sync 1 DAGs
[2026-03-03T01:13:21.238+0000] {logging_mixin.py:149} INFO - [2026-03-03T01:13:21.238+0000] {dag.py:3490} INFO - Setting next_dagrun for example_short_circuit_decorator to 2026-03-02T01:13:21.238621+00:00, run_after=2026-03-03T01:13:21.238621+00:00
[2026-03-03T01:13:21.248+0000] {processor.py:178} INFO - Processing /home/airflow/.local/lib/python3.7/site-packages/airflow/example_dags/example_short_circuit_decorator.py took 0.042 seconds
[2026-03-03T01:13:51.863+0000] {processor.py:156} INFO - Started process (PID=857) to work on /home/airflow/.local/lib/python3.7/site-packages/airflow/example_dags/example_short_circuit_decorator.py
[2026-03-03T01:13:51.865+0000] {processor.py:799} INFO - Processing file /home/airflow/.local/lib/python3.7/site-packages/airflow/example_dags/example_short_circuit_decorator.py for tasks to queue
[2026-03-03T01:13:51.866+0000] {logging_mixin.py:149} INFO - [2026-03-03T01:13:51.866+0000] {dagbag.py:541} INFO - Filling up the DagBag from /home/airflow/.local/lib/python3.7/site-packages/airflow/example_dags/example_short_circuit_decorator.py
[2026-03-03T01:13:51.874+0000] {processor.py:809} INFO - DAG(s) dict_keys(['example_short_circuit_decorator']) retrieved from /home/airflow/.local/lib/python3.7/site-packages/airflow/example_dags/example_short_circuit_decorator.py
[2026-03-03T01:13:51.890+0000] {logging_mixin.py:149} INFO - [2026-03-03T01:13:51.890+0000] {dag.py:2726} INFO - Sync 1 DAGs
[2026-03-03T01:13:51.905+0000] {logging_mixin.py:149} INFO - [2026-03-03T01:13:51.905+0000] {dag.py:3490} INFO - Setting next_dagrun for example_short_circuit_decorator to 2026-03-02T01:13:51.904882+00:00, run_after=2026-03-03T01:13:51.904882+00:00
[2026-03-03T01:13:51.916+0000] {processor.py:178} INFO - Processing /home/airflow/.local/lib/python3.7/site-packages/airflow/example_dags/example_short_circuit_decorator.py took 0.057 seconds
[2026-03-03T01:14:22.623+0000] {processor.py:156} INFO - Started process (PID=919) to work on /home/airflow/.local/lib/python3.7/site-packages/airflow/example_dags/example_short_circuit_decorator.py
[2026-03-03T01:14:22.624+0000] {processor.py:799} INFO - Processing file /home/airflow/.local/lib/python3.7/site-packages/airflow/example_dags/example_short_circuit_decorator.py for tasks to queue
[2026-03-03T01:14:22.624+0000] {logging_mixin.py:149} INFO - [2026-03-03T01:14:22.624+0000] {dagbag.py:541} INFO - Filling up the DagBag from /home/airflow/.local/lib/python3.7/site-packages/airflow/example_dags/example_short_circuit_decorator.py
[2026-03-03T01:14:22.631+0000] {processor.py:809} INFO - DAG(s) dict_keys(['example_short_circuit_decorator']) retrieved from /home/airflow/.local/lib/python3.7/site-packages/airflow/example_dags/example_short_circuit_decorator.py
[2026-03-03T01:14:22.649+0000] {logging_mixin.py:149} INFO - [2026-03-03T01:14:22.648+0000] {dag.py:2726} INFO - Sync 1 DAGs
[2026-03-03T01:14:22.663+0000] {logging_mixin.py:149} INFO - [2026-03-03T01:14:22.663+0000] {dag.py:3490} INFO - Setting next_dagrun for example_short_circuit_decorator to 2026-03-02T01:14:22.663464+00:00, run_after=2026-03-03T01:14:22.663464+00:00
[2026-03-03T01:14:22.673+0000] {processor.py:178} INFO - Processing /home/airflow/.local/lib/python3.7/site-packages/airflow/example_dags/example_short_circuit_decorator.py took 0.053 seconds
[2026-03-03T01:14:53.411+0000] {processor.py:156} INFO - Started process (PID=981) to work on /home/airflow/.local/lib/python3.7/site-packages/airflow/example_dags/example_short_circuit_decorator.py
[2026-03-03T01:14:53.414+0000] {processor.py:799} INFO - Processing file /home/airflow/.local/lib/python3.7/site-packages/airflow/example_dags/example_short_circuit_decorator.py for tasks to queue
[2026-03-03T01:14:53.416+0000] {logging_mixin.py:149} INFO - [2026-03-03T01:14:53.415+0000] {dagbag.py:541} INFO - Filling up the DagBag from /home/airflow/.local/lib/python3.7/site-packages/airflow/example_dags/example_short_circuit_decorator.py
[2026-03-03T01:14:53.437+0000] {processor.py:809} INFO - DAG(s) dict_keys(['example_short_circuit_decorator']) retrieved from /home/airflow/.local/lib/python3.7/site-packages/airflow/example_dags/example_short_circuit_decorator.py
[2026-03-03T01:14:53.486+0000] {logging_mixin.py:149} INFO - [2026-03-03T01:14:53.486+0000] {dag.py:2726} INFO - Sync 1 DAGs
[2026-03-03T01:14:53.536+0000] {logging_mixin.py:149} INFO - [2026-03-03T01:14:53.536+0000] {dag.py:3490} INFO - Setting next_dagrun for example_short_circuit_decorator to 2026-03-02T01:14:53.535941+00:00, run_after=2026-03-03T01:14:53.535941+00:00
[2026-03-03T01:14:53.584+0000] {processor.py:178} INFO - Processing /home/airflow/.local/lib/python3.7/site-packages/airflow/example_dags/example_short_circuit_decorator.py took 0.180 seconds
[2026-03-03T01:15:23.886+0000] {processor.py:156} INFO - Started process (PID=1043) to work on /home/airflow/.local/lib/python3.7/site-packages/airflow/example_dags/example_short_circuit_decorator.py
[2026-03-03T01:15:23.888+0000] {processor.py:799} INFO - Processing file /home/airflow/.local/lib/python3.7/site-packages/airflow/example_dags/example_short_circuit_decorator.py for tasks to queue
[2026-03-03T01:15:23.890+0000] {logging_mixin.py:149} INFO - [2026-03-03T01:15:23.890+0000] {dagbag.py:541} INFO - Filling up the DagBag from /home/airflow/.local/lib/python3.7/site-packages/airflow/example_dags/example_short_circuit_decorator.py
[2026-03-03T01:15:23.898+0000] {processor.py:809} INFO - DAG(s) dict_keys(['example_short_circuit_decorator']) retrieved from /home/airflow/.local/lib/python3.7/site-packages/airflow/example_dags/example_short_circuit_decorator.py
[2026-03-03T01:15:23.920+0000] {logging_mixin.py:149} INFO - [2026-03-03T01:15:23.919+0000] {dag.py:2726} INFO - Sync 1 DAGs
[2026-03-03T01:15:23.936+0000] {logging_mixin.py:149} INFO - [2026-03-03T01:15:23.936+0000] {dag.py:3490} INFO - Setting next_dagrun for example_short_circuit_decorator to 2026-03-02T01:15:23.935925+00:00, run_after=2026-03-03T01:15:23.935925+00:00
[2026-03-03T01:15:23.947+0000] {processor.py:178} INFO - Processing /home/airflow/.local/lib/python3.7/site-packages/airflow/example_dags/example_short_circuit_decorator.py took 0.067 seconds
[2026-03-03T01:15:54.747+0000] {processor.py:156} INFO - Started process (PID=1104) to work on /home/airflow/.local/lib/python3.7/site-packages/airflow/example_dags/example_short_circuit_decorator.py
[2026-03-03T01:15:54.748+0000] {processor.py:799} INFO - Processing file /home/airflow/.local/lib/python3.7/site-packages/airflow/example_dags/example_short_circuit_decorator.py for tasks to queue
[2026-03-03T01:15:54.748+0000] {logging_mixin.py:149} INFO - [2026-03-03T01:15:54.748+0000] {dagbag.py:541} INFO - Filling up the DagBag from /home/airflow/.local/lib/python3.7/site-packages/airflow/example_dags/example_short_circuit_decorator.py
[2026-03-03T01:15:54.757+0000] {processor.py:809} INFO - DAG(s) dict_keys(['example_short_circuit_decorator']) retrieved from /home/airflow/.local/lib/python3.7/site-packages/airflow/example_dags/example_short_circuit_decorator.py
[2026-03-03T01:15:54.778+0000] {logging_mixin.py:149} INFO - [2026-03-03T01:15:54.778+0000] {dag.py:2726} INFO - Sync 1 DAGs
[2026-03-03T01:15:54.793+0000] {logging_mixin.py:149} INFO - [2026-03-03T01:15:54.793+0000] {dag.py:3490} INFO - Setting next_dagrun for example_short_circuit_decorator to 2026-03-02T01:15:54.793250+00:00, run_after=2026-03-03T01:15:54.793250+00:00
[2026-03-03T01:15:54.803+0000] {processor.py:178} INFO - Processing /home/airflow/.local/lib/python3.7/site-packages/airflow/example_dags/example_short_circuit_decorator.py took 0.061 seconds
[2026-03-03T01:16:25.760+0000] {processor.py:156} INFO - Started process (PID=1166) to work on /home/airflow/.local/lib/python3.7/site-packages/airflow/example_dags/example_short_circuit_decorator.py
[2026-03-03T01:16:25.764+0000] {processor.py:799} INFO - Processing file /home/airflow/.local/lib/python3.7/site-packages/airflow/example_dags/example_short_circuit_decorator.py for tasks to queue
[2026-03-03T01:16:25.769+0000] {logging_mixin.py:149} INFO - [2026-03-03T01:16:25.768+0000] {dagbag.py:541} INFO - Filling up the DagBag from /home/airflow/.local/lib/python3.7/site-packages/airflow/example_dags/example_short_circuit_decorator.py
[2026-03-03T01:16:25.797+0000] {processor.py:809} INFO - DAG(s) dict_keys(['example_short_circuit_decorator']) retrieved from /home/airflow/.local/lib/python3.7/site-packages/airflow/example_dags/example_short_circuit_decorator.py
[2026-03-03T01:16:25.863+0000] {logging_mixin.py:149} INFO - [2026-03-03T01:16:25.863+0000] {dag.py:2726} INFO - Sync 1 DAGs
[2026-03-03T01:16:25.950+0000] {logging_mixin.py:149} INFO - [2026-03-03T01:16:25.949+0000] {dag.py:3490} INFO - Setting next_dagrun for example_short_circuit_decorator to 2026-03-02T01:16:25.948252+00:00, run_after=2026-03-03T01:16:25.948252+00:00
[2026-03-03T01:16:26.007+0000] {processor.py:178} INFO - Processing /home/airflow/.local/lib/python3.7/site-packages/airflow/example_dags/example_short_circuit_decorator.py took 0.255 seconds
[2026-03-03T01:16:56.328+0000] {processor.py:156} INFO - Started process (PID=1228) to work on /home/airflow/.local/lib/python3.7/site-packages/airflow/example_dags/example_short_circuit_decorator.py
[2026-03-03T01:16:56.331+0000] {processor.py:799} INFO - Processing file /home/airflow/.local/lib/python3.7/site-packages/airflow/example_dags/example_short_circuit_decorator.py for tasks to queue
[2026-03-03T01:16:56.334+0000] {logging_mixin.py:149} INFO - [2026-03-03T01:16:56.334+0000] {dagbag.py:541} INFO - Filling up the DagBag from /home/airflow/.local/lib/python3.7/site-packages/airflow/example_dags/example_short_circuit_decorator.py
[2026-03-03T01:16:56.354+0000] {processor.py:809} INFO - DAG(s) dict_keys(['example_short_circuit_decorator']) retrieved from /home/airflow/.local/lib/python3.7/site-packages/airflow/example_dags/example_short_circuit_decorator.py
[2026-03-03T01:16:56.399+0000] {logging_mixin.py:149} INFO - [2026-03-03T01:16:56.399+0000] {dag.py:2726} INFO - Sync 1 DAGs
[2026-03-03T01:16:56.448+0000] {logging_mixin.py:149} INFO - [2026-03-03T01:16:56.448+0000] {dag.py:3490} INFO - Setting next_dagrun for example_short_circuit_decorator to 2026-03-02T01:16:56.447913+00:00, run_after=2026-03-03T01:16:56.447913+00:00
[2026-03-03T01:16:56.482+0000] {processor.py:178} INFO - Processing /home/airflow/.local/lib/python3.7/site-packages/airflow/example_dags/example_short_circuit_decorator.py took 0.158 seconds
[2026-03-03T01:17:27.476+0000] {processor.py:156} INFO - Started process (PID=1290) to work on /home/airflow/.local/lib/python3.7/site-packages/airflow/example_dags/example_short_circuit_decorator.py
[2026-03-03T01:17:27.478+0000] {processor.py:799} INFO - Processing file /home/airflow/.local/lib/python3.7/site-packages/airflow/example_dags/example_short_circuit_decorator.py for tasks to queue
[2026-03-03T01:17:27.478+0000] {logging_mixin.py:149} INFO - [2026-03-03T01:17:27.478+0000] {dagbag.py:541} INFO - Filling up the DagBag from /home/airflow/.local/lib/python3.7/site-packages/airflow/example_dags/example_short_circuit_decorator.py
[2026-03-03T01:17:27.482+0000] {processor.py:809} INFO - DAG(s) dict_keys(['example_short_circuit_decorator']) retrieved from /home/airflow/.local/lib/python3.7/site-packages/airflow/example_dags/example_short_circuit_decorator.py
[2026-03-03T01:17:27.495+0000] {logging_mixin.py:149} INFO - [2026-03-03T01:17:27.495+0000] {dag.py:2726} INFO - Sync 1 DAGs
[2026-03-03T01:17:27.506+0000] {logging_mixin.py:149} INFO - [2026-03-03T01:17:27.506+0000] {dag.py:3490} INFO - Setting next_dagrun for example_short_circuit_decorator to 2026-03-02T01:17:27.506232+00:00, run_after=2026-03-03T01:17:27.506232+00:00
[2026-03-03T01:17:27.514+0000] {processor.py:178} INFO - Processing /home/airflow/.local/lib/python3.7/site-packages/airflow/example_dags/example_short_circuit_decorator.py took 0.039 seconds
[2026-03-03T01:17:58.421+0000] {processor.py:156} INFO - Started process (PID=1352) to work on /home/airflow/.local/lib/python3.7/site-packages/airflow/example_dags/example_short_circuit_decorator.py
[2026-03-03T01:17:58.422+0000] {processor.py:799} INFO - Processing file /home/airflow/.local/lib/python3.7/site-packages/airflow/example_dags/example_short_circuit_decorator.py for tasks to queue
[2026-03-03T01:17:58.422+0000] {logging_mixin.py:149} INFO - [2026-03-03T01:17:58.422+0000] {dagbag.py:541} INFO - Filling up the DagBag from /home/airflow/.local/lib/python3.7/site-packages/airflow/example_dags/example_short_circuit_decorator.py
[2026-03-03T01:17:58.429+0000] {processor.py:809} INFO - DAG(s) dict_keys(['example_short_circuit_decorator']) retrieved from /home/airflow/.local/lib/python3.7/site-packages/airflow/example_dags/example_short_circuit_decorator.py
[2026-03-03T01:17:58.448+0000] {logging_mixin.py:149} INFO - [2026-03-03T01:17:58.448+0000] {dag.py:2726} INFO - Sync 1 DAGs
[2026-03-03T01:17:58.463+0000] {logging_mixin.py:149} INFO - [2026-03-03T01:17:58.463+0000] {dag.py:3490} INFO - Setting next_dagrun for example_short_circuit_decorator to 2026-03-02T01:17:58.463269+00:00, run_after=2026-03-03T01:17:58.463269+00:00
[2026-03-03T01:17:58.474+0000] {processor.py:178} INFO - Processing /home/airflow/.local/lib/python3.7/site-packages/airflow/example_dags/example_short_circuit_decorator.py took 0.057 seconds
[2026-03-03T01:18:28.634+0000] {processor.py:156} INFO - Started process (PID=1414) to work on /home/airflow/.local/lib/python3.7/site-packages/airflow/example_dags/example_short_circuit_decorator.py
[2026-03-03T01:18:28.637+0000] {processor.py:799} INFO - Processing file /home/airflow/.local/lib/python3.7/site-packages/airflow/example_dags/example_short_circuit_decorator.py for tasks to queue
[2026-03-03T01:18:28.639+0000] {logging_mixin.py:149} INFO - [2026-03-03T01:18:28.639+0000] {dagbag.py:541} INFO - Filling up the DagBag from /home/airflow/.local/lib/python3.7/site-packages/airflow/example_dags/example_short_circuit_decorator.py
[2026-03-03T01:18:28.658+0000] {processor.py:809} INFO - DAG(s) dict_keys(['example_short_circuit_decorator']) retrieved from /home/airflow/.local/lib/python3.7/site-packages/airflow/example_dags/example_short_circuit_decorator.py
[2026-03-03T01:18:28.714+0000] {logging_mixin.py:149} INFO - [2026-03-03T01:18:28.713+0000] {dag.py:2726} INFO - Sync 1 DAGs
[2026-03-03T01:18:28.769+0000] {logging_mixin.py:149} INFO - [2026-03-03T01:18:28.768+0000] {dag.py:3490} INFO - Setting next_dagrun for example_short_circuit_decorator to 2026-03-02T01:18:28.768683+00:00, run_after=2026-03-03T01:18:28.768683+00:00
[2026-03-03T01:18:28.820+0000] {processor.py:178} INFO - Processing /home/airflow/.local/lib/python3.7/site-packages/airflow/example_dags/example_short_circuit_decorator.py took 0.192 seconds
[2026-03-03T01:18:59.086+0000] {processor.py:156} INFO - Started process (PID=1476) to work on /home/airflow/.local/lib/python3.7/site-packages/airflow/example_dags/example_short_circuit_decorator.py
[2026-03-03T01:18:59.087+0000] {processor.py:799} INFO - Processing file /home/airflow/.local/lib/python3.7/site-packages/airflow/example_dags/example_short_circuit_decorator.py for tasks to queue
[2026-03-03T01:18:59.089+0000] {logging_mixin.py:149} INFO - [2026-03-03T01:18:59.088+0000] {dagbag.py:541} INFO - Filling up the DagBag from /home/airflow/.local/lib/python3.7/site-packages/airflow/example_dags/example_short_circuit_decorator.py
[2026-03-03T01:18:59.109+0000] {processor.py:809} INFO - DAG(s) dict_keys(['example_short_circuit_decorator']) retrieved from /home/airflow/.local/lib/python3.7/site-packages/airflow/example_dags/example_short_circuit_decorator.py
[2026-03-03T01:18:59.165+0000] {logging_mixin.py:149} INFO - [2026-03-03T01:18:59.164+0000] {dag.py:2726} INFO - Sync 1 DAGs
[2026-03-03T01:18:59.217+0000] {logging_mixin.py:149} INFO - [2026-03-03T01:18:59.216+0000] {dag.py:3490} INFO - Setting next_dagrun for example_short_circuit_decorator to 2026-03-02T01:18:59.216460+00:00, run_after=2026-03-03T01:18:59.216460+00:00
[2026-03-03T01:18:59.259+0000] {processor.py:178} INFO - Processing /home/airflow/.local/lib/python3.7/site-packages/airflow/example_dags/example_short_circuit_decorator.py took 0.180 seconds
[2026-03-03T01:19:29.684+0000] {processor.py:156} INFO - Started process (PID=1538) to work on /home/airflow/.local/lib/python3.7/site-packages/airflow/example_dags/example_short_circuit_decorator.py
[2026-03-03T01:19:29.685+0000] {processor.py:799} INFO - Processing file /home/airflow/.local/lib/python3.7/site-packages/airflow/example_dags/example_short_circuit_decorator.py for tasks to queue
[2026-03-03T01:19:29.686+0000] {logging_mixin.py:149} INFO - [2026-03-03T01:19:29.686+0000] {dagbag.py:541} INFO - Filling up the DagBag from /home/airflow/.local/lib/python3.7/site-packages/airflow/example_dags/example_short_circuit_decorator.py
[2026-03-03T01:19:29.694+0000] {processor.py:809} INFO - DAG(s) dict_keys(['example_short_circuit_decorator']) retrieved from /home/airflow/.local/lib/python3.7/site-packages/airflow/example_dags/example_short_circuit_decorator.py
[2026-03-03T01:19:29.714+0000] {logging_mixin.py:149} INFO - [2026-03-03T01:19:29.714+0000] {dag.py:2726} INFO - Sync 1 DAGs
[2026-03-03T01:19:29.730+0000] {logging_mixin.py:149} INFO - [2026-03-03T01:19:29.730+0000] {dag.py:3490} INFO - Setting next_dagrun for example_short_circuit_decorator to 2026-03-02T01:19:29.730683+00:00, run_after=2026-03-03T01:19:29.730683+00:00
[2026-03-03T01:19:29.742+0000] {processor.py:178} INFO - Processing /home/airflow/.local/lib/python3.7/site-packages/airflow/example_dags/example_short_circuit_decorator.py took 0.063 seconds
[2026-03-03T01:20:00.428+0000] {processor.py:156} INFO - Started process (PID=1600) to work on /home/airflow/.local/lib/python3.7/site-packages/airflow/example_dags/example_short_circuit_decorator.py
[2026-03-03T01:20:00.430+0000] {processor.py:799} INFO - Processing file /home/airflow/.local/lib/python3.7/site-packages/airflow/example_dags/example_short_circuit_decorator.py for tasks to queue
[2026-03-03T01:20:00.431+0000] {logging_mixin.py:149} INFO - [2026-03-03T01:20:00.431+0000] {dagbag.py:541} INFO - Filling up the DagBag from /home/airflow/.local/lib/python3.7/site-packages/airflow/example_dags/example_short_circuit_decorator.py
[2026-03-03T01:20:00.440+0000] {processor.py:809} INFO - DAG(s) dict_keys(['example_short_circuit_decorator']) retrieved from /home/airflow/.local/lib/python3.7/site-packages/airflow/example_dags/example_short_circuit_decorator.py
[2026-03-03T01:20:00.456+0000] {logging_mixin.py:149} INFO - [2026-03-03T01:20:00.456+0000] {dag.py:2726} INFO - Sync 1 DAGs
[2026-03-03T01:20:00.469+0000] {logging_mixin.py:149} INFO - [2026-03-03T01:20:00.469+0000] {dag.py:3490} INFO - Setting next_dagrun for example_short_circuit_decorator to 2026-03-02T01:20:00.469429+00:00, run_after=2026-03-03T01:20:00.469429+00:00
[2026-03-03T01:20:00.479+0000] {processor.py:178} INFO - Processing /home/airflow/.local/lib/python3.7/site-packages/airflow/example_dags/example_short_circuit_decorator.py took 0.055 seconds
[2026-03-03T01:20:31.120+0000] {processor.py:156} INFO - Started process (PID=1662) to work on /home/airflow/.local/lib/python3.7/site-packages/airflow/example_dags/example_short_circuit_decorator.py
[2026-03-03T01:20:31.120+0000] {processor.py:799} INFO - Processing file /home/airflow/.local/lib/python3.7/site-packages/airflow/example_dags/example_short_circuit_decorator.py for tasks to queue
[2026-03-03T01:20:31.122+0000] {logging_mixin.py:149} INFO - [2026-03-03T01:20:31.121+0000] {dagbag.py:541} INFO - Filling up the DagBag from /home/airflow/.local/lib/python3.7/site-packages/airflow/example_dags/example_short_circuit_decorator.py
[2026-03-03T01:20:31.128+0000] {processor.py:809} INFO - DAG(s) dict_keys(['example_short_circuit_decorator']) retrieved from /home/airflow/.local/lib/python3.7/site-packages/airflow/example_dags/example_short_circuit_decorator.py
[2026-03-03T01:20:31.145+0000] {logging_mixin.py:149} INFO - [2026-03-03T01:20:31.145+0000] {dag.py:2726} INFO - Sync 1 DAGs
[2026-03-03T01:20:31.160+0000] {logging_mixin.py:149} INFO - [2026-03-03T01:20:31.160+0000] {dag.py:3490} INFO - Setting next_dagrun for example_short_circuit_decorator to 2026-03-02T01:20:31.160605+00:00, run_after=2026-03-03T01:20:31.160605+00:00
[2026-03-03T01:20:31.170+0000] {processor.py:178} INFO - Processing /home/airflow/.local/lib/python3.7/site-packages/airflow/example_dags/example_short_circuit_decorator.py took 0.055 seconds
[2026-03-03T01:21:01.768+0000] {processor.py:156} INFO - Started process (PID=1724) to work on /home/airflow/.local/lib/python3.7/site-packages/airflow/example_dags/example_short_circuit_decorator.py
[2026-03-03T01:21:01.770+0000] {processor.py:799} INFO - Processing file /home/airflow/.local/lib/python3.7/site-packages/airflow/example_dags/example_short_circuit_decorator.py for tasks to queue
[2026-03-03T01:21:01.771+0000] {logging_mixin.py:149} INFO - [2026-03-03T01:21:01.770+0000] {dagbag.py:541} INFO - Filling up the DagBag from /home/airflow/.local/lib/python3.7/site-packages/airflow/example_dags/example_short_circuit_decorator.py
[2026-03-03T01:21:01.777+0000] {processor.py:809} INFO - DAG(s) dict_keys(['example_short_circuit_decorator']) retrieved from /home/airflow/.local/lib/python3.7/site-packages/airflow/example_dags/example_short_circuit_decorator.py
[2026-03-03T01:21:01.793+0000] {logging_mixin.py:149} INFO - [2026-03-03T01:21:01.793+0000] {dag.py:2726} INFO - Sync 1 DAGs
[2026-03-03T01:21:01.808+0000] {logging_mixin.py:149} INFO - [2026-03-03T01:21:01.808+0000] {dag.py:3490} INFO - Setting next_dagrun for example_short_circuit_decorator to 2026-03-02T01:21:01.808200+00:00, run_after=2026-03-03T01:21:01.808200+00:00
[2026-03-03T01:21:01.817+0000] {processor.py:178} INFO - Processing /home/airflow/.local/lib/python3.7/site-packages/airflow/example_dags/example_short_circuit_decorator.py took 0.052 seconds
[2026-03-03T01:21:32.408+0000] {processor.py:156} INFO - Started process (PID=1786) to work on /home/airflow/.local/lib/python3.7/site-packages/airflow/example_dags/example_short_circuit_decorator.py
[2026-03-03T01:21:32.409+0000] {processor.py:799} INFO - Processing file /home/airflow/.local/lib/python3.7/site-packages/airflow/example_dags/example_short_circuit_decorator.py for tasks to queue
[2026-03-03T01:21:32.410+0000] {logging_mixin.py:149} INFO - [2026-03-03T01:21:32.409+0000] {dagbag.py:541} INFO - Filling up the DagBag from /home/airflow/.local/lib/python3.7/site-packages/airflow/example_dags/example_short_circuit_decorator.py
[2026-03-03T01:21:32.417+0000] {processor.py:809} INFO - DAG(s) dict_keys(['example_short_circuit_decorator']) retrieved from /home/airflow/.local/lib/python3.7/site-packages/airflow/example_dags/example_short_circuit_decorator.py
[2026-03-03T01:21:32.438+0000] {logging_mixin.py:149} INFO - [2026-03-03T01:21:32.438+0000] {dag.py:2726} INFO - Sync 1 DAGs
[2026-03-03T01:21:32.454+0000] {logging_mixin.py:149} INFO - [2026-03-03T01:21:32.454+0000] {dag.py:3490} INFO - Setting next_dagrun for example_short_circuit_decorator to 2026-03-02T01:21:32.454332+00:00, run_after=2026-03-03T01:21:32.454332+00:00
[2026-03-03T01:21:32.466+0000] {processor.py:178} INFO - Processing /home/airflow/.local/lib/python3.7/site-packages/airflow/example_dags/example_short_circuit_decorator.py took 0.061 seconds
[2026-03-03T01:22:02.500+0000] {processor.py:156} INFO - Started process (PID=1848) to work on /home/airflow/.local/lib/python3.7/site-packages/airflow/example_dags/example_short_circuit_decorator.py
[2026-03-03T01:22:02.503+0000] {processor.py:799} INFO - Processing file /home/airflow/.local/lib/python3.7/site-packages/airflow/example_dags/example_short_circuit_decorator.py for tasks to queue
[2026-03-03T01:22:02.504+0000] {logging_mixin.py:149} INFO - [2026-03-03T01:22:02.504+0000] {dagbag.py:541} INFO - Filling up the DagBag from /home/airflow/.local/lib/python3.7/site-packages/airflow/example_dags/example_short_circuit_decorator.py
[2026-03-03T01:22:02.527+0000] {processor.py:809} INFO - DAG(s) dict_keys(['example_short_circuit_decorator']) retrieved from /home/airflow/.local/lib/python3.7/site-packages/airflow/example_dags/example_short_circuit_decorator.py
[2026-03-03T01:22:02.591+0000] {logging_mixin.py:149} INFO - [2026-03-03T01:22:02.591+0000] {dag.py:2726} INFO - Sync 1 DAGs
[2026-03-03T01:22:02.657+0000] {logging_mixin.py:149} INFO - [2026-03-03T01:22:02.656+0000] {dag.py:3490} INFO - Setting next_dagrun for example_short_circuit_decorator to 2026-03-02T01:22:02.655857+00:00, run_after=2026-03-03T01:22:02.655857+00:00
[2026-03-03T01:22:02.711+0000] {processor.py:178} INFO - Processing /home/airflow/.local/lib/python3.7/site-packages/airflow/example_dags/example_short_circuit_decorator.py took 0.218 seconds
[2026-03-03T01:22:32.826+0000] {processor.py:156} INFO - Started process (PID=1910) to work on /home/airflow/.local/lib/python3.7/site-packages/airflow/example_dags/example_short_circuit_decorator.py
[2026-03-03T01:22:32.829+0000] {processor.py:799} INFO - Processing file /home/airflow/.local/lib/python3.7/site-packages/airflow/example_dags/example_short_circuit_decorator.py for tasks to queue
[2026-03-03T01:22:32.831+0000] {logging_mixin.py:149} INFO - [2026-03-03T01:22:32.831+0000] {dagbag.py:541} INFO - Filling up the DagBag from /home/airflow/.local/lib/python3.7/site-packages/airflow/example_dags/example_short_circuit_decorator.py
[2026-03-03T01:22:32.860+0000] {processor.py:809} INFO - DAG(s) dict_keys(['example_short_circuit_decorator']) retrieved from /home/airflow/.local/lib/python3.7/site-packages/airflow/example_dags/example_short_circuit_decorator.py
[2026-03-03T01:22:32.927+0000] {logging_mixin.py:149} INFO - [2026-03-03T01:22:32.926+0000] {dag.py:2726} INFO - Sync 1 DAGs
[2026-03-03T01:22:33.007+0000] {logging_mixin.py:149} INFO - [2026-03-03T01:22:33.006+0000] {dag.py:3490} INFO - Setting next_dagrun for example_short_circuit_decorator to 2026-03-02T01:22:33.006027+00:00, run_after=2026-03-03T01:22:33.006027+00:00
[2026-03-03T01:22:33.085+0000] {processor.py:178} INFO - Processing /home/airflow/.local/lib/python3.7/site-packages/airflow/example_dags/example_short_circuit_decorator.py took 0.269 seconds
[2026-03-03T01:23:03.906+0000] {processor.py:156} INFO - Started process (PID=1972) to work on /home/airflow/.local/lib/python3.7/site-packages/airflow/example_dags/example_short_circuit_decorator.py
[2026-03-03T01:23:03.908+0000] {processor.py:799} INFO - Processing file /home/airflow/.local/lib/python3.7/site-packages/airflow/example_dags/example_short_circuit_decorator.py for tasks to queue
[2026-03-03T01:23:03.910+0000] {logging_mixin.py:149} INFO - [2026-03-03T01:23:03.909+0000] {dagbag.py:541} INFO - Filling up the DagBag from /home/airflow/.local/lib/python3.7/site-packages/airflow/example_dags/example_short_circuit_decorator.py
[2026-03-03T01:23:03.934+0000] {processor.py:809} INFO - DAG(s) dict_keys(['example_short_circuit_decorator']) retrieved from /home/airflow/.local/lib/python3.7/site-packages/airflow/example_dags/example_short_circuit_decorator.py
[2026-03-03T01:23:04.000+0000] {logging_mixin.py:149} INFO - [2026-03-03T01:23:03.999+0000] {dag.py:2726} INFO - Sync 1 DAGs
[2026-03-03T01:23:04.086+0000] {logging_mixin.py:149} INFO - [2026-03-03T01:23:04.086+0000] {dag.py:3490} INFO - Setting next_dagrun for example_short_circuit_decorator to 2026-03-02T01:23:04.085441+00:00, run_after=2026-03-03T01:23:04.085441+00:00
[2026-03-03T01:23:04.164+0000] {processor.py:178} INFO - Processing /home/airflow/.local/lib/python3.7/site-packages/airflow/example_dags/example_short_circuit_decorator.py took 0.266 seconds
[2026-03-03T01:23:34.748+0000] {processor.py:156} INFO - Started process (PID=2033) to work on /home/airflow/.local/lib/python3.7/site-packages/airflow/example_dags/example_short_circuit_decorator.py
[2026-03-03T01:23:34.750+0000] {processor.py:799} INFO - Processing file /home/airflow/.local/lib/python3.7/site-packages/airflow/example_dags/example_short_circuit_decorator.py for tasks to queue
[2026-03-03T01:23:34.751+0000] {logging_mixin.py:149} INFO - [2026-03-03T01:23:34.751+0000] {dagbag.py:541} INFO - Filling up the DagBag from /home/airflow/.local/lib/python3.7/site-packages/airflow/example_dags/example_short_circuit_decorator.py
[2026-03-03T01:23:34.775+0000] {processor.py:809} INFO - DAG(s) dict_keys(['example_short_circuit_decorator']) retrieved from /home/airflow/.local/lib/python3.7/site-packages/airflow/example_dags/example_short_circuit_decorator.py
[2026-03-03T01:23:34.848+0000] {logging_mixin.py:149} INFO - [2026-03-03T01:23:34.847+0000] {dag.py:2726} INFO - Sync 1 DAGs
[2026-03-03T01:23:34.919+0000] {logging_mixin.py:149} INFO - [2026-03-03T01:23:34.918+0000] {dag.py:3490} INFO - Setting next_dagrun for example_short_circuit_decorator to 2026-03-02T01:23:34.917974+00:00, run_after=2026-03-03T01:23:34.917974+00:00
[2026-03-03T01:23:34.992+0000] {processor.py:178} INFO - Processing /home/airflow/.local/lib/python3.7/site-packages/airflow/example_dags/example_short_circuit_decorator.py took 0.253 seconds
[2026-03-03T01:24:05.980+0000] {processor.py:156} INFO - Started process (PID=2095) to work on /home/airflow/.local/lib/python3.7/site-packages/airflow/example_dags/example_short_circuit_decorator.py
[2026-03-03T01:24:05.983+0000] {processor.py:799} INFO - Processing file /home/airflow/.local/lib/python3.7/site-packages/airflow/example_dags/example_short_circuit_decorator.py for tasks to queue
[2026-03-03T01:24:05.985+0000] {logging_mixin.py:149} INFO - [2026-03-03T01:24:05.985+0000] {dagbag.py:541} INFO - Filling up the DagBag from /home/airflow/.local/lib/python3.7/site-packages/airflow/example_dags/example_short_circuit_decorator.py
[2026-03-03T01:24:06.011+0000] {processor.py:809} INFO - DAG(s) dict_keys(['example_short_circuit_decorator']) retrieved from /home/airflow/.local/lib/python3.7/site-packages/airflow/example_dags/example_short_circuit_decorator.py
[2026-03-03T01:24:06.080+0000] {logging_mixin.py:149} INFO - [2026-03-03T01:24:06.080+0000] {dag.py:2726} INFO - Sync 1 DAGs
[2026-03-03T01:24:06.149+0000] {logging_mixin.py:149} INFO - [2026-03-03T01:24:06.148+0000] {dag.py:3490} INFO - Setting next_dagrun for example_short_circuit_decorator to 2026-03-02T01:24:06.148426+00:00, run_after=2026-03-03T01:24:06.148426+00:00
[2026-03-03T01:24:06.212+0000] {processor.py:178} INFO - Processing /home/airflow/.local/lib/python3.7/site-packages/airflow/example_dags/example_short_circuit_decorator.py took 0.240 seconds
[2026-03-03T01:24:36.949+0000] {processor.py:156} INFO - Started process (PID=2157) to work on /home/airflow/.local/lib/python3.7/site-packages/airflow/example_dags/example_short_circuit_decorator.py
[2026-03-03T01:24:36.952+0000] {processor.py:799} INFO - Processing file /home/airflow/.local/lib/python3.7/site-packages/airflow/example_dags/example_short_circuit_decorator.py for tasks to queue
[2026-03-03T01:24:36.954+0000] {logging_mixin.py:149} INFO - [2026-03-03T01:24:36.954+0000] {dagbag.py:541} INFO - Filling up the DagBag from /home/airflow/.local/lib/python3.7/site-packages/airflow/example_dags/example_short_circuit_decorator.py
[2026-03-03T01:24:36.977+0000] {processor.py:809} INFO - DAG(s) dict_keys(['example_short_circuit_decorator']) retrieved from /home/airflow/.local/lib/python3.7/site-packages/airflow/example_dags/example_short_circuit_decorator.py
[2026-03-03T01:24:37.045+0000] {logging_mixin.py:149} INFO - [2026-03-03T01:24:37.045+0000] {dag.py:2726} INFO - Sync 1 DAGs
[2026-03-03T01:24:37.114+0000] {logging_mixin.py:149} INFO - [2026-03-03T01:24:37.113+0000] {dag.py:3490} INFO - Setting next_dagrun for example_short_circuit_decorator to 2026-03-02T01:24:37.113272+00:00, run_after=2026-03-03T01:24:37.113272+00:00
[2026-03-03T01:24:37.172+0000] {processor.py:178} INFO - Processing /home/airflow/.local/lib/python3.7/site-packages/airflow/example_dags/example_short_circuit_decorator.py took 0.230 seconds
[2026-03-03T01:25:07.813+0000] {processor.py:156} INFO - Started process (PID=2220) to work on /home/airflow/.local/lib/python3.7/site-packages/airflow/example_dags/example_short_circuit_decorator.py
[2026-03-03T01:25:07.816+0000] {processor.py:799} INFO - Processing file /home/airflow/.local/lib/python3.7/site-packages/airflow/example_dags/example_short_circuit_decorator.py for tasks to queue
[2026-03-03T01:25:07.821+0000] {logging_mixin.py:149} INFO - [2026-03-03T01:25:07.820+0000] {dagbag.py:541} INFO - Filling up the DagBag from /home/airflow/.local/lib/python3.7/site-packages/airflow/example_dags/example_short_circuit_decorator.py
[2026-03-03T01:25:07.848+0000] {processor.py:809} INFO - DAG(s) dict_keys(['example_short_circuit_decorator']) retrieved from /home/airflow/.local/lib/python3.7/site-packages/airflow/example_dags/example_short_circuit_decorator.py
[2026-03-03T01:25:07.911+0000] {logging_mixin.py:149} INFO - [2026-03-03T01:25:07.911+0000] {dag.py:2726} INFO - Sync 1 DAGs
[2026-03-03T01:25:07.980+0000] {logging_mixin.py:149} INFO - [2026-03-03T01:25:07.980+0000] {dag.py:3490} INFO - Setting next_dagrun for example_short_circuit_decorator to 2026-03-02T01:25:07.979855+00:00, run_after=2026-03-03T01:25:07.979855+00:00
[2026-03-03T01:25:08.039+0000] {processor.py:178} INFO - Processing /home/airflow/.local/lib/python3.7/site-packages/airflow/example_dags/example_short_circuit_decorator.py took 0.237 seconds
[2026-03-03T01:25:38.189+0000] {processor.py:156} INFO - Started process (PID=2281) to work on /home/airflow/.local/lib/python3.7/site-packages/airflow/example_dags/example_short_circuit_decorator.py
[2026-03-03T01:25:38.191+0000] {processor.py:799} INFO - Processing file /home/airflow/.local/lib/python3.7/site-packages/airflow/example_dags/example_short_circuit_decorator.py for tasks to queue
[2026-03-03T01:25:38.191+0000] {logging_mixin.py:149} INFO - [2026-03-03T01:25:38.191+0000] {dagbag.py:541} INFO - Filling up the DagBag from /home/airflow/.local/lib/python3.7/site-packages/airflow/example_dags/example_short_circuit_decorator.py
[2026-03-03T01:25:38.198+0000] {processor.py:809} INFO - DAG(s) dict_keys(['example_short_circuit_decorator']) retrieved from /home/airflow/.local/lib/python3.7/site-packages/airflow/example_dags/example_short_circuit_decorator.py
[2026-03-03T01:25:38.218+0000] {logging_mixin.py:149} INFO - [2026-03-03T01:25:38.218+0000] {dag.py:2726} INFO - Sync 1 DAGs
[2026-03-03T01:25:38.232+0000] {logging_mixin.py:149} INFO - [2026-03-03T01:25:38.232+0000] {dag.py:3490} INFO - Setting next_dagrun for example_short_circuit_decorator to 2026-03-02T01:25:38.232572+00:00, run_after=2026-03-03T01:25:38.232572+00:00
[2026-03-03T01:25:38.242+0000] {processor.py:178} INFO - Processing /home/airflow/.local/lib/python3.7/site-packages/airflow/example_dags/example_short_circuit_decorator.py took 0.057 seconds
[2026-03-03T01:26:08.924+0000] {processor.py:156} INFO - Started process (PID=2343) to work on /home/airflow/.local/lib/python3.7/site-packages/airflow/example_dags/example_short_circuit_decorator.py
[2026-03-03T01:26:08.925+0000] {processor.py:799} INFO - Processing file /home/airflow/.local/lib/python3.7/site-packages/airflow/example_dags/example_short_circuit_decorator.py for tasks to queue
[2026-03-03T01:26:08.925+0000] {logging_mixin.py:149} INFO - [2026-03-03T01:26:08.925+0000] {dagbag.py:541} INFO - Filling up the DagBag from /home/airflow/.local/lib/python3.7/site-packages/airflow/example_dags/example_short_circuit_decorator.py
[2026-03-03T01:26:08.929+0000] {processor.py:809} INFO - DAG(s) dict_keys(['example_short_circuit_decorator']) retrieved from /home/airflow/.local/lib/python3.7/site-packages/airflow/example_dags/example_short_circuit_decorator.py
[2026-03-03T01:26:08.940+0000] {logging_mixin.py:149} INFO - [2026-03-03T01:26:08.940+0000] {dag.py:2726} INFO - Sync 1 DAGs
[2026-03-03T01:26:08.951+0000] {logging_mixin.py:149} INFO - [2026-03-03T01:26:08.951+0000] {dag.py:3490} INFO - Setting next_dagrun for example_short_circuit_decorator to 2026-03-02T01:26:08.951796+00:00, run_after=2026-03-03T01:26:08.951796+00:00
[2026-03-03T01:26:08.960+0000] {processor.py:178} INFO - Processing /home/airflow/.local/lib/python3.7/site-packages/airflow/example_dags/example_short_circuit_decorator.py took 0.038 seconds
[2026-03-03T01:26:39.454+0000] {processor.py:156} INFO - Started process (PID=2405) to work on /home/airflow/.local/lib/python3.7/site-packages/airflow/example_dags/example_short_circuit_decorator.py
[2026-03-03T01:26:39.455+0000] {processor.py:799} INFO - Processing file /home/airflow/.local/lib/python3.7/site-packages/airflow/example_dags/example_short_circuit_decorator.py for tasks to queue
[2026-03-03T01:26:39.455+0000] {logging_mixin.py:149} INFO - [2026-03-03T01:26:39.455+0000] {dagbag.py:541} INFO - Filling up the DagBag from /home/airflow/.local/lib/python3.7/site-packages/airflow/example_dags/example_short_circuit_decorator.py
[2026-03-03T01:26:39.464+0000] {processor.py:809} INFO - DAG(s) dict_keys(['example_short_circuit_decorator']) retrieved from /home/airflow/.local/lib/python3.7/site-packages/airflow/example_dags/example_short_circuit_decorator.py
[2026-03-03T01:26:39.486+0000] {logging_mixin.py:149} INFO - [2026-03-03T01:26:39.485+0000] {dag.py:2726} INFO - Sync 1 DAGs
[2026-03-03T01:26:39.502+0000] {logging_mixin.py:149} INFO - [2026-03-03T01:26:39.502+0000] {dag.py:3490} INFO - Setting next_dagrun for example_short_circuit_decorator to 2026-03-02T01:26:39.502550+00:00, run_after=2026-03-03T01:26:39.502550+00:00
[2026-03-03T01:26:39.515+0000] {processor.py:178} INFO - Processing /home/airflow/.local/lib/python3.7/site-packages/airflow/example_dags/example_short_circuit_decorator.py took 0.065 seconds
[2026-03-03T01:27:10.371+0000] {processor.py:156} INFO - Started process (PID=2466) to work on /home/airflow/.local/lib/python3.7/site-packages/airflow/example_dags/example_short_circuit_decorator.py
[2026-03-03T01:27:10.372+0000] {processor.py:799} INFO - Processing file /home/airflow/.local/lib/python3.7/site-packages/airflow/example_dags/example_short_circuit_decorator.py for tasks to queue
[2026-03-03T01:27:10.372+0000] {logging_mixin.py:149} INFO - [2026-03-03T01:27:10.372+0000] {dagbag.py:541} INFO - Filling up the DagBag from /home/airflow/.local/lib/python3.7/site-packages/airflow/example_dags/example_short_circuit_decorator.py
[2026-03-03T01:27:10.377+0000] {processor.py:809} INFO - DAG(s) dict_keys(['example_short_circuit_decorator']) retrieved from /home/airflow/.local/lib/python3.7/site-packages/airflow/example_dags/example_short_circuit_decorator.py
[2026-03-03T01:27:10.390+0000] {logging_mixin.py:149} INFO - [2026-03-03T01:27:10.390+0000] {dag.py:2726} INFO - Sync 1 DAGs
[2026-03-03T01:27:10.402+0000] {logging_mixin.py:149} INFO - [2026-03-03T01:27:10.402+0000] {dag.py:3490} INFO - Setting next_dagrun for example_short_circuit_decorator to 2026-03-02T01:27:10.402156+00:00, run_after=2026-03-03T01:27:10.402156+00:00
[2026-03-03T01:27:10.409+0000] {processor.py:178} INFO - Processing /home/airflow/.local/lib/python3.7/site-packages/airflow/example_dags/example_short_circuit_decorator.py took 0.040 seconds
[2026-03-03T01:27:40.699+0000] {processor.py:156} INFO - Started process (PID=2528) to work on /home/airflow/.local/lib/python3.7/site-packages/airflow/example_dags/example_short_circuit_decorator.py
[2026-03-03T01:27:40.705+0000] {processor.py:799} INFO - Processing file /home/airflow/.local/lib/python3.7/site-packages/airflow/example_dags/example_short_circuit_decorator.py for tasks to queue
[2026-03-03T01:27:40.708+0000] {logging_mixin.py:149} INFO - [2026-03-03T01:27:40.708+0000] {dagbag.py:541} INFO - Filling up the DagBag from /home/airflow/.local/lib/python3.7/site-packages/airflow/example_dags/example_short_circuit_decorator.py
[2026-03-03T01:27:40.730+0000] {processor.py:809} INFO - DAG(s) dict_keys(['example_short_circuit_decorator']) retrieved from /home/airflow/.local/lib/python3.7/site-packages/airflow/example_dags/example_short_circuit_decorator.py
[2026-03-03T01:27:40.783+0000] {logging_mixin.py:149} INFO - [2026-03-03T01:27:40.783+0000] {dag.py:2726} INFO - Sync 1 DAGs
[2026-03-03T01:27:40.853+0000] {logging_mixin.py:149} INFO - [2026-03-03T01:27:40.852+0000] {dag.py:3490} INFO - Setting next_dagrun for example_short_circuit_decorator to 2026-03-02T01:27:40.851944+00:00, run_after=2026-03-03T01:27:40.851944+00:00
[2026-03-03T01:27:40.923+0000] {processor.py:178} INFO - Processing /home/airflow/.local/lib/python3.7/site-packages/airflow/example_dags/example_short_circuit_decorator.py took 0.235 seconds
[2026-03-03T01:28:11.753+0000] {processor.py:156} INFO - Started process (PID=2590) to work on /home/airflow/.local/lib/python3.7/site-packages/airflow/example_dags/example_short_circuit_decorator.py
[2026-03-03T01:28:11.755+0000] {processor.py:799} INFO - Processing file /home/airflow/.local/lib/python3.7/site-packages/airflow/example_dags/example_short_circuit_decorator.py for tasks to queue
[2026-03-03T01:28:11.756+0000] {logging_mixin.py:149} INFO - [2026-03-03T01:28:11.756+0000] {dagbag.py:541} INFO - Filling up the DagBag from /home/airflow/.local/lib/python3.7/site-packages/airflow/example_dags/example_short_circuit_decorator.py
[2026-03-03T01:28:11.764+0000] {processor.py:809} INFO - DAG(s) dict_keys(['example_short_circuit_decorator']) retrieved from /home/airflow/.local/lib/python3.7/site-packages/airflow/example_dags/example_short_circuit_decorator.py
[2026-03-03T01:28:11.786+0000] {logging_mixin.py:149} INFO - [2026-03-03T01:28:11.786+0000] {dag.py:2726} INFO - Sync 1 DAGs
[2026-03-03T01:28:11.800+0000] {logging_mixin.py:149} INFO - [2026-03-03T01:28:11.800+0000] {dag.py:3490} INFO - Setting next_dagrun for example_short_circuit_decorator to 2026-03-02T01:28:11.800680+00:00, run_after=2026-03-03T01:28:11.800680+00:00
[2026-03-03T01:28:11.811+0000] {processor.py:178} INFO - Processing /home/airflow/.local/lib/python3.7/site-packages/airflow/example_dags/example_short_circuit_decorator.py took 0.062 seconds
[2026-03-03T01:28:42.023+0000] {processor.py:156} INFO - Started process (PID=2652) to work on /home/airflow/.local/lib/python3.7/site-packages/airflow/example_dags/example_short_circuit_decorator.py
[2026-03-03T01:28:42.026+0000] {processor.py:799} INFO - Processing file /home/airflow/.local/lib/python3.7/site-packages/airflow/example_dags/example_short_circuit_decorator.py for tasks to queue
[2026-03-03T01:28:42.029+0000] {logging_mixin.py:149} INFO - [2026-03-03T01:28:42.029+0000] {dagbag.py:541} INFO - Filling up the DagBag from /home/airflow/.local/lib/python3.7/site-packages/airflow/example_dags/example_short_circuit_decorator.py
[2026-03-03T01:28:42.055+0000] {processor.py:809} INFO - DAG(s) dict_keys(['example_short_circuit_decorator']) retrieved from /home/airflow/.local/lib/python3.7/site-packages/airflow/example_dags/example_short_circuit_decorator.py
[2026-03-03T01:28:42.112+0000] {logging_mixin.py:149} INFO - [2026-03-03T01:28:42.112+0000] {dag.py:2726} INFO - Sync 1 DAGs
[2026-03-03T01:28:42.173+0000] {logging_mixin.py:149} INFO - [2026-03-03T01:28:42.173+0000] {dag.py:3490} INFO - Setting next_dagrun for example_short_circuit_decorator to 2026-03-02T01:28:42.172848+00:00, run_after=2026-03-03T01:28:42.172848+00:00
[2026-03-03T01:28:42.221+0000] {processor.py:178} INFO - Processing /home/airflow/.local/lib/python3.7/site-packages/airflow/example_dags/example_short_circuit_decorator.py took 0.207 seconds
[2026-03-03T01:29:12.704+0000] {processor.py:156} INFO - Started process (PID=2713) to work on /home/airflow/.local/lib/python3.7/site-packages/airflow/example_dags/example_short_circuit_decorator.py
[2026-03-03T01:29:12.705+0000] {processor.py:799} INFO - Processing file /home/airflow/.local/lib/python3.7/site-packages/airflow/example_dags/example_short_circuit_decorator.py for tasks to queue
[2026-03-03T01:29:12.705+0000] {logging_mixin.py:149} INFO - [2026-03-03T01:29:12.705+0000] {dagbag.py:541} INFO - Filling up the DagBag from /home/airflow/.local/lib/python3.7/site-packages/airflow/example_dags/example_short_circuit_decorator.py
[2026-03-03T01:29:12.712+0000] {processor.py:809} INFO - DAG(s) dict_keys(['example_short_circuit_decorator']) retrieved from /home/airflow/.local/lib/python3.7/site-packages/airflow/example_dags/example_short_circuit_decorator.py
[2026-03-03T01:29:12.730+0000] {logging_mixin.py:149} INFO - [2026-03-03T01:29:12.730+0000] {dag.py:2726} INFO - Sync 1 DAGs
[2026-03-03T01:29:12.745+0000] {logging_mixin.py:149} INFO - [2026-03-03T01:29:12.745+0000] {dag.py:3490} INFO - Setting next_dagrun for example_short_circuit_decorator to 2026-03-02T01:29:12.745415+00:00, run_after=2026-03-03T01:29:12.745415+00:00
[2026-03-03T01:29:12.759+0000] {processor.py:178} INFO - Processing /home/airflow/.local/lib/python3.7/site-packages/airflow/example_dags/example_short_circuit_decorator.py took 0.058 seconds
[2026-03-03T01:29:43.992+0000] {processor.py:156} INFO - Started process (PID=2775) to work on /home/airflow/.local/lib/python3.7/site-packages/airflow/example_dags/example_short_circuit_decorator.py
[2026-03-03T01:29:43.995+0000] {processor.py:799} INFO - Processing file /home/airflow/.local/lib/python3.7/site-packages/airflow/example_dags/example_short_circuit_decorator.py for tasks to queue
[2026-03-03T01:29:44.000+0000] {logging_mixin.py:149} INFO - [2026-03-03T01:29:43.999+0000] {dagbag.py:541} INFO - Filling up the DagBag from /home/airflow/.local/lib/python3.7/site-packages/airflow/example_dags/example_short_circuit_decorator.py
[2026-03-03T01:29:44.026+0000] {processor.py:809} INFO - DAG(s) dict_keys(['example_short_circuit_decorator']) retrieved from /home/airflow/.local/lib/python3.7/site-packages/airflow/example_dags/example_short_circuit_decorator.py
[2026-03-03T01:29:44.098+0000] {logging_mixin.py:149} INFO - [2026-03-03T01:29:44.097+0000] {dag.py:2726} INFO - Sync 1 DAGs
[2026-03-03T01:29:44.178+0000] {logging_mixin.py:149} INFO - [2026-03-03T01:29:44.178+0000] {dag.py:3490} INFO - Setting next_dagrun for example_short_circuit_decorator to 2026-03-02T01:29:44.177565+00:00, run_after=2026-03-03T01:29:44.177565+00:00
[2026-03-03T01:29:44.255+0000] {processor.py:178} INFO - Processing /home/airflow/.local/lib/python3.7/site-packages/airflow/example_dags/example_short_circuit_decorator.py took 0.277 seconds
[2026-03-03T01:30:14.673+0000] {processor.py:156} INFO - Started process (PID=2836) to work on /home/airflow/.local/lib/python3.7/site-packages/airflow/example_dags/example_short_circuit_decorator.py
[2026-03-03T01:30:14.674+0000] {processor.py:799} INFO - Processing file /home/airflow/.local/lib/python3.7/site-packages/airflow/example_dags/example_short_circuit_decorator.py for tasks to queue
[2026-03-03T01:30:14.676+0000] {logging_mixin.py:149} INFO - [2026-03-03T01:30:14.676+0000] {dagbag.py:541} INFO - Filling up the DagBag from /home/airflow/.local/lib/python3.7/site-packages/airflow/example_dags/example_short_circuit_decorator.py
[2026-03-03T01:30:14.700+0000] {processor.py:809} INFO - DAG(s) dict_keys(['example_short_circuit_decorator']) retrieved from /home/airflow/.local/lib/python3.7/site-packages/airflow/example_dags/example_short_circuit_decorator.py
[2026-03-03T01:30:14.781+0000] {logging_mixin.py:149} INFO - [2026-03-03T01:30:14.781+0000] {dag.py:2726} INFO - Sync 1 DAGs
[2026-03-03T01:30:14.857+0000] {logging_mixin.py:149} INFO - [2026-03-03T01:30:14.856+0000] {dag.py:3490} INFO - Setting next_dagrun for example_short_circuit_decorator to 2026-03-02T01:30:14.855984+00:00, run_after=2026-03-03T01:30:14.855984+00:00
[2026-03-03T01:30:14.915+0000] {processor.py:178} INFO - Processing /home/airflow/.local/lib/python3.7/site-packages/airflow/example_dags/example_short_circuit_decorator.py took 0.250 seconds
[2026-03-03T01:30:45.048+0000] {processor.py:156} INFO - Started process (PID=2905) to work on /home/airflow/.local/lib/python3.7/site-packages/airflow/example_dags/example_short_circuit_decorator.py
[2026-03-03T01:30:45.049+0000] {processor.py:799} INFO - Processing file /home/airflow/.local/lib/python3.7/site-packages/airflow/example_dags/example_short_circuit_decorator.py for tasks to queue
[2026-03-03T01:30:45.050+0000] {logging_mixin.py:149} INFO - [2026-03-03T01:30:45.050+0000] {dagbag.py:541} INFO - Filling up the DagBag from /home/airflow/.local/lib/python3.7/site-packages/airflow/example_dags/example_short_circuit_decorator.py
[2026-03-03T01:30:45.059+0000] {processor.py:809} INFO - DAG(s) dict_keys(['example_short_circuit_decorator']) retrieved from /home/airflow/.local/lib/python3.7/site-packages/airflow/example_dags/example_short_circuit_decorator.py
[2026-03-03T01:30:45.076+0000] {logging_mixin.py:149} INFO - [2026-03-03T01:30:45.075+0000] {dag.py:2726} INFO - Sync 1 DAGs
[2026-03-03T01:30:45.092+0000] {logging_mixin.py:149} INFO - [2026-03-03T01:30:45.092+0000] {dag.py:3490} INFO - Setting next_dagrun for example_short_circuit_decorator to 2026-03-02T01:30:45.092008+00:00, run_after=2026-03-03T01:30:45.092008+00:00
[2026-03-03T01:30:45.102+0000] {processor.py:178} INFO - Processing /home/airflow/.local/lib/python3.7/site-packages/airflow/example_dags/example_short_circuit_decorator.py took 0.058 seconds
[2026-03-03T01:31:15.591+0000] {processor.py:156} INFO - Started process (PID=2967) to work on /home/airflow/.local/lib/python3.7/site-packages/airflow/example_dags/example_short_circuit_decorator.py
[2026-03-03T01:31:15.592+0000] {processor.py:799} INFO - Processing file /home/airflow/.local/lib/python3.7/site-packages/airflow/example_dags/example_short_circuit_decorator.py for tasks to queue
[2026-03-03T01:31:15.594+0000] {logging_mixin.py:149} INFO - [2026-03-03T01:31:15.594+0000] {dagbag.py:541} INFO - Filling up the DagBag from /home/airflow/.local/lib/python3.7/site-packages/airflow/example_dags/example_short_circuit_decorator.py
[2026-03-03T01:31:15.601+0000] {processor.py:809} INFO - DAG(s) dict_keys(['example_short_circuit_decorator']) retrieved from /home/airflow/.local/lib/python3.7/site-packages/airflow/example_dags/example_short_circuit_decorator.py
[2026-03-03T01:31:15.621+0000] {logging_mixin.py:149} INFO - [2026-03-03T01:31:15.621+0000] {dag.py:2726} INFO - Sync 1 DAGs
[2026-03-03T01:31:15.633+0000] {logging_mixin.py:149} INFO - [2026-03-03T01:31:15.633+0000] {dag.py:3490} INFO - Setting next_dagrun for example_short_circuit_decorator to 2026-03-02T01:31:15.633439+00:00, run_after=2026-03-03T01:31:15.633439+00:00
[2026-03-03T01:31:15.644+0000] {processor.py:178} INFO - Processing /home/airflow/.local/lib/python3.7/site-packages/airflow/example_dags/example_short_circuit_decorator.py took 0.055 seconds
