[2026-03-03T00:56:05.111+0000] {processor.py:156} INFO - Started process (PID=74) to work on /home/airflow/.local/lib/python3.7/site-packages/airflow/example_dags/example_params_ui_tutorial.py
[2026-03-03T00:56:05.113+0000] {processor.py:799} INFO - Processing file /home/airflow/.local/lib/python3.7/site-packages/airflow/example_dags/example_params_ui_tutorial.py for tasks to queue
[2026-03-03T00:56:05.113+0000] {logging_mixin.py:149} INFO - [2026-03-03T00:56:05.113+0000] {dagbag.py:541} INFO - Filling up the DagBag from /home/airflow/.local/lib/python3.7/site-packages/airflow/example_dags/example_params_ui_tutorial.py
[2026-03-03T00:56:05.136+0000] {processor.py:809} INFO - DAG(s) dict_keys(['example_params_ui_tutorial']) retrieved from /home/airflow/.local/lib/python3.7/site-packages/airflow/example_dags/example_params_ui_tutorial.py
[2026-03-03T00:56:05.148+0000] {logging_mixin.py:149} INFO - [2026-03-03T00:56:05.148+0000] {dag.py:2726} INFO - Sync 1 DAGs
[2026-03-03T00:56:05.171+0000] {logging_mixin.py:149} INFO - [2026-03-03T00:56:05.170+0000] {dag.py:3490} INFO - Setting next_dagrun for example_params_ui_tutorial to None, run_after=None
[2026-03-03T00:56:05.189+0000] {processor.py:178} INFO - Processing /home/airflow/.local/lib/python3.7/site-packages/airflow/example_dags/example_params_ui_tutorial.py took 0.080 seconds
[2026-03-03T00:56:37.380+0000] {processor.py:156} INFO - Started process (PID=136) to work on /home/airflow/.local/lib/python3.7/site-packages/airflow/example_dags/example_params_ui_tutorial.py
[2026-03-03T00:56:37.381+0000] {processor.py:799} INFO - Processing file /home/airflow/.local/lib/python3.7/site-packages/airflow/example_dags/example_params_ui_tutorial.py for tasks to queue
[2026-03-03T00:56:37.382+0000] {logging_mixin.py:149} INFO - [2026-03-03T00:56:37.381+0000] {dagbag.py:541} INFO - Filling up the DagBag from /home/airflow/.local/lib/python3.7/site-packages/airflow/example_dags/example_params_ui_tutorial.py
[2026-03-03T00:56:37.402+0000] {processor.py:809} INFO - DAG(s) dict_keys(['example_params_ui_tutorial']) retrieved from /home/airflow/.local/lib/python3.7/site-packages/airflow/example_dags/example_params_ui_tutorial.py
[2026-03-03T00:56:37.439+0000] {logging_mixin.py:149} INFO - [2026-03-03T00:56:37.439+0000] {dag.py:2726} INFO - Sync 1 DAGs
[2026-03-03T00:56:37.458+0000] {logging_mixin.py:149} INFO - [2026-03-03T00:56:37.458+0000] {dag.py:3490} INFO - Setting next_dagrun for example_params_ui_tutorial to None, run_after=None
[2026-03-03T00:56:37.472+0000] {processor.py:178} INFO - Processing /home/airflow/.local/lib/python3.7/site-packages/airflow/example_dags/example_params_ui_tutorial.py took 0.094 seconds
[2026-03-03T00:57:08.299+0000] {processor.py:156} INFO - Started process (PID=198) to work on /home/airflow/.local/lib/python3.7/site-packages/airflow/example_dags/example_params_ui_tutorial.py
[2026-03-03T00:57:08.300+0000] {processor.py:799} INFO - Processing file /home/airflow/.local/lib/python3.7/site-packages/airflow/example_dags/example_params_ui_tutorial.py for tasks to queue
[2026-03-03T00:57:08.300+0000] {logging_mixin.py:149} INFO - [2026-03-03T00:57:08.300+0000] {dagbag.py:541} INFO - Filling up the DagBag from /home/airflow/.local/lib/python3.7/site-packages/airflow/example_dags/example_params_ui_tutorial.py
[2026-03-03T00:57:08.323+0000] {processor.py:809} INFO - DAG(s) dict_keys(['example_params_ui_tutorial']) retrieved from /home/airflow/.local/lib/python3.7/site-packages/airflow/example_dags/example_params_ui_tutorial.py
[2026-03-03T00:57:08.350+0000] {logging_mixin.py:149} INFO - [2026-03-03T00:57:08.350+0000] {dag.py:2726} INFO - Sync 1 DAGs
[2026-03-03T00:57:08.362+0000] {logging_mixin.py:149} INFO - [2026-03-03T00:57:08.362+0000] {dag.py:3490} INFO - Setting next_dagrun for example_params_ui_tutorial to None, run_after=None
[2026-03-03T00:57:08.371+0000] {processor.py:178} INFO - Processing /home/airflow/.local/lib/python3.7/site-packages/airflow/example_dags/example_params_ui_tutorial.py took 0.074 seconds
[2026-03-03T00:57:39.243+0000] {processor.py:156} INFO - Started process (PID=260) to work on /home/airflow/.local/lib/python3.7/site-packages/airflow/example_dags/example_params_ui_tutorial.py
[2026-03-03T00:57:39.244+0000] {processor.py:799} INFO - Processing file /home/airflow/.local/lib/python3.7/site-packages/airflow/example_dags/example_params_ui_tutorial.py for tasks to queue
[2026-03-03T00:57:39.244+0000] {logging_mixin.py:149} INFO - [2026-03-03T00:57:39.244+0000] {dagbag.py:541} INFO - Filling up the DagBag from /home/airflow/.local/lib/python3.7/site-packages/airflow/example_dags/example_params_ui_tutorial.py
[2026-03-03T00:57:39.271+0000] {processor.py:809} INFO - DAG(s) dict_keys(['example_params_ui_tutorial']) retrieved from /home/airflow/.local/lib/python3.7/site-packages/airflow/example_dags/example_params_ui_tutorial.py
[2026-03-03T00:57:39.304+0000] {logging_mixin.py:149} INFO - [2026-03-03T00:57:39.304+0000] {dag.py:2726} INFO - Sync 1 DAGs
[2026-03-03T00:57:39.319+0000] {logging_mixin.py:149} INFO - [2026-03-03T00:57:39.319+0000] {dag.py:3490} INFO - Setting next_dagrun for example_params_ui_tutorial to None, run_after=None
[2026-03-03T00:57:39.332+0000] {processor.py:178} INFO - Processing /home/airflow/.local/lib/python3.7/site-packages/airflow/example_dags/example_params_ui_tutorial.py took 0.090 seconds
[2026-03-03T00:58:09.596+0000] {processor.py:156} INFO - Started process (PID=322) to work on /home/airflow/.local/lib/python3.7/site-packages/airflow/example_dags/example_params_ui_tutorial.py
[2026-03-03T00:58:09.597+0000] {processor.py:799} INFO - Processing file /home/airflow/.local/lib/python3.7/site-packages/airflow/example_dags/example_params_ui_tutorial.py for tasks to queue
[2026-03-03T00:58:09.597+0000] {logging_mixin.py:149} INFO - [2026-03-03T00:58:09.597+0000] {dagbag.py:541} INFO - Filling up the DagBag from /home/airflow/.local/lib/python3.7/site-packages/airflow/example_dags/example_params_ui_tutorial.py
[2026-03-03T00:58:09.618+0000] {processor.py:809} INFO - DAG(s) dict_keys(['example_params_ui_tutorial']) retrieved from /home/airflow/.local/lib/python3.7/site-packages/airflow/example_dags/example_params_ui_tutorial.py
[2026-03-03T00:58:09.645+0000] {logging_mixin.py:149} INFO - [2026-03-03T00:58:09.645+0000] {dag.py:2726} INFO - Sync 1 DAGs
[2026-03-03T00:58:09.660+0000] {logging_mixin.py:149} INFO - [2026-03-03T00:58:09.660+0000] {dag.py:3490} INFO - Setting next_dagrun for example_params_ui_tutorial to None, run_after=None
[2026-03-03T00:58:09.677+0000] {processor.py:178} INFO - Processing /home/airflow/.local/lib/python3.7/site-packages/airflow/example_dags/example_params_ui_tutorial.py took 0.082 seconds
[2026-03-03T00:58:40.453+0000] {processor.py:156} INFO - Started process (PID=384) to work on /home/airflow/.local/lib/python3.7/site-packages/airflow/example_dags/example_params_ui_tutorial.py
[2026-03-03T00:58:40.455+0000] {processor.py:799} INFO - Processing file /home/airflow/.local/lib/python3.7/site-packages/airflow/example_dags/example_params_ui_tutorial.py for tasks to queue
[2026-03-03T00:58:40.455+0000] {logging_mixin.py:149} INFO - [2026-03-03T00:58:40.455+0000] {dagbag.py:541} INFO - Filling up the DagBag from /home/airflow/.local/lib/python3.7/site-packages/airflow/example_dags/example_params_ui_tutorial.py
[2026-03-03T00:58:40.476+0000] {processor.py:809} INFO - DAG(s) dict_keys(['example_params_ui_tutorial']) retrieved from /home/airflow/.local/lib/python3.7/site-packages/airflow/example_dags/example_params_ui_tutorial.py
[2026-03-03T00:58:40.558+0000] {logging_mixin.py:149} INFO - [2026-03-03T00:58:40.558+0000] {dag.py:2726} INFO - Sync 1 DAGs
[2026-03-03T00:58:40.576+0000] {logging_mixin.py:149} INFO - [2026-03-03T00:58:40.576+0000] {dag.py:3490} INFO - Setting next_dagrun for example_params_ui_tutorial to None, run_after=None
[2026-03-03T00:58:40.606+0000] {processor.py:178} INFO - Processing /home/airflow/.local/lib/python3.7/site-packages/airflow/example_dags/example_params_ui_tutorial.py took 0.154 seconds
[2026-03-03T00:59:11.555+0000] {processor.py:156} INFO - Started process (PID=446) to work on /home/airflow/.local/lib/python3.7/site-packages/airflow/example_dags/example_params_ui_tutorial.py
[2026-03-03T00:59:11.556+0000] {processor.py:799} INFO - Processing file /home/airflow/.local/lib/python3.7/site-packages/airflow/example_dags/example_params_ui_tutorial.py for tasks to queue
[2026-03-03T00:59:11.556+0000] {logging_mixin.py:149} INFO - [2026-03-03T00:59:11.556+0000] {dagbag.py:541} INFO - Filling up the DagBag from /home/airflow/.local/lib/python3.7/site-packages/airflow/example_dags/example_params_ui_tutorial.py
[2026-03-03T00:59:11.575+0000] {processor.py:809} INFO - DAG(s) dict_keys(['example_params_ui_tutorial']) retrieved from /home/airflow/.local/lib/python3.7/site-packages/airflow/example_dags/example_params_ui_tutorial.py
[2026-03-03T00:59:11.606+0000] {logging_mixin.py:149} INFO - [2026-03-03T00:59:11.606+0000] {dag.py:2726} INFO - Sync 1 DAGs
[2026-03-03T00:59:11.623+0000] {logging_mixin.py:149} INFO - [2026-03-03T00:59:11.623+0000] {dag.py:3490} INFO - Setting next_dagrun for example_params_ui_tutorial to None, run_after=None
[2026-03-03T00:59:11.633+0000] {processor.py:178} INFO - Processing /home/airflow/.local/lib/python3.7/site-packages/airflow/example_dags/example_params_ui_tutorial.py took 0.081 seconds
[2026-03-03T00:59:42.350+0000] {processor.py:156} INFO - Started process (PID=508) to work on /home/airflow/.local/lib/python3.7/site-packages/airflow/example_dags/example_params_ui_tutorial.py
[2026-03-03T00:59:42.351+0000] {processor.py:799} INFO - Processing file /home/airflow/.local/lib/python3.7/site-packages/airflow/example_dags/example_params_ui_tutorial.py for tasks to queue
[2026-03-03T00:59:42.351+0000] {logging_mixin.py:149} INFO - [2026-03-03T00:59:42.351+0000] {dagbag.py:541} INFO - Filling up the DagBag from /home/airflow/.local/lib/python3.7/site-packages/airflow/example_dags/example_params_ui_tutorial.py
[2026-03-03T00:59:42.370+0000] {processor.py:809} INFO - DAG(s) dict_keys(['example_params_ui_tutorial']) retrieved from /home/airflow/.local/lib/python3.7/site-packages/airflow/example_dags/example_params_ui_tutorial.py
[2026-03-03T00:59:42.403+0000] {logging_mixin.py:149} INFO - [2026-03-03T00:59:42.402+0000] {dag.py:2726} INFO - Sync 1 DAGs
[2026-03-03T00:59:42.417+0000] {logging_mixin.py:149} INFO - [2026-03-03T00:59:42.417+0000] {dag.py:3490} INFO - Setting next_dagrun for example_params_ui_tutorial to None, run_after=None
[2026-03-03T00:59:42.437+0000] {processor.py:178} INFO - Processing /home/airflow/.local/lib/python3.7/site-packages/airflow/example_dags/example_params_ui_tutorial.py took 0.089 seconds
[2026-03-03T01:00:14.765+0000] {processor.py:156} INFO - Started process (PID=570) to work on /home/airflow/.local/lib/python3.7/site-packages/airflow/example_dags/example_params_ui_tutorial.py
[2026-03-03T01:00:14.767+0000] {processor.py:799} INFO - Processing file /home/airflow/.local/lib/python3.7/site-packages/airflow/example_dags/example_params_ui_tutorial.py for tasks to queue
[2026-03-03T01:00:14.769+0000] {logging_mixin.py:149} INFO - [2026-03-03T01:00:14.769+0000] {dagbag.py:541} INFO - Filling up the DagBag from /home/airflow/.local/lib/python3.7/site-packages/airflow/example_dags/example_params_ui_tutorial.py
[2026-03-03T01:00:14.885+0000] {processor.py:809} INFO - DAG(s) dict_keys(['example_params_ui_tutorial']) retrieved from /home/airflow/.local/lib/python3.7/site-packages/airflow/example_dags/example_params_ui_tutorial.py
[2026-03-03T01:00:15.039+0000] {logging_mixin.py:149} INFO - [2026-03-03T01:00:15.039+0000] {dag.py:2726} INFO - Sync 1 DAGs
[2026-03-03T01:00:15.116+0000] {logging_mixin.py:149} INFO - [2026-03-03T01:00:15.116+0000] {dag.py:3490} INFO - Setting next_dagrun for example_params_ui_tutorial to None, run_after=None
[2026-03-03T01:00:15.182+0000] {processor.py:178} INFO - Processing /home/airflow/.local/lib/python3.7/site-packages/airflow/example_dags/example_params_ui_tutorial.py took 0.424 seconds
[2026-03-03T01:00:45.975+0000] {processor.py:156} INFO - Started process (PID=632) to work on /home/airflow/.local/lib/python3.7/site-packages/airflow/example_dags/example_params_ui_tutorial.py
[2026-03-03T01:00:45.979+0000] {processor.py:799} INFO - Processing file /home/airflow/.local/lib/python3.7/site-packages/airflow/example_dags/example_params_ui_tutorial.py for tasks to queue
[2026-03-03T01:00:45.981+0000] {logging_mixin.py:149} INFO - [2026-03-03T01:00:45.980+0000] {dagbag.py:541} INFO - Filling up the DagBag from /home/airflow/.local/lib/python3.7/site-packages/airflow/example_dags/example_params_ui_tutorial.py
[2026-03-03T01:00:46.066+0000] {processor.py:809} INFO - DAG(s) dict_keys(['example_params_ui_tutorial']) retrieved from /home/airflow/.local/lib/python3.7/site-packages/airflow/example_dags/example_params_ui_tutorial.py
[2026-03-03T01:00:46.223+0000] {logging_mixin.py:149} INFO - [2026-03-03T01:00:46.222+0000] {dag.py:2726} INFO - Sync 1 DAGs
[2026-03-03T01:00:46.298+0000] {logging_mixin.py:149} INFO - [2026-03-03T01:00:46.297+0000] {dag.py:3490} INFO - Setting next_dagrun for example_params_ui_tutorial to None, run_after=None
[2026-03-03T01:00:46.356+0000] {processor.py:178} INFO - Processing /home/airflow/.local/lib/python3.7/site-packages/airflow/example_dags/example_params_ui_tutorial.py took 0.388 seconds
[2026-03-03T01:01:17.176+0000] {processor.py:156} INFO - Started process (PID=694) to work on /home/airflow/.local/lib/python3.7/site-packages/airflow/example_dags/example_params_ui_tutorial.py
[2026-03-03T01:01:17.178+0000] {processor.py:799} INFO - Processing file /home/airflow/.local/lib/python3.7/site-packages/airflow/example_dags/example_params_ui_tutorial.py for tasks to queue
[2026-03-03T01:01:17.179+0000] {logging_mixin.py:149} INFO - [2026-03-03T01:01:17.179+0000] {dagbag.py:541} INFO - Filling up the DagBag from /home/airflow/.local/lib/python3.7/site-packages/airflow/example_dags/example_params_ui_tutorial.py
[2026-03-03T01:01:17.210+0000] {processor.py:809} INFO - DAG(s) dict_keys(['example_params_ui_tutorial']) retrieved from /home/airflow/.local/lib/python3.7/site-packages/airflow/example_dags/example_params_ui_tutorial.py
[2026-03-03T01:01:17.240+0000] {logging_mixin.py:149} INFO - [2026-03-03T01:01:17.240+0000] {dag.py:2726} INFO - Sync 1 DAGs
[2026-03-03T01:01:17.258+0000] {logging_mixin.py:149} INFO - [2026-03-03T01:01:17.258+0000] {dag.py:3490} INFO - Setting next_dagrun for example_params_ui_tutorial to None, run_after=None
[2026-03-03T01:01:17.267+0000] {processor.py:178} INFO - Processing /home/airflow/.local/lib/python3.7/site-packages/airflow/example_dags/example_params_ui_tutorial.py took 0.095 seconds
[2026-03-03T01:01:47.959+0000] {processor.py:156} INFO - Started process (PID=756) to work on /home/airflow/.local/lib/python3.7/site-packages/airflow/example_dags/example_params_ui_tutorial.py
[2026-03-03T01:01:47.960+0000] {processor.py:799} INFO - Processing file /home/airflow/.local/lib/python3.7/site-packages/airflow/example_dags/example_params_ui_tutorial.py for tasks to queue
[2026-03-03T01:01:47.961+0000] {logging_mixin.py:149} INFO - [2026-03-03T01:01:47.961+0000] {dagbag.py:541} INFO - Filling up the DagBag from /home/airflow/.local/lib/python3.7/site-packages/airflow/example_dags/example_params_ui_tutorial.py
[2026-03-03T01:01:47.988+0000] {processor.py:809} INFO - DAG(s) dict_keys(['example_params_ui_tutorial']) retrieved from /home/airflow/.local/lib/python3.7/site-packages/airflow/example_dags/example_params_ui_tutorial.py
[2026-03-03T01:01:48.021+0000] {logging_mixin.py:149} INFO - [2026-03-03T01:01:48.021+0000] {dag.py:2726} INFO - Sync 1 DAGs
[2026-03-03T01:01:48.041+0000] {logging_mixin.py:149} INFO - [2026-03-03T01:01:48.041+0000] {dag.py:3490} INFO - Setting next_dagrun for example_params_ui_tutorial to None, run_after=None
[2026-03-03T01:01:48.052+0000] {processor.py:178} INFO - Processing /home/airflow/.local/lib/python3.7/site-packages/airflow/example_dags/example_params_ui_tutorial.py took 0.097 seconds
[2026-03-03T01:02:18.727+0000] {processor.py:156} INFO - Started process (PID=818) to work on /home/airflow/.local/lib/python3.7/site-packages/airflow/example_dags/example_params_ui_tutorial.py
[2026-03-03T01:02:18.729+0000] {processor.py:799} INFO - Processing file /home/airflow/.local/lib/python3.7/site-packages/airflow/example_dags/example_params_ui_tutorial.py for tasks to queue
[2026-03-03T01:02:18.730+0000] {logging_mixin.py:149} INFO - [2026-03-03T01:02:18.730+0000] {dagbag.py:541} INFO - Filling up the DagBag from /home/airflow/.local/lib/python3.7/site-packages/airflow/example_dags/example_params_ui_tutorial.py
[2026-03-03T01:02:18.757+0000] {processor.py:809} INFO - DAG(s) dict_keys(['example_params_ui_tutorial']) retrieved from /home/airflow/.local/lib/python3.7/site-packages/airflow/example_dags/example_params_ui_tutorial.py
[2026-03-03T01:02:18.789+0000] {logging_mixin.py:149} INFO - [2026-03-03T01:02:18.789+0000] {dag.py:2726} INFO - Sync 1 DAGs
[2026-03-03T01:02:18.808+0000] {logging_mixin.py:149} INFO - [2026-03-03T01:02:18.807+0000] {dag.py:3490} INFO - Setting next_dagrun for example_params_ui_tutorial to None, run_after=None
[2026-03-03T01:02:18.821+0000] {processor.py:178} INFO - Processing /home/airflow/.local/lib/python3.7/site-packages/airflow/example_dags/example_params_ui_tutorial.py took 0.098 seconds
[2026-03-03T01:02:49.484+0000] {processor.py:156} INFO - Started process (PID=880) to work on /home/airflow/.local/lib/python3.7/site-packages/airflow/example_dags/example_params_ui_tutorial.py
[2026-03-03T01:02:49.486+0000] {processor.py:799} INFO - Processing file /home/airflow/.local/lib/python3.7/site-packages/airflow/example_dags/example_params_ui_tutorial.py for tasks to queue
[2026-03-03T01:02:49.487+0000] {logging_mixin.py:149} INFO - [2026-03-03T01:02:49.487+0000] {dagbag.py:541} INFO - Filling up the DagBag from /home/airflow/.local/lib/python3.7/site-packages/airflow/example_dags/example_params_ui_tutorial.py
[2026-03-03T01:02:49.518+0000] {processor.py:809} INFO - DAG(s) dict_keys(['example_params_ui_tutorial']) retrieved from /home/airflow/.local/lib/python3.7/site-packages/airflow/example_dags/example_params_ui_tutorial.py
[2026-03-03T01:02:49.549+0000] {logging_mixin.py:149} INFO - [2026-03-03T01:02:49.549+0000] {dag.py:2726} INFO - Sync 1 DAGs
[2026-03-03T01:02:49.566+0000] {logging_mixin.py:149} INFO - [2026-03-03T01:02:49.566+0000] {dag.py:3490} INFO - Setting next_dagrun for example_params_ui_tutorial to None, run_after=None
[2026-03-03T01:02:49.576+0000] {processor.py:178} INFO - Processing /home/airflow/.local/lib/python3.7/site-packages/airflow/example_dags/example_params_ui_tutorial.py took 0.095 seconds
[2026-03-03T01:03:20.257+0000] {processor.py:156} INFO - Started process (PID=942) to work on /home/airflow/.local/lib/python3.7/site-packages/airflow/example_dags/example_params_ui_tutorial.py
[2026-03-03T01:03:20.259+0000] {processor.py:799} INFO - Processing file /home/airflow/.local/lib/python3.7/site-packages/airflow/example_dags/example_params_ui_tutorial.py for tasks to queue
[2026-03-03T01:03:20.260+0000] {logging_mixin.py:149} INFO - [2026-03-03T01:03:20.260+0000] {dagbag.py:541} INFO - Filling up the DagBag from /home/airflow/.local/lib/python3.7/site-packages/airflow/example_dags/example_params_ui_tutorial.py
[2026-03-03T01:03:20.291+0000] {processor.py:809} INFO - DAG(s) dict_keys(['example_params_ui_tutorial']) retrieved from /home/airflow/.local/lib/python3.7/site-packages/airflow/example_dags/example_params_ui_tutorial.py
[2026-03-03T01:03:20.321+0000] {logging_mixin.py:149} INFO - [2026-03-03T01:03:20.321+0000] {dag.py:2726} INFO - Sync 1 DAGs
[2026-03-03T01:03:20.337+0000] {logging_mixin.py:149} INFO - [2026-03-03T01:03:20.337+0000] {dag.py:3490} INFO - Setting next_dagrun for example_params_ui_tutorial to None, run_after=None
[2026-03-03T01:03:20.347+0000] {processor.py:178} INFO - Processing /home/airflow/.local/lib/python3.7/site-packages/airflow/example_dags/example_params_ui_tutorial.py took 0.096 seconds
[2026-03-03T01:03:51.089+0000] {processor.py:156} INFO - Started process (PID=1004) to work on /home/airflow/.local/lib/python3.7/site-packages/airflow/example_dags/example_params_ui_tutorial.py
[2026-03-03T01:03:51.092+0000] {processor.py:799} INFO - Processing file /home/airflow/.local/lib/python3.7/site-packages/airflow/example_dags/example_params_ui_tutorial.py for tasks to queue
[2026-03-03T01:03:51.093+0000] {logging_mixin.py:149} INFO - [2026-03-03T01:03:51.093+0000] {dagbag.py:541} INFO - Filling up the DagBag from /home/airflow/.local/lib/python3.7/site-packages/airflow/example_dags/example_params_ui_tutorial.py
[2026-03-03T01:03:51.120+0000] {processor.py:809} INFO - DAG(s) dict_keys(['example_params_ui_tutorial']) retrieved from /home/airflow/.local/lib/python3.7/site-packages/airflow/example_dags/example_params_ui_tutorial.py
[2026-03-03T01:03:51.155+0000] {logging_mixin.py:149} INFO - [2026-03-03T01:03:51.155+0000] {dag.py:2726} INFO - Sync 1 DAGs
[2026-03-03T01:03:51.177+0000] {logging_mixin.py:149} INFO - [2026-03-03T01:03:51.176+0000] {dag.py:3490} INFO - Setting next_dagrun for example_params_ui_tutorial to None, run_after=None
[2026-03-03T01:03:51.194+0000] {processor.py:178} INFO - Processing /home/airflow/.local/lib/python3.7/site-packages/airflow/example_dags/example_params_ui_tutorial.py took 0.109 seconds
[2026-03-03T01:04:21.696+0000] {processor.py:156} INFO - Started process (PID=1066) to work on /home/airflow/.local/lib/python3.7/site-packages/airflow/example_dags/example_params_ui_tutorial.py
[2026-03-03T01:04:21.697+0000] {processor.py:799} INFO - Processing file /home/airflow/.local/lib/python3.7/site-packages/airflow/example_dags/example_params_ui_tutorial.py for tasks to queue
[2026-03-03T01:04:21.697+0000] {logging_mixin.py:149} INFO - [2026-03-03T01:04:21.697+0000] {dagbag.py:541} INFO - Filling up the DagBag from /home/airflow/.local/lib/python3.7/site-packages/airflow/example_dags/example_params_ui_tutorial.py
[2026-03-03T01:04:21.716+0000] {processor.py:809} INFO - DAG(s) dict_keys(['example_params_ui_tutorial']) retrieved from /home/airflow/.local/lib/python3.7/site-packages/airflow/example_dags/example_params_ui_tutorial.py
[2026-03-03T01:04:21.746+0000] {logging_mixin.py:149} INFO - [2026-03-03T01:04:21.746+0000] {dag.py:2726} INFO - Sync 1 DAGs
[2026-03-03T01:04:21.759+0000] {logging_mixin.py:149} INFO - [2026-03-03T01:04:21.759+0000] {dag.py:3490} INFO - Setting next_dagrun for example_params_ui_tutorial to None, run_after=None
[2026-03-03T01:04:21.767+0000] {processor.py:178} INFO - Processing /home/airflow/.local/lib/python3.7/site-packages/airflow/example_dags/example_params_ui_tutorial.py took 0.072 seconds
[2026-03-03T01:04:52.332+0000] {processor.py:156} INFO - Started process (PID=1128) to work on /home/airflow/.local/lib/python3.7/site-packages/airflow/example_dags/example_params_ui_tutorial.py
[2026-03-03T01:04:52.333+0000] {processor.py:799} INFO - Processing file /home/airflow/.local/lib/python3.7/site-packages/airflow/example_dags/example_params_ui_tutorial.py for tasks to queue
[2026-03-03T01:04:52.334+0000] {logging_mixin.py:149} INFO - [2026-03-03T01:04:52.334+0000] {dagbag.py:541} INFO - Filling up the DagBag from /home/airflow/.local/lib/python3.7/site-packages/airflow/example_dags/example_params_ui_tutorial.py
[2026-03-03T01:04:52.363+0000] {processor.py:809} INFO - DAG(s) dict_keys(['example_params_ui_tutorial']) retrieved from /home/airflow/.local/lib/python3.7/site-packages/airflow/example_dags/example_params_ui_tutorial.py
[2026-03-03T01:04:52.393+0000] {logging_mixin.py:149} INFO - [2026-03-03T01:04:52.393+0000] {dag.py:2726} INFO - Sync 1 DAGs
[2026-03-03T01:04:52.406+0000] {logging_mixin.py:149} INFO - [2026-03-03T01:04:52.406+0000] {dag.py:3490} INFO - Setting next_dagrun for example_params_ui_tutorial to None, run_after=None
[2026-03-03T01:04:52.417+0000] {processor.py:178} INFO - Processing /home/airflow/.local/lib/python3.7/site-packages/airflow/example_dags/example_params_ui_tutorial.py took 0.089 seconds
[2026-03-03T01:05:23.142+0000] {processor.py:156} INFO - Started process (PID=1190) to work on /home/airflow/.local/lib/python3.7/site-packages/airflow/example_dags/example_params_ui_tutorial.py
[2026-03-03T01:05:23.143+0000] {processor.py:799} INFO - Processing file /home/airflow/.local/lib/python3.7/site-packages/airflow/example_dags/example_params_ui_tutorial.py for tasks to queue
[2026-03-03T01:05:23.144+0000] {logging_mixin.py:149} INFO - [2026-03-03T01:05:23.144+0000] {dagbag.py:541} INFO - Filling up the DagBag from /home/airflow/.local/lib/python3.7/site-packages/airflow/example_dags/example_params_ui_tutorial.py
[2026-03-03T01:05:23.171+0000] {processor.py:809} INFO - DAG(s) dict_keys(['example_params_ui_tutorial']) retrieved from /home/airflow/.local/lib/python3.7/site-packages/airflow/example_dags/example_params_ui_tutorial.py
[2026-03-03T01:05:23.206+0000] {logging_mixin.py:149} INFO - [2026-03-03T01:05:23.206+0000] {dag.py:2726} INFO - Sync 1 DAGs
[2026-03-03T01:05:23.225+0000] {logging_mixin.py:149} INFO - [2026-03-03T01:05:23.225+0000] {dag.py:3490} INFO - Setting next_dagrun for example_params_ui_tutorial to None, run_after=None
[2026-03-03T01:05:23.239+0000] {processor.py:178} INFO - Processing /home/airflow/.local/lib/python3.7/site-packages/airflow/example_dags/example_params_ui_tutorial.py took 0.101 seconds
[2026-03-03T01:05:53.818+0000] {processor.py:156} INFO - Started process (PID=1252) to work on /home/airflow/.local/lib/python3.7/site-packages/airflow/example_dags/example_params_ui_tutorial.py
[2026-03-03T01:05:53.820+0000] {processor.py:799} INFO - Processing file /home/airflow/.local/lib/python3.7/site-packages/airflow/example_dags/example_params_ui_tutorial.py for tasks to queue
[2026-03-03T01:05:53.821+0000] {logging_mixin.py:149} INFO - [2026-03-03T01:05:53.820+0000] {dagbag.py:541} INFO - Filling up the DagBag from /home/airflow/.local/lib/python3.7/site-packages/airflow/example_dags/example_params_ui_tutorial.py
[2026-03-03T01:05:53.839+0000] {processor.py:809} INFO - DAG(s) dict_keys(['example_params_ui_tutorial']) retrieved from /home/airflow/.local/lib/python3.7/site-packages/airflow/example_dags/example_params_ui_tutorial.py
[2026-03-03T01:05:53.868+0000] {logging_mixin.py:149} INFO - [2026-03-03T01:05:53.868+0000] {dag.py:2726} INFO - Sync 1 DAGs
[2026-03-03T01:05:53.880+0000] {logging_mixin.py:149} INFO - [2026-03-03T01:05:53.880+0000] {dag.py:3490} INFO - Setting next_dagrun for example_params_ui_tutorial to None, run_after=None
[2026-03-03T01:05:53.887+0000] {processor.py:178} INFO - Processing /home/airflow/.local/lib/python3.7/site-packages/airflow/example_dags/example_params_ui_tutorial.py took 0.072 seconds
[2026-03-03T01:06:24.303+0000] {processor.py:156} INFO - Started process (PID=1314) to work on /home/airflow/.local/lib/python3.7/site-packages/airflow/example_dags/example_params_ui_tutorial.py
[2026-03-03T01:06:24.304+0000] {processor.py:799} INFO - Processing file /home/airflow/.local/lib/python3.7/site-packages/airflow/example_dags/example_params_ui_tutorial.py for tasks to queue
[2026-03-03T01:06:24.305+0000] {logging_mixin.py:149} INFO - [2026-03-03T01:06:24.305+0000] {dagbag.py:541} INFO - Filling up the DagBag from /home/airflow/.local/lib/python3.7/site-packages/airflow/example_dags/example_params_ui_tutorial.py
[2026-03-03T01:06:24.322+0000] {processor.py:809} INFO - DAG(s) dict_keys(['example_params_ui_tutorial']) retrieved from /home/airflow/.local/lib/python3.7/site-packages/airflow/example_dags/example_params_ui_tutorial.py
[2026-03-03T01:06:24.352+0000] {logging_mixin.py:149} INFO - [2026-03-03T01:06:24.352+0000] {dag.py:2726} INFO - Sync 1 DAGs
[2026-03-03T01:06:24.364+0000] {logging_mixin.py:149} INFO - [2026-03-03T01:06:24.364+0000] {dag.py:3490} INFO - Setting next_dagrun for example_params_ui_tutorial to None, run_after=None
[2026-03-03T01:06:24.372+0000] {processor.py:178} INFO - Processing /home/airflow/.local/lib/python3.7/site-packages/airflow/example_dags/example_params_ui_tutorial.py took 0.072 seconds
[2026-03-03T01:07:10.148+0000] {processor.py:156} INFO - Started process (PID=66) to work on /home/airflow/.local/lib/python3.7/site-packages/airflow/example_dags/example_params_ui_tutorial.py
[2026-03-03T01:07:10.149+0000] {processor.py:799} INFO - Processing file /home/airflow/.local/lib/python3.7/site-packages/airflow/example_dags/example_params_ui_tutorial.py for tasks to queue
[2026-03-03T01:07:10.150+0000] {logging_mixin.py:149} INFO - [2026-03-03T01:07:10.150+0000] {dagbag.py:541} INFO - Filling up the DagBag from /home/airflow/.local/lib/python3.7/site-packages/airflow/example_dags/example_params_ui_tutorial.py
[2026-03-03T01:07:10.172+0000] {processor.py:809} INFO - DAG(s) dict_keys(['example_params_ui_tutorial']) retrieved from /home/airflow/.local/lib/python3.7/site-packages/airflow/example_dags/example_params_ui_tutorial.py
[2026-03-03T01:07:10.181+0000] {logging_mixin.py:149} INFO - [2026-03-03T01:07:10.181+0000] {dag.py:2726} INFO - Sync 1 DAGs
[2026-03-03T01:07:10.196+0000] {logging_mixin.py:149} INFO - [2026-03-03T01:07:10.196+0000] {dag.py:3490} INFO - Setting next_dagrun for example_params_ui_tutorial to None, run_after=None
[2026-03-03T01:07:10.209+0000] {processor.py:178} INFO - Processing /home/airflow/.local/lib/python3.7/site-packages/airflow/example_dags/example_params_ui_tutorial.py took 0.062 seconds
[2026-03-03T01:07:41.376+0000] {processor.py:156} INFO - Started process (PID=135) to work on /home/airflow/.local/lib/python3.7/site-packages/airflow/example_dags/example_params_ui_tutorial.py
[2026-03-03T01:07:41.377+0000] {processor.py:799} INFO - Processing file /home/airflow/.local/lib/python3.7/site-packages/airflow/example_dags/example_params_ui_tutorial.py for tasks to queue
[2026-03-03T01:07:41.378+0000] {logging_mixin.py:149} INFO - [2026-03-03T01:07:41.378+0000] {dagbag.py:541} INFO - Filling up the DagBag from /home/airflow/.local/lib/python3.7/site-packages/airflow/example_dags/example_params_ui_tutorial.py
[2026-03-03T01:07:41.404+0000] {processor.py:809} INFO - DAG(s) dict_keys(['example_params_ui_tutorial']) retrieved from /home/airflow/.local/lib/python3.7/site-packages/airflow/example_dags/example_params_ui_tutorial.py
[2026-03-03T01:07:41.431+0000] {logging_mixin.py:149} INFO - [2026-03-03T01:07:41.431+0000] {dag.py:2726} INFO - Sync 1 DAGs
[2026-03-03T01:07:41.516+0000] {logging_mixin.py:149} INFO - [2026-03-03T01:07:41.516+0000] {dag.py:3490} INFO - Setting next_dagrun for example_params_ui_tutorial to None, run_after=None
[2026-03-03T01:07:41.526+0000] {processor.py:178} INFO - Processing /home/airflow/.local/lib/python3.7/site-packages/airflow/example_dags/example_params_ui_tutorial.py took 0.151 seconds
[2026-03-03T01:08:20.556+0000] {processor.py:156} INFO - Started process (PID=197) to work on /home/airflow/.local/lib/python3.7/site-packages/airflow/example_dags/example_params_ui_tutorial.py
[2026-03-03T01:08:20.559+0000] {processor.py:799} INFO - Processing file /home/airflow/.local/lib/python3.7/site-packages/airflow/example_dags/example_params_ui_tutorial.py for tasks to queue
[2026-03-03T01:08:20.563+0000] {logging_mixin.py:149} INFO - [2026-03-03T01:08:20.562+0000] {dagbag.py:541} INFO - Filling up the DagBag from /home/airflow/.local/lib/python3.7/site-packages/airflow/example_dags/example_params_ui_tutorial.py
[2026-03-03T01:08:20.955+0000] {processor.py:809} INFO - DAG(s) dict_keys(['example_params_ui_tutorial']) retrieved from /home/airflow/.local/lib/python3.7/site-packages/airflow/example_dags/example_params_ui_tutorial.py
[2026-03-03T01:08:21.088+0000] {logging_mixin.py:149} INFO - [2026-03-03T01:08:21.088+0000] {dag.py:2726} INFO - Sync 1 DAGs
[2026-03-03T01:08:21.149+0000] {logging_mixin.py:149} INFO - [2026-03-03T01:08:21.149+0000] {dag.py:3490} INFO - Setting next_dagrun for example_params_ui_tutorial to None, run_after=None
[2026-03-03T01:08:21.207+0000] {processor.py:178} INFO - Processing /home/airflow/.local/lib/python3.7/site-packages/airflow/example_dags/example_params_ui_tutorial.py took 0.657 seconds
[2026-03-03T01:08:51.595+0000] {processor.py:156} INFO - Started process (PID=259) to work on /home/airflow/.local/lib/python3.7/site-packages/airflow/example_dags/example_params_ui_tutorial.py
[2026-03-03T01:08:51.595+0000] {processor.py:799} INFO - Processing file /home/airflow/.local/lib/python3.7/site-packages/airflow/example_dags/example_params_ui_tutorial.py for tasks to queue
[2026-03-03T01:08:51.595+0000] {logging_mixin.py:149} INFO - [2026-03-03T01:08:51.595+0000] {dagbag.py:541} INFO - Filling up the DagBag from /home/airflow/.local/lib/python3.7/site-packages/airflow/example_dags/example_params_ui_tutorial.py
[2026-03-03T01:08:51.611+0000] {processor.py:809} INFO - DAG(s) dict_keys(['example_params_ui_tutorial']) retrieved from /home/airflow/.local/lib/python3.7/site-packages/airflow/example_dags/example_params_ui_tutorial.py
[2026-03-03T01:08:51.635+0000] {logging_mixin.py:149} INFO - [2026-03-03T01:08:51.635+0000] {dag.py:2726} INFO - Sync 1 DAGs
[2026-03-03T01:08:51.645+0000] {logging_mixin.py:149} INFO - [2026-03-03T01:08:51.645+0000] {dag.py:3490} INFO - Setting next_dagrun for example_params_ui_tutorial to None, run_after=None
[2026-03-03T01:08:51.652+0000] {processor.py:178} INFO - Processing /home/airflow/.local/lib/python3.7/site-packages/airflow/example_dags/example_params_ui_tutorial.py took 0.059 seconds
[2026-03-03T01:09:22.568+0000] {processor.py:156} INFO - Started process (PID=321) to work on /home/airflow/.local/lib/python3.7/site-packages/airflow/example_dags/example_params_ui_tutorial.py
[2026-03-03T01:09:22.568+0000] {processor.py:799} INFO - Processing file /home/airflow/.local/lib/python3.7/site-packages/airflow/example_dags/example_params_ui_tutorial.py for tasks to queue
[2026-03-03T01:09:22.569+0000] {logging_mixin.py:149} INFO - [2026-03-03T01:09:22.569+0000] {dagbag.py:541} INFO - Filling up the DagBag from /home/airflow/.local/lib/python3.7/site-packages/airflow/example_dags/example_params_ui_tutorial.py
[2026-03-03T01:09:22.592+0000] {processor.py:809} INFO - DAG(s) dict_keys(['example_params_ui_tutorial']) retrieved from /home/airflow/.local/lib/python3.7/site-packages/airflow/example_dags/example_params_ui_tutorial.py
[2026-03-03T01:09:22.623+0000] {logging_mixin.py:149} INFO - [2026-03-03T01:09:22.623+0000] {dag.py:2726} INFO - Sync 1 DAGs
[2026-03-03T01:09:22.634+0000] {logging_mixin.py:149} INFO - [2026-03-03T01:09:22.634+0000] {dag.py:3490} INFO - Setting next_dagrun for example_params_ui_tutorial to None, run_after=None
[2026-03-03T01:09:22.644+0000] {processor.py:178} INFO - Processing /home/airflow/.local/lib/python3.7/site-packages/airflow/example_dags/example_params_ui_tutorial.py took 0.079 seconds
[2026-03-03T01:09:53.083+0000] {processor.py:156} INFO - Started process (PID=383) to work on /home/airflow/.local/lib/python3.7/site-packages/airflow/example_dags/example_params_ui_tutorial.py
[2026-03-03T01:09:53.084+0000] {processor.py:799} INFO - Processing file /home/airflow/.local/lib/python3.7/site-packages/airflow/example_dags/example_params_ui_tutorial.py for tasks to queue
[2026-03-03T01:09:53.084+0000] {logging_mixin.py:149} INFO - [2026-03-03T01:09:53.084+0000] {dagbag.py:541} INFO - Filling up the DagBag from /home/airflow/.local/lib/python3.7/site-packages/airflow/example_dags/example_params_ui_tutorial.py
[2026-03-03T01:09:53.105+0000] {processor.py:809} INFO - DAG(s) dict_keys(['example_params_ui_tutorial']) retrieved from /home/airflow/.local/lib/python3.7/site-packages/airflow/example_dags/example_params_ui_tutorial.py
[2026-03-03T01:09:53.132+0000] {logging_mixin.py:149} INFO - [2026-03-03T01:09:53.132+0000] {dag.py:2726} INFO - Sync 1 DAGs
[2026-03-03T01:09:53.145+0000] {logging_mixin.py:149} INFO - [2026-03-03T01:09:53.145+0000] {dag.py:3490} INFO - Setting next_dagrun for example_params_ui_tutorial to None, run_after=None
[2026-03-03T01:09:53.155+0000] {processor.py:178} INFO - Processing /home/airflow/.local/lib/python3.7/site-packages/airflow/example_dags/example_params_ui_tutorial.py took 0.074 seconds
[2026-03-03T01:10:23.865+0000] {processor.py:156} INFO - Started process (PID=445) to work on /home/airflow/.local/lib/python3.7/site-packages/airflow/example_dags/example_params_ui_tutorial.py
[2026-03-03T01:10:23.867+0000] {processor.py:799} INFO - Processing file /home/airflow/.local/lib/python3.7/site-packages/airflow/example_dags/example_params_ui_tutorial.py for tasks to queue
[2026-03-03T01:10:23.867+0000] {logging_mixin.py:149} INFO - [2026-03-03T01:10:23.867+0000] {dagbag.py:541} INFO - Filling up the DagBag from /home/airflow/.local/lib/python3.7/site-packages/airflow/example_dags/example_params_ui_tutorial.py
[2026-03-03T01:10:23.892+0000] {processor.py:809} INFO - DAG(s) dict_keys(['example_params_ui_tutorial']) retrieved from /home/airflow/.local/lib/python3.7/site-packages/airflow/example_dags/example_params_ui_tutorial.py
[2026-03-03T01:10:23.937+0000] {logging_mixin.py:149} INFO - [2026-03-03T01:10:23.936+0000] {dag.py:2726} INFO - Sync 1 DAGs
[2026-03-03T01:10:23.997+0000] {logging_mixin.py:149} INFO - [2026-03-03T01:10:23.991+0000] {dag.py:3490} INFO - Setting next_dagrun for example_params_ui_tutorial to None, run_after=None
[2026-03-03T01:10:24.068+0000] {processor.py:178} INFO - Processing /home/airflow/.local/lib/python3.7/site-packages/airflow/example_dags/example_params_ui_tutorial.py took 0.204 seconds
[2026-03-03T01:10:54.438+0000] {processor.py:156} INFO - Started process (PID=507) to work on /home/airflow/.local/lib/python3.7/site-packages/airflow/example_dags/example_params_ui_tutorial.py
[2026-03-03T01:10:54.438+0000] {processor.py:799} INFO - Processing file /home/airflow/.local/lib/python3.7/site-packages/airflow/example_dags/example_params_ui_tutorial.py for tasks to queue
[2026-03-03T01:10:54.439+0000] {logging_mixin.py:149} INFO - [2026-03-03T01:10:54.439+0000] {dagbag.py:541} INFO - Filling up the DagBag from /home/airflow/.local/lib/python3.7/site-packages/airflow/example_dags/example_params_ui_tutorial.py
[2026-03-03T01:10:54.456+0000] {processor.py:809} INFO - DAG(s) dict_keys(['example_params_ui_tutorial']) retrieved from /home/airflow/.local/lib/python3.7/site-packages/airflow/example_dags/example_params_ui_tutorial.py
[2026-03-03T01:10:54.481+0000] {logging_mixin.py:149} INFO - [2026-03-03T01:10:54.481+0000] {dag.py:2726} INFO - Sync 1 DAGs
[2026-03-03T01:10:54.492+0000] {logging_mixin.py:149} INFO - [2026-03-03T01:10:54.492+0000] {dag.py:3490} INFO - Setting next_dagrun for example_params_ui_tutorial to None, run_after=None
[2026-03-03T01:10:54.500+0000] {processor.py:178} INFO - Processing /home/airflow/.local/lib/python3.7/site-packages/airflow/example_dags/example_params_ui_tutorial.py took 0.064 seconds
[2026-03-03T01:11:25.404+0000] {processor.py:156} INFO - Started process (PID=569) to work on /home/airflow/.local/lib/python3.7/site-packages/airflow/example_dags/example_params_ui_tutorial.py
[2026-03-03T01:11:25.405+0000] {processor.py:799} INFO - Processing file /home/airflow/.local/lib/python3.7/site-packages/airflow/example_dags/example_params_ui_tutorial.py for tasks to queue
[2026-03-03T01:11:25.405+0000] {logging_mixin.py:149} INFO - [2026-03-03T01:11:25.405+0000] {dagbag.py:541} INFO - Filling up the DagBag from /home/airflow/.local/lib/python3.7/site-packages/airflow/example_dags/example_params_ui_tutorial.py
[2026-03-03T01:11:25.428+0000] {processor.py:809} INFO - DAG(s) dict_keys(['example_params_ui_tutorial']) retrieved from /home/airflow/.local/lib/python3.7/site-packages/airflow/example_dags/example_params_ui_tutorial.py
[2026-03-03T01:11:25.458+0000] {logging_mixin.py:149} INFO - [2026-03-03T01:11:25.458+0000] {dag.py:2726} INFO - Sync 1 DAGs
[2026-03-03T01:11:25.471+0000] {logging_mixin.py:149} INFO - [2026-03-03T01:11:25.471+0000] {dag.py:3490} INFO - Setting next_dagrun for example_params_ui_tutorial to None, run_after=None
[2026-03-03T01:11:25.480+0000] {processor.py:178} INFO - Processing /home/airflow/.local/lib/python3.7/site-packages/airflow/example_dags/example_params_ui_tutorial.py took 0.079 seconds
[2026-03-03T01:11:55.817+0000] {processor.py:156} INFO - Started process (PID=631) to work on /home/airflow/.local/lib/python3.7/site-packages/airflow/example_dags/example_params_ui_tutorial.py
[2026-03-03T01:11:55.820+0000] {processor.py:799} INFO - Processing file /home/airflow/.local/lib/python3.7/site-packages/airflow/example_dags/example_params_ui_tutorial.py for tasks to queue
[2026-03-03T01:11:55.823+0000] {logging_mixin.py:149} INFO - [2026-03-03T01:11:55.822+0000] {dagbag.py:541} INFO - Filling up the DagBag from /home/airflow/.local/lib/python3.7/site-packages/airflow/example_dags/example_params_ui_tutorial.py
[2026-03-03T01:11:55.911+0000] {processor.py:809} INFO - DAG(s) dict_keys(['example_params_ui_tutorial']) retrieved from /home/airflow/.local/lib/python3.7/site-packages/airflow/example_dags/example_params_ui_tutorial.py
[2026-03-03T01:11:56.045+0000] {logging_mixin.py:149} INFO - [2026-03-03T01:11:56.044+0000] {dag.py:2726} INFO - Sync 1 DAGs
[2026-03-03T01:11:56.113+0000] {logging_mixin.py:149} INFO - [2026-03-03T01:11:56.113+0000] {dag.py:3490} INFO - Setting next_dagrun for example_params_ui_tutorial to None, run_after=None
[2026-03-03T01:11:56.163+0000] {processor.py:178} INFO - Processing /home/airflow/.local/lib/python3.7/site-packages/airflow/example_dags/example_params_ui_tutorial.py took 0.353 seconds
[2026-03-03T01:12:26.355+0000] {processor.py:156} INFO - Started process (PID=693) to work on /home/airflow/.local/lib/python3.7/site-packages/airflow/example_dags/example_params_ui_tutorial.py
[2026-03-03T01:12:26.357+0000] {processor.py:799} INFO - Processing file /home/airflow/.local/lib/python3.7/site-packages/airflow/example_dags/example_params_ui_tutorial.py for tasks to queue
[2026-03-03T01:12:26.359+0000] {logging_mixin.py:149} INFO - [2026-03-03T01:12:26.359+0000] {dagbag.py:541} INFO - Filling up the DagBag from /home/airflow/.local/lib/python3.7/site-packages/airflow/example_dags/example_params_ui_tutorial.py
[2026-03-03T01:12:26.439+0000] {processor.py:809} INFO - DAG(s) dict_keys(['example_params_ui_tutorial']) retrieved from /home/airflow/.local/lib/python3.7/site-packages/airflow/example_dags/example_params_ui_tutorial.py
[2026-03-03T01:12:26.577+0000] {logging_mixin.py:149} INFO - [2026-03-03T01:12:26.576+0000] {dag.py:2726} INFO - Sync 1 DAGs
[2026-03-03T01:12:26.634+0000] {logging_mixin.py:149} INFO - [2026-03-03T01:12:26.633+0000] {dag.py:3490} INFO - Setting next_dagrun for example_params_ui_tutorial to None, run_after=None
[2026-03-03T01:12:26.680+0000] {processor.py:178} INFO - Processing /home/airflow/.local/lib/python3.7/site-packages/airflow/example_dags/example_params_ui_tutorial.py took 0.332 seconds
[2026-03-03T01:12:57.366+0000] {processor.py:156} INFO - Started process (PID=755) to work on /home/airflow/.local/lib/python3.7/site-packages/airflow/example_dags/example_params_ui_tutorial.py
[2026-03-03T01:12:57.368+0000] {processor.py:799} INFO - Processing file /home/airflow/.local/lib/python3.7/site-packages/airflow/example_dags/example_params_ui_tutorial.py for tasks to queue
[2026-03-03T01:12:57.369+0000] {logging_mixin.py:149} INFO - [2026-03-03T01:12:57.368+0000] {dagbag.py:541} INFO - Filling up the DagBag from /home/airflow/.local/lib/python3.7/site-packages/airflow/example_dags/example_params_ui_tutorial.py
[2026-03-03T01:12:57.390+0000] {processor.py:809} INFO - DAG(s) dict_keys(['example_params_ui_tutorial']) retrieved from /home/airflow/.local/lib/python3.7/site-packages/airflow/example_dags/example_params_ui_tutorial.py
[2026-03-03T01:12:57.420+0000] {logging_mixin.py:149} INFO - [2026-03-03T01:12:57.420+0000] {dag.py:2726} INFO - Sync 1 DAGs
[2026-03-03T01:12:57.444+0000] {logging_mixin.py:149} INFO - [2026-03-03T01:12:57.444+0000] {dag.py:3490} INFO - Setting next_dagrun for example_params_ui_tutorial to None, run_after=None
[2026-03-03T01:12:57.460+0000] {processor.py:178} INFO - Processing /home/airflow/.local/lib/python3.7/site-packages/airflow/example_dags/example_params_ui_tutorial.py took 0.095 seconds
[2026-03-03T01:13:27.820+0000] {processor.py:156} INFO - Started process (PID=817) to work on /home/airflow/.local/lib/python3.7/site-packages/airflow/example_dags/example_params_ui_tutorial.py
[2026-03-03T01:13:27.821+0000] {processor.py:799} INFO - Processing file /home/airflow/.local/lib/python3.7/site-packages/airflow/example_dags/example_params_ui_tutorial.py for tasks to queue
[2026-03-03T01:13:27.821+0000] {logging_mixin.py:149} INFO - [2026-03-03T01:13:27.821+0000] {dagbag.py:541} INFO - Filling up the DagBag from /home/airflow/.local/lib/python3.7/site-packages/airflow/example_dags/example_params_ui_tutorial.py
[2026-03-03T01:13:27.846+0000] {processor.py:809} INFO - DAG(s) dict_keys(['example_params_ui_tutorial']) retrieved from /home/airflow/.local/lib/python3.7/site-packages/airflow/example_dags/example_params_ui_tutorial.py
[2026-03-03T01:13:27.904+0000] {logging_mixin.py:149} INFO - [2026-03-03T01:13:27.903+0000] {dag.py:2726} INFO - Sync 1 DAGs
[2026-03-03T01:13:27.938+0000] {logging_mixin.py:149} INFO - [2026-03-03T01:13:27.938+0000] {dag.py:3490} INFO - Setting next_dagrun for example_params_ui_tutorial to None, run_after=None
[2026-03-03T01:13:27.951+0000] {processor.py:178} INFO - Processing /home/airflow/.local/lib/python3.7/site-packages/airflow/example_dags/example_params_ui_tutorial.py took 0.134 seconds
[2026-03-03T01:13:58.568+0000] {processor.py:156} INFO - Started process (PID=879) to work on /home/airflow/.local/lib/python3.7/site-packages/airflow/example_dags/example_params_ui_tutorial.py
[2026-03-03T01:13:58.569+0000] {processor.py:799} INFO - Processing file /home/airflow/.local/lib/python3.7/site-packages/airflow/example_dags/example_params_ui_tutorial.py for tasks to queue
[2026-03-03T01:13:58.569+0000] {logging_mixin.py:149} INFO - [2026-03-03T01:13:58.569+0000] {dagbag.py:541} INFO - Filling up the DagBag from /home/airflow/.local/lib/python3.7/site-packages/airflow/example_dags/example_params_ui_tutorial.py
[2026-03-03T01:13:58.593+0000] {processor.py:809} INFO - DAG(s) dict_keys(['example_params_ui_tutorial']) retrieved from /home/airflow/.local/lib/python3.7/site-packages/airflow/example_dags/example_params_ui_tutorial.py
[2026-03-03T01:13:58.622+0000] {logging_mixin.py:149} INFO - [2026-03-03T01:13:58.622+0000] {dag.py:2726} INFO - Sync 1 DAGs
[2026-03-03T01:13:58.634+0000] {logging_mixin.py:149} INFO - [2026-03-03T01:13:58.634+0000] {dag.py:3490} INFO - Setting next_dagrun for example_params_ui_tutorial to None, run_after=None
[2026-03-03T01:13:58.642+0000] {processor.py:178} INFO - Processing /home/airflow/.local/lib/python3.7/site-packages/airflow/example_dags/example_params_ui_tutorial.py took 0.077 seconds
[2026-03-03T01:14:29.307+0000] {processor.py:156} INFO - Started process (PID=941) to work on /home/airflow/.local/lib/python3.7/site-packages/airflow/example_dags/example_params_ui_tutorial.py
[2026-03-03T01:14:29.309+0000] {processor.py:799} INFO - Processing file /home/airflow/.local/lib/python3.7/site-packages/airflow/example_dags/example_params_ui_tutorial.py for tasks to queue
[2026-03-03T01:14:29.309+0000] {logging_mixin.py:149} INFO - [2026-03-03T01:14:29.309+0000] {dagbag.py:541} INFO - Filling up the DagBag from /home/airflow/.local/lib/python3.7/site-packages/airflow/example_dags/example_params_ui_tutorial.py
[2026-03-03T01:14:29.333+0000] {processor.py:809} INFO - DAG(s) dict_keys(['example_params_ui_tutorial']) retrieved from /home/airflow/.local/lib/python3.7/site-packages/airflow/example_dags/example_params_ui_tutorial.py
[2026-03-03T01:14:29.366+0000] {logging_mixin.py:149} INFO - [2026-03-03T01:14:29.365+0000] {dag.py:2726} INFO - Sync 1 DAGs
[2026-03-03T01:14:29.382+0000] {logging_mixin.py:149} INFO - [2026-03-03T01:14:29.382+0000] {dag.py:3490} INFO - Setting next_dagrun for example_params_ui_tutorial to None, run_after=None
[2026-03-03T01:14:29.393+0000] {processor.py:178} INFO - Processing /home/airflow/.local/lib/python3.7/site-packages/airflow/example_dags/example_params_ui_tutorial.py took 0.089 seconds
[2026-03-03T01:14:59.977+0000] {processor.py:156} INFO - Started process (PID=1003) to work on /home/airflow/.local/lib/python3.7/site-packages/airflow/example_dags/example_params_ui_tutorial.py
[2026-03-03T01:14:59.980+0000] {processor.py:799} INFO - Processing file /home/airflow/.local/lib/python3.7/site-packages/airflow/example_dags/example_params_ui_tutorial.py for tasks to queue
[2026-03-03T01:14:59.985+0000] {logging_mixin.py:149} INFO - [2026-03-03T01:14:59.984+0000] {dagbag.py:541} INFO - Filling up the DagBag from /home/airflow/.local/lib/python3.7/site-packages/airflow/example_dags/example_params_ui_tutorial.py
[2026-03-03T01:15:00.099+0000] {processor.py:809} INFO - DAG(s) dict_keys(['example_params_ui_tutorial']) retrieved from /home/airflow/.local/lib/python3.7/site-packages/airflow/example_dags/example_params_ui_tutorial.py
[2026-03-03T01:15:00.275+0000] {logging_mixin.py:149} INFO - [2026-03-03T01:15:00.275+0000] {dag.py:2726} INFO - Sync 1 DAGs
[2026-03-03T01:15:00.366+0000] {logging_mixin.py:149} INFO - [2026-03-03T01:15:00.365+0000] {dag.py:3490} INFO - Setting next_dagrun for example_params_ui_tutorial to None, run_after=None
[2026-03-03T01:15:00.425+0000] {processor.py:178} INFO - Processing /home/airflow/.local/lib/python3.7/site-packages/airflow/example_dags/example_params_ui_tutorial.py took 0.456 seconds
[2026-03-03T01:15:30.728+0000] {processor.py:156} INFO - Started process (PID=1065) to work on /home/airflow/.local/lib/python3.7/site-packages/airflow/example_dags/example_params_ui_tutorial.py
[2026-03-03T01:15:30.728+0000] {processor.py:799} INFO - Processing file /home/airflow/.local/lib/python3.7/site-packages/airflow/example_dags/example_params_ui_tutorial.py for tasks to queue
[2026-03-03T01:15:30.729+0000] {logging_mixin.py:149} INFO - [2026-03-03T01:15:30.729+0000] {dagbag.py:541} INFO - Filling up the DagBag from /home/airflow/.local/lib/python3.7/site-packages/airflow/example_dags/example_params_ui_tutorial.py
[2026-03-03T01:15:30.755+0000] {processor.py:809} INFO - DAG(s) dict_keys(['example_params_ui_tutorial']) retrieved from /home/airflow/.local/lib/python3.7/site-packages/airflow/example_dags/example_params_ui_tutorial.py
[2026-03-03T01:15:30.785+0000] {logging_mixin.py:149} INFO - [2026-03-03T01:15:30.785+0000] {dag.py:2726} INFO - Sync 1 DAGs
[2026-03-03T01:15:30.801+0000] {logging_mixin.py:149} INFO - [2026-03-03T01:15:30.801+0000] {dag.py:3490} INFO - Setting next_dagrun for example_params_ui_tutorial to None, run_after=None
[2026-03-03T01:15:30.812+0000] {processor.py:178} INFO - Processing /home/airflow/.local/lib/python3.7/site-packages/airflow/example_dags/example_params_ui_tutorial.py took 0.087 seconds
[2026-03-03T01:16:01.521+0000] {processor.py:156} INFO - Started process (PID=1126) to work on /home/airflow/.local/lib/python3.7/site-packages/airflow/example_dags/example_params_ui_tutorial.py
[2026-03-03T01:16:01.523+0000] {processor.py:799} INFO - Processing file /home/airflow/.local/lib/python3.7/site-packages/airflow/example_dags/example_params_ui_tutorial.py for tasks to queue
[2026-03-03T01:16:01.523+0000] {logging_mixin.py:149} INFO - [2026-03-03T01:16:01.523+0000] {dagbag.py:541} INFO - Filling up the DagBag from /home/airflow/.local/lib/python3.7/site-packages/airflow/example_dags/example_params_ui_tutorial.py
[2026-03-03T01:16:01.546+0000] {processor.py:809} INFO - DAG(s) dict_keys(['example_params_ui_tutorial']) retrieved from /home/airflow/.local/lib/python3.7/site-packages/airflow/example_dags/example_params_ui_tutorial.py
[2026-03-03T01:16:01.575+0000] {logging_mixin.py:149} INFO - [2026-03-03T01:16:01.575+0000] {dag.py:2726} INFO - Sync 1 DAGs
[2026-03-03T01:16:01.590+0000] {logging_mixin.py:149} INFO - [2026-03-03T01:16:01.590+0000] {dag.py:3490} INFO - Setting next_dagrun for example_params_ui_tutorial to None, run_after=None
[2026-03-03T01:16:01.601+0000] {processor.py:178} INFO - Processing /home/airflow/.local/lib/python3.7/site-packages/airflow/example_dags/example_params_ui_tutorial.py took 0.082 seconds
[2026-03-03T01:16:32.263+0000] {processor.py:156} INFO - Started process (PID=1188) to work on /home/airflow/.local/lib/python3.7/site-packages/airflow/example_dags/example_params_ui_tutorial.py
[2026-03-03T01:16:32.266+0000] {processor.py:799} INFO - Processing file /home/airflow/.local/lib/python3.7/site-packages/airflow/example_dags/example_params_ui_tutorial.py for tasks to queue
[2026-03-03T01:16:32.269+0000] {logging_mixin.py:149} INFO - [2026-03-03T01:16:32.268+0000] {dagbag.py:541} INFO - Filling up the DagBag from /home/airflow/.local/lib/python3.7/site-packages/airflow/example_dags/example_params_ui_tutorial.py
[2026-03-03T01:16:32.358+0000] {processor.py:809} INFO - DAG(s) dict_keys(['example_params_ui_tutorial']) retrieved from /home/airflow/.local/lib/python3.7/site-packages/airflow/example_dags/example_params_ui_tutorial.py
[2026-03-03T01:16:32.505+0000] {logging_mixin.py:149} INFO - [2026-03-03T01:16:32.505+0000] {dag.py:2726} INFO - Sync 1 DAGs
[2026-03-03T01:16:32.568+0000] {logging_mixin.py:149} INFO - [2026-03-03T01:16:32.567+0000] {dag.py:3490} INFO - Setting next_dagrun for example_params_ui_tutorial to None, run_after=None
[2026-03-03T01:16:32.622+0000] {processor.py:178} INFO - Processing /home/airflow/.local/lib/python3.7/site-packages/airflow/example_dags/example_params_ui_tutorial.py took 0.366 seconds
[2026-03-03T01:17:02.691+0000] {processor.py:156} INFO - Started process (PID=1250) to work on /home/airflow/.local/lib/python3.7/site-packages/airflow/example_dags/example_params_ui_tutorial.py
[2026-03-03T01:17:02.693+0000] {processor.py:799} INFO - Processing file /home/airflow/.local/lib/python3.7/site-packages/airflow/example_dags/example_params_ui_tutorial.py for tasks to queue
[2026-03-03T01:17:02.694+0000] {logging_mixin.py:149} INFO - [2026-03-03T01:17:02.694+0000] {dagbag.py:541} INFO - Filling up the DagBag from /home/airflow/.local/lib/python3.7/site-packages/airflow/example_dags/example_params_ui_tutorial.py
[2026-03-03T01:17:02.760+0000] {processor.py:809} INFO - DAG(s) dict_keys(['example_params_ui_tutorial']) retrieved from /home/airflow/.local/lib/python3.7/site-packages/airflow/example_dags/example_params_ui_tutorial.py
[2026-03-03T01:17:02.874+0000] {logging_mixin.py:149} INFO - [2026-03-03T01:17:02.874+0000] {dag.py:2726} INFO - Sync 1 DAGs
[2026-03-03T01:17:02.914+0000] {logging_mixin.py:149} INFO - [2026-03-03T01:17:02.913+0000] {dag.py:3490} INFO - Setting next_dagrun for example_params_ui_tutorial to None, run_after=None
[2026-03-03T01:17:02.949+0000] {processor.py:178} INFO - Processing /home/airflow/.local/lib/python3.7/site-packages/airflow/example_dags/example_params_ui_tutorial.py took 0.263 seconds
[2026-03-03T01:17:33.112+0000] {processor.py:156} INFO - Started process (PID=1312) to work on /home/airflow/.local/lib/python3.7/site-packages/airflow/example_dags/example_params_ui_tutorial.py
[2026-03-03T01:17:33.115+0000] {processor.py:799} INFO - Processing file /home/airflow/.local/lib/python3.7/site-packages/airflow/example_dags/example_params_ui_tutorial.py for tasks to queue
[2026-03-03T01:17:33.117+0000] {logging_mixin.py:149} INFO - [2026-03-03T01:17:33.116+0000] {dagbag.py:541} INFO - Filling up the DagBag from /home/airflow/.local/lib/python3.7/site-packages/airflow/example_dags/example_params_ui_tutorial.py
[2026-03-03T01:17:33.206+0000] {processor.py:809} INFO - DAG(s) dict_keys(['example_params_ui_tutorial']) retrieved from /home/airflow/.local/lib/python3.7/site-packages/airflow/example_dags/example_params_ui_tutorial.py
[2026-03-03T01:17:33.351+0000] {logging_mixin.py:149} INFO - [2026-03-03T01:17:33.351+0000] {dag.py:2726} INFO - Sync 1 DAGs
[2026-03-03T01:17:33.470+0000] {logging_mixin.py:149} INFO - [2026-03-03T01:17:33.470+0000] {dag.py:3490} INFO - Setting next_dagrun for example_params_ui_tutorial to None, run_after=None
[2026-03-03T01:17:33.482+0000] {processor.py:178} INFO - Processing /home/airflow/.local/lib/python3.7/site-packages/airflow/example_dags/example_params_ui_tutorial.py took 0.381 seconds
[2026-03-03T01:18:04.090+0000] {processor.py:156} INFO - Started process (PID=1374) to work on /home/airflow/.local/lib/python3.7/site-packages/airflow/example_dags/example_params_ui_tutorial.py
[2026-03-03T01:18:04.090+0000] {processor.py:799} INFO - Processing file /home/airflow/.local/lib/python3.7/site-packages/airflow/example_dags/example_params_ui_tutorial.py for tasks to queue
[2026-03-03T01:18:04.091+0000] {logging_mixin.py:149} INFO - [2026-03-03T01:18:04.091+0000] {dagbag.py:541} INFO - Filling up the DagBag from /home/airflow/.local/lib/python3.7/site-packages/airflow/example_dags/example_params_ui_tutorial.py
[2026-03-03T01:18:04.114+0000] {processor.py:809} INFO - DAG(s) dict_keys(['example_params_ui_tutorial']) retrieved from /home/airflow/.local/lib/python3.7/site-packages/airflow/example_dags/example_params_ui_tutorial.py
[2026-03-03T01:18:04.146+0000] {logging_mixin.py:149} INFO - [2026-03-03T01:18:04.146+0000] {dag.py:2726} INFO - Sync 1 DAGs
[2026-03-03T01:18:04.160+0000] {logging_mixin.py:149} INFO - [2026-03-03T01:18:04.160+0000] {dag.py:3490} INFO - Setting next_dagrun for example_params_ui_tutorial to None, run_after=None
[2026-03-03T01:18:04.173+0000] {processor.py:178} INFO - Processing /home/airflow/.local/lib/python3.7/site-packages/airflow/example_dags/example_params_ui_tutorial.py took 0.086 seconds
[2026-03-03T01:18:34.440+0000] {processor.py:156} INFO - Started process (PID=1436) to work on /home/airflow/.local/lib/python3.7/site-packages/airflow/example_dags/example_params_ui_tutorial.py
[2026-03-03T01:18:34.442+0000] {processor.py:799} INFO - Processing file /home/airflow/.local/lib/python3.7/site-packages/airflow/example_dags/example_params_ui_tutorial.py for tasks to queue
[2026-03-03T01:18:34.444+0000] {logging_mixin.py:149} INFO - [2026-03-03T01:18:34.444+0000] {dagbag.py:541} INFO - Filling up the DagBag from /home/airflow/.local/lib/python3.7/site-packages/airflow/example_dags/example_params_ui_tutorial.py
[2026-03-03T01:18:34.533+0000] {processor.py:809} INFO - DAG(s) dict_keys(['example_params_ui_tutorial']) retrieved from /home/airflow/.local/lib/python3.7/site-packages/airflow/example_dags/example_params_ui_tutorial.py
[2026-03-03T01:18:34.670+0000] {logging_mixin.py:149} INFO - [2026-03-03T01:18:34.669+0000] {dag.py:2726} INFO - Sync 1 DAGs
[2026-03-03T01:18:34.743+0000] {logging_mixin.py:149} INFO - [2026-03-03T01:18:34.742+0000] {dag.py:3490} INFO - Setting next_dagrun for example_params_ui_tutorial to None, run_after=None
[2026-03-03T01:18:34.799+0000] {processor.py:178} INFO - Processing /home/airflow/.local/lib/python3.7/site-packages/airflow/example_dags/example_params_ui_tutorial.py took 0.367 seconds
[2026-03-03T01:19:04.861+0000] {processor.py:156} INFO - Started process (PID=1498) to work on /home/airflow/.local/lib/python3.7/site-packages/airflow/example_dags/example_params_ui_tutorial.py
[2026-03-03T01:19:04.863+0000] {processor.py:799} INFO - Processing file /home/airflow/.local/lib/python3.7/site-packages/airflow/example_dags/example_params_ui_tutorial.py for tasks to queue
[2026-03-03T01:19:04.864+0000] {logging_mixin.py:149} INFO - [2026-03-03T01:19:04.864+0000] {dagbag.py:541} INFO - Filling up the DagBag from /home/airflow/.local/lib/python3.7/site-packages/airflow/example_dags/example_params_ui_tutorial.py
[2026-03-03T01:19:04.934+0000] {processor.py:809} INFO - DAG(s) dict_keys(['example_params_ui_tutorial']) retrieved from /home/airflow/.local/lib/python3.7/site-packages/airflow/example_dags/example_params_ui_tutorial.py
[2026-03-03T01:19:05.051+0000] {logging_mixin.py:149} INFO - [2026-03-03T01:19:05.051+0000] {dag.py:2726} INFO - Sync 1 DAGs
[2026-03-03T01:19:05.113+0000] {logging_mixin.py:149} INFO - [2026-03-03T01:19:05.112+0000] {dag.py:3490} INFO - Setting next_dagrun for example_params_ui_tutorial to None, run_after=None
[2026-03-03T01:19:05.157+0000] {processor.py:178} INFO - Processing /home/airflow/.local/lib/python3.7/site-packages/airflow/example_dags/example_params_ui_tutorial.py took 0.303 seconds
[2026-03-03T01:19:35.425+0000] {processor.py:156} INFO - Started process (PID=1560) to work on /home/airflow/.local/lib/python3.7/site-packages/airflow/example_dags/example_params_ui_tutorial.py
[2026-03-03T01:19:35.426+0000] {processor.py:799} INFO - Processing file /home/airflow/.local/lib/python3.7/site-packages/airflow/example_dags/example_params_ui_tutorial.py for tasks to queue
[2026-03-03T01:19:35.426+0000] {logging_mixin.py:149} INFO - [2026-03-03T01:19:35.426+0000] {dagbag.py:541} INFO - Filling up the DagBag from /home/airflow/.local/lib/python3.7/site-packages/airflow/example_dags/example_params_ui_tutorial.py
[2026-03-03T01:19:35.445+0000] {processor.py:809} INFO - DAG(s) dict_keys(['example_params_ui_tutorial']) retrieved from /home/airflow/.local/lib/python3.7/site-packages/airflow/example_dags/example_params_ui_tutorial.py
[2026-03-03T01:19:35.470+0000] {logging_mixin.py:149} INFO - [2026-03-03T01:19:35.470+0000] {dag.py:2726} INFO - Sync 1 DAGs
[2026-03-03T01:19:35.481+0000] {logging_mixin.py:149} INFO - [2026-03-03T01:19:35.481+0000] {dag.py:3490} INFO - Setting next_dagrun for example_params_ui_tutorial to None, run_after=None
[2026-03-03T01:19:35.490+0000] {processor.py:178} INFO - Processing /home/airflow/.local/lib/python3.7/site-packages/airflow/example_dags/example_params_ui_tutorial.py took 0.068 seconds
[2026-03-03T01:20:06.107+0000] {processor.py:156} INFO - Started process (PID=1622) to work on /home/airflow/.local/lib/python3.7/site-packages/airflow/example_dags/example_params_ui_tutorial.py
[2026-03-03T01:20:06.108+0000] {processor.py:799} INFO - Processing file /home/airflow/.local/lib/python3.7/site-packages/airflow/example_dags/example_params_ui_tutorial.py for tasks to queue
[2026-03-03T01:20:06.108+0000] {logging_mixin.py:149} INFO - [2026-03-03T01:20:06.108+0000] {dagbag.py:541} INFO - Filling up the DagBag from /home/airflow/.local/lib/python3.7/site-packages/airflow/example_dags/example_params_ui_tutorial.py
[2026-03-03T01:20:06.126+0000] {processor.py:809} INFO - DAG(s) dict_keys(['example_params_ui_tutorial']) retrieved from /home/airflow/.local/lib/python3.7/site-packages/airflow/example_dags/example_params_ui_tutorial.py
[2026-03-03T01:20:06.152+0000] {logging_mixin.py:149} INFO - [2026-03-03T01:20:06.152+0000] {dag.py:2726} INFO - Sync 1 DAGs
[2026-03-03T01:20:06.163+0000] {logging_mixin.py:149} INFO - [2026-03-03T01:20:06.162+0000] {dag.py:3490} INFO - Setting next_dagrun for example_params_ui_tutorial to None, run_after=None
[2026-03-03T01:20:06.169+0000] {processor.py:178} INFO - Processing /home/airflow/.local/lib/python3.7/site-packages/airflow/example_dags/example_params_ui_tutorial.py took 0.064 seconds
[2026-03-03T01:20:36.829+0000] {processor.py:156} INFO - Started process (PID=1684) to work on /home/airflow/.local/lib/python3.7/site-packages/airflow/example_dags/example_params_ui_tutorial.py
[2026-03-03T01:20:36.829+0000] {processor.py:799} INFO - Processing file /home/airflow/.local/lib/python3.7/site-packages/airflow/example_dags/example_params_ui_tutorial.py for tasks to queue
[2026-03-03T01:20:36.829+0000] {logging_mixin.py:149} INFO - [2026-03-03T01:20:36.829+0000] {dagbag.py:541} INFO - Filling up the DagBag from /home/airflow/.local/lib/python3.7/site-packages/airflow/example_dags/example_params_ui_tutorial.py
[2026-03-03T01:20:36.848+0000] {processor.py:809} INFO - DAG(s) dict_keys(['example_params_ui_tutorial']) retrieved from /home/airflow/.local/lib/python3.7/site-packages/airflow/example_dags/example_params_ui_tutorial.py
[2026-03-03T01:20:36.874+0000] {logging_mixin.py:149} INFO - [2026-03-03T01:20:36.874+0000] {dag.py:2726} INFO - Sync 1 DAGs
[2026-03-03T01:20:36.889+0000] {logging_mixin.py:149} INFO - [2026-03-03T01:20:36.889+0000] {dag.py:3490} INFO - Setting next_dagrun for example_params_ui_tutorial to None, run_after=None
[2026-03-03T01:20:36.899+0000] {processor.py:178} INFO - Processing /home/airflow/.local/lib/python3.7/site-packages/airflow/example_dags/example_params_ui_tutorial.py took 0.072 seconds
[2026-03-03T01:21:07.460+0000] {processor.py:156} INFO - Started process (PID=1746) to work on /home/airflow/.local/lib/python3.7/site-packages/airflow/example_dags/example_params_ui_tutorial.py
[2026-03-03T01:21:07.461+0000] {processor.py:799} INFO - Processing file /home/airflow/.local/lib/python3.7/site-packages/airflow/example_dags/example_params_ui_tutorial.py for tasks to queue
[2026-03-03T01:21:07.462+0000] {logging_mixin.py:149} INFO - [2026-03-03T01:21:07.462+0000] {dagbag.py:541} INFO - Filling up the DagBag from /home/airflow/.local/lib/python3.7/site-packages/airflow/example_dags/example_params_ui_tutorial.py
[2026-03-03T01:21:07.480+0000] {processor.py:809} INFO - DAG(s) dict_keys(['example_params_ui_tutorial']) retrieved from /home/airflow/.local/lib/python3.7/site-packages/airflow/example_dags/example_params_ui_tutorial.py
[2026-03-03T01:21:07.506+0000] {logging_mixin.py:149} INFO - [2026-03-03T01:21:07.506+0000] {dag.py:2726} INFO - Sync 1 DAGs
[2026-03-03T01:21:07.516+0000] {logging_mixin.py:149} INFO - [2026-03-03T01:21:07.516+0000] {dag.py:3490} INFO - Setting next_dagrun for example_params_ui_tutorial to None, run_after=None
[2026-03-03T01:21:07.529+0000] {processor.py:178} INFO - Processing /home/airflow/.local/lib/python3.7/site-packages/airflow/example_dags/example_params_ui_tutorial.py took 0.070 seconds
[2026-03-03T01:21:38.760+0000] {processor.py:156} INFO - Started process (PID=1808) to work on /home/airflow/.local/lib/python3.7/site-packages/airflow/example_dags/example_params_ui_tutorial.py
[2026-03-03T01:21:38.762+0000] {processor.py:799} INFO - Processing file /home/airflow/.local/lib/python3.7/site-packages/airflow/example_dags/example_params_ui_tutorial.py for tasks to queue
[2026-03-03T01:21:38.765+0000] {logging_mixin.py:149} INFO - [2026-03-03T01:21:38.764+0000] {dagbag.py:541} INFO - Filling up the DagBag from /home/airflow/.local/lib/python3.7/site-packages/airflow/example_dags/example_params_ui_tutorial.py
[2026-03-03T01:21:38.869+0000] {processor.py:809} INFO - DAG(s) dict_keys(['example_params_ui_tutorial']) retrieved from /home/airflow/.local/lib/python3.7/site-packages/airflow/example_dags/example_params_ui_tutorial.py
[2026-03-03T01:21:39.036+0000] {logging_mixin.py:149} INFO - [2026-03-03T01:21:39.035+0000] {dag.py:2726} INFO - Sync 1 DAGs
[2026-03-03T01:21:39.122+0000] {logging_mixin.py:149} INFO - [2026-03-03T01:21:39.122+0000] {dag.py:3490} INFO - Setting next_dagrun for example_params_ui_tutorial to None, run_after=None
[2026-03-03T01:21:39.181+0000] {processor.py:178} INFO - Processing /home/airflow/.local/lib/python3.7/site-packages/airflow/example_dags/example_params_ui_tutorial.py took 0.431 seconds
[2026-03-03T01:22:09.414+0000] {processor.py:156} INFO - Started process (PID=1869) to work on /home/airflow/.local/lib/python3.7/site-packages/airflow/example_dags/example_params_ui_tutorial.py
[2026-03-03T01:22:09.417+0000] {processor.py:799} INFO - Processing file /home/airflow/.local/lib/python3.7/site-packages/airflow/example_dags/example_params_ui_tutorial.py for tasks to queue
[2026-03-03T01:22:09.419+0000] {logging_mixin.py:149} INFO - [2026-03-03T01:22:09.418+0000] {dagbag.py:541} INFO - Filling up the DagBag from /home/airflow/.local/lib/python3.7/site-packages/airflow/example_dags/example_params_ui_tutorial.py
[2026-03-03T01:22:09.513+0000] {processor.py:809} INFO - DAG(s) dict_keys(['example_params_ui_tutorial']) retrieved from /home/airflow/.local/lib/python3.7/site-packages/airflow/example_dags/example_params_ui_tutorial.py
[2026-03-03T01:22:09.665+0000] {logging_mixin.py:149} INFO - [2026-03-03T01:22:09.665+0000] {dag.py:2726} INFO - Sync 1 DAGs
[2026-03-03T01:22:09.795+0000] {logging_mixin.py:149} INFO - [2026-03-03T01:22:09.795+0000] {dag.py:3490} INFO - Setting next_dagrun for example_params_ui_tutorial to None, run_after=None
[2026-03-03T01:22:09.859+0000] {processor.py:178} INFO - Processing /home/airflow/.local/lib/python3.7/site-packages/airflow/example_dags/example_params_ui_tutorial.py took 0.452 seconds
[2026-03-03T01:22:40.053+0000] {processor.py:156} INFO - Started process (PID=1931) to work on /home/airflow/.local/lib/python3.7/site-packages/airflow/example_dags/example_params_ui_tutorial.py
[2026-03-03T01:22:40.056+0000] {processor.py:799} INFO - Processing file /home/airflow/.local/lib/python3.7/site-packages/airflow/example_dags/example_params_ui_tutorial.py for tasks to queue
[2026-03-03T01:22:40.058+0000] {logging_mixin.py:149} INFO - [2026-03-03T01:22:40.057+0000] {dagbag.py:541} INFO - Filling up the DagBag from /home/airflow/.local/lib/python3.7/site-packages/airflow/example_dags/example_params_ui_tutorial.py
[2026-03-03T01:22:40.151+0000] {processor.py:809} INFO - DAG(s) dict_keys(['example_params_ui_tutorial']) retrieved from /home/airflow/.local/lib/python3.7/site-packages/airflow/example_dags/example_params_ui_tutorial.py
[2026-03-03T01:22:40.295+0000] {logging_mixin.py:149} INFO - [2026-03-03T01:22:40.295+0000] {dag.py:2726} INFO - Sync 1 DAGs
[2026-03-03T01:22:40.386+0000] {logging_mixin.py:149} INFO - [2026-03-03T01:22:40.385+0000] {dag.py:3490} INFO - Setting next_dagrun for example_params_ui_tutorial to None, run_after=None
[2026-03-03T01:22:40.450+0000] {processor.py:178} INFO - Processing /home/airflow/.local/lib/python3.7/site-packages/airflow/example_dags/example_params_ui_tutorial.py took 0.405 seconds
[2026-03-03T01:23:10.624+0000] {processor.py:156} INFO - Started process (PID=1993) to work on /home/airflow/.local/lib/python3.7/site-packages/airflow/example_dags/example_params_ui_tutorial.py
[2026-03-03T01:23:10.626+0000] {processor.py:799} INFO - Processing file /home/airflow/.local/lib/python3.7/site-packages/airflow/example_dags/example_params_ui_tutorial.py for tasks to queue
[2026-03-03T01:23:10.629+0000] {logging_mixin.py:149} INFO - [2026-03-03T01:23:10.628+0000] {dagbag.py:541} INFO - Filling up the DagBag from /home/airflow/.local/lib/python3.7/site-packages/airflow/example_dags/example_params_ui_tutorial.py
[2026-03-03T01:23:10.731+0000] {processor.py:809} INFO - DAG(s) dict_keys(['example_params_ui_tutorial']) retrieved from /home/airflow/.local/lib/python3.7/site-packages/airflow/example_dags/example_params_ui_tutorial.py
[2026-03-03T01:23:10.870+0000] {logging_mixin.py:149} INFO - [2026-03-03T01:23:10.870+0000] {dag.py:2726} INFO - Sync 1 DAGs
[2026-03-03T01:23:10.932+0000] {logging_mixin.py:149} INFO - [2026-03-03T01:23:10.931+0000] {dag.py:3490} INFO - Setting next_dagrun for example_params_ui_tutorial to None, run_after=None
[2026-03-03T01:23:10.986+0000] {processor.py:178} INFO - Processing /home/airflow/.local/lib/python3.7/site-packages/airflow/example_dags/example_params_ui_tutorial.py took 0.369 seconds
[2026-03-03T01:23:41.823+0000] {processor.py:156} INFO - Started process (PID=2055) to work on /home/airflow/.local/lib/python3.7/site-packages/airflow/example_dags/example_params_ui_tutorial.py
[2026-03-03T01:23:41.824+0000] {processor.py:799} INFO - Processing file /home/airflow/.local/lib/python3.7/site-packages/airflow/example_dags/example_params_ui_tutorial.py for tasks to queue
[2026-03-03T01:23:41.826+0000] {logging_mixin.py:149} INFO - [2026-03-03T01:23:41.826+0000] {dagbag.py:541} INFO - Filling up the DagBag from /home/airflow/.local/lib/python3.7/site-packages/airflow/example_dags/example_params_ui_tutorial.py
[2026-03-03T01:23:41.922+0000] {processor.py:809} INFO - DAG(s) dict_keys(['example_params_ui_tutorial']) retrieved from /home/airflow/.local/lib/python3.7/site-packages/airflow/example_dags/example_params_ui_tutorial.py
[2026-03-03T01:23:42.082+0000] {logging_mixin.py:149} INFO - [2026-03-03T01:23:42.081+0000] {dag.py:2726} INFO - Sync 1 DAGs
[2026-03-03T01:23:42.154+0000] {logging_mixin.py:149} INFO - [2026-03-03T01:23:42.154+0000] {dag.py:3490} INFO - Setting next_dagrun for example_params_ui_tutorial to None, run_after=None
[2026-03-03T01:23:42.216+0000] {processor.py:178} INFO - Processing /home/airflow/.local/lib/python3.7/site-packages/airflow/example_dags/example_params_ui_tutorial.py took 0.401 seconds
[2026-03-03T01:24:12.275+0000] {processor.py:156} INFO - Started process (PID=2117) to work on /home/airflow/.local/lib/python3.7/site-packages/airflow/example_dags/example_params_ui_tutorial.py
[2026-03-03T01:24:12.277+0000] {processor.py:799} INFO - Processing file /home/airflow/.local/lib/python3.7/site-packages/airflow/example_dags/example_params_ui_tutorial.py for tasks to queue
[2026-03-03T01:24:12.278+0000] {logging_mixin.py:149} INFO - [2026-03-03T01:24:12.278+0000] {dagbag.py:541} INFO - Filling up the DagBag from /home/airflow/.local/lib/python3.7/site-packages/airflow/example_dags/example_params_ui_tutorial.py
[2026-03-03T01:24:12.321+0000] {processor.py:809} INFO - DAG(s) dict_keys(['example_params_ui_tutorial']) retrieved from /home/airflow/.local/lib/python3.7/site-packages/airflow/example_dags/example_params_ui_tutorial.py
[2026-03-03T01:24:12.405+0000] {logging_mixin.py:149} INFO - [2026-03-03T01:24:12.404+0000] {dag.py:2726} INFO - Sync 1 DAGs
[2026-03-03T01:24:12.467+0000] {logging_mixin.py:149} INFO - [2026-03-03T01:24:12.467+0000] {dag.py:3490} INFO - Setting next_dagrun for example_params_ui_tutorial to None, run_after=None
[2026-03-03T01:24:12.491+0000] {processor.py:178} INFO - Processing /home/airflow/.local/lib/python3.7/site-packages/airflow/example_dags/example_params_ui_tutorial.py took 0.223 seconds
[2026-03-03T01:24:43.338+0000] {processor.py:156} INFO - Started process (PID=2179) to work on /home/airflow/.local/lib/python3.7/site-packages/airflow/example_dags/example_params_ui_tutorial.py
[2026-03-03T01:24:43.339+0000] {processor.py:799} INFO - Processing file /home/airflow/.local/lib/python3.7/site-packages/airflow/example_dags/example_params_ui_tutorial.py for tasks to queue
[2026-03-03T01:24:43.340+0000] {logging_mixin.py:149} INFO - [2026-03-03T01:24:43.339+0000] {dagbag.py:541} INFO - Filling up the DagBag from /home/airflow/.local/lib/python3.7/site-packages/airflow/example_dags/example_params_ui_tutorial.py
[2026-03-03T01:24:43.361+0000] {processor.py:809} INFO - DAG(s) dict_keys(['example_params_ui_tutorial']) retrieved from /home/airflow/.local/lib/python3.7/site-packages/airflow/example_dags/example_params_ui_tutorial.py
[2026-03-03T01:24:43.390+0000] {logging_mixin.py:149} INFO - [2026-03-03T01:24:43.390+0000] {dag.py:2726} INFO - Sync 1 DAGs
[2026-03-03T01:24:43.402+0000] {logging_mixin.py:149} INFO - [2026-03-03T01:24:43.402+0000] {dag.py:3490} INFO - Setting next_dagrun for example_params_ui_tutorial to None, run_after=None
[2026-03-03T01:24:43.417+0000] {processor.py:178} INFO - Processing /home/airflow/.local/lib/python3.7/site-packages/airflow/example_dags/example_params_ui_tutorial.py took 0.082 seconds
[2026-03-03T01:25:13.541+0000] {processor.py:156} INFO - Started process (PID=2241) to work on /home/airflow/.local/lib/python3.7/site-packages/airflow/example_dags/example_params_ui_tutorial.py
[2026-03-03T01:25:13.543+0000] {processor.py:799} INFO - Processing file /home/airflow/.local/lib/python3.7/site-packages/airflow/example_dags/example_params_ui_tutorial.py for tasks to queue
[2026-03-03T01:25:13.545+0000] {logging_mixin.py:149} INFO - [2026-03-03T01:25:13.545+0000] {dagbag.py:541} INFO - Filling up the DagBag from /home/airflow/.local/lib/python3.7/site-packages/airflow/example_dags/example_params_ui_tutorial.py
[2026-03-03T01:25:13.629+0000] {processor.py:809} INFO - DAG(s) dict_keys(['example_params_ui_tutorial']) retrieved from /home/airflow/.local/lib/python3.7/site-packages/airflow/example_dags/example_params_ui_tutorial.py
[2026-03-03T01:25:13.758+0000] {logging_mixin.py:149} INFO - [2026-03-03T01:25:13.757+0000] {dag.py:2726} INFO - Sync 1 DAGs
[2026-03-03T01:25:13.836+0000] {logging_mixin.py:149} INFO - [2026-03-03T01:25:13.835+0000] {dag.py:3490} INFO - Setting next_dagrun for example_params_ui_tutorial to None, run_after=None
[2026-03-03T01:25:13.901+0000] {processor.py:178} INFO - Processing /home/airflow/.local/lib/python3.7/site-packages/airflow/example_dags/example_params_ui_tutorial.py took 0.367 seconds
[2026-03-03T01:25:43.989+0000] {processor.py:156} INFO - Started process (PID=2309) to work on /home/airflow/.local/lib/python3.7/site-packages/airflow/example_dags/example_params_ui_tutorial.py
[2026-03-03T01:25:43.992+0000] {processor.py:799} INFO - Processing file /home/airflow/.local/lib/python3.7/site-packages/airflow/example_dags/example_params_ui_tutorial.py for tasks to queue
[2026-03-03T01:25:43.994+0000] {logging_mixin.py:149} INFO - [2026-03-03T01:25:43.994+0000] {dagbag.py:541} INFO - Filling up the DagBag from /home/airflow/.local/lib/python3.7/site-packages/airflow/example_dags/example_params_ui_tutorial.py
[2026-03-03T01:25:44.088+0000] {processor.py:809} INFO - DAG(s) dict_keys(['example_params_ui_tutorial']) retrieved from /home/airflow/.local/lib/python3.7/site-packages/airflow/example_dags/example_params_ui_tutorial.py
[2026-03-03T01:25:44.240+0000] {logging_mixin.py:149} INFO - [2026-03-03T01:25:44.239+0000] {dag.py:2726} INFO - Sync 1 DAGs
[2026-03-03T01:25:44.318+0000] {logging_mixin.py:149} INFO - [2026-03-03T01:25:44.318+0000] {dag.py:3490} INFO - Setting next_dagrun for example_params_ui_tutorial to None, run_after=None
[2026-03-03T01:25:44.391+0000] {processor.py:178} INFO - Processing /home/airflow/.local/lib/python3.7/site-packages/airflow/example_dags/example_params_ui_tutorial.py took 0.412 seconds
[2026-03-03T01:26:15.194+0000] {processor.py:156} INFO - Started process (PID=2372) to work on /home/airflow/.local/lib/python3.7/site-packages/airflow/example_dags/example_params_ui_tutorial.py
[2026-03-03T01:26:15.197+0000] {processor.py:799} INFO - Processing file /home/airflow/.local/lib/python3.7/site-packages/airflow/example_dags/example_params_ui_tutorial.py for tasks to queue
[2026-03-03T01:26:15.199+0000] {logging_mixin.py:149} INFO - [2026-03-03T01:26:15.199+0000] {dagbag.py:541} INFO - Filling up the DagBag from /home/airflow/.local/lib/python3.7/site-packages/airflow/example_dags/example_params_ui_tutorial.py
[2026-03-03T01:26:15.379+0000] {processor.py:809} INFO - DAG(s) dict_keys(['example_params_ui_tutorial']) retrieved from /home/airflow/.local/lib/python3.7/site-packages/airflow/example_dags/example_params_ui_tutorial.py
[2026-03-03T01:26:15.536+0000] {logging_mixin.py:149} INFO - [2026-03-03T01:26:15.535+0000] {dag.py:2726} INFO - Sync 1 DAGs
[2026-03-03T01:26:15.610+0000] {logging_mixin.py:149} INFO - [2026-03-03T01:26:15.610+0000] {dag.py:3490} INFO - Setting next_dagrun for example_params_ui_tutorial to None, run_after=None
[2026-03-03T01:26:15.673+0000] {processor.py:178} INFO - Processing /home/airflow/.local/lib/python3.7/site-packages/airflow/example_dags/example_params_ui_tutorial.py took 0.487 seconds
[2026-03-03T01:26:46.341+0000] {processor.py:156} INFO - Started process (PID=2433) to work on /home/airflow/.local/lib/python3.7/site-packages/airflow/example_dags/example_params_ui_tutorial.py
[2026-03-03T01:26:46.342+0000] {processor.py:799} INFO - Processing file /home/airflow/.local/lib/python3.7/site-packages/airflow/example_dags/example_params_ui_tutorial.py for tasks to queue
[2026-03-03T01:26:46.343+0000] {logging_mixin.py:149} INFO - [2026-03-03T01:26:46.343+0000] {dagbag.py:541} INFO - Filling up the DagBag from /home/airflow/.local/lib/python3.7/site-packages/airflow/example_dags/example_params_ui_tutorial.py
[2026-03-03T01:26:46.377+0000] {processor.py:809} INFO - DAG(s) dict_keys(['example_params_ui_tutorial']) retrieved from /home/airflow/.local/lib/python3.7/site-packages/airflow/example_dags/example_params_ui_tutorial.py
[2026-03-03T01:26:46.416+0000] {logging_mixin.py:149} INFO - [2026-03-03T01:26:46.416+0000] {dag.py:2726} INFO - Sync 1 DAGs
[2026-03-03T01:26:46.437+0000] {logging_mixin.py:149} INFO - [2026-03-03T01:26:46.437+0000] {dag.py:3490} INFO - Setting next_dagrun for example_params_ui_tutorial to None, run_after=None
[2026-03-03T01:26:46.452+0000] {processor.py:178} INFO - Processing /home/airflow/.local/lib/python3.7/site-packages/airflow/example_dags/example_params_ui_tutorial.py took 0.115 seconds
[2026-03-03T01:27:17.161+0000] {processor.py:156} INFO - Started process (PID=2495) to work on /home/airflow/.local/lib/python3.7/site-packages/airflow/example_dags/example_params_ui_tutorial.py
[2026-03-03T01:27:17.162+0000] {processor.py:799} INFO - Processing file /home/airflow/.local/lib/python3.7/site-packages/airflow/example_dags/example_params_ui_tutorial.py for tasks to queue
[2026-03-03T01:27:17.163+0000] {logging_mixin.py:149} INFO - [2026-03-03T01:27:17.162+0000] {dagbag.py:541} INFO - Filling up the DagBag from /home/airflow/.local/lib/python3.7/site-packages/airflow/example_dags/example_params_ui_tutorial.py
[2026-03-03T01:27:17.191+0000] {processor.py:809} INFO - DAG(s) dict_keys(['example_params_ui_tutorial']) retrieved from /home/airflow/.local/lib/python3.7/site-packages/airflow/example_dags/example_params_ui_tutorial.py
[2026-03-03T01:27:17.226+0000] {logging_mixin.py:149} INFO - [2026-03-03T01:27:17.226+0000] {dag.py:2726} INFO - Sync 1 DAGs
[2026-03-03T01:27:17.241+0000] {logging_mixin.py:149} INFO - [2026-03-03T01:27:17.241+0000] {dag.py:3490} INFO - Setting next_dagrun for example_params_ui_tutorial to None, run_after=None
[2026-03-03T01:27:17.260+0000] {processor.py:178} INFO - Processing /home/airflow/.local/lib/python3.7/site-packages/airflow/example_dags/example_params_ui_tutorial.py took 0.102 seconds
[2026-03-03T01:27:47.298+0000] {processor.py:156} INFO - Started process (PID=2557) to work on /home/airflow/.local/lib/python3.7/site-packages/airflow/example_dags/example_params_ui_tutorial.py
[2026-03-03T01:27:47.300+0000] {processor.py:799} INFO - Processing file /home/airflow/.local/lib/python3.7/site-packages/airflow/example_dags/example_params_ui_tutorial.py for tasks to queue
[2026-03-03T01:27:47.302+0000] {logging_mixin.py:149} INFO - [2026-03-03T01:27:47.302+0000] {dagbag.py:541} INFO - Filling up the DagBag from /home/airflow/.local/lib/python3.7/site-packages/airflow/example_dags/example_params_ui_tutorial.py
[2026-03-03T01:27:47.397+0000] {processor.py:809} INFO - DAG(s) dict_keys(['example_params_ui_tutorial']) retrieved from /home/airflow/.local/lib/python3.7/site-packages/airflow/example_dags/example_params_ui_tutorial.py
[2026-03-03T01:27:47.570+0000] {logging_mixin.py:149} INFO - [2026-03-03T01:27:47.569+0000] {dag.py:2726} INFO - Sync 1 DAGs
[2026-03-03T01:27:47.638+0000] {logging_mixin.py:149} INFO - [2026-03-03T01:27:47.638+0000] {dag.py:3490} INFO - Setting next_dagrun for example_params_ui_tutorial to None, run_after=None
[2026-03-03T01:27:47.703+0000] {processor.py:178} INFO - Processing /home/airflow/.local/lib/python3.7/site-packages/airflow/example_dags/example_params_ui_tutorial.py took 0.412 seconds
[2026-03-03T01:28:18.657+0000] {processor.py:156} INFO - Started process (PID=2620) to work on /home/airflow/.local/lib/python3.7/site-packages/airflow/example_dags/example_params_ui_tutorial.py
[2026-03-03T01:28:18.658+0000] {processor.py:799} INFO - Processing file /home/airflow/.local/lib/python3.7/site-packages/airflow/example_dags/example_params_ui_tutorial.py for tasks to queue
[2026-03-03T01:28:18.659+0000] {logging_mixin.py:149} INFO - [2026-03-03T01:28:18.659+0000] {dagbag.py:541} INFO - Filling up the DagBag from /home/airflow/.local/lib/python3.7/site-packages/airflow/example_dags/example_params_ui_tutorial.py
[2026-03-03T01:28:18.696+0000] {processor.py:809} INFO - DAG(s) dict_keys(['example_params_ui_tutorial']) retrieved from /home/airflow/.local/lib/python3.7/site-packages/airflow/example_dags/example_params_ui_tutorial.py
[2026-03-03T01:28:18.731+0000] {logging_mixin.py:149} INFO - [2026-03-03T01:28:18.731+0000] {dag.py:2726} INFO - Sync 1 DAGs
[2026-03-03T01:28:18.745+0000] {logging_mixin.py:149} INFO - [2026-03-03T01:28:18.745+0000] {dag.py:3490} INFO - Setting next_dagrun for example_params_ui_tutorial to None, run_after=None
[2026-03-03T01:28:18.753+0000] {processor.py:178} INFO - Processing /home/airflow/.local/lib/python3.7/site-packages/airflow/example_dags/example_params_ui_tutorial.py took 0.099 seconds
[2026-03-03T01:28:49.356+0000] {processor.py:156} INFO - Started process (PID=2682) to work on /home/airflow/.local/lib/python3.7/site-packages/airflow/example_dags/example_params_ui_tutorial.py
[2026-03-03T01:28:49.358+0000] {processor.py:799} INFO - Processing file /home/airflow/.local/lib/python3.7/site-packages/airflow/example_dags/example_params_ui_tutorial.py for tasks to queue
[2026-03-03T01:28:49.359+0000] {logging_mixin.py:149} INFO - [2026-03-03T01:28:49.359+0000] {dagbag.py:541} INFO - Filling up the DagBag from /home/airflow/.local/lib/python3.7/site-packages/airflow/example_dags/example_params_ui_tutorial.py
[2026-03-03T01:28:49.447+0000] {processor.py:809} INFO - DAG(s) dict_keys(['example_params_ui_tutorial']) retrieved from /home/airflow/.local/lib/python3.7/site-packages/airflow/example_dags/example_params_ui_tutorial.py
[2026-03-03T01:28:49.604+0000] {logging_mixin.py:149} INFO - [2026-03-03T01:28:49.604+0000] {dag.py:2726} INFO - Sync 1 DAGs
[2026-03-03T01:28:49.660+0000] {logging_mixin.py:149} INFO - [2026-03-03T01:28:49.659+0000] {dag.py:3490} INFO - Setting next_dagrun for example_params_ui_tutorial to None, run_after=None
[2026-03-03T01:28:49.714+0000] {processor.py:178} INFO - Processing /home/airflow/.local/lib/python3.7/site-packages/airflow/example_dags/example_params_ui_tutorial.py took 0.365 seconds
[2026-03-03T01:29:20.697+0000] {processor.py:156} INFO - Started process (PID=2745) to work on /home/airflow/.local/lib/python3.7/site-packages/airflow/example_dags/example_params_ui_tutorial.py
[2026-03-03T01:29:20.699+0000] {processor.py:799} INFO - Processing file /home/airflow/.local/lib/python3.7/site-packages/airflow/example_dags/example_params_ui_tutorial.py for tasks to queue
[2026-03-03T01:29:20.700+0000] {logging_mixin.py:149} INFO - [2026-03-03T01:29:20.700+0000] {dagbag.py:541} INFO - Filling up the DagBag from /home/airflow/.local/lib/python3.7/site-packages/airflow/example_dags/example_params_ui_tutorial.py
[2026-03-03T01:29:20.727+0000] {processor.py:809} INFO - DAG(s) dict_keys(['example_params_ui_tutorial']) retrieved from /home/airflow/.local/lib/python3.7/site-packages/airflow/example_dags/example_params_ui_tutorial.py
[2026-03-03T01:29:20.757+0000] {logging_mixin.py:149} INFO - [2026-03-03T01:29:20.757+0000] {dag.py:2726} INFO - Sync 1 DAGs
[2026-03-03T01:29:20.768+0000] {logging_mixin.py:149} INFO - [2026-03-03T01:29:20.768+0000] {dag.py:3490} INFO - Setting next_dagrun for example_params_ui_tutorial to None, run_after=None
[2026-03-03T01:29:20.777+0000] {processor.py:178} INFO - Processing /home/airflow/.local/lib/python3.7/site-packages/airflow/example_dags/example_params_ui_tutorial.py took 0.083 seconds
[2026-03-03T01:29:51.145+0000] {processor.py:156} INFO - Started process (PID=2806) to work on /home/airflow/.local/lib/python3.7/site-packages/airflow/example_dags/example_params_ui_tutorial.py
[2026-03-03T01:29:51.147+0000] {processor.py:799} INFO - Processing file /home/airflow/.local/lib/python3.7/site-packages/airflow/example_dags/example_params_ui_tutorial.py for tasks to queue
[2026-03-03T01:29:51.148+0000] {logging_mixin.py:149} INFO - [2026-03-03T01:29:51.148+0000] {dagbag.py:541} INFO - Filling up the DagBag from /home/airflow/.local/lib/python3.7/site-packages/airflow/example_dags/example_params_ui_tutorial.py
[2026-03-03T01:29:51.231+0000] {processor.py:809} INFO - DAG(s) dict_keys(['example_params_ui_tutorial']) retrieved from /home/airflow/.local/lib/python3.7/site-packages/airflow/example_dags/example_params_ui_tutorial.py
[2026-03-03T01:29:51.376+0000] {logging_mixin.py:149} INFO - [2026-03-03T01:29:51.376+0000] {dag.py:2726} INFO - Sync 1 DAGs
[2026-03-03T01:29:51.446+0000] {logging_mixin.py:149} INFO - [2026-03-03T01:29:51.446+0000] {dag.py:3490} INFO - Setting next_dagrun for example_params_ui_tutorial to None, run_after=None
[2026-03-03T01:29:51.509+0000] {processor.py:178} INFO - Processing /home/airflow/.local/lib/python3.7/site-packages/airflow/example_dags/example_params_ui_tutorial.py took 0.373 seconds
[2026-03-03T01:30:21.825+0000] {processor.py:156} INFO - Started process (PID=2868) to work on /home/airflow/.local/lib/python3.7/site-packages/airflow/example_dags/example_params_ui_tutorial.py
[2026-03-03T01:30:21.827+0000] {processor.py:799} INFO - Processing file /home/airflow/.local/lib/python3.7/site-packages/airflow/example_dags/example_params_ui_tutorial.py for tasks to queue
[2026-03-03T01:30:21.828+0000] {logging_mixin.py:149} INFO - [2026-03-03T01:30:21.828+0000] {dagbag.py:541} INFO - Filling up the DagBag from /home/airflow/.local/lib/python3.7/site-packages/airflow/example_dags/example_params_ui_tutorial.py
[2026-03-03T01:30:21.922+0000] {processor.py:809} INFO - DAG(s) dict_keys(['example_params_ui_tutorial']) retrieved from /home/airflow/.local/lib/python3.7/site-packages/airflow/example_dags/example_params_ui_tutorial.py
[2026-03-03T01:30:22.063+0000] {logging_mixin.py:149} INFO - [2026-03-03T01:30:22.063+0000] {dag.py:2726} INFO - Sync 1 DAGs
[2026-03-03T01:30:22.140+0000] {logging_mixin.py:149} INFO - [2026-03-03T01:30:22.139+0000] {dag.py:3490} INFO - Setting next_dagrun for example_params_ui_tutorial to None, run_after=None
[2026-03-03T01:30:22.204+0000] {processor.py:178} INFO - Processing /home/airflow/.local/lib/python3.7/site-packages/airflow/example_dags/example_params_ui_tutorial.py took 0.387 seconds
[2026-03-03T01:30:52.646+0000] {processor.py:156} INFO - Started process (PID=2930) to work on /home/airflow/.local/lib/python3.7/site-packages/airflow/example_dags/example_params_ui_tutorial.py
[2026-03-03T01:30:52.647+0000] {processor.py:799} INFO - Processing file /home/airflow/.local/lib/python3.7/site-packages/airflow/example_dags/example_params_ui_tutorial.py for tasks to queue
[2026-03-03T01:30:52.648+0000] {logging_mixin.py:149} INFO - [2026-03-03T01:30:52.647+0000] {dagbag.py:541} INFO - Filling up the DagBag from /home/airflow/.local/lib/python3.7/site-packages/airflow/example_dags/example_params_ui_tutorial.py
[2026-03-03T01:30:52.673+0000] {processor.py:809} INFO - DAG(s) dict_keys(['example_params_ui_tutorial']) retrieved from /home/airflow/.local/lib/python3.7/site-packages/airflow/example_dags/example_params_ui_tutorial.py
[2026-03-03T01:30:52.703+0000] {logging_mixin.py:149} INFO - [2026-03-03T01:30:52.703+0000] {dag.py:2726} INFO - Sync 1 DAGs
[2026-03-03T01:30:52.716+0000] {logging_mixin.py:149} INFO - [2026-03-03T01:30:52.716+0000] {dag.py:3490} INFO - Setting next_dagrun for example_params_ui_tutorial to None, run_after=None
[2026-03-03T01:30:52.725+0000] {processor.py:178} INFO - Processing /home/airflow/.local/lib/python3.7/site-packages/airflow/example_dags/example_params_ui_tutorial.py took 0.083 seconds
[2026-03-03T01:31:23.604+0000] {processor.py:156} INFO - Started process (PID=2992) to work on /home/airflow/.local/lib/python3.7/site-packages/airflow/example_dags/example_params_ui_tutorial.py
[2026-03-03T01:31:23.605+0000] {processor.py:799} INFO - Processing file /home/airflow/.local/lib/python3.7/site-packages/airflow/example_dags/example_params_ui_tutorial.py for tasks to queue
[2026-03-03T01:31:23.605+0000] {logging_mixin.py:149} INFO - [2026-03-03T01:31:23.605+0000] {dagbag.py:541} INFO - Filling up the DagBag from /home/airflow/.local/lib/python3.7/site-packages/airflow/example_dags/example_params_ui_tutorial.py
[2026-03-03T01:31:23.628+0000] {processor.py:809} INFO - DAG(s) dict_keys(['example_params_ui_tutorial']) retrieved from /home/airflow/.local/lib/python3.7/site-packages/airflow/example_dags/example_params_ui_tutorial.py
[2026-03-03T01:31:23.657+0000] {logging_mixin.py:149} INFO - [2026-03-03T01:31:23.656+0000] {dag.py:2726} INFO - Sync 1 DAGs
[2026-03-03T01:31:23.668+0000] {logging_mixin.py:149} INFO - [2026-03-03T01:31:23.668+0000] {dag.py:3490} INFO - Setting next_dagrun for example_params_ui_tutorial to None, run_after=None
[2026-03-03T01:31:23.680+0000] {processor.py:178} INFO - Processing /home/airflow/.local/lib/python3.7/site-packages/airflow/example_dags/example_params_ui_tutorial.py took 0.080 seconds
