[2026-03-03T00:56:05.012+0000] {processor.py:156} INFO - Started process (PID=71) to work on /home/airflow/.local/lib/python3.7/site-packages/airflow/example_dags/example_branch_operator.py
[2026-03-03T00:56:05.013+0000] {processor.py:799} INFO - Processing file /home/airflow/.local/lib/python3.7/site-packages/airflow/example_dags/example_branch_operator.py for tasks to queue
[2026-03-03T00:56:05.013+0000] {logging_mixin.py:149} INFO - [2026-03-03T00:56:05.013+0000] {dagbag.py:541} INFO - Filling up the DagBag from /home/airflow/.local/lib/python3.7/site-packages/airflow/example_dags/example_branch_operator.py
[2026-03-03T00:56:05.022+0000] {processor.py:809} INFO - DAG(s) dict_keys(['example_branch_operator']) retrieved from /home/airflow/.local/lib/python3.7/site-packages/airflow/example_dags/example_branch_operator.py
[2026-03-03T00:56:05.034+0000] {logging_mixin.py:149} INFO - [2026-03-03T00:56:05.033+0000] {dag.py:2726} INFO - Sync 1 DAGs
[2026-03-03T00:56:05.054+0000] {logging_mixin.py:149} INFO - [2026-03-03T00:56:05.054+0000] {dag.py:3490} INFO - Setting next_dagrun for example_branch_operator to 2026-03-02T00:00:00+00:00, run_after=2026-03-03T00:00:00+00:00
[2026-03-03T00:56:05.074+0000] {processor.py:178} INFO - Processing /home/airflow/.local/lib/python3.7/site-packages/airflow/example_dags/example_branch_operator.py took 0.064 seconds
[2026-03-03T00:56:37.298+0000] {processor.py:156} INFO - Started process (PID=133) to work on /home/airflow/.local/lib/python3.7/site-packages/airflow/example_dags/example_branch_operator.py
[2026-03-03T00:56:37.298+0000] {processor.py:799} INFO - Processing file /home/airflow/.local/lib/python3.7/site-packages/airflow/example_dags/example_branch_operator.py for tasks to queue
[2026-03-03T00:56:37.300+0000] {logging_mixin.py:149} INFO - [2026-03-03T00:56:37.300+0000] {dagbag.py:541} INFO - Filling up the DagBag from /home/airflow/.local/lib/python3.7/site-packages/airflow/example_dags/example_branch_operator.py
[2026-03-03T00:56:37.305+0000] {processor.py:809} INFO - DAG(s) dict_keys(['example_branch_operator']) retrieved from /home/airflow/.local/lib/python3.7/site-packages/airflow/example_dags/example_branch_operator.py
[2026-03-03T00:56:37.320+0000] {logging_mixin.py:149} INFO - [2026-03-03T00:56:37.320+0000] {dag.py:2726} INFO - Sync 1 DAGs
[2026-03-03T00:56:37.337+0000] {logging_mixin.py:149} INFO - [2026-03-03T00:56:37.336+0000] {dag.py:3490} INFO - Setting next_dagrun for example_branch_operator to 2026-03-02T00:00:00+00:00, run_after=2026-03-03T00:00:00+00:00
[2026-03-03T00:56:37.357+0000] {processor.py:178} INFO - Processing /home/airflow/.local/lib/python3.7/site-packages/airflow/example_dags/example_branch_operator.py took 0.061 seconds
[2026-03-03T00:57:08.184+0000] {processor.py:156} INFO - Started process (PID=195) to work on /home/airflow/.local/lib/python3.7/site-packages/airflow/example_dags/example_branch_operator.py
[2026-03-03T00:57:08.184+0000] {processor.py:799} INFO - Processing file /home/airflow/.local/lib/python3.7/site-packages/airflow/example_dags/example_branch_operator.py for tasks to queue
[2026-03-03T00:57:08.185+0000] {logging_mixin.py:149} INFO - [2026-03-03T00:57:08.185+0000] {dagbag.py:541} INFO - Filling up the DagBag from /home/airflow/.local/lib/python3.7/site-packages/airflow/example_dags/example_branch_operator.py
[2026-03-03T00:57:08.190+0000] {processor.py:809} INFO - DAG(s) dict_keys(['example_branch_operator']) retrieved from /home/airflow/.local/lib/python3.7/site-packages/airflow/example_dags/example_branch_operator.py
[2026-03-03T00:57:08.210+0000] {logging_mixin.py:149} INFO - [2026-03-03T00:57:08.209+0000] {dag.py:2726} INFO - Sync 1 DAGs
[2026-03-03T00:57:08.226+0000] {logging_mixin.py:149} INFO - [2026-03-03T00:57:08.226+0000] {dag.py:3490} INFO - Setting next_dagrun for example_branch_operator to 2026-03-02T00:00:00+00:00, run_after=2026-03-03T00:00:00+00:00
[2026-03-03T00:57:08.235+0000] {processor.py:178} INFO - Processing /home/airflow/.local/lib/python3.7/site-packages/airflow/example_dags/example_branch_operator.py took 0.053 seconds
[2026-03-03T00:57:39.132+0000] {processor.py:156} INFO - Started process (PID=257) to work on /home/airflow/.local/lib/python3.7/site-packages/airflow/example_dags/example_branch_operator.py
[2026-03-03T00:57:39.133+0000] {processor.py:799} INFO - Processing file /home/airflow/.local/lib/python3.7/site-packages/airflow/example_dags/example_branch_operator.py for tasks to queue
[2026-03-03T00:57:39.133+0000] {logging_mixin.py:149} INFO - [2026-03-03T00:57:39.133+0000] {dagbag.py:541} INFO - Filling up the DagBag from /home/airflow/.local/lib/python3.7/site-packages/airflow/example_dags/example_branch_operator.py
[2026-03-03T00:57:39.140+0000] {processor.py:809} INFO - DAG(s) dict_keys(['example_branch_operator']) retrieved from /home/airflow/.local/lib/python3.7/site-packages/airflow/example_dags/example_branch_operator.py
[2026-03-03T00:57:39.158+0000] {logging_mixin.py:149} INFO - [2026-03-03T00:57:39.158+0000] {dag.py:2726} INFO - Sync 1 DAGs
[2026-03-03T00:57:39.172+0000] {logging_mixin.py:149} INFO - [2026-03-03T00:57:39.172+0000] {dag.py:3490} INFO - Setting next_dagrun for example_branch_operator to 2026-03-02T00:00:00+00:00, run_after=2026-03-03T00:00:00+00:00
[2026-03-03T00:57:39.183+0000] {processor.py:178} INFO - Processing /home/airflow/.local/lib/python3.7/site-packages/airflow/example_dags/example_branch_operator.py took 0.053 seconds
[2026-03-03T00:58:09.480+0000] {processor.py:156} INFO - Started process (PID=319) to work on /home/airflow/.local/lib/python3.7/site-packages/airflow/example_dags/example_branch_operator.py
[2026-03-03T00:58:09.481+0000] {processor.py:799} INFO - Processing file /home/airflow/.local/lib/python3.7/site-packages/airflow/example_dags/example_branch_operator.py for tasks to queue
[2026-03-03T00:58:09.481+0000] {logging_mixin.py:149} INFO - [2026-03-03T00:58:09.481+0000] {dagbag.py:541} INFO - Filling up the DagBag from /home/airflow/.local/lib/python3.7/site-packages/airflow/example_dags/example_branch_operator.py
[2026-03-03T00:58:09.487+0000] {processor.py:809} INFO - DAG(s) dict_keys(['example_branch_operator']) retrieved from /home/airflow/.local/lib/python3.7/site-packages/airflow/example_dags/example_branch_operator.py
[2026-03-03T00:58:09.509+0000] {logging_mixin.py:149} INFO - [2026-03-03T00:58:09.509+0000] {dag.py:2726} INFO - Sync 1 DAGs
[2026-03-03T00:58:09.524+0000] {logging_mixin.py:149} INFO - [2026-03-03T00:58:09.524+0000] {dag.py:3490} INFO - Setting next_dagrun for example_branch_operator to 2026-03-02T00:00:00+00:00, run_after=2026-03-03T00:00:00+00:00
[2026-03-03T00:58:09.543+0000] {processor.py:178} INFO - Processing /home/airflow/.local/lib/python3.7/site-packages/airflow/example_dags/example_branch_operator.py took 0.064 seconds
[2026-03-03T00:58:40.363+0000] {processor.py:156} INFO - Started process (PID=381) to work on /home/airflow/.local/lib/python3.7/site-packages/airflow/example_dags/example_branch_operator.py
[2026-03-03T00:58:40.364+0000] {processor.py:799} INFO - Processing file /home/airflow/.local/lib/python3.7/site-packages/airflow/example_dags/example_branch_operator.py for tasks to queue
[2026-03-03T00:58:40.365+0000] {logging_mixin.py:149} INFO - [2026-03-03T00:58:40.365+0000] {dagbag.py:541} INFO - Filling up the DagBag from /home/airflow/.local/lib/python3.7/site-packages/airflow/example_dags/example_branch_operator.py
[2026-03-03T00:58:40.370+0000] {processor.py:809} INFO - DAG(s) dict_keys(['example_branch_operator']) retrieved from /home/airflow/.local/lib/python3.7/site-packages/airflow/example_dags/example_branch_operator.py
[2026-03-03T00:58:40.385+0000] {logging_mixin.py:149} INFO - [2026-03-03T00:58:40.385+0000] {dag.py:2726} INFO - Sync 1 DAGs
[2026-03-03T00:58:40.398+0000] {logging_mixin.py:149} INFO - [2026-03-03T00:58:40.398+0000] {dag.py:3490} INFO - Setting next_dagrun for example_branch_operator to 2026-03-02T00:00:00+00:00, run_after=2026-03-03T00:00:00+00:00
[2026-03-03T00:58:40.413+0000] {processor.py:178} INFO - Processing /home/airflow/.local/lib/python3.7/site-packages/airflow/example_dags/example_branch_operator.py took 0.052 seconds
[2026-03-03T00:59:11.452+0000] {processor.py:156} INFO - Started process (PID=443) to work on /home/airflow/.local/lib/python3.7/site-packages/airflow/example_dags/example_branch_operator.py
[2026-03-03T00:59:11.453+0000] {processor.py:799} INFO - Processing file /home/airflow/.local/lib/python3.7/site-packages/airflow/example_dags/example_branch_operator.py for tasks to queue
[2026-03-03T00:59:11.453+0000] {logging_mixin.py:149} INFO - [2026-03-03T00:59:11.453+0000] {dagbag.py:541} INFO - Filling up the DagBag from /home/airflow/.local/lib/python3.7/site-packages/airflow/example_dags/example_branch_operator.py
[2026-03-03T00:59:11.461+0000] {processor.py:809} INFO - DAG(s) dict_keys(['example_branch_operator']) retrieved from /home/airflow/.local/lib/python3.7/site-packages/airflow/example_dags/example_branch_operator.py
[2026-03-03T00:59:11.478+0000] {logging_mixin.py:149} INFO - [2026-03-03T00:59:11.478+0000] {dag.py:2726} INFO - Sync 1 DAGs
[2026-03-03T00:59:11.494+0000] {logging_mixin.py:149} INFO - [2026-03-03T00:59:11.494+0000] {dag.py:3490} INFO - Setting next_dagrun for example_branch_operator to 2026-03-02T00:00:00+00:00, run_after=2026-03-03T00:00:00+00:00
[2026-03-03T00:59:11.502+0000] {processor.py:178} INFO - Processing /home/airflow/.local/lib/python3.7/site-packages/airflow/example_dags/example_branch_operator.py took 0.052 seconds
[2026-03-03T00:59:42.238+0000] {processor.py:156} INFO - Started process (PID=505) to work on /home/airflow/.local/lib/python3.7/site-packages/airflow/example_dags/example_branch_operator.py
[2026-03-03T00:59:42.239+0000] {processor.py:799} INFO - Processing file /home/airflow/.local/lib/python3.7/site-packages/airflow/example_dags/example_branch_operator.py for tasks to queue
[2026-03-03T00:59:42.239+0000] {logging_mixin.py:149} INFO - [2026-03-03T00:59:42.239+0000] {dagbag.py:541} INFO - Filling up the DagBag from /home/airflow/.local/lib/python3.7/site-packages/airflow/example_dags/example_branch_operator.py
[2026-03-03T00:59:42.245+0000] {processor.py:809} INFO - DAG(s) dict_keys(['example_branch_operator']) retrieved from /home/airflow/.local/lib/python3.7/site-packages/airflow/example_dags/example_branch_operator.py
[2026-03-03T00:59:42.262+0000] {logging_mixin.py:149} INFO - [2026-03-03T00:59:42.262+0000] {dag.py:2726} INFO - Sync 1 DAGs
[2026-03-03T00:59:42.276+0000] {logging_mixin.py:149} INFO - [2026-03-03T00:59:42.276+0000] {dag.py:3490} INFO - Setting next_dagrun for example_branch_operator to 2026-03-02T00:00:00+00:00, run_after=2026-03-03T00:00:00+00:00
[2026-03-03T00:59:42.287+0000] {processor.py:178} INFO - Processing /home/airflow/.local/lib/python3.7/site-packages/airflow/example_dags/example_branch_operator.py took 0.052 seconds
[2026-03-03T01:00:14.247+0000] {processor.py:156} INFO - Started process (PID=567) to work on /home/airflow/.local/lib/python3.7/site-packages/airflow/example_dags/example_branch_operator.py
[2026-03-03T01:00:14.250+0000] {processor.py:799} INFO - Processing file /home/airflow/.local/lib/python3.7/site-packages/airflow/example_dags/example_branch_operator.py for tasks to queue
[2026-03-03T01:00:14.253+0000] {logging_mixin.py:149} INFO - [2026-03-03T01:00:14.253+0000] {dagbag.py:541} INFO - Filling up the DagBag from /home/airflow/.local/lib/python3.7/site-packages/airflow/example_dags/example_branch_operator.py
[2026-03-03T01:00:14.276+0000] {processor.py:809} INFO - DAG(s) dict_keys(['example_branch_operator']) retrieved from /home/airflow/.local/lib/python3.7/site-packages/airflow/example_dags/example_branch_operator.py
[2026-03-03T01:00:14.341+0000] {logging_mixin.py:149} INFO - [2026-03-03T01:00:14.340+0000] {dag.py:2726} INFO - Sync 1 DAGs
[2026-03-03T01:00:14.420+0000] {logging_mixin.py:149} INFO - [2026-03-03T01:00:14.420+0000] {dag.py:3490} INFO - Setting next_dagrun for example_branch_operator to 2026-03-02T00:00:00+00:00, run_after=2026-03-03T00:00:00+00:00
[2026-03-03T01:00:14.488+0000] {processor.py:178} INFO - Processing /home/airflow/.local/lib/python3.7/site-packages/airflow/example_dags/example_branch_operator.py took 0.249 seconds
[2026-03-03T01:00:45.450+0000] {processor.py:156} INFO - Started process (PID=629) to work on /home/airflow/.local/lib/python3.7/site-packages/airflow/example_dags/example_branch_operator.py
[2026-03-03T01:00:45.452+0000] {processor.py:799} INFO - Processing file /home/airflow/.local/lib/python3.7/site-packages/airflow/example_dags/example_branch_operator.py for tasks to queue
[2026-03-03T01:00:45.457+0000] {logging_mixin.py:149} INFO - [2026-03-03T01:00:45.457+0000] {dagbag.py:541} INFO - Filling up the DagBag from /home/airflow/.local/lib/python3.7/site-packages/airflow/example_dags/example_branch_operator.py
[2026-03-03T01:00:45.483+0000] {processor.py:809} INFO - DAG(s) dict_keys(['example_branch_operator']) retrieved from /home/airflow/.local/lib/python3.7/site-packages/airflow/example_dags/example_branch_operator.py
[2026-03-03T01:00:45.552+0000] {logging_mixin.py:149} INFO - [2026-03-03T01:00:45.552+0000] {dag.py:2726} INFO - Sync 1 DAGs
[2026-03-03T01:00:45.643+0000] {logging_mixin.py:149} INFO - [2026-03-03T01:00:45.642+0000] {dag.py:3490} INFO - Setting next_dagrun for example_branch_operator to 2026-03-02T00:00:00+00:00, run_after=2026-03-03T00:00:00+00:00
[2026-03-03T01:00:45.700+0000] {processor.py:178} INFO - Processing /home/airflow/.local/lib/python3.7/site-packages/airflow/example_dags/example_branch_operator.py took 0.259 seconds
[2026-03-03T01:01:16.064+0000] {processor.py:156} INFO - Started process (PID=691) to work on /home/airflow/.local/lib/python3.7/site-packages/airflow/example_dags/example_branch_operator.py
[2026-03-03T01:01:16.064+0000] {processor.py:799} INFO - Processing file /home/airflow/.local/lib/python3.7/site-packages/airflow/example_dags/example_branch_operator.py for tasks to queue
[2026-03-03T01:01:16.065+0000] {logging_mixin.py:149} INFO - [2026-03-03T01:01:16.065+0000] {dagbag.py:541} INFO - Filling up the DagBag from /home/airflow/.local/lib/python3.7/site-packages/airflow/example_dags/example_branch_operator.py
[2026-03-03T01:01:16.069+0000] {processor.py:809} INFO - DAG(s) dict_keys(['example_branch_operator']) retrieved from /home/airflow/.local/lib/python3.7/site-packages/airflow/example_dags/example_branch_operator.py
[2026-03-03T01:01:16.084+0000] {logging_mixin.py:149} INFO - [2026-03-03T01:01:16.084+0000] {dag.py:2726} INFO - Sync 1 DAGs
[2026-03-03T01:01:16.096+0000] {logging_mixin.py:149} INFO - [2026-03-03T01:01:16.096+0000] {dag.py:3490} INFO - Setting next_dagrun for example_branch_operator to 2026-03-02T00:00:00+00:00, run_after=2026-03-03T00:00:00+00:00
[2026-03-03T01:01:16.105+0000] {processor.py:178} INFO - Processing /home/airflow/.local/lib/python3.7/site-packages/airflow/example_dags/example_branch_operator.py took 0.043 seconds
[2026-03-03T01:01:46.836+0000] {processor.py:156} INFO - Started process (PID=753) to work on /home/airflow/.local/lib/python3.7/site-packages/airflow/example_dags/example_branch_operator.py
[2026-03-03T01:01:46.836+0000] {processor.py:799} INFO - Processing file /home/airflow/.local/lib/python3.7/site-packages/airflow/example_dags/example_branch_operator.py for tasks to queue
[2026-03-03T01:01:46.837+0000] {logging_mixin.py:149} INFO - [2026-03-03T01:01:46.836+0000] {dagbag.py:541} INFO - Filling up the DagBag from /home/airflow/.local/lib/python3.7/site-packages/airflow/example_dags/example_branch_operator.py
[2026-03-03T01:01:46.842+0000] {processor.py:809} INFO - DAG(s) dict_keys(['example_branch_operator']) retrieved from /home/airflow/.local/lib/python3.7/site-packages/airflow/example_dags/example_branch_operator.py
[2026-03-03T01:01:46.859+0000] {logging_mixin.py:149} INFO - [2026-03-03T01:01:46.859+0000] {dag.py:2726} INFO - Sync 1 DAGs
[2026-03-03T01:01:46.876+0000] {logging_mixin.py:149} INFO - [2026-03-03T01:01:46.876+0000] {dag.py:3490} INFO - Setting next_dagrun for example_branch_operator to 2026-03-02T00:00:00+00:00, run_after=2026-03-03T00:00:00+00:00
[2026-03-03T01:01:46.885+0000] {processor.py:178} INFO - Processing /home/airflow/.local/lib/python3.7/site-packages/airflow/example_dags/example_branch_operator.py took 0.052 seconds
[2026-03-03T01:02:17.616+0000] {processor.py:156} INFO - Started process (PID=815) to work on /home/airflow/.local/lib/python3.7/site-packages/airflow/example_dags/example_branch_operator.py
[2026-03-03T01:02:17.616+0000] {processor.py:799} INFO - Processing file /home/airflow/.local/lib/python3.7/site-packages/airflow/example_dags/example_branch_operator.py for tasks to queue
[2026-03-03T01:02:17.616+0000] {logging_mixin.py:149} INFO - [2026-03-03T01:02:17.616+0000] {dagbag.py:541} INFO - Filling up the DagBag from /home/airflow/.local/lib/python3.7/site-packages/airflow/example_dags/example_branch_operator.py
[2026-03-03T01:02:17.621+0000] {processor.py:809} INFO - DAG(s) dict_keys(['example_branch_operator']) retrieved from /home/airflow/.local/lib/python3.7/site-packages/airflow/example_dags/example_branch_operator.py
[2026-03-03T01:02:17.634+0000] {logging_mixin.py:149} INFO - [2026-03-03T01:02:17.634+0000] {dag.py:2726} INFO - Sync 1 DAGs
[2026-03-03T01:02:17.646+0000] {logging_mixin.py:149} INFO - [2026-03-03T01:02:17.646+0000] {dag.py:3490} INFO - Setting next_dagrun for example_branch_operator to 2026-03-02T00:00:00+00:00, run_after=2026-03-03T00:00:00+00:00
[2026-03-03T01:02:17.656+0000] {processor.py:178} INFO - Processing /home/airflow/.local/lib/python3.7/site-packages/airflow/example_dags/example_branch_operator.py took 0.042 seconds
[2026-03-03T01:02:48.417+0000] {processor.py:156} INFO - Started process (PID=877) to work on /home/airflow/.local/lib/python3.7/site-packages/airflow/example_dags/example_branch_operator.py
[2026-03-03T01:02:48.418+0000] {processor.py:799} INFO - Processing file /home/airflow/.local/lib/python3.7/site-packages/airflow/example_dags/example_branch_operator.py for tasks to queue
[2026-03-03T01:02:48.418+0000] {logging_mixin.py:149} INFO - [2026-03-03T01:02:48.418+0000] {dagbag.py:541} INFO - Filling up the DagBag from /home/airflow/.local/lib/python3.7/site-packages/airflow/example_dags/example_branch_operator.py
[2026-03-03T01:02:48.422+0000] {processor.py:809} INFO - DAG(s) dict_keys(['example_branch_operator']) retrieved from /home/airflow/.local/lib/python3.7/site-packages/airflow/example_dags/example_branch_operator.py
[2026-03-03T01:02:48.436+0000] {logging_mixin.py:149} INFO - [2026-03-03T01:02:48.435+0000] {dag.py:2726} INFO - Sync 1 DAGs
[2026-03-03T01:02:48.447+0000] {logging_mixin.py:149} INFO - [2026-03-03T01:02:48.447+0000] {dag.py:3490} INFO - Setting next_dagrun for example_branch_operator to 2026-03-02T00:00:00+00:00, run_after=2026-03-03T00:00:00+00:00
[2026-03-03T01:02:48.455+0000] {processor.py:178} INFO - Processing /home/airflow/.local/lib/python3.7/site-packages/airflow/example_dags/example_branch_operator.py took 0.039 seconds
[2026-03-03T01:03:19.142+0000] {processor.py:156} INFO - Started process (PID=939) to work on /home/airflow/.local/lib/python3.7/site-packages/airflow/example_dags/example_branch_operator.py
[2026-03-03T01:03:19.143+0000] {processor.py:799} INFO - Processing file /home/airflow/.local/lib/python3.7/site-packages/airflow/example_dags/example_branch_operator.py for tasks to queue
[2026-03-03T01:03:19.143+0000] {logging_mixin.py:149} INFO - [2026-03-03T01:03:19.143+0000] {dagbag.py:541} INFO - Filling up the DagBag from /home/airflow/.local/lib/python3.7/site-packages/airflow/example_dags/example_branch_operator.py
[2026-03-03T01:03:19.149+0000] {processor.py:809} INFO - DAG(s) dict_keys(['example_branch_operator']) retrieved from /home/airflow/.local/lib/python3.7/site-packages/airflow/example_dags/example_branch_operator.py
[2026-03-03T01:03:19.163+0000] {logging_mixin.py:149} INFO - [2026-03-03T01:03:19.163+0000] {dag.py:2726} INFO - Sync 1 DAGs
[2026-03-03T01:03:19.176+0000] {logging_mixin.py:149} INFO - [2026-03-03T01:03:19.175+0000] {dag.py:3490} INFO - Setting next_dagrun for example_branch_operator to 2026-03-02T00:00:00+00:00, run_after=2026-03-03T00:00:00+00:00
[2026-03-03T01:03:19.184+0000] {processor.py:178} INFO - Processing /home/airflow/.local/lib/python3.7/site-packages/airflow/example_dags/example_branch_operator.py took 0.045 seconds
[2026-03-03T01:03:49.970+0000] {processor.py:156} INFO - Started process (PID=1001) to work on /home/airflow/.local/lib/python3.7/site-packages/airflow/example_dags/example_branch_operator.py
[2026-03-03T01:03:49.972+0000] {processor.py:799} INFO - Processing file /home/airflow/.local/lib/python3.7/site-packages/airflow/example_dags/example_branch_operator.py for tasks to queue
[2026-03-03T01:03:49.973+0000] {logging_mixin.py:149} INFO - [2026-03-03T01:03:49.972+0000] {dagbag.py:541} INFO - Filling up the DagBag from /home/airflow/.local/lib/python3.7/site-packages/airflow/example_dags/example_branch_operator.py
[2026-03-03T01:03:49.980+0000] {processor.py:809} INFO - DAG(s) dict_keys(['example_branch_operator']) retrieved from /home/airflow/.local/lib/python3.7/site-packages/airflow/example_dags/example_branch_operator.py
[2026-03-03T01:03:49.996+0000] {logging_mixin.py:149} INFO - [2026-03-03T01:03:49.995+0000] {dag.py:2726} INFO - Sync 1 DAGs
[2026-03-03T01:03:50.008+0000] {logging_mixin.py:149} INFO - [2026-03-03T01:03:50.008+0000] {dag.py:3490} INFO - Setting next_dagrun for example_branch_operator to 2026-03-02T00:00:00+00:00, run_after=2026-03-03T00:00:00+00:00
[2026-03-03T01:03:50.017+0000] {processor.py:178} INFO - Processing /home/airflow/.local/lib/python3.7/site-packages/airflow/example_dags/example_branch_operator.py took 0.049 seconds
[2026-03-03T01:04:20.603+0000] {processor.py:156} INFO - Started process (PID=1063) to work on /home/airflow/.local/lib/python3.7/site-packages/airflow/example_dags/example_branch_operator.py
[2026-03-03T01:04:20.603+0000] {processor.py:799} INFO - Processing file /home/airflow/.local/lib/python3.7/site-packages/airflow/example_dags/example_branch_operator.py for tasks to queue
[2026-03-03T01:04:20.604+0000] {logging_mixin.py:149} INFO - [2026-03-03T01:04:20.604+0000] {dagbag.py:541} INFO - Filling up the DagBag from /home/airflow/.local/lib/python3.7/site-packages/airflow/example_dags/example_branch_operator.py
[2026-03-03T01:04:20.608+0000] {processor.py:809} INFO - DAG(s) dict_keys(['example_branch_operator']) retrieved from /home/airflow/.local/lib/python3.7/site-packages/airflow/example_dags/example_branch_operator.py
[2026-03-03T01:04:20.621+0000] {logging_mixin.py:149} INFO - [2026-03-03T01:04:20.621+0000] {dag.py:2726} INFO - Sync 1 DAGs
[2026-03-03T01:04:20.633+0000] {logging_mixin.py:149} INFO - [2026-03-03T01:04:20.633+0000] {dag.py:3490} INFO - Setting next_dagrun for example_branch_operator to 2026-03-02T00:00:00+00:00, run_after=2026-03-03T00:00:00+00:00
[2026-03-03T01:04:20.642+0000] {processor.py:178} INFO - Processing /home/airflow/.local/lib/python3.7/site-packages/airflow/example_dags/example_branch_operator.py took 0.041 seconds
[2026-03-03T01:04:51.262+0000] {processor.py:156} INFO - Started process (PID=1125) to work on /home/airflow/.local/lib/python3.7/site-packages/airflow/example_dags/example_branch_operator.py
[2026-03-03T01:04:51.263+0000] {processor.py:799} INFO - Processing file /home/airflow/.local/lib/python3.7/site-packages/airflow/example_dags/example_branch_operator.py for tasks to queue
[2026-03-03T01:04:51.263+0000] {logging_mixin.py:149} INFO - [2026-03-03T01:04:51.263+0000] {dagbag.py:541} INFO - Filling up the DagBag from /home/airflow/.local/lib/python3.7/site-packages/airflow/example_dags/example_branch_operator.py
[2026-03-03T01:04:51.268+0000] {processor.py:809} INFO - DAG(s) dict_keys(['example_branch_operator']) retrieved from /home/airflow/.local/lib/python3.7/site-packages/airflow/example_dags/example_branch_operator.py
[2026-03-03T01:04:51.281+0000] {logging_mixin.py:149} INFO - [2026-03-03T01:04:51.281+0000] {dag.py:2726} INFO - Sync 1 DAGs
[2026-03-03T01:04:51.292+0000] {logging_mixin.py:149} INFO - [2026-03-03T01:04:51.292+0000] {dag.py:3490} INFO - Setting next_dagrun for example_branch_operator to 2026-03-02T00:00:00+00:00, run_after=2026-03-03T00:00:00+00:00
[2026-03-03T01:04:51.300+0000] {processor.py:178} INFO - Processing /home/airflow/.local/lib/python3.7/site-packages/airflow/example_dags/example_branch_operator.py took 0.040 seconds
[2026-03-03T01:05:22.021+0000] {processor.py:156} INFO - Started process (PID=1187) to work on /home/airflow/.local/lib/python3.7/site-packages/airflow/example_dags/example_branch_operator.py
[2026-03-03T01:05:22.021+0000] {processor.py:799} INFO - Processing file /home/airflow/.local/lib/python3.7/site-packages/airflow/example_dags/example_branch_operator.py for tasks to queue
[2026-03-03T01:05:22.022+0000] {logging_mixin.py:149} INFO - [2026-03-03T01:05:22.022+0000] {dagbag.py:541} INFO - Filling up the DagBag from /home/airflow/.local/lib/python3.7/site-packages/airflow/example_dags/example_branch_operator.py
[2026-03-03T01:05:22.027+0000] {processor.py:809} INFO - DAG(s) dict_keys(['example_branch_operator']) retrieved from /home/airflow/.local/lib/python3.7/site-packages/airflow/example_dags/example_branch_operator.py
[2026-03-03T01:05:22.042+0000] {logging_mixin.py:149} INFO - [2026-03-03T01:05:22.042+0000] {dag.py:2726} INFO - Sync 1 DAGs
[2026-03-03T01:05:22.056+0000] {logging_mixin.py:149} INFO - [2026-03-03T01:05:22.056+0000] {dag.py:3490} INFO - Setting next_dagrun for example_branch_operator to 2026-03-02T00:00:00+00:00, run_after=2026-03-03T00:00:00+00:00
[2026-03-03T01:05:22.065+0000] {processor.py:178} INFO - Processing /home/airflow/.local/lib/python3.7/site-packages/airflow/example_dags/example_branch_operator.py took 0.047 seconds
[2026-03-03T01:05:52.745+0000] {processor.py:156} INFO - Started process (PID=1249) to work on /home/airflow/.local/lib/python3.7/site-packages/airflow/example_dags/example_branch_operator.py
[2026-03-03T01:05:52.746+0000] {processor.py:799} INFO - Processing file /home/airflow/.local/lib/python3.7/site-packages/airflow/example_dags/example_branch_operator.py for tasks to queue
[2026-03-03T01:05:52.746+0000] {logging_mixin.py:149} INFO - [2026-03-03T01:05:52.746+0000] {dagbag.py:541} INFO - Filling up the DagBag from /home/airflow/.local/lib/python3.7/site-packages/airflow/example_dags/example_branch_operator.py
[2026-03-03T01:05:52.751+0000] {processor.py:809} INFO - DAG(s) dict_keys(['example_branch_operator']) retrieved from /home/airflow/.local/lib/python3.7/site-packages/airflow/example_dags/example_branch_operator.py
[2026-03-03T01:05:52.766+0000] {logging_mixin.py:149} INFO - [2026-03-03T01:05:52.766+0000] {dag.py:2726} INFO - Sync 1 DAGs
[2026-03-03T01:05:52.778+0000] {logging_mixin.py:149} INFO - [2026-03-03T01:05:52.778+0000] {dag.py:3490} INFO - Setting next_dagrun for example_branch_operator to 2026-03-02T00:00:00+00:00, run_after=2026-03-03T00:00:00+00:00
[2026-03-03T01:05:52.790+0000] {processor.py:178} INFO - Processing /home/airflow/.local/lib/python3.7/site-packages/airflow/example_dags/example_branch_operator.py took 0.046 seconds
[2026-03-03T01:06:23.241+0000] {processor.py:156} INFO - Started process (PID=1311) to work on /home/airflow/.local/lib/python3.7/site-packages/airflow/example_dags/example_branch_operator.py
[2026-03-03T01:06:23.241+0000] {processor.py:799} INFO - Processing file /home/airflow/.local/lib/python3.7/site-packages/airflow/example_dags/example_branch_operator.py for tasks to queue
[2026-03-03T01:06:23.241+0000] {logging_mixin.py:149} INFO - [2026-03-03T01:06:23.241+0000] {dagbag.py:541} INFO - Filling up the DagBag from /home/airflow/.local/lib/python3.7/site-packages/airflow/example_dags/example_branch_operator.py
[2026-03-03T01:06:23.246+0000] {processor.py:809} INFO - DAG(s) dict_keys(['example_branch_operator']) retrieved from /home/airflow/.local/lib/python3.7/site-packages/airflow/example_dags/example_branch_operator.py
[2026-03-03T01:06:23.259+0000] {logging_mixin.py:149} INFO - [2026-03-03T01:06:23.259+0000] {dag.py:2726} INFO - Sync 1 DAGs
[2026-03-03T01:06:23.272+0000] {logging_mixin.py:149} INFO - [2026-03-03T01:06:23.272+0000] {dag.py:3490} INFO - Setting next_dagrun for example_branch_operator to 2026-03-02T00:00:00+00:00, run_after=2026-03-03T00:00:00+00:00
[2026-03-03T01:06:23.280+0000] {processor.py:178} INFO - Processing /home/airflow/.local/lib/python3.7/site-packages/airflow/example_dags/example_branch_operator.py took 0.041 seconds
[2026-03-03T01:07:10.064+0000] {processor.py:156} INFO - Started process (PID=63) to work on /home/airflow/.local/lib/python3.7/site-packages/airflow/example_dags/example_branch_operator.py
[2026-03-03T01:07:10.065+0000] {processor.py:799} INFO - Processing file /home/airflow/.local/lib/python3.7/site-packages/airflow/example_dags/example_branch_operator.py for tasks to queue
[2026-03-03T01:07:10.067+0000] {logging_mixin.py:149} INFO - [2026-03-03T01:07:10.067+0000] {dagbag.py:541} INFO - Filling up the DagBag from /home/airflow/.local/lib/python3.7/site-packages/airflow/example_dags/example_branch_operator.py
[2026-03-03T01:07:10.074+0000] {processor.py:809} INFO - DAG(s) dict_keys(['example_branch_operator']) retrieved from /home/airflow/.local/lib/python3.7/site-packages/airflow/example_dags/example_branch_operator.py
[2026-03-03T01:07:10.083+0000] {logging_mixin.py:149} INFO - [2026-03-03T01:07:10.082+0000] {dag.py:2726} INFO - Sync 1 DAGs
[2026-03-03T01:07:10.099+0000] {logging_mixin.py:149} INFO - [2026-03-03T01:07:10.099+0000] {dag.py:3490} INFO - Setting next_dagrun for example_branch_operator to 2026-03-02T00:00:00+00:00, run_after=2026-03-03T00:00:00+00:00
[2026-03-03T01:07:10.120+0000] {processor.py:178} INFO - Processing /home/airflow/.local/lib/python3.7/site-packages/airflow/example_dags/example_branch_operator.py took 0.057 seconds
[2026-03-03T01:07:41.281+0000] {processor.py:156} INFO - Started process (PID=132) to work on /home/airflow/.local/lib/python3.7/site-packages/airflow/example_dags/example_branch_operator.py
[2026-03-03T01:07:41.282+0000] {processor.py:799} INFO - Processing file /home/airflow/.local/lib/python3.7/site-packages/airflow/example_dags/example_branch_operator.py for tasks to queue
[2026-03-03T01:07:41.282+0000] {logging_mixin.py:149} INFO - [2026-03-03T01:07:41.282+0000] {dagbag.py:541} INFO - Filling up the DagBag from /home/airflow/.local/lib/python3.7/site-packages/airflow/example_dags/example_branch_operator.py
[2026-03-03T01:07:41.286+0000] {processor.py:809} INFO - DAG(s) dict_keys(['example_branch_operator']) retrieved from /home/airflow/.local/lib/python3.7/site-packages/airflow/example_dags/example_branch_operator.py
[2026-03-03T01:07:41.309+0000] {logging_mixin.py:149} INFO - [2026-03-03T01:07:41.309+0000] {dag.py:2726} INFO - Sync 1 DAGs
[2026-03-03T01:07:41.322+0000] {logging_mixin.py:149} INFO - [2026-03-03T01:07:41.322+0000] {dag.py:3490} INFO - Setting next_dagrun for example_branch_operator to 2026-03-02T00:00:00+00:00, run_after=2026-03-03T00:00:00+00:00
[2026-03-03T01:07:41.332+0000] {processor.py:178} INFO - Processing /home/airflow/.local/lib/python3.7/site-packages/airflow/example_dags/example_branch_operator.py took 0.053 seconds
[2026-03-03T01:08:19.505+0000] {processor.py:156} INFO - Started process (PID=194) to work on /home/airflow/.local/lib/python3.7/site-packages/airflow/example_dags/example_branch_operator.py
[2026-03-03T01:08:19.508+0000] {processor.py:799} INFO - Processing file /home/airflow/.local/lib/python3.7/site-packages/airflow/example_dags/example_branch_operator.py for tasks to queue
[2026-03-03T01:08:19.512+0000] {logging_mixin.py:149} INFO - [2026-03-03T01:08:19.512+0000] {dagbag.py:541} INFO - Filling up the DagBag from /home/airflow/.local/lib/python3.7/site-packages/airflow/example_dags/example_branch_operator.py
[2026-03-03T01:08:19.533+0000] {processor.py:809} INFO - DAG(s) dict_keys(['example_branch_operator']) retrieved from /home/airflow/.local/lib/python3.7/site-packages/airflow/example_dags/example_branch_operator.py
[2026-03-03T01:08:19.911+0000] {logging_mixin.py:149} INFO - [2026-03-03T01:08:19.911+0000] {dag.py:2726} INFO - Sync 1 DAGs
[2026-03-03T01:08:19.980+0000] {logging_mixin.py:149} INFO - [2026-03-03T01:08:19.980+0000] {dag.py:3490} INFO - Setting next_dagrun for example_branch_operator to 2026-03-02T00:00:00+00:00, run_after=2026-03-03T00:00:00+00:00
[2026-03-03T01:08:20.049+0000] {processor.py:178} INFO - Processing /home/airflow/.local/lib/python3.7/site-packages/airflow/example_dags/example_branch_operator.py took 0.551 seconds
[2026-03-03T01:08:50.465+0000] {processor.py:156} INFO - Started process (PID=256) to work on /home/airflow/.local/lib/python3.7/site-packages/airflow/example_dags/example_branch_operator.py
[2026-03-03T01:08:50.466+0000] {processor.py:799} INFO - Processing file /home/airflow/.local/lib/python3.7/site-packages/airflow/example_dags/example_branch_operator.py for tasks to queue
[2026-03-03T01:08:50.467+0000] {logging_mixin.py:149} INFO - [2026-03-03T01:08:50.467+0000] {dagbag.py:541} INFO - Filling up the DagBag from /home/airflow/.local/lib/python3.7/site-packages/airflow/example_dags/example_branch_operator.py
[2026-03-03T01:08:50.474+0000] {processor.py:809} INFO - DAG(s) dict_keys(['example_branch_operator']) retrieved from /home/airflow/.local/lib/python3.7/site-packages/airflow/example_dags/example_branch_operator.py
[2026-03-03T01:08:50.489+0000] {logging_mixin.py:149} INFO - [2026-03-03T01:08:50.489+0000] {dag.py:2726} INFO - Sync 1 DAGs
[2026-03-03T01:08:50.503+0000] {logging_mixin.py:149} INFO - [2026-03-03T01:08:50.503+0000] {dag.py:3490} INFO - Setting next_dagrun for example_branch_operator to 2026-03-02T00:00:00+00:00, run_after=2026-03-03T00:00:00+00:00
[2026-03-03T01:08:50.512+0000] {processor.py:178} INFO - Processing /home/airflow/.local/lib/python3.7/site-packages/airflow/example_dags/example_branch_operator.py took 0.049 seconds
[2026-03-03T01:09:21.436+0000] {processor.py:156} INFO - Started process (PID=318) to work on /home/airflow/.local/lib/python3.7/site-packages/airflow/example_dags/example_branch_operator.py
[2026-03-03T01:09:21.437+0000] {processor.py:799} INFO - Processing file /home/airflow/.local/lib/python3.7/site-packages/airflow/example_dags/example_branch_operator.py for tasks to queue
[2026-03-03T01:09:21.437+0000] {logging_mixin.py:149} INFO - [2026-03-03T01:09:21.437+0000] {dagbag.py:541} INFO - Filling up the DagBag from /home/airflow/.local/lib/python3.7/site-packages/airflow/example_dags/example_branch_operator.py
[2026-03-03T01:09:21.444+0000] {processor.py:809} INFO - DAG(s) dict_keys(['example_branch_operator']) retrieved from /home/airflow/.local/lib/python3.7/site-packages/airflow/example_dags/example_branch_operator.py
[2026-03-03T01:09:21.465+0000] {logging_mixin.py:149} INFO - [2026-03-03T01:09:21.465+0000] {dag.py:2726} INFO - Sync 1 DAGs
[2026-03-03T01:09:21.479+0000] {logging_mixin.py:149} INFO - [2026-03-03T01:09:21.479+0000] {dag.py:3490} INFO - Setting next_dagrun for example_branch_operator to 2026-03-02T00:00:00+00:00, run_after=2026-03-03T00:00:00+00:00
[2026-03-03T01:09:21.485+0000] {processor.py:178} INFO - Processing /home/airflow/.local/lib/python3.7/site-packages/airflow/example_dags/example_branch_operator.py took 0.052 seconds
[2026-03-03T01:09:51.950+0000] {processor.py:156} INFO - Started process (PID=380) to work on /home/airflow/.local/lib/python3.7/site-packages/airflow/example_dags/example_branch_operator.py
[2026-03-03T01:09:51.951+0000] {processor.py:799} INFO - Processing file /home/airflow/.local/lib/python3.7/site-packages/airflow/example_dags/example_branch_operator.py for tasks to queue
[2026-03-03T01:09:51.951+0000] {logging_mixin.py:149} INFO - [2026-03-03T01:09:51.951+0000] {dagbag.py:541} INFO - Filling up the DagBag from /home/airflow/.local/lib/python3.7/site-packages/airflow/example_dags/example_branch_operator.py
[2026-03-03T01:09:51.958+0000] {processor.py:809} INFO - DAG(s) dict_keys(['example_branch_operator']) retrieved from /home/airflow/.local/lib/python3.7/site-packages/airflow/example_dags/example_branch_operator.py
[2026-03-03T01:09:51.978+0000] {logging_mixin.py:149} INFO - [2026-03-03T01:09:51.977+0000] {dag.py:2726} INFO - Sync 1 DAGs
[2026-03-03T01:09:51.990+0000] {logging_mixin.py:149} INFO - [2026-03-03T01:09:51.990+0000] {dag.py:3490} INFO - Setting next_dagrun for example_branch_operator to 2026-03-02T00:00:00+00:00, run_after=2026-03-03T00:00:00+00:00
[2026-03-03T01:09:51.998+0000] {processor.py:178} INFO - Processing /home/airflow/.local/lib/python3.7/site-packages/airflow/example_dags/example_branch_operator.py took 0.049 seconds
[2026-03-03T01:10:22.636+0000] {processor.py:156} INFO - Started process (PID=442) to work on /home/airflow/.local/lib/python3.7/site-packages/airflow/example_dags/example_branch_operator.py
[2026-03-03T01:10:22.639+0000] {processor.py:799} INFO - Processing file /home/airflow/.local/lib/python3.7/site-packages/airflow/example_dags/example_branch_operator.py for tasks to queue
[2026-03-03T01:10:22.642+0000] {logging_mixin.py:149} INFO - [2026-03-03T01:10:22.641+0000] {dagbag.py:541} INFO - Filling up the DagBag from /home/airflow/.local/lib/python3.7/site-packages/airflow/example_dags/example_branch_operator.py
[2026-03-03T01:10:22.682+0000] {processor.py:809} INFO - DAG(s) dict_keys(['example_branch_operator']) retrieved from /home/airflow/.local/lib/python3.7/site-packages/airflow/example_dags/example_branch_operator.py
[2026-03-03T01:10:22.757+0000] {logging_mixin.py:149} INFO - [2026-03-03T01:10:22.756+0000] {dag.py:2726} INFO - Sync 1 DAGs
[2026-03-03T01:10:22.856+0000] {logging_mixin.py:149} INFO - [2026-03-03T01:10:22.855+0000] {dag.py:3490} INFO - Setting next_dagrun for example_branch_operator to 2026-03-02T00:00:00+00:00, run_after=2026-03-03T00:00:00+00:00
[2026-03-03T01:10:22.923+0000] {processor.py:178} INFO - Processing /home/airflow/.local/lib/python3.7/site-packages/airflow/example_dags/example_branch_operator.py took 0.299 seconds
[2026-03-03T01:10:53.334+0000] {processor.py:156} INFO - Started process (PID=504) to work on /home/airflow/.local/lib/python3.7/site-packages/airflow/example_dags/example_branch_operator.py
[2026-03-03T01:10:53.336+0000] {processor.py:799} INFO - Processing file /home/airflow/.local/lib/python3.7/site-packages/airflow/example_dags/example_branch_operator.py for tasks to queue
[2026-03-03T01:10:53.337+0000] {logging_mixin.py:149} INFO - [2026-03-03T01:10:53.337+0000] {dagbag.py:541} INFO - Filling up the DagBag from /home/airflow/.local/lib/python3.7/site-packages/airflow/example_dags/example_branch_operator.py
[2026-03-03T01:10:53.356+0000] {processor.py:809} INFO - DAG(s) dict_keys(['example_branch_operator']) retrieved from /home/airflow/.local/lib/python3.7/site-packages/airflow/example_dags/example_branch_operator.py
[2026-03-03T01:10:53.408+0000] {logging_mixin.py:149} INFO - [2026-03-03T01:10:53.407+0000] {dag.py:2726} INFO - Sync 1 DAGs
[2026-03-03T01:10:53.461+0000] {logging_mixin.py:149} INFO - [2026-03-03T01:10:53.460+0000] {dag.py:3490} INFO - Setting next_dagrun for example_branch_operator to 2026-03-02T00:00:00+00:00, run_after=2026-03-03T00:00:00+00:00
[2026-03-03T01:10:53.510+0000] {processor.py:178} INFO - Processing /home/airflow/.local/lib/python3.7/site-packages/airflow/example_dags/example_branch_operator.py took 0.183 seconds
[2026-03-03T01:11:24.277+0000] {processor.py:156} INFO - Started process (PID=566) to work on /home/airflow/.local/lib/python3.7/site-packages/airflow/example_dags/example_branch_operator.py
[2026-03-03T01:11:24.278+0000] {processor.py:799} INFO - Processing file /home/airflow/.local/lib/python3.7/site-packages/airflow/example_dags/example_branch_operator.py for tasks to queue
[2026-03-03T01:11:24.279+0000] {logging_mixin.py:149} INFO - [2026-03-03T01:11:24.279+0000] {dagbag.py:541} INFO - Filling up the DagBag from /home/airflow/.local/lib/python3.7/site-packages/airflow/example_dags/example_branch_operator.py
[2026-03-03T01:11:24.288+0000] {processor.py:809} INFO - DAG(s) dict_keys(['example_branch_operator']) retrieved from /home/airflow/.local/lib/python3.7/site-packages/airflow/example_dags/example_branch_operator.py
[2026-03-03T01:11:24.304+0000] {logging_mixin.py:149} INFO - [2026-03-03T01:11:24.304+0000] {dag.py:2726} INFO - Sync 1 DAGs
[2026-03-03T01:11:24.317+0000] {logging_mixin.py:149} INFO - [2026-03-03T01:11:24.317+0000] {dag.py:3490} INFO - Setting next_dagrun for example_branch_operator to 2026-03-02T00:00:00+00:00, run_after=2026-03-03T00:00:00+00:00
[2026-03-03T01:11:24.327+0000] {processor.py:178} INFO - Processing /home/airflow/.local/lib/python3.7/site-packages/airflow/example_dags/example_branch_operator.py took 0.052 seconds
[2026-03-03T01:11:55.452+0000] {processor.py:156} INFO - Started process (PID=628) to work on /home/airflow/.local/lib/python3.7/site-packages/airflow/example_dags/example_branch_operator.py
[2026-03-03T01:11:55.455+0000] {processor.py:799} INFO - Processing file /home/airflow/.local/lib/python3.7/site-packages/airflow/example_dags/example_branch_operator.py for tasks to queue
[2026-03-03T01:11:55.457+0000] {logging_mixin.py:149} INFO - [2026-03-03T01:11:55.457+0000] {dagbag.py:541} INFO - Filling up the DagBag from /home/airflow/.local/lib/python3.7/site-packages/airflow/example_dags/example_branch_operator.py
[2026-03-03T01:11:55.477+0000] {processor.py:809} INFO - DAG(s) dict_keys(['example_branch_operator']) retrieved from /home/airflow/.local/lib/python3.7/site-packages/airflow/example_dags/example_branch_operator.py
[2026-03-03T01:11:55.542+0000] {logging_mixin.py:149} INFO - [2026-03-03T01:11:55.542+0000] {dag.py:2726} INFO - Sync 1 DAGs
[2026-03-03T01:11:55.608+0000] {logging_mixin.py:149} INFO - [2026-03-03T01:11:55.607+0000] {dag.py:3490} INFO - Setting next_dagrun for example_branch_operator to 2026-03-02T00:00:00+00:00, run_after=2026-03-03T00:00:00+00:00
[2026-03-03T01:11:55.662+0000] {processor.py:178} INFO - Processing /home/airflow/.local/lib/python3.7/site-packages/airflow/example_dags/example_branch_operator.py took 0.217 seconds
[2026-03-03T01:12:26.018+0000] {processor.py:156} INFO - Started process (PID=690) to work on /home/airflow/.local/lib/python3.7/site-packages/airflow/example_dags/example_branch_operator.py
[2026-03-03T01:12:26.020+0000] {processor.py:799} INFO - Processing file /home/airflow/.local/lib/python3.7/site-packages/airflow/example_dags/example_branch_operator.py for tasks to queue
[2026-03-03T01:12:26.021+0000] {logging_mixin.py:149} INFO - [2026-03-03T01:12:26.021+0000] {dagbag.py:541} INFO - Filling up the DagBag from /home/airflow/.local/lib/python3.7/site-packages/airflow/example_dags/example_branch_operator.py
[2026-03-03T01:12:26.043+0000] {processor.py:809} INFO - DAG(s) dict_keys(['example_branch_operator']) retrieved from /home/airflow/.local/lib/python3.7/site-packages/airflow/example_dags/example_branch_operator.py
[2026-03-03T01:12:26.098+0000] {logging_mixin.py:149} INFO - [2026-03-03T01:12:26.097+0000] {dag.py:2726} INFO - Sync 1 DAGs
[2026-03-03T01:12:26.162+0000] {logging_mixin.py:149} INFO - [2026-03-03T01:12:26.162+0000] {dag.py:3490} INFO - Setting next_dagrun for example_branch_operator to 2026-03-02T00:00:00+00:00, run_after=2026-03-03T00:00:00+00:00
[2026-03-03T01:12:26.210+0000] {processor.py:178} INFO - Processing /home/airflow/.local/lib/python3.7/site-packages/airflow/example_dags/example_branch_operator.py took 0.198 seconds
[2026-03-03T01:12:56.277+0000] {processor.py:156} INFO - Started process (PID=752) to work on /home/airflow/.local/lib/python3.7/site-packages/airflow/example_dags/example_branch_operator.py
[2026-03-03T01:12:56.278+0000] {processor.py:799} INFO - Processing file /home/airflow/.local/lib/python3.7/site-packages/airflow/example_dags/example_branch_operator.py for tasks to queue
[2026-03-03T01:12:56.278+0000] {logging_mixin.py:149} INFO - [2026-03-03T01:12:56.278+0000] {dagbag.py:541} INFO - Filling up the DagBag from /home/airflow/.local/lib/python3.7/site-packages/airflow/example_dags/example_branch_operator.py
[2026-03-03T01:12:56.282+0000] {processor.py:809} INFO - DAG(s) dict_keys(['example_branch_operator']) retrieved from /home/airflow/.local/lib/python3.7/site-packages/airflow/example_dags/example_branch_operator.py
[2026-03-03T01:12:56.296+0000] {logging_mixin.py:149} INFO - [2026-03-03T01:12:56.296+0000] {dag.py:2726} INFO - Sync 1 DAGs
[2026-03-03T01:12:56.315+0000] {logging_mixin.py:149} INFO - [2026-03-03T01:12:56.315+0000] {dag.py:3490} INFO - Setting next_dagrun for example_branch_operator to 2026-03-02T00:00:00+00:00, run_after=2026-03-03T00:00:00+00:00
[2026-03-03T01:12:56.336+0000] {processor.py:178} INFO - Processing /home/airflow/.local/lib/python3.7/site-packages/airflow/example_dags/example_branch_operator.py took 0.060 seconds
[2026-03-03T01:13:26.744+0000] {processor.py:156} INFO - Started process (PID=814) to work on /home/airflow/.local/lib/python3.7/site-packages/airflow/example_dags/example_branch_operator.py
[2026-03-03T01:13:26.745+0000] {processor.py:799} INFO - Processing file /home/airflow/.local/lib/python3.7/site-packages/airflow/example_dags/example_branch_operator.py for tasks to queue
[2026-03-03T01:13:26.746+0000] {logging_mixin.py:149} INFO - [2026-03-03T01:13:26.746+0000] {dagbag.py:541} INFO - Filling up the DagBag from /home/airflow/.local/lib/python3.7/site-packages/airflow/example_dags/example_branch_operator.py
[2026-03-03T01:13:26.751+0000] {processor.py:809} INFO - DAG(s) dict_keys(['example_branch_operator']) retrieved from /home/airflow/.local/lib/python3.7/site-packages/airflow/example_dags/example_branch_operator.py
[2026-03-03T01:13:26.768+0000] {logging_mixin.py:149} INFO - [2026-03-03T01:13:26.768+0000] {dag.py:2726} INFO - Sync 1 DAGs
[2026-03-03T01:13:26.780+0000] {logging_mixin.py:149} INFO - [2026-03-03T01:13:26.780+0000] {dag.py:3490} INFO - Setting next_dagrun for example_branch_operator to 2026-03-02T00:00:00+00:00, run_after=2026-03-03T00:00:00+00:00
[2026-03-03T01:13:26.787+0000] {processor.py:178} INFO - Processing /home/airflow/.local/lib/python3.7/site-packages/airflow/example_dags/example_branch_operator.py took 0.046 seconds
[2026-03-03T01:13:57.480+0000] {processor.py:156} INFO - Started process (PID=876) to work on /home/airflow/.local/lib/python3.7/site-packages/airflow/example_dags/example_branch_operator.py
[2026-03-03T01:13:57.481+0000] {processor.py:799} INFO - Processing file /home/airflow/.local/lib/python3.7/site-packages/airflow/example_dags/example_branch_operator.py for tasks to queue
[2026-03-03T01:13:57.482+0000] {logging_mixin.py:149} INFO - [2026-03-03T01:13:57.482+0000] {dagbag.py:541} INFO - Filling up the DagBag from /home/airflow/.local/lib/python3.7/site-packages/airflow/example_dags/example_branch_operator.py
[2026-03-03T01:13:57.488+0000] {processor.py:809} INFO - DAG(s) dict_keys(['example_branch_operator']) retrieved from /home/airflow/.local/lib/python3.7/site-packages/airflow/example_dags/example_branch_operator.py
[2026-03-03T01:13:57.504+0000] {logging_mixin.py:149} INFO - [2026-03-03T01:13:57.504+0000] {dag.py:2726} INFO - Sync 1 DAGs
[2026-03-03T01:13:57.519+0000] {logging_mixin.py:149} INFO - [2026-03-03T01:13:57.519+0000] {dag.py:3490} INFO - Setting next_dagrun for example_branch_operator to 2026-03-02T00:00:00+00:00, run_after=2026-03-03T00:00:00+00:00
[2026-03-03T01:13:57.529+0000] {processor.py:178} INFO - Processing /home/airflow/.local/lib/python3.7/site-packages/airflow/example_dags/example_branch_operator.py took 0.051 seconds
[2026-03-03T01:14:28.232+0000] {processor.py:156} INFO - Started process (PID=938) to work on /home/airflow/.local/lib/python3.7/site-packages/airflow/example_dags/example_branch_operator.py
[2026-03-03T01:14:28.233+0000] {processor.py:799} INFO - Processing file /home/airflow/.local/lib/python3.7/site-packages/airflow/example_dags/example_branch_operator.py for tasks to queue
[2026-03-03T01:14:28.233+0000] {logging_mixin.py:149} INFO - [2026-03-03T01:14:28.233+0000] {dagbag.py:541} INFO - Filling up the DagBag from /home/airflow/.local/lib/python3.7/site-packages/airflow/example_dags/example_branch_operator.py
[2026-03-03T01:14:28.238+0000] {processor.py:809} INFO - DAG(s) dict_keys(['example_branch_operator']) retrieved from /home/airflow/.local/lib/python3.7/site-packages/airflow/example_dags/example_branch_operator.py
[2026-03-03T01:14:28.251+0000] {logging_mixin.py:149} INFO - [2026-03-03T01:14:28.251+0000] {dag.py:2726} INFO - Sync 1 DAGs
[2026-03-03T01:14:28.264+0000] {logging_mixin.py:149} INFO - [2026-03-03T01:14:28.264+0000] {dag.py:3490} INFO - Setting next_dagrun for example_branch_operator to 2026-03-02T00:00:00+00:00, run_after=2026-03-03T00:00:00+00:00
[2026-03-03T01:14:28.272+0000] {processor.py:178} INFO - Processing /home/airflow/.local/lib/python3.7/site-packages/airflow/example_dags/example_branch_operator.py took 0.041 seconds
[2026-03-03T01:14:58.671+0000] {processor.py:156} INFO - Started process (PID=1000) to work on /home/airflow/.local/lib/python3.7/site-packages/airflow/example_dags/example_branch_operator.py
[2026-03-03T01:14:58.673+0000] {processor.py:799} INFO - Processing file /home/airflow/.local/lib/python3.7/site-packages/airflow/example_dags/example_branch_operator.py for tasks to queue
[2026-03-03T01:14:58.675+0000] {logging_mixin.py:149} INFO - [2026-03-03T01:14:58.674+0000] {dagbag.py:541} INFO - Filling up the DagBag from /home/airflow/.local/lib/python3.7/site-packages/airflow/example_dags/example_branch_operator.py
[2026-03-03T01:14:58.697+0000] {processor.py:809} INFO - DAG(s) dict_keys(['example_branch_operator']) retrieved from /home/airflow/.local/lib/python3.7/site-packages/airflow/example_dags/example_branch_operator.py
[2026-03-03T01:14:58.767+0000] {logging_mixin.py:149} INFO - [2026-03-03T01:14:58.767+0000] {dag.py:2726} INFO - Sync 1 DAGs
[2026-03-03T01:14:58.838+0000] {logging_mixin.py:149} INFO - [2026-03-03T01:14:58.838+0000] {dag.py:3490} INFO - Setting next_dagrun for example_branch_operator to 2026-03-02T00:00:00+00:00, run_after=2026-03-03T00:00:00+00:00
[2026-03-03T01:14:58.891+0000] {processor.py:178} INFO - Processing /home/airflow/.local/lib/python3.7/site-packages/airflow/example_dags/example_branch_operator.py took 0.229 seconds
[2026-03-03T01:15:29.644+0000] {processor.py:156} INFO - Started process (PID=1062) to work on /home/airflow/.local/lib/python3.7/site-packages/airflow/example_dags/example_branch_operator.py
[2026-03-03T01:15:29.645+0000] {processor.py:799} INFO - Processing file /home/airflow/.local/lib/python3.7/site-packages/airflow/example_dags/example_branch_operator.py for tasks to queue
[2026-03-03T01:15:29.645+0000] {logging_mixin.py:149} INFO - [2026-03-03T01:15:29.645+0000] {dagbag.py:541} INFO - Filling up the DagBag from /home/airflow/.local/lib/python3.7/site-packages/airflow/example_dags/example_branch_operator.py
[2026-03-03T01:15:29.651+0000] {processor.py:809} INFO - DAG(s) dict_keys(['example_branch_operator']) retrieved from /home/airflow/.local/lib/python3.7/site-packages/airflow/example_dags/example_branch_operator.py
[2026-03-03T01:15:29.670+0000] {logging_mixin.py:149} INFO - [2026-03-03T01:15:29.670+0000] {dag.py:2726} INFO - Sync 1 DAGs
[2026-03-03T01:15:29.684+0000] {logging_mixin.py:149} INFO - [2026-03-03T01:15:29.684+0000] {dag.py:3490} INFO - Setting next_dagrun for example_branch_operator to 2026-03-02T00:00:00+00:00, run_after=2026-03-03T00:00:00+00:00
[2026-03-03T01:15:29.693+0000] {processor.py:178} INFO - Processing /home/airflow/.local/lib/python3.7/site-packages/airflow/example_dags/example_branch_operator.py took 0.051 seconds
[2026-03-03T01:16:00.437+0000] {processor.py:156} INFO - Started process (PID=1123) to work on /home/airflow/.local/lib/python3.7/site-packages/airflow/example_dags/example_branch_operator.py
[2026-03-03T01:16:00.438+0000] {processor.py:799} INFO - Processing file /home/airflow/.local/lib/python3.7/site-packages/airflow/example_dags/example_branch_operator.py for tasks to queue
[2026-03-03T01:16:00.439+0000] {logging_mixin.py:149} INFO - [2026-03-03T01:16:00.439+0000] {dagbag.py:541} INFO - Filling up the DagBag from /home/airflow/.local/lib/python3.7/site-packages/airflow/example_dags/example_branch_operator.py
[2026-03-03T01:16:00.445+0000] {processor.py:809} INFO - DAG(s) dict_keys(['example_branch_operator']) retrieved from /home/airflow/.local/lib/python3.7/site-packages/airflow/example_dags/example_branch_operator.py
[2026-03-03T01:16:00.463+0000] {logging_mixin.py:149} INFO - [2026-03-03T01:16:00.463+0000] {dag.py:2726} INFO - Sync 1 DAGs
[2026-03-03T01:16:00.478+0000] {logging_mixin.py:149} INFO - [2026-03-03T01:16:00.478+0000] {dag.py:3490} INFO - Setting next_dagrun for example_branch_operator to 2026-03-02T00:00:00+00:00, run_after=2026-03-03T00:00:00+00:00
[2026-03-03T01:16:00.488+0000] {processor.py:178} INFO - Processing /home/airflow/.local/lib/python3.7/site-packages/airflow/example_dags/example_branch_operator.py took 0.054 seconds
[2026-03-03T01:16:30.972+0000] {processor.py:156} INFO - Started process (PID=1185) to work on /home/airflow/.local/lib/python3.7/site-packages/airflow/example_dags/example_branch_operator.py
[2026-03-03T01:16:30.974+0000] {processor.py:799} INFO - Processing file /home/airflow/.local/lib/python3.7/site-packages/airflow/example_dags/example_branch_operator.py for tasks to queue
[2026-03-03T01:16:30.975+0000] {logging_mixin.py:149} INFO - [2026-03-03T01:16:30.975+0000] {dagbag.py:541} INFO - Filling up the DagBag from /home/airflow/.local/lib/python3.7/site-packages/airflow/example_dags/example_branch_operator.py
[2026-03-03T01:16:30.996+0000] {processor.py:809} INFO - DAG(s) dict_keys(['example_branch_operator']) retrieved from /home/airflow/.local/lib/python3.7/site-packages/airflow/example_dags/example_branch_operator.py
[2026-03-03T01:16:31.061+0000] {logging_mixin.py:149} INFO - [2026-03-03T01:16:31.060+0000] {dag.py:2726} INFO - Sync 1 DAGs
[2026-03-03T01:16:31.130+0000] {logging_mixin.py:149} INFO - [2026-03-03T01:16:31.130+0000] {dag.py:3490} INFO - Setting next_dagrun for example_branch_operator to 2026-03-02T00:00:00+00:00, run_after=2026-03-03T00:00:00+00:00
[2026-03-03T01:16:31.183+0000] {processor.py:178} INFO - Processing /home/airflow/.local/lib/python3.7/site-packages/airflow/example_dags/example_branch_operator.py took 0.220 seconds
[2026-03-03T01:17:01.332+0000] {processor.py:156} INFO - Started process (PID=1247) to work on /home/airflow/.local/lib/python3.7/site-packages/airflow/example_dags/example_branch_operator.py
[2026-03-03T01:17:01.334+0000] {processor.py:799} INFO - Processing file /home/airflow/.local/lib/python3.7/site-packages/airflow/example_dags/example_branch_operator.py for tasks to queue
[2026-03-03T01:17:01.338+0000] {logging_mixin.py:149} INFO - [2026-03-03T01:17:01.336+0000] {dagbag.py:541} INFO - Filling up the DagBag from /home/airflow/.local/lib/python3.7/site-packages/airflow/example_dags/example_branch_operator.py
[2026-03-03T01:17:01.355+0000] {processor.py:809} INFO - DAG(s) dict_keys(['example_branch_operator']) retrieved from /home/airflow/.local/lib/python3.7/site-packages/airflow/example_dags/example_branch_operator.py
[2026-03-03T01:17:01.396+0000] {logging_mixin.py:149} INFO - [2026-03-03T01:17:01.395+0000] {dag.py:2726} INFO - Sync 1 DAGs
[2026-03-03T01:17:01.445+0000] {logging_mixin.py:149} INFO - [2026-03-03T01:17:01.444+0000] {dag.py:3490} INFO - Setting next_dagrun for example_branch_operator to 2026-03-02T00:00:00+00:00, run_after=2026-03-03T00:00:00+00:00
[2026-03-03T01:17:01.484+0000] {processor.py:178} INFO - Processing /home/airflow/.local/lib/python3.7/site-packages/airflow/example_dags/example_branch_operator.py took 0.157 seconds
[2026-03-03T01:17:32.011+0000] {processor.py:156} INFO - Started process (PID=1309) to work on /home/airflow/.local/lib/python3.7/site-packages/airflow/example_dags/example_branch_operator.py
[2026-03-03T01:17:32.011+0000] {processor.py:799} INFO - Processing file /home/airflow/.local/lib/python3.7/site-packages/airflow/example_dags/example_branch_operator.py for tasks to queue
[2026-03-03T01:17:32.012+0000] {logging_mixin.py:149} INFO - [2026-03-03T01:17:32.012+0000] {dagbag.py:541} INFO - Filling up the DagBag from /home/airflow/.local/lib/python3.7/site-packages/airflow/example_dags/example_branch_operator.py
[2026-03-03T01:17:32.016+0000] {processor.py:809} INFO - DAG(s) dict_keys(['example_branch_operator']) retrieved from /home/airflow/.local/lib/python3.7/site-packages/airflow/example_dags/example_branch_operator.py
[2026-03-03T01:17:32.028+0000] {logging_mixin.py:149} INFO - [2026-03-03T01:17:32.028+0000] {dag.py:2726} INFO - Sync 1 DAGs
[2026-03-03T01:17:32.041+0000] {logging_mixin.py:149} INFO - [2026-03-03T01:17:32.041+0000] {dag.py:3490} INFO - Setting next_dagrun for example_branch_operator to 2026-03-02T00:00:00+00:00, run_after=2026-03-03T00:00:00+00:00
[2026-03-03T01:17:32.049+0000] {processor.py:178} INFO - Processing /home/airflow/.local/lib/python3.7/site-packages/airflow/example_dags/example_branch_operator.py took 0.040 seconds
[2026-03-03T01:18:03.011+0000] {processor.py:156} INFO - Started process (PID=1371) to work on /home/airflow/.local/lib/python3.7/site-packages/airflow/example_dags/example_branch_operator.py
[2026-03-03T01:18:03.013+0000] {processor.py:799} INFO - Processing file /home/airflow/.local/lib/python3.7/site-packages/airflow/example_dags/example_branch_operator.py for tasks to queue
[2026-03-03T01:18:03.013+0000] {logging_mixin.py:149} INFO - [2026-03-03T01:18:03.013+0000] {dagbag.py:541} INFO - Filling up the DagBag from /home/airflow/.local/lib/python3.7/site-packages/airflow/example_dags/example_branch_operator.py
[2026-03-03T01:18:03.017+0000] {processor.py:809} INFO - DAG(s) dict_keys(['example_branch_operator']) retrieved from /home/airflow/.local/lib/python3.7/site-packages/airflow/example_dags/example_branch_operator.py
[2026-03-03T01:18:03.030+0000] {logging_mixin.py:149} INFO - [2026-03-03T01:18:03.030+0000] {dag.py:2726} INFO - Sync 1 DAGs
[2026-03-03T01:18:03.047+0000] {logging_mixin.py:149} INFO - [2026-03-03T01:18:03.046+0000] {dag.py:3490} INFO - Setting next_dagrun for example_branch_operator to 2026-03-02T00:00:00+00:00, run_after=2026-03-03T00:00:00+00:00
[2026-03-03T01:18:03.056+0000] {processor.py:178} INFO - Processing /home/airflow/.local/lib/python3.7/site-packages/airflow/example_dags/example_branch_operator.py took 0.047 seconds
[2026-03-03T01:18:33.946+0000] {processor.py:156} INFO - Started process (PID=1433) to work on /home/airflow/.local/lib/python3.7/site-packages/airflow/example_dags/example_branch_operator.py
[2026-03-03T01:18:33.950+0000] {processor.py:799} INFO - Processing file /home/airflow/.local/lib/python3.7/site-packages/airflow/example_dags/example_branch_operator.py for tasks to queue
[2026-03-03T01:18:33.952+0000] {logging_mixin.py:149} INFO - [2026-03-03T01:18:33.951+0000] {dagbag.py:541} INFO - Filling up the DagBag from /home/airflow/.local/lib/python3.7/site-packages/airflow/example_dags/example_branch_operator.py
[2026-03-03T01:18:33.979+0000] {processor.py:809} INFO - DAG(s) dict_keys(['example_branch_operator']) retrieved from /home/airflow/.local/lib/python3.7/site-packages/airflow/example_dags/example_branch_operator.py
[2026-03-03T01:18:34.041+0000] {logging_mixin.py:149} INFO - [2026-03-03T01:18:34.041+0000] {dag.py:2726} INFO - Sync 1 DAGs
[2026-03-03T01:18:34.110+0000] {logging_mixin.py:149} INFO - [2026-03-03T01:18:34.109+0000] {dag.py:3490} INFO - Setting next_dagrun for example_branch_operator to 2026-03-02T00:00:00+00:00, run_after=2026-03-03T00:00:00+00:00
[2026-03-03T01:18:34.169+0000] {processor.py:178} INFO - Processing /home/airflow/.local/lib/python3.7/site-packages/airflow/example_dags/example_branch_operator.py took 0.231 seconds
[2026-03-03T01:19:04.426+0000] {processor.py:156} INFO - Started process (PID=1495) to work on /home/airflow/.local/lib/python3.7/site-packages/airflow/example_dags/example_branch_operator.py
[2026-03-03T01:19:04.428+0000] {processor.py:799} INFO - Processing file /home/airflow/.local/lib/python3.7/site-packages/airflow/example_dags/example_branch_operator.py for tasks to queue
[2026-03-03T01:19:04.431+0000] {logging_mixin.py:149} INFO - [2026-03-03T01:19:04.431+0000] {dagbag.py:541} INFO - Filling up the DagBag from /home/airflow/.local/lib/python3.7/site-packages/airflow/example_dags/example_branch_operator.py
[2026-03-03T01:19:04.451+0000] {processor.py:809} INFO - DAG(s) dict_keys(['example_branch_operator']) retrieved from /home/airflow/.local/lib/python3.7/site-packages/airflow/example_dags/example_branch_operator.py
[2026-03-03T01:19:04.507+0000] {logging_mixin.py:149} INFO - [2026-03-03T01:19:04.507+0000] {dag.py:2726} INFO - Sync 1 DAGs
[2026-03-03T01:19:04.568+0000] {logging_mixin.py:149} INFO - [2026-03-03T01:19:04.568+0000] {dag.py:3490} INFO - Setting next_dagrun for example_branch_operator to 2026-03-02T00:00:00+00:00, run_after=2026-03-03T00:00:00+00:00
[2026-03-03T01:19:04.615+0000] {processor.py:178} INFO - Processing /home/airflow/.local/lib/python3.7/site-packages/airflow/example_dags/example_branch_operator.py took 0.195 seconds
[2026-03-03T01:19:35.334+0000] {processor.py:156} INFO - Started process (PID=1557) to work on /home/airflow/.local/lib/python3.7/site-packages/airflow/example_dags/example_branch_operator.py
[2026-03-03T01:19:35.335+0000] {processor.py:799} INFO - Processing file /home/airflow/.local/lib/python3.7/site-packages/airflow/example_dags/example_branch_operator.py for tasks to queue
[2026-03-03T01:19:35.337+0000] {logging_mixin.py:149} INFO - [2026-03-03T01:19:35.337+0000] {dagbag.py:541} INFO - Filling up the DagBag from /home/airflow/.local/lib/python3.7/site-packages/airflow/example_dags/example_branch_operator.py
[2026-03-03T01:19:35.342+0000] {processor.py:809} INFO - DAG(s) dict_keys(['example_branch_operator']) retrieved from /home/airflow/.local/lib/python3.7/site-packages/airflow/example_dags/example_branch_operator.py
[2026-03-03T01:19:35.357+0000] {logging_mixin.py:149} INFO - [2026-03-03T01:19:35.356+0000] {dag.py:2726} INFO - Sync 1 DAGs
[2026-03-03T01:19:35.373+0000] {logging_mixin.py:149} INFO - [2026-03-03T01:19:35.373+0000] {dag.py:3490} INFO - Setting next_dagrun for example_branch_operator to 2026-03-02T00:00:00+00:00, run_after=2026-03-03T00:00:00+00:00
[2026-03-03T01:19:35.383+0000] {processor.py:178} INFO - Processing /home/airflow/.local/lib/python3.7/site-packages/airflow/example_dags/example_branch_operator.py took 0.051 seconds
[2026-03-03T01:20:06.011+0000] {processor.py:156} INFO - Started process (PID=1619) to work on /home/airflow/.local/lib/python3.7/site-packages/airflow/example_dags/example_branch_operator.py
[2026-03-03T01:20:06.012+0000] {processor.py:799} INFO - Processing file /home/airflow/.local/lib/python3.7/site-packages/airflow/example_dags/example_branch_operator.py for tasks to queue
[2026-03-03T01:20:06.012+0000] {logging_mixin.py:149} INFO - [2026-03-03T01:20:06.012+0000] {dagbag.py:541} INFO - Filling up the DagBag from /home/airflow/.local/lib/python3.7/site-packages/airflow/example_dags/example_branch_operator.py
[2026-03-03T01:20:06.017+0000] {processor.py:809} INFO - DAG(s) dict_keys(['example_branch_operator']) retrieved from /home/airflow/.local/lib/python3.7/site-packages/airflow/example_dags/example_branch_operator.py
[2026-03-03T01:20:06.033+0000] {logging_mixin.py:149} INFO - [2026-03-03T01:20:06.032+0000] {dag.py:2726} INFO - Sync 1 DAGs
[2026-03-03T01:20:06.048+0000] {logging_mixin.py:149} INFO - [2026-03-03T01:20:06.048+0000] {dag.py:3490} INFO - Setting next_dagrun for example_branch_operator to 2026-03-02T00:00:00+00:00, run_after=2026-03-03T00:00:00+00:00
[2026-03-03T01:20:06.057+0000] {processor.py:178} INFO - Processing /home/airflow/.local/lib/python3.7/site-packages/airflow/example_dags/example_branch_operator.py took 0.049 seconds
[2026-03-03T01:20:36.726+0000] {processor.py:156} INFO - Started process (PID=1681) to work on /home/airflow/.local/lib/python3.7/site-packages/airflow/example_dags/example_branch_operator.py
[2026-03-03T01:20:36.727+0000] {processor.py:799} INFO - Processing file /home/airflow/.local/lib/python3.7/site-packages/airflow/example_dags/example_branch_operator.py for tasks to queue
[2026-03-03T01:20:36.728+0000] {logging_mixin.py:149} INFO - [2026-03-03T01:20:36.728+0000] {dagbag.py:541} INFO - Filling up the DagBag from /home/airflow/.local/lib/python3.7/site-packages/airflow/example_dags/example_branch_operator.py
[2026-03-03T01:20:36.735+0000] {processor.py:809} INFO - DAG(s) dict_keys(['example_branch_operator']) retrieved from /home/airflow/.local/lib/python3.7/site-packages/airflow/example_dags/example_branch_operator.py
[2026-03-03T01:20:36.753+0000] {logging_mixin.py:149} INFO - [2026-03-03T01:20:36.753+0000] {dag.py:2726} INFO - Sync 1 DAGs
[2026-03-03T01:20:36.768+0000] {logging_mixin.py:149} INFO - [2026-03-03T01:20:36.768+0000] {dag.py:3490} INFO - Setting next_dagrun for example_branch_operator to 2026-03-02T00:00:00+00:00, run_after=2026-03-03T00:00:00+00:00
[2026-03-03T01:20:36.779+0000] {processor.py:178} INFO - Processing /home/airflow/.local/lib/python3.7/site-packages/airflow/example_dags/example_branch_operator.py took 0.055 seconds
[2026-03-03T01:21:07.361+0000] {processor.py:156} INFO - Started process (PID=1743) to work on /home/airflow/.local/lib/python3.7/site-packages/airflow/example_dags/example_branch_operator.py
[2026-03-03T01:21:07.362+0000] {processor.py:799} INFO - Processing file /home/airflow/.local/lib/python3.7/site-packages/airflow/example_dags/example_branch_operator.py for tasks to queue
[2026-03-03T01:21:07.362+0000] {logging_mixin.py:149} INFO - [2026-03-03T01:21:07.362+0000] {dagbag.py:541} INFO - Filling up the DagBag from /home/airflow/.local/lib/python3.7/site-packages/airflow/example_dags/example_branch_operator.py
[2026-03-03T01:21:07.369+0000] {processor.py:809} INFO - DAG(s) dict_keys(['example_branch_operator']) retrieved from /home/airflow/.local/lib/python3.7/site-packages/airflow/example_dags/example_branch_operator.py
[2026-03-03T01:21:07.385+0000] {logging_mixin.py:149} INFO - [2026-03-03T01:21:07.385+0000] {dag.py:2726} INFO - Sync 1 DAGs
[2026-03-03T01:21:07.400+0000] {logging_mixin.py:149} INFO - [2026-03-03T01:21:07.400+0000] {dag.py:3490} INFO - Setting next_dagrun for example_branch_operator to 2026-03-02T00:00:00+00:00, run_after=2026-03-03T00:00:00+00:00
[2026-03-03T01:21:07.412+0000] {processor.py:178} INFO - Processing /home/airflow/.local/lib/python3.7/site-packages/airflow/example_dags/example_branch_operator.py took 0.054 seconds
[2026-03-03T01:21:38.079+0000] {processor.py:156} INFO - Started process (PID=1805) to work on /home/airflow/.local/lib/python3.7/site-packages/airflow/example_dags/example_branch_operator.py
[2026-03-03T01:21:38.080+0000] {processor.py:799} INFO - Processing file /home/airflow/.local/lib/python3.7/site-packages/airflow/example_dags/example_branch_operator.py for tasks to queue
[2026-03-03T01:21:38.080+0000] {logging_mixin.py:149} INFO - [2026-03-03T01:21:38.080+0000] {dagbag.py:541} INFO - Filling up the DagBag from /home/airflow/.local/lib/python3.7/site-packages/airflow/example_dags/example_branch_operator.py
[2026-03-03T01:21:38.084+0000] {processor.py:809} INFO - DAG(s) dict_keys(['example_branch_operator']) retrieved from /home/airflow/.local/lib/python3.7/site-packages/airflow/example_dags/example_branch_operator.py
[2026-03-03T01:21:38.097+0000] {logging_mixin.py:149} INFO - [2026-03-03T01:21:38.097+0000] {dag.py:2726} INFO - Sync 1 DAGs
[2026-03-03T01:21:38.112+0000] {logging_mixin.py:149} INFO - [2026-03-03T01:21:38.111+0000] {dag.py:3490} INFO - Setting next_dagrun for example_branch_operator to 2026-03-02T00:00:00+00:00, run_after=2026-03-03T00:00:00+00:00
[2026-03-03T01:21:38.154+0000] {processor.py:178} INFO - Processing /home/airflow/.local/lib/python3.7/site-packages/airflow/example_dags/example_branch_operator.py took 0.077 seconds
[2026-03-03T01:22:08.890+0000] {processor.py:156} INFO - Started process (PID=1866) to work on /home/airflow/.local/lib/python3.7/site-packages/airflow/example_dags/example_branch_operator.py
[2026-03-03T01:22:08.893+0000] {processor.py:799} INFO - Processing file /home/airflow/.local/lib/python3.7/site-packages/airflow/example_dags/example_branch_operator.py for tasks to queue
[2026-03-03T01:22:08.895+0000] {logging_mixin.py:149} INFO - [2026-03-03T01:22:08.895+0000] {dagbag.py:541} INFO - Filling up the DagBag from /home/airflow/.local/lib/python3.7/site-packages/airflow/example_dags/example_branch_operator.py
[2026-03-03T01:22:08.918+0000] {processor.py:809} INFO - DAG(s) dict_keys(['example_branch_operator']) retrieved from /home/airflow/.local/lib/python3.7/site-packages/airflow/example_dags/example_branch_operator.py
[2026-03-03T01:22:08.986+0000] {logging_mixin.py:149} INFO - [2026-03-03T01:22:08.985+0000] {dag.py:2726} INFO - Sync 1 DAGs
[2026-03-03T01:22:09.058+0000] {logging_mixin.py:149} INFO - [2026-03-03T01:22:09.057+0000] {dag.py:3490} INFO - Setting next_dagrun for example_branch_operator to 2026-03-02T00:00:00+00:00, run_after=2026-03-03T00:00:00+00:00
[2026-03-03T01:22:09.113+0000] {processor.py:178} INFO - Processing /home/airflow/.local/lib/python3.7/site-packages/airflow/example_dags/example_branch_operator.py took 0.229 seconds
[2026-03-03T01:22:39.489+0000] {processor.py:156} INFO - Started process (PID=1928) to work on /home/airflow/.local/lib/python3.7/site-packages/airflow/example_dags/example_branch_operator.py
[2026-03-03T01:22:39.491+0000] {processor.py:799} INFO - Processing file /home/airflow/.local/lib/python3.7/site-packages/airflow/example_dags/example_branch_operator.py for tasks to queue
[2026-03-03T01:22:39.493+0000] {logging_mixin.py:149} INFO - [2026-03-03T01:22:39.492+0000] {dagbag.py:541} INFO - Filling up the DagBag from /home/airflow/.local/lib/python3.7/site-packages/airflow/example_dags/example_branch_operator.py
[2026-03-03T01:22:39.515+0000] {processor.py:809} INFO - DAG(s) dict_keys(['example_branch_operator']) retrieved from /home/airflow/.local/lib/python3.7/site-packages/airflow/example_dags/example_branch_operator.py
[2026-03-03T01:22:39.581+0000] {logging_mixin.py:149} INFO - [2026-03-03T01:22:39.581+0000] {dag.py:2726} INFO - Sync 1 DAGs
[2026-03-03T01:22:39.650+0000] {logging_mixin.py:149} INFO - [2026-03-03T01:22:39.649+0000] {dag.py:3490} INFO - Setting next_dagrun for example_branch_operator to 2026-03-02T00:00:00+00:00, run_after=2026-03-03T00:00:00+00:00
[2026-03-03T01:22:39.709+0000] {processor.py:178} INFO - Processing /home/airflow/.local/lib/python3.7/site-packages/airflow/example_dags/example_branch_operator.py took 0.229 seconds
[2026-03-03T01:23:10.024+0000] {processor.py:156} INFO - Started process (PID=1990) to work on /home/airflow/.local/lib/python3.7/site-packages/airflow/example_dags/example_branch_operator.py
[2026-03-03T01:23:10.027+0000] {processor.py:799} INFO - Processing file /home/airflow/.local/lib/python3.7/site-packages/airflow/example_dags/example_branch_operator.py for tasks to queue
[2026-03-03T01:23:10.033+0000] {logging_mixin.py:149} INFO - [2026-03-03T01:23:10.033+0000] {dagbag.py:541} INFO - Filling up the DagBag from /home/airflow/.local/lib/python3.7/site-packages/airflow/example_dags/example_branch_operator.py
[2026-03-03T01:23:10.064+0000] {processor.py:809} INFO - DAG(s) dict_keys(['example_branch_operator']) retrieved from /home/airflow/.local/lib/python3.7/site-packages/airflow/example_dags/example_branch_operator.py
[2026-03-03T01:23:10.151+0000] {logging_mixin.py:149} INFO - [2026-03-03T01:23:10.150+0000] {dag.py:2726} INFO - Sync 1 DAGs
[2026-03-03T01:23:10.229+0000] {logging_mixin.py:149} INFO - [2026-03-03T01:23:10.229+0000] {dag.py:3490} INFO - Setting next_dagrun for example_branch_operator to 2026-03-02T00:00:00+00:00, run_after=2026-03-03T00:00:00+00:00
[2026-03-03T01:23:10.288+0000] {processor.py:178} INFO - Processing /home/airflow/.local/lib/python3.7/site-packages/airflow/example_dags/example_branch_operator.py took 0.272 seconds
[2026-03-03T01:23:40.435+0000] {processor.py:156} INFO - Started process (PID=2052) to work on /home/airflow/.local/lib/python3.7/site-packages/airflow/example_dags/example_branch_operator.py
[2026-03-03T01:23:40.438+0000] {processor.py:799} INFO - Processing file /home/airflow/.local/lib/python3.7/site-packages/airflow/example_dags/example_branch_operator.py for tasks to queue
[2026-03-03T01:23:40.440+0000] {logging_mixin.py:149} INFO - [2026-03-03T01:23:40.440+0000] {dagbag.py:541} INFO - Filling up the DagBag from /home/airflow/.local/lib/python3.7/site-packages/airflow/example_dags/example_branch_operator.py
[2026-03-03T01:23:40.475+0000] {processor.py:809} INFO - DAG(s) dict_keys(['example_branch_operator']) retrieved from /home/airflow/.local/lib/python3.7/site-packages/airflow/example_dags/example_branch_operator.py
[2026-03-03T01:23:40.551+0000] {logging_mixin.py:149} INFO - [2026-03-03T01:23:40.551+0000] {dag.py:2726} INFO - Sync 1 DAGs
[2026-03-03T01:23:40.621+0000] {logging_mixin.py:149} INFO - [2026-03-03T01:23:40.621+0000] {dag.py:3490} INFO - Setting next_dagrun for example_branch_operator to 2026-03-02T00:00:00+00:00, run_after=2026-03-03T00:00:00+00:00
[2026-03-03T01:23:40.692+0000] {processor.py:178} INFO - Processing /home/airflow/.local/lib/python3.7/site-packages/airflow/example_dags/example_branch_operator.py took 0.265 seconds
[2026-03-03T01:24:10.920+0000] {processor.py:156} INFO - Started process (PID=2114) to work on /home/airflow/.local/lib/python3.7/site-packages/airflow/example_dags/example_branch_operator.py
[2026-03-03T01:24:10.924+0000] {processor.py:799} INFO - Processing file /home/airflow/.local/lib/python3.7/site-packages/airflow/example_dags/example_branch_operator.py for tasks to queue
[2026-03-03T01:24:10.926+0000] {logging_mixin.py:149} INFO - [2026-03-03T01:24:10.925+0000] {dagbag.py:541} INFO - Filling up the DagBag from /home/airflow/.local/lib/python3.7/site-packages/airflow/example_dags/example_branch_operator.py
[2026-03-03T01:24:10.953+0000] {processor.py:809} INFO - DAG(s) dict_keys(['example_branch_operator']) retrieved from /home/airflow/.local/lib/python3.7/site-packages/airflow/example_dags/example_branch_operator.py
[2026-03-03T01:24:11.029+0000] {logging_mixin.py:149} INFO - [2026-03-03T01:24:11.028+0000] {dag.py:2726} INFO - Sync 1 DAGs
[2026-03-03T01:24:11.099+0000] {logging_mixin.py:149} INFO - [2026-03-03T01:24:11.099+0000] {dag.py:3490} INFO - Setting next_dagrun for example_branch_operator to 2026-03-02T00:00:00+00:00, run_after=2026-03-03T00:00:00+00:00
[2026-03-03T01:24:11.155+0000] {processor.py:178} INFO - Processing /home/airflow/.local/lib/python3.7/site-packages/airflow/example_dags/example_branch_operator.py took 0.243 seconds
[2026-03-03T01:24:41.254+0000] {processor.py:156} INFO - Started process (PID=2176) to work on /home/airflow/.local/lib/python3.7/site-packages/airflow/example_dags/example_branch_operator.py
[2026-03-03T01:24:41.255+0000] {processor.py:799} INFO - Processing file /home/airflow/.local/lib/python3.7/site-packages/airflow/example_dags/example_branch_operator.py for tasks to queue
[2026-03-03T01:24:41.255+0000] {logging_mixin.py:149} INFO - [2026-03-03T01:24:41.255+0000] {dagbag.py:541} INFO - Filling up the DagBag from /home/airflow/.local/lib/python3.7/site-packages/airflow/example_dags/example_branch_operator.py
[2026-03-03T01:24:41.260+0000] {processor.py:809} INFO - DAG(s) dict_keys(['example_branch_operator']) retrieved from /home/airflow/.local/lib/python3.7/site-packages/airflow/example_dags/example_branch_operator.py
[2026-03-03T01:24:41.271+0000] {logging_mixin.py:149} INFO - [2026-03-03T01:24:41.271+0000] {dag.py:2726} INFO - Sync 1 DAGs
[2026-03-03T01:24:41.283+0000] {logging_mixin.py:149} INFO - [2026-03-03T01:24:41.283+0000] {dag.py:3490} INFO - Setting next_dagrun for example_branch_operator to 2026-03-02T00:00:00+00:00, run_after=2026-03-03T00:00:00+00:00
[2026-03-03T01:24:41.296+0000] {processor.py:178} INFO - Processing /home/airflow/.local/lib/python3.7/site-packages/airflow/example_dags/example_branch_operator.py took 0.043 seconds
[2026-03-03T01:25:12.153+0000] {processor.py:156} INFO - Started process (PID=2238) to work on /home/airflow/.local/lib/python3.7/site-packages/airflow/example_dags/example_branch_operator.py
[2026-03-03T01:25:12.156+0000] {processor.py:799} INFO - Processing file /home/airflow/.local/lib/python3.7/site-packages/airflow/example_dags/example_branch_operator.py for tasks to queue
[2026-03-03T01:25:12.158+0000] {logging_mixin.py:149} INFO - [2026-03-03T01:25:12.158+0000] {dagbag.py:541} INFO - Filling up the DagBag from /home/airflow/.local/lib/python3.7/site-packages/airflow/example_dags/example_branch_operator.py
[2026-03-03T01:25:12.180+0000] {processor.py:809} INFO - DAG(s) dict_keys(['example_branch_operator']) retrieved from /home/airflow/.local/lib/python3.7/site-packages/airflow/example_dags/example_branch_operator.py
[2026-03-03T01:25:12.239+0000] {logging_mixin.py:149} INFO - [2026-03-03T01:25:12.238+0000] {dag.py:2726} INFO - Sync 1 DAGs
[2026-03-03T01:25:12.308+0000] {logging_mixin.py:149} INFO - [2026-03-03T01:25:12.308+0000] {dag.py:3490} INFO - Setting next_dagrun for example_branch_operator to 2026-03-02T00:00:00+00:00, run_after=2026-03-03T00:00:00+00:00
[2026-03-03T01:25:12.372+0000] {processor.py:178} INFO - Processing /home/airflow/.local/lib/python3.7/site-packages/airflow/example_dags/example_branch_operator.py took 0.225 seconds
[2026-03-03T01:25:43.427+0000] {processor.py:156} INFO - Started process (PID=2300) to work on /home/airflow/.local/lib/python3.7/site-packages/airflow/example_dags/example_branch_operator.py
[2026-03-03T01:25:43.431+0000] {processor.py:799} INFO - Processing file /home/airflow/.local/lib/python3.7/site-packages/airflow/example_dags/example_branch_operator.py for tasks to queue
[2026-03-03T01:25:43.433+0000] {logging_mixin.py:149} INFO - [2026-03-03T01:25:43.433+0000] {dagbag.py:541} INFO - Filling up the DagBag from /home/airflow/.local/lib/python3.7/site-packages/airflow/example_dags/example_branch_operator.py
[2026-03-03T01:25:43.461+0000] {processor.py:809} INFO - DAG(s) dict_keys(['example_branch_operator']) retrieved from /home/airflow/.local/lib/python3.7/site-packages/airflow/example_dags/example_branch_operator.py
[2026-03-03T01:25:43.532+0000] {logging_mixin.py:149} INFO - [2026-03-03T01:25:43.532+0000] {dag.py:2726} INFO - Sync 1 DAGs
[2026-03-03T01:25:43.613+0000] {logging_mixin.py:149} INFO - [2026-03-03T01:25:43.612+0000] {dag.py:3490} INFO - Setting next_dagrun for example_branch_operator to 2026-03-02T00:00:00+00:00, run_after=2026-03-03T00:00:00+00:00
[2026-03-03T01:25:43.671+0000] {processor.py:178} INFO - Processing /home/airflow/.local/lib/python3.7/site-packages/airflow/example_dags/example_branch_operator.py took 0.252 seconds
[2026-03-03T01:26:13.861+0000] {processor.py:156} INFO - Started process (PID=2362) to work on /home/airflow/.local/lib/python3.7/site-packages/airflow/example_dags/example_branch_operator.py
[2026-03-03T01:26:13.863+0000] {processor.py:799} INFO - Processing file /home/airflow/.local/lib/python3.7/site-packages/airflow/example_dags/example_branch_operator.py for tasks to queue
[2026-03-03T01:26:13.865+0000] {logging_mixin.py:149} INFO - [2026-03-03T01:26:13.865+0000] {dagbag.py:541} INFO - Filling up the DagBag from /home/airflow/.local/lib/python3.7/site-packages/airflow/example_dags/example_branch_operator.py
[2026-03-03T01:26:13.886+0000] {processor.py:809} INFO - DAG(s) dict_keys(['example_branch_operator']) retrieved from /home/airflow/.local/lib/python3.7/site-packages/airflow/example_dags/example_branch_operator.py
[2026-03-03T01:26:13.938+0000] {logging_mixin.py:149} INFO - [2026-03-03T01:26:13.938+0000] {dag.py:2726} INFO - Sync 1 DAGs
[2026-03-03T01:26:13.999+0000] {logging_mixin.py:149} INFO - [2026-03-03T01:26:13.999+0000] {dag.py:3490} INFO - Setting next_dagrun for example_branch_operator to 2026-03-02T00:00:00+00:00, run_after=2026-03-03T00:00:00+00:00
[2026-03-03T01:26:14.035+0000] {processor.py:178} INFO - Processing /home/airflow/.local/lib/python3.7/site-packages/airflow/example_dags/example_branch_operator.py took 0.181 seconds
[2026-03-03T01:26:44.238+0000] {processor.py:156} INFO - Started process (PID=2430) to work on /home/airflow/.local/lib/python3.7/site-packages/airflow/example_dags/example_branch_operator.py
[2026-03-03T01:26:44.239+0000] {processor.py:799} INFO - Processing file /home/airflow/.local/lib/python3.7/site-packages/airflow/example_dags/example_branch_operator.py for tasks to queue
[2026-03-03T01:26:44.241+0000] {logging_mixin.py:149} INFO - [2026-03-03T01:26:44.241+0000] {dagbag.py:541} INFO - Filling up the DagBag from /home/airflow/.local/lib/python3.7/site-packages/airflow/example_dags/example_branch_operator.py
[2026-03-03T01:26:44.247+0000] {processor.py:809} INFO - DAG(s) dict_keys(['example_branch_operator']) retrieved from /home/airflow/.local/lib/python3.7/site-packages/airflow/example_dags/example_branch_operator.py
[2026-03-03T01:26:44.262+0000] {logging_mixin.py:149} INFO - [2026-03-03T01:26:44.262+0000] {dag.py:2726} INFO - Sync 1 DAGs
[2026-03-03T01:26:44.279+0000] {logging_mixin.py:149} INFO - [2026-03-03T01:26:44.278+0000] {dag.py:3490} INFO - Setting next_dagrun for example_branch_operator to 2026-03-02T00:00:00+00:00, run_after=2026-03-03T00:00:00+00:00
[2026-03-03T01:26:44.289+0000] {processor.py:178} INFO - Processing /home/airflow/.local/lib/python3.7/site-packages/airflow/example_dags/example_branch_operator.py took 0.052 seconds
[2026-03-03T01:27:15.068+0000] {processor.py:156} INFO - Started process (PID=2492) to work on /home/airflow/.local/lib/python3.7/site-packages/airflow/example_dags/example_branch_operator.py
[2026-03-03T01:27:15.068+0000] {processor.py:799} INFO - Processing file /home/airflow/.local/lib/python3.7/site-packages/airflow/example_dags/example_branch_operator.py for tasks to queue
[2026-03-03T01:27:15.068+0000] {logging_mixin.py:149} INFO - [2026-03-03T01:27:15.068+0000] {dagbag.py:541} INFO - Filling up the DagBag from /home/airflow/.local/lib/python3.7/site-packages/airflow/example_dags/example_branch_operator.py
[2026-03-03T01:27:15.074+0000] {processor.py:809} INFO - DAG(s) dict_keys(['example_branch_operator']) retrieved from /home/airflow/.local/lib/python3.7/site-packages/airflow/example_dags/example_branch_operator.py
[2026-03-03T01:27:15.093+0000] {logging_mixin.py:149} INFO - [2026-03-03T01:27:15.093+0000] {dag.py:2726} INFO - Sync 1 DAGs
[2026-03-03T01:27:15.113+0000] {logging_mixin.py:149} INFO - [2026-03-03T01:27:15.113+0000] {dag.py:3490} INFO - Setting next_dagrun for example_branch_operator to 2026-03-02T00:00:00+00:00, run_after=2026-03-03T00:00:00+00:00
[2026-03-03T01:27:15.125+0000] {processor.py:178} INFO - Processing /home/airflow/.local/lib/python3.7/site-packages/airflow/example_dags/example_branch_operator.py took 0.060 seconds
[2026-03-03T01:27:45.772+0000] {processor.py:156} INFO - Started process (PID=2554) to work on /home/airflow/.local/lib/python3.7/site-packages/airflow/example_dags/example_branch_operator.py
[2026-03-03T01:27:45.777+0000] {processor.py:799} INFO - Processing file /home/airflow/.local/lib/python3.7/site-packages/airflow/example_dags/example_branch_operator.py for tasks to queue
[2026-03-03T01:27:45.778+0000] {logging_mixin.py:149} INFO - [2026-03-03T01:27:45.778+0000] {dagbag.py:541} INFO - Filling up the DagBag from /home/airflow/.local/lib/python3.7/site-packages/airflow/example_dags/example_branch_operator.py
[2026-03-03T01:27:45.799+0000] {processor.py:809} INFO - DAG(s) dict_keys(['example_branch_operator']) retrieved from /home/airflow/.local/lib/python3.7/site-packages/airflow/example_dags/example_branch_operator.py
[2026-03-03T01:27:45.861+0000] {logging_mixin.py:149} INFO - [2026-03-03T01:27:45.861+0000] {dag.py:2726} INFO - Sync 1 DAGs
[2026-03-03T01:27:45.941+0000] {logging_mixin.py:149} INFO - [2026-03-03T01:27:45.940+0000] {dag.py:3490} INFO - Setting next_dagrun for example_branch_operator to 2026-03-02T00:00:00+00:00, run_after=2026-03-03T00:00:00+00:00
[2026-03-03T01:27:46.001+0000] {processor.py:178} INFO - Processing /home/airflow/.local/lib/python3.7/site-packages/airflow/example_dags/example_branch_operator.py took 0.236 seconds
[2026-03-03T01:28:16.531+0000] {processor.py:156} INFO - Started process (PID=2616) to work on /home/airflow/.local/lib/python3.7/site-packages/airflow/example_dags/example_branch_operator.py
[2026-03-03T01:28:16.531+0000] {processor.py:799} INFO - Processing file /home/airflow/.local/lib/python3.7/site-packages/airflow/example_dags/example_branch_operator.py for tasks to queue
[2026-03-03T01:28:16.531+0000] {logging_mixin.py:149} INFO - [2026-03-03T01:28:16.531+0000] {dagbag.py:541} INFO - Filling up the DagBag from /home/airflow/.local/lib/python3.7/site-packages/airflow/example_dags/example_branch_operator.py
[2026-03-03T01:28:16.535+0000] {processor.py:809} INFO - DAG(s) dict_keys(['example_branch_operator']) retrieved from /home/airflow/.local/lib/python3.7/site-packages/airflow/example_dags/example_branch_operator.py
[2026-03-03T01:28:16.547+0000] {logging_mixin.py:149} INFO - [2026-03-03T01:28:16.547+0000] {dag.py:2726} INFO - Sync 1 DAGs
[2026-03-03T01:28:16.557+0000] {logging_mixin.py:149} INFO - [2026-03-03T01:28:16.557+0000] {dag.py:3490} INFO - Setting next_dagrun for example_branch_operator to 2026-03-02T00:00:00+00:00, run_after=2026-03-03T00:00:00+00:00
[2026-03-03T01:28:16.566+0000] {processor.py:178} INFO - Processing /home/airflow/.local/lib/python3.7/site-packages/airflow/example_dags/example_branch_operator.py took 0.037 seconds
[2026-03-03T01:28:47.800+0000] {processor.py:156} INFO - Started process (PID=2678) to work on /home/airflow/.local/lib/python3.7/site-packages/airflow/example_dags/example_branch_operator.py
[2026-03-03T01:28:47.804+0000] {processor.py:799} INFO - Processing file /home/airflow/.local/lib/python3.7/site-packages/airflow/example_dags/example_branch_operator.py for tasks to queue
[2026-03-03T01:28:47.808+0000] {logging_mixin.py:149} INFO - [2026-03-03T01:28:47.807+0000] {dagbag.py:541} INFO - Filling up the DagBag from /home/airflow/.local/lib/python3.7/site-packages/airflow/example_dags/example_branch_operator.py
[2026-03-03T01:28:47.833+0000] {processor.py:809} INFO - DAG(s) dict_keys(['example_branch_operator']) retrieved from /home/airflow/.local/lib/python3.7/site-packages/airflow/example_dags/example_branch_operator.py
[2026-03-03T01:28:47.901+0000] {logging_mixin.py:149} INFO - [2026-03-03T01:28:47.901+0000] {dag.py:2726} INFO - Sync 1 DAGs
[2026-03-03T01:28:47.977+0000] {logging_mixin.py:149} INFO - [2026-03-03T01:28:47.977+0000] {dag.py:3490} INFO - Setting next_dagrun for example_branch_operator to 2026-03-02T00:00:00+00:00, run_after=2026-03-03T00:00:00+00:00
[2026-03-03T01:28:48.038+0000] {processor.py:178} INFO - Processing /home/airflow/.local/lib/python3.7/site-packages/airflow/example_dags/example_branch_operator.py took 0.246 seconds
[2026-03-03T01:29:18.512+0000] {processor.py:156} INFO - Started process (PID=2740) to work on /home/airflow/.local/lib/python3.7/site-packages/airflow/example_dags/example_branch_operator.py
[2026-03-03T01:29:18.513+0000] {processor.py:799} INFO - Processing file /home/airflow/.local/lib/python3.7/site-packages/airflow/example_dags/example_branch_operator.py for tasks to queue
[2026-03-03T01:29:18.513+0000] {logging_mixin.py:149} INFO - [2026-03-03T01:29:18.513+0000] {dagbag.py:541} INFO - Filling up the DagBag from /home/airflow/.local/lib/python3.7/site-packages/airflow/example_dags/example_branch_operator.py
[2026-03-03T01:29:18.518+0000] {processor.py:809} INFO - DAG(s) dict_keys(['example_branch_operator']) retrieved from /home/airflow/.local/lib/python3.7/site-packages/airflow/example_dags/example_branch_operator.py
[2026-03-03T01:29:18.538+0000] {logging_mixin.py:149} INFO - [2026-03-03T01:29:18.538+0000] {dag.py:2726} INFO - Sync 1 DAGs
[2026-03-03T01:29:18.556+0000] {logging_mixin.py:149} INFO - [2026-03-03T01:29:18.556+0000] {dag.py:3490} INFO - Setting next_dagrun for example_branch_operator to 2026-03-02T00:00:00+00:00, run_after=2026-03-03T00:00:00+00:00
[2026-03-03T01:29:18.571+0000] {processor.py:178} INFO - Processing /home/airflow/.local/lib/python3.7/site-packages/airflow/example_dags/example_branch_operator.py took 0.061 seconds
[2026-03-03T01:29:49.372+0000] {processor.py:156} INFO - Started process (PID=2801) to work on /home/airflow/.local/lib/python3.7/site-packages/airflow/example_dags/example_branch_operator.py
[2026-03-03T01:29:49.374+0000] {processor.py:799} INFO - Processing file /home/airflow/.local/lib/python3.7/site-packages/airflow/example_dags/example_branch_operator.py for tasks to queue
[2026-03-03T01:29:49.376+0000] {logging_mixin.py:149} INFO - [2026-03-03T01:29:49.376+0000] {dagbag.py:541} INFO - Filling up the DagBag from /home/airflow/.local/lib/python3.7/site-packages/airflow/example_dags/example_branch_operator.py
[2026-03-03T01:29:49.406+0000] {processor.py:809} INFO - DAG(s) dict_keys(['example_branch_operator']) retrieved from /home/airflow/.local/lib/python3.7/site-packages/airflow/example_dags/example_branch_operator.py
[2026-03-03T01:29:49.505+0000] {logging_mixin.py:149} INFO - [2026-03-03T01:29:49.504+0000] {dag.py:2726} INFO - Sync 1 DAGs
[2026-03-03T01:29:49.588+0000] {logging_mixin.py:149} INFO - [2026-03-03T01:29:49.588+0000] {dag.py:3490} INFO - Setting next_dagrun for example_branch_operator to 2026-03-02T00:00:00+00:00, run_after=2026-03-03T00:00:00+00:00
[2026-03-03T01:29:49.655+0000] {processor.py:178} INFO - Processing /home/airflow/.local/lib/python3.7/site-packages/airflow/example_dags/example_branch_operator.py took 0.293 seconds
[2026-03-03T01:30:20.077+0000] {processor.py:156} INFO - Started process (PID=2863) to work on /home/airflow/.local/lib/python3.7/site-packages/airflow/example_dags/example_branch_operator.py
[2026-03-03T01:30:20.079+0000] {processor.py:799} INFO - Processing file /home/airflow/.local/lib/python3.7/site-packages/airflow/example_dags/example_branch_operator.py for tasks to queue
[2026-03-03T01:30:20.084+0000] {logging_mixin.py:149} INFO - [2026-03-03T01:30:20.083+0000] {dagbag.py:541} INFO - Filling up the DagBag from /home/airflow/.local/lib/python3.7/site-packages/airflow/example_dags/example_branch_operator.py
[2026-03-03T01:30:20.112+0000] {processor.py:809} INFO - DAG(s) dict_keys(['example_branch_operator']) retrieved from /home/airflow/.local/lib/python3.7/site-packages/airflow/example_dags/example_branch_operator.py
[2026-03-03T01:30:20.186+0000] {logging_mixin.py:149} INFO - [2026-03-03T01:30:20.186+0000] {dag.py:2726} INFO - Sync 1 DAGs
[2026-03-03T01:30:20.256+0000] {logging_mixin.py:149} INFO - [2026-03-03T01:30:20.255+0000] {dag.py:3490} INFO - Setting next_dagrun for example_branch_operator to 2026-03-02T00:00:00+00:00, run_after=2026-03-03T00:00:00+00:00
[2026-03-03T01:30:20.323+0000] {processor.py:178} INFO - Processing /home/airflow/.local/lib/python3.7/site-packages/airflow/example_dags/example_branch_operator.py took 0.254 seconds
[2026-03-03T01:30:51.311+0000] {processor.py:156} INFO - Started process (PID=2925) to work on /home/airflow/.local/lib/python3.7/site-packages/airflow/example_dags/example_branch_operator.py
[2026-03-03T01:30:51.314+0000] {processor.py:799} INFO - Processing file /home/airflow/.local/lib/python3.7/site-packages/airflow/example_dags/example_branch_operator.py for tasks to queue
[2026-03-03T01:30:51.317+0000] {logging_mixin.py:149} INFO - [2026-03-03T01:30:51.316+0000] {dagbag.py:541} INFO - Filling up the DagBag from /home/airflow/.local/lib/python3.7/site-packages/airflow/example_dags/example_branch_operator.py
[2026-03-03T01:30:51.338+0000] {processor.py:809} INFO - DAG(s) dict_keys(['example_branch_operator']) retrieved from /home/airflow/.local/lib/python3.7/site-packages/airflow/example_dags/example_branch_operator.py
[2026-03-03T01:30:51.442+0000] {logging_mixin.py:149} INFO - [2026-03-03T01:30:51.441+0000] {dag.py:2726} INFO - Sync 1 DAGs
[2026-03-03T01:30:51.466+0000] {logging_mixin.py:149} INFO - [2026-03-03T01:30:51.466+0000] {dag.py:3490} INFO - Setting next_dagrun for example_branch_operator to 2026-03-02T00:00:00+00:00, run_after=2026-03-03T00:00:00+00:00
[2026-03-03T01:30:51.492+0000] {processor.py:178} INFO - Processing /home/airflow/.local/lib/python3.7/site-packages/airflow/example_dags/example_branch_operator.py took 0.192 seconds
[2026-03-03T01:31:22.414+0000] {processor.py:156} INFO - Started process (PID=2987) to work on /home/airflow/.local/lib/python3.7/site-packages/airflow/example_dags/example_branch_operator.py
[2026-03-03T01:31:22.415+0000] {processor.py:799} INFO - Processing file /home/airflow/.local/lib/python3.7/site-packages/airflow/example_dags/example_branch_operator.py for tasks to queue
[2026-03-03T01:31:22.417+0000] {logging_mixin.py:149} INFO - [2026-03-03T01:31:22.416+0000] {dagbag.py:541} INFO - Filling up the DagBag from /home/airflow/.local/lib/python3.7/site-packages/airflow/example_dags/example_branch_operator.py
[2026-03-03T01:31:22.422+0000] {processor.py:809} INFO - DAG(s) dict_keys(['example_branch_operator']) retrieved from /home/airflow/.local/lib/python3.7/site-packages/airflow/example_dags/example_branch_operator.py
[2026-03-03T01:31:22.447+0000] {logging_mixin.py:149} INFO - [2026-03-03T01:31:22.447+0000] {dag.py:2726} INFO - Sync 1 DAGs
[2026-03-03T01:31:22.468+0000] {logging_mixin.py:149} INFO - [2026-03-03T01:31:22.468+0000] {dag.py:3490} INFO - Setting next_dagrun for example_branch_operator to 2026-03-02T00:00:00+00:00, run_after=2026-03-03T00:00:00+00:00
[2026-03-03T01:31:22.485+0000] {processor.py:178} INFO - Processing /home/airflow/.local/lib/python3.7/site-packages/airflow/example_dags/example_branch_operator.py took 0.075 seconds
