[2026-03-03T00:56:05.239+0000] {processor.py:156} INFO - Started process (PID=77) to work on /home/airflow/.local/lib/python3.7/site-packages/airflow/example_dags/tutorial_taskflow_api_virtualenv.py
[2026-03-03T00:56:05.240+0000] {processor.py:799} INFO - Processing file /home/airflow/.local/lib/python3.7/site-packages/airflow/example_dags/tutorial_taskflow_api_virtualenv.py for tasks to queue
[2026-03-03T00:56:05.242+0000] {logging_mixin.py:149} INFO - [2026-03-03T00:56:05.242+0000] {dagbag.py:541} INFO - Filling up the DagBag from /home/airflow/.local/lib/python3.7/site-packages/airflow/example_dags/tutorial_taskflow_api_virtualenv.py
[2026-03-03T00:56:05.246+0000] {processor.py:809} INFO - DAG(s) dict_keys(['tutorial_taskflow_api_virtualenv']) retrieved from /home/airflow/.local/lib/python3.7/site-packages/airflow/example_dags/tutorial_taskflow_api_virtualenv.py
[2026-03-03T00:56:05.259+0000] {logging_mixin.py:149} INFO - [2026-03-03T00:56:05.259+0000] {dag.py:2726} INFO - Sync 1 DAGs
[2026-03-03T00:56:05.282+0000] {logging_mixin.py:149} INFO - [2026-03-03T00:56:05.282+0000] {dag.py:3490} INFO - Setting next_dagrun for tutorial_taskflow_api_virtualenv to None, run_after=None
[2026-03-03T00:56:05.296+0000] {processor.py:178} INFO - Processing /home/airflow/.local/lib/python3.7/site-packages/airflow/example_dags/tutorial_taskflow_api_virtualenv.py took 0.060 seconds
[2026-03-03T00:56:37.510+0000] {processor.py:156} INFO - Started process (PID=139) to work on /home/airflow/.local/lib/python3.7/site-packages/airflow/example_dags/tutorial_taskflow_api_virtualenv.py
[2026-03-03T00:56:37.511+0000] {processor.py:799} INFO - Processing file /home/airflow/.local/lib/python3.7/site-packages/airflow/example_dags/tutorial_taskflow_api_virtualenv.py for tasks to queue
[2026-03-03T00:56:37.511+0000] {logging_mixin.py:149} INFO - [2026-03-03T00:56:37.511+0000] {dagbag.py:541} INFO - Filling up the DagBag from /home/airflow/.local/lib/python3.7/site-packages/airflow/example_dags/tutorial_taskflow_api_virtualenv.py
[2026-03-03T00:56:37.515+0000] {processor.py:809} INFO - DAG(s) dict_keys(['tutorial_taskflow_api_virtualenv']) retrieved from /home/airflow/.local/lib/python3.7/site-packages/airflow/example_dags/tutorial_taskflow_api_virtualenv.py
[2026-03-03T00:56:37.535+0000] {logging_mixin.py:149} INFO - [2026-03-03T00:56:37.534+0000] {dag.py:2726} INFO - Sync 1 DAGs
[2026-03-03T00:56:37.551+0000] {logging_mixin.py:149} INFO - [2026-03-03T00:56:37.551+0000] {dag.py:3490} INFO - Setting next_dagrun for tutorial_taskflow_api_virtualenv to None, run_after=None
[2026-03-03T00:56:37.560+0000] {processor.py:178} INFO - Processing /home/airflow/.local/lib/python3.7/site-packages/airflow/example_dags/tutorial_taskflow_api_virtualenv.py took 0.052 seconds
[2026-03-03T00:57:08.387+0000] {processor.py:156} INFO - Started process (PID=201) to work on /home/airflow/.local/lib/python3.7/site-packages/airflow/example_dags/tutorial_taskflow_api_virtualenv.py
[2026-03-03T00:57:08.390+0000] {processor.py:799} INFO - Processing file /home/airflow/.local/lib/python3.7/site-packages/airflow/example_dags/tutorial_taskflow_api_virtualenv.py for tasks to queue
[2026-03-03T00:57:08.393+0000] {logging_mixin.py:149} INFO - [2026-03-03T00:57:08.393+0000] {dagbag.py:541} INFO - Filling up the DagBag from /home/airflow/.local/lib/python3.7/site-packages/airflow/example_dags/tutorial_taskflow_api_virtualenv.py
[2026-03-03T00:57:08.398+0000] {processor.py:809} INFO - DAG(s) dict_keys(['tutorial_taskflow_api_virtualenv']) retrieved from /home/airflow/.local/lib/python3.7/site-packages/airflow/example_dags/tutorial_taskflow_api_virtualenv.py
[2026-03-03T00:57:08.415+0000] {logging_mixin.py:149} INFO - [2026-03-03T00:57:08.414+0000] {dag.py:2726} INFO - Sync 1 DAGs
[2026-03-03T00:57:08.431+0000] {logging_mixin.py:149} INFO - [2026-03-03T00:57:08.431+0000] {dag.py:3490} INFO - Setting next_dagrun for tutorial_taskflow_api_virtualenv to None, run_after=None
[2026-03-03T00:57:08.442+0000] {processor.py:178} INFO - Processing /home/airflow/.local/lib/python3.7/site-packages/airflow/example_dags/tutorial_taskflow_api_virtualenv.py took 0.057 seconds
[2026-03-03T00:57:39.343+0000] {processor.py:156} INFO - Started process (PID=263) to work on /home/airflow/.local/lib/python3.7/site-packages/airflow/example_dags/tutorial_taskflow_api_virtualenv.py
[2026-03-03T00:57:39.347+0000] {processor.py:799} INFO - Processing file /home/airflow/.local/lib/python3.7/site-packages/airflow/example_dags/tutorial_taskflow_api_virtualenv.py for tasks to queue
[2026-03-03T00:57:39.347+0000] {logging_mixin.py:149} INFO - [2026-03-03T00:57:39.347+0000] {dagbag.py:541} INFO - Filling up the DagBag from /home/airflow/.local/lib/python3.7/site-packages/airflow/example_dags/tutorial_taskflow_api_virtualenv.py
[2026-03-03T00:57:39.351+0000] {processor.py:809} INFO - DAG(s) dict_keys(['tutorial_taskflow_api_virtualenv']) retrieved from /home/airflow/.local/lib/python3.7/site-packages/airflow/example_dags/tutorial_taskflow_api_virtualenv.py
[2026-03-03T00:57:39.368+0000] {logging_mixin.py:149} INFO - [2026-03-03T00:57:39.368+0000] {dag.py:2726} INFO - Sync 1 DAGs
[2026-03-03T00:57:39.382+0000] {logging_mixin.py:149} INFO - [2026-03-03T00:57:39.381+0000] {dag.py:3490} INFO - Setting next_dagrun for tutorial_taskflow_api_virtualenv to None, run_after=None
[2026-03-03T00:57:39.394+0000] {processor.py:178} INFO - Processing /home/airflow/.local/lib/python3.7/site-packages/airflow/example_dags/tutorial_taskflow_api_virtualenv.py took 0.053 seconds
[2026-03-03T00:58:09.692+0000] {processor.py:156} INFO - Started process (PID=325) to work on /home/airflow/.local/lib/python3.7/site-packages/airflow/example_dags/tutorial_taskflow_api_virtualenv.py
[2026-03-03T00:58:09.693+0000] {processor.py:799} INFO - Processing file /home/airflow/.local/lib/python3.7/site-packages/airflow/example_dags/tutorial_taskflow_api_virtualenv.py for tasks to queue
[2026-03-03T00:58:09.693+0000] {logging_mixin.py:149} INFO - [2026-03-03T00:58:09.693+0000] {dagbag.py:541} INFO - Filling up the DagBag from /home/airflow/.local/lib/python3.7/site-packages/airflow/example_dags/tutorial_taskflow_api_virtualenv.py
[2026-03-03T00:58:09.700+0000] {processor.py:809} INFO - DAG(s) dict_keys(['tutorial_taskflow_api_virtualenv']) retrieved from /home/airflow/.local/lib/python3.7/site-packages/airflow/example_dags/tutorial_taskflow_api_virtualenv.py
[2026-03-03T00:58:09.724+0000] {logging_mixin.py:149} INFO - [2026-03-03T00:58:09.724+0000] {dag.py:2726} INFO - Sync 1 DAGs
[2026-03-03T00:58:09.746+0000] {logging_mixin.py:149} INFO - [2026-03-03T00:58:09.746+0000] {dag.py:3490} INFO - Setting next_dagrun for tutorial_taskflow_api_virtualenv to None, run_after=None
[2026-03-03T00:58:09.759+0000] {processor.py:178} INFO - Processing /home/airflow/.local/lib/python3.7/site-packages/airflow/example_dags/tutorial_taskflow_api_virtualenv.py took 0.070 seconds
[2026-03-03T00:58:40.679+0000] {processor.py:156} INFO - Started process (PID=387) to work on /home/airflow/.local/lib/python3.7/site-packages/airflow/example_dags/tutorial_taskflow_api_virtualenv.py
[2026-03-03T00:58:40.679+0000] {processor.py:799} INFO - Processing file /home/airflow/.local/lib/python3.7/site-packages/airflow/example_dags/tutorial_taskflow_api_virtualenv.py for tasks to queue
[2026-03-03T00:58:40.680+0000] {logging_mixin.py:149} INFO - [2026-03-03T00:58:40.680+0000] {dagbag.py:541} INFO - Filling up the DagBag from /home/airflow/.local/lib/python3.7/site-packages/airflow/example_dags/tutorial_taskflow_api_virtualenv.py
[2026-03-03T00:58:40.685+0000] {processor.py:809} INFO - DAG(s) dict_keys(['tutorial_taskflow_api_virtualenv']) retrieved from /home/airflow/.local/lib/python3.7/site-packages/airflow/example_dags/tutorial_taskflow_api_virtualenv.py
[2026-03-03T00:58:40.704+0000] {logging_mixin.py:149} INFO - [2026-03-03T00:58:40.704+0000] {dag.py:2726} INFO - Sync 1 DAGs
[2026-03-03T00:58:40.723+0000] {logging_mixin.py:149} INFO - [2026-03-03T00:58:40.722+0000] {dag.py:3490} INFO - Setting next_dagrun for tutorial_taskflow_api_virtualenv to None, run_after=None
[2026-03-03T00:58:40.739+0000] {processor.py:178} INFO - Processing /home/airflow/.local/lib/python3.7/site-packages/airflow/example_dags/tutorial_taskflow_api_virtualenv.py took 0.062 seconds
[2026-03-03T00:59:11.645+0000] {processor.py:156} INFO - Started process (PID=449) to work on /home/airflow/.local/lib/python3.7/site-packages/airflow/example_dags/tutorial_taskflow_api_virtualenv.py
[2026-03-03T00:59:11.647+0000] {processor.py:799} INFO - Processing file /home/airflow/.local/lib/python3.7/site-packages/airflow/example_dags/tutorial_taskflow_api_virtualenv.py for tasks to queue
[2026-03-03T00:59:11.647+0000] {logging_mixin.py:149} INFO - [2026-03-03T00:59:11.647+0000] {dagbag.py:541} INFO - Filling up the DagBag from /home/airflow/.local/lib/python3.7/site-packages/airflow/example_dags/tutorial_taskflow_api_virtualenv.py
[2026-03-03T00:59:11.650+0000] {processor.py:809} INFO - DAG(s) dict_keys(['tutorial_taskflow_api_virtualenv']) retrieved from /home/airflow/.local/lib/python3.7/site-packages/airflow/example_dags/tutorial_taskflow_api_virtualenv.py
[2026-03-03T00:59:11.665+0000] {logging_mixin.py:149} INFO - [2026-03-03T00:59:11.665+0000] {dag.py:2726} INFO - Sync 1 DAGs
[2026-03-03T00:59:11.679+0000] {logging_mixin.py:149} INFO - [2026-03-03T00:59:11.679+0000] {dag.py:3490} INFO - Setting next_dagrun for tutorial_taskflow_api_virtualenv to None, run_after=None
[2026-03-03T00:59:11.687+0000] {processor.py:178} INFO - Processing /home/airflow/.local/lib/python3.7/site-packages/airflow/example_dags/tutorial_taskflow_api_virtualenv.py took 0.043 seconds
[2026-03-03T00:59:42.453+0000] {processor.py:156} INFO - Started process (PID=511) to work on /home/airflow/.local/lib/python3.7/site-packages/airflow/example_dags/tutorial_taskflow_api_virtualenv.py
[2026-03-03T00:59:42.454+0000] {processor.py:799} INFO - Processing file /home/airflow/.local/lib/python3.7/site-packages/airflow/example_dags/tutorial_taskflow_api_virtualenv.py for tasks to queue
[2026-03-03T00:59:42.454+0000] {logging_mixin.py:149} INFO - [2026-03-03T00:59:42.454+0000] {dagbag.py:541} INFO - Filling up the DagBag from /home/airflow/.local/lib/python3.7/site-packages/airflow/example_dags/tutorial_taskflow_api_virtualenv.py
[2026-03-03T00:59:42.459+0000] {processor.py:809} INFO - DAG(s) dict_keys(['tutorial_taskflow_api_virtualenv']) retrieved from /home/airflow/.local/lib/python3.7/site-packages/airflow/example_dags/tutorial_taskflow_api_virtualenv.py
[2026-03-03T00:59:42.476+0000] {logging_mixin.py:149} INFO - [2026-03-03T00:59:42.476+0000] {dag.py:2726} INFO - Sync 1 DAGs
[2026-03-03T00:59:42.493+0000] {logging_mixin.py:149} INFO - [2026-03-03T00:59:42.493+0000] {dag.py:3490} INFO - Setting next_dagrun for tutorial_taskflow_api_virtualenv to None, run_after=None
[2026-03-03T00:59:42.504+0000] {processor.py:178} INFO - Processing /home/airflow/.local/lib/python3.7/site-packages/airflow/example_dags/tutorial_taskflow_api_virtualenv.py took 0.053 seconds
[2026-03-03T01:00:15.240+0000] {processor.py:156} INFO - Started process (PID=573) to work on /home/airflow/.local/lib/python3.7/site-packages/airflow/example_dags/tutorial_taskflow_api_virtualenv.py
[2026-03-03T01:00:15.245+0000] {processor.py:799} INFO - Processing file /home/airflow/.local/lib/python3.7/site-packages/airflow/example_dags/tutorial_taskflow_api_virtualenv.py for tasks to queue
[2026-03-03T01:00:15.247+0000] {logging_mixin.py:149} INFO - [2026-03-03T01:00:15.246+0000] {dagbag.py:541} INFO - Filling up the DagBag from /home/airflow/.local/lib/python3.7/site-packages/airflow/example_dags/tutorial_taskflow_api_virtualenv.py
[2026-03-03T01:00:15.264+0000] {processor.py:809} INFO - DAG(s) dict_keys(['tutorial_taskflow_api_virtualenv']) retrieved from /home/airflow/.local/lib/python3.7/site-packages/airflow/example_dags/tutorial_taskflow_api_virtualenv.py
[2026-03-03T01:00:15.335+0000] {logging_mixin.py:149} INFO - [2026-03-03T01:00:15.334+0000] {dag.py:2726} INFO - Sync 1 DAGs
[2026-03-03T01:00:15.419+0000] {logging_mixin.py:149} INFO - [2026-03-03T01:00:15.419+0000] {dag.py:3490} INFO - Setting next_dagrun for tutorial_taskflow_api_virtualenv to None, run_after=None
[2026-03-03T01:00:15.493+0000] {processor.py:178} INFO - Processing /home/airflow/.local/lib/python3.7/site-packages/airflow/example_dags/tutorial_taskflow_api_virtualenv.py took 0.261 seconds
[2026-03-03T01:00:46.407+0000] {processor.py:156} INFO - Started process (PID=635) to work on /home/airflow/.local/lib/python3.7/site-packages/airflow/example_dags/tutorial_taskflow_api_virtualenv.py
[2026-03-03T01:00:46.411+0000] {processor.py:799} INFO - Processing file /home/airflow/.local/lib/python3.7/site-packages/airflow/example_dags/tutorial_taskflow_api_virtualenv.py for tasks to queue
[2026-03-03T01:00:46.415+0000] {logging_mixin.py:149} INFO - [2026-03-03T01:00:46.415+0000] {dagbag.py:541} INFO - Filling up the DagBag from /home/airflow/.local/lib/python3.7/site-packages/airflow/example_dags/tutorial_taskflow_api_virtualenv.py
[2026-03-03T01:00:46.433+0000] {processor.py:809} INFO - DAG(s) dict_keys(['tutorial_taskflow_api_virtualenv']) retrieved from /home/airflow/.local/lib/python3.7/site-packages/airflow/example_dags/tutorial_taskflow_api_virtualenv.py
[2026-03-03T01:00:46.496+0000] {logging_mixin.py:149} INFO - [2026-03-03T01:00:46.496+0000] {dag.py:2726} INFO - Sync 1 DAGs
[2026-03-03T01:00:46.574+0000] {logging_mixin.py:149} INFO - [2026-03-03T01:00:46.573+0000] {dag.py:3490} INFO - Setting next_dagrun for tutorial_taskflow_api_virtualenv to None, run_after=None
[2026-03-03T01:00:46.641+0000] {processor.py:178} INFO - Processing /home/airflow/.local/lib/python3.7/site-packages/airflow/example_dags/tutorial_taskflow_api_virtualenv.py took 0.242 seconds
[2026-03-03T01:01:17.280+0000] {processor.py:156} INFO - Started process (PID=697) to work on /home/airflow/.local/lib/python3.7/site-packages/airflow/example_dags/tutorial_taskflow_api_virtualenv.py
[2026-03-03T01:01:17.280+0000] {processor.py:799} INFO - Processing file /home/airflow/.local/lib/python3.7/site-packages/airflow/example_dags/tutorial_taskflow_api_virtualenv.py for tasks to queue
[2026-03-03T01:01:17.281+0000] {logging_mixin.py:149} INFO - [2026-03-03T01:01:17.281+0000] {dagbag.py:541} INFO - Filling up the DagBag from /home/airflow/.local/lib/python3.7/site-packages/airflow/example_dags/tutorial_taskflow_api_virtualenv.py
[2026-03-03T01:01:17.286+0000] {processor.py:809} INFO - DAG(s) dict_keys(['tutorial_taskflow_api_virtualenv']) retrieved from /home/airflow/.local/lib/python3.7/site-packages/airflow/example_dags/tutorial_taskflow_api_virtualenv.py
[2026-03-03T01:01:17.302+0000] {logging_mixin.py:149} INFO - [2026-03-03T01:01:17.302+0000] {dag.py:2726} INFO - Sync 1 DAGs
[2026-03-03T01:01:17.315+0000] {logging_mixin.py:149} INFO - [2026-03-03T01:01:17.315+0000] {dag.py:3490} INFO - Setting next_dagrun for tutorial_taskflow_api_virtualenv to None, run_after=None
[2026-03-03T01:01:17.324+0000] {processor.py:178} INFO - Processing /home/airflow/.local/lib/python3.7/site-packages/airflow/example_dags/tutorial_taskflow_api_virtualenv.py took 0.046 seconds
[2026-03-03T01:01:48.066+0000] {processor.py:156} INFO - Started process (PID=759) to work on /home/airflow/.local/lib/python3.7/site-packages/airflow/example_dags/tutorial_taskflow_api_virtualenv.py
[2026-03-03T01:01:48.066+0000] {processor.py:799} INFO - Processing file /home/airflow/.local/lib/python3.7/site-packages/airflow/example_dags/tutorial_taskflow_api_virtualenv.py for tasks to queue
[2026-03-03T01:01:48.068+0000] {logging_mixin.py:149} INFO - [2026-03-03T01:01:48.067+0000] {dagbag.py:541} INFO - Filling up the DagBag from /home/airflow/.local/lib/python3.7/site-packages/airflow/example_dags/tutorial_taskflow_api_virtualenv.py
[2026-03-03T01:01:48.073+0000] {processor.py:809} INFO - DAG(s) dict_keys(['tutorial_taskflow_api_virtualenv']) retrieved from /home/airflow/.local/lib/python3.7/site-packages/airflow/example_dags/tutorial_taskflow_api_virtualenv.py
[2026-03-03T01:01:48.089+0000] {logging_mixin.py:149} INFO - [2026-03-03T01:01:48.089+0000] {dag.py:2726} INFO - Sync 1 DAGs
[2026-03-03T01:01:48.104+0000] {logging_mixin.py:149} INFO - [2026-03-03T01:01:48.104+0000] {dag.py:3490} INFO - Setting next_dagrun for tutorial_taskflow_api_virtualenv to None, run_after=None
[2026-03-03T01:01:48.114+0000] {processor.py:178} INFO - Processing /home/airflow/.local/lib/python3.7/site-packages/airflow/example_dags/tutorial_taskflow_api_virtualenv.py took 0.050 seconds
[2026-03-03T01:02:18.833+0000] {processor.py:156} INFO - Started process (PID=821) to work on /home/airflow/.local/lib/python3.7/site-packages/airflow/example_dags/tutorial_taskflow_api_virtualenv.py
[2026-03-03T01:02:18.834+0000] {processor.py:799} INFO - Processing file /home/airflow/.local/lib/python3.7/site-packages/airflow/example_dags/tutorial_taskflow_api_virtualenv.py for tasks to queue
[2026-03-03T01:02:18.835+0000] {logging_mixin.py:149} INFO - [2026-03-03T01:02:18.835+0000] {dagbag.py:541} INFO - Filling up the DagBag from /home/airflow/.local/lib/python3.7/site-packages/airflow/example_dags/tutorial_taskflow_api_virtualenv.py
[2026-03-03T01:02:18.839+0000] {processor.py:809} INFO - DAG(s) dict_keys(['tutorial_taskflow_api_virtualenv']) retrieved from /home/airflow/.local/lib/python3.7/site-packages/airflow/example_dags/tutorial_taskflow_api_virtualenv.py
[2026-03-03T01:02:18.852+0000] {logging_mixin.py:149} INFO - [2026-03-03T01:02:18.852+0000] {dag.py:2726} INFO - Sync 1 DAGs
[2026-03-03T01:02:18.866+0000] {logging_mixin.py:149} INFO - [2026-03-03T01:02:18.866+0000] {dag.py:3490} INFO - Setting next_dagrun for tutorial_taskflow_api_virtualenv to None, run_after=None
[2026-03-03T01:02:18.877+0000] {processor.py:178} INFO - Processing /home/airflow/.local/lib/python3.7/site-packages/airflow/example_dags/tutorial_taskflow_api_virtualenv.py took 0.046 seconds
[2026-03-03T01:02:49.588+0000] {processor.py:156} INFO - Started process (PID=883) to work on /home/airflow/.local/lib/python3.7/site-packages/airflow/example_dags/tutorial_taskflow_api_virtualenv.py
[2026-03-03T01:02:49.589+0000] {processor.py:799} INFO - Processing file /home/airflow/.local/lib/python3.7/site-packages/airflow/example_dags/tutorial_taskflow_api_virtualenv.py for tasks to queue
[2026-03-03T01:02:49.590+0000] {logging_mixin.py:149} INFO - [2026-03-03T01:02:49.590+0000] {dagbag.py:541} INFO - Filling up the DagBag from /home/airflow/.local/lib/python3.7/site-packages/airflow/example_dags/tutorial_taskflow_api_virtualenv.py
[2026-03-03T01:02:49.595+0000] {processor.py:809} INFO - DAG(s) dict_keys(['tutorial_taskflow_api_virtualenv']) retrieved from /home/airflow/.local/lib/python3.7/site-packages/airflow/example_dags/tutorial_taskflow_api_virtualenv.py
[2026-03-03T01:02:49.609+0000] {logging_mixin.py:149} INFO - [2026-03-03T01:02:49.609+0000] {dag.py:2726} INFO - Sync 1 DAGs
[2026-03-03T01:02:49.622+0000] {logging_mixin.py:149} INFO - [2026-03-03T01:02:49.622+0000] {dag.py:3490} INFO - Setting next_dagrun for tutorial_taskflow_api_virtualenv to None, run_after=None
[2026-03-03T01:02:49.631+0000] {processor.py:178} INFO - Processing /home/airflow/.local/lib/python3.7/site-packages/airflow/example_dags/tutorial_taskflow_api_virtualenv.py took 0.045 seconds
[2026-03-03T01:03:20.360+0000] {processor.py:156} INFO - Started process (PID=945) to work on /home/airflow/.local/lib/python3.7/site-packages/airflow/example_dags/tutorial_taskflow_api_virtualenv.py
[2026-03-03T01:03:20.360+0000] {processor.py:799} INFO - Processing file /home/airflow/.local/lib/python3.7/site-packages/airflow/example_dags/tutorial_taskflow_api_virtualenv.py for tasks to queue
[2026-03-03T01:03:20.362+0000] {logging_mixin.py:149} INFO - [2026-03-03T01:03:20.362+0000] {dagbag.py:541} INFO - Filling up the DagBag from /home/airflow/.local/lib/python3.7/site-packages/airflow/example_dags/tutorial_taskflow_api_virtualenv.py
[2026-03-03T01:03:20.366+0000] {processor.py:809} INFO - DAG(s) dict_keys(['tutorial_taskflow_api_virtualenv']) retrieved from /home/airflow/.local/lib/python3.7/site-packages/airflow/example_dags/tutorial_taskflow_api_virtualenv.py
[2026-03-03T01:03:20.381+0000] {logging_mixin.py:149} INFO - [2026-03-03T01:03:20.381+0000] {dag.py:2726} INFO - Sync 1 DAGs
[2026-03-03T01:03:20.395+0000] {logging_mixin.py:149} INFO - [2026-03-03T01:03:20.395+0000] {dag.py:3490} INFO - Setting next_dagrun for tutorial_taskflow_api_virtualenv to None, run_after=None
[2026-03-03T01:03:20.403+0000] {processor.py:178} INFO - Processing /home/airflow/.local/lib/python3.7/site-packages/airflow/example_dags/tutorial_taskflow_api_virtualenv.py took 0.046 seconds
[2026-03-03T01:03:51.209+0000] {processor.py:156} INFO - Started process (PID=1007) to work on /home/airflow/.local/lib/python3.7/site-packages/airflow/example_dags/tutorial_taskflow_api_virtualenv.py
[2026-03-03T01:03:51.209+0000] {processor.py:799} INFO - Processing file /home/airflow/.local/lib/python3.7/site-packages/airflow/example_dags/tutorial_taskflow_api_virtualenv.py for tasks to queue
[2026-03-03T01:03:51.210+0000] {logging_mixin.py:149} INFO - [2026-03-03T01:03:51.210+0000] {dagbag.py:541} INFO - Filling up the DagBag from /home/airflow/.local/lib/python3.7/site-packages/airflow/example_dags/tutorial_taskflow_api_virtualenv.py
[2026-03-03T01:03:51.216+0000] {processor.py:809} INFO - DAG(s) dict_keys(['tutorial_taskflow_api_virtualenv']) retrieved from /home/airflow/.local/lib/python3.7/site-packages/airflow/example_dags/tutorial_taskflow_api_virtualenv.py
[2026-03-03T01:03:51.239+0000] {logging_mixin.py:149} INFO - [2026-03-03T01:03:51.239+0000] {dag.py:2726} INFO - Sync 1 DAGs
[2026-03-03T01:03:51.255+0000] {logging_mixin.py:149} INFO - [2026-03-03T01:03:51.255+0000] {dag.py:3490} INFO - Setting next_dagrun for tutorial_taskflow_api_virtualenv to None, run_after=None
[2026-03-03T01:03:51.268+0000] {processor.py:178} INFO - Processing /home/airflow/.local/lib/python3.7/site-packages/airflow/example_dags/tutorial_taskflow_api_virtualenv.py took 0.062 seconds
[2026-03-03T01:04:21.778+0000] {processor.py:156} INFO - Started process (PID=1069) to work on /home/airflow/.local/lib/python3.7/site-packages/airflow/example_dags/tutorial_taskflow_api_virtualenv.py
[2026-03-03T01:04:21.778+0000] {processor.py:799} INFO - Processing file /home/airflow/.local/lib/python3.7/site-packages/airflow/example_dags/tutorial_taskflow_api_virtualenv.py for tasks to queue
[2026-03-03T01:04:21.778+0000] {logging_mixin.py:149} INFO - [2026-03-03T01:04:21.778+0000] {dagbag.py:541} INFO - Filling up the DagBag from /home/airflow/.local/lib/python3.7/site-packages/airflow/example_dags/tutorial_taskflow_api_virtualenv.py
[2026-03-03T01:04:21.782+0000] {processor.py:809} INFO - DAG(s) dict_keys(['tutorial_taskflow_api_virtualenv']) retrieved from /home/airflow/.local/lib/python3.7/site-packages/airflow/example_dags/tutorial_taskflow_api_virtualenv.py
[2026-03-03T01:04:21.794+0000] {logging_mixin.py:149} INFO - [2026-03-03T01:04:21.794+0000] {dag.py:2726} INFO - Sync 1 DAGs
[2026-03-03T01:04:21.809+0000] {logging_mixin.py:149} INFO - [2026-03-03T01:04:21.809+0000] {dag.py:3490} INFO - Setting next_dagrun for tutorial_taskflow_api_virtualenv to None, run_after=None
[2026-03-03T01:04:21.817+0000] {processor.py:178} INFO - Processing /home/airflow/.local/lib/python3.7/site-packages/airflow/example_dags/tutorial_taskflow_api_virtualenv.py took 0.041 seconds
[2026-03-03T01:04:52.434+0000] {processor.py:156} INFO - Started process (PID=1131) to work on /home/airflow/.local/lib/python3.7/site-packages/airflow/example_dags/tutorial_taskflow_api_virtualenv.py
[2026-03-03T01:04:52.435+0000] {processor.py:799} INFO - Processing file /home/airflow/.local/lib/python3.7/site-packages/airflow/example_dags/tutorial_taskflow_api_virtualenv.py for tasks to queue
[2026-03-03T01:04:52.435+0000] {logging_mixin.py:149} INFO - [2026-03-03T01:04:52.435+0000] {dagbag.py:541} INFO - Filling up the DagBag from /home/airflow/.local/lib/python3.7/site-packages/airflow/example_dags/tutorial_taskflow_api_virtualenv.py
[2026-03-03T01:04:52.440+0000] {processor.py:809} INFO - DAG(s) dict_keys(['tutorial_taskflow_api_virtualenv']) retrieved from /home/airflow/.local/lib/python3.7/site-packages/airflow/example_dags/tutorial_taskflow_api_virtualenv.py
[2026-03-03T01:04:52.457+0000] {logging_mixin.py:149} INFO - [2026-03-03T01:04:52.456+0000] {dag.py:2726} INFO - Sync 1 DAGs
[2026-03-03T01:04:52.470+0000] {logging_mixin.py:149} INFO - [2026-03-03T01:04:52.470+0000] {dag.py:3490} INFO - Setting next_dagrun for tutorial_taskflow_api_virtualenv to None, run_after=None
[2026-03-03T01:04:52.478+0000] {processor.py:178} INFO - Processing /home/airflow/.local/lib/python3.7/site-packages/airflow/example_dags/tutorial_taskflow_api_virtualenv.py took 0.047 seconds
[2026-03-03T01:05:23.259+0000] {processor.py:156} INFO - Started process (PID=1193) to work on /home/airflow/.local/lib/python3.7/site-packages/airflow/example_dags/tutorial_taskflow_api_virtualenv.py
[2026-03-03T01:05:23.259+0000] {processor.py:799} INFO - Processing file /home/airflow/.local/lib/python3.7/site-packages/airflow/example_dags/tutorial_taskflow_api_virtualenv.py for tasks to queue
[2026-03-03T01:05:23.262+0000] {logging_mixin.py:149} INFO - [2026-03-03T01:05:23.262+0000] {dagbag.py:541} INFO - Filling up the DagBag from /home/airflow/.local/lib/python3.7/site-packages/airflow/example_dags/tutorial_taskflow_api_virtualenv.py
[2026-03-03T01:05:23.266+0000] {processor.py:809} INFO - DAG(s) dict_keys(['tutorial_taskflow_api_virtualenv']) retrieved from /home/airflow/.local/lib/python3.7/site-packages/airflow/example_dags/tutorial_taskflow_api_virtualenv.py
[2026-03-03T01:05:23.280+0000] {logging_mixin.py:149} INFO - [2026-03-03T01:05:23.280+0000] {dag.py:2726} INFO - Sync 1 DAGs
[2026-03-03T01:05:23.294+0000] {logging_mixin.py:149} INFO - [2026-03-03T01:05:23.294+0000] {dag.py:3490} INFO - Setting next_dagrun for tutorial_taskflow_api_virtualenv to None, run_after=None
[2026-03-03T01:05:23.303+0000] {processor.py:178} INFO - Processing /home/airflow/.local/lib/python3.7/site-packages/airflow/example_dags/tutorial_taskflow_api_virtualenv.py took 0.047 seconds
[2026-03-03T01:05:53.897+0000] {processor.py:156} INFO - Started process (PID=1255) to work on /home/airflow/.local/lib/python3.7/site-packages/airflow/example_dags/tutorial_taskflow_api_virtualenv.py
[2026-03-03T01:05:53.897+0000] {processor.py:799} INFO - Processing file /home/airflow/.local/lib/python3.7/site-packages/airflow/example_dags/tutorial_taskflow_api_virtualenv.py for tasks to queue
[2026-03-03T01:05:53.898+0000] {logging_mixin.py:149} INFO - [2026-03-03T01:05:53.897+0000] {dagbag.py:541} INFO - Filling up the DagBag from /home/airflow/.local/lib/python3.7/site-packages/airflow/example_dags/tutorial_taskflow_api_virtualenv.py
[2026-03-03T01:05:53.901+0000] {processor.py:809} INFO - DAG(s) dict_keys(['tutorial_taskflow_api_virtualenv']) retrieved from /home/airflow/.local/lib/python3.7/site-packages/airflow/example_dags/tutorial_taskflow_api_virtualenv.py
[2026-03-03T01:05:53.912+0000] {logging_mixin.py:149} INFO - [2026-03-03T01:05:53.912+0000] {dag.py:2726} INFO - Sync 1 DAGs
[2026-03-03T01:05:53.922+0000] {logging_mixin.py:149} INFO - [2026-03-03T01:05:53.922+0000] {dag.py:3490} INFO - Setting next_dagrun for tutorial_taskflow_api_virtualenv to None, run_after=None
[2026-03-03T01:05:53.932+0000] {processor.py:178} INFO - Processing /home/airflow/.local/lib/python3.7/site-packages/airflow/example_dags/tutorial_taskflow_api_virtualenv.py took 0.037 seconds
[2026-03-03T01:06:24.382+0000] {processor.py:156} INFO - Started process (PID=1317) to work on /home/airflow/.local/lib/python3.7/site-packages/airflow/example_dags/tutorial_taskflow_api_virtualenv.py
[2026-03-03T01:06:24.383+0000] {processor.py:799} INFO - Processing file /home/airflow/.local/lib/python3.7/site-packages/airflow/example_dags/tutorial_taskflow_api_virtualenv.py for tasks to queue
[2026-03-03T01:06:24.383+0000] {logging_mixin.py:149} INFO - [2026-03-03T01:06:24.383+0000] {dagbag.py:541} INFO - Filling up the DagBag from /home/airflow/.local/lib/python3.7/site-packages/airflow/example_dags/tutorial_taskflow_api_virtualenv.py
[2026-03-03T01:06:24.386+0000] {processor.py:809} INFO - DAG(s) dict_keys(['tutorial_taskflow_api_virtualenv']) retrieved from /home/airflow/.local/lib/python3.7/site-packages/airflow/example_dags/tutorial_taskflow_api_virtualenv.py
[2026-03-03T01:06:24.399+0000] {logging_mixin.py:149} INFO - [2026-03-03T01:06:24.399+0000] {dag.py:2726} INFO - Sync 1 DAGs
[2026-03-03T01:06:24.413+0000] {logging_mixin.py:149} INFO - [2026-03-03T01:06:24.412+0000] {dag.py:3490} INFO - Setting next_dagrun for tutorial_taskflow_api_virtualenv to None, run_after=None
[2026-03-03T01:06:24.420+0000] {processor.py:178} INFO - Processing /home/airflow/.local/lib/python3.7/site-packages/airflow/example_dags/tutorial_taskflow_api_virtualenv.py took 0.040 seconds
[2026-03-03T01:07:10.267+0000] {processor.py:156} INFO - Started process (PID=69) to work on /home/airflow/.local/lib/python3.7/site-packages/airflow/example_dags/tutorial_taskflow_api_virtualenv.py
[2026-03-03T01:07:10.268+0000] {processor.py:799} INFO - Processing file /home/airflow/.local/lib/python3.7/site-packages/airflow/example_dags/tutorial_taskflow_api_virtualenv.py for tasks to queue
[2026-03-03T01:07:10.268+0000] {logging_mixin.py:149} INFO - [2026-03-03T01:07:10.268+0000] {dagbag.py:541} INFO - Filling up the DagBag from /home/airflow/.local/lib/python3.7/site-packages/airflow/example_dags/tutorial_taskflow_api_virtualenv.py
[2026-03-03T01:07:10.275+0000] {processor.py:809} INFO - DAG(s) dict_keys(['tutorial_taskflow_api_virtualenv']) retrieved from /home/airflow/.local/lib/python3.7/site-packages/airflow/example_dags/tutorial_taskflow_api_virtualenv.py
[2026-03-03T01:07:10.283+0000] {logging_mixin.py:149} INFO - [2026-03-03T01:07:10.283+0000] {dag.py:2726} INFO - Sync 1 DAGs
[2026-03-03T01:07:10.299+0000] {logging_mixin.py:149} INFO - [2026-03-03T01:07:10.299+0000] {dag.py:3490} INFO - Setting next_dagrun for tutorial_taskflow_api_virtualenv to None, run_after=None
[2026-03-03T01:07:10.314+0000] {processor.py:178} INFO - Processing /home/airflow/.local/lib/python3.7/site-packages/airflow/example_dags/tutorial_taskflow_api_virtualenv.py took 0.049 seconds
[2026-03-03T01:07:41.526+0000] {processor.py:156} INFO - Started process (PID=138) to work on /home/airflow/.local/lib/python3.7/site-packages/airflow/example_dags/tutorial_taskflow_api_virtualenv.py
[2026-03-03T01:07:41.526+0000] {processor.py:799} INFO - Processing file /home/airflow/.local/lib/python3.7/site-packages/airflow/example_dags/tutorial_taskflow_api_virtualenv.py for tasks to queue
[2026-03-03T01:07:41.527+0000] {logging_mixin.py:149} INFO - [2026-03-03T01:07:41.527+0000] {dagbag.py:541} INFO - Filling up the DagBag from /home/airflow/.local/lib/python3.7/site-packages/airflow/example_dags/tutorial_taskflow_api_virtualenv.py
[2026-03-03T01:07:41.531+0000] {processor.py:809} INFO - DAG(s) dict_keys(['tutorial_taskflow_api_virtualenv']) retrieved from /home/airflow/.local/lib/python3.7/site-packages/airflow/example_dags/tutorial_taskflow_api_virtualenv.py
[2026-03-03T01:07:41.543+0000] {logging_mixin.py:149} INFO - [2026-03-03T01:07:41.543+0000] {dag.py:2726} INFO - Sync 1 DAGs
[2026-03-03T01:07:41.554+0000] {logging_mixin.py:149} INFO - [2026-03-03T01:07:41.554+0000] {dag.py:3490} INFO - Setting next_dagrun for tutorial_taskflow_api_virtualenv to None, run_after=None
[2026-03-03T01:07:41.565+0000] {processor.py:178} INFO - Processing /home/airflow/.local/lib/python3.7/site-packages/airflow/example_dags/tutorial_taskflow_api_virtualenv.py took 0.041 seconds
[2026-03-03T01:08:21.271+0000] {processor.py:156} INFO - Started process (PID=200) to work on /home/airflow/.local/lib/python3.7/site-packages/airflow/example_dags/tutorial_taskflow_api_virtualenv.py
[2026-03-03T01:08:21.275+0000] {processor.py:799} INFO - Processing file /home/airflow/.local/lib/python3.7/site-packages/airflow/example_dags/tutorial_taskflow_api_virtualenv.py for tasks to queue
[2026-03-03T01:08:21.280+0000] {logging_mixin.py:149} INFO - [2026-03-03T01:08:21.279+0000] {dagbag.py:541} INFO - Filling up the DagBag from /home/airflow/.local/lib/python3.7/site-packages/airflow/example_dags/tutorial_taskflow_api_virtualenv.py
[2026-03-03T01:08:21.295+0000] {processor.py:809} INFO - DAG(s) dict_keys(['tutorial_taskflow_api_virtualenv']) retrieved from /home/airflow/.local/lib/python3.7/site-packages/airflow/example_dags/tutorial_taskflow_api_virtualenv.py
[2026-03-03T01:08:21.658+0000] {logging_mixin.py:149} INFO - [2026-03-03T01:08:21.658+0000] {dag.py:2726} INFO - Sync 1 DAGs
[2026-03-03T01:08:21.723+0000] {logging_mixin.py:149} INFO - [2026-03-03T01:08:21.723+0000] {dag.py:3490} INFO - Setting next_dagrun for tutorial_taskflow_api_virtualenv to None, run_after=None
[2026-03-03T01:08:21.778+0000] {processor.py:178} INFO - Processing /home/airflow/.local/lib/python3.7/site-packages/airflow/example_dags/tutorial_taskflow_api_virtualenv.py took 0.514 seconds
[2026-03-03T01:08:52.673+0000] {processor.py:156} INFO - Started process (PID=262) to work on /home/airflow/.local/lib/python3.7/site-packages/airflow/example_dags/tutorial_taskflow_api_virtualenv.py
[2026-03-03T01:08:52.677+0000] {processor.py:799} INFO - Processing file /home/airflow/.local/lib/python3.7/site-packages/airflow/example_dags/tutorial_taskflow_api_virtualenv.py for tasks to queue
[2026-03-03T01:08:52.677+0000] {logging_mixin.py:149} INFO - [2026-03-03T01:08:52.677+0000] {dagbag.py:541} INFO - Filling up the DagBag from /home/airflow/.local/lib/python3.7/site-packages/airflow/example_dags/tutorial_taskflow_api_virtualenv.py
[2026-03-03T01:08:52.680+0000] {processor.py:809} INFO - DAG(s) dict_keys(['tutorial_taskflow_api_virtualenv']) retrieved from /home/airflow/.local/lib/python3.7/site-packages/airflow/example_dags/tutorial_taskflow_api_virtualenv.py
[2026-03-03T01:08:52.701+0000] {logging_mixin.py:149} INFO - [2026-03-03T01:08:52.701+0000] {dag.py:2726} INFO - Sync 1 DAGs
[2026-03-03T01:08:52.717+0000] {logging_mixin.py:149} INFO - [2026-03-03T01:08:52.717+0000] {dag.py:3490} INFO - Setting next_dagrun for tutorial_taskflow_api_virtualenv to None, run_after=None
[2026-03-03T01:08:52.732+0000] {processor.py:178} INFO - Processing /home/airflow/.local/lib/python3.7/site-packages/airflow/example_dags/tutorial_taskflow_api_virtualenv.py took 0.061 seconds
[2026-03-03T01:09:23.678+0000] {processor.py:156} INFO - Started process (PID=324) to work on /home/airflow/.local/lib/python3.7/site-packages/airflow/example_dags/tutorial_taskflow_api_virtualenv.py
[2026-03-03T01:09:23.679+0000] {processor.py:799} INFO - Processing file /home/airflow/.local/lib/python3.7/site-packages/airflow/example_dags/tutorial_taskflow_api_virtualenv.py for tasks to queue
[2026-03-03T01:09:23.682+0000] {logging_mixin.py:149} INFO - [2026-03-03T01:09:23.682+0000] {dagbag.py:541} INFO - Filling up the DagBag from /home/airflow/.local/lib/python3.7/site-packages/airflow/example_dags/tutorial_taskflow_api_virtualenv.py
[2026-03-03T01:09:23.690+0000] {processor.py:809} INFO - DAG(s) dict_keys(['tutorial_taskflow_api_virtualenv']) retrieved from /home/airflow/.local/lib/python3.7/site-packages/airflow/example_dags/tutorial_taskflow_api_virtualenv.py
[2026-03-03T01:09:23.716+0000] {logging_mixin.py:149} INFO - [2026-03-03T01:09:23.716+0000] {dag.py:2726} INFO - Sync 1 DAGs
[2026-03-03T01:09:23.736+0000] {logging_mixin.py:149} INFO - [2026-03-03T01:09:23.736+0000] {dag.py:3490} INFO - Setting next_dagrun for tutorial_taskflow_api_virtualenv to None, run_after=None
[2026-03-03T01:09:23.754+0000] {processor.py:178} INFO - Processing /home/airflow/.local/lib/python3.7/site-packages/airflow/example_dags/tutorial_taskflow_api_virtualenv.py took 0.079 seconds
[2026-03-03T01:09:54.183+0000] {processor.py:156} INFO - Started process (PID=386) to work on /home/airflow/.local/lib/python3.7/site-packages/airflow/example_dags/tutorial_taskflow_api_virtualenv.py
[2026-03-03T01:09:54.185+0000] {processor.py:799} INFO - Processing file /home/airflow/.local/lib/python3.7/site-packages/airflow/example_dags/tutorial_taskflow_api_virtualenv.py for tasks to queue
[2026-03-03T01:09:54.187+0000] {logging_mixin.py:149} INFO - [2026-03-03T01:09:54.187+0000] {dagbag.py:541} INFO - Filling up the DagBag from /home/airflow/.local/lib/python3.7/site-packages/airflow/example_dags/tutorial_taskflow_api_virtualenv.py
[2026-03-03T01:09:54.192+0000] {processor.py:809} INFO - DAG(s) dict_keys(['tutorial_taskflow_api_virtualenv']) retrieved from /home/airflow/.local/lib/python3.7/site-packages/airflow/example_dags/tutorial_taskflow_api_virtualenv.py
[2026-03-03T01:09:54.213+0000] {logging_mixin.py:149} INFO - [2026-03-03T01:09:54.213+0000] {dag.py:2726} INFO - Sync 1 DAGs
[2026-03-03T01:09:54.228+0000] {logging_mixin.py:149} INFO - [2026-03-03T01:09:54.228+0000] {dag.py:3490} INFO - Setting next_dagrun for tutorial_taskflow_api_virtualenv to None, run_after=None
[2026-03-03T01:09:54.243+0000] {processor.py:178} INFO - Processing /home/airflow/.local/lib/python3.7/site-packages/airflow/example_dags/tutorial_taskflow_api_virtualenv.py took 0.064 seconds
[2026-03-03T01:10:25.111+0000] {processor.py:156} INFO - Started process (PID=448) to work on /home/airflow/.local/lib/python3.7/site-packages/airflow/example_dags/tutorial_taskflow_api_virtualenv.py
[2026-03-03T01:10:25.113+0000] {processor.py:799} INFO - Processing file /home/airflow/.local/lib/python3.7/site-packages/airflow/example_dags/tutorial_taskflow_api_virtualenv.py for tasks to queue
[2026-03-03T01:10:25.115+0000] {logging_mixin.py:149} INFO - [2026-03-03T01:10:25.115+0000] {dagbag.py:541} INFO - Filling up the DagBag from /home/airflow/.local/lib/python3.7/site-packages/airflow/example_dags/tutorial_taskflow_api_virtualenv.py
[2026-03-03T01:10:25.120+0000] {processor.py:809} INFO - DAG(s) dict_keys(['tutorial_taskflow_api_virtualenv']) retrieved from /home/airflow/.local/lib/python3.7/site-packages/airflow/example_dags/tutorial_taskflow_api_virtualenv.py
[2026-03-03T01:10:25.139+0000] {logging_mixin.py:149} INFO - [2026-03-03T01:10:25.139+0000] {dag.py:2726} INFO - Sync 1 DAGs
[2026-03-03T01:10:25.152+0000] {logging_mixin.py:149} INFO - [2026-03-03T01:10:25.152+0000] {dag.py:3490} INFO - Setting next_dagrun for tutorial_taskflow_api_virtualenv to None, run_after=None
[2026-03-03T01:10:25.168+0000] {processor.py:178} INFO - Processing /home/airflow/.local/lib/python3.7/site-packages/airflow/example_dags/tutorial_taskflow_api_virtualenv.py took 0.059 seconds
[2026-03-03T01:10:55.519+0000] {processor.py:156} INFO - Started process (PID=510) to work on /home/airflow/.local/lib/python3.7/site-packages/airflow/example_dags/tutorial_taskflow_api_virtualenv.py
[2026-03-03T01:10:55.519+0000] {processor.py:799} INFO - Processing file /home/airflow/.local/lib/python3.7/site-packages/airflow/example_dags/tutorial_taskflow_api_virtualenv.py for tasks to queue
[2026-03-03T01:10:55.520+0000] {logging_mixin.py:149} INFO - [2026-03-03T01:10:55.520+0000] {dagbag.py:541} INFO - Filling up the DagBag from /home/airflow/.local/lib/python3.7/site-packages/airflow/example_dags/tutorial_taskflow_api_virtualenv.py
[2026-03-03T01:10:55.524+0000] {processor.py:809} INFO - DAG(s) dict_keys(['tutorial_taskflow_api_virtualenv']) retrieved from /home/airflow/.local/lib/python3.7/site-packages/airflow/example_dags/tutorial_taskflow_api_virtualenv.py
[2026-03-03T01:10:55.543+0000] {logging_mixin.py:149} INFO - [2026-03-03T01:10:55.543+0000] {dag.py:2726} INFO - Sync 1 DAGs
[2026-03-03T01:10:55.561+0000] {logging_mixin.py:149} INFO - [2026-03-03T01:10:55.561+0000] {dag.py:3490} INFO - Setting next_dagrun for tutorial_taskflow_api_virtualenv to None, run_after=None
[2026-03-03T01:10:55.576+0000] {processor.py:178} INFO - Processing /home/airflow/.local/lib/python3.7/site-packages/airflow/example_dags/tutorial_taskflow_api_virtualenv.py took 0.059 seconds
[2026-03-03T01:11:26.501+0000] {processor.py:156} INFO - Started process (PID=572) to work on /home/airflow/.local/lib/python3.7/site-packages/airflow/example_dags/tutorial_taskflow_api_virtualenv.py
[2026-03-03T01:11:26.504+0000] {processor.py:799} INFO - Processing file /home/airflow/.local/lib/python3.7/site-packages/airflow/example_dags/tutorial_taskflow_api_virtualenv.py for tasks to queue
[2026-03-03T01:11:26.505+0000] {logging_mixin.py:149} INFO - [2026-03-03T01:11:26.505+0000] {dagbag.py:541} INFO - Filling up the DagBag from /home/airflow/.local/lib/python3.7/site-packages/airflow/example_dags/tutorial_taskflow_api_virtualenv.py
[2026-03-03T01:11:26.508+0000] {processor.py:809} INFO - DAG(s) dict_keys(['tutorial_taskflow_api_virtualenv']) retrieved from /home/airflow/.local/lib/python3.7/site-packages/airflow/example_dags/tutorial_taskflow_api_virtualenv.py
[2026-03-03T01:11:26.526+0000] {logging_mixin.py:149} INFO - [2026-03-03T01:11:26.526+0000] {dag.py:2726} INFO - Sync 1 DAGs
[2026-03-03T01:11:26.545+0000] {logging_mixin.py:149} INFO - [2026-03-03T01:11:26.545+0000] {dag.py:3490} INFO - Setting next_dagrun for tutorial_taskflow_api_virtualenv to None, run_after=None
[2026-03-03T01:11:26.561+0000] {processor.py:178} INFO - Processing /home/airflow/.local/lib/python3.7/site-packages/airflow/example_dags/tutorial_taskflow_api_virtualenv.py took 0.062 seconds
[2026-03-03T01:11:57.003+0000] {processor.py:156} INFO - Started process (PID=634) to work on /home/airflow/.local/lib/python3.7/site-packages/airflow/example_dags/tutorial_taskflow_api_virtualenv.py
[2026-03-03T01:11:57.005+0000] {processor.py:799} INFO - Processing file /home/airflow/.local/lib/python3.7/site-packages/airflow/example_dags/tutorial_taskflow_api_virtualenv.py for tasks to queue
[2026-03-03T01:11:57.008+0000] {logging_mixin.py:149} INFO - [2026-03-03T01:11:57.007+0000] {dagbag.py:541} INFO - Filling up the DagBag from /home/airflow/.local/lib/python3.7/site-packages/airflow/example_dags/tutorial_taskflow_api_virtualenv.py
[2026-03-03T01:11:57.025+0000] {processor.py:809} INFO - DAG(s) dict_keys(['tutorial_taskflow_api_virtualenv']) retrieved from /home/airflow/.local/lib/python3.7/site-packages/airflow/example_dags/tutorial_taskflow_api_virtualenv.py
[2026-03-03T01:11:57.088+0000] {logging_mixin.py:149} INFO - [2026-03-03T01:11:57.087+0000] {dag.py:2726} INFO - Sync 1 DAGs
[2026-03-03T01:11:57.156+0000] {logging_mixin.py:149} INFO - [2026-03-03T01:11:57.156+0000] {dag.py:3490} INFO - Setting next_dagrun for tutorial_taskflow_api_virtualenv to None, run_after=None
[2026-03-03T01:11:57.228+0000] {processor.py:178} INFO - Processing /home/airflow/.local/lib/python3.7/site-packages/airflow/example_dags/tutorial_taskflow_api_virtualenv.py took 0.230 seconds
[2026-03-03T01:12:27.745+0000] {processor.py:156} INFO - Started process (PID=696) to work on /home/airflow/.local/lib/python3.7/site-packages/airflow/example_dags/tutorial_taskflow_api_virtualenv.py
[2026-03-03T01:12:27.748+0000] {processor.py:799} INFO - Processing file /home/airflow/.local/lib/python3.7/site-packages/airflow/example_dags/tutorial_taskflow_api_virtualenv.py for tasks to queue
[2026-03-03T01:12:27.751+0000] {logging_mixin.py:149} INFO - [2026-03-03T01:12:27.751+0000] {dagbag.py:541} INFO - Filling up the DagBag from /home/airflow/.local/lib/python3.7/site-packages/airflow/example_dags/tutorial_taskflow_api_virtualenv.py
[2026-03-03T01:12:27.763+0000] {processor.py:809} INFO - DAG(s) dict_keys(['tutorial_taskflow_api_virtualenv']) retrieved from /home/airflow/.local/lib/python3.7/site-packages/airflow/example_dags/tutorial_taskflow_api_virtualenv.py
[2026-03-03T01:12:27.812+0000] {logging_mixin.py:149} INFO - [2026-03-03T01:12:27.811+0000] {dag.py:2726} INFO - Sync 1 DAGs
[2026-03-03T01:12:27.869+0000] {logging_mixin.py:149} INFO - [2026-03-03T01:12:27.868+0000] {dag.py:3490} INFO - Setting next_dagrun for tutorial_taskflow_api_virtualenv to None, run_after=None
[2026-03-03T01:12:27.915+0000] {processor.py:178} INFO - Processing /home/airflow/.local/lib/python3.7/site-packages/airflow/example_dags/tutorial_taskflow_api_virtualenv.py took 0.176 seconds
[2026-03-03T01:12:58.483+0000] {processor.py:156} INFO - Started process (PID=758) to work on /home/airflow/.local/lib/python3.7/site-packages/airflow/example_dags/tutorial_taskflow_api_virtualenv.py
[2026-03-03T01:12:58.484+0000] {processor.py:799} INFO - Processing file /home/airflow/.local/lib/python3.7/site-packages/airflow/example_dags/tutorial_taskflow_api_virtualenv.py for tasks to queue
[2026-03-03T01:12:58.484+0000] {logging_mixin.py:149} INFO - [2026-03-03T01:12:58.484+0000] {dagbag.py:541} INFO - Filling up the DagBag from /home/airflow/.local/lib/python3.7/site-packages/airflow/example_dags/tutorial_taskflow_api_virtualenv.py
[2026-03-03T01:12:58.488+0000] {processor.py:809} INFO - DAG(s) dict_keys(['tutorial_taskflow_api_virtualenv']) retrieved from /home/airflow/.local/lib/python3.7/site-packages/airflow/example_dags/tutorial_taskflow_api_virtualenv.py
[2026-03-03T01:12:58.501+0000] {logging_mixin.py:149} INFO - [2026-03-03T01:12:58.501+0000] {dag.py:2726} INFO - Sync 1 DAGs
[2026-03-03T01:12:58.514+0000] {logging_mixin.py:149} INFO - [2026-03-03T01:12:58.513+0000] {dag.py:3490} INFO - Setting next_dagrun for tutorial_taskflow_api_virtualenv to None, run_after=None
[2026-03-03T01:12:58.522+0000] {processor.py:178} INFO - Processing /home/airflow/.local/lib/python3.7/site-packages/airflow/example_dags/tutorial_taskflow_api_virtualenv.py took 0.041 seconds
[2026-03-03T01:13:28.974+0000] {processor.py:156} INFO - Started process (PID=820) to work on /home/airflow/.local/lib/python3.7/site-packages/airflow/example_dags/tutorial_taskflow_api_virtualenv.py
[2026-03-03T01:13:28.975+0000] {processor.py:799} INFO - Processing file /home/airflow/.local/lib/python3.7/site-packages/airflow/example_dags/tutorial_taskflow_api_virtualenv.py for tasks to queue
[2026-03-03T01:13:28.975+0000] {logging_mixin.py:149} INFO - [2026-03-03T01:13:28.975+0000] {dagbag.py:541} INFO - Filling up the DagBag from /home/airflow/.local/lib/python3.7/site-packages/airflow/example_dags/tutorial_taskflow_api_virtualenv.py
[2026-03-03T01:13:28.980+0000] {processor.py:809} INFO - DAG(s) dict_keys(['tutorial_taskflow_api_virtualenv']) retrieved from /home/airflow/.local/lib/python3.7/site-packages/airflow/example_dags/tutorial_taskflow_api_virtualenv.py
[2026-03-03T01:13:28.996+0000] {logging_mixin.py:149} INFO - [2026-03-03T01:13:28.996+0000] {dag.py:2726} INFO - Sync 1 DAGs
[2026-03-03T01:13:29.010+0000] {logging_mixin.py:149} INFO - [2026-03-03T01:13:29.010+0000] {dag.py:3490} INFO - Setting next_dagrun for tutorial_taskflow_api_virtualenv to None, run_after=None
[2026-03-03T01:13:29.021+0000] {processor.py:178} INFO - Processing /home/airflow/.local/lib/python3.7/site-packages/airflow/example_dags/tutorial_taskflow_api_virtualenv.py took 0.049 seconds
[2026-03-03T01:13:59.677+0000] {processor.py:156} INFO - Started process (PID=882) to work on /home/airflow/.local/lib/python3.7/site-packages/airflow/example_dags/tutorial_taskflow_api_virtualenv.py
[2026-03-03T01:13:59.677+0000] {processor.py:799} INFO - Processing file /home/airflow/.local/lib/python3.7/site-packages/airflow/example_dags/tutorial_taskflow_api_virtualenv.py for tasks to queue
[2026-03-03T01:13:59.678+0000] {logging_mixin.py:149} INFO - [2026-03-03T01:13:59.678+0000] {dagbag.py:541} INFO - Filling up the DagBag from /home/airflow/.local/lib/python3.7/site-packages/airflow/example_dags/tutorial_taskflow_api_virtualenv.py
[2026-03-03T01:13:59.684+0000] {processor.py:809} INFO - DAG(s) dict_keys(['tutorial_taskflow_api_virtualenv']) retrieved from /home/airflow/.local/lib/python3.7/site-packages/airflow/example_dags/tutorial_taskflow_api_virtualenv.py
[2026-03-03T01:13:59.704+0000] {logging_mixin.py:149} INFO - [2026-03-03T01:13:59.704+0000] {dag.py:2726} INFO - Sync 1 DAGs
[2026-03-03T01:13:59.723+0000] {logging_mixin.py:149} INFO - [2026-03-03T01:13:59.723+0000] {dag.py:3490} INFO - Setting next_dagrun for tutorial_taskflow_api_virtualenv to None, run_after=None
[2026-03-03T01:13:59.737+0000] {processor.py:178} INFO - Processing /home/airflow/.local/lib/python3.7/site-packages/airflow/example_dags/tutorial_taskflow_api_virtualenv.py took 0.062 seconds
[2026-03-03T01:14:30.429+0000] {processor.py:156} INFO - Started process (PID=944) to work on /home/airflow/.local/lib/python3.7/site-packages/airflow/example_dags/tutorial_taskflow_api_virtualenv.py
[2026-03-03T01:14:30.430+0000] {processor.py:799} INFO - Processing file /home/airflow/.local/lib/python3.7/site-packages/airflow/example_dags/tutorial_taskflow_api_virtualenv.py for tasks to queue
[2026-03-03T01:14:30.430+0000] {logging_mixin.py:149} INFO - [2026-03-03T01:14:30.430+0000] {dagbag.py:541} INFO - Filling up the DagBag from /home/airflow/.local/lib/python3.7/site-packages/airflow/example_dags/tutorial_taskflow_api_virtualenv.py
[2026-03-03T01:14:30.436+0000] {processor.py:809} INFO - DAG(s) dict_keys(['tutorial_taskflow_api_virtualenv']) retrieved from /home/airflow/.local/lib/python3.7/site-packages/airflow/example_dags/tutorial_taskflow_api_virtualenv.py
[2026-03-03T01:14:30.451+0000] {logging_mixin.py:149} INFO - [2026-03-03T01:14:30.451+0000] {dag.py:2726} INFO - Sync 1 DAGs
[2026-03-03T01:14:30.464+0000] {logging_mixin.py:149} INFO - [2026-03-03T01:14:30.464+0000] {dag.py:3490} INFO - Setting next_dagrun for tutorial_taskflow_api_virtualenv to None, run_after=None
[2026-03-03T01:14:30.475+0000] {processor.py:178} INFO - Processing /home/airflow/.local/lib/python3.7/site-packages/airflow/example_dags/tutorial_taskflow_api_virtualenv.py took 0.049 seconds
[2026-03-03T01:15:00.518+0000] {processor.py:156} INFO - Started process (PID=1005) to work on /home/airflow/.local/lib/python3.7/site-packages/airflow/example_dags/tutorial_taskflow_api_virtualenv.py
[2026-03-03T01:15:00.521+0000] {processor.py:799} INFO - Processing file /home/airflow/.local/lib/python3.7/site-packages/airflow/example_dags/tutorial_taskflow_api_virtualenv.py for tasks to queue
[2026-03-03T01:15:00.524+0000] {logging_mixin.py:149} INFO - [2026-03-03T01:15:00.524+0000] {dagbag.py:541} INFO - Filling up the DagBag from /home/airflow/.local/lib/python3.7/site-packages/airflow/example_dags/tutorial_taskflow_api_virtualenv.py
[2026-03-03T01:15:00.544+0000] {processor.py:809} INFO - DAG(s) dict_keys(['tutorial_taskflow_api_virtualenv']) retrieved from /home/airflow/.local/lib/python3.7/site-packages/airflow/example_dags/tutorial_taskflow_api_virtualenv.py
[2026-03-03T01:15:00.621+0000] {logging_mixin.py:149} INFO - [2026-03-03T01:15:00.620+0000] {dag.py:2726} INFO - Sync 1 DAGs
[2026-03-03T01:15:00.715+0000] {logging_mixin.py:149} INFO - [2026-03-03T01:15:00.713+0000] {dag.py:3490} INFO - Setting next_dagrun for tutorial_taskflow_api_virtualenv to None, run_after=None
[2026-03-03T01:15:00.777+0000] {processor.py:178} INFO - Processing /home/airflow/.local/lib/python3.7/site-packages/airflow/example_dags/tutorial_taskflow_api_virtualenv.py took 0.268 seconds
[2026-03-03T01:15:30.829+0000] {processor.py:156} INFO - Started process (PID=1067) to work on /home/airflow/.local/lib/python3.7/site-packages/airflow/example_dags/tutorial_taskflow_api_virtualenv.py
[2026-03-03T01:15:30.830+0000] {processor.py:799} INFO - Processing file /home/airflow/.local/lib/python3.7/site-packages/airflow/example_dags/tutorial_taskflow_api_virtualenv.py for tasks to queue
[2026-03-03T01:15:30.830+0000] {logging_mixin.py:149} INFO - [2026-03-03T01:15:30.830+0000] {dagbag.py:541} INFO - Filling up the DagBag from /home/airflow/.local/lib/python3.7/site-packages/airflow/example_dags/tutorial_taskflow_api_virtualenv.py
[2026-03-03T01:15:30.834+0000] {processor.py:809} INFO - DAG(s) dict_keys(['tutorial_taskflow_api_virtualenv']) retrieved from /home/airflow/.local/lib/python3.7/site-packages/airflow/example_dags/tutorial_taskflow_api_virtualenv.py
[2026-03-03T01:15:30.847+0000] {logging_mixin.py:149} INFO - [2026-03-03T01:15:30.847+0000] {dag.py:2726} INFO - Sync 1 DAGs
[2026-03-03T01:15:30.860+0000] {logging_mixin.py:149} INFO - [2026-03-03T01:15:30.860+0000] {dag.py:3490} INFO - Setting next_dagrun for tutorial_taskflow_api_virtualenv to None, run_after=None
[2026-03-03T01:15:30.868+0000] {processor.py:178} INFO - Processing /home/airflow/.local/lib/python3.7/site-packages/airflow/example_dags/tutorial_taskflow_api_virtualenv.py took 0.041 seconds
[2026-03-03T01:16:01.621+0000] {processor.py:156} INFO - Started process (PID=1128) to work on /home/airflow/.local/lib/python3.7/site-packages/airflow/example_dags/tutorial_taskflow_api_virtualenv.py
[2026-03-03T01:16:01.622+0000] {processor.py:799} INFO - Processing file /home/airflow/.local/lib/python3.7/site-packages/airflow/example_dags/tutorial_taskflow_api_virtualenv.py for tasks to queue
[2026-03-03T01:16:01.622+0000] {logging_mixin.py:149} INFO - [2026-03-03T01:16:01.622+0000] {dagbag.py:541} INFO - Filling up the DagBag from /home/airflow/.local/lib/python3.7/site-packages/airflow/example_dags/tutorial_taskflow_api_virtualenv.py
[2026-03-03T01:16:01.626+0000] {processor.py:809} INFO - DAG(s) dict_keys(['tutorial_taskflow_api_virtualenv']) retrieved from /home/airflow/.local/lib/python3.7/site-packages/airflow/example_dags/tutorial_taskflow_api_virtualenv.py
[2026-03-03T01:16:01.642+0000] {logging_mixin.py:149} INFO - [2026-03-03T01:16:01.642+0000] {dag.py:2726} INFO - Sync 1 DAGs
[2026-03-03T01:16:01.656+0000] {logging_mixin.py:149} INFO - [2026-03-03T01:16:01.655+0000] {dag.py:3490} INFO - Setting next_dagrun for tutorial_taskflow_api_virtualenv to None, run_after=None
[2026-03-03T01:16:01.665+0000] {processor.py:178} INFO - Processing /home/airflow/.local/lib/python3.7/site-packages/airflow/example_dags/tutorial_taskflow_api_virtualenv.py took 0.046 seconds
[2026-03-03T01:16:32.675+0000] {processor.py:156} INFO - Started process (PID=1190) to work on /home/airflow/.local/lib/python3.7/site-packages/airflow/example_dags/tutorial_taskflow_api_virtualenv.py
[2026-03-03T01:16:32.678+0000] {processor.py:799} INFO - Processing file /home/airflow/.local/lib/python3.7/site-packages/airflow/example_dags/tutorial_taskflow_api_virtualenv.py for tasks to queue
[2026-03-03T01:16:32.679+0000] {logging_mixin.py:149} INFO - [2026-03-03T01:16:32.679+0000] {dagbag.py:541} INFO - Filling up the DagBag from /home/airflow/.local/lib/python3.7/site-packages/airflow/example_dags/tutorial_taskflow_api_virtualenv.py
[2026-03-03T01:16:32.695+0000] {processor.py:809} INFO - DAG(s) dict_keys(['tutorial_taskflow_api_virtualenv']) retrieved from /home/airflow/.local/lib/python3.7/site-packages/airflow/example_dags/tutorial_taskflow_api_virtualenv.py
[2026-03-03T01:16:32.753+0000] {logging_mixin.py:149} INFO - [2026-03-03T01:16:32.752+0000] {dag.py:2726} INFO - Sync 1 DAGs
[2026-03-03T01:16:32.819+0000] {logging_mixin.py:149} INFO - [2026-03-03T01:16:32.818+0000] {dag.py:3490} INFO - Setting next_dagrun for tutorial_taskflow_api_virtualenv to None, run_after=None
[2026-03-03T01:16:32.870+0000] {processor.py:178} INFO - Processing /home/airflow/.local/lib/python3.7/site-packages/airflow/example_dags/tutorial_taskflow_api_virtualenv.py took 0.201 seconds
[2026-03-03T01:17:02.989+0000] {processor.py:156} INFO - Started process (PID=1252) to work on /home/airflow/.local/lib/python3.7/site-packages/airflow/example_dags/tutorial_taskflow_api_virtualenv.py
[2026-03-03T01:17:02.991+0000] {processor.py:799} INFO - Processing file /home/airflow/.local/lib/python3.7/site-packages/airflow/example_dags/tutorial_taskflow_api_virtualenv.py for tasks to queue
[2026-03-03T01:17:02.992+0000] {logging_mixin.py:149} INFO - [2026-03-03T01:17:02.992+0000] {dagbag.py:541} INFO - Filling up the DagBag from /home/airflow/.local/lib/python3.7/site-packages/airflow/example_dags/tutorial_taskflow_api_virtualenv.py
[2026-03-03T01:17:03.004+0000] {processor.py:809} INFO - DAG(s) dict_keys(['tutorial_taskflow_api_virtualenv']) retrieved from /home/airflow/.local/lib/python3.7/site-packages/airflow/example_dags/tutorial_taskflow_api_virtualenv.py
[2026-03-03T01:17:03.045+0000] {logging_mixin.py:149} INFO - [2026-03-03T01:17:03.045+0000] {dag.py:2726} INFO - Sync 1 DAGs
[2026-03-03T01:17:03.095+0000] {logging_mixin.py:149} INFO - [2026-03-03T01:17:03.095+0000] {dag.py:3490} INFO - Setting next_dagrun for tutorial_taskflow_api_virtualenv to None, run_after=None
[2026-03-03T01:17:03.134+0000] {processor.py:178} INFO - Processing /home/airflow/.local/lib/python3.7/site-packages/airflow/example_dags/tutorial_taskflow_api_virtualenv.py took 0.150 seconds
[2026-03-03T01:17:33.499+0000] {processor.py:156} INFO - Started process (PID=1314) to work on /home/airflow/.local/lib/python3.7/site-packages/airflow/example_dags/tutorial_taskflow_api_virtualenv.py
[2026-03-03T01:17:33.500+0000] {processor.py:799} INFO - Processing file /home/airflow/.local/lib/python3.7/site-packages/airflow/example_dags/tutorial_taskflow_api_virtualenv.py for tasks to queue
[2026-03-03T01:17:33.502+0000] {logging_mixin.py:149} INFO - [2026-03-03T01:17:33.502+0000] {dagbag.py:541} INFO - Filling up the DagBag from /home/airflow/.local/lib/python3.7/site-packages/airflow/example_dags/tutorial_taskflow_api_virtualenv.py
[2026-03-03T01:17:33.513+0000] {processor.py:809} INFO - DAG(s) dict_keys(['tutorial_taskflow_api_virtualenv']) retrieved from /home/airflow/.local/lib/python3.7/site-packages/airflow/example_dags/tutorial_taskflow_api_virtualenv.py
[2026-03-03T01:17:33.545+0000] {logging_mixin.py:149} INFO - [2026-03-03T01:17:33.544+0000] {dag.py:2726} INFO - Sync 1 DAGs
[2026-03-03T01:17:33.561+0000] {logging_mixin.py:149} INFO - [2026-03-03T01:17:33.561+0000] {dag.py:3490} INFO - Setting next_dagrun for tutorial_taskflow_api_virtualenv to None, run_after=None
[2026-03-03T01:17:33.573+0000] {processor.py:178} INFO - Processing /home/airflow/.local/lib/python3.7/site-packages/airflow/example_dags/tutorial_taskflow_api_virtualenv.py took 0.077 seconds
[2026-03-03T01:18:04.187+0000] {processor.py:156} INFO - Started process (PID=1376) to work on /home/airflow/.local/lib/python3.7/site-packages/airflow/example_dags/tutorial_taskflow_api_virtualenv.py
[2026-03-03T01:18:04.187+0000] {processor.py:799} INFO - Processing file /home/airflow/.local/lib/python3.7/site-packages/airflow/example_dags/tutorial_taskflow_api_virtualenv.py for tasks to queue
[2026-03-03T01:18:04.188+0000] {logging_mixin.py:149} INFO - [2026-03-03T01:18:04.188+0000] {dagbag.py:541} INFO - Filling up the DagBag from /home/airflow/.local/lib/python3.7/site-packages/airflow/example_dags/tutorial_taskflow_api_virtualenv.py
[2026-03-03T01:18:04.192+0000] {processor.py:809} INFO - DAG(s) dict_keys(['tutorial_taskflow_api_virtualenv']) retrieved from /home/airflow/.local/lib/python3.7/site-packages/airflow/example_dags/tutorial_taskflow_api_virtualenv.py
[2026-03-03T01:18:04.205+0000] {logging_mixin.py:149} INFO - [2026-03-03T01:18:04.205+0000] {dag.py:2726} INFO - Sync 1 DAGs
[2026-03-03T01:18:04.217+0000] {logging_mixin.py:149} INFO - [2026-03-03T01:18:04.217+0000] {dag.py:3490} INFO - Setting next_dagrun for tutorial_taskflow_api_virtualenv to None, run_after=None
[2026-03-03T01:18:04.226+0000] {processor.py:178} INFO - Processing /home/airflow/.local/lib/python3.7/site-packages/airflow/example_dags/tutorial_taskflow_api_virtualenv.py took 0.042 seconds
[2026-03-03T01:18:34.770+0000] {processor.py:156} INFO - Started process (PID=1438) to work on /home/airflow/.local/lib/python3.7/site-packages/airflow/example_dags/tutorial_taskflow_api_virtualenv.py
[2026-03-03T01:18:34.772+0000] {processor.py:799} INFO - Processing file /home/airflow/.local/lib/python3.7/site-packages/airflow/example_dags/tutorial_taskflow_api_virtualenv.py for tasks to queue
[2026-03-03T01:18:34.774+0000] {logging_mixin.py:149} INFO - [2026-03-03T01:18:34.774+0000] {dagbag.py:541} INFO - Filling up the DagBag from /home/airflow/.local/lib/python3.7/site-packages/airflow/example_dags/tutorial_taskflow_api_virtualenv.py
[2026-03-03T01:18:34.791+0000] {processor.py:809} INFO - DAG(s) dict_keys(['tutorial_taskflow_api_virtualenv']) retrieved from /home/airflow/.local/lib/python3.7/site-packages/airflow/example_dags/tutorial_taskflow_api_virtualenv.py
[2026-03-03T01:18:34.850+0000] {logging_mixin.py:149} INFO - [2026-03-03T01:18:34.850+0000] {dag.py:2726} INFO - Sync 1 DAGs
[2026-03-03T01:18:34.912+0000] {logging_mixin.py:149} INFO - [2026-03-03T01:18:34.911+0000] {dag.py:3490} INFO - Setting next_dagrun for tutorial_taskflow_api_virtualenv to None, run_after=None
[2026-03-03T01:18:34.963+0000] {processor.py:178} INFO - Processing /home/airflow/.local/lib/python3.7/site-packages/airflow/example_dags/tutorial_taskflow_api_virtualenv.py took 0.200 seconds
[2026-03-03T01:19:05.090+0000] {processor.py:156} INFO - Started process (PID=1500) to work on /home/airflow/.local/lib/python3.7/site-packages/airflow/example_dags/tutorial_taskflow_api_virtualenv.py
[2026-03-03T01:19:05.093+0000] {processor.py:799} INFO - Processing file /home/airflow/.local/lib/python3.7/site-packages/airflow/example_dags/tutorial_taskflow_api_virtualenv.py for tasks to queue
[2026-03-03T01:19:05.094+0000] {logging_mixin.py:149} INFO - [2026-03-03T01:19:05.094+0000] {dagbag.py:541} INFO - Filling up the DagBag from /home/airflow/.local/lib/python3.7/site-packages/airflow/example_dags/tutorial_taskflow_api_virtualenv.py
[2026-03-03T01:19:05.106+0000] {processor.py:809} INFO - DAG(s) dict_keys(['tutorial_taskflow_api_virtualenv']) retrieved from /home/airflow/.local/lib/python3.7/site-packages/airflow/example_dags/tutorial_taskflow_api_virtualenv.py
[2026-03-03T01:19:05.155+0000] {logging_mixin.py:149} INFO - [2026-03-03T01:19:05.154+0000] {dag.py:2726} INFO - Sync 1 DAGs
[2026-03-03T01:19:05.213+0000] {logging_mixin.py:149} INFO - [2026-03-03T01:19:05.213+0000] {dag.py:3490} INFO - Setting next_dagrun for tutorial_taskflow_api_virtualenv to None, run_after=None
[2026-03-03T01:19:05.259+0000] {processor.py:178} INFO - Processing /home/airflow/.local/lib/python3.7/site-packages/airflow/example_dags/tutorial_taskflow_api_virtualenv.py took 0.175 seconds
[2026-03-03T01:19:35.495+0000] {processor.py:156} INFO - Started process (PID=1562) to work on /home/airflow/.local/lib/python3.7/site-packages/airflow/example_dags/tutorial_taskflow_api_virtualenv.py
[2026-03-03T01:19:35.496+0000] {processor.py:799} INFO - Processing file /home/airflow/.local/lib/python3.7/site-packages/airflow/example_dags/tutorial_taskflow_api_virtualenv.py for tasks to queue
[2026-03-03T01:19:35.496+0000] {logging_mixin.py:149} INFO - [2026-03-03T01:19:35.496+0000] {dagbag.py:541} INFO - Filling up the DagBag from /home/airflow/.local/lib/python3.7/site-packages/airflow/example_dags/tutorial_taskflow_api_virtualenv.py
[2026-03-03T01:19:35.500+0000] {processor.py:809} INFO - DAG(s) dict_keys(['tutorial_taskflow_api_virtualenv']) retrieved from /home/airflow/.local/lib/python3.7/site-packages/airflow/example_dags/tutorial_taskflow_api_virtualenv.py
[2026-03-03T01:19:35.510+0000] {logging_mixin.py:149} INFO - [2026-03-03T01:19:35.510+0000] {dag.py:2726} INFO - Sync 1 DAGs
[2026-03-03T01:19:35.520+0000] {logging_mixin.py:149} INFO - [2026-03-03T01:19:35.520+0000] {dag.py:3490} INFO - Setting next_dagrun for tutorial_taskflow_api_virtualenv to None, run_after=None
[2026-03-03T01:19:35.527+0000] {processor.py:178} INFO - Processing /home/airflow/.local/lib/python3.7/site-packages/airflow/example_dags/tutorial_taskflow_api_virtualenv.py took 0.034 seconds
[2026-03-03T01:20:06.179+0000] {processor.py:156} INFO - Started process (PID=1624) to work on /home/airflow/.local/lib/python3.7/site-packages/airflow/example_dags/tutorial_taskflow_api_virtualenv.py
[2026-03-03T01:20:06.179+0000] {processor.py:799} INFO - Processing file /home/airflow/.local/lib/python3.7/site-packages/airflow/example_dags/tutorial_taskflow_api_virtualenv.py for tasks to queue
[2026-03-03T01:20:06.180+0000] {logging_mixin.py:149} INFO - [2026-03-03T01:20:06.179+0000] {dagbag.py:541} INFO - Filling up the DagBag from /home/airflow/.local/lib/python3.7/site-packages/airflow/example_dags/tutorial_taskflow_api_virtualenv.py
[2026-03-03T01:20:06.182+0000] {processor.py:809} INFO - DAG(s) dict_keys(['tutorial_taskflow_api_virtualenv']) retrieved from /home/airflow/.local/lib/python3.7/site-packages/airflow/example_dags/tutorial_taskflow_api_virtualenv.py
[2026-03-03T01:20:06.193+0000] {logging_mixin.py:149} INFO - [2026-03-03T01:20:06.193+0000] {dag.py:2726} INFO - Sync 1 DAGs
[2026-03-03T01:20:06.203+0000] {logging_mixin.py:149} INFO - [2026-03-03T01:20:06.202+0000] {dag.py:3490} INFO - Setting next_dagrun for tutorial_taskflow_api_virtualenv to None, run_after=None
[2026-03-03T01:20:06.210+0000] {processor.py:178} INFO - Processing /home/airflow/.local/lib/python3.7/site-packages/airflow/example_dags/tutorial_taskflow_api_virtualenv.py took 0.033 seconds
[2026-03-03T01:20:36.895+0000] {processor.py:156} INFO - Started process (PID=1686) to work on /home/airflow/.local/lib/python3.7/site-packages/airflow/example_dags/tutorial_taskflow_api_virtualenv.py
[2026-03-03T01:20:36.896+0000] {processor.py:799} INFO - Processing file /home/airflow/.local/lib/python3.7/site-packages/airflow/example_dags/tutorial_taskflow_api_virtualenv.py for tasks to queue
[2026-03-03T01:20:36.897+0000] {logging_mixin.py:149} INFO - [2026-03-03T01:20:36.896+0000] {dagbag.py:541} INFO - Filling up the DagBag from /home/airflow/.local/lib/python3.7/site-packages/airflow/example_dags/tutorial_taskflow_api_virtualenv.py
[2026-03-03T01:20:36.900+0000] {processor.py:809} INFO - DAG(s) dict_keys(['tutorial_taskflow_api_virtualenv']) retrieved from /home/airflow/.local/lib/python3.7/site-packages/airflow/example_dags/tutorial_taskflow_api_virtualenv.py
[2026-03-03T01:20:36.913+0000] {logging_mixin.py:149} INFO - [2026-03-03T01:20:36.913+0000] {dag.py:2726} INFO - Sync 1 DAGs
[2026-03-03T01:20:36.925+0000] {logging_mixin.py:149} INFO - [2026-03-03T01:20:36.925+0000] {dag.py:3490} INFO - Setting next_dagrun for tutorial_taskflow_api_virtualenv to None, run_after=None
[2026-03-03T01:20:36.933+0000] {processor.py:178} INFO - Processing /home/airflow/.local/lib/python3.7/site-packages/airflow/example_dags/tutorial_taskflow_api_virtualenv.py took 0.040 seconds
[2026-03-03T01:21:07.530+0000] {processor.py:156} INFO - Started process (PID=1748) to work on /home/airflow/.local/lib/python3.7/site-packages/airflow/example_dags/tutorial_taskflow_api_virtualenv.py
[2026-03-03T01:21:07.531+0000] {processor.py:799} INFO - Processing file /home/airflow/.local/lib/python3.7/site-packages/airflow/example_dags/tutorial_taskflow_api_virtualenv.py for tasks to queue
[2026-03-03T01:21:07.532+0000] {logging_mixin.py:149} INFO - [2026-03-03T01:21:07.532+0000] {dagbag.py:541} INFO - Filling up the DagBag from /home/airflow/.local/lib/python3.7/site-packages/airflow/example_dags/tutorial_taskflow_api_virtualenv.py
[2026-03-03T01:21:07.535+0000] {processor.py:809} INFO - DAG(s) dict_keys(['tutorial_taskflow_api_virtualenv']) retrieved from /home/airflow/.local/lib/python3.7/site-packages/airflow/example_dags/tutorial_taskflow_api_virtualenv.py
[2026-03-03T01:21:07.546+0000] {logging_mixin.py:149} INFO - [2026-03-03T01:21:07.546+0000] {dag.py:2726} INFO - Sync 1 DAGs
[2026-03-03T01:21:07.555+0000] {logging_mixin.py:149} INFO - [2026-03-03T01:21:07.555+0000] {dag.py:3490} INFO - Setting next_dagrun for tutorial_taskflow_api_virtualenv to None, run_after=None
[2026-03-03T01:21:07.563+0000] {processor.py:178} INFO - Processing /home/airflow/.local/lib/python3.7/site-packages/airflow/example_dags/tutorial_taskflow_api_virtualenv.py took 0.034 seconds
[2026-03-03T01:21:39.569+0000] {processor.py:156} INFO - Started process (PID=1810) to work on /home/airflow/.local/lib/python3.7/site-packages/airflow/example_dags/tutorial_taskflow_api_virtualenv.py
[2026-03-03T01:21:39.573+0000] {processor.py:799} INFO - Processing file /home/airflow/.local/lib/python3.7/site-packages/airflow/example_dags/tutorial_taskflow_api_virtualenv.py for tasks to queue
[2026-03-03T01:21:39.580+0000] {logging_mixin.py:149} INFO - [2026-03-03T01:21:39.579+0000] {dagbag.py:541} INFO - Filling up the DagBag from /home/airflow/.local/lib/python3.7/site-packages/airflow/example_dags/tutorial_taskflow_api_virtualenv.py
[2026-03-03T01:21:39.596+0000] {processor.py:809} INFO - DAG(s) dict_keys(['tutorial_taskflow_api_virtualenv']) retrieved from /home/airflow/.local/lib/python3.7/site-packages/airflow/example_dags/tutorial_taskflow_api_virtualenv.py
[2026-03-03T01:21:39.661+0000] {logging_mixin.py:149} INFO - [2026-03-03T01:21:39.661+0000] {dag.py:2726} INFO - Sync 1 DAGs
[2026-03-03T01:21:39.755+0000] {logging_mixin.py:149} INFO - [2026-03-03T01:21:39.754+0000] {dag.py:3490} INFO - Setting next_dagrun for tutorial_taskflow_api_virtualenv to None, run_after=None
[2026-03-03T01:21:39.830+0000] {processor.py:178} INFO - Processing /home/airflow/.local/lib/python3.7/site-packages/airflow/example_dags/tutorial_taskflow_api_virtualenv.py took 0.275 seconds
[2026-03-03T01:22:09.937+0000] {processor.py:156} INFO - Started process (PID=1871) to work on /home/airflow/.local/lib/python3.7/site-packages/airflow/example_dags/tutorial_taskflow_api_virtualenv.py
[2026-03-03T01:22:09.943+0000] {processor.py:799} INFO - Processing file /home/airflow/.local/lib/python3.7/site-packages/airflow/example_dags/tutorial_taskflow_api_virtualenv.py for tasks to queue
[2026-03-03T01:22:09.946+0000] {logging_mixin.py:149} INFO - [2026-03-03T01:22:09.946+0000] {dagbag.py:541} INFO - Filling up the DagBag from /home/airflow/.local/lib/python3.7/site-packages/airflow/example_dags/tutorial_taskflow_api_virtualenv.py
[2026-03-03T01:22:09.966+0000] {processor.py:809} INFO - DAG(s) dict_keys(['tutorial_taskflow_api_virtualenv']) retrieved from /home/airflow/.local/lib/python3.7/site-packages/airflow/example_dags/tutorial_taskflow_api_virtualenv.py
[2026-03-03T01:22:10.029+0000] {logging_mixin.py:149} INFO - [2026-03-03T01:22:10.028+0000] {dag.py:2726} INFO - Sync 1 DAGs
[2026-03-03T01:22:10.096+0000] {logging_mixin.py:149} INFO - [2026-03-03T01:22:10.094+0000] {dag.py:3490} INFO - Setting next_dagrun for tutorial_taskflow_api_virtualenv to None, run_after=None
[2026-03-03T01:22:10.158+0000] {processor.py:178} INFO - Processing /home/airflow/.local/lib/python3.7/site-packages/airflow/example_dags/tutorial_taskflow_api_virtualenv.py took 0.231 seconds
[2026-03-03T01:22:40.517+0000] {processor.py:156} INFO - Started process (PID=1933) to work on /home/airflow/.local/lib/python3.7/site-packages/airflow/example_dags/tutorial_taskflow_api_virtualenv.py
[2026-03-03T01:22:40.521+0000] {processor.py:799} INFO - Processing file /home/airflow/.local/lib/python3.7/site-packages/airflow/example_dags/tutorial_taskflow_api_virtualenv.py for tasks to queue
[2026-03-03T01:22:40.523+0000] {logging_mixin.py:149} INFO - [2026-03-03T01:22:40.523+0000] {dagbag.py:541} INFO - Filling up the DagBag from /home/airflow/.local/lib/python3.7/site-packages/airflow/example_dags/tutorial_taskflow_api_virtualenv.py
[2026-03-03T01:22:40.544+0000] {processor.py:809} INFO - DAG(s) dict_keys(['tutorial_taskflow_api_virtualenv']) retrieved from /home/airflow/.local/lib/python3.7/site-packages/airflow/example_dags/tutorial_taskflow_api_virtualenv.py
[2026-03-03T01:22:40.615+0000] {logging_mixin.py:149} INFO - [2026-03-03T01:22:40.614+0000] {dag.py:2726} INFO - Sync 1 DAGs
[2026-03-03T01:22:40.697+0000] {logging_mixin.py:149} INFO - [2026-03-03T01:22:40.697+0000] {dag.py:3490} INFO - Setting next_dagrun for tutorial_taskflow_api_virtualenv to None, run_after=None
[2026-03-03T01:22:40.783+0000] {processor.py:178} INFO - Processing /home/airflow/.local/lib/python3.7/site-packages/airflow/example_dags/tutorial_taskflow_api_virtualenv.py took 0.274 seconds
[2026-03-03T01:23:11.056+0000] {processor.py:156} INFO - Started process (PID=1995) to work on /home/airflow/.local/lib/python3.7/site-packages/airflow/example_dags/tutorial_taskflow_api_virtualenv.py
[2026-03-03T01:23:11.059+0000] {processor.py:799} INFO - Processing file /home/airflow/.local/lib/python3.7/site-packages/airflow/example_dags/tutorial_taskflow_api_virtualenv.py for tasks to queue
[2026-03-03T01:23:11.062+0000] {logging_mixin.py:149} INFO - [2026-03-03T01:23:11.061+0000] {dagbag.py:541} INFO - Filling up the DagBag from /home/airflow/.local/lib/python3.7/site-packages/airflow/example_dags/tutorial_taskflow_api_virtualenv.py
[2026-03-03T01:23:11.079+0000] {processor.py:809} INFO - DAG(s) dict_keys(['tutorial_taskflow_api_virtualenv']) retrieved from /home/airflow/.local/lib/python3.7/site-packages/airflow/example_dags/tutorial_taskflow_api_virtualenv.py
[2026-03-03T01:23:11.148+0000] {logging_mixin.py:149} INFO - [2026-03-03T01:23:11.148+0000] {dag.py:2726} INFO - Sync 1 DAGs
[2026-03-03T01:23:11.218+0000] {logging_mixin.py:149} INFO - [2026-03-03T01:23:11.217+0000] {dag.py:3490} INFO - Setting next_dagrun for tutorial_taskflow_api_virtualenv to None, run_after=None
[2026-03-03T01:23:11.286+0000] {processor.py:178} INFO - Processing /home/airflow/.local/lib/python3.7/site-packages/airflow/example_dags/tutorial_taskflow_api_virtualenv.py took 0.239 seconds
[2026-03-03T01:23:42.123+0000] {processor.py:156} INFO - Started process (PID=2057) to work on /home/airflow/.local/lib/python3.7/site-packages/airflow/example_dags/tutorial_taskflow_api_virtualenv.py
[2026-03-03T01:23:42.125+0000] {processor.py:799} INFO - Processing file /home/airflow/.local/lib/python3.7/site-packages/airflow/example_dags/tutorial_taskflow_api_virtualenv.py for tasks to queue
[2026-03-03T01:23:42.130+0000] {logging_mixin.py:149} INFO - [2026-03-03T01:23:42.130+0000] {dagbag.py:541} INFO - Filling up the DagBag from /home/airflow/.local/lib/python3.7/site-packages/airflow/example_dags/tutorial_taskflow_api_virtualenv.py
[2026-03-03T01:23:42.145+0000] {processor.py:809} INFO - DAG(s) dict_keys(['tutorial_taskflow_api_virtualenv']) retrieved from /home/airflow/.local/lib/python3.7/site-packages/airflow/example_dags/tutorial_taskflow_api_virtualenv.py
[2026-03-03T01:23:42.212+0000] {logging_mixin.py:149} INFO - [2026-03-03T01:23:42.212+0000] {dag.py:2726} INFO - Sync 1 DAGs
[2026-03-03T01:23:42.280+0000] {logging_mixin.py:149} INFO - [2026-03-03T01:23:42.279+0000] {dag.py:3490} INFO - Setting next_dagrun for tutorial_taskflow_api_virtualenv to None, run_after=None
[2026-03-03T01:23:42.338+0000] {processor.py:178} INFO - Processing /home/airflow/.local/lib/python3.7/site-packages/airflow/example_dags/tutorial_taskflow_api_virtualenv.py took 0.222 seconds
[2026-03-03T01:24:12.490+0000] {processor.py:156} INFO - Started process (PID=2119) to work on /home/airflow/.local/lib/python3.7/site-packages/airflow/example_dags/tutorial_taskflow_api_virtualenv.py
[2026-03-03T01:24:12.491+0000] {processor.py:799} INFO - Processing file /home/airflow/.local/lib/python3.7/site-packages/airflow/example_dags/tutorial_taskflow_api_virtualenv.py for tasks to queue
[2026-03-03T01:24:12.491+0000] {logging_mixin.py:149} INFO - [2026-03-03T01:24:12.491+0000] {dagbag.py:541} INFO - Filling up the DagBag from /home/airflow/.local/lib/python3.7/site-packages/airflow/example_dags/tutorial_taskflow_api_virtualenv.py
[2026-03-03T01:24:12.497+0000] {processor.py:809} INFO - DAG(s) dict_keys(['tutorial_taskflow_api_virtualenv']) retrieved from /home/airflow/.local/lib/python3.7/site-packages/airflow/example_dags/tutorial_taskflow_api_virtualenv.py
[2026-03-03T01:24:12.510+0000] {logging_mixin.py:149} INFO - [2026-03-03T01:24:12.510+0000] {dag.py:2726} INFO - Sync 1 DAGs
[2026-03-03T01:24:12.521+0000] {logging_mixin.py:149} INFO - [2026-03-03T01:24:12.520+0000] {dag.py:3490} INFO - Setting next_dagrun for tutorial_taskflow_api_virtualenv to None, run_after=None
[2026-03-03T01:24:12.528+0000] {processor.py:178} INFO - Processing /home/airflow/.local/lib/python3.7/site-packages/airflow/example_dags/tutorial_taskflow_api_virtualenv.py took 0.041 seconds
[2026-03-03T01:24:43.396+0000] {processor.py:156} INFO - Started process (PID=2181) to work on /home/airflow/.local/lib/python3.7/site-packages/airflow/example_dags/tutorial_taskflow_api_virtualenv.py
[2026-03-03T01:24:43.396+0000] {processor.py:799} INFO - Processing file /home/airflow/.local/lib/python3.7/site-packages/airflow/example_dags/tutorial_taskflow_api_virtualenv.py for tasks to queue
[2026-03-03T01:24:43.397+0000] {logging_mixin.py:149} INFO - [2026-03-03T01:24:43.396+0000] {dagbag.py:541} INFO - Filling up the DagBag from /home/airflow/.local/lib/python3.7/site-packages/airflow/example_dags/tutorial_taskflow_api_virtualenv.py
[2026-03-03T01:24:43.400+0000] {processor.py:809} INFO - DAG(s) dict_keys(['tutorial_taskflow_api_virtualenv']) retrieved from /home/airflow/.local/lib/python3.7/site-packages/airflow/example_dags/tutorial_taskflow_api_virtualenv.py
[2026-03-03T01:24:43.413+0000] {logging_mixin.py:149} INFO - [2026-03-03T01:24:43.413+0000] {dag.py:2726} INFO - Sync 1 DAGs
[2026-03-03T01:24:43.427+0000] {logging_mixin.py:149} INFO - [2026-03-03T01:24:43.427+0000] {dag.py:3490} INFO - Setting next_dagrun for tutorial_taskflow_api_virtualenv to None, run_after=None
[2026-03-03T01:24:43.435+0000] {processor.py:178} INFO - Processing /home/airflow/.local/lib/python3.7/site-packages/airflow/example_dags/tutorial_taskflow_api_virtualenv.py took 0.041 seconds
[2026-03-03T01:25:13.805+0000] {processor.py:156} INFO - Started process (PID=2243) to work on /home/airflow/.local/lib/python3.7/site-packages/airflow/example_dags/tutorial_taskflow_api_virtualenv.py
[2026-03-03T01:25:13.807+0000] {processor.py:799} INFO - Processing file /home/airflow/.local/lib/python3.7/site-packages/airflow/example_dags/tutorial_taskflow_api_virtualenv.py for tasks to queue
[2026-03-03T01:25:13.810+0000] {logging_mixin.py:149} INFO - [2026-03-03T01:25:13.810+0000] {dagbag.py:541} INFO - Filling up the DagBag from /home/airflow/.local/lib/python3.7/site-packages/airflow/example_dags/tutorial_taskflow_api_virtualenv.py
[2026-03-03T01:25:13.824+0000] {processor.py:809} INFO - DAG(s) dict_keys(['tutorial_taskflow_api_virtualenv']) retrieved from /home/airflow/.local/lib/python3.7/site-packages/airflow/example_dags/tutorial_taskflow_api_virtualenv.py
[2026-03-03T01:25:13.897+0000] {logging_mixin.py:149} INFO - [2026-03-03T01:25:13.897+0000] {dag.py:2726} INFO - Sync 1 DAGs
[2026-03-03T01:25:13.961+0000] {logging_mixin.py:149} INFO - [2026-03-03T01:25:13.960+0000] {dag.py:3490} INFO - Setting next_dagrun for tutorial_taskflow_api_virtualenv to None, run_after=None
[2026-03-03T01:25:14.011+0000] {processor.py:178} INFO - Processing /home/airflow/.local/lib/python3.7/site-packages/airflow/example_dags/tutorial_taskflow_api_virtualenv.py took 0.214 seconds
[2026-03-03T01:25:44.291+0000] {processor.py:156} INFO - Started process (PID=2312) to work on /home/airflow/.local/lib/python3.7/site-packages/airflow/example_dags/tutorial_taskflow_api_virtualenv.py
[2026-03-03T01:25:44.294+0000] {processor.py:799} INFO - Processing file /home/airflow/.local/lib/python3.7/site-packages/airflow/example_dags/tutorial_taskflow_api_virtualenv.py for tasks to queue
[2026-03-03T01:25:44.296+0000] {logging_mixin.py:149} INFO - [2026-03-03T01:25:44.296+0000] {dagbag.py:541} INFO - Filling up the DagBag from /home/airflow/.local/lib/python3.7/site-packages/airflow/example_dags/tutorial_taskflow_api_virtualenv.py
[2026-03-03T01:25:44.316+0000] {processor.py:809} INFO - DAG(s) dict_keys(['tutorial_taskflow_api_virtualenv']) retrieved from /home/airflow/.local/lib/python3.7/site-packages/airflow/example_dags/tutorial_taskflow_api_virtualenv.py
[2026-03-03T01:25:44.390+0000] {logging_mixin.py:149} INFO - [2026-03-03T01:25:44.390+0000] {dag.py:2726} INFO - Sync 1 DAGs
[2026-03-03T01:25:44.463+0000] {logging_mixin.py:149} INFO - [2026-03-03T01:25:44.462+0000] {dag.py:3490} INFO - Setting next_dagrun for tutorial_taskflow_api_virtualenv to None, run_after=None
[2026-03-03T01:25:44.513+0000] {processor.py:178} INFO - Processing /home/airflow/.local/lib/python3.7/site-packages/airflow/example_dags/tutorial_taskflow_api_virtualenv.py took 0.230 seconds
[2026-03-03T01:26:15.575+0000] {processor.py:156} INFO - Started process (PID=2374) to work on /home/airflow/.local/lib/python3.7/site-packages/airflow/example_dags/tutorial_taskflow_api_virtualenv.py
[2026-03-03T01:26:15.579+0000] {processor.py:799} INFO - Processing file /home/airflow/.local/lib/python3.7/site-packages/airflow/example_dags/tutorial_taskflow_api_virtualenv.py for tasks to queue
[2026-03-03T01:26:15.581+0000] {logging_mixin.py:149} INFO - [2026-03-03T01:26:15.581+0000] {dagbag.py:541} INFO - Filling up the DagBag from /home/airflow/.local/lib/python3.7/site-packages/airflow/example_dags/tutorial_taskflow_api_virtualenv.py
[2026-03-03T01:26:15.596+0000] {processor.py:809} INFO - DAG(s) dict_keys(['tutorial_taskflow_api_virtualenv']) retrieved from /home/airflow/.local/lib/python3.7/site-packages/airflow/example_dags/tutorial_taskflow_api_virtualenv.py
[2026-03-03T01:26:15.668+0000] {logging_mixin.py:149} INFO - [2026-03-03T01:26:15.668+0000] {dag.py:2726} INFO - Sync 1 DAGs
[2026-03-03T01:26:15.740+0000] {logging_mixin.py:149} INFO - [2026-03-03T01:26:15.740+0000] {dag.py:3490} INFO - Setting next_dagrun for tutorial_taskflow_api_virtualenv to None, run_after=None
[2026-03-03T01:26:15.791+0000] {processor.py:178} INFO - Processing /home/airflow/.local/lib/python3.7/site-packages/airflow/example_dags/tutorial_taskflow_api_virtualenv.py took 0.224 seconds
[2026-03-03T01:26:46.443+0000] {processor.py:156} INFO - Started process (PID=2435) to work on /home/airflow/.local/lib/python3.7/site-packages/airflow/example_dags/tutorial_taskflow_api_virtualenv.py
[2026-03-03T01:26:46.444+0000] {processor.py:799} INFO - Processing file /home/airflow/.local/lib/python3.7/site-packages/airflow/example_dags/tutorial_taskflow_api_virtualenv.py for tasks to queue
[2026-03-03T01:26:46.445+0000] {logging_mixin.py:149} INFO - [2026-03-03T01:26:46.445+0000] {dagbag.py:541} INFO - Filling up the DagBag from /home/airflow/.local/lib/python3.7/site-packages/airflow/example_dags/tutorial_taskflow_api_virtualenv.py
[2026-03-03T01:26:46.448+0000] {processor.py:809} INFO - DAG(s) dict_keys(['tutorial_taskflow_api_virtualenv']) retrieved from /home/airflow/.local/lib/python3.7/site-packages/airflow/example_dags/tutorial_taskflow_api_virtualenv.py
[2026-03-03T01:26:46.464+0000] {logging_mixin.py:149} INFO - [2026-03-03T01:26:46.464+0000] {dag.py:2726} INFO - Sync 1 DAGs
[2026-03-03T01:26:46.477+0000] {logging_mixin.py:149} INFO - [2026-03-03T01:26:46.476+0000] {dag.py:3490} INFO - Setting next_dagrun for tutorial_taskflow_api_virtualenv to None, run_after=None
[2026-03-03T01:26:46.485+0000] {processor.py:178} INFO - Processing /home/airflow/.local/lib/python3.7/site-packages/airflow/example_dags/tutorial_taskflow_api_virtualenv.py took 0.044 seconds
[2026-03-03T01:27:17.231+0000] {processor.py:156} INFO - Started process (PID=2497) to work on /home/airflow/.local/lib/python3.7/site-packages/airflow/example_dags/tutorial_taskflow_api_virtualenv.py
[2026-03-03T01:27:17.232+0000] {processor.py:799} INFO - Processing file /home/airflow/.local/lib/python3.7/site-packages/airflow/example_dags/tutorial_taskflow_api_virtualenv.py for tasks to queue
[2026-03-03T01:27:17.232+0000] {logging_mixin.py:149} INFO - [2026-03-03T01:27:17.232+0000] {dagbag.py:541} INFO - Filling up the DagBag from /home/airflow/.local/lib/python3.7/site-packages/airflow/example_dags/tutorial_taskflow_api_virtualenv.py
[2026-03-03T01:27:17.238+0000] {processor.py:809} INFO - DAG(s) dict_keys(['tutorial_taskflow_api_virtualenv']) retrieved from /home/airflow/.local/lib/python3.7/site-packages/airflow/example_dags/tutorial_taskflow_api_virtualenv.py
[2026-03-03T01:27:17.256+0000] {logging_mixin.py:149} INFO - [2026-03-03T01:27:17.256+0000] {dag.py:2726} INFO - Sync 1 DAGs
[2026-03-03T01:27:17.270+0000] {logging_mixin.py:149} INFO - [2026-03-03T01:27:17.270+0000] {dag.py:3490} INFO - Setting next_dagrun for tutorial_taskflow_api_virtualenv to None, run_after=None
[2026-03-03T01:27:17.278+0000] {processor.py:178} INFO - Processing /home/airflow/.local/lib/python3.7/site-packages/airflow/example_dags/tutorial_taskflow_api_virtualenv.py took 0.049 seconds
[2026-03-03T01:27:47.597+0000] {processor.py:156} INFO - Started process (PID=2559) to work on /home/airflow/.local/lib/python3.7/site-packages/airflow/example_dags/tutorial_taskflow_api_virtualenv.py
[2026-03-03T01:27:47.601+0000] {processor.py:799} INFO - Processing file /home/airflow/.local/lib/python3.7/site-packages/airflow/example_dags/tutorial_taskflow_api_virtualenv.py for tasks to queue
[2026-03-03T01:27:47.603+0000] {logging_mixin.py:149} INFO - [2026-03-03T01:27:47.602+0000] {dagbag.py:541} INFO - Filling up the DagBag from /home/airflow/.local/lib/python3.7/site-packages/airflow/example_dags/tutorial_taskflow_api_virtualenv.py
[2026-03-03T01:27:47.621+0000] {processor.py:809} INFO - DAG(s) dict_keys(['tutorial_taskflow_api_virtualenv']) retrieved from /home/airflow/.local/lib/python3.7/site-packages/airflow/example_dags/tutorial_taskflow_api_virtualenv.py
[2026-03-03T01:27:47.688+0000] {logging_mixin.py:149} INFO - [2026-03-03T01:27:47.687+0000] {dag.py:2726} INFO - Sync 1 DAGs
[2026-03-03T01:27:47.755+0000] {logging_mixin.py:149} INFO - [2026-03-03T01:27:47.755+0000] {dag.py:3490} INFO - Setting next_dagrun for tutorial_taskflow_api_virtualenv to None, run_after=None
[2026-03-03T01:27:47.801+0000] {processor.py:178} INFO - Processing /home/airflow/.local/lib/python3.7/site-packages/airflow/example_dags/tutorial_taskflow_api_virtualenv.py took 0.210 seconds
[2026-03-03T01:28:18.661+0000] {processor.py:156} INFO - Started process (PID=2621) to work on /home/airflow/.local/lib/python3.7/site-packages/airflow/example_dags/tutorial_taskflow_api_virtualenv.py
[2026-03-03T01:28:18.663+0000] {processor.py:799} INFO - Processing file /home/airflow/.local/lib/python3.7/site-packages/airflow/example_dags/tutorial_taskflow_api_virtualenv.py for tasks to queue
[2026-03-03T01:28:18.666+0000] {logging_mixin.py:149} INFO - [2026-03-03T01:28:18.666+0000] {dagbag.py:541} INFO - Filling up the DagBag from /home/airflow/.local/lib/python3.7/site-packages/airflow/example_dags/tutorial_taskflow_api_virtualenv.py
[2026-03-03T01:28:18.673+0000] {processor.py:809} INFO - DAG(s) dict_keys(['tutorial_taskflow_api_virtualenv']) retrieved from /home/airflow/.local/lib/python3.7/site-packages/airflow/example_dags/tutorial_taskflow_api_virtualenv.py
[2026-03-03T01:28:18.699+0000] {logging_mixin.py:149} INFO - [2026-03-03T01:28:18.699+0000] {dag.py:2726} INFO - Sync 1 DAGs
[2026-03-03T01:28:18.719+0000] {logging_mixin.py:149} INFO - [2026-03-03T01:28:18.719+0000] {dag.py:3490} INFO - Setting next_dagrun for tutorial_taskflow_api_virtualenv to None, run_after=None
[2026-03-03T01:28:18.729+0000] {processor.py:178} INFO - Processing /home/airflow/.local/lib/python3.7/site-packages/airflow/example_dags/tutorial_taskflow_api_virtualenv.py took 0.071 seconds
[2026-03-03T01:28:49.366+0000] {processor.py:156} INFO - Started process (PID=2683) to work on /home/airflow/.local/lib/python3.7/site-packages/airflow/example_dags/tutorial_taskflow_api_virtualenv.py
[2026-03-03T01:28:49.370+0000] {processor.py:799} INFO - Processing file /home/airflow/.local/lib/python3.7/site-packages/airflow/example_dags/tutorial_taskflow_api_virtualenv.py for tasks to queue
[2026-03-03T01:28:49.372+0000] {logging_mixin.py:149} INFO - [2026-03-03T01:28:49.371+0000] {dagbag.py:541} INFO - Filling up the DagBag from /home/airflow/.local/lib/python3.7/site-packages/airflow/example_dags/tutorial_taskflow_api_virtualenv.py
[2026-03-03T01:28:49.386+0000] {processor.py:809} INFO - DAG(s) dict_keys(['tutorial_taskflow_api_virtualenv']) retrieved from /home/airflow/.local/lib/python3.7/site-packages/airflow/example_dags/tutorial_taskflow_api_virtualenv.py
[2026-03-03T01:28:49.438+0000] {logging_mixin.py:149} INFO - [2026-03-03T01:28:49.438+0000] {dag.py:2726} INFO - Sync 1 DAGs
[2026-03-03T01:28:49.507+0000] {logging_mixin.py:149} INFO - [2026-03-03T01:28:49.507+0000] {dag.py:3490} INFO - Setting next_dagrun for tutorial_taskflow_api_virtualenv to None, run_after=None
[2026-03-03T01:28:49.565+0000] {processor.py:178} INFO - Processing /home/airflow/.local/lib/python3.7/site-packages/airflow/example_dags/tutorial_taskflow_api_virtualenv.py took 0.206 seconds
[2026-03-03T01:29:19.646+0000] {processor.py:156} INFO - Started process (PID=2744) to work on /home/airflow/.local/lib/python3.7/site-packages/airflow/example_dags/tutorial_taskflow_api_virtualenv.py
[2026-03-03T01:29:19.648+0000] {processor.py:799} INFO - Processing file /home/airflow/.local/lib/python3.7/site-packages/airflow/example_dags/tutorial_taskflow_api_virtualenv.py for tasks to queue
[2026-03-03T01:29:19.649+0000] {logging_mixin.py:149} INFO - [2026-03-03T01:29:19.649+0000] {dagbag.py:541} INFO - Filling up the DagBag from /home/airflow/.local/lib/python3.7/site-packages/airflow/example_dags/tutorial_taskflow_api_virtualenv.py
[2026-03-03T01:29:19.657+0000] {processor.py:809} INFO - DAG(s) dict_keys(['tutorial_taskflow_api_virtualenv']) retrieved from /home/airflow/.local/lib/python3.7/site-packages/airflow/example_dags/tutorial_taskflow_api_virtualenv.py
[2026-03-03T01:29:19.677+0000] {logging_mixin.py:149} INFO - [2026-03-03T01:29:19.677+0000] {dag.py:2726} INFO - Sync 1 DAGs
[2026-03-03T01:29:19.693+0000] {logging_mixin.py:149} INFO - [2026-03-03T01:29:19.693+0000] {dag.py:3490} INFO - Setting next_dagrun for tutorial_taskflow_api_virtualenv to None, run_after=None
[2026-03-03T01:29:19.701+0000] {processor.py:178} INFO - Processing /home/airflow/.local/lib/python3.7/site-packages/airflow/example_dags/tutorial_taskflow_api_virtualenv.py took 0.059 seconds
[2026-03-03T01:29:50.005+0000] {processor.py:156} INFO - Started process (PID=2805) to work on /home/airflow/.local/lib/python3.7/site-packages/airflow/example_dags/tutorial_taskflow_api_virtualenv.py
[2026-03-03T01:29:50.010+0000] {processor.py:799} INFO - Processing file /home/airflow/.local/lib/python3.7/site-packages/airflow/example_dags/tutorial_taskflow_api_virtualenv.py for tasks to queue
[2026-03-03T01:29:50.011+0000] {logging_mixin.py:149} INFO - [2026-03-03T01:29:50.011+0000] {dagbag.py:541} INFO - Filling up the DagBag from /home/airflow/.local/lib/python3.7/site-packages/airflow/example_dags/tutorial_taskflow_api_virtualenv.py
[2026-03-03T01:29:50.028+0000] {processor.py:809} INFO - DAG(s) dict_keys(['tutorial_taskflow_api_virtualenv']) retrieved from /home/airflow/.local/lib/python3.7/site-packages/airflow/example_dags/tutorial_taskflow_api_virtualenv.py
[2026-03-03T01:29:50.101+0000] {logging_mixin.py:149} INFO - [2026-03-03T01:29:50.101+0000] {dag.py:2726} INFO - Sync 1 DAGs
[2026-03-03T01:29:50.168+0000] {logging_mixin.py:149} INFO - [2026-03-03T01:29:50.167+0000] {dag.py:3490} INFO - Setting next_dagrun for tutorial_taskflow_api_virtualenv to None, run_after=None
[2026-03-03T01:29:50.238+0000] {processor.py:178} INFO - Processing /home/airflow/.local/lib/python3.7/site-packages/airflow/example_dags/tutorial_taskflow_api_virtualenv.py took 0.242 seconds
[2026-03-03T01:30:20.657+0000] {processor.py:156} INFO - Started process (PID=2867) to work on /home/airflow/.local/lib/python3.7/site-packages/airflow/example_dags/tutorial_taskflow_api_virtualenv.py
[2026-03-03T01:30:20.660+0000] {processor.py:799} INFO - Processing file /home/airflow/.local/lib/python3.7/site-packages/airflow/example_dags/tutorial_taskflow_api_virtualenv.py for tasks to queue
[2026-03-03T01:30:20.662+0000] {logging_mixin.py:149} INFO - [2026-03-03T01:30:20.662+0000] {dagbag.py:541} INFO - Filling up the DagBag from /home/airflow/.local/lib/python3.7/site-packages/airflow/example_dags/tutorial_taskflow_api_virtualenv.py
[2026-03-03T01:30:20.687+0000] {processor.py:809} INFO - DAG(s) dict_keys(['tutorial_taskflow_api_virtualenv']) retrieved from /home/airflow/.local/lib/python3.7/site-packages/airflow/example_dags/tutorial_taskflow_api_virtualenv.py
[2026-03-03T01:30:20.746+0000] {logging_mixin.py:149} INFO - [2026-03-03T01:30:20.746+0000] {dag.py:2726} INFO - Sync 1 DAGs
[2026-03-03T01:30:20.810+0000] {logging_mixin.py:149} INFO - [2026-03-03T01:30:20.809+0000] {dag.py:3490} INFO - Setting next_dagrun for tutorial_taskflow_api_virtualenv to None, run_after=None
[2026-03-03T01:30:20.862+0000] {processor.py:178} INFO - Processing /home/airflow/.local/lib/python3.7/site-packages/airflow/example_dags/tutorial_taskflow_api_virtualenv.py took 0.214 seconds
[2026-03-03T01:30:51.621+0000] {processor.py:156} INFO - Started process (PID=2929) to work on /home/airflow/.local/lib/python3.7/site-packages/airflow/example_dags/tutorial_taskflow_api_virtualenv.py
[2026-03-03T01:30:51.622+0000] {processor.py:799} INFO - Processing file /home/airflow/.local/lib/python3.7/site-packages/airflow/example_dags/tutorial_taskflow_api_virtualenv.py for tasks to queue
[2026-03-03T01:30:51.623+0000] {logging_mixin.py:149} INFO - [2026-03-03T01:30:51.623+0000] {dagbag.py:541} INFO - Filling up the DagBag from /home/airflow/.local/lib/python3.7/site-packages/airflow/example_dags/tutorial_taskflow_api_virtualenv.py
[2026-03-03T01:30:51.627+0000] {processor.py:809} INFO - DAG(s) dict_keys(['tutorial_taskflow_api_virtualenv']) retrieved from /home/airflow/.local/lib/python3.7/site-packages/airflow/example_dags/tutorial_taskflow_api_virtualenv.py
[2026-03-03T01:30:51.640+0000] {logging_mixin.py:149} INFO - [2026-03-03T01:30:51.640+0000] {dag.py:2726} INFO - Sync 1 DAGs
[2026-03-03T01:30:51.651+0000] {logging_mixin.py:149} INFO - [2026-03-03T01:30:51.651+0000] {dag.py:3490} INFO - Setting next_dagrun for tutorial_taskflow_api_virtualenv to None, run_after=None
[2026-03-03T01:30:51.659+0000] {processor.py:178} INFO - Processing /home/airflow/.local/lib/python3.7/site-packages/airflow/example_dags/tutorial_taskflow_api_virtualenv.py took 0.041 seconds
[2026-03-03T01:31:22.581+0000] {processor.py:156} INFO - Started process (PID=2991) to work on /home/airflow/.local/lib/python3.7/site-packages/airflow/example_dags/tutorial_taskflow_api_virtualenv.py
[2026-03-03T01:31:22.581+0000] {processor.py:799} INFO - Processing file /home/airflow/.local/lib/python3.7/site-packages/airflow/example_dags/tutorial_taskflow_api_virtualenv.py for tasks to queue
[2026-03-03T01:31:22.582+0000] {logging_mixin.py:149} INFO - [2026-03-03T01:31:22.581+0000] {dagbag.py:541} INFO - Filling up the DagBag from /home/airflow/.local/lib/python3.7/site-packages/airflow/example_dags/tutorial_taskflow_api_virtualenv.py
[2026-03-03T01:31:22.585+0000] {processor.py:809} INFO - DAG(s) dict_keys(['tutorial_taskflow_api_virtualenv']) retrieved from /home/airflow/.local/lib/python3.7/site-packages/airflow/example_dags/tutorial_taskflow_api_virtualenv.py
[2026-03-03T01:31:22.597+0000] {logging_mixin.py:149} INFO - [2026-03-03T01:31:22.597+0000] {dag.py:2726} INFO - Sync 1 DAGs
[2026-03-03T01:31:22.609+0000] {logging_mixin.py:149} INFO - [2026-03-03T01:31:22.609+0000] {dag.py:3490} INFO - Setting next_dagrun for tutorial_taskflow_api_virtualenv to None, run_after=None
[2026-03-03T01:31:22.616+0000] {processor.py:178} INFO - Processing /home/airflow/.local/lib/python3.7/site-packages/airflow/example_dags/tutorial_taskflow_api_virtualenv.py took 0.037 seconds
