[2026-03-16T16:30:14.881+0000] {taskinstance.py:1125} INFO - Dependencies all met for dep_context=non-requeueable deps ti=<TaskInstance: dag_mlops_full_pipeline.get_api_data scheduled__2026-03-16T16:25:00+00:00 [queued]>
[2026-03-16T16:30:14.884+0000] {taskinstance.py:1125} INFO - Dependencies all met for dep_context=requeueable deps ti=<TaskInstance: dag_mlops_full_pipeline.get_api_data scheduled__2026-03-16T16:25:00+00:00 [queued]>
[2026-03-16T16:30:14.884+0000] {taskinstance.py:1331} INFO - Starting attempt 1 of 1
[2026-03-16T16:30:14.889+0000] {taskinstance.py:1350} INFO - Executing <Task(PythonOperator): get_api_data> on 2026-03-16 16:25:00+00:00
[2026-03-16T16:30:14.892+0000] {standard_task_runner.py:57} INFO - Started process 15115 to run task
[2026-03-16T16:30:14.894+0000] {standard_task_runner.py:84} INFO - Running: ['***', 'tasks', 'run', 'dag_mlops_full_pipeline', 'get_api_data', 'scheduled__2026-03-16T16:25:00+00:00', '--job-id', '152', '--raw', '--subdir', 'DAGS_FOLDER/dag2.py', '--cfg-path', '/tmp/tmp3mh7l6vh']
[2026-03-16T16:30:14.895+0000] {standard_task_runner.py:85} INFO - Job 152: Subtask get_api_data
[2026-03-16T16:30:14.919+0000] {task_command.py:410} INFO - Running <TaskInstance: dag_mlops_full_pipeline.get_api_data scheduled__2026-03-16T16:25:00+00:00 [running]> on host 87aa27980d8e
[2026-03-16T16:30:14.983+0000] {taskinstance.py:1570} INFO - Exporting env vars: AIRFLOW_CTX_DAG_OWNER='***' AIRFLOW_CTX_DAG_ID='dag_mlops_full_pipeline' AIRFLOW_CTX_TASK_ID='get_api_data' AIRFLOW_CTX_EXECUTION_DATE='2026-03-16T16:25:00+00:00' AIRFLOW_CTX_TRY_NUMBER='1' AIRFLOW_CTX_DAG_RUN_ID='scheduled__2026-03-16T16:25:00+00:00'
[2026-03-16T16:30:14.993+0000] {base.py:73} INFO - Using connection ID 'postgres_default' for task execution.
[2026-03-16T16:30:14.997+0000] {logging_mixin.py:149} INFO - Llamando API: http://host.docker.internal:8080/data | group_number=4
[2026-03-16T16:30:15.066+0000] {logging_mixin.py:149} INFO - Recibido: group=4, batch=3, filas=5810
[2026-03-16T16:30:15.456+0000] {logging_mixin.py:149} INFO - Insercion completada
[2026-03-16T16:30:15.457+0000] {logging_mixin.py:149} INFO - Total filas en training_data: 5810
[2026-03-16T16:30:15.468+0000] {python.py:183} INFO - Done. Returned value was: None
[2026-03-16T16:30:15.472+0000] {taskinstance.py:1373} INFO - Marking task as SUCCESS. dag_id=dag_mlops_full_pipeline, task_id=get_api_data, execution_date=20260316T162500, start_date=20260316T163014, end_date=20260316T163015
[2026-03-16T16:30:15.481+0000] {local_task_job_runner.py:232} INFO - Task exited with return code 0
[2026-03-16T16:30:15.496+0000] {taskinstance.py:2674} INFO - 1 downstream tasks scheduled from follow-on schedule check
[2026-03-16T16:31:04.538+0000] {taskinstance.py:1125} INFO - Dependencies all met for dep_context=non-requeueable deps ti=<TaskInstance: dag_mlops_full_pipeline.get_api_data scheduled__2026-03-16T16:25:00+00:00 [queued]>
[2026-03-16T16:31:04.541+0000] {taskinstance.py:1125} INFO - Dependencies all met for dep_context=requeueable deps ti=<TaskInstance: dag_mlops_full_pipeline.get_api_data scheduled__2026-03-16T16:25:00+00:00 [queued]>
[2026-03-16T16:31:04.541+0000] {taskinstance.py:1331} INFO - Starting attempt 1 of 1
[2026-03-16T16:31:04.545+0000] {taskinstance.py:1350} INFO - Executing <Task(PythonOperator): get_api_data> on 2026-03-16 16:25:00+00:00
[2026-03-16T16:31:04.548+0000] {standard_task_runner.py:57} INFO - Started process 15232 to run task
[2026-03-16T16:31:04.549+0000] {standard_task_runner.py:84} INFO - Running: ['***', 'tasks', 'run', 'dag_mlops_full_pipeline', 'get_api_data', 'scheduled__2026-03-16T16:25:00+00:00', '--job-id', '157', '--raw', '--subdir', 'DAGS_FOLDER/dag2.py', '--cfg-path', '/tmp/tmpwpnfh35r']
[2026-03-16T16:31:04.550+0000] {standard_task_runner.py:85} INFO - Job 157: Subtask get_api_data
[2026-03-16T16:31:04.568+0000] {task_command.py:410} INFO - Running <TaskInstance: dag_mlops_full_pipeline.get_api_data scheduled__2026-03-16T16:25:00+00:00 [running]> on host 87aa27980d8e
[2026-03-16T16:31:04.594+0000] {taskinstance.py:1570} INFO - Exporting env vars: AIRFLOW_CTX_DAG_OWNER='***' AIRFLOW_CTX_DAG_ID='dag_mlops_full_pipeline' AIRFLOW_CTX_TASK_ID='get_api_data' AIRFLOW_CTX_EXECUTION_DATE='2026-03-16T16:25:00+00:00' AIRFLOW_CTX_TRY_NUMBER='1' AIRFLOW_CTX_DAG_RUN_ID='scheduled__2026-03-16T16:25:00+00:00'
[2026-03-16T16:31:04.597+0000] {base.py:73} INFO - Using connection ID 'postgres_default' for task execution.
[2026-03-16T16:31:04.598+0000] {logging_mixin.py:149} INFO - Llamando API: http://host.docker.internal:8080/data | group_number=4
[2026-03-16T16:31:04.619+0000] {logging_mixin.py:149} INFO - Recibido: group=4, batch=3, filas=5810
[2026-03-16T16:31:04.941+0000] {logging_mixin.py:149} INFO - Insercion completada
[2026-03-16T16:31:04.941+0000] {logging_mixin.py:149} INFO - Total filas en training_data: 5810
[2026-03-16T16:31:04.950+0000] {python.py:183} INFO - Done. Returned value was: None
[2026-03-16T16:31:04.953+0000] {taskinstance.py:1373} INFO - Marking task as SUCCESS. dag_id=dag_mlops_full_pipeline, task_id=get_api_data, execution_date=20260316T162500, start_date=20260316T163104, end_date=20260316T163104
[2026-03-16T16:31:04.977+0000] {local_task_job_runner.py:232} INFO - Task exited with return code 0
[2026-03-16T16:31:04.988+0000] {taskinstance.py:2674} INFO - 1 downstream tasks scheduled from follow-on schedule check
[2026-03-16T16:32:48.022+0000] {taskinstance.py:1125} INFO - Dependencies all met for dep_context=non-requeueable deps ti=<TaskInstance: dag_mlops_full_pipeline.get_api_data scheduled__2026-03-16T16:25:00+00:00 [queued]>
[2026-03-16T16:32:48.025+0000] {taskinstance.py:1125} INFO - Dependencies all met for dep_context=requeueable deps ti=<TaskInstance: dag_mlops_full_pipeline.get_api_data scheduled__2026-03-16T16:25:00+00:00 [queued]>
[2026-03-16T16:32:48.025+0000] {taskinstance.py:1331} INFO - Starting attempt 1 of 1
[2026-03-16T16:32:48.030+0000] {taskinstance.py:1350} INFO - Executing <Task(PythonOperator): get_api_data> on 2026-03-16 16:25:00+00:00
[2026-03-16T16:32:48.032+0000] {standard_task_runner.py:57} INFO - Started process 15412 to run task
[2026-03-16T16:32:48.033+0000] {standard_task_runner.py:84} INFO - Running: ['***', 'tasks', 'run', 'dag_mlops_full_pipeline', 'get_api_data', 'scheduled__2026-03-16T16:25:00+00:00', '--job-id', '163', '--raw', '--subdir', 'DAGS_FOLDER/dag2.py', '--cfg-path', '/tmp/tmpf1394j55']
[2026-03-16T16:32:48.034+0000] {standard_task_runner.py:85} INFO - Job 163: Subtask get_api_data
[2026-03-16T16:32:48.053+0000] {task_command.py:410} INFO - Running <TaskInstance: dag_mlops_full_pipeline.get_api_data scheduled__2026-03-16T16:25:00+00:00 [running]> on host 87aa27980d8e
[2026-03-16T16:32:48.079+0000] {taskinstance.py:1570} INFO - Exporting env vars: AIRFLOW_CTX_DAG_OWNER='***' AIRFLOW_CTX_DAG_ID='dag_mlops_full_pipeline' AIRFLOW_CTX_TASK_ID='get_api_data' AIRFLOW_CTX_EXECUTION_DATE='2026-03-16T16:25:00+00:00' AIRFLOW_CTX_TRY_NUMBER='1' AIRFLOW_CTX_DAG_RUN_ID='scheduled__2026-03-16T16:25:00+00:00'
[2026-03-16T16:32:48.082+0000] {base.py:73} INFO - Using connection ID 'postgres_default' for task execution.
[2026-03-16T16:32:48.083+0000] {logging_mixin.py:149} INFO - Llamando API: http://host.docker.internal:8080/data | group_number=4
[2026-03-16T16:32:48.111+0000] {logging_mixin.py:149} INFO - Recibido: group=4, batch=1, filas=5810
[2026-03-16T16:32:48.430+0000] {logging_mixin.py:149} INFO - Insercion completada
[2026-03-16T16:32:48.431+0000] {logging_mixin.py:149} INFO - Total filas en training_data: 5810
[2026-03-16T16:32:48.439+0000] {python.py:183} INFO - Done. Returned value was: None
[2026-03-16T16:32:48.442+0000] {taskinstance.py:1373} INFO - Marking task as SUCCESS. dag_id=dag_mlops_full_pipeline, task_id=get_api_data, execution_date=20260316T162500, start_date=20260316T163248, end_date=20260316T163248
[2026-03-16T16:32:48.462+0000] {local_task_job_runner.py:232} INFO - Task exited with return code 0
[2026-03-16T16:32:48.473+0000] {taskinstance.py:2674} INFO - 1 downstream tasks scheduled from follow-on schedule check
