[2026-03-16T16:49:11.686+0000] {taskinstance.py:1125} INFO - Dependencies all met for dep_context=non-requeueable deps ti=<TaskInstance: dag_mlops_full_pipeline.trigger_jupyter scheduled__2026-03-16T16:48:00+00:00 [queued]>
[2026-03-16T16:49:11.689+0000] {taskinstance.py:1125} INFO - Dependencies all met for dep_context=requeueable deps ti=<TaskInstance: dag_mlops_full_pipeline.trigger_jupyter scheduled__2026-03-16T16:48:00+00:00 [queued]>
[2026-03-16T16:49:11.689+0000] {taskinstance.py:1331} INFO - Starting attempt 1 of 1
[2026-03-16T16:49:11.694+0000] {taskinstance.py:1350} INFO - Executing <Task(PythonOperator): trigger_jupyter> on 2026-03-16 16:48:00+00:00
[2026-03-16T16:49:11.696+0000] {standard_task_runner.py:57} INFO - Started process 16955 to run task
[2026-03-16T16:49:11.698+0000] {standard_task_runner.py:84} INFO - Running: ['***', 'tasks', 'run', 'dag_mlops_full_pipeline', 'trigger_jupyter', 'scheduled__2026-03-16T16:48:00+00:00', '--job-id', '217', '--raw', '--subdir', 'DAGS_FOLDER/dag2.py', '--cfg-path', '/tmp/tmpptug2fdu']
[2026-03-16T16:49:11.699+0000] {standard_task_runner.py:85} INFO - Job 217: Subtask trigger_jupyter
[2026-03-16T16:49:11.717+0000] {task_command.py:410} INFO - Running <TaskInstance: dag_mlops_full_pipeline.trigger_jupyter scheduled__2026-03-16T16:48:00+00:00 [running]> on host 87aa27980d8e
[2026-03-16T16:49:11.749+0000] {taskinstance.py:1570} INFO - Exporting env vars: AIRFLOW_CTX_DAG_OWNER='***' AIRFLOW_CTX_DAG_ID='dag_mlops_full_pipeline' AIRFLOW_CTX_TASK_ID='trigger_jupyter' AIRFLOW_CTX_EXECUTION_DATE='2026-03-16T16:48:00+00:00' AIRFLOW_CTX_TRY_NUMBER='1' AIRFLOW_CTX_DAG_RUN_ID='scheduled__2026-03-16T16:48:00+00:00'
[2026-03-16T16:49:11.755+0000] {logging_mixin.py:149} INFO - Creando kernel en Jupyter...
[2026-03-16T16:49:11.772+0000] {logging_mixin.py:149} INFO - Kernel creado: b38e83e6-5a75-4e16-8398-a7775da96fb0
[2026-03-16T16:49:11.772+0000] {logging_mixin.py:149} INFO - Conectando WebSocket...
[2026-03-16T16:49:11.929+0000] {logging_mixin.py:149} INFO - WebSocket conectado
[2026-03-16T16:49:11.929+0000] {logging_mixin.py:149} INFO - Esperando que el kernel este listo...
[2026-03-16T16:49:11.948+0000] {logging_mixin.py:149} INFO -   Estado kernel: busy
[2026-03-16T16:49:12.953+0000] {logging_mixin.py:149} INFO -   Estado kernel: idle
[2026-03-16T16:49:12.954+0000] {logging_mixin.py:149} INFO - Kernel listo
[2026-03-16T16:49:12.954+0000] {logging_mixin.py:149} INFO - Leyendo notebook train_model.ipynb...
[2026-03-16T16:49:12.968+0000] {logging_mixin.py:149} INFO - Inyectando parametros...
[2026-03-16T16:49:12.978+0000] {logging_mixin.py:149} INFO -   [celda 0] Parametros inyectados: batch=1, group=4
[2026-03-16T16:49:12.980+0000] {logging_mixin.py:149} INFO - Ejecutando 6 celdas del notebook...
[2026-03-16T16:49:12.980+0000] {logging_mixin.py:149} INFO -   Ejecutando celda 1/6...
[2026-03-16T16:49:13.491+0000] {logging_mixin.py:149} INFO -   [celda 1] Librerias cargadas correctamente
[2026-03-16T16:49:13.493+0000] {logging_mixin.py:149} INFO -   Ejecutando celda 2/6...
[2026-03-16T16:49:13.498+0000] {logging_mixin.py:149} INFO -   [celda 2] Parametros: batch=1, group=4
[2026-03-16T16:49:13.498+0000] {logging_mixin.py:149} INFO -   Ejecutando celda 3/6...
[2026-03-16T16:49:13.841+0000] {logging_mixin.py:149} INFO -   [celda 3] Conectando a PostgreSQL en postgres:5432...
[2026-03-16T16:49:13.854+0000] {logging_mixin.py:149} INFO -   [celda 3] /tmp/ipykernel_1207/3056758113.py:26: UserWarning: pandas only supports SQLAlchemy connectable (engine/connection) or database string URI or sqlite3 DBAPI2 connection. Other DBAPI2 objects are not tested. Please consider using SQLAlchemy.
  df = pd.read_sql(query, conn, params=(BATCH_NUMBER, GROUP_NUMBER))
[2026-03-16T16:49:13.866+0000] {logging_mixin.py:149} INFO -   [celda 3] Datos cargados: 122010 filas
   elevation    aspect     slope  horizontal_distance_to_hydrology  \
0   0.646838  0.583333  0.208333                          0.113326   
1   0.690670  0.980556  0.208333                          0.094439   
2   0.656230  0.591667  0.333333                          0.099685   
3   0.716343  0.833333  0.312500                          0.378804   
4   0.176581  0.097222  0.458333                          0.259182   

   vertical_distance_to_hydrology  horizontal_distance_to_roadways  \
0                        0.286232                         0.359321   
1                        0.288043                         0.333841   
2                        0.269928                         0.326655   
3                        0.324275                         0.277657   
4                        0.351449                         0.076220   

   hillshade_9am  hillshade_noon  hillshade_3pm  \
0       0.781250        0.972603       0.693548   
1       0.734375        0.787671       0.637097   
2       0.739583        0.993151       0.729839   
3       0.593750        0.849315       0.790323   
4       0.776042        0.534247       0.403226   

   horizontal_distance_to_fire_points  wilderness_area_encoded  \
0                            0.337018                        1   
1                            0.366651                        1   
2                            0.334196                        1   
3                            0.388053                        1   
4                            0.075259                        0   

   soil_type_encoded  cover_type  
0                 21           1  
1                 22           1  
2                 20           1  
3                 20           1  
4                  6           5
[2026-03-16T16:49:13.867+0000] {logging_mixin.py:149} INFO -   Ejecutando celda 4/6...
[2026-03-16T16:49:13.890+0000] {logging_mixin.py:149} INFO -   [celda 4] Train: 97608 filas | Test: 24402 filas
[2026-03-16T16:49:13.890+0000] {logging_mixin.py:149} INFO -   Ejecutando celda 5/6...
[2026-03-16T16:49:14.068+0000] {logging_mixin.py:149} INFO -   [celda 5] Entrenando Random Forest...
[2026-03-16T16:49:15.722+0000] {logging_mixin.py:149} INFO -   [celda 5] Entrenamiento completado
Accuracy en test: 0.9761 (97.61%)
[2026-03-16T16:49:15.724+0000] {logging_mixin.py:149} INFO -   Ejecutando celda 6/6...
[2026-03-16T16:49:15.923+0000] {logging_mixin.py:149} INFO -   [celda 6] Conectando a MinIO en http://minio:9000...
[2026-03-16T16:49:15.925+0000] {logging_mixin.py:149} INFO -   [celda 6] Modelo guardado en MinIO: s3://models/group_4/batch_1_acc_0.9761_20260316_164915.pkl
Tamano: 45907.1 KB
Notebook completado exitosamente
[2026-03-16T16:49:15.927+0000] {logging_mixin.py:149} INFO - Todas las celdas ejecutadas exitosamente
[2026-03-16T16:49:16.254+0000] {logging_mixin.py:149} INFO - Kernel b38e83e6-5a75-4e16-8398-a7775da96fb0 eliminado
[2026-03-16T16:49:16.254+0000] {python.py:183} INFO - Done. Returned value was: None
[2026-03-16T16:49:16.260+0000] {taskinstance.py:1373} INFO - Marking task as SUCCESS. dag_id=dag_mlops_full_pipeline, task_id=trigger_jupyter, execution_date=20260316T164800, start_date=20260316T164911, end_date=20260316T164916
[2026-03-16T16:49:16.291+0000] {local_task_job_runner.py:232} INFO - Task exited with return code 0
[2026-03-16T16:49:16.303+0000] {taskinstance.py:2674} INFO - 1 downstream tasks scheduled from follow-on schedule check
