[2026-03-17T03:10:10.542+0000] {taskinstance.py:1125} INFO - Dependencies all met for dep_context=non-requeueable deps ti=<TaskInstance: dag_mlops_full_pipeline.verify_and_stop scheduled__2026-03-17T03:05:00+00:00 [queued]>
[2026-03-17T03:10:10.544+0000] {taskinstance.py:1125} INFO - Dependencies all met for dep_context=requeueable deps ti=<TaskInstance: dag_mlops_full_pipeline.verify_and_stop scheduled__2026-03-17T03:05:00+00:00 [queued]>
[2026-03-17T03:10:10.545+0000] {taskinstance.py:1331} INFO - Starting attempt 1 of 1
[2026-03-17T03:10:10.549+0000] {taskinstance.py:1350} INFO - Executing <Task(PythonOperator): verify_and_stop> on 2026-03-17 03:05:00+00:00
[2026-03-17T03:10:10.552+0000] {standard_task_runner.py:57} INFO - Started process 61736 to run task
[2026-03-17T03:10:10.553+0000] {standard_task_runner.py:84} INFO - Running: ['***', 'tasks', 'run', 'dag_mlops_full_pipeline', 'verify_and_stop', 'scheduled__2026-03-17T03:05:00+00:00', '--job-id', '710', '--raw', '--subdir', 'DAGS_FOLDER/dag2.py', '--cfg-path', '/tmp/tmp_gpbcuz0']
[2026-03-17T03:10:10.554+0000] {standard_task_runner.py:85} INFO - Job 710: Subtask verify_and_stop
[2026-03-17T03:10:10.570+0000] {task_command.py:410} INFO - Running <TaskInstance: dag_mlops_full_pipeline.verify_and_stop scheduled__2026-03-17T03:05:00+00:00 [running]> on host 87aa27980d8e
[2026-03-17T03:10:10.600+0000] {taskinstance.py:1570} INFO - Exporting env vars: AIRFLOW_CTX_DAG_OWNER='***' AIRFLOW_CTX_DAG_ID='dag_mlops_full_pipeline' AIRFLOW_CTX_TASK_ID='verify_and_stop' AIRFLOW_CTX_EXECUTION_DATE='2026-03-17T03:05:00+00:00' AIRFLOW_CTX_TRY_NUMBER='1' AIRFLOW_CTX_DAG_RUN_ID='scheduled__2026-03-17T03:05:00+00:00'
[2026-03-17T03:10:10.732+0000] {logging_mixin.py:149} INFO - Modelo verificado: group_4/batch_6_acc_0.9627_20260317_031008.pkl (28480725 bytes)
[2026-03-17T03:10:10.737+0000] {crypto.py:83} WARNING - empty cryptography key - values will not be stored encrypted.
[2026-03-17T03:10:10.738+0000] {logging_mixin.py:149} INFO - Ejecucion 8/10 completada
[2026-03-17T03:10:10.738+0000] {logging_mixin.py:149} INFO - Faltan 2 ejecuciones. El DAG seguira corriendo.
[2026-03-17T03:10:10.738+0000] {python.py:183} INFO - Done. Returned value was: None
[2026-03-17T03:10:10.742+0000] {taskinstance.py:1373} INFO - Marking task as SUCCESS. dag_id=dag_mlops_full_pipeline, task_id=verify_and_stop, execution_date=20260317T030500, start_date=20260317T031010, end_date=20260317T031010
[2026-03-17T03:10:10.778+0000] {local_task_job_runner.py:232} INFO - Task exited with return code 0
[2026-03-17T03:10:10.785+0000] {taskinstance.py:2674} INFO - 0 downstream tasks scheduled from follow-on schedule check
[2026-03-17T03:13:02.254+0000] {taskinstance.py:1125} INFO - Dependencies all met for dep_context=non-requeueable deps ti=<TaskInstance: dag_mlops_full_pipeline.verify_and_stop scheduled__2026-03-17T03:05:00+00:00 [queued]>
[2026-03-17T03:13:02.256+0000] {taskinstance.py:1125} INFO - Dependencies all met for dep_context=requeueable deps ti=<TaskInstance: dag_mlops_full_pipeline.verify_and_stop scheduled__2026-03-17T03:05:00+00:00 [queued]>
[2026-03-17T03:13:02.257+0000] {taskinstance.py:1331} INFO - Starting attempt 1 of 1
[2026-03-17T03:13:02.261+0000] {taskinstance.py:1350} INFO - Executing <Task(PythonOperator): verify_and_stop> on 2026-03-17 03:05:00+00:00
[2026-03-17T03:13:02.264+0000] {standard_task_runner.py:57} INFO - Started process 61987 to run task
[2026-03-17T03:13:02.265+0000] {standard_task_runner.py:84} INFO - Running: ['***', 'tasks', 'run', 'dag_mlops_full_pipeline', 'verify_and_stop', 'scheduled__2026-03-17T03:05:00+00:00', '--job-id', '717', '--raw', '--subdir', 'DAGS_FOLDER/dag2.py', '--cfg-path', '/tmp/tmpop638g85']
[2026-03-17T03:13:02.266+0000] {standard_task_runner.py:85} INFO - Job 717: Subtask verify_and_stop
[2026-03-17T03:13:02.284+0000] {task_command.py:410} INFO - Running <TaskInstance: dag_mlops_full_pipeline.verify_and_stop scheduled__2026-03-17T03:05:00+00:00 [running]> on host 87aa27980d8e
[2026-03-17T03:13:02.313+0000] {taskinstance.py:1570} INFO - Exporting env vars: AIRFLOW_CTX_DAG_OWNER='***' AIRFLOW_CTX_DAG_ID='dag_mlops_full_pipeline' AIRFLOW_CTX_TASK_ID='verify_and_stop' AIRFLOW_CTX_EXECUTION_DATE='2026-03-17T03:05:00+00:00' AIRFLOW_CTX_TRY_NUMBER='1' AIRFLOW_CTX_DAG_RUN_ID='scheduled__2026-03-17T03:05:00+00:00'
[2026-03-17T03:13:02.456+0000] {logging_mixin.py:149} INFO - Modelo verificado: group_4/batch_1_acc_0.8976_20260317_031300.pkl (7529080 bytes)
[2026-03-17T03:13:02.460+0000] {crypto.py:83} WARNING - empty cryptography key - values will not be stored encrypted.
[2026-03-17T03:13:02.462+0000] {logging_mixin.py:149} INFO - Ejecucion 9/10 completada
[2026-03-17T03:13:02.462+0000] {logging_mixin.py:149} INFO - Faltan 1 ejecuciones. El DAG seguira corriendo.
[2026-03-17T03:13:02.462+0000] {python.py:183} INFO - Done. Returned value was: None
[2026-03-17T03:13:02.465+0000] {taskinstance.py:1373} INFO - Marking task as SUCCESS. dag_id=dag_mlops_full_pipeline, task_id=verify_and_stop, execution_date=20260317T030500, start_date=20260317T031302, end_date=20260317T031302
[2026-03-17T03:13:02.487+0000] {local_task_job_runner.py:232} INFO - Task exited with return code 0
[2026-03-17T03:13:02.494+0000] {taskinstance.py:2674} INFO - 0 downstream tasks scheduled from follow-on schedule check
