[2026-03-16T17:11:30.103+0000] {taskinstance.py:1125} INFO - Dependencies all met for dep_context=non-requeueable deps ti=<TaskInstance: dag_mlops_full_pipeline.trigger_jupyter scheduled__2026-03-16T17:05:00+00:00 [queued]>
[2026-03-16T17:11:30.107+0000] {taskinstance.py:1125} INFO - Dependencies all met for dep_context=requeueable deps ti=<TaskInstance: dag_mlops_full_pipeline.trigger_jupyter scheduled__2026-03-16T17:05:00+00:00 [queued]>
[2026-03-16T17:11:30.107+0000] {taskinstance.py:1331} INFO - Starting attempt 1 of 1
[2026-03-16T17:11:30.113+0000] {taskinstance.py:1350} INFO - Executing <Task(PythonOperator): trigger_jupyter> on 2026-03-16 17:05:00+00:00
[2026-03-16T17:11:30.116+0000] {standard_task_runner.py:57} INFO - Started process 18672 to run task
[2026-03-16T17:11:30.118+0000] {standard_task_runner.py:84} INFO - Running: ['***', 'tasks', 'run', 'dag_mlops_full_pipeline', 'trigger_jupyter', 'scheduled__2026-03-16T17:05:00+00:00', '--job-id', '244', '--raw', '--subdir', 'DAGS_FOLDER/dag2.py', '--cfg-path', '/tmp/tmpd39rm14o']
[2026-03-16T17:11:30.119+0000] {standard_task_runner.py:85} INFO - Job 244: Subtask trigger_jupyter
[2026-03-16T17:11:30.140+0000] {task_command.py:410} INFO - Running <TaskInstance: dag_mlops_full_pipeline.trigger_jupyter scheduled__2026-03-16T17:05:00+00:00 [running]> on host 87aa27980d8e
[2026-03-16T17:11:30.174+0000] {taskinstance.py:1570} INFO - Exporting env vars: AIRFLOW_CTX_DAG_OWNER='***' AIRFLOW_CTX_DAG_ID='dag_mlops_full_pipeline' AIRFLOW_CTX_TASK_ID='trigger_jupyter' AIRFLOW_CTX_EXECUTION_DATE='2026-03-16T17:05:00+00:00' AIRFLOW_CTX_TRY_NUMBER='1' AIRFLOW_CTX_DAG_RUN_ID='scheduled__2026-03-16T17:05:00+00:00'
[2026-03-16T17:11:30.180+0000] {logging_mixin.py:149} INFO - Creando kernel en Jupyter...
[2026-03-16T17:11:30.207+0000] {logging_mixin.py:149} INFO - Kernel creado: 6fe28450-5ba7-4d13-82fd-3fcf5f3455b2
[2026-03-16T17:11:30.207+0000] {logging_mixin.py:149} INFO - Conectando WebSocket...
[2026-03-16T17:11:30.435+0000] {logging_mixin.py:149} INFO - WebSocket conectado
[2026-03-16T17:11:30.435+0000] {logging_mixin.py:149} INFO - Esperando que el kernel este listo...
[2026-03-16T17:11:30.449+0000] {logging_mixin.py:149} INFO -   Estado kernel: busy
[2026-03-16T17:11:31.452+0000] {logging_mixin.py:149} INFO -   Estado kernel: idle
[2026-03-16T17:11:31.453+0000] {logging_mixin.py:149} INFO - Kernel listo
[2026-03-16T17:11:31.454+0000] {logging_mixin.py:149} INFO - Leyendo notebook train_model.ipynb...
[2026-03-16T17:11:31.473+0000] {logging_mixin.py:149} INFO - Inyectando parametros...
[2026-03-16T17:11:31.481+0000] {logging_mixin.py:149} INFO -   [celda 0] Parametros inyectados: batch=4, group=4
[2026-03-16T17:11:31.484+0000] {logging_mixin.py:149} INFO - Ejecutando 6 celdas del notebook...
[2026-03-16T17:11:31.484+0000] {logging_mixin.py:149} INFO -   Ejecutando celda 1/6...
[2026-03-16T17:11:32.011+0000] {logging_mixin.py:149} INFO -   [celda 1] Librerias cargadas correctamente
[2026-03-16T17:11:32.012+0000] {logging_mixin.py:149} INFO -   Ejecutando celda 2/6...
[2026-03-16T17:11:32.016+0000] {logging_mixin.py:149} INFO -   [celda 2] Parametros: batch=4, group=4
[2026-03-16T17:11:32.016+0000] {logging_mixin.py:149} INFO -   Ejecutando celda 3/6...
[2026-03-16T17:11:32.042+0000] {logging_mixin.py:149} INFO -   [celda 3] Conectando a PostgreSQL en postgres:5432...
Datos cargados: 5810 filas
   elevation    aspect     slope  horizontal_distance_to_hydrology  \
0   0.499375  0.225000  0.411765                          0.062959   
1   0.848750  0.586111  0.568627                          0.472193   
2   0.628125  0.725000  0.333333                          0.309549   
3   0.700625  0.413889  0.019608                          0.309549   
4   0.840625  0.630556  0.176471                          0.044071   

   vertical_distance_to_hydrology  horizontal_distance_to_roadways  \
0                        0.298401                         0.361651   
1                        0.264654                         0.382835   
2                        0.401421                         0.197641   
3                        0.355240                         0.366019   
4                        0.280639                         0.816554   

   hillshade_9am  hillshade_noon  hillshade_3pm  \
0       0.956693        0.622517       0.294355   
1       0.724409        0.986755       0.758065   
2       0.692913        0.953642       0.838710   
3       0.870079        0.894040       0.620968   
4       0.818898        0.960265       0.713710   

   horizontal_distance_to_fire_points  wilderness_area_encoded  \
0                            0.286222                        1   
1                            0.857955                        2   
2                            0.439157                        1   
3                            0.595170                        1   
4                            0.690578                        2   

   soil_type_encoded  cover_type  
0                 22           1  
1                 18           0  
2                  8           0  
3                 21           1  
4                 15           0
[2026-03-16T17:11:32.044+0000] {logging_mixin.py:149} INFO -   [celda 3] /tmp/ipykernel_1528/3056758113.py:26: UserWarning: pandas only supports SQLAlchemy connectable (engine/connection) or database string URI or sqlite3 DBAPI2 connection. Other DBAPI2 objects are not tested. Please consider using SQLAlchemy.
  df = pd.read_sql(query, conn, params=(BATCH_NUMBER, GROUP_NUMBER))
[2026-03-16T17:11:32.044+0000] {logging_mixin.py:149} INFO -   Ejecutando celda 4/6...
[2026-03-16T17:11:32.050+0000] {logging_mixin.py:149} INFO -   [celda 4] Train: 4648 filas | Test: 1162 filas
[2026-03-16T17:11:32.050+0000] {logging_mixin.py:149} INFO -   Ejecutando celda 5/6...
[2026-03-16T17:11:32.212+0000] {logging_mixin.py:149} INFO -   [celda 5] Entrenando Random Forest...
Entrenamiento completado
Accuracy en test: 0.8692 (86.92%)
[2026-03-16T17:11:32.213+0000] {logging_mixin.py:149} INFO -   Ejecutando celda 6/6...
[2026-03-16T17:11:32.259+0000] {logging_mixin.py:149} INFO -   [celda 6] Conectando a MinIO en http://minio:9000...
[2026-03-16T17:11:32.324+0000] {logging_mixin.py:149} INFO -   [celda 6] Modelo guardado en MinIO: s3://models/group_4/batch_4_acc_0.8692_20260316_171132.pkl
Tamano: 12487.7 KB
Notebook completado exitosamente
[2026-03-16T17:11:32.325+0000] {logging_mixin.py:149} INFO - Todas las celdas ejecutadas exitosamente
[2026-03-16T17:11:32.552+0000] {logging_mixin.py:149} INFO - Kernel 6fe28450-5ba7-4d13-82fd-3fcf5f3455b2 eliminado
[2026-03-16T17:11:32.552+0000] {python.py:183} INFO - Done. Returned value was: None
[2026-03-16T17:11:32.556+0000] {taskinstance.py:1373} INFO - Marking task as SUCCESS. dag_id=dag_mlops_full_pipeline, task_id=trigger_jupyter, execution_date=20260316T170500, start_date=20260316T171130, end_date=20260316T171132
[2026-03-16T17:11:32.572+0000] {local_task_job_runner.py:232} INFO - Task exited with return code 0
[2026-03-16T17:11:32.582+0000] {taskinstance.py:2674} INFO - 1 downstream tasks scheduled from follow-on schedule check
