[2026-03-16T16:47:08.189+0000] {taskinstance.py:1125} INFO - Dependencies all met for dep_context=non-requeueable deps ti=<TaskInstance: dag_mlops_full_pipeline.trigger_jupyter scheduled__2026-03-16T16:46:00+00:00 [queued]>
[2026-03-16T16:47:08.192+0000] {taskinstance.py:1125} INFO - Dependencies all met for dep_context=requeueable deps ti=<TaskInstance: dag_mlops_full_pipeline.trigger_jupyter scheduled__2026-03-16T16:46:00+00:00 [queued]>
[2026-03-16T16:47:08.192+0000] {taskinstance.py:1331} INFO - Starting attempt 1 of 1
[2026-03-16T16:47:08.196+0000] {taskinstance.py:1350} INFO - Executing <Task(PythonOperator): trigger_jupyter> on 2026-03-16 16:46:00+00:00
[2026-03-16T16:47:08.199+0000] {standard_task_runner.py:57} INFO - Started process 16700 to run task
[2026-03-16T16:47:08.201+0000] {standard_task_runner.py:84} INFO - Running: ['***', 'tasks', 'run', 'dag_mlops_full_pipeline', 'trigger_jupyter', 'scheduled__2026-03-16T16:46:00+00:00', '--job-id', '207', '--raw', '--subdir', 'DAGS_FOLDER/dag2.py', '--cfg-path', '/tmp/tmplzqyhxr7']
[2026-03-16T16:47:08.201+0000] {standard_task_runner.py:85} INFO - Job 207: Subtask trigger_jupyter
[2026-03-16T16:47:08.219+0000] {task_command.py:410} INFO - Running <TaskInstance: dag_mlops_full_pipeline.trigger_jupyter scheduled__2026-03-16T16:46:00+00:00 [running]> on host 87aa27980d8e
[2026-03-16T16:47:08.249+0000] {taskinstance.py:1570} INFO - Exporting env vars: AIRFLOW_CTX_DAG_OWNER='***' AIRFLOW_CTX_DAG_ID='dag_mlops_full_pipeline' AIRFLOW_CTX_TASK_ID='trigger_jupyter' AIRFLOW_CTX_EXECUTION_DATE='2026-03-16T16:46:00+00:00' AIRFLOW_CTX_TRY_NUMBER='1' AIRFLOW_CTX_DAG_RUN_ID='scheduled__2026-03-16T16:46:00+00:00'
[2026-03-16T16:47:08.254+0000] {logging_mixin.py:149} INFO - Creando kernel en Jupyter...
[2026-03-16T16:47:08.271+0000] {logging_mixin.py:149} INFO - Kernel creado: 2faca070-f0b9-47b7-96a2-f11aad5ed08f
[2026-03-16T16:47:08.272+0000] {logging_mixin.py:149} INFO - Conectando WebSocket...
[2026-03-16T16:47:08.470+0000] {logging_mixin.py:149} INFO - WebSocket conectado
[2026-03-16T16:47:08.470+0000] {logging_mixin.py:149} INFO - Esperando que el kernel este listo...
[2026-03-16T16:47:08.485+0000] {logging_mixin.py:149} INFO -   Estado kernel: busy
[2026-03-16T16:47:09.489+0000] {logging_mixin.py:149} INFO -   Estado kernel: idle
[2026-03-16T16:47:09.490+0000] {logging_mixin.py:149} INFO - Kernel listo
[2026-03-16T16:47:09.491+0000] {logging_mixin.py:149} INFO - Leyendo notebook train_model.ipynb...
[2026-03-16T16:47:09.504+0000] {logging_mixin.py:149} INFO - Inyectando parametros...
[2026-03-16T16:47:09.514+0000] {logging_mixin.py:149} INFO -   [celda 0] Parametros inyectados: batch=1, group=4
[2026-03-16T16:47:09.517+0000] {logging_mixin.py:149} INFO - Ejecutando 6 celdas del notebook...
[2026-03-16T16:47:09.517+0000] {logging_mixin.py:149} INFO -   Ejecutando celda 1/6...
[2026-03-16T16:47:10.006+0000] {logging_mixin.py:149} INFO -   [celda 1] Librerias cargadas correctamente
[2026-03-16T16:47:10.008+0000] {logging_mixin.py:149} INFO -   Ejecutando celda 2/6...
[2026-03-16T16:47:10.012+0000] {logging_mixin.py:149} INFO -   [celda 2] Parametros: batch=1, group=4
[2026-03-16T16:47:10.012+0000] {logging_mixin.py:149} INFO -   Ejecutando celda 3/6...
[2026-03-16T16:47:10.192+0000] {logging_mixin.py:149} INFO -   [celda 3] Conectando a PostgreSQL en postgres:5432...
Datos cargados: 58100 filas
   elevation    aspect     slope  horizontal_distance_to_hydrology  \
0   0.646838  0.583333  0.208333                          0.113326   
1   0.690670  0.980556  0.208333                          0.094439   
2   0.656230  0.591667  0.333333                          0.099685   
3   0.716343  0.833333  0.312500                          0.378804   
4   0.176581  0.097222  0.458333                          0.259182   

   vertical_distance_to_hydrology  horizontal_distance_to_roadways  \
0                        0.286232                         0.359321   
1                        0.288043                         0.333841   
2                        0.269928                         0.326655   
3                        0.324275                         0.277657   
4                        0.351449                         0.076220   

   hillshade_9am  hillshade_noon  hillshade_3pm  \
0       0.781250        0.972603       0.693548   
1       0.734375        0.787671       0.637097   
2       0.739583        0.993151       0.729839   
3       0.593750        0.849315       0.790323   
4       0.776042        0.534247       0.403226   

   horizontal_distance_to_fire_points  wilderness_area_encoded  \
0                            0.337018                        1   
1                            0.366651                        1   
2                            0.334196                        1   
3                            0.388053                        1   
4                            0.075259                        0   

   soil_type_encoded  cover_type  
0                 21           1  
1                 22           1  
2                 20           1  
3                 20           1  
4                  6           5
[2026-03-16T16:47:10.192+0000] {logging_mixin.py:149} INFO -   [celda 3] /tmp/ipykernel_1076/3056758113.py:26: UserWarning: pandas only supports SQLAlchemy connectable (engine/connection) or database string URI or sqlite3 DBAPI2 connection. Other DBAPI2 objects are not tested. Please consider using SQLAlchemy.
  df = pd.read_sql(query, conn, params=(BATCH_NUMBER, GROUP_NUMBER))
[2026-03-16T16:47:10.193+0000] {logging_mixin.py:149} INFO -   Ejecutando celda 4/6...
[2026-03-16T16:47:10.206+0000] {logging_mixin.py:149} INFO -   [celda 4] Train: 46480 filas | Test: 11620 filas
[2026-03-16T16:47:10.206+0000] {logging_mixin.py:149} INFO -   Ejecutando celda 5/6...
[2026-03-16T16:47:10.250+0000] {logging_mixin.py:149} INFO -   [celda 5] Entrenando Random Forest...
[2026-03-16T16:47:10.877+0000] {logging_mixin.py:149} INFO -   [celda 5] Entrenamiento completado
Accuracy en test: 0.9734 (97.34%)
[2026-03-16T16:47:10.878+0000] {logging_mixin.py:149} INFO -   Ejecutando celda 6/6...
[2026-03-16T16:47:10.976+0000] {logging_mixin.py:149} INFO -   [celda 6] Conectando a MinIO en http://minio:9000...
Modelo guardado en MinIO: s3://models/group_4/batch_1_acc_0.9734_20260316_164710.pkl
Tamano: 35501.1 KB
Notebook completado exitosamente
[2026-03-16T16:47:10.978+0000] {logging_mixin.py:149} INFO - Todas las celdas ejecutadas exitosamente
[2026-03-16T16:47:11.199+0000] {logging_mixin.py:149} INFO - Kernel 2faca070-f0b9-47b7-96a2-f11aad5ed08f eliminado
[2026-03-16T16:47:11.199+0000] {python.py:183} INFO - Done. Returned value was: None
[2026-03-16T16:47:11.203+0000] {taskinstance.py:1373} INFO - Marking task as SUCCESS. dag_id=dag_mlops_full_pipeline, task_id=trigger_jupyter, execution_date=20260316T164600, start_date=20260316T164708, end_date=20260316T164711
[2026-03-16T16:47:11.232+0000] {local_task_job_runner.py:232} INFO - Task exited with return code 0
[2026-03-16T16:47:11.241+0000] {taskinstance.py:2674} INFO - 1 downstream tasks scheduled from follow-on schedule check
