[2026-03-14T19:08:28.481+0000] {taskinstance.py:1125} INFO - Dependencies all met for dep_context=non-requeueable deps ti=<TaskInstance: dag_mlops_full_pipeline.trigger_jupyter manual__2026-03-14T19:08:22.678104+00:00 [queued]>
[2026-03-14T19:08:28.484+0000] {taskinstance.py:1125} INFO - Dependencies all met for dep_context=requeueable deps ti=<TaskInstance: dag_mlops_full_pipeline.trigger_jupyter manual__2026-03-14T19:08:22.678104+00:00 [queued]>
[2026-03-14T19:08:28.484+0000] {taskinstance.py:1331} INFO - Starting attempt 1 of 1
[2026-03-14T19:08:28.488+0000] {taskinstance.py:1350} INFO - Executing <Task(PythonOperator): trigger_jupyter> on 2026-03-14 19:08:22.678104+00:00
[2026-03-14T19:08:28.491+0000] {standard_task_runner.py:57} INFO - Started process 320 to run task
[2026-03-14T19:08:28.492+0000] {standard_task_runner.py:84} INFO - Running: ['***', 'tasks', 'run', 'dag_mlops_full_pipeline', 'trigger_jupyter', 'manual__2026-03-14T19:08:22.678104+00:00', '--job-id', '60', '--raw', '--subdir', 'DAGS_FOLDER/dag2.py', '--cfg-path', '/tmp/tmp69i0nb62']
[2026-03-14T19:08:28.493+0000] {standard_task_runner.py:85} INFO - Job 60: Subtask trigger_jupyter
[2026-03-14T19:08:28.511+0000] {task_command.py:410} INFO - Running <TaskInstance: dag_mlops_full_pipeline.trigger_jupyter manual__2026-03-14T19:08:22.678104+00:00 [running]> on host 463b4b91a996
[2026-03-14T19:08:28.541+0000] {taskinstance.py:1570} INFO - Exporting env vars: AIRFLOW_CTX_DAG_OWNER='***' AIRFLOW_CTX_DAG_ID='dag_mlops_full_pipeline' AIRFLOW_CTX_TASK_ID='trigger_jupyter' AIRFLOW_CTX_EXECUTION_DATE='2026-03-14T19:08:22.678104+00:00' AIRFLOW_CTX_TRY_NUMBER='1' AIRFLOW_CTX_DAG_RUN_ID='manual__2026-03-14T19:08:22.678104+00:00'
[2026-03-14T19:08:28.546+0000] {logging_mixin.py:149} INFO - Creando sesión de kernel en Jupyter para train_model.ipynb...
[2026-03-14T19:08:28.608+0000] {logging_mixin.py:149} INFO - Kernel creado: 5a97851e-9352-4e88-bd8c-dea5b4943c81
[2026-03-14T19:08:28.612+0000] {logging_mixin.py:149} INFO - Cerrando sesión 541d7a6d-680b-4d6f-be76-89aaa96eca86...
[2026-03-14T19:08:28.728+0000] {logging_mixin.py:149} INFO - Sesión cerrada
[2026-03-14T19:08:28.729+0000] {taskinstance.py:1847} ERROR - Task failed with exception
Traceback (most recent call last):
  File "/home/airflow/.local/lib/python3.7/site-packages/airflow/operators/python.py", line 181, in execute
    return_value = self.execute_callable()
  File "/home/airflow/.local/lib/python3.7/site-packages/airflow/operators/python.py", line 198, in execute_callable
    return self.python_callable(*self.op_args, **self.op_kwargs)
  File "/opt/airflow/dags/dag2.py", line 303, in trigger_jupyter
    notebook_content_resp.raise_for_status()
  File "/home/airflow/.local/lib/python3.7/site-packages/requests/models.py", line 1021, in raise_for_status
    raise HTTPError(http_error_msg, response=self)
requests.exceptions.HTTPError: 404 Client Error: Not Found for url: http://jupyter:8888/api/contents/train_model.ipynb
[2026-03-14T19:08:28.733+0000] {taskinstance.py:1373} INFO - Marking task as FAILED. dag_id=dag_mlops_full_pipeline, task_id=trigger_jupyter, execution_date=20260314T190822, start_date=20260314T190828, end_date=20260314T190828
[2026-03-14T19:08:28.738+0000] {standard_task_runner.py:109} ERROR - Failed to execute job 60 for task trigger_jupyter (404 Client Error: Not Found for url: http://jupyter:8888/api/contents/train_model.ipynb; 320)
[2026-03-14T19:08:28.757+0000] {local_task_job_runner.py:232} INFO - Task exited with return code 1
[2026-03-14T19:08:28.768+0000] {taskinstance.py:2674} INFO - 0 downstream tasks scheduled from follow-on schedule check
