[2026-03-16T19:35:05.760+0000] {taskinstance.py:1125} INFO - Dependencies all met for dep_context=non-requeueable deps ti=<TaskInstance: dag_mlops_full_pipeline.trigger_jupyter scheduled__2026-03-16T19:30:00+00:00 [queued]>
[2026-03-16T19:35:05.763+0000] {taskinstance.py:1125} INFO - Dependencies all met for dep_context=requeueable deps ti=<TaskInstance: dag_mlops_full_pipeline.trigger_jupyter scheduled__2026-03-16T19:30:00+00:00 [queued]>
[2026-03-16T19:35:05.763+0000] {taskinstance.py:1331} INFO - Starting attempt 1 of 1
[2026-03-16T19:35:05.768+0000] {taskinstance.py:1350} INFO - Executing <Task(PythonOperator): trigger_jupyter> on 2026-03-16 19:30:00+00:00
[2026-03-16T19:35:05.770+0000] {standard_task_runner.py:57} INFO - Started process 29183 to run task
[2026-03-16T19:35:05.772+0000] {standard_task_runner.py:84} INFO - Running: ['***', 'tasks', 'run', 'dag_mlops_full_pipeline', 'trigger_jupyter', 'scheduled__2026-03-16T19:30:00+00:00', '--job-id', '372', '--raw', '--subdir', 'DAGS_FOLDER/dag2.py', '--cfg-path', '/tmp/tmp7kjbnrf_']
[2026-03-16T19:35:05.773+0000] {standard_task_runner.py:85} INFO - Job 372: Subtask trigger_jupyter
[2026-03-16T19:35:05.790+0000] {task_command.py:410} INFO - Running <TaskInstance: dag_mlops_full_pipeline.trigger_jupyter scheduled__2026-03-16T19:30:00+00:00 [running]> on host 87aa27980d8e
[2026-03-16T19:35:05.819+0000] {taskinstance.py:1570} INFO - Exporting env vars: AIRFLOW_CTX_DAG_OWNER='***' AIRFLOW_CTX_DAG_ID='dag_mlops_full_pipeline' AIRFLOW_CTX_TASK_ID='trigger_jupyter' AIRFLOW_CTX_EXECUTION_DATE='2026-03-16T19:30:00+00:00' AIRFLOW_CTX_TRY_NUMBER='1' AIRFLOW_CTX_DAG_RUN_ID='scheduled__2026-03-16T19:30:00+00:00'
[2026-03-16T19:35:05.825+0000] {logging_mixin.py:149} INFO - Creando kernel en Jupyter...
[2026-03-16T19:35:05.847+0000] {logging_mixin.py:149} INFO - Kernel creado: ce98ef9a-8aaf-49d9-8727-99702783e835
[2026-03-16T19:35:05.847+0000] {logging_mixin.py:149} INFO - Conectando WebSocket...
[2026-03-16T19:35:06.016+0000] {logging_mixin.py:149} INFO - WebSocket conectado
[2026-03-16T19:35:06.016+0000] {logging_mixin.py:149} INFO - Esperando que el kernel este listo...
[2026-03-16T19:35:06.027+0000] {logging_mixin.py:149} INFO -   Estado kernel: busy
[2026-03-16T19:35:07.032+0000] {logging_mixin.py:149} INFO -   Estado kernel: busy
[2026-03-16T19:35:08.036+0000] {logging_mixin.py:149} INFO -   Estado kernel: idle
[2026-03-16T19:35:08.037+0000] {logging_mixin.py:149} INFO - Kernel listo
[2026-03-16T19:35:08.038+0000] {logging_mixin.py:149} INFO - Leyendo notebook train_model.ipynb...
[2026-03-16T19:35:08.053+0000] {logging_mixin.py:149} INFO - Inyectando parametros...
[2026-03-16T19:35:08.061+0000] {logging_mixin.py:149} INFO -   [celda 0] Parametros inyectados: batch=2, group=4
[2026-03-16T19:35:08.063+0000] {logging_mixin.py:149} INFO - Ejecutando 6 celdas del notebook...
[2026-03-16T19:35:08.063+0000] {logging_mixin.py:149} INFO -   Ejecutando celda 1/6...
[2026-03-16T19:35:08.579+0000] {logging_mixin.py:149} INFO -   [celda 1] Librerias cargadas correctamente
[2026-03-16T19:35:08.581+0000] {logging_mixin.py:149} INFO -   Ejecutando celda 2/6...
[2026-03-16T19:35:08.584+0000] {logging_mixin.py:149} INFO -   [celda 2] Parametros: batch=2, group=4
[2026-03-16T19:35:08.585+0000] {logging_mixin.py:149} INFO -   Ejecutando celda 3/6...
[2026-03-16T19:35:08.607+0000] {logging_mixin.py:149} INFO -   [celda 3] Conectando a PostgreSQL en postgres:5432...
Datos cargados: 5810 filas
   elevation    aspect     slope  horizontal_distance_to_hydrology  \
0   0.648580  0.441667  0.125000                          0.288843   
1   0.596215  0.161111  0.437500                          0.187696   
2   0.632177  0.225000  0.520833                          0.435871   
3   0.697792  0.894444  0.333333                          0.437956   
4   0.254259  0.094444  0.625000                          0.337852   

   vertical_distance_to_hydrology  horizontal_distance_to_roadways  \
0                        0.420956                         0.440337   
1                        0.402574                         0.299611   
2                        0.376838                         0.207955   
3                        0.558824                         0.084306   
4                        0.658088                         0.175097   

   hillshade_9am  hillshade_noon  hillshade_3pm  \
0       0.855670        0.916667       0.600806   
1       0.876289        0.602564       0.346774   
2       0.948454        0.576923       0.241935   
3       0.613402        0.801282       0.737903   
4       0.721649        0.391026       0.310484   

   horizontal_distance_to_fire_points  wilderness_area_encoded  \
0                            0.224719                        1   
1                            0.354401                        1   
2                            0.094569                        2   
3                            0.280431                        2   
4                            0.063670                        0   

   soil_type_encoded  cover_type  
0                 21           1  
1                 16           1  
2                 19           1  
3                 19           1  
4                  6           2
[2026-03-16T19:35:08.608+0000] {logging_mixin.py:149} INFO -   [celda 3] /tmp/ipykernel_3031/3056758113.py:26: UserWarning: pandas only supports SQLAlchemy connectable (engine/connection) or database string URI or sqlite3 DBAPI2 connection. Other DBAPI2 objects are not tested. Please consider using SQLAlchemy.
  df = pd.read_sql(query, conn, params=(BATCH_NUMBER, GROUP_NUMBER))
[2026-03-16T19:35:08.609+0000] {logging_mixin.py:149} INFO -   Ejecutando celda 4/6...
[2026-03-16T19:35:08.614+0000] {logging_mixin.py:149} INFO -   [celda 4] Train: 4648 filas | Test: 1162 filas
[2026-03-16T19:35:08.615+0000] {logging_mixin.py:149} INFO -   Ejecutando celda 5/6...
[2026-03-16T19:35:08.779+0000] {logging_mixin.py:149} INFO -   [celda 5] Entrenando Random Forest...
Entrenamiento completado
Accuracy en test: 0.8657 (86.57%)
[2026-03-16T19:35:08.781+0000] {logging_mixin.py:149} INFO -   Ejecutando celda 6/6...
[2026-03-16T19:35:08.827+0000] {logging_mixin.py:149} INFO -   [celda 6] Conectando a MinIO en http://minio:9000...
[2026-03-16T19:35:08.885+0000] {logging_mixin.py:149} INFO -   [celda 6] Modelo guardado en MinIO: s3://models/group_4/batch_2_acc_0.8657_20260316_193508.pkl
Tamano: 12123.2 KB
Notebook completado exitosamente
[2026-03-16T19:35:08.886+0000] {logging_mixin.py:149} INFO - Todas las celdas ejecutadas exitosamente
[2026-03-16T19:35:09.113+0000] {logging_mixin.py:149} INFO - Kernel ce98ef9a-8aaf-49d9-8727-99702783e835 eliminado
[2026-03-16T19:35:09.113+0000] {python.py:183} INFO - Done. Returned value was: None
[2026-03-16T19:35:09.118+0000] {taskinstance.py:1373} INFO - Marking task as SUCCESS. dag_id=dag_mlops_full_pipeline, task_id=trigger_jupyter, execution_date=20260316T193000, start_date=20260316T193505, end_date=20260316T193509
[2026-03-16T19:35:09.151+0000] {local_task_job_runner.py:232} INFO - Task exited with return code 0
[2026-03-16T19:35:09.162+0000] {taskinstance.py:2674} INFO - 1 downstream tasks scheduled from follow-on schedule check
