[2026-03-16T19:25:15.470+0000] {taskinstance.py:1125} INFO - Dependencies all met for dep_context=non-requeueable deps ti=<TaskInstance: dag_mlops_full_pipeline.trigger_jupyter scheduled__2026-03-16T19:20:00+00:00 [queued]>
[2026-03-16T19:25:15.473+0000] {taskinstance.py:1125} INFO - Dependencies all met for dep_context=requeueable deps ti=<TaskInstance: dag_mlops_full_pipeline.trigger_jupyter scheduled__2026-03-16T19:20:00+00:00 [queued]>
[2026-03-16T19:25:15.473+0000] {taskinstance.py:1331} INFO - Starting attempt 1 of 1
[2026-03-16T19:25:15.478+0000] {taskinstance.py:1350} INFO - Executing <Task(PythonOperator): trigger_jupyter> on 2026-03-16 19:20:00+00:00
[2026-03-16T19:25:15.480+0000] {standard_task_runner.py:57} INFO - Started process 28379 to run task
[2026-03-16T19:25:15.481+0000] {standard_task_runner.py:84} INFO - Running: ['***', 'tasks', 'run', 'dag_mlops_full_pipeline', 'trigger_jupyter', 'scheduled__2026-03-16T19:20:00+00:00', '--job-id', '355', '--raw', '--subdir', 'DAGS_FOLDER/dag2.py', '--cfg-path', '/tmp/tmp72d0x8ny']
[2026-03-16T19:25:15.482+0000] {standard_task_runner.py:85} INFO - Job 355: Subtask trigger_jupyter
[2026-03-16T19:25:15.499+0000] {task_command.py:410} INFO - Running <TaskInstance: dag_mlops_full_pipeline.trigger_jupyter scheduled__2026-03-16T19:20:00+00:00 [running]> on host 87aa27980d8e
[2026-03-16T19:25:15.530+0000] {taskinstance.py:1570} INFO - Exporting env vars: AIRFLOW_CTX_DAG_OWNER='***' AIRFLOW_CTX_DAG_ID='dag_mlops_full_pipeline' AIRFLOW_CTX_TASK_ID='trigger_jupyter' AIRFLOW_CTX_EXECUTION_DATE='2026-03-16T19:20:00+00:00' AIRFLOW_CTX_TRY_NUMBER='1' AIRFLOW_CTX_DAG_RUN_ID='scheduled__2026-03-16T19:20:00+00:00'
[2026-03-16T19:25:15.539+0000] {logging_mixin.py:149} INFO - Creando kernel en Jupyter...
[2026-03-16T19:25:15.561+0000] {logging_mixin.py:149} INFO - Kernel creado: a4da95be-d943-4a1c-83d0-9a84b5af2a62
[2026-03-16T19:25:15.561+0000] {logging_mixin.py:149} INFO - Conectando WebSocket...
[2026-03-16T19:25:15.728+0000] {logging_mixin.py:149} INFO - WebSocket conectado
[2026-03-16T19:25:15.728+0000] {logging_mixin.py:149} INFO - Esperando que el kernel este listo...
[2026-03-16T19:25:15.749+0000] {logging_mixin.py:149} INFO -   Estado kernel: busy
[2026-03-16T19:25:16.756+0000] {logging_mixin.py:149} INFO -   Estado kernel: busy
[2026-03-16T19:25:17.760+0000] {logging_mixin.py:149} INFO -   Estado kernel: idle
[2026-03-16T19:25:17.761+0000] {logging_mixin.py:149} INFO - Kernel listo
[2026-03-16T19:25:17.761+0000] {logging_mixin.py:149} INFO - Leyendo notebook train_model.ipynb...
[2026-03-16T19:25:17.771+0000] {logging_mixin.py:149} INFO - Inyectando parametros...
[2026-03-16T19:25:17.778+0000] {logging_mixin.py:149} INFO -   [celda 0] Parametros inyectados: batch=2, group=4
[2026-03-16T19:25:17.780+0000] {logging_mixin.py:149} INFO - Ejecutando 6 celdas del notebook...
[2026-03-16T19:25:17.781+0000] {logging_mixin.py:149} INFO -   Ejecutando celda 1/6...
[2026-03-16T19:25:18.258+0000] {logging_mixin.py:149} INFO -   [celda 1] Librerias cargadas correctamente
[2026-03-16T19:25:18.260+0000] {logging_mixin.py:149} INFO -   Ejecutando celda 2/6...
[2026-03-16T19:25:18.264+0000] {logging_mixin.py:149} INFO -   [celda 2] Parametros: batch=2, group=4
[2026-03-16T19:25:18.264+0000] {logging_mixin.py:149} INFO -   Ejecutando celda 3/6...
[2026-03-16T19:25:18.337+0000] {logging_mixin.py:149} INFO -   [celda 3] Conectando a PostgreSQL en postgres:5432...
Datos cargados: 17430 filas
   elevation    aspect     slope  horizontal_distance_to_hydrology  \
0   0.612015  0.452778  0.395833                          0.062959   
1   0.551940  0.186111  0.333333                          0.190976   
2   0.553191  0.166667  0.500000                          0.094439   
3   0.335419  0.016667  0.229167                          0.245540   
4   0.635169  0.644444  0.291667                          0.239244   

   vertical_distance_to_hydrology  horizontal_distance_to_roadways  \
0                        0.282374                         0.223244   
1                        0.345324                         0.286496   
2                        0.316547                         0.217991   
3                        0.426259                         0.072445   
4                        0.410072                         0.335084   

   hillshade_9am  hillshade_noon  hillshade_3pm  \
0          0.900        0.918367       0.524194   
1          0.900        0.680272       0.403226   
2          0.880        0.517007       0.290323   
3          0.760        0.755102       0.600806   
4          0.715        0.986395       0.770161   

   horizontal_distance_to_fire_points  wilderness_area_encoded  \
0                            0.433989                        1   
1                            0.231742                        1   
2                            0.298221                        1   
3                            0.070459                        0   
4                            0.421816                        1   

   soil_type_encoded  cover_type  
0                 22           1  
1                 22           1  
2                 15           1  
3                  6           2  
4                 23           1
[2026-03-16T19:25:18.337+0000] {logging_mixin.py:149} INFO -   [celda 3] /tmp/ipykernel_2842/3056758113.py:26: UserWarning: pandas only supports SQLAlchemy connectable (engine/connection) or database string URI or sqlite3 DBAPI2 connection. Other DBAPI2 objects are not tested. Please consider using SQLAlchemy.
  df = pd.read_sql(query, conn, params=(BATCH_NUMBER, GROUP_NUMBER))
[2026-03-16T19:25:18.338+0000] {logging_mixin.py:149} INFO -   Ejecutando celda 4/6...
[2026-03-16T19:25:18.345+0000] {logging_mixin.py:149} INFO -   [celda 4] Train: 13944 filas | Test: 3486 filas
[2026-03-16T19:25:18.345+0000] {logging_mixin.py:149} INFO -   Ejecutando celda 5/6...
[2026-03-16T19:25:18.463+0000] {logging_mixin.py:149} INFO -   [celda 5] Entrenando Random Forest...
[2026-03-16T19:25:18.595+0000] {logging_mixin.py:149} INFO -   [celda 5] Entrenamiento completado
Accuracy en test: 0.9357 (93.57%)
[2026-03-16T19:25:18.597+0000] {logging_mixin.py:149} INFO -   Ejecutando celda 6/6...
[2026-03-16T19:25:18.694+0000] {logging_mixin.py:149} INFO -   [celda 6] Conectando a MinIO en http://minio:9000...
Modelo guardado en MinIO: s3://models/group_4/batch_2_acc_0.9357_20260316_192518.pkl
Tamano: 21223.7 KB
Notebook completado exitosamente
[2026-03-16T19:25:18.696+0000] {logging_mixin.py:149} INFO - Todas las celdas ejecutadas exitosamente
[2026-03-16T19:25:18.919+0000] {logging_mixin.py:149} INFO - Kernel a4da95be-d943-4a1c-83d0-9a84b5af2a62 eliminado
[2026-03-16T19:25:18.919+0000] {python.py:183} INFO - Done. Returned value was: None
[2026-03-16T19:25:18.924+0000] {taskinstance.py:1373} INFO - Marking task as SUCCESS. dag_id=dag_mlops_full_pipeline, task_id=trigger_jupyter, execution_date=20260316T192000, start_date=20260316T192515, end_date=20260316T192518
[2026-03-16T19:25:18.956+0000] {local_task_job_runner.py:232} INFO - Task exited with return code 0
[2026-03-16T19:25:18.968+0000] {taskinstance.py:2674} INFO - 1 downstream tasks scheduled from follow-on schedule check
[2026-03-16T19:28:59.195+0000] {taskinstance.py:1125} INFO - Dependencies all met for dep_context=non-requeueable deps ti=<TaskInstance: dag_mlops_full_pipeline.trigger_jupyter scheduled__2026-03-16T19:20:00+00:00 [queued]>
[2026-03-16T19:28:59.198+0000] {taskinstance.py:1125} INFO - Dependencies all met for dep_context=requeueable deps ti=<TaskInstance: dag_mlops_full_pipeline.trigger_jupyter scheduled__2026-03-16T19:20:00+00:00 [queued]>
[2026-03-16T19:28:59.199+0000] {taskinstance.py:1331} INFO - Starting attempt 1 of 1
[2026-03-16T19:28:59.203+0000] {taskinstance.py:1350} INFO - Executing <Task(PythonOperator): trigger_jupyter> on 2026-03-16 19:20:00+00:00
[2026-03-16T19:28:59.206+0000] {standard_task_runner.py:57} INFO - Started process 28679 to run task
[2026-03-16T19:28:59.207+0000] {standard_task_runner.py:84} INFO - Running: ['***', 'tasks', 'run', 'dag_mlops_full_pipeline', 'trigger_jupyter', 'scheduled__2026-03-16T19:20:00+00:00', '--job-id', '362', '--raw', '--subdir', 'DAGS_FOLDER/dag2.py', '--cfg-path', '/tmp/tmpk3_s77qf']
[2026-03-16T19:28:59.208+0000] {standard_task_runner.py:85} INFO - Job 362: Subtask trigger_jupyter
[2026-03-16T19:28:59.227+0000] {task_command.py:410} INFO - Running <TaskInstance: dag_mlops_full_pipeline.trigger_jupyter scheduled__2026-03-16T19:20:00+00:00 [running]> on host 87aa27980d8e
[2026-03-16T19:28:59.253+0000] {taskinstance.py:1570} INFO - Exporting env vars: AIRFLOW_CTX_DAG_OWNER='***' AIRFLOW_CTX_DAG_ID='dag_mlops_full_pipeline' AIRFLOW_CTX_TASK_ID='trigger_jupyter' AIRFLOW_CTX_EXECUTION_DATE='2026-03-16T19:20:00+00:00' AIRFLOW_CTX_TRY_NUMBER='1' AIRFLOW_CTX_DAG_RUN_ID='scheduled__2026-03-16T19:20:00+00:00'
[2026-03-16T19:28:59.259+0000] {logging_mixin.py:149} INFO - Creando kernel en Jupyter...
[2026-03-16T19:28:59.286+0000] {logging_mixin.py:149} INFO - Kernel creado: c4afbcb6-4001-4415-9d1c-d7b41534e468
[2026-03-16T19:28:59.286+0000] {logging_mixin.py:149} INFO - Conectando WebSocket...
[2026-03-16T19:28:59.478+0000] {logging_mixin.py:149} INFO - WebSocket conectado
[2026-03-16T19:28:59.478+0000] {logging_mixin.py:149} INFO - Esperando que el kernel este listo...
[2026-03-16T19:28:59.496+0000] {logging_mixin.py:149} INFO -   Estado kernel: busy
[2026-03-16T19:29:00.500+0000] {logging_mixin.py:149} INFO -   Estado kernel: idle
[2026-03-16T19:29:00.502+0000] {logging_mixin.py:149} INFO - Kernel listo
[2026-03-16T19:29:00.502+0000] {logging_mixin.py:149} INFO - Leyendo notebook train_model.ipynb...
[2026-03-16T19:29:00.518+0000] {logging_mixin.py:149} INFO - Inyectando parametros...
[2026-03-16T19:29:00.527+0000] {logging_mixin.py:149} INFO -   [celda 0] Parametros inyectados: batch=1, group=4
[2026-03-16T19:29:00.530+0000] {logging_mixin.py:149} INFO - Ejecutando 6 celdas del notebook...
[2026-03-16T19:29:00.530+0000] {logging_mixin.py:149} INFO -   Ejecutando celda 1/6...
[2026-03-16T19:29:01.095+0000] {logging_mixin.py:149} INFO -   [celda 1] Librerias cargadas correctamente
[2026-03-16T19:29:01.096+0000] {logging_mixin.py:149} INFO -   Ejecutando celda 2/6...
[2026-03-16T19:29:01.102+0000] {logging_mixin.py:149} INFO -   [celda 2] Parametros: batch=1, group=4
[2026-03-16T19:29:01.103+0000] {logging_mixin.py:149} INFO -   Ejecutando celda 3/6...
[2026-03-16T19:29:01.132+0000] {logging_mixin.py:149} INFO -   [celda 3] Conectando a PostgreSQL en postgres:5432...
Datos cargados: 5810 filas
   elevation    aspect     slope  horizontal_distance_to_hydrology  \
0   0.165509  0.744444  0.461538                          0.284501   
1   0.678459  0.844444  0.288462                          0.271762   
2   0.880606  0.541667  0.211538                          0.419321   
3   0.182565  0.033333  0.730769                          0.342887   
4   0.576121  0.908333  0.442308                          0.402335   

   vertical_distance_to_hydrology  horizontal_distance_to_roadways  \
0                        0.408602                         0.098749   
1                        0.370968                         0.432083   
2                        0.444444                         0.709458   
3                        0.634409                         0.072855   
4                        0.335125                         0.207593   

   hillshade_9am  hillshade_noon  hillshade_3pm  \
0       0.598425        0.917722       0.899598   
1       0.692913        0.854430       0.783133   
2       0.858268        0.968354       0.658635   
3       0.610236        0.265823       0.389558   
4       0.625984        0.708861       0.742972   

   horizontal_distance_to_fire_points  wilderness_area_encoded  \
0                            0.241792                        0   
1                            0.356238                        1   
2                            0.695356                        2   
3                            0.044090                        0   
4                            0.262664                        1   

   soil_type_encoded  cover_type  
0                  0           5  
1                 21           1  
2                 16           0  
3                  6           2  
4                 21           1
[2026-03-16T19:29:01.133+0000] {logging_mixin.py:149} INFO -   [celda 3] /tmp/ipykernel_2905/3056758113.py:26: UserWarning: pandas only supports SQLAlchemy connectable (engine/connection) or database string URI or sqlite3 DBAPI2 connection. Other DBAPI2 objects are not tested. Please consider using SQLAlchemy.
  df = pd.read_sql(query, conn, params=(BATCH_NUMBER, GROUP_NUMBER))
[2026-03-16T19:29:01.134+0000] {logging_mixin.py:149} INFO -   Ejecutando celda 4/6...
[2026-03-16T19:29:01.141+0000] {logging_mixin.py:149} INFO -   [celda 4] Train: 4648 filas | Test: 1162 filas
[2026-03-16T19:29:01.142+0000] {logging_mixin.py:149} INFO -   Ejecutando celda 5/6...
[2026-03-16T19:29:01.296+0000] {logging_mixin.py:149} INFO -   [celda 5] Entrenando Random Forest...
[2026-03-16T19:29:01.314+0000] {logging_mixin.py:149} INFO -   [celda 5] Entrenamiento completado
Accuracy en test: 0.8718 (87.18%)
[2026-03-16T19:29:01.315+0000] {logging_mixin.py:149} INFO -   Ejecutando celda 6/6...
[2026-03-16T19:29:01.366+0000] {logging_mixin.py:149} INFO -   [celda 6] Conectando a MinIO en http://minio:9000...
[2026-03-16T19:29:01.440+0000] {logging_mixin.py:149} INFO -   [celda 6] Modelo guardado en MinIO: s3://models/group_4/batch_1_acc_0.8718_20260316_192901.pkl
Tamano: 12434.5 KB
Notebook completado exitosamente
[2026-03-16T19:29:01.441+0000] {logging_mixin.py:149} INFO - Todas las celdas ejecutadas exitosamente
[2026-03-16T19:29:01.666+0000] {logging_mixin.py:149} INFO - Kernel c4afbcb6-4001-4415-9d1c-d7b41534e468 eliminado
[2026-03-16T19:29:01.666+0000] {python.py:183} INFO - Done. Returned value was: None
[2026-03-16T19:29:01.671+0000] {taskinstance.py:1373} INFO - Marking task as SUCCESS. dag_id=dag_mlops_full_pipeline, task_id=trigger_jupyter, execution_date=20260316T192000, start_date=20260316T192859, end_date=20260316T192901
[2026-03-16T19:29:01.693+0000] {local_task_job_runner.py:232} INFO - Task exited with return code 0
[2026-03-16T19:29:01.703+0000] {taskinstance.py:2674} INFO - 1 downstream tasks scheduled from follow-on schedule check
