[2026-03-16T16:30:13.921+0000] {taskinstance.py:1125} INFO - Dependencies all met for dep_context=non-requeueable deps ti=<TaskInstance: dag_mlops_full_pipeline.create_tables scheduled__2026-03-16T16:25:00+00:00 [queued]>
[2026-03-16T16:30:13.924+0000] {taskinstance.py:1125} INFO - Dependencies all met for dep_context=requeueable deps ti=<TaskInstance: dag_mlops_full_pipeline.create_tables scheduled__2026-03-16T16:25:00+00:00 [queued]>
[2026-03-16T16:30:13.924+0000] {taskinstance.py:1331} INFO - Starting attempt 1 of 1
[2026-03-16T16:30:13.928+0000] {taskinstance.py:1350} INFO - Executing <Task(PythonOperator): create_tables> on 2026-03-16 16:25:00+00:00
[2026-03-16T16:30:13.931+0000] {standard_task_runner.py:57} INFO - Started process 15103 to run task
[2026-03-16T16:30:13.932+0000] {standard_task_runner.py:84} INFO - Running: ['***', 'tasks', 'run', 'dag_mlops_full_pipeline', 'create_tables', 'scheduled__2026-03-16T16:25:00+00:00', '--job-id', '151', '--raw', '--subdir', 'DAGS_FOLDER/dag2.py', '--cfg-path', '/tmp/tmpd4q7cc62']
[2026-03-16T16:30:13.933+0000] {standard_task_runner.py:85} INFO - Job 151: Subtask create_tables
[2026-03-16T16:30:13.953+0000] {task_command.py:410} INFO - Running <TaskInstance: dag_mlops_full_pipeline.create_tables scheduled__2026-03-16T16:25:00+00:00 [running]> on host 87aa27980d8e
[2026-03-16T16:30:13.983+0000] {taskinstance.py:1570} INFO - Exporting env vars: AIRFLOW_CTX_DAG_OWNER='***' AIRFLOW_CTX_DAG_ID='dag_mlops_full_pipeline' AIRFLOW_CTX_TASK_ID='create_tables' AIRFLOW_CTX_EXECUTION_DATE='2026-03-16T16:25:00+00:00' AIRFLOW_CTX_TRY_NUMBER='1' AIRFLOW_CTX_DAG_RUN_ID='scheduled__2026-03-16T16:25:00+00:00'
[2026-03-16T16:30:13.984+0000] {logging_mixin.py:149} INFO - Eliminando tablas anteriores si existen...
[2026-03-16T16:30:13.987+0000] {base.py:73} INFO - Using connection ID 'postgres_default' for task execution.
[2026-03-16T16:30:13.988+0000] {sql.py:375} INFO - Running statement: DROP TABLE IF EXISTS public.training_data_ready;, parameters: None
[2026-03-16T16:30:13.991+0000] {base.py:73} INFO - Using connection ID 'postgres_default' for task execution.
[2026-03-16T16:30:13.992+0000] {sql.py:375} INFO - Running statement: DROP TABLE IF EXISTS public.training_data_processed;, parameters: None
[2026-03-16T16:30:13.995+0000] {base.py:73} INFO - Using connection ID 'postgres_default' for task execution.
[2026-03-16T16:30:13.996+0000] {sql.py:375} INFO - Running statement: DROP TABLE IF EXISTS public.training_data;, parameters: None
[2026-03-16T16:30:13.997+0000] {logging_mixin.py:149} INFO - Tablas eliminadas
[2026-03-16T16:30:13.997+0000] {logging_mixin.py:149} INFO - Creando tablas nuevas...
[2026-03-16T16:30:13.998+0000] {base.py:73} INFO - Using connection ID 'postgres_default' for task execution.
[2026-03-16T16:30:13.999+0000] {sql.py:375} INFO - Running statement: 
    CREATE TABLE public.training_data (
        id                                      SERIAL PRIMARY KEY,
        group_number                            INTEGER,
        batch_number                            INTEGER,
        elevation                               INTEGER,
        aspect                                  INTEGER,
        slope                                   INTEGER,
        horizontal_distance_to_hydrology        INTEGER,
        vertical_distance_to_hydrology          INTEGER,
        horizontal_distance_to_roadways         INTEGER,
        hillshade_9am                           INTEGER,
        hillshade_noon                          INTEGER,
        hillshade_3pm                           INTEGER,
        horizontal_distance_to_fire_points      INTEGER,
        wilderness_area                         VARCHAR(100),
        soil_type                               VARCHAR(100),
        cover_type                              INTEGER,
        inserted_at                             TIMESTAMP DEFAULT NOW()
    );
    , parameters: None
[2026-03-16T16:30:14.003+0000] {base.py:73} INFO - Using connection ID 'postgres_default' for task execution.
[2026-03-16T16:30:14.004+0000] {sql.py:375} INFO - Running statement: 
    CREATE TABLE public.training_data_processed (
        id                                      SERIAL PRIMARY KEY,
        group_number                            INTEGER,
        batch_number                            INTEGER,
        elevation                               FLOAT,
        aspect                                  FLOAT,
        slope                                   FLOAT,
        horizontal_distance_to_hydrology        FLOAT,
        vertical_distance_to_hydrology          FLOAT,
        horizontal_distance_to_roadways         FLOAT,
        hillshade_9am                           FLOAT,
        hillshade_noon                          FLOAT,
        hillshade_3pm                           FLOAT,
        horizontal_distance_to_fire_points      FLOAT,
        wilderness_area_encoded                 INTEGER,
        soil_type_encoded                       INTEGER,
        cover_type                              INTEGER,
        inserted_at                             TIMESTAMP DEFAULT NOW()
    );
    , parameters: None
[2026-03-16T16:30:14.008+0000] {base.py:73} INFO - Using connection ID 'postgres_default' for task execution.
[2026-03-16T16:30:14.009+0000] {sql.py:375} INFO - Running statement: 
    CREATE TABLE public.training_data_ready (
        id                                      SERIAL PRIMARY KEY,
        elevation                               FLOAT,
        aspect                                  FLOAT,
        slope                                   FLOAT,
        horizontal_distance_to_hydrology        FLOAT,
        vertical_distance_to_hydrology          FLOAT,
        horizontal_distance_to_roadways         FLOAT,
        hillshade_9am                           FLOAT,
        hillshade_noon                          FLOAT,
        hillshade_3pm                           FLOAT,
        horizontal_distance_to_fire_points      FLOAT,
        wilderness_area_encoded                 INTEGER,
        soil_type_encoded                       INTEGER,
        cover_type                              INTEGER
    );
    , parameters: None
[2026-03-16T16:30:14.011+0000] {logging_mixin.py:149} INFO - Tres tablas creadas y listas
[2026-03-16T16:30:14.011+0000] {python.py:183} INFO - Done. Returned value was: None
[2026-03-16T16:30:14.014+0000] {taskinstance.py:1373} INFO - Marking task as SUCCESS. dag_id=dag_mlops_full_pipeline, task_id=create_tables, execution_date=20260316T162500, start_date=20260316T163013, end_date=20260316T163014
[2026-03-16T16:30:14.030+0000] {local_task_job_runner.py:232} INFO - Task exited with return code 0
[2026-03-16T16:30:14.041+0000] {taskinstance.py:2674} INFO - 1 downstream tasks scheduled from follow-on schedule check
[2026-03-16T16:31:03.089+0000] {taskinstance.py:1125} INFO - Dependencies all met for dep_context=non-requeueable deps ti=<TaskInstance: dag_mlops_full_pipeline.create_tables scheduled__2026-03-16T16:25:00+00:00 [queued]>
[2026-03-16T16:31:03.093+0000] {taskinstance.py:1125} INFO - Dependencies all met for dep_context=requeueable deps ti=<TaskInstance: dag_mlops_full_pipeline.create_tables scheduled__2026-03-16T16:25:00+00:00 [queued]>
[2026-03-16T16:31:03.093+0000] {taskinstance.py:1331} INFO - Starting attempt 1 of 1
[2026-03-16T16:31:03.099+0000] {taskinstance.py:1350} INFO - Executing <Task(PythonOperator): create_tables> on 2026-03-16 16:25:00+00:00
[2026-03-16T16:31:03.102+0000] {standard_task_runner.py:57} INFO - Started process 15220 to run task
[2026-03-16T16:31:03.103+0000] {standard_task_runner.py:84} INFO - Running: ['***', 'tasks', 'run', 'dag_mlops_full_pipeline', 'create_tables', 'scheduled__2026-03-16T16:25:00+00:00', '--job-id', '156', '--raw', '--subdir', 'DAGS_FOLDER/dag2.py', '--cfg-path', '/tmp/tmps2ho97xb']
[2026-03-16T16:31:03.104+0000] {standard_task_runner.py:85} INFO - Job 156: Subtask create_tables
[2026-03-16T16:31:03.123+0000] {task_command.py:410} INFO - Running <TaskInstance: dag_mlops_full_pipeline.create_tables scheduled__2026-03-16T16:25:00+00:00 [running]> on host 87aa27980d8e
[2026-03-16T16:31:03.149+0000] {taskinstance.py:1570} INFO - Exporting env vars: AIRFLOW_CTX_DAG_OWNER='***' AIRFLOW_CTX_DAG_ID='dag_mlops_full_pipeline' AIRFLOW_CTX_TASK_ID='create_tables' AIRFLOW_CTX_EXECUTION_DATE='2026-03-16T16:25:00+00:00' AIRFLOW_CTX_TRY_NUMBER='1' AIRFLOW_CTX_DAG_RUN_ID='scheduled__2026-03-16T16:25:00+00:00'
[2026-03-16T16:31:03.150+0000] {logging_mixin.py:149} INFO - Eliminando tablas anteriores si existen...
[2026-03-16T16:31:03.152+0000] {base.py:73} INFO - Using connection ID 'postgres_default' for task execution.
[2026-03-16T16:31:03.153+0000] {sql.py:375} INFO - Running statement: DROP TABLE IF EXISTS public.training_data_ready;, parameters: None
[2026-03-16T16:31:03.156+0000] {base.py:73} INFO - Using connection ID 'postgres_default' for task execution.
[2026-03-16T16:31:03.157+0000] {sql.py:375} INFO - Running statement: DROP TABLE IF EXISTS public.training_data_processed;, parameters: None
[2026-03-16T16:31:03.159+0000] {base.py:73} INFO - Using connection ID 'postgres_default' for task execution.
[2026-03-16T16:31:03.160+0000] {sql.py:375} INFO - Running statement: DROP TABLE IF EXISTS public.training_data;, parameters: None
[2026-03-16T16:31:03.161+0000] {logging_mixin.py:149} INFO - Tablas eliminadas
[2026-03-16T16:31:03.161+0000] {logging_mixin.py:149} INFO - Creando tablas nuevas...
[2026-03-16T16:31:03.163+0000] {base.py:73} INFO - Using connection ID 'postgres_default' for task execution.
[2026-03-16T16:31:03.163+0000] {sql.py:375} INFO - Running statement: 
    CREATE TABLE public.training_data (
        id                                      SERIAL PRIMARY KEY,
        group_number                            INTEGER,
        batch_number                            INTEGER,
        elevation                               INTEGER,
        aspect                                  INTEGER,
        slope                                   INTEGER,
        horizontal_distance_to_hydrology        INTEGER,
        vertical_distance_to_hydrology          INTEGER,
        horizontal_distance_to_roadways         INTEGER,
        hillshade_9am                           INTEGER,
        hillshade_noon                          INTEGER,
        hillshade_3pm                           INTEGER,
        horizontal_distance_to_fire_points      INTEGER,
        wilderness_area                         VARCHAR(100),
        soil_type                               VARCHAR(100),
        cover_type                              INTEGER,
        inserted_at                             TIMESTAMP DEFAULT NOW()
    );
    , parameters: None
[2026-03-16T16:31:03.168+0000] {base.py:73} INFO - Using connection ID 'postgres_default' for task execution.
[2026-03-16T16:31:03.169+0000] {sql.py:375} INFO - Running statement: 
    CREATE TABLE public.training_data_processed (
        id                                      SERIAL PRIMARY KEY,
        group_number                            INTEGER,
        batch_number                            INTEGER,
        elevation                               FLOAT,
        aspect                                  FLOAT,
        slope                                   FLOAT,
        horizontal_distance_to_hydrology        FLOAT,
        vertical_distance_to_hydrology          FLOAT,
        horizontal_distance_to_roadways         FLOAT,
        hillshade_9am                           FLOAT,
        hillshade_noon                          FLOAT,
        hillshade_3pm                           FLOAT,
        horizontal_distance_to_fire_points      FLOAT,
        wilderness_area_encoded                 INTEGER,
        soil_type_encoded                       INTEGER,
        cover_type                              INTEGER,
        inserted_at                             TIMESTAMP DEFAULT NOW()
    );
    , parameters: None
[2026-03-16T16:31:03.172+0000] {base.py:73} INFO - Using connection ID 'postgres_default' for task execution.
[2026-03-16T16:31:03.172+0000] {sql.py:375} INFO - Running statement: 
    CREATE TABLE public.training_data_ready (
        id                                      SERIAL PRIMARY KEY,
        elevation                               FLOAT,
        aspect                                  FLOAT,
        slope                                   FLOAT,
        horizontal_distance_to_hydrology        FLOAT,
        vertical_distance_to_hydrology          FLOAT,
        horizontal_distance_to_roadways         FLOAT,
        hillshade_9am                           FLOAT,
        hillshade_noon                          FLOAT,
        hillshade_3pm                           FLOAT,
        horizontal_distance_to_fire_points      FLOAT,
        wilderness_area_encoded                 INTEGER,
        soil_type_encoded                       INTEGER,
        cover_type                              INTEGER
    );
    , parameters: None
[2026-03-16T16:31:03.174+0000] {logging_mixin.py:149} INFO - Tres tablas creadas y listas
[2026-03-16T16:31:03.174+0000] {python.py:183} INFO - Done. Returned value was: None
[2026-03-16T16:31:03.177+0000] {taskinstance.py:1373} INFO - Marking task as SUCCESS. dag_id=dag_mlops_full_pipeline, task_id=create_tables, execution_date=20260316T162500, start_date=20260316T163103, end_date=20260316T163103
[2026-03-16T16:31:03.200+0000] {local_task_job_runner.py:232} INFO - Task exited with return code 0
[2026-03-16T16:31:03.212+0000] {taskinstance.py:2674} INFO - 1 downstream tasks scheduled from follow-on schedule check
[2026-03-16T16:32:46.982+0000] {taskinstance.py:1125} INFO - Dependencies all met for dep_context=non-requeueable deps ti=<TaskInstance: dag_mlops_full_pipeline.create_tables scheduled__2026-03-16T16:25:00+00:00 [queued]>
[2026-03-16T16:32:46.985+0000] {taskinstance.py:1125} INFO - Dependencies all met for dep_context=requeueable deps ti=<TaskInstance: dag_mlops_full_pipeline.create_tables scheduled__2026-03-16T16:25:00+00:00 [queued]>
[2026-03-16T16:32:46.985+0000] {taskinstance.py:1331} INFO - Starting attempt 1 of 1
[2026-03-16T16:32:46.989+0000] {taskinstance.py:1350} INFO - Executing <Task(PythonOperator): create_tables> on 2026-03-16 16:25:00+00:00
[2026-03-16T16:32:46.992+0000] {standard_task_runner.py:57} INFO - Started process 15400 to run task
[2026-03-16T16:32:46.993+0000] {standard_task_runner.py:84} INFO - Running: ['***', 'tasks', 'run', 'dag_mlops_full_pipeline', 'create_tables', 'scheduled__2026-03-16T16:25:00+00:00', '--job-id', '162', '--raw', '--subdir', 'DAGS_FOLDER/dag2.py', '--cfg-path', '/tmp/tmphmb80_6m']
[2026-03-16T16:32:46.994+0000] {standard_task_runner.py:85} INFO - Job 162: Subtask create_tables
[2026-03-16T16:32:47.016+0000] {task_command.py:410} INFO - Running <TaskInstance: dag_mlops_full_pipeline.create_tables scheduled__2026-03-16T16:25:00+00:00 [running]> on host 87aa27980d8e
[2026-03-16T16:32:47.043+0000] {taskinstance.py:1570} INFO - Exporting env vars: AIRFLOW_CTX_DAG_OWNER='***' AIRFLOW_CTX_DAG_ID='dag_mlops_full_pipeline' AIRFLOW_CTX_TASK_ID='create_tables' AIRFLOW_CTX_EXECUTION_DATE='2026-03-16T16:25:00+00:00' AIRFLOW_CTX_TRY_NUMBER='1' AIRFLOW_CTX_DAG_RUN_ID='scheduled__2026-03-16T16:25:00+00:00'
[2026-03-16T16:32:47.044+0000] {logging_mixin.py:149} INFO - Eliminando tablas anteriores si existen...
[2026-03-16T16:32:47.046+0000] {base.py:73} INFO - Using connection ID 'postgres_default' for task execution.
[2026-03-16T16:32:47.047+0000] {sql.py:375} INFO - Running statement: DROP TABLE IF EXISTS public.training_data_ready;, parameters: None
[2026-03-16T16:32:47.050+0000] {base.py:73} INFO - Using connection ID 'postgres_default' for task execution.
[2026-03-16T16:32:47.051+0000] {sql.py:375} INFO - Running statement: DROP TABLE IF EXISTS public.training_data_processed;, parameters: None
[2026-03-16T16:32:47.053+0000] {base.py:73} INFO - Using connection ID 'postgres_default' for task execution.
[2026-03-16T16:32:47.054+0000] {sql.py:375} INFO - Running statement: DROP TABLE IF EXISTS public.training_data;, parameters: None
[2026-03-16T16:32:47.055+0000] {logging_mixin.py:149} INFO - Tablas eliminadas
[2026-03-16T16:32:47.056+0000] {logging_mixin.py:149} INFO - Creando tablas nuevas...
[2026-03-16T16:32:47.057+0000] {base.py:73} INFO - Using connection ID 'postgres_default' for task execution.
[2026-03-16T16:32:47.058+0000] {sql.py:375} INFO - Running statement: 
    CREATE TABLE public.training_data (
        id                                      SERIAL PRIMARY KEY,
        group_number                            INTEGER,
        batch_number                            INTEGER,
        elevation                               INTEGER,
        aspect                                  INTEGER,
        slope                                   INTEGER,
        horizontal_distance_to_hydrology        INTEGER,
        vertical_distance_to_hydrology          INTEGER,
        horizontal_distance_to_roadways         INTEGER,
        hillshade_9am                           INTEGER,
        hillshade_noon                          INTEGER,
        hillshade_3pm                           INTEGER,
        horizontal_distance_to_fire_points      INTEGER,
        wilderness_area                         VARCHAR(100),
        soil_type                               VARCHAR(100),
        cover_type                              INTEGER,
        inserted_at                             TIMESTAMP DEFAULT NOW()
    );
    , parameters: None
[2026-03-16T16:32:47.063+0000] {base.py:73} INFO - Using connection ID 'postgres_default' for task execution.
[2026-03-16T16:32:47.064+0000] {sql.py:375} INFO - Running statement: 
    CREATE TABLE public.training_data_processed (
        id                                      SERIAL PRIMARY KEY,
        group_number                            INTEGER,
        batch_number                            INTEGER,
        elevation                               FLOAT,
        aspect                                  FLOAT,
        slope                                   FLOAT,
        horizontal_distance_to_hydrology        FLOAT,
        vertical_distance_to_hydrology          FLOAT,
        horizontal_distance_to_roadways         FLOAT,
        hillshade_9am                           FLOAT,
        hillshade_noon                          FLOAT,
        hillshade_3pm                           FLOAT,
        horizontal_distance_to_fire_points      FLOAT,
        wilderness_area_encoded                 INTEGER,
        soil_type_encoded                       INTEGER,
        cover_type                              INTEGER,
        inserted_at                             TIMESTAMP DEFAULT NOW()
    );
    , parameters: None
[2026-03-16T16:32:47.067+0000] {base.py:73} INFO - Using connection ID 'postgres_default' for task execution.
[2026-03-16T16:32:47.067+0000] {sql.py:375} INFO - Running statement: 
    CREATE TABLE public.training_data_ready (
        id                                      SERIAL PRIMARY KEY,
        elevation                               FLOAT,
        aspect                                  FLOAT,
        slope                                   FLOAT,
        horizontal_distance_to_hydrology        FLOAT,
        vertical_distance_to_hydrology          FLOAT,
        horizontal_distance_to_roadways         FLOAT,
        hillshade_9am                           FLOAT,
        hillshade_noon                          FLOAT,
        hillshade_3pm                           FLOAT,
        horizontal_distance_to_fire_points      FLOAT,
        wilderness_area_encoded                 INTEGER,
        soil_type_encoded                       INTEGER,
        cover_type                              INTEGER
    );
    , parameters: None
[2026-03-16T16:32:47.069+0000] {logging_mixin.py:149} INFO - Tres tablas creadas y listas
[2026-03-16T16:32:47.069+0000] {python.py:183} INFO - Done. Returned value was: None
[2026-03-16T16:32:47.072+0000] {taskinstance.py:1373} INFO - Marking task as SUCCESS. dag_id=dag_mlops_full_pipeline, task_id=create_tables, execution_date=20260316T162500, start_date=20260316T163246, end_date=20260316T163247
[2026-03-16T16:32:47.091+0000] {local_task_job_runner.py:232} INFO - Task exited with return code 0
[2026-03-16T16:32:47.102+0000] {taskinstance.py:2674} INFO - 1 downstream tasks scheduled from follow-on schedule check
