[2026-03-16T20:15:38.700+0000] {taskinstance.py:1125} INFO - Dependencies all met for dep_context=non-requeueable deps ti=<TaskInstance: dag_mlops_full_pipeline.trigger_jupyter scheduled__2026-03-16T20:10:00+00:00 [queued]>
[2026-03-16T20:15:38.702+0000] {taskinstance.py:1125} INFO - Dependencies all met for dep_context=requeueable deps ti=<TaskInstance: dag_mlops_full_pipeline.trigger_jupyter scheduled__2026-03-16T20:10:00+00:00 [queued]>
[2026-03-16T20:15:38.703+0000] {taskinstance.py:1331} INFO - Starting attempt 1 of 1
[2026-03-16T20:15:38.707+0000] {taskinstance.py:1350} INFO - Executing <Task(PythonOperator): trigger_jupyter> on 2026-03-16 20:10:00+00:00
[2026-03-16T20:15:38.710+0000] {standard_task_runner.py:57} INFO - Started process 32108 to run task
[2026-03-16T20:15:38.711+0000] {standard_task_runner.py:84} INFO - Running: ['***', 'tasks', 'run', 'dag_mlops_full_pipeline', 'trigger_jupyter', 'scheduled__2026-03-16T20:10:00+00:00', '--job-id', '402', '--raw', '--subdir', 'DAGS_FOLDER/dag2.py', '--cfg-path', '/tmp/tmp53h5p4fy']
[2026-03-16T20:15:38.712+0000] {standard_task_runner.py:85} INFO - Job 402: Subtask trigger_jupyter
[2026-03-16T20:15:38.731+0000] {task_command.py:410} INFO - Running <TaskInstance: dag_mlops_full_pipeline.trigger_jupyter scheduled__2026-03-16T20:10:00+00:00 [running]> on host 87aa27980d8e
[2026-03-16T20:15:38.761+0000] {taskinstance.py:1570} INFO - Exporting env vars: AIRFLOW_CTX_DAG_OWNER='***' AIRFLOW_CTX_DAG_ID='dag_mlops_full_pipeline' AIRFLOW_CTX_TASK_ID='trigger_jupyter' AIRFLOW_CTX_EXECUTION_DATE='2026-03-16T20:10:00+00:00' AIRFLOW_CTX_TRY_NUMBER='1' AIRFLOW_CTX_DAG_RUN_ID='scheduled__2026-03-16T20:10:00+00:00'
[2026-03-16T20:15:38.767+0000] {logging_mixin.py:149} INFO - Creando kernel en Jupyter...
[2026-03-16T20:15:38.799+0000] {logging_mixin.py:149} INFO - Kernel creado: ae999160-643a-4311-bf7b-9b9eea992e70
[2026-03-16T20:15:38.799+0000] {logging_mixin.py:149} INFO - Conectando WebSocket...
[2026-03-16T20:15:39.100+0000] {logging_mixin.py:149} INFO - WebSocket conectado
[2026-03-16T20:15:39.100+0000] {logging_mixin.py:149} INFO - Esperando que el kernel este listo...
[2026-03-16T20:15:39.109+0000] {logging_mixin.py:149} INFO -   Estado kernel: idle
[2026-03-16T20:15:39.109+0000] {logging_mixin.py:149} INFO - Kernel listo
[2026-03-16T20:15:39.110+0000] {logging_mixin.py:149} INFO - Leyendo notebook train_model.ipynb...
[2026-03-16T20:15:39.116+0000] {logging_mixin.py:149} INFO - Inyectando parametros...
[2026-03-16T20:15:39.123+0000] {logging_mixin.py:149} INFO -   [celda 0] Parametros inyectados: batch=7, group=4
[2026-03-16T20:15:39.123+0000] {logging_mixin.py:149} INFO - Ejecutando 6 celdas del notebook...
[2026-03-16T20:15:39.123+0000] {logging_mixin.py:149} INFO -   Ejecutando celda 1/6...
[2026-03-16T20:15:39.657+0000] {logging_mixin.py:149} INFO -   [celda 1] Librerias cargadas correctamente
[2026-03-16T20:15:39.658+0000] {logging_mixin.py:149} INFO -   Ejecutando celda 2/6...
[2026-03-16T20:15:39.664+0000] {logging_mixin.py:149} INFO -   [celda 2] Parametros: batch=7, group=4
[2026-03-16T20:15:39.665+0000] {logging_mixin.py:149} INFO -   Ejecutando celda 3/6...
[2026-03-16T20:15:39.696+0000] {logging_mixin.py:149} INFO -   [celda 3] Conectando a PostgreSQL en postgres:5432...
Datos cargados: 5810 filas
   elevation    aspect     slope  horizontal_distance_to_hydrology  \
0   0.117871  0.052778  0.490196                          0.070304   
1   0.688847  0.091667  0.117647                          0.031480   
2   0.629278  0.225000  0.156863                          0.000000   
3   0.661597  0.361111  0.215686                          0.031480   
4   0.688213  0.241667  0.333333                          0.440714   

   vertical_distance_to_hydrology  horizontal_distance_to_roadways  \
0                        0.345259                         0.089457   
1                        0.284436                         0.328009   
2                        0.284436                         0.169116   
3                        0.288014                         0.395740   
4                        0.527728                         0.083919   

   hillshade_9am  hillshade_noon  hillshade_3pm  \
0       0.697115        0.524390       0.453061   
1       0.831731        0.829268       0.583673   
2       0.894231        0.823171       0.510204   
3       0.932692        0.871951       0.493878   
4       0.951923        0.713415       0.355102   

   horizontal_distance_to_fire_points  wilderness_area_encoded  \
0                            0.149682                        0   
1                            0.485526                        1   
2                            0.435161                        1   
3                            0.143092                        1   
4                            0.180984                        2   

   soil_type_encoded  cover_type  
0                  6           2  
1                 21           1  
2                 22           1  
3                 21           1  
4                 18           1
[2026-03-16T20:15:39.697+0000] {logging_mixin.py:149} INFO -   [celda 3] /tmp/ipykernel_3406/3056758113.py:26: UserWarning: pandas only supports SQLAlchemy connectable (engine/connection) or database string URI or sqlite3 DBAPI2 connection. Other DBAPI2 objects are not tested. Please consider using SQLAlchemy.
  df = pd.read_sql(query, conn, params=(BATCH_NUMBER, GROUP_NUMBER))
[2026-03-16T20:15:39.698+0000] {logging_mixin.py:149} INFO -   Ejecutando celda 4/6...
[2026-03-16T20:15:39.704+0000] {logging_mixin.py:149} INFO -   [celda 4] Train: 4648 filas | Test: 1162 filas
[2026-03-16T20:15:39.704+0000] {logging_mixin.py:149} INFO -   Ejecutando celda 5/6...
[2026-03-16T20:15:39.858+0000] {logging_mixin.py:149} INFO -   [celda 5] Entrenando Random Forest...
[2026-03-16T20:15:39.864+0000] {logging_mixin.py:149} INFO -   [celda 5] Entrenamiento completado
Accuracy en test: 0.8640 (86.40%)
[2026-03-16T20:15:39.865+0000] {logging_mixin.py:149} INFO -   Ejecutando celda 6/6...
[2026-03-16T20:15:39.912+0000] {logging_mixin.py:149} INFO -   [celda 6] Conectando a MinIO en http://minio:9000...
[2026-03-16T20:15:39.980+0000] {logging_mixin.py:149} INFO -   [celda 6] Modelo guardado en MinIO: s3://models/group_4/batch_7_acc_0.864_20260316_201539.pkl
Tamano: 12556.1 KB
Notebook completado exitosamente
[2026-03-16T20:15:39.981+0000] {logging_mixin.py:149} INFO - Todas las celdas ejecutadas exitosamente
[2026-03-16T20:15:40.205+0000] {logging_mixin.py:149} INFO - Kernel ae999160-643a-4311-bf7b-9b9eea992e70 eliminado
[2026-03-16T20:15:40.206+0000] {python.py:183} INFO - Done. Returned value was: None
[2026-03-16T20:15:40.212+0000] {taskinstance.py:1373} INFO - Marking task as SUCCESS. dag_id=dag_mlops_full_pipeline, task_id=trigger_jupyter, execution_date=20260316T201000, start_date=20260316T201538, end_date=20260316T201540
[2026-03-16T20:15:40.226+0000] {local_task_job_runner.py:232} INFO - Task exited with return code 0
[2026-03-16T20:15:40.237+0000] {taskinstance.py:2674} INFO - 1 downstream tasks scheduled from follow-on schedule check
