[2026-03-16T21:48:26.947+0000] {taskinstance.py:1125} INFO - Dependencies all met for dep_context=non-requeueable deps ti=<TaskInstance: dag_mlops_full_pipeline.trigger_jupyter scheduled__2026-03-16T21:42:00+00:00 [queued]>
[2026-03-16T21:48:26.950+0000] {taskinstance.py:1125} INFO - Dependencies all met for dep_context=requeueable deps ti=<TaskInstance: dag_mlops_full_pipeline.trigger_jupyter scheduled__2026-03-16T21:42:00+00:00 [queued]>
[2026-03-16T21:48:26.950+0000] {taskinstance.py:1331} INFO - Starting attempt 1 of 1
[2026-03-16T21:48:26.954+0000] {taskinstance.py:1350} INFO - Executing <Task(PythonOperator): trigger_jupyter> on 2026-03-16 21:42:00+00:00
[2026-03-16T21:48:26.957+0000] {standard_task_runner.py:57} INFO - Started process 39256 to run task
[2026-03-16T21:48:26.958+0000] {standard_task_runner.py:84} INFO - Running: ['***', 'tasks', 'run', 'dag_mlops_full_pipeline', 'trigger_jupyter', 'scheduled__2026-03-16T21:42:00+00:00', '--job-id', '508', '--raw', '--subdir', 'DAGS_FOLDER/dag2.py', '--cfg-path', '/tmp/tmphpc84_h_']
[2026-03-16T21:48:26.959+0000] {standard_task_runner.py:85} INFO - Job 508: Subtask trigger_jupyter
[2026-03-16T21:48:26.977+0000] {task_command.py:410} INFO - Running <TaskInstance: dag_mlops_full_pipeline.trigger_jupyter scheduled__2026-03-16T21:42:00+00:00 [running]> on host 87aa27980d8e
[2026-03-16T21:48:27.006+0000] {taskinstance.py:1570} INFO - Exporting env vars: AIRFLOW_CTX_DAG_OWNER='***' AIRFLOW_CTX_DAG_ID='dag_mlops_full_pipeline' AIRFLOW_CTX_TASK_ID='trigger_jupyter' AIRFLOW_CTX_EXECUTION_DATE='2026-03-16T21:42:00+00:00' AIRFLOW_CTX_TRY_NUMBER='1' AIRFLOW_CTX_DAG_RUN_ID='scheduled__2026-03-16T21:42:00+00:00'
[2026-03-16T21:48:27.011+0000] {logging_mixin.py:149} INFO - Creando kernel en Jupyter...
[2026-03-16T21:48:27.028+0000] {logging_mixin.py:149} INFO - Kernel creado: 24f6a435-a17f-47c3-ae2c-d33451061e36
[2026-03-16T21:48:27.028+0000] {logging_mixin.py:149} INFO - Conectando WebSocket...
[2026-03-16T21:48:27.216+0000] {logging_mixin.py:149} INFO - WebSocket conectado
[2026-03-16T21:48:27.216+0000] {logging_mixin.py:149} INFO - Esperando que el kernel este listo...
[2026-03-16T21:48:27.229+0000] {logging_mixin.py:149} INFO -   Estado kernel: busy
[2026-03-16T21:48:28.232+0000] {logging_mixin.py:149} INFO -   Estado kernel: busy
[2026-03-16T21:48:29.235+0000] {logging_mixin.py:149} INFO -   Estado kernel: idle
[2026-03-16T21:48:29.236+0000] {logging_mixin.py:149} INFO - Kernel listo
[2026-03-16T21:48:29.237+0000] {logging_mixin.py:149} INFO - Leyendo notebook train_model.ipynb...
[2026-03-16T21:48:29.251+0000] {logging_mixin.py:149} INFO - Inyectando parametros...
[2026-03-16T21:48:29.260+0000] {logging_mixin.py:149} INFO -   [celda 0] Parametros inyectados: batch=7, group=4
[2026-03-16T21:48:29.263+0000] {logging_mixin.py:149} INFO - Ejecutando 6 celdas del notebook...
[2026-03-16T21:48:29.263+0000] {logging_mixin.py:149} INFO -   Ejecutando celda 1/6...
[2026-03-16T21:48:29.809+0000] {logging_mixin.py:149} INFO -   [celda 1] Librerias cargadas correctamente
[2026-03-16T21:48:29.812+0000] {logging_mixin.py:149} INFO -   Ejecutando celda 2/6...
[2026-03-16T21:48:29.816+0000] {logging_mixin.py:149} INFO -   [celda 2] Parametros: batch=7, group=4
[2026-03-16T21:48:29.817+0000] {logging_mixin.py:149} INFO -   Ejecutando celda 3/6...
[2026-03-16T21:48:29.849+0000] {logging_mixin.py:149} INFO -   [celda 3] Conectando a PostgreSQL en postgres:5432...
Datos cargados: 5810 filas
   elevation    aspect     slope  horizontal_distance_to_hydrology  \
0   0.216951  0.844444  0.444444                          0.031949   
1   0.239089  0.288889  0.203704                          0.000000   
2   0.716635  0.975000  0.166667                          0.671991   
3   0.874763  0.094444  0.259259                          0.191693   
4   0.672359  0.330556  0.037037                          0.159744   

   vertical_distance_to_hydrology  horizontal_distance_to_roadways  \
0                        0.311567                         0.264567   
1                        0.294776                         0.311136   
2                        0.453358                         0.584702   
3                        0.402985                         0.476265   
4                        0.313433                         0.274016   

   hillshade_9am  hillshade_noon  hillshade_3pm  \
0       0.513761        0.767123       0.846154   
1       0.931193        0.808219       0.473684   
2       0.775229        0.808219       0.643725   
3       0.830275        0.678082       0.493927   
4       0.857798        0.883562       0.603239   

   horizontal_distance_to_fire_points  wilderness_area_encoded  \
0                            0.128043                        0   
1                            0.097378                        0   
2                            0.379213                        1   
3                            0.562032                        2   
4                            0.080993                        1   

   soil_type_encoded  cover_type  
0                  6           2  
1                  9           5  
2                 22           0  
3                 19           0  
4                 22           0
[2026-03-16T21:48:29.851+0000] {logging_mixin.py:149} INFO -   [celda 3] /tmp/ipykernel_4659/3056758113.py:26: UserWarning: pandas only supports SQLAlchemy connectable (engine/connection) or database string URI or sqlite3 DBAPI2 connection. Other DBAPI2 objects are not tested. Please consider using SQLAlchemy.
  df = pd.read_sql(query, conn, params=(BATCH_NUMBER, GROUP_NUMBER))
[2026-03-16T21:48:29.851+0000] {logging_mixin.py:149} INFO -   Ejecutando celda 4/6...
[2026-03-16T21:48:29.862+0000] {logging_mixin.py:149} INFO -   [celda 4] Train: 4648 filas | Test: 1162 filas
[2026-03-16T21:48:29.862+0000] {logging_mixin.py:149} INFO -   Ejecutando celda 5/6...
[2026-03-16T21:48:30.013+0000] {logging_mixin.py:149} INFO -   [celda 5] Entrenando Random Forest...
[2026-03-16T21:48:30.088+0000] {logging_mixin.py:149} INFO -   [celda 5] Entrenamiento completado
Accuracy en test: 0.8563 (85.63%)
[2026-03-16T21:48:30.089+0000] {logging_mixin.py:149} INFO -   Ejecutando celda 6/6...
[2026-03-16T21:48:30.252+0000] {logging_mixin.py:149} INFO -   [celda 6] Conectando a MinIO en http://minio:9000...
Modelo guardado en MinIO: s3://models/group_4/batch_7_acc_0.8563_20260316_214830.pkl
Tamano: 12257.0 KB
Notebook completado exitosamente
[2026-03-16T21:48:30.254+0000] {logging_mixin.py:149} INFO - Todas las celdas ejecutadas exitosamente
[2026-03-16T21:48:30.581+0000] {logging_mixin.py:149} INFO - Kernel 24f6a435-a17f-47c3-ae2c-d33451061e36 eliminado
[2026-03-16T21:48:30.581+0000] {python.py:183} INFO - Done. Returned value was: None
[2026-03-16T21:48:30.586+0000] {taskinstance.py:1373} INFO - Marking task as SUCCESS. dag_id=dag_mlops_full_pipeline, task_id=trigger_jupyter, execution_date=20260316T214200, start_date=20260316T214826, end_date=20260316T214830
[2026-03-16T21:48:30.633+0000] {local_task_job_runner.py:232} INFO - Task exited with return code 0
[2026-03-16T21:48:30.647+0000] {taskinstance.py:2674} INFO - 1 downstream tasks scheduled from follow-on schedule check
