[2026-03-17T01:54:32.604+0000] {taskinstance.py:1125} INFO - Dependencies all met for dep_context=non-requeueable deps ti=<TaskInstance: dag_mlops_full_pipeline.trigger_jupyter scheduled__2026-03-17T01:48:00+00:00 [queued]>
[2026-03-17T01:54:32.608+0000] {taskinstance.py:1125} INFO - Dependencies all met for dep_context=requeueable deps ti=<TaskInstance: dag_mlops_full_pipeline.trigger_jupyter scheduled__2026-03-17T01:48:00+00:00 [queued]>
[2026-03-17T01:54:32.608+0000] {taskinstance.py:1331} INFO - Starting attempt 1 of 1
[2026-03-17T01:54:32.613+0000] {taskinstance.py:1350} INFO - Executing <Task(PythonOperator): trigger_jupyter> on 2026-03-17 01:48:00+00:00
[2026-03-17T01:54:32.616+0000] {standard_task_runner.py:57} INFO - Started process 55866 to run task
[2026-03-17T01:54:32.617+0000] {standard_task_runner.py:84} INFO - Running: ['***', 'tasks', 'run', 'dag_mlops_full_pipeline', 'trigger_jupyter', 'scheduled__2026-03-17T01:48:00+00:00', '--job-id', '608', '--raw', '--subdir', 'DAGS_FOLDER/dag2.py', '--cfg-path', '/tmp/tmph1k619bj']
[2026-03-17T01:54:32.618+0000] {standard_task_runner.py:85} INFO - Job 608: Subtask trigger_jupyter
[2026-03-17T01:54:32.638+0000] {task_command.py:410} INFO - Running <TaskInstance: dag_mlops_full_pipeline.trigger_jupyter scheduled__2026-03-17T01:48:00+00:00 [running]> on host 87aa27980d8e
[2026-03-17T01:54:32.667+0000] {taskinstance.py:1570} INFO - Exporting env vars: AIRFLOW_CTX_DAG_OWNER='***' AIRFLOW_CTX_DAG_ID='dag_mlops_full_pipeline' AIRFLOW_CTX_TASK_ID='trigger_jupyter' AIRFLOW_CTX_EXECUTION_DATE='2026-03-17T01:48:00+00:00' AIRFLOW_CTX_TRY_NUMBER='1' AIRFLOW_CTX_DAG_RUN_ID='scheduled__2026-03-17T01:48:00+00:00'
[2026-03-17T01:54:32.673+0000] {logging_mixin.py:149} INFO - Creando kernel en Jupyter...
[2026-03-17T01:54:32.700+0000] {logging_mixin.py:149} INFO - Kernel creado: a76756f1-dc5e-4c42-b69e-416af982c3ad
[2026-03-17T01:54:32.700+0000] {logging_mixin.py:149} INFO - Conectando WebSocket...
[2026-03-17T01:54:32.867+0000] {logging_mixin.py:149} INFO - WebSocket conectado
[2026-03-17T01:54:32.867+0000] {logging_mixin.py:149} INFO - Esperando que el kernel este listo...
[2026-03-17T01:54:32.885+0000] {logging_mixin.py:149} INFO -   Estado kernel: busy
[2026-03-17T01:54:33.889+0000] {logging_mixin.py:149} INFO -   Estado kernel: busy
[2026-03-17T01:54:34.893+0000] {logging_mixin.py:149} INFO -   Estado kernel: idle
[2026-03-17T01:54:34.894+0000] {logging_mixin.py:149} INFO - Kernel listo
[2026-03-17T01:54:34.894+0000] {logging_mixin.py:149} INFO - Leyendo notebook train_model.ipynb...
[2026-03-17T01:54:34.913+0000] {logging_mixin.py:149} INFO - Inyectando parametros...
[2026-03-17T01:54:34.922+0000] {logging_mixin.py:149} INFO -   [celda 0] Parametros inyectados: batch=1, group=4
[2026-03-17T01:54:34.924+0000] {logging_mixin.py:149} INFO - Ejecutando 7 celdas del notebook...
[2026-03-17T01:54:34.924+0000] {logging_mixin.py:149} INFO -   Ejecutando celda 1/7...
[2026-03-17T01:54:35.450+0000] {logging_mixin.py:149} INFO -   [celda 1] Librerias cargadas correctamente
[2026-03-17T01:54:35.451+0000] {logging_mixin.py:149} INFO -   Ejecutando celda 2/7...
[2026-03-17T01:54:35.454+0000] {logging_mixin.py:149} INFO -   [celda 2] Parametros: batch=1, group=4
[2026-03-17T01:54:35.494+0000] {logging_mixin.py:149} INFO -   Ejecutando celda 3/7...
[2026-03-17T01:54:35.511+0000] {logging_mixin.py:149} INFO -   [celda 3] Conectando a PostgreSQL en postgres:5432...
Datos cargados: 5810 filas
   elevation  aspect  slope  horizontal_distance_to_hydrology  \
0       2330     100      8                                30   
1       3035     184     20                               330   
2       2199     340     36                                90   
3       2283     302     32                               150   
4       3138     324     14                               330   

   vertical_distance_to_hydrology  horizontal_distance_to_roadways  \
0                               3                             1323   
1                              60                             1549   
2                              44                             1387   
3                              72                              713   
4                             -36                             1263   

   hillshade_9am  hillshade_noon  hillshade_3pm  \
0            234             229            127   
1            220             249            153   
2            123             163            164   
3            114             206            223   
4            184             224            179   

   horizontal_distance_to_fire_points wilderness_area soil_type  cover_type  
0                                 218           Cache     C2717           2  
1                                3487           Rawah     C7201           0  
2                                1187           Cache     C4703           2  
3                                1714           Cache     C4703           2  
4                                1230           Rawah     C7745           0
[2026-03-17T01:54:35.513+0000] {logging_mixin.py:149} INFO -   [celda 3] /tmp/ipykernel_5786/1577938307.py:30: UserWarning: pandas only supports SQLAlchemy connectable (engine/connection) or database string URI or sqlite3 DBAPI2 connection. Other DBAPI2 objects are not tested. Please consider using SQLAlchemy.
  df = pd.read_sql(query, conn, params=(BATCH_NUMBER, GROUP_NUMBER))
[2026-03-17T01:54:35.513+0000] {logging_mixin.py:149} INFO -   Ejecutando celda 4/7...
[2026-03-17T01:54:35.520+0000] {logging_mixin.py:149} INFO -   [celda 4] Wilderness areas vistas: ['Cache', 'Commanche', 'Rawah']
Soil types vistos: ['C2702', 'C2703', 'C2704', 'C2705', 'C2706', 'C2717', 'C4703', 'C4704', 'C4758', 'C5101', 'C5151', 'C6101', 'C6102', 'C7101', 'C7102', 'C7201', 'C7202', 'C7700', 'C7710', 'C7745', 'C7746', 'C7755', 'C7756', 'C7757', 'C7790', 'C8771', 'C8772', 'C8776']
Preprocesamiento completado
[2026-03-17T01:54:35.520+0000] {logging_mixin.py:149} INFO -   Ejecutando celda 5/7...
[2026-03-17T01:54:35.526+0000] {logging_mixin.py:149} INFO -   [celda 5] Train: 4648 filas | Test: 1162 filas
[2026-03-17T01:54:35.527+0000] {logging_mixin.py:149} INFO -   Ejecutando celda 6/7...
[2026-03-17T01:54:35.651+0000] {logging_mixin.py:149} INFO -   [celda 6] Entrenando Random Forest...
[2026-03-17T01:54:35.682+0000] {logging_mixin.py:149} INFO -   [celda 6] Entrenamiento completado
Accuracy en test: 0.8606 (86.06%)
[2026-03-17T01:54:35.683+0000] {logging_mixin.py:149} INFO -   Ejecutando celda 7/7...
[2026-03-17T01:54:35.729+0000] {logging_mixin.py:149} INFO -   [celda 7] Conectando a MinIO en http://minio:9000...
[2026-03-17T01:54:35.798+0000] {logging_mixin.py:149} INFO -   [celda 7] Bundle guardado en MinIO: s3://models/group_4/batch_1_acc_0.8606_20260317_015435.pkl
Tamano: 12034.8 KB
Wilderness areas en el bundle: ['Cache', 'Commanche', 'Rawah']
Soil types en el bundle: 28 tipos
Notebook completado exitosamente
[2026-03-17T01:54:35.799+0000] {logging_mixin.py:149} INFO - Todas las celdas ejecutadas exitosamente
[2026-03-17T01:54:36.019+0000] {logging_mixin.py:149} INFO - Kernel a76756f1-dc5e-4c42-b69e-416af982c3ad eliminado
[2026-03-17T01:54:36.019+0000] {python.py:183} INFO - Done. Returned value was: None
[2026-03-17T01:54:36.023+0000] {taskinstance.py:1373} INFO - Marking task as SUCCESS. dag_id=dag_mlops_full_pipeline, task_id=trigger_jupyter, execution_date=20260317T014800, start_date=20260317T015432, end_date=20260317T015436
[2026-03-17T01:54:36.036+0000] {local_task_job_runner.py:232} INFO - Task exited with return code 0
[2026-03-17T01:54:36.046+0000] {taskinstance.py:2674} INFO - 1 downstream tasks scheduled from follow-on schedule check
