[2026-03-16T16:20:06.210+0000] {taskinstance.py:1125} INFO - Dependencies all met for dep_context=non-requeueable deps ti=<TaskInstance: dag_mlops_full_pipeline.trigger_jupyter scheduled__2026-03-16T16:15:00+00:00 [queued]>
[2026-03-16T16:20:06.214+0000] {taskinstance.py:1125} INFO - Dependencies all met for dep_context=requeueable deps ti=<TaskInstance: dag_mlops_full_pipeline.trigger_jupyter scheduled__2026-03-16T16:15:00+00:00 [queued]>
[2026-03-16T16:20:06.214+0000] {taskinstance.py:1331} INFO - Starting attempt 1 of 1
[2026-03-16T16:20:06.219+0000] {taskinstance.py:1350} INFO - Executing <Task(PythonOperator): trigger_jupyter> on 2026-03-16 16:15:00+00:00
[2026-03-16T16:20:06.222+0000] {standard_task_runner.py:57} INFO - Started process 14364 to run task
[2026-03-16T16:20:06.224+0000] {standard_task_runner.py:84} INFO - Running: ['***', 'tasks', 'run', 'dag_mlops_full_pipeline', 'trigger_jupyter', 'scheduled__2026-03-16T16:15:00+00:00', '--job-id', '144', '--raw', '--subdir', 'DAGS_FOLDER/dag2.py', '--cfg-path', '/tmp/tmp9u6501z6']
[2026-03-16T16:20:06.225+0000] {standard_task_runner.py:85} INFO - Job 144: Subtask trigger_jupyter
[2026-03-16T16:20:06.247+0000] {task_command.py:410} INFO - Running <TaskInstance: dag_mlops_full_pipeline.trigger_jupyter scheduled__2026-03-16T16:15:00+00:00 [running]> on host 87aa27980d8e
[2026-03-16T16:20:06.285+0000] {taskinstance.py:1570} INFO - Exporting env vars: AIRFLOW_CTX_DAG_OWNER='***' AIRFLOW_CTX_DAG_ID='dag_mlops_full_pipeline' AIRFLOW_CTX_TASK_ID='trigger_jupyter' AIRFLOW_CTX_EXECUTION_DATE='2026-03-16T16:15:00+00:00' AIRFLOW_CTX_TRY_NUMBER='1' AIRFLOW_CTX_DAG_RUN_ID='scheduled__2026-03-16T16:15:00+00:00'
[2026-03-16T16:20:06.291+0000] {logging_mixin.py:149} INFO - Creando kernel en Jupyter...
[2026-03-16T16:20:06.318+0000] {logging_mixin.py:149} INFO - Kernel creado: 00bd9a3d-5b9f-4cf4-bb59-a9f54c482112
[2026-03-16T16:20:06.318+0000] {logging_mixin.py:149} INFO - Conectando WebSocket...
[2026-03-16T16:20:06.645+0000] {logging_mixin.py:149} INFO - WebSocket conectado
[2026-03-16T16:20:06.645+0000] {logging_mixin.py:149} INFO - Esperando que el kernel este listo...
[2026-03-16T16:20:06.667+0000] {logging_mixin.py:149} INFO -   Estado kernel: busy
[2026-03-16T16:20:07.675+0000] {logging_mixin.py:149} INFO -   Estado kernel: idle
[2026-03-16T16:20:07.676+0000] {logging_mixin.py:149} INFO - Kernel listo
[2026-03-16T16:20:07.677+0000] {logging_mixin.py:149} INFO - Leyendo notebook train_model.ipynb...
[2026-03-16T16:20:07.690+0000] {logging_mixin.py:149} INFO - Inyectando parametros...
[2026-03-16T16:20:07.696+0000] {logging_mixin.py:149} INFO -   [celda 0] Parametros inyectados: batch=2, group=4
[2026-03-16T16:20:07.699+0000] {logging_mixin.py:149} INFO - Ejecutando 6 celdas del notebook...
[2026-03-16T16:20:07.699+0000] {logging_mixin.py:149} INFO -   Ejecutando celda 1/6...
[2026-03-16T16:20:08.252+0000] {logging_mixin.py:149} INFO -   [celda 1] Librerias cargadas correctamente
[2026-03-16T16:20:08.254+0000] {logging_mixin.py:149} INFO -   Ejecutando celda 2/6...
[2026-03-16T16:20:08.259+0000] {logging_mixin.py:149} INFO -   [celda 2] Parametros: batch=2, group=4
[2026-03-16T16:20:08.259+0000] {logging_mixin.py:149} INFO -   Ejecutando celda 3/6...
[2026-03-16T16:20:08.282+0000] {logging_mixin.py:149} INFO -   [celda 3] Conectando a PostgreSQL en postgres:5432...
Datos cargados: 5810 filas
   elevation    aspect     slope  horizontal_distance_to_hydrology  \
0   0.245318  0.733333  0.450980                          0.065862   
1   0.514357  0.833333  0.294118                          0.032931   
2   0.307740  0.708333  0.411765                          0.520307   
3   0.585518  0.269444  0.313725                          0.407245   
4   0.220350  0.913889  0.509804                          0.326015   

   vertical_distance_to_hydrology  horizontal_distance_to_roadways  \
0                        0.308300                         0.306588   
1                        0.280632                         0.418787   
2                        0.223320                         0.046967   
3                        0.373518                         0.364427   
4                        0.600791                         0.073712   

   hillshade_9am  hillshade_noon  hillshade_3pm  \
0       0.618110        0.931034       0.895161   
1       0.692913        0.848276       0.790323   
2       0.653543        0.958621       0.875000   
3       0.964567        0.724138       0.379032   
4       0.590551        0.627586       0.745968   

   horizontal_distance_to_fire_points  wilderness_area_encoded  \
0                            0.139264                        0   
1                            0.020959                        1   
2                            0.161388                        0   
3                            0.128784                        1   
4                            0.183279                        0   

   soil_type_encoded  cover_type  
0                  1           5  
1                 23           1  
2                  6           2  
3                 21           1  
4                  6           2
[2026-03-16T16:20:08.282+0000] {logging_mixin.py:149} INFO -   [celda 3] /tmp/ipykernel_389/3056758113.py:26: UserWarning: pandas only supports SQLAlchemy connectable (engine/connection) or database string URI or sqlite3 DBAPI2 connection. Other DBAPI2 objects are not tested. Please consider using SQLAlchemy.
  df = pd.read_sql(query, conn, params=(BATCH_NUMBER, GROUP_NUMBER))
[2026-03-16T16:20:08.283+0000] {logging_mixin.py:149} INFO -   Ejecutando celda 4/6...
[2026-03-16T16:20:08.290+0000] {logging_mixin.py:149} INFO -   [celda 4] Train: 4648 filas | Test: 1162 filas
[2026-03-16T16:20:08.290+0000] {logging_mixin.py:149} INFO -   Ejecutando celda 5/6...
[2026-03-16T16:20:08.453+0000] {logging_mixin.py:149} INFO -   [celda 5] Entrenando Random Forest...
[2026-03-16T16:20:08.468+0000] {logging_mixin.py:149} INFO -   [celda 5] Entrenamiento completado
Accuracy en test: 0.8391 (83.91%)
[2026-03-16T16:20:08.470+0000] {logging_mixin.py:149} INFO -   Ejecutando celda 6/6...
[2026-03-16T16:20:08.517+0000] {logging_mixin.py:149} INFO -   [celda 6] Conectando a MinIO en http://minio:9000...
[2026-03-16T16:20:08.597+0000] {logging_mixin.py:149} INFO -   [celda 6] Modelo guardado en MinIO: s3://models/group_4/batch_2_acc_0.8391_20260316_162008.pkl
Tamano: 12133.3 KB
Notebook completado exitosamente
[2026-03-16T16:20:08.599+0000] {logging_mixin.py:149} INFO - Todas las celdas ejecutadas exitosamente
[2026-03-16T16:20:08.822+0000] {logging_mixin.py:149} INFO - Kernel 00bd9a3d-5b9f-4cf4-bb59-a9f54c482112 eliminado
[2026-03-16T16:20:08.822+0000] {python.py:183} INFO - Done. Returned value was: None
[2026-03-16T16:20:08.828+0000] {taskinstance.py:1373} INFO - Marking task as SUCCESS. dag_id=dag_mlops_full_pipeline, task_id=trigger_jupyter, execution_date=20260316T161500, start_date=20260316T162006, end_date=20260316T162008
[2026-03-16T16:20:08.844+0000] {local_task_job_runner.py:232} INFO - Task exited with return code 0
[2026-03-16T16:20:08.858+0000] {taskinstance.py:2674} INFO - 1 downstream tasks scheduled from follow-on schedule check
