[2026-03-17T01:36:05.730+0000] {taskinstance.py:1125} INFO - Dependencies all met for dep_context=non-requeueable deps ti=<TaskInstance: dag_mlops_full_pipeline.trigger_jupyter scheduled__2026-03-17T01:30:00+00:00 [queued]>
[2026-03-17T01:36:05.733+0000] {taskinstance.py:1125} INFO - Dependencies all met for dep_context=requeueable deps ti=<TaskInstance: dag_mlops_full_pipeline.trigger_jupyter scheduled__2026-03-17T01:30:00+00:00 [queued]>
[2026-03-17T01:36:05.733+0000] {taskinstance.py:1331} INFO - Starting attempt 1 of 1
[2026-03-17T01:36:05.738+0000] {taskinstance.py:1350} INFO - Executing <Task(PythonOperator): trigger_jupyter> on 2026-03-17 01:30:00+00:00
[2026-03-17T01:36:05.741+0000] {standard_task_runner.py:57} INFO - Started process 54563 to run task
[2026-03-17T01:36:05.742+0000] {standard_task_runner.py:84} INFO - Running: ['***', 'tasks', 'run', 'dag_mlops_full_pipeline', 'trigger_jupyter', 'scheduled__2026-03-17T01:30:00+00:00', '--job-id', '591', '--raw', '--subdir', 'DAGS_FOLDER/dag2.py', '--cfg-path', '/tmp/tmp10gk23xh']
[2026-03-17T01:36:05.743+0000] {standard_task_runner.py:85} INFO - Job 591: Subtask trigger_jupyter
[2026-03-17T01:36:05.760+0000] {task_command.py:410} INFO - Running <TaskInstance: dag_mlops_full_pipeline.trigger_jupyter scheduled__2026-03-17T01:30:00+00:00 [running]> on host 87aa27980d8e
[2026-03-17T01:36:05.790+0000] {taskinstance.py:1570} INFO - Exporting env vars: AIRFLOW_CTX_DAG_OWNER='***' AIRFLOW_CTX_DAG_ID='dag_mlops_full_pipeline' AIRFLOW_CTX_TASK_ID='trigger_jupyter' AIRFLOW_CTX_EXECUTION_DATE='2026-03-17T01:30:00+00:00' AIRFLOW_CTX_TRY_NUMBER='1' AIRFLOW_CTX_DAG_RUN_ID='scheduled__2026-03-17T01:30:00+00:00'
[2026-03-17T01:36:05.795+0000] {logging_mixin.py:149} INFO - Creando kernel en Jupyter...
[2026-03-17T01:36:05.814+0000] {logging_mixin.py:149} INFO - Kernel creado: 98c15eab-fbb4-4513-b6dc-da9e4536733e
[2026-03-17T01:36:05.814+0000] {logging_mixin.py:149} INFO - Conectando WebSocket...
[2026-03-17T01:36:06.115+0000] {logging_mixin.py:149} INFO - WebSocket conectado
[2026-03-17T01:36:06.116+0000] {logging_mixin.py:149} INFO - Esperando que el kernel este listo...
[2026-03-17T01:36:06.133+0000] {logging_mixin.py:149} INFO -   Estado kernel: busy
[2026-03-17T01:36:07.137+0000] {logging_mixin.py:149} INFO -   Estado kernel: idle
[2026-03-17T01:36:07.138+0000] {logging_mixin.py:149} INFO - Kernel listo
[2026-03-17T01:36:07.139+0000] {logging_mixin.py:149} INFO - Leyendo notebook train_model.ipynb...
[2026-03-17T01:36:07.151+0000] {logging_mixin.py:149} INFO - Inyectando parametros...
[2026-03-17T01:36:07.161+0000] {logging_mixin.py:149} INFO -   [celda 0] Parametros inyectados: batch=4, group=4
[2026-03-17T01:36:07.164+0000] {logging_mixin.py:149} INFO - Ejecutando 7 celdas del notebook...
[2026-03-17T01:36:07.164+0000] {logging_mixin.py:149} INFO -   Ejecutando celda 1/7...
[2026-03-17T01:36:07.661+0000] {logging_mixin.py:149} INFO -   [celda 1] Librerias cargadas correctamente
[2026-03-17T01:36:07.662+0000] {logging_mixin.py:149} INFO -   Ejecutando celda 2/7...
[2026-03-17T01:36:07.665+0000] {logging_mixin.py:149} INFO -   [celda 2] Parametros: batch=4, group=4
[2026-03-17T01:36:07.706+0000] {logging_mixin.py:149} INFO -   Ejecutando celda 3/7...
[2026-03-17T01:36:07.724+0000] {logging_mixin.py:149} INFO -   [celda 3] Conectando a PostgreSQL en postgres:5432...
Datos cargados: 5810 filas
   elevation  aspect  slope  horizontal_distance_to_hydrology  \
0       2397      18      9                                 0   
1       2768     309      6                                30   
2       3096     114     13                                30   
3       3204     354      9                               108   
4       2809     169     31                               150   

   vertical_distance_to_hydrology  horizontal_distance_to_roadways  \
0                               0                              819   
1                               3                             2216   
2                              -9                             2761   
3                              13                             3463   
4                              81                             1371   

   hillshade_9am  hillshade_noon  hillshade_3pm  \
0            213             221            144   
1            203             236            173   
2            242             226            111   
3            205             224            157   
4            226             235            117   

   horizontal_distance_to_fire_points wilderness_area soil_type  cover_type  
0                                1050           Cache     C6101           5  
1                                1123       Commanche     C7202           1  
2                                3479           Rawah     C7201           0  
3                                3422           Rawah     C7202           0  
4                                1801       Commanche     C4758           1
[2026-03-17T01:36:07.725+0000] {logging_mixin.py:149} INFO -   [celda 3] /tmp/ipykernel_5599/1577938307.py:30: UserWarning: pandas only supports SQLAlchemy connectable (engine/connection) or database string URI or sqlite3 DBAPI2 connection. Other DBAPI2 objects are not tested. Please consider using SQLAlchemy.
  df = pd.read_sql(query, conn, params=(BATCH_NUMBER, GROUP_NUMBER))
[2026-03-17T01:36:07.726+0000] {logging_mixin.py:149} INFO -   Ejecutando celda 4/7...
[2026-03-17T01:36:07.732+0000] {logging_mixin.py:149} INFO -   [celda 4] Wilderness areas vistas: ['Cache', 'Commanche', 'Rawah']
Soil types vistos: ['C2702', 'C2703', 'C2704', 'C2705', 'C2706', 'C2717', 'C4703', 'C4704', 'C4758', 'C5101', 'C6101', 'C6102', 'C7101', 'C7102', 'C7201', 'C7202', 'C7700', 'C7710', 'C7745', 'C7746', 'C7755', 'C7756', 'C7757', 'C7790', 'C8771', 'C8772', 'C8776']
Preprocesamiento completado
[2026-03-17T01:36:07.732+0000] {logging_mixin.py:149} INFO -   Ejecutando celda 5/7...
[2026-03-17T01:36:07.738+0000] {logging_mixin.py:149} INFO -   [celda 5] Train: 4648 filas | Test: 1162 filas
[2026-03-17T01:36:07.739+0000] {logging_mixin.py:149} INFO -   Ejecutando celda 6/7...
[2026-03-17T01:36:07.864+0000] {logging_mixin.py:149} INFO -   [celda 6] Entrenando Random Forest...
[2026-03-17T01:36:07.878+0000] {logging_mixin.py:149} INFO -   [celda 6] Entrenamiento completado
Accuracy en test: 0.8657 (86.57%)
[2026-03-17T01:36:07.880+0000] {logging_mixin.py:149} INFO -   Ejecutando celda 7/7...
[2026-03-17T01:36:07.927+0000] {logging_mixin.py:149} INFO -   [celda 7] Conectando a MinIO en http://minio:9000...
[2026-03-17T01:36:07.989+0000] {logging_mixin.py:149} INFO -   [celda 7] Bundle guardado en MinIO: s3://models/group_4/batch_4_acc_0.8657_20260317_013607.pkl
Tamano: 12301.8 KB
Wilderness areas en el bundle: ['Cache', 'Commanche', 'Rawah']
Soil types en el bundle: 27 tipos
Notebook completado exitosamente
[2026-03-17T01:36:07.990+0000] {logging_mixin.py:149} INFO - Todas las celdas ejecutadas exitosamente
[2026-03-17T01:36:08.209+0000] {logging_mixin.py:149} INFO - Kernel 98c15eab-fbb4-4513-b6dc-da9e4536733e eliminado
[2026-03-17T01:36:08.209+0000] {python.py:183} INFO - Done. Returned value was: None
[2026-03-17T01:36:08.213+0000] {taskinstance.py:1373} INFO - Marking task as SUCCESS. dag_id=dag_mlops_full_pipeline, task_id=trigger_jupyter, execution_date=20260317T013000, start_date=20260317T013605, end_date=20260317T013608
[2026-03-17T01:36:08.238+0000] {local_task_job_runner.py:232} INFO - Task exited with return code 0
[2026-03-17T01:36:08.248+0000] {taskinstance.py:2674} INFO - 1 downstream tasks scheduled from follow-on schedule check
