[2026-03-16T18:45:06.880+0000] {taskinstance.py:1125} INFO - Dependencies all met for dep_context=non-requeueable deps ti=<TaskInstance: dag_mlops_full_pipeline.trigger_jupyter scheduled__2026-03-16T18:40:00+00:00 [queued]>
[2026-03-16T18:45:06.883+0000] {taskinstance.py:1125} INFO - Dependencies all met for dep_context=requeueable deps ti=<TaskInstance: dag_mlops_full_pipeline.trigger_jupyter scheduled__2026-03-16T18:40:00+00:00 [queued]>
[2026-03-16T18:45:06.883+0000] {taskinstance.py:1331} INFO - Starting attempt 1 of 1
[2026-03-16T18:45:06.888+0000] {taskinstance.py:1350} INFO - Executing <Task(PythonOperator): trigger_jupyter> on 2026-03-16 18:40:00+00:00
[2026-03-16T18:45:06.890+0000] {standard_task_runner.py:57} INFO - Started process 25368 to run task
[2026-03-16T18:45:06.892+0000] {standard_task_runner.py:84} INFO - Running: ['***', 'tasks', 'run', 'dag_mlops_full_pipeline', 'trigger_jupyter', 'scheduled__2026-03-16T18:40:00+00:00', '--job-id', '313', '--raw', '--subdir', 'DAGS_FOLDER/dag2.py', '--cfg-path', '/tmp/tmpgwuw0v9_']
[2026-03-16T18:45:06.892+0000] {standard_task_runner.py:85} INFO - Job 313: Subtask trigger_jupyter
[2026-03-16T18:45:06.909+0000] {task_command.py:410} INFO - Running <TaskInstance: dag_mlops_full_pipeline.trigger_jupyter scheduled__2026-03-16T18:40:00+00:00 [running]> on host 87aa27980d8e
[2026-03-16T18:45:06.938+0000] {taskinstance.py:1570} INFO - Exporting env vars: AIRFLOW_CTX_DAG_OWNER='***' AIRFLOW_CTX_DAG_ID='dag_mlops_full_pipeline' AIRFLOW_CTX_TASK_ID='trigger_jupyter' AIRFLOW_CTX_EXECUTION_DATE='2026-03-16T18:40:00+00:00' AIRFLOW_CTX_TRY_NUMBER='1' AIRFLOW_CTX_DAG_RUN_ID='scheduled__2026-03-16T18:40:00+00:00'
[2026-03-16T18:45:06.943+0000] {logging_mixin.py:149} INFO - Creando kernel en Jupyter...
[2026-03-16T18:45:06.963+0000] {logging_mixin.py:149} INFO - Kernel creado: aa455321-c60a-4b98-b31b-b78ad81f9010
[2026-03-16T18:45:06.964+0000] {logging_mixin.py:149} INFO - Conectando WebSocket...
[2026-03-16T18:45:07.144+0000] {logging_mixin.py:149} INFO - WebSocket conectado
[2026-03-16T18:45:07.144+0000] {logging_mixin.py:149} INFO - Esperando que el kernel este listo...
[2026-03-16T18:45:07.158+0000] {logging_mixin.py:149} INFO -   Estado kernel: busy
[2026-03-16T18:45:08.164+0000] {logging_mixin.py:149} INFO -   Estado kernel: idle
[2026-03-16T18:45:08.165+0000] {logging_mixin.py:149} INFO - Kernel listo
[2026-03-16T18:45:08.165+0000] {logging_mixin.py:149} INFO - Leyendo notebook train_model.ipynb...
[2026-03-16T18:45:08.179+0000] {logging_mixin.py:149} INFO - Inyectando parametros...
[2026-03-16T18:45:08.187+0000] {logging_mixin.py:149} INFO -   [celda 0] Parametros inyectados: batch=2, group=4
[2026-03-16T18:45:08.190+0000] {logging_mixin.py:149} INFO - Ejecutando 6 celdas del notebook...
[2026-03-16T18:45:08.190+0000] {logging_mixin.py:149} INFO -   Ejecutando celda 1/6...
[2026-03-16T18:45:08.676+0000] {logging_mixin.py:149} INFO -   [celda 1] Librerias cargadas correctamente
[2026-03-16T18:45:08.677+0000] {logging_mixin.py:149} INFO -   Ejecutando celda 2/6...
[2026-03-16T18:45:08.681+0000] {logging_mixin.py:149} INFO -   [celda 2] Parametros: batch=2, group=4
[2026-03-16T18:45:08.681+0000] {logging_mixin.py:149} INFO -   Ejecutando celda 3/6...
[2026-03-16T18:45:08.763+0000] {logging_mixin.py:149} INFO -   [celda 3] Conectando a PostgreSQL en postgres:5432...
Datos cargados: 17430 filas
   elevation    aspect     slope  horizontal_distance_to_hydrology  \
0   0.513359  0.772222  0.688889                          0.139729   
1   0.183842  0.061111  0.733333                          0.099062   
2   0.696565  0.800000  0.111111                          0.281543   
3   0.662214  0.688889  0.244444                          0.469239   
4   0.318702  0.044444  0.200000                          0.508863   

   vertical_distance_to_hydrology  horizontal_distance_to_roadways  \
0                        0.434286                         0.327643   
1                        0.297143                         0.123441   
2                        0.321905                         0.335960   
3                        0.356190                         0.400525   
4                        0.603810                         0.196323   

   hillshade_9am  hillshade_noon  hillshade_3pm  \
0       0.283422        0.816993          0.948   
1       0.609626        0.333333          0.352   
2       0.737968        0.901961          0.692   
3       0.689840        0.960784          0.760   
4       0.775401        0.790850          0.584   

   horizontal_distance_to_fire_points  wilderness_area_encoded  \
0                            0.270453                        1   
1                            0.114072                        0   
2                            0.154511                        1   
3                            0.226975                        1   
4                            0.327256                        0   

   soil_type_encoded  cover_type  
0                  8           5  
1                  6           5  
2                 21           1  
3                 20           1  
4                  5           2
[2026-03-16T18:45:08.763+0000] {logging_mixin.py:149} INFO -   [celda 3] /tmp/ipykernel_2342/3056758113.py:26: UserWarning: pandas only supports SQLAlchemy connectable (engine/connection) or database string URI or sqlite3 DBAPI2 connection. Other DBAPI2 objects are not tested. Please consider using SQLAlchemy.
  df = pd.read_sql(query, conn, params=(BATCH_NUMBER, GROUP_NUMBER))
[2026-03-16T18:45:08.764+0000] {logging_mixin.py:149} INFO -   Ejecutando celda 4/6...
[2026-03-16T18:45:08.772+0000] {logging_mixin.py:149} INFO -   [celda 4] Train: 13944 filas | Test: 3486 filas
[2026-03-16T18:45:08.773+0000] {logging_mixin.py:149} INFO -   Ejecutando celda 5/6...
[2026-03-16T18:45:08.883+0000] {logging_mixin.py:149} INFO -   [celda 5] Entrenando Random Forest...
[2026-03-16T18:45:09.018+0000] {logging_mixin.py:149} INFO -   [celda 5] Entrenamiento completado
Accuracy en test: 0.9378 (93.78%)
[2026-03-16T18:45:09.019+0000] {logging_mixin.py:149} INFO -   Ejecutando celda 6/6...
[2026-03-16T18:45:09.119+0000] {logging_mixin.py:149} INFO -   [celda 6] Conectando a MinIO en http://minio:9000...
Modelo guardado en MinIO: s3://models/group_4/batch_2_acc_0.9378_20260316_184509.pkl
Tamano: 22848.1 KB
Notebook completado exitosamente
[2026-03-16T18:45:09.120+0000] {logging_mixin.py:149} INFO - Todas las celdas ejecutadas exitosamente
[2026-03-16T18:45:09.341+0000] {logging_mixin.py:149} INFO - Kernel aa455321-c60a-4b98-b31b-b78ad81f9010 eliminado
[2026-03-16T18:45:09.341+0000] {python.py:183} INFO - Done. Returned value was: None
[2026-03-16T18:45:09.346+0000] {taskinstance.py:1373} INFO - Marking task as SUCCESS. dag_id=dag_mlops_full_pipeline, task_id=trigger_jupyter, execution_date=20260316T184000, start_date=20260316T184506, end_date=20260316T184509
[2026-03-16T18:45:09.387+0000] {local_task_job_runner.py:232} INFO - Task exited with return code 0
[2026-03-16T18:45:09.397+0000] {taskinstance.py:2674} INFO - 1 downstream tasks scheduled from follow-on schedule check
