[2026-03-17T03:10:02.065+0000] {taskinstance.py:1125} INFO - Dependencies all met for dep_context=non-requeueable deps ti=<TaskInstance: dag_mlops_full_pipeline.get_api_data scheduled__2026-03-17T03:05:00+00:00 [queued]>
[2026-03-17T03:10:02.068+0000] {taskinstance.py:1125} INFO - Dependencies all met for dep_context=requeueable deps ti=<TaskInstance: dag_mlops_full_pipeline.get_api_data scheduled__2026-03-17T03:05:00+00:00 [queued]>
[2026-03-17T03:10:02.068+0000] {taskinstance.py:1331} INFO - Starting attempt 1 of 1
[2026-03-17T03:10:02.072+0000] {taskinstance.py:1350} INFO - Executing <Task(PythonOperator): get_api_data> on 2026-03-17 03:05:00+00:00
[2026-03-17T03:10:02.075+0000] {standard_task_runner.py:57} INFO - Started process 61695 to run task
[2026-03-17T03:10:02.076+0000] {standard_task_runner.py:84} INFO - Running: ['***', 'tasks', 'run', 'dag_mlops_full_pipeline', 'get_api_data', 'scheduled__2026-03-17T03:05:00+00:00', '--job-id', '707', '--raw', '--subdir', 'DAGS_FOLDER/dag2.py', '--cfg-path', '/tmp/tmplpwhmu5d']
[2026-03-17T03:10:02.077+0000] {standard_task_runner.py:85} INFO - Job 707: Subtask get_api_data
[2026-03-17T03:10:02.094+0000] {task_command.py:410} INFO - Running <TaskInstance: dag_mlops_full_pipeline.get_api_data scheduled__2026-03-17T03:05:00+00:00 [running]> on host 87aa27980d8e
[2026-03-17T03:10:02.123+0000] {taskinstance.py:1570} INFO - Exporting env vars: AIRFLOW_CTX_DAG_OWNER='***' AIRFLOW_CTX_DAG_ID='dag_mlops_full_pipeline' AIRFLOW_CTX_TASK_ID='get_api_data' AIRFLOW_CTX_EXECUTION_DATE='2026-03-17T03:05:00+00:00' AIRFLOW_CTX_TRY_NUMBER='1' AIRFLOW_CTX_DAG_RUN_ID='scheduled__2026-03-17T03:05:00+00:00'
[2026-03-17T03:10:02.126+0000] {base.py:73} INFO - Using connection ID 'postgres_default' for task execution.
[2026-03-17T03:10:02.127+0000] {logging_mixin.py:149} INFO - Llamando API: http://host.docker.internal:8080/data | group_number=4
[2026-03-17T03:10:02.161+0000] {logging_mixin.py:149} INFO - Recibido: group=4, batch=6, filas=5810
[2026-03-17T03:10:02.484+0000] {logging_mixin.py:149} INFO - Insercion completada
[2026-03-17T03:10:02.486+0000] {logging_mixin.py:149} INFO - Total filas en training_data: 52290
[2026-03-17T03:10:02.494+0000] {python.py:183} INFO - Done. Returned value was: None
[2026-03-17T03:10:02.498+0000] {taskinstance.py:1373} INFO - Marking task as SUCCESS. dag_id=dag_mlops_full_pipeline, task_id=get_api_data, execution_date=20260317T030500, start_date=20260317T031002, end_date=20260317T031002
[2026-03-17T03:10:02.547+0000] {local_task_job_runner.py:232} INFO - Task exited with return code 0
[2026-03-17T03:10:02.559+0000] {taskinstance.py:2674} INFO - 1 downstream tasks scheduled from follow-on schedule check
[2026-03-17T03:12:55.824+0000] {taskinstance.py:1125} INFO - Dependencies all met for dep_context=non-requeueable deps ti=<TaskInstance: dag_mlops_full_pipeline.get_api_data scheduled__2026-03-17T03:05:00+00:00 [queued]>
[2026-03-17T03:12:55.827+0000] {taskinstance.py:1125} INFO - Dependencies all met for dep_context=requeueable deps ti=<TaskInstance: dag_mlops_full_pipeline.get_api_data scheduled__2026-03-17T03:05:00+00:00 [queued]>
[2026-03-17T03:12:55.827+0000] {taskinstance.py:1331} INFO - Starting attempt 1 of 1
[2026-03-17T03:12:55.832+0000] {taskinstance.py:1350} INFO - Executing <Task(PythonOperator): get_api_data> on 2026-03-17 03:05:00+00:00
[2026-03-17T03:12:55.834+0000] {standard_task_runner.py:57} INFO - Started process 61951 to run task
[2026-03-17T03:12:55.836+0000] {standard_task_runner.py:84} INFO - Running: ['***', 'tasks', 'run', 'dag_mlops_full_pipeline', 'get_api_data', 'scheduled__2026-03-17T03:05:00+00:00', '--job-id', '714', '--raw', '--subdir', 'DAGS_FOLDER/dag2.py', '--cfg-path', '/tmp/tmphn4drv_0']
[2026-03-17T03:12:55.837+0000] {standard_task_runner.py:85} INFO - Job 714: Subtask get_api_data
[2026-03-17T03:12:55.856+0000] {task_command.py:410} INFO - Running <TaskInstance: dag_mlops_full_pipeline.get_api_data scheduled__2026-03-17T03:05:00+00:00 [running]> on host 87aa27980d8e
[2026-03-17T03:12:55.883+0000] {taskinstance.py:1570} INFO - Exporting env vars: AIRFLOW_CTX_DAG_OWNER='***' AIRFLOW_CTX_DAG_ID='dag_mlops_full_pipeline' AIRFLOW_CTX_TASK_ID='get_api_data' AIRFLOW_CTX_EXECUTION_DATE='2026-03-17T03:05:00+00:00' AIRFLOW_CTX_TRY_NUMBER='1' AIRFLOW_CTX_DAG_RUN_ID='scheduled__2026-03-17T03:05:00+00:00'
[2026-03-17T03:12:55.886+0000] {base.py:73} INFO - Using connection ID 'postgres_default' for task execution.
[2026-03-17T03:12:55.887+0000] {logging_mixin.py:149} INFO - Llamando API: http://host.docker.internal:8080/data | group_number=4
[2026-03-17T03:12:55.908+0000] {logging_mixin.py:149} INFO - Recibido: group=4, batch=1, filas=5810
[2026-03-17T03:12:56.231+0000] {logging_mixin.py:149} INFO - Insercion completada
[2026-03-17T03:12:56.232+0000] {logging_mixin.py:149} INFO - Total filas en training_data: 5810
[2026-03-17T03:12:56.240+0000] {python.py:183} INFO - Done. Returned value was: None
[2026-03-17T03:12:56.244+0000] {taskinstance.py:1373} INFO - Marking task as SUCCESS. dag_id=dag_mlops_full_pipeline, task_id=get_api_data, execution_date=20260317T030500, start_date=20260317T031255, end_date=20260317T031256
[2026-03-17T03:12:56.269+0000] {local_task_job_runner.py:232} INFO - Task exited with return code 0
[2026-03-17T03:12:56.281+0000] {taskinstance.py:2674} INFO - 1 downstream tasks scheduled from follow-on schedule check
