[2026-03-14T21:07:06.135+0000] {taskinstance.py:1125} INFO - Dependencies all met for dep_context=non-requeueable deps ti=<TaskInstance: dag_mlops_full_pipeline.trigger_jupyter manual__2026-03-14T21:07:01.707546+00:00 [queued]>
[2026-03-14T21:07:06.138+0000] {taskinstance.py:1125} INFO - Dependencies all met for dep_context=requeueable deps ti=<TaskInstance: dag_mlops_full_pipeline.trigger_jupyter manual__2026-03-14T21:07:01.707546+00:00 [queued]>
[2026-03-14T21:07:06.138+0000] {taskinstance.py:1331} INFO - Starting attempt 1 of 1
[2026-03-14T21:07:06.143+0000] {taskinstance.py:1350} INFO - Executing <Task(PythonOperator): trigger_jupyter> on 2026-03-14 21:07:01.707546+00:00
[2026-03-14T21:07:06.145+0000] {standard_task_runner.py:57} INFO - Started process 729 to run task
[2026-03-14T21:07:06.147+0000] {standard_task_runner.py:84} INFO - Running: ['***', 'tasks', 'run', 'dag_mlops_full_pipeline', 'trigger_jupyter', 'manual__2026-03-14T21:07:01.707546+00:00', '--job-id', '114', '--raw', '--subdir', 'DAGS_FOLDER/dag2.py', '--cfg-path', '/tmp/tmpidtthdv8']
[2026-03-14T21:07:06.147+0000] {standard_task_runner.py:85} INFO - Job 114: Subtask trigger_jupyter
[2026-03-14T21:07:06.164+0000] {task_command.py:410} INFO - Running <TaskInstance: dag_mlops_full_pipeline.trigger_jupyter manual__2026-03-14T21:07:01.707546+00:00 [running]> on host 87aa27980d8e
[2026-03-14T21:07:06.189+0000] {taskinstance.py:1570} INFO - Exporting env vars: AIRFLOW_CTX_DAG_OWNER='***' AIRFLOW_CTX_DAG_ID='dag_mlops_full_pipeline' AIRFLOW_CTX_TASK_ID='trigger_jupyter' AIRFLOW_CTX_EXECUTION_DATE='2026-03-14T21:07:01.707546+00:00' AIRFLOW_CTX_TRY_NUMBER='1' AIRFLOW_CTX_DAG_RUN_ID='manual__2026-03-14T21:07:01.707546+00:00'
[2026-03-14T21:07:06.195+0000] {logging_mixin.py:149} INFO - Creando kernel en Jupyter...
[2026-03-14T21:07:06.230+0000] {logging_mixin.py:149} INFO - Kernel creado: 373dbd34-3b77-4b36-bdc4-c0e919524228
[2026-03-14T21:07:06.230+0000] {logging_mixin.py:149} INFO - Conectando WebSocket...
[2026-03-14T21:07:06.408+0000] {logging_mixin.py:149} INFO - WebSocket conectado
[2026-03-14T21:07:06.409+0000] {logging_mixin.py:149} INFO - Esperando que el kernel este listo...
[2026-03-14T21:07:06.429+0000] {logging_mixin.py:149} INFO -   Estado kernel: busy
[2026-03-14T21:07:07.430+0000] {logging_mixin.py:149} INFO -   Estado kernel: busy
[2026-03-14T21:07:08.434+0000] {logging_mixin.py:149} INFO -   Estado kernel: idle
[2026-03-14T21:07:08.435+0000] {logging_mixin.py:149} INFO - Kernel listo
[2026-03-14T21:07:08.435+0000] {logging_mixin.py:149} INFO - Leyendo notebook train_model.ipynb...
[2026-03-14T21:07:08.472+0000] {logging_mixin.py:149} INFO - Inyectando parametros...
[2026-03-14T21:07:08.476+0000] {logging_mixin.py:149} INFO -   [celda 0] Parametros inyectados: batch=5, group=4
[2026-03-14T21:07:08.478+0000] {logging_mixin.py:149} INFO - Ejecutando 6 celdas del notebook...
[2026-03-14T21:07:08.478+0000] {logging_mixin.py:149} INFO -   Ejecutando celda 1/6...
[2026-03-14T21:07:09.480+0000] {logging_mixin.py:149} INFO -   [celda 1] Librerias cargadas correctamente
[2026-03-14T21:07:09.482+0000] {logging_mixin.py:149} INFO -   Ejecutando celda 2/6...
[2026-03-14T21:07:09.486+0000] {logging_mixin.py:149} INFO -   [celda 2] Parametros: batch=5, group=4
[2026-03-14T21:07:09.486+0000] {logging_mixin.py:149} INFO -   Ejecutando celda 3/6...
[2026-03-14T21:07:09.514+0000] {logging_mixin.py:149} INFO -   [celda 3] Conectando a PostgreSQL en postgres:5432...
Datos cargados: 5810 filas
   elevation    aspect     slope  horizontal_distance_to_hydrology  \
0   0.566496  0.813889  0.270833                          0.318471   
1   0.630435  0.727778  0.437500                          0.286624   
2   0.661765  0.744444  0.125000                          0.452229   
3   0.654092  0.302778  0.354167                          0.497877   
4   0.345908  0.305556  0.333333                          0.031847   

   vertical_distance_to_hydrology  horizontal_distance_to_roadways  \
0                        0.442029                         0.219502   
1                        0.460145                         0.234536   
2                        0.347826                         0.231959   
3                        0.523551                         0.360180   
4                        0.293478                         0.170103   

   hillshade_9am  hillshade_noon  hillshade_3pm  \
0       0.621053        0.892405       0.782258   
1       0.515789        0.943038       0.879032   
2       0.742105        0.924051       0.709677   
3       0.963158        0.772152       0.375000   
4       0.952632        0.791139       0.403226   

   horizontal_distance_to_fire_points  wilderness_area_encoded  \
0                            0.476636                        1   
1                            0.389953                        1   
2                            0.092523                        1   
3                            0.228037                        1   
4                            0.336682                        0   

   soil_type_encoded  cover_type  
0                 20           1  
1                  8           1  
2                 21           1  
3                 21           1  
4                  5           2
[2026-03-14T21:07:09.515+0000] {logging_mixin.py:149} INFO -   [celda 3] /tmp/ipykernel_9/3056758113.py:26: UserWarning: pandas only supports SQLAlchemy connectable (engine/connection) or database string URI or sqlite3 DBAPI2 connection. Other DBAPI2 objects are not tested. Please consider using SQLAlchemy.
  df = pd.read_sql(query, conn, params=(BATCH_NUMBER, GROUP_NUMBER))
[2026-03-14T21:07:09.515+0000] {logging_mixin.py:149} INFO -   Ejecutando celda 4/6...
[2026-03-14T21:07:09.522+0000] {logging_mixin.py:149} INFO -   [celda 4] Train: 4648 filas | Test: 1162 filas
[2026-03-14T21:07:09.523+0000] {logging_mixin.py:149} INFO -   Ejecutando celda 5/6...
[2026-03-14T21:07:09.679+0000] {logging_mixin.py:149} INFO -   [celda 5] Entrenando Random Forest...
Entrenamiento completado
Accuracy en test: 0.8657 (86.57%)
[2026-03-14T21:07:09.680+0000] {logging_mixin.py:149} INFO -   Ejecutando celda 6/6...
[2026-03-14T21:07:09.725+0000] {logging_mixin.py:149} INFO -   [celda 6] Conectando a MinIO en http://minio:9000...
[2026-03-14T21:07:09.799+0000] {logging_mixin.py:149} INFO -   [celda 6] Modelo guardado en MinIO: s3://models/group_4/batch_5_acc_0.8657_20260314_210709.pkl
Tamano: 12134.7 KB
Notebook completado exitosamente
[2026-03-14T21:07:09.800+0000] {logging_mixin.py:149} INFO - Todas las celdas ejecutadas exitosamente
[2026-03-14T21:07:10.019+0000] {logging_mixin.py:149} INFO - Kernel 373dbd34-3b77-4b36-bdc4-c0e919524228 eliminado
[2026-03-14T21:07:10.019+0000] {python.py:183} INFO - Done. Returned value was: None
[2026-03-14T21:07:10.023+0000] {taskinstance.py:1373} INFO - Marking task as SUCCESS. dag_id=dag_mlops_full_pipeline, task_id=trigger_jupyter, execution_date=20260314T210701, start_date=20260314T210706, end_date=20260314T210710
[2026-03-14T21:07:10.063+0000] {local_task_job_runner.py:232} INFO - Task exited with return code 0
[2026-03-14T21:07:10.073+0000] {taskinstance.py:2674} INFO - 1 downstream tasks scheduled from follow-on schedule check
