[2026-03-16T17:15:06.821+0000] {taskinstance.py:1125} INFO - Dependencies all met for dep_context=non-requeueable deps ti=<TaskInstance: dag_mlops_full_pipeline.trigger_jupyter scheduled__2026-03-16T17:10:00+00:00 [queued]>
[2026-03-16T17:15:06.823+0000] {taskinstance.py:1125} INFO - Dependencies all met for dep_context=requeueable deps ti=<TaskInstance: dag_mlops_full_pipeline.trigger_jupyter scheduled__2026-03-16T17:10:00+00:00 [queued]>
[2026-03-16T17:15:06.824+0000] {taskinstance.py:1331} INFO - Starting attempt 1 of 1
[2026-03-16T17:15:06.828+0000] {taskinstance.py:1350} INFO - Executing <Task(PythonOperator): trigger_jupyter> on 2026-03-16 17:10:00+00:00
[2026-03-16T17:15:06.831+0000] {standard_task_runner.py:57} INFO - Started process 18955 to run task
[2026-03-16T17:15:06.832+0000] {standard_task_runner.py:84} INFO - Running: ['***', 'tasks', 'run', 'dag_mlops_full_pipeline', 'trigger_jupyter', 'scheduled__2026-03-16T17:10:00+00:00', '--job-id', '249', '--raw', '--subdir', 'DAGS_FOLDER/dag2.py', '--cfg-path', '/tmp/tmpog53pnum']
[2026-03-16T17:15:06.833+0000] {standard_task_runner.py:85} INFO - Job 249: Subtask trigger_jupyter
[2026-03-16T17:15:06.854+0000] {task_command.py:410} INFO - Running <TaskInstance: dag_mlops_full_pipeline.trigger_jupyter scheduled__2026-03-16T17:10:00+00:00 [running]> on host 87aa27980d8e
[2026-03-16T17:15:06.884+0000] {taskinstance.py:1570} INFO - Exporting env vars: AIRFLOW_CTX_DAG_OWNER='***' AIRFLOW_CTX_DAG_ID='dag_mlops_full_pipeline' AIRFLOW_CTX_TASK_ID='trigger_jupyter' AIRFLOW_CTX_EXECUTION_DATE='2026-03-16T17:10:00+00:00' AIRFLOW_CTX_TRY_NUMBER='1' AIRFLOW_CTX_DAG_RUN_ID='scheduled__2026-03-16T17:10:00+00:00'
[2026-03-16T17:15:06.889+0000] {logging_mixin.py:149} INFO - Creando kernel en Jupyter...
[2026-03-16T17:15:06.907+0000] {logging_mixin.py:149} INFO - Kernel creado: d3a0549b-e183-4ee3-9a45-8d4de5659cf8
[2026-03-16T17:15:06.907+0000] {logging_mixin.py:149} INFO - Conectando WebSocket...
[2026-03-16T17:15:07.095+0000] {logging_mixin.py:149} INFO - WebSocket conectado
[2026-03-16T17:15:07.096+0000] {logging_mixin.py:149} INFO - Esperando que el kernel este listo...
[2026-03-16T17:15:07.119+0000] {logging_mixin.py:149} INFO -   Estado kernel: busy
[2026-03-16T17:15:08.123+0000] {logging_mixin.py:149} INFO -   Estado kernel: idle
[2026-03-16T17:15:08.124+0000] {logging_mixin.py:149} INFO - Kernel listo
[2026-03-16T17:15:08.125+0000] {logging_mixin.py:149} INFO - Leyendo notebook train_model.ipynb...
[2026-03-16T17:15:08.137+0000] {logging_mixin.py:149} INFO - Inyectando parametros...
[2026-03-16T17:15:08.146+0000] {logging_mixin.py:149} INFO -   [celda 0] Parametros inyectados: batch=4, group=4
[2026-03-16T17:15:08.148+0000] {logging_mixin.py:149} INFO - Ejecutando 6 celdas del notebook...
[2026-03-16T17:15:08.148+0000] {logging_mixin.py:149} INFO -   Ejecutando celda 1/6...
[2026-03-16T17:15:08.621+0000] {logging_mixin.py:149} INFO -   [celda 1] Librerias cargadas correctamente
[2026-03-16T17:15:08.622+0000] {logging_mixin.py:149} INFO -   Ejecutando celda 2/6...
[2026-03-16T17:15:08.626+0000] {logging_mixin.py:149} INFO -   [celda 2] Parametros: batch=4, group=4
[2026-03-16T17:15:08.626+0000] {logging_mixin.py:149} INFO -   Ejecutando celda 3/6...
[2026-03-16T17:15:08.699+0000] {logging_mixin.py:149} INFO -   [celda 3] Conectando a PostgreSQL en postgres:5432...
Datos cargados: 17430 filas
   elevation    aspect     slope  horizontal_distance_to_hydrology  \
0   0.499375  0.225000  0.411765                          0.062959   
1   0.848750  0.586111  0.568627                          0.472193   
2   0.628125  0.725000  0.333333                          0.309549   
3   0.700625  0.413889  0.019608                          0.309549   
4   0.840625  0.630556  0.176471                          0.044071   

   vertical_distance_to_hydrology  horizontal_distance_to_roadways  \
0                        0.298401                         0.361651   
1                        0.264654                         0.382835   
2                        0.401421                         0.197641   
3                        0.355240                         0.366019   
4                        0.280639                         0.816554   

   hillshade_9am  hillshade_noon  hillshade_3pm  \
0       0.956693        0.622517       0.294355   
1       0.724409        0.986755       0.758065   
2       0.692913        0.953642       0.838710   
3       0.870079        0.894040       0.620968   
4       0.818898        0.960265       0.713710   

   horizontal_distance_to_fire_points  wilderness_area_encoded  \
0                            0.286222                        1   
1                            0.857955                        2   
2                            0.439157                        1   
3                            0.595170                        1   
4                            0.690578                        2   

   soil_type_encoded  cover_type  
0                 22           1  
1                 18           0  
2                  8           0  
3                 21           1  
4                 15           0
[2026-03-16T17:15:08.699+0000] {logging_mixin.py:149} INFO -   [celda 3] /tmp/ipykernel_1591/3056758113.py:26: UserWarning: pandas only supports SQLAlchemy connectable (engine/connection) or database string URI or sqlite3 DBAPI2 connection. Other DBAPI2 objects are not tested. Please consider using SQLAlchemy.
  df = pd.read_sql(query, conn, params=(BATCH_NUMBER, GROUP_NUMBER))
[2026-03-16T17:15:08.700+0000] {logging_mixin.py:149} INFO -   Ejecutando celda 4/6...
[2026-03-16T17:15:08.707+0000] {logging_mixin.py:149} INFO -   [celda 4] Train: 13944 filas | Test: 3486 filas
[2026-03-16T17:15:08.708+0000] {logging_mixin.py:149} INFO -   Ejecutando celda 5/6...
[2026-03-16T17:15:08.826+0000] {logging_mixin.py:149} INFO -   [celda 5] Entrenando Random Forest...
[2026-03-16T17:15:08.939+0000] {logging_mixin.py:149} INFO -   [celda 5] Entrenamiento completado
Accuracy en test: 0.9535 (95.35%)
[2026-03-16T17:15:08.941+0000] {logging_mixin.py:149} INFO -   Ejecutando celda 6/6...
[2026-03-16T17:15:09.036+0000] {logging_mixin.py:149} INFO -   [celda 6] Conectando a MinIO en http://minio:9000...
Modelo guardado en MinIO: s3://models/group_4/batch_4_acc_0.9535_20260316_171508.pkl
Tamano: 21870.3 KB
Notebook completado exitosamente
[2026-03-16T17:15:09.037+0000] {logging_mixin.py:149} INFO - Todas las celdas ejecutadas exitosamente
[2026-03-16T17:15:09.262+0000] {logging_mixin.py:149} INFO - Kernel d3a0549b-e183-4ee3-9a45-8d4de5659cf8 eliminado
[2026-03-16T17:15:09.262+0000] {python.py:183} INFO - Done. Returned value was: None
[2026-03-16T17:15:09.267+0000] {taskinstance.py:1373} INFO - Marking task as SUCCESS. dag_id=dag_mlops_full_pipeline, task_id=trigger_jupyter, execution_date=20260316T171000, start_date=20260316T171506, end_date=20260316T171509
[2026-03-16T17:15:09.290+0000] {local_task_job_runner.py:232} INFO - Task exited with return code 0
[2026-03-16T17:15:09.302+0000] {taskinstance.py:2674} INFO - 1 downstream tasks scheduled from follow-on schedule check
