[2026-03-16T17:20:04.329+0000] {taskinstance.py:1125} INFO - Dependencies all met for dep_context=non-requeueable deps ti=<TaskInstance: dag_mlops_full_pipeline.trigger_jupyter scheduled__2026-03-16T17:15:00+00:00 [queued]>
[2026-03-16T17:20:04.332+0000] {taskinstance.py:1125} INFO - Dependencies all met for dep_context=requeueable deps ti=<TaskInstance: dag_mlops_full_pipeline.trigger_jupyter scheduled__2026-03-16T17:15:00+00:00 [queued]>
[2026-03-16T17:20:04.332+0000] {taskinstance.py:1331} INFO - Starting attempt 1 of 1
[2026-03-16T17:20:04.337+0000] {taskinstance.py:1350} INFO - Executing <Task(PythonOperator): trigger_jupyter> on 2026-03-16 17:15:00+00:00
[2026-03-16T17:20:04.339+0000] {standard_task_runner.py:57} INFO - Started process 19330 to run task
[2026-03-16T17:20:04.341+0000] {standard_task_runner.py:84} INFO - Running: ['***', 'tasks', 'run', 'dag_mlops_full_pipeline', 'trigger_jupyter', 'scheduled__2026-03-16T17:15:00+00:00', '--job-id', '254', '--raw', '--subdir', 'DAGS_FOLDER/dag2.py', '--cfg-path', '/tmp/tmpymrstvxc']
[2026-03-16T17:20:04.341+0000] {standard_task_runner.py:85} INFO - Job 254: Subtask trigger_jupyter
[2026-03-16T17:20:04.359+0000] {task_command.py:410} INFO - Running <TaskInstance: dag_mlops_full_pipeline.trigger_jupyter scheduled__2026-03-16T17:15:00+00:00 [running]> on host 87aa27980d8e
[2026-03-16T17:20:04.389+0000] {taskinstance.py:1570} INFO - Exporting env vars: AIRFLOW_CTX_DAG_OWNER='***' AIRFLOW_CTX_DAG_ID='dag_mlops_full_pipeline' AIRFLOW_CTX_TASK_ID='trigger_jupyter' AIRFLOW_CTX_EXECUTION_DATE='2026-03-16T17:15:00+00:00' AIRFLOW_CTX_TRY_NUMBER='1' AIRFLOW_CTX_DAG_RUN_ID='scheduled__2026-03-16T17:15:00+00:00'
[2026-03-16T17:20:04.395+0000] {logging_mixin.py:149} INFO - Creando kernel en Jupyter...
[2026-03-16T17:20:04.417+0000] {logging_mixin.py:149} INFO - Kernel creado: 10417b0d-2fed-4db3-958e-822f0389a245
[2026-03-16T17:20:04.417+0000] {logging_mixin.py:149} INFO - Conectando WebSocket...
[2026-03-16T17:20:04.671+0000] {logging_mixin.py:149} INFO - WebSocket conectado
[2026-03-16T17:20:04.671+0000] {logging_mixin.py:149} INFO - Esperando que el kernel este listo...
[2026-03-16T17:20:04.685+0000] {logging_mixin.py:149} INFO -   Estado kernel: idle
[2026-03-16T17:20:04.686+0000] {logging_mixin.py:149} INFO - Kernel listo
[2026-03-16T17:20:04.686+0000] {logging_mixin.py:149} INFO - Leyendo notebook train_model.ipynb...
[2026-03-16T17:20:04.691+0000] {logging_mixin.py:149} INFO - Inyectando parametros...
[2026-03-16T17:20:04.697+0000] {logging_mixin.py:149} INFO -   [celda 0] Parametros inyectados: batch=5, group=4
[2026-03-16T17:20:04.697+0000] {logging_mixin.py:149} INFO - Ejecutando 6 celdas del notebook...
[2026-03-16T17:20:04.697+0000] {logging_mixin.py:149} INFO -   Ejecutando celda 1/6...
[2026-03-16T17:20:05.239+0000] {logging_mixin.py:149} INFO -   [celda 1] Librerias cargadas correctamente
[2026-03-16T17:20:05.240+0000] {logging_mixin.py:149} INFO -   Ejecutando celda 2/6...
[2026-03-16T17:20:05.244+0000] {logging_mixin.py:149} INFO -   [celda 2] Parametros: batch=5, group=4
[2026-03-16T17:20:05.244+0000] {logging_mixin.py:149} INFO -   Ejecutando celda 3/6...
[2026-03-16T17:20:05.271+0000] {logging_mixin.py:149} INFO -   [celda 3] Conectando a PostgreSQL en postgres:5432...
Datos cargados: 5810 filas
   elevation    aspect     slope  horizontal_distance_to_hydrology  \
0   0.649254  0.094444  0.259259                          0.000000   
1   0.500622  0.080556  0.518519                          0.088634   
2   0.246891  0.080556  0.388889                          0.237748   
3   0.136816  0.369444  0.351852                          0.000000   
4   0.757463  0.461111  0.296296                          0.494265   

   vertical_distance_to_hydrology  horizontal_distance_to_roadways  \
0                        0.274165                         0.110894   
1                        0.358524                         0.283105   
2                        0.543058                         0.113938   
3                        0.274165                         0.047402   
4                        0.553603                         0.326810   

   hillshade_9am  hillshade_noon  hillshade_3pm  \
0       0.830275        0.725610          0.496   
1       0.738532        0.463415          0.360   
2       0.788991        0.609756          0.444   
3       0.963303        0.841463          0.408   
4       0.899083        0.939024          0.556   

   horizontal_distance_to_fire_points  wilderness_area_encoded  \
0                            0.367688                        1   
1                            0.251161                        1   
2                            0.090761                        0   
3                            0.148793                        0   
4                            0.798282                        2   

   soil_type_encoded  cover_type  
0                 17           1  
1                 23           1  
2                  1           2  
3                  9           3  
4                 19           0
[2026-03-16T17:20:05.272+0000] {logging_mixin.py:149} INFO -   [celda 3] /tmp/ipykernel_1654/3056758113.py:26: UserWarning: pandas only supports SQLAlchemy connectable (engine/connection) or database string URI or sqlite3 DBAPI2 connection. Other DBAPI2 objects are not tested. Please consider using SQLAlchemy.
  df = pd.read_sql(query, conn, params=(BATCH_NUMBER, GROUP_NUMBER))
[2026-03-16T17:20:05.272+0000] {logging_mixin.py:149} INFO -   Ejecutando celda 4/6...
[2026-03-16T17:20:05.278+0000] {logging_mixin.py:149} INFO -   [celda 4] Train: 4648 filas | Test: 1162 filas
[2026-03-16T17:20:05.278+0000] {logging_mixin.py:149} INFO -   Ejecutando celda 5/6...
[2026-03-16T17:20:05.426+0000] {logging_mixin.py:149} INFO -   [celda 5] Entrenando Random Forest...
Entrenamiento completado
Accuracy en test: 0.8752 (87.52%)
[2026-03-16T17:20:05.427+0000] {logging_mixin.py:149} INFO -   Ejecutando celda 6/6...
[2026-03-16T17:20:05.474+0000] {logging_mixin.py:149} INFO -   [celda 6] Conectando a MinIO en http://minio:9000...
[2026-03-16T17:20:05.537+0000] {logging_mixin.py:149} INFO -   [celda 6] Modelo guardado en MinIO: s3://models/group_4/batch_5_acc_0.8752_20260316_172005.pkl
Tamano: 12384.1 KB
Notebook completado exitosamente
[2026-03-16T17:20:05.539+0000] {logging_mixin.py:149} INFO - Todas las celdas ejecutadas exitosamente
[2026-03-16T17:20:05.759+0000] {logging_mixin.py:149} INFO - Kernel 10417b0d-2fed-4db3-958e-822f0389a245 eliminado
[2026-03-16T17:20:05.759+0000] {python.py:183} INFO - Done. Returned value was: None
[2026-03-16T17:20:05.764+0000] {taskinstance.py:1373} INFO - Marking task as SUCCESS. dag_id=dag_mlops_full_pipeline, task_id=trigger_jupyter, execution_date=20260316T171500, start_date=20260316T172004, end_date=20260316T172005
[2026-03-16T17:20:05.790+0000] {local_task_job_runner.py:232} INFO - Task exited with return code 0
[2026-03-16T17:20:05.799+0000] {taskinstance.py:2674} INFO - 0 downstream tasks scheduled from follow-on schedule check
