[2026-03-11T03:09:21.746+0000] {processor.py:156} INFO - Started process (PID=46) to work on /home/airflow/.local/lib/python3.7/site-packages/airflow/example_dags/example_skip_dag.py
[2026-03-11T03:09:21.748+0000] {processor.py:799} INFO - Processing file /home/airflow/.local/lib/python3.7/site-packages/airflow/example_dags/example_skip_dag.py for tasks to queue
[2026-03-11T03:09:21.748+0000] {logging_mixin.py:149} INFO - [2026-03-11T03:09:21.748+0000] {dagbag.py:541} INFO - Filling up the DagBag from /home/airflow/.local/lib/python3.7/site-packages/airflow/example_dags/example_skip_dag.py
[2026-03-11T03:09:21.756+0000] {processor.py:809} INFO - DAG(s) dict_keys(['example_skip_dag']) retrieved from /home/airflow/.local/lib/python3.7/site-packages/airflow/example_dags/example_skip_dag.py
[2026-03-11T03:09:21.766+0000] {logging_mixin.py:149} INFO - [2026-03-11T03:09:21.766+0000] {dag.py:2726} INFO - Sync 1 DAGs
[2026-03-11T03:09:21.782+0000] {logging_mixin.py:149} INFO - [2026-03-11T03:09:21.782+0000] {dag.py:3490} INFO - Setting next_dagrun for example_skip_dag to 2026-03-10T03:09:21.782314+00:00, run_after=2026-03-11T03:09:21.782314+00:00
[2026-03-11T03:09:21.801+0000] {processor.py:178} INFO - Processing /home/airflow/.local/lib/python3.7/site-packages/airflow/example_dags/example_skip_dag.py took 0.057 seconds
[2026-03-11T03:10:05.315+0000] {processor.py:156} INFO - Started process (PID=46) to work on /home/airflow/.local/lib/python3.7/site-packages/airflow/example_dags/example_skip_dag.py
[2026-03-11T03:10:05.315+0000] {processor.py:799} INFO - Processing file /home/airflow/.local/lib/python3.7/site-packages/airflow/example_dags/example_skip_dag.py for tasks to queue
[2026-03-11T03:10:05.316+0000] {logging_mixin.py:149} INFO - [2026-03-11T03:10:05.315+0000] {dagbag.py:541} INFO - Filling up the DagBag from /home/airflow/.local/lib/python3.7/site-packages/airflow/example_dags/example_skip_dag.py
[2026-03-11T03:10:05.323+0000] {processor.py:809} INFO - DAG(s) dict_keys(['example_skip_dag']) retrieved from /home/airflow/.local/lib/python3.7/site-packages/airflow/example_dags/example_skip_dag.py
[2026-03-11T03:10:05.333+0000] {logging_mixin.py:149} INFO - [2026-03-11T03:10:05.333+0000] {dag.py:2726} INFO - Sync 1 DAGs
[2026-03-11T03:10:05.350+0000] {logging_mixin.py:149} INFO - [2026-03-11T03:10:05.350+0000] {dag.py:3490} INFO - Setting next_dagrun for example_skip_dag to 2026-03-10T03:10:05.350670+00:00, run_after=2026-03-11T03:10:05.350670+00:00
[2026-03-11T03:10:05.367+0000] {processor.py:178} INFO - Processing /home/airflow/.local/lib/python3.7/site-packages/airflow/example_dags/example_skip_dag.py took 0.054 seconds
[2026-03-11T03:10:36.388+0000] {processor.py:156} INFO - Started process (PID=108) to work on /home/airflow/.local/lib/python3.7/site-packages/airflow/example_dags/example_skip_dag.py
[2026-03-11T03:10:36.392+0000] {processor.py:799} INFO - Processing file /home/airflow/.local/lib/python3.7/site-packages/airflow/example_dags/example_skip_dag.py for tasks to queue
[2026-03-11T03:10:36.392+0000] {logging_mixin.py:149} INFO - [2026-03-11T03:10:36.392+0000] {dagbag.py:541} INFO - Filling up the DagBag from /home/airflow/.local/lib/python3.7/site-packages/airflow/example_dags/example_skip_dag.py
[2026-03-11T03:10:36.395+0000] {processor.py:809} INFO - DAG(s) dict_keys(['example_skip_dag']) retrieved from /home/airflow/.local/lib/python3.7/site-packages/airflow/example_dags/example_skip_dag.py
[2026-03-11T03:10:36.408+0000] {logging_mixin.py:149} INFO - [2026-03-11T03:10:36.408+0000] {dag.py:2726} INFO - Sync 1 DAGs
[2026-03-11T03:10:36.419+0000] {logging_mixin.py:149} INFO - [2026-03-11T03:10:36.419+0000] {dag.py:3490} INFO - Setting next_dagrun for example_skip_dag to 2026-03-10T03:10:36.419683+00:00, run_after=2026-03-11T03:10:36.419683+00:00
[2026-03-11T03:10:36.426+0000] {processor.py:178} INFO - Processing /home/airflow/.local/lib/python3.7/site-packages/airflow/example_dags/example_skip_dag.py took 0.040 seconds
