[2026-03-11T03:09:21.918+0000] {processor.py:156} INFO - Started process (PID=51) to work on /home/airflow/.local/lib/python3.7/site-packages/airflow/example_dags/example_bash_operator.py
[2026-03-11T03:09:21.918+0000] {processor.py:799} INFO - Processing file /home/airflow/.local/lib/python3.7/site-packages/airflow/example_dags/example_bash_operator.py for tasks to queue
[2026-03-11T03:09:21.919+0000] {logging_mixin.py:149} INFO - [2026-03-11T03:09:21.919+0000] {dagbag.py:541} INFO - Filling up the DagBag from /home/airflow/.local/lib/python3.7/site-packages/airflow/example_dags/example_bash_operator.py
[2026-03-11T03:09:21.930+0000] {processor.py:809} INFO - DAG(s) dict_keys(['example_bash_operator']) retrieved from /home/airflow/.local/lib/python3.7/site-packages/airflow/example_dags/example_bash_operator.py
[2026-03-11T03:09:21.941+0000] {logging_mixin.py:149} INFO - [2026-03-11T03:09:21.941+0000] {dag.py:2726} INFO - Sync 1 DAGs
[2026-03-11T03:09:21.982+0000] {logging_mixin.py:149} INFO - [2026-03-11T03:09:21.982+0000] {dag.py:3490} INFO - Setting next_dagrun for example_bash_operator to 2026-03-10T00:00:00+00:00, run_after=2026-03-11T00:00:00+00:00
[2026-03-11T03:09:22.003+0000] {processor.py:178} INFO - Processing /home/airflow/.local/lib/python3.7/site-packages/airflow/example_dags/example_bash_operator.py took 0.087 seconds
[2026-03-11T03:10:05.534+0000] {processor.py:156} INFO - Started process (PID=51) to work on /home/airflow/.local/lib/python3.7/site-packages/airflow/example_dags/example_bash_operator.py
[2026-03-11T03:10:05.535+0000] {processor.py:799} INFO - Processing file /home/airflow/.local/lib/python3.7/site-packages/airflow/example_dags/example_bash_operator.py for tasks to queue
[2026-03-11T03:10:05.536+0000] {logging_mixin.py:149} INFO - [2026-03-11T03:10:05.536+0000] {dagbag.py:541} INFO - Filling up the DagBag from /home/airflow/.local/lib/python3.7/site-packages/airflow/example_dags/example_bash_operator.py
[2026-03-11T03:10:05.546+0000] {processor.py:809} INFO - DAG(s) dict_keys(['example_bash_operator']) retrieved from /home/airflow/.local/lib/python3.7/site-packages/airflow/example_dags/example_bash_operator.py
[2026-03-11T03:10:05.558+0000] {logging_mixin.py:149} INFO - [2026-03-11T03:10:05.558+0000] {dag.py:2726} INFO - Sync 1 DAGs
[2026-03-11T03:10:05.575+0000] {logging_mixin.py:149} INFO - [2026-03-11T03:10:05.575+0000] {dag.py:3490} INFO - Setting next_dagrun for example_bash_operator to 2026-03-10T00:00:00+00:00, run_after=2026-03-11T00:00:00+00:00
[2026-03-11T03:10:05.592+0000] {processor.py:178} INFO - Processing /home/airflow/.local/lib/python3.7/site-packages/airflow/example_dags/example_bash_operator.py took 0.059 seconds
[2026-03-11T03:10:36.554+0000] {processor.py:156} INFO - Started process (PID=113) to work on /home/airflow/.local/lib/python3.7/site-packages/airflow/example_dags/example_bash_operator.py
[2026-03-11T03:10:36.555+0000] {processor.py:799} INFO - Processing file /home/airflow/.local/lib/python3.7/site-packages/airflow/example_dags/example_bash_operator.py for tasks to queue
[2026-03-11T03:10:36.555+0000] {logging_mixin.py:149} INFO - [2026-03-11T03:10:36.555+0000] {dagbag.py:541} INFO - Filling up the DagBag from /home/airflow/.local/lib/python3.7/site-packages/airflow/example_dags/example_bash_operator.py
[2026-03-11T03:10:36.562+0000] {processor.py:809} INFO - DAG(s) dict_keys(['example_bash_operator']) retrieved from /home/airflow/.local/lib/python3.7/site-packages/airflow/example_dags/example_bash_operator.py
[2026-03-11T03:10:36.582+0000] {logging_mixin.py:149} INFO - [2026-03-11T03:10:36.582+0000] {dag.py:2726} INFO - Sync 1 DAGs
[2026-03-11T03:10:36.596+0000] {logging_mixin.py:149} INFO - [2026-03-11T03:10:36.596+0000] {dag.py:3490} INFO - Setting next_dagrun for example_bash_operator to 2026-03-10T00:00:00+00:00, run_after=2026-03-11T00:00:00+00:00
[2026-03-11T03:10:36.607+0000] {processor.py:178} INFO - Processing /home/airflow/.local/lib/python3.7/site-packages/airflow/example_dags/example_bash_operator.py took 0.054 seconds
