[2026-03-11T03:09:23.001+0000] {processor.py:156} INFO - Started process (PID=78) to work on /home/airflow/.local/lib/python3.7/site-packages/airflow/example_dags/example_nested_branch_dag.py
[2026-03-11T03:09:23.002+0000] {processor.py:799} INFO - Processing file /home/airflow/.local/lib/python3.7/site-packages/airflow/example_dags/example_nested_branch_dag.py for tasks to queue
[2026-03-11T03:09:23.002+0000] {logging_mixin.py:149} INFO - [2026-03-11T03:09:23.002+0000] {dagbag.py:541} INFO - Filling up the DagBag from /home/airflow/.local/lib/python3.7/site-packages/airflow/example_dags/example_nested_branch_dag.py
[2026-03-11T03:09:23.010+0000] {processor.py:809} INFO - DAG(s) dict_keys(['example_nested_branch_dag']) retrieved from /home/airflow/.local/lib/python3.7/site-packages/airflow/example_dags/example_nested_branch_dag.py
[2026-03-11T03:09:23.022+0000] {logging_mixin.py:149} INFO - [2026-03-11T03:09:23.022+0000] {dag.py:2726} INFO - Sync 1 DAGs
[2026-03-11T03:09:23.038+0000] {logging_mixin.py:149} INFO - [2026-03-11T03:09:23.038+0000] {dag.py:3490} INFO - Setting next_dagrun for example_nested_branch_dag to 2026-03-10T00:00:00+00:00, run_after=2026-03-11T00:00:00+00:00
[2026-03-11T03:09:23.053+0000] {processor.py:178} INFO - Processing /home/airflow/.local/lib/python3.7/site-packages/airflow/example_dags/example_nested_branch_dag.py took 0.054 seconds
[2026-03-11T03:10:06.348+0000] {processor.py:156} INFO - Started process (PID=71) to work on /home/airflow/.local/lib/python3.7/site-packages/airflow/example_dags/example_nested_branch_dag.py
[2026-03-11T03:10:06.349+0000] {processor.py:799} INFO - Processing file /home/airflow/.local/lib/python3.7/site-packages/airflow/example_dags/example_nested_branch_dag.py for tasks to queue
[2026-03-11T03:10:06.349+0000] {logging_mixin.py:149} INFO - [2026-03-11T03:10:06.349+0000] {dagbag.py:541} INFO - Filling up the DagBag from /home/airflow/.local/lib/python3.7/site-packages/airflow/example_dags/example_nested_branch_dag.py
[2026-03-11T03:10:06.355+0000] {processor.py:809} INFO - DAG(s) dict_keys(['example_nested_branch_dag']) retrieved from /home/airflow/.local/lib/python3.7/site-packages/airflow/example_dags/example_nested_branch_dag.py
[2026-03-11T03:10:06.362+0000] {logging_mixin.py:149} INFO - [2026-03-11T03:10:06.362+0000] {dag.py:2726} INFO - Sync 1 DAGs
[2026-03-11T03:10:06.375+0000] {logging_mixin.py:149} INFO - [2026-03-11T03:10:06.375+0000] {dag.py:3490} INFO - Setting next_dagrun for example_nested_branch_dag to 2026-03-10T00:00:00+00:00, run_after=2026-03-11T00:00:00+00:00
[2026-03-11T03:10:06.387+0000] {processor.py:178} INFO - Processing /home/airflow/.local/lib/python3.7/site-packages/airflow/example_dags/example_nested_branch_dag.py took 0.041 seconds
[2026-03-11T03:10:37.298+0000] {processor.py:156} INFO - Started process (PID=140) to work on /home/airflow/.local/lib/python3.7/site-packages/airflow/example_dags/example_nested_branch_dag.py
[2026-03-11T03:10:37.299+0000] {processor.py:799} INFO - Processing file /home/airflow/.local/lib/python3.7/site-packages/airflow/example_dags/example_nested_branch_dag.py for tasks to queue
[2026-03-11T03:10:37.299+0000] {logging_mixin.py:149} INFO - [2026-03-11T03:10:37.299+0000] {dagbag.py:541} INFO - Filling up the DagBag from /home/airflow/.local/lib/python3.7/site-packages/airflow/example_dags/example_nested_branch_dag.py
[2026-03-11T03:10:37.304+0000] {processor.py:809} INFO - DAG(s) dict_keys(['example_nested_branch_dag']) retrieved from /home/airflow/.local/lib/python3.7/site-packages/airflow/example_dags/example_nested_branch_dag.py
[2026-03-11T03:10:37.321+0000] {logging_mixin.py:149} INFO - [2026-03-11T03:10:37.320+0000] {dag.py:2726} INFO - Sync 1 DAGs
[2026-03-11T03:10:37.331+0000] {logging_mixin.py:149} INFO - [2026-03-11T03:10:37.331+0000] {dag.py:3490} INFO - Setting next_dagrun for example_nested_branch_dag to 2026-03-10T00:00:00+00:00, run_after=2026-03-11T00:00:00+00:00
[2026-03-11T03:10:37.338+0000] {processor.py:178} INFO - Processing /home/airflow/.local/lib/python3.7/site-packages/airflow/example_dags/example_nested_branch_dag.py took 0.042 seconds
