[2026-03-11T03:09:21.727+0000] {processor.py:156} INFO - Started process (PID=45) to work on /home/airflow/.local/lib/python3.7/site-packages/airflow/example_dags/example_branch_day_of_week_operator.py
[2026-03-11T03:09:21.728+0000] {processor.py:799} INFO - Processing file /home/airflow/.local/lib/python3.7/site-packages/airflow/example_dags/example_branch_day_of_week_operator.py for tasks to queue
[2026-03-11T03:09:21.728+0000] {logging_mixin.py:149} INFO - [2026-03-11T03:09:21.728+0000] {dagbag.py:541} INFO - Filling up the DagBag from /home/airflow/.local/lib/python3.7/site-packages/airflow/example_dags/example_branch_day_of_week_operator.py
[2026-03-11T03:09:21.735+0000] {processor.py:809} INFO - DAG(s) dict_keys(['example_weekday_branch_operator']) retrieved from /home/airflow/.local/lib/python3.7/site-packages/airflow/example_dags/example_branch_day_of_week_operator.py
[2026-03-11T03:09:21.743+0000] {logging_mixin.py:149} INFO - [2026-03-11T03:09:21.743+0000] {dag.py:2726} INFO - Sync 1 DAGs
[2026-03-11T03:09:21.762+0000] {logging_mixin.py:149} INFO - [2026-03-11T03:09:21.761+0000] {dag.py:3490} INFO - Setting next_dagrun for example_weekday_branch_operator to 2026-03-10T00:00:00+00:00, run_after=2026-03-11T00:00:00+00:00
[2026-03-11T03:09:21.773+0000] {processor.py:178} INFO - Processing /home/airflow/.local/lib/python3.7/site-packages/airflow/example_dags/example_branch_day_of_week_operator.py took 0.048 seconds
[2026-03-11T03:10:05.306+0000] {processor.py:156} INFO - Started process (PID=45) to work on /home/airflow/.local/lib/python3.7/site-packages/airflow/example_dags/example_branch_day_of_week_operator.py
[2026-03-11T03:10:05.306+0000] {processor.py:799} INFO - Processing file /home/airflow/.local/lib/python3.7/site-packages/airflow/example_dags/example_branch_day_of_week_operator.py for tasks to queue
[2026-03-11T03:10:05.307+0000] {logging_mixin.py:149} INFO - [2026-03-11T03:10:05.307+0000] {dagbag.py:541} INFO - Filling up the DagBag from /home/airflow/.local/lib/python3.7/site-packages/airflow/example_dags/example_branch_day_of_week_operator.py
[2026-03-11T03:10:05.312+0000] {processor.py:809} INFO - DAG(s) dict_keys(['example_weekday_branch_operator']) retrieved from /home/airflow/.local/lib/python3.7/site-packages/airflow/example_dags/example_branch_day_of_week_operator.py
[2026-03-11T03:10:05.320+0000] {logging_mixin.py:149} INFO - [2026-03-11T03:10:05.320+0000] {dag.py:2726} INFO - Sync 1 DAGs
[2026-03-11T03:10:05.344+0000] {logging_mixin.py:149} INFO - [2026-03-11T03:10:05.344+0000] {dag.py:3490} INFO - Setting next_dagrun for example_weekday_branch_operator to 2026-03-10T00:00:00+00:00, run_after=2026-03-11T00:00:00+00:00
[2026-03-11T03:10:05.363+0000] {processor.py:178} INFO - Processing /home/airflow/.local/lib/python3.7/site-packages/airflow/example_dags/example_branch_day_of_week_operator.py took 0.058 seconds
[2026-03-11T03:10:36.371+0000] {processor.py:156} INFO - Started process (PID=107) to work on /home/airflow/.local/lib/python3.7/site-packages/airflow/example_dags/example_branch_day_of_week_operator.py
[2026-03-11T03:10:36.371+0000] {processor.py:799} INFO - Processing file /home/airflow/.local/lib/python3.7/site-packages/airflow/example_dags/example_branch_day_of_week_operator.py for tasks to queue
[2026-03-11T03:10:36.372+0000] {logging_mixin.py:149} INFO - [2026-03-11T03:10:36.372+0000] {dagbag.py:541} INFO - Filling up the DagBag from /home/airflow/.local/lib/python3.7/site-packages/airflow/example_dags/example_branch_day_of_week_operator.py
[2026-03-11T03:10:36.376+0000] {processor.py:809} INFO - DAG(s) dict_keys(['example_weekday_branch_operator']) retrieved from /home/airflow/.local/lib/python3.7/site-packages/airflow/example_dags/example_branch_day_of_week_operator.py
[2026-03-11T03:10:36.388+0000] {logging_mixin.py:149} INFO - [2026-03-11T03:10:36.388+0000] {dag.py:2726} INFO - Sync 1 DAGs
[2026-03-11T03:10:36.399+0000] {logging_mixin.py:149} INFO - [2026-03-11T03:10:36.399+0000] {dag.py:3490} INFO - Setting next_dagrun for example_weekday_branch_operator to 2026-03-10T00:00:00+00:00, run_after=2026-03-11T00:00:00+00:00
[2026-03-11T03:10:36.413+0000] {processor.py:178} INFO - Processing /home/airflow/.local/lib/python3.7/site-packages/airflow/example_dags/example_branch_day_of_week_operator.py took 0.044 seconds
