[2026-03-11T03:09:22.407+0000] {processor.py:156} INFO - Started process (PID=67) to work on /home/airflow/.local/lib/python3.7/site-packages/airflow/example_dags/example_dag_decorator.py
[2026-03-11T03:09:22.410+0000] {processor.py:799} INFO - Processing file /home/airflow/.local/lib/python3.7/site-packages/airflow/example_dags/example_dag_decorator.py for tasks to queue
[2026-03-11T03:09:22.411+0000] {logging_mixin.py:149} INFO - [2026-03-11T03:09:22.411+0000] {dagbag.py:541} INFO - Filling up the DagBag from /home/airflow/.local/lib/python3.7/site-packages/airflow/example_dags/example_dag_decorator.py
[2026-03-11T03:09:22.419+0000] {logging_mixin.py:149} INFO - [2026-03-11T03:09:22.419+0000] {taskmixin.py:211} WARNING - Dependency <Task(_PythonDecoratedOperator): prepare_email>, send_email already registered for DAG: example_dag_decorator
[2026-03-11T03:09:22.420+0000] {logging_mixin.py:149} INFO - [2026-03-11T03:09:22.420+0000] {taskmixin.py:211} WARNING - Dependency <Task(EmailOperator): send_email>, prepare_email already registered for DAG: example_dag_decorator
[2026-03-11T03:09:22.425+0000] {processor.py:809} INFO - DAG(s) dict_keys(['example_dag_decorator']) retrieved from /home/airflow/.local/lib/python3.7/site-packages/airflow/example_dags/example_dag_decorator.py
[2026-03-11T03:09:22.435+0000] {logging_mixin.py:149} INFO - [2026-03-11T03:09:22.435+0000] {dag.py:2726} INFO - Sync 1 DAGs
[2026-03-11T03:09:22.463+0000] {logging_mixin.py:149} INFO - [2026-03-11T03:09:22.463+0000] {dag.py:3490} INFO - Setting next_dagrun for example_dag_decorator to None, run_after=None
[2026-03-11T03:09:22.482+0000] {processor.py:178} INFO - Processing /home/airflow/.local/lib/python3.7/site-packages/airflow/example_dags/example_dag_decorator.py took 0.079 seconds
[2026-03-11T03:10:05.877+0000] {processor.py:156} INFO - Started process (PID=60) to work on /home/airflow/.local/lib/python3.7/site-packages/airflow/example_dags/example_dag_decorator.py
[2026-03-11T03:10:05.878+0000] {processor.py:799} INFO - Processing file /home/airflow/.local/lib/python3.7/site-packages/airflow/example_dags/example_dag_decorator.py for tasks to queue
[2026-03-11T03:10:05.878+0000] {logging_mixin.py:149} INFO - [2026-03-11T03:10:05.878+0000] {dagbag.py:541} INFO - Filling up the DagBag from /home/airflow/.local/lib/python3.7/site-packages/airflow/example_dags/example_dag_decorator.py
[2026-03-11T03:10:05.882+0000] {logging_mixin.py:149} INFO - [2026-03-11T03:10:05.881+0000] {taskmixin.py:211} WARNING - Dependency <Task(_PythonDecoratedOperator): prepare_email>, send_email already registered for DAG: example_dag_decorator
[2026-03-11T03:10:05.882+0000] {logging_mixin.py:149} INFO - [2026-03-11T03:10:05.882+0000] {taskmixin.py:211} WARNING - Dependency <Task(EmailOperator): send_email>, prepare_email already registered for DAG: example_dag_decorator
[2026-03-11T03:10:05.887+0000] {processor.py:809} INFO - DAG(s) dict_keys(['example_dag_decorator']) retrieved from /home/airflow/.local/lib/python3.7/site-packages/airflow/example_dags/example_dag_decorator.py
[2026-03-11T03:10:05.897+0000] {logging_mixin.py:149} INFO - [2026-03-11T03:10:05.897+0000] {dag.py:2726} INFO - Sync 1 DAGs
[2026-03-11T03:10:05.914+0000] {logging_mixin.py:149} INFO - [2026-03-11T03:10:05.913+0000] {dag.py:3490} INFO - Setting next_dagrun for example_dag_decorator to None, run_after=None
[2026-03-11T03:10:05.926+0000] {processor.py:178} INFO - Processing /home/airflow/.local/lib/python3.7/site-packages/airflow/example_dags/example_dag_decorator.py took 0.050 seconds
[2026-03-11T03:10:36.877+0000] {processor.py:156} INFO - Started process (PID=122) to work on /home/airflow/.local/lib/python3.7/site-packages/airflow/example_dags/example_dag_decorator.py
[2026-03-11T03:10:36.880+0000] {processor.py:799} INFO - Processing file /home/airflow/.local/lib/python3.7/site-packages/airflow/example_dags/example_dag_decorator.py for tasks to queue
[2026-03-11T03:10:36.880+0000] {logging_mixin.py:149} INFO - [2026-03-11T03:10:36.880+0000] {dagbag.py:541} INFO - Filling up the DagBag from /home/airflow/.local/lib/python3.7/site-packages/airflow/example_dags/example_dag_decorator.py
[2026-03-11T03:10:36.885+0000] {logging_mixin.py:149} INFO - [2026-03-11T03:10:36.885+0000] {taskmixin.py:211} WARNING - Dependency <Task(_PythonDecoratedOperator): prepare_email>, send_email already registered for DAG: example_dag_decorator
[2026-03-11T03:10:36.885+0000] {logging_mixin.py:149} INFO - [2026-03-11T03:10:36.885+0000] {taskmixin.py:211} WARNING - Dependency <Task(EmailOperator): send_email>, prepare_email already registered for DAG: example_dag_decorator
[2026-03-11T03:10:36.888+0000] {processor.py:809} INFO - DAG(s) dict_keys(['example_dag_decorator']) retrieved from /home/airflow/.local/lib/python3.7/site-packages/airflow/example_dags/example_dag_decorator.py
[2026-03-11T03:10:36.921+0000] {logging_mixin.py:149} INFO - [2026-03-11T03:10:36.921+0000] {dag.py:2726} INFO - Sync 1 DAGs
[2026-03-11T03:10:36.985+0000] {logging_mixin.py:149} INFO - [2026-03-11T03:10:36.985+0000] {dag.py:3490} INFO - Setting next_dagrun for example_dag_decorator to None, run_after=None
[2026-03-11T03:10:37.001+0000] {processor.py:178} INFO - Processing /home/airflow/.local/lib/python3.7/site-packages/airflow/example_dags/example_dag_decorator.py took 0.125 seconds
