[2026-03-11T03:09:21.525+0000] {processor.py:156} INFO - Started process (PID=38) to work on /home/airflow/.local/lib/python3.7/site-packages/airflow/example_dags/example_task_group.py
[2026-03-11T03:09:21.526+0000] {processor.py:799} INFO - Processing file /home/airflow/.local/lib/python3.7/site-packages/airflow/example_dags/example_task_group.py for tasks to queue
[2026-03-11T03:09:21.526+0000] {logging_mixin.py:149} INFO - [2026-03-11T03:09:21.526+0000] {dagbag.py:541} INFO - Filling up the DagBag from /home/airflow/.local/lib/python3.7/site-packages/airflow/example_dags/example_task_group.py
[2026-03-11T03:09:21.532+0000] {processor.py:809} INFO - DAG(s) dict_keys(['example_task_group']) retrieved from /home/airflow/.local/lib/python3.7/site-packages/airflow/example_dags/example_task_group.py
[2026-03-11T03:09:21.544+0000] {logging_mixin.py:149} INFO - [2026-03-11T03:09:21.544+0000] {dag.py:2726} INFO - Sync 1 DAGs
[2026-03-11T03:09:21.559+0000] {logging_mixin.py:149} INFO - [2026-03-11T03:09:21.559+0000] {dag.py:3490} INFO - Setting next_dagrun for example_task_group to 2026-03-10T03:09:21.558913+00:00, run_after=2026-03-11T03:09:21.558913+00:00
[2026-03-11T03:09:21.569+0000] {processor.py:178} INFO - Processing /home/airflow/.local/lib/python3.7/site-packages/airflow/example_dags/example_task_group.py took 0.045 seconds
[2026-03-11T03:10:05.091+0000] {processor.py:156} INFO - Started process (PID=38) to work on /home/airflow/.local/lib/python3.7/site-packages/airflow/example_dags/example_task_group.py
[2026-03-11T03:10:05.093+0000] {processor.py:799} INFO - Processing file /home/airflow/.local/lib/python3.7/site-packages/airflow/example_dags/example_task_group.py for tasks to queue
[2026-03-11T03:10:05.094+0000] {logging_mixin.py:149} INFO - [2026-03-11T03:10:05.094+0000] {dagbag.py:541} INFO - Filling up the DagBag from /home/airflow/.local/lib/python3.7/site-packages/airflow/example_dags/example_task_group.py
[2026-03-11T03:10:05.098+0000] {processor.py:809} INFO - DAG(s) dict_keys(['example_task_group']) retrieved from /home/airflow/.local/lib/python3.7/site-packages/airflow/example_dags/example_task_group.py
[2026-03-11T03:10:05.104+0000] {logging_mixin.py:149} INFO - [2026-03-11T03:10:05.104+0000] {dag.py:2726} INFO - Sync 1 DAGs
[2026-03-11T03:10:05.117+0000] {logging_mixin.py:149} INFO - [2026-03-11T03:10:05.117+0000] {dag.py:3490} INFO - Setting next_dagrun for example_task_group to 2026-03-10T03:10:05.117708+00:00, run_after=2026-03-11T03:10:05.117708+00:00
[2026-03-11T03:10:05.129+0000] {processor.py:178} INFO - Processing /home/airflow/.local/lib/python3.7/site-packages/airflow/example_dags/example_task_group.py took 0.039 seconds
[2026-03-11T03:10:36.119+0000] {processor.py:156} INFO - Started process (PID=100) to work on /home/airflow/.local/lib/python3.7/site-packages/airflow/example_dags/example_task_group.py
[2026-03-11T03:10:36.119+0000] {processor.py:799} INFO - Processing file /home/airflow/.local/lib/python3.7/site-packages/airflow/example_dags/example_task_group.py for tasks to queue
[2026-03-11T03:10:36.120+0000] {logging_mixin.py:149} INFO - [2026-03-11T03:10:36.120+0000] {dagbag.py:541} INFO - Filling up the DagBag from /home/airflow/.local/lib/python3.7/site-packages/airflow/example_dags/example_task_group.py
[2026-03-11T03:10:36.125+0000] {processor.py:809} INFO - DAG(s) dict_keys(['example_task_group']) retrieved from /home/airflow/.local/lib/python3.7/site-packages/airflow/example_dags/example_task_group.py
[2026-03-11T03:10:36.138+0000] {logging_mixin.py:149} INFO - [2026-03-11T03:10:36.138+0000] {dag.py:2726} INFO - Sync 1 DAGs
[2026-03-11T03:10:36.149+0000] {logging_mixin.py:149} INFO - [2026-03-11T03:10:36.149+0000] {dag.py:3490} INFO - Setting next_dagrun for example_task_group to 2026-03-10T03:10:36.149709+00:00, run_after=2026-03-11T03:10:36.149709+00:00
[2026-03-11T03:10:36.157+0000] {processor.py:178} INFO - Processing /home/airflow/.local/lib/python3.7/site-packages/airflow/example_dags/example_task_group.py took 0.040 seconds
