[2026-03-11T03:09:22.167+0000] {processor.py:156} INFO - Started process (PID=62) to work on /home/airflow/.local/lib/python3.7/site-packages/airflow/example_dags/example_latest_only_with_trigger.py
[2026-03-11T03:09:22.171+0000] {processor.py:799} INFO - Processing file /home/airflow/.local/lib/python3.7/site-packages/airflow/example_dags/example_latest_only_with_trigger.py for tasks to queue
[2026-03-11T03:09:22.172+0000] {logging_mixin.py:149} INFO - [2026-03-11T03:09:22.172+0000] {dagbag.py:541} INFO - Filling up the DagBag from /home/airflow/.local/lib/python3.7/site-packages/airflow/example_dags/example_latest_only_with_trigger.py
[2026-03-11T03:09:22.180+0000] {processor.py:809} INFO - DAG(s) dict_keys(['latest_only_with_trigger']) retrieved from /home/airflow/.local/lib/python3.7/site-packages/airflow/example_dags/example_latest_only_with_trigger.py
[2026-03-11T03:09:22.193+0000] {logging_mixin.py:149} INFO - [2026-03-11T03:09:22.193+0000] {dag.py:2726} INFO - Sync 1 DAGs
[2026-03-11T03:09:22.214+0000] {logging_mixin.py:149} INFO - [2026-03-11T03:09:22.214+0000] {dag.py:3490} INFO - Setting next_dagrun for latest_only_with_trigger to 2026-03-10T23:09:22.214048+00:00, run_after=2026-03-11T03:09:22.214048+00:00
[2026-03-11T03:09:22.241+0000] {processor.py:178} INFO - Processing /home/airflow/.local/lib/python3.7/site-packages/airflow/example_dags/example_latest_only_with_trigger.py took 0.077 seconds
[2026-03-11T03:10:05.689+0000] {processor.py:156} INFO - Started process (PID=55) to work on /home/airflow/.local/lib/python3.7/site-packages/airflow/example_dags/example_latest_only_with_trigger.py
[2026-03-11T03:10:05.696+0000] {processor.py:799} INFO - Processing file /home/airflow/.local/lib/python3.7/site-packages/airflow/example_dags/example_latest_only_with_trigger.py for tasks to queue
[2026-03-11T03:10:05.698+0000] {logging_mixin.py:149} INFO - [2026-03-11T03:10:05.698+0000] {dagbag.py:541} INFO - Filling up the DagBag from /home/airflow/.local/lib/python3.7/site-packages/airflow/example_dags/example_latest_only_with_trigger.py
[2026-03-11T03:10:05.714+0000] {processor.py:809} INFO - DAG(s) dict_keys(['latest_only_with_trigger']) retrieved from /home/airflow/.local/lib/python3.7/site-packages/airflow/example_dags/example_latest_only_with_trigger.py
[2026-03-11T03:10:05.725+0000] {logging_mixin.py:149} INFO - [2026-03-11T03:10:05.725+0000] {dag.py:2726} INFO - Sync 1 DAGs
[2026-03-11T03:10:05.743+0000] {logging_mixin.py:149} INFO - [2026-03-11T03:10:05.743+0000] {dag.py:3490} INFO - Setting next_dagrun for latest_only_with_trigger to 2026-03-10T23:10:05.743739+00:00, run_after=2026-03-11T03:10:05.743739+00:00
[2026-03-11T03:10:05.755+0000] {processor.py:178} INFO - Processing /home/airflow/.local/lib/python3.7/site-packages/airflow/example_dags/example_latest_only_with_trigger.py took 0.067 seconds
[2026-03-11T03:10:36.660+0000] {processor.py:156} INFO - Started process (PID=117) to work on /home/airflow/.local/lib/python3.7/site-packages/airflow/example_dags/example_latest_only_with_trigger.py
[2026-03-11T03:10:36.661+0000] {processor.py:799} INFO - Processing file /home/airflow/.local/lib/python3.7/site-packages/airflow/example_dags/example_latest_only_with_trigger.py for tasks to queue
[2026-03-11T03:10:36.662+0000] {logging_mixin.py:149} INFO - [2026-03-11T03:10:36.662+0000] {dagbag.py:541} INFO - Filling up the DagBag from /home/airflow/.local/lib/python3.7/site-packages/airflow/example_dags/example_latest_only_with_trigger.py
[2026-03-11T03:10:36.665+0000] {processor.py:809} INFO - DAG(s) dict_keys(['latest_only_with_trigger']) retrieved from /home/airflow/.local/lib/python3.7/site-packages/airflow/example_dags/example_latest_only_with_trigger.py
[2026-03-11T03:10:36.682+0000] {logging_mixin.py:149} INFO - [2026-03-11T03:10:36.682+0000] {dag.py:2726} INFO - Sync 1 DAGs
[2026-03-11T03:10:36.694+0000] {logging_mixin.py:149} INFO - [2026-03-11T03:10:36.694+0000] {dag.py:3490} INFO - Setting next_dagrun for latest_only_with_trigger to 2026-03-10T23:10:36.693919+00:00, run_after=2026-03-11T03:10:36.693919+00:00
[2026-03-11T03:10:36.704+0000] {processor.py:178} INFO - Processing /home/airflow/.local/lib/python3.7/site-packages/airflow/example_dags/example_latest_only_with_trigger.py took 0.046 seconds
