[2026-03-11T03:09:21.949+0000] {processor.py:156} INFO - Started process (PID=52) to work on /home/airflow/.local/lib/python3.7/site-packages/airflow/example_dags/example_xcomargs.py
[2026-03-11T03:09:21.950+0000] {processor.py:799} INFO - Processing file /home/airflow/.local/lib/python3.7/site-packages/airflow/example_dags/example_xcomargs.py for tasks to queue
[2026-03-11T03:09:21.951+0000] {logging_mixin.py:149} INFO - [2026-03-11T03:09:21.951+0000] {dagbag.py:541} INFO - Filling up the DagBag from /home/airflow/.local/lib/python3.7/site-packages/airflow/example_dags/example_xcomargs.py
[2026-03-11T03:09:21.963+0000] {processor.py:809} INFO - DAG(s) dict_keys(['example_xcom_args_with_operators', 'example_xcom_args']) retrieved from /home/airflow/.local/lib/python3.7/site-packages/airflow/example_dags/example_xcomargs.py
[2026-03-11T03:09:21.981+0000] {logging_mixin.py:149} INFO - [2026-03-11T03:09:21.981+0000] {dag.py:2726} INFO - Sync 2 DAGs
[2026-03-11T03:09:22.010+0000] {logging_mixin.py:149} INFO - [2026-03-11T03:09:22.009+0000] {dag.py:3490} INFO - Setting next_dagrun for example_xcom_args to None, run_after=None
[2026-03-11T03:09:22.014+0000] {logging_mixin.py:149} INFO - [2026-03-11T03:09:22.014+0000] {dag.py:3490} INFO - Setting next_dagrun for example_xcom_args_with_operators to None, run_after=None
[2026-03-11T03:09:22.043+0000] {processor.py:178} INFO - Processing /home/airflow/.local/lib/python3.7/site-packages/airflow/example_dags/example_xcomargs.py took 0.097 seconds
[2026-03-11T03:10:05.591+0000] {processor.py:156} INFO - Started process (PID=52) to work on /home/airflow/.local/lib/python3.7/site-packages/airflow/example_dags/example_xcomargs.py
[2026-03-11T03:10:05.592+0000] {processor.py:799} INFO - Processing file /home/airflow/.local/lib/python3.7/site-packages/airflow/example_dags/example_xcomargs.py for tasks to queue
[2026-03-11T03:10:05.593+0000] {logging_mixin.py:149} INFO - [2026-03-11T03:10:05.593+0000] {dagbag.py:541} INFO - Filling up the DagBag from /home/airflow/.local/lib/python3.7/site-packages/airflow/example_dags/example_xcomargs.py
[2026-03-11T03:10:05.599+0000] {processor.py:809} INFO - DAG(s) dict_keys(['example_xcom_args_with_operators', 'example_xcom_args']) retrieved from /home/airflow/.local/lib/python3.7/site-packages/airflow/example_dags/example_xcomargs.py
[2026-03-11T03:10:05.608+0000] {logging_mixin.py:149} INFO - [2026-03-11T03:10:05.608+0000] {dag.py:2726} INFO - Sync 2 DAGs
[2026-03-11T03:10:05.620+0000] {logging_mixin.py:149} INFO - [2026-03-11T03:10:05.620+0000] {dag.py:3490} INFO - Setting next_dagrun for example_xcom_args to None, run_after=None
[2026-03-11T03:10:05.623+0000] {logging_mixin.py:149} INFO - [2026-03-11T03:10:05.623+0000] {dag.py:3490} INFO - Setting next_dagrun for example_xcom_args_with_operators to None, run_after=None
[2026-03-11T03:10:05.634+0000] {processor.py:178} INFO - Processing /home/airflow/.local/lib/python3.7/site-packages/airflow/example_dags/example_xcomargs.py took 0.045 seconds
[2026-03-11T03:10:36.562+0000] {processor.py:156} INFO - Started process (PID=114) to work on /home/airflow/.local/lib/python3.7/site-packages/airflow/example_dags/example_xcomargs.py
[2026-03-11T03:10:36.563+0000] {processor.py:799} INFO - Processing file /home/airflow/.local/lib/python3.7/site-packages/airflow/example_dags/example_xcomargs.py for tasks to queue
[2026-03-11T03:10:36.564+0000] {logging_mixin.py:149} INFO - [2026-03-11T03:10:36.563+0000] {dagbag.py:541} INFO - Filling up the DagBag from /home/airflow/.local/lib/python3.7/site-packages/airflow/example_dags/example_xcomargs.py
[2026-03-11T03:10:36.569+0000] {processor.py:809} INFO - DAG(s) dict_keys(['example_xcom_args_with_operators', 'example_xcom_args']) retrieved from /home/airflow/.local/lib/python3.7/site-packages/airflow/example_dags/example_xcomargs.py
[2026-03-11T03:10:36.585+0000] {logging_mixin.py:149} INFO - [2026-03-11T03:10:36.585+0000] {dag.py:2726} INFO - Sync 2 DAGs
[2026-03-11T03:10:36.598+0000] {logging_mixin.py:149} INFO - [2026-03-11T03:10:36.597+0000] {dag.py:3490} INFO - Setting next_dagrun for example_xcom_args to None, run_after=None
[2026-03-11T03:10:36.601+0000] {logging_mixin.py:149} INFO - [2026-03-11T03:10:36.601+0000] {dag.py:3490} INFO - Setting next_dagrun for example_xcom_args_with_operators to None, run_after=None
[2026-03-11T03:10:36.611+0000] {processor.py:178} INFO - Processing /home/airflow/.local/lib/python3.7/site-packages/airflow/example_dags/example_xcomargs.py took 0.051 seconds
