[2026-03-11T03:09:20.805+0000] {processor.py:156} INFO - Started process (PID=32) to work on /home/airflow/.local/lib/python3.7/site-packages/airflow/example_dags/example_task_group_decorator.py
[2026-03-11T03:09:20.806+0000] {processor.py:799} INFO - Processing file /home/airflow/.local/lib/python3.7/site-packages/airflow/example_dags/example_task_group_decorator.py for tasks to queue
[2026-03-11T03:09:20.807+0000] {logging_mixin.py:149} INFO - [2026-03-11T03:09:20.807+0000] {dagbag.py:541} INFO - Filling up the DagBag from /home/airflow/.local/lib/python3.7/site-packages/airflow/example_dags/example_task_group_decorator.py
[2026-03-11T03:09:20.926+0000] {processor.py:809} INFO - DAG(s) dict_keys(['example_task_group_decorator']) retrieved from /home/airflow/.local/lib/python3.7/site-packages/airflow/example_dags/example_task_group_decorator.py
[2026-03-11T03:09:20.938+0000] {logging_mixin.py:149} INFO - [2026-03-11T03:09:20.938+0000] {dag.py:2726} INFO - Sync 1 DAGs
[2026-03-11T03:09:20.950+0000] {logging_mixin.py:149} INFO - [2026-03-11T03:09:20.949+0000] {dag.py:3490} INFO - Setting next_dagrun for example_task_group_decorator to 2026-03-10T03:09:20.949873+00:00, run_after=2026-03-11T03:09:20.949873+00:00
[2026-03-11T03:09:20.958+0000] {processor.py:178} INFO - Processing /home/airflow/.local/lib/python3.7/site-packages/airflow/example_dags/example_task_group_decorator.py took 0.155 seconds
[2026-03-11T03:10:04.765+0000] {processor.py:156} INFO - Started process (PID=32) to work on /home/airflow/.local/lib/python3.7/site-packages/airflow/example_dags/example_task_group_decorator.py
[2026-03-11T03:10:04.767+0000] {processor.py:799} INFO - Processing file /home/airflow/.local/lib/python3.7/site-packages/airflow/example_dags/example_task_group_decorator.py for tasks to queue
[2026-03-11T03:10:04.767+0000] {logging_mixin.py:149} INFO - [2026-03-11T03:10:04.767+0000] {dagbag.py:541} INFO - Filling up the DagBag from /home/airflow/.local/lib/python3.7/site-packages/airflow/example_dags/example_task_group_decorator.py
[2026-03-11T03:10:04.775+0000] {processor.py:809} INFO - DAG(s) dict_keys(['example_task_group_decorator']) retrieved from /home/airflow/.local/lib/python3.7/site-packages/airflow/example_dags/example_task_group_decorator.py
[2026-03-11T03:10:04.794+0000] {logging_mixin.py:149} INFO - [2026-03-11T03:10:04.794+0000] {dag.py:2726} INFO - Sync 1 DAGs
[2026-03-11T03:10:04.806+0000] {logging_mixin.py:149} INFO - [2026-03-11T03:10:04.805+0000] {dag.py:3490} INFO - Setting next_dagrun for example_task_group_decorator to 2026-03-10T03:10:04.805860+00:00, run_after=2026-03-11T03:10:04.805860+00:00
[2026-03-11T03:10:04.818+0000] {processor.py:178} INFO - Processing /home/airflow/.local/lib/python3.7/site-packages/airflow/example_dags/example_task_group_decorator.py took 0.055 seconds
[2026-03-11T03:10:34.848+0000] {processor.py:156} INFO - Started process (PID=94) to work on /home/airflow/.local/lib/python3.7/site-packages/airflow/example_dags/example_task_group_decorator.py
[2026-03-11T03:10:34.848+0000] {processor.py:799} INFO - Processing file /home/airflow/.local/lib/python3.7/site-packages/airflow/example_dags/example_task_group_decorator.py for tasks to queue
[2026-03-11T03:10:34.849+0000] {logging_mixin.py:149} INFO - [2026-03-11T03:10:34.849+0000] {dagbag.py:541} INFO - Filling up the DagBag from /home/airflow/.local/lib/python3.7/site-packages/airflow/example_dags/example_task_group_decorator.py
[2026-03-11T03:10:34.857+0000] {processor.py:809} INFO - DAG(s) dict_keys(['example_task_group_decorator']) retrieved from /home/airflow/.local/lib/python3.7/site-packages/airflow/example_dags/example_task_group_decorator.py
[2026-03-11T03:10:34.874+0000] {logging_mixin.py:149} INFO - [2026-03-11T03:10:34.874+0000] {dag.py:2726} INFO - Sync 1 DAGs
[2026-03-11T03:10:34.916+0000] {logging_mixin.py:149} INFO - [2026-03-11T03:10:34.915+0000] {dag.py:3490} INFO - Setting next_dagrun for example_task_group_decorator to 2026-03-10T03:10:34.915818+00:00, run_after=2026-03-11T03:10:34.915818+00:00
[2026-03-11T03:10:34.936+0000] {processor.py:178} INFO - Processing /home/airflow/.local/lib/python3.7/site-packages/airflow/example_dags/example_task_group_decorator.py took 0.090 seconds
