[2026-03-11T03:09:22.560+0000] {processor.py:156} INFO - Started process (PID=70) to work on /home/airflow/.local/lib/python3.7/site-packages/airflow/example_dags/example_branch_operator.py
[2026-03-11T03:09:22.561+0000] {processor.py:799} INFO - Processing file /home/airflow/.local/lib/python3.7/site-packages/airflow/example_dags/example_branch_operator.py for tasks to queue
[2026-03-11T03:09:22.561+0000] {logging_mixin.py:149} INFO - [2026-03-11T03:09:22.561+0000] {dagbag.py:541} INFO - Filling up the DagBag from /home/airflow/.local/lib/python3.7/site-packages/airflow/example_dags/example_branch_operator.py
[2026-03-11T03:09:22.572+0000] {processor.py:809} INFO - DAG(s) dict_keys(['example_branch_operator']) retrieved from /home/airflow/.local/lib/python3.7/site-packages/airflow/example_dags/example_branch_operator.py
[2026-03-11T03:09:22.587+0000] {logging_mixin.py:149} INFO - [2026-03-11T03:09:22.587+0000] {dag.py:2726} INFO - Sync 1 DAGs
[2026-03-11T03:09:22.612+0000] {logging_mixin.py:149} INFO - [2026-03-11T03:09:22.611+0000] {dag.py:3490} INFO - Setting next_dagrun for example_branch_operator to 2026-03-10T00:00:00+00:00, run_after=2026-03-11T00:00:00+00:00
[2026-03-11T03:09:22.628+0000] {processor.py:178} INFO - Processing /home/airflow/.local/lib/python3.7/site-packages/airflow/example_dags/example_branch_operator.py took 0.072 seconds
[2026-03-11T03:10:05.972+0000] {processor.py:156} INFO - Started process (PID=63) to work on /home/airflow/.local/lib/python3.7/site-packages/airflow/example_dags/example_branch_operator.py
[2026-03-11T03:10:05.973+0000] {processor.py:799} INFO - Processing file /home/airflow/.local/lib/python3.7/site-packages/airflow/example_dags/example_branch_operator.py for tasks to queue
[2026-03-11T03:10:05.973+0000] {logging_mixin.py:149} INFO - [2026-03-11T03:10:05.973+0000] {dagbag.py:541} INFO - Filling up the DagBag from /home/airflow/.local/lib/python3.7/site-packages/airflow/example_dags/example_branch_operator.py
[2026-03-11T03:10:05.981+0000] {processor.py:809} INFO - DAG(s) dict_keys(['example_branch_operator']) retrieved from /home/airflow/.local/lib/python3.7/site-packages/airflow/example_dags/example_branch_operator.py
[2026-03-11T03:10:05.987+0000] {logging_mixin.py:149} INFO - [2026-03-11T03:10:05.987+0000] {dag.py:2726} INFO - Sync 1 DAGs
[2026-03-11T03:10:06.000+0000] {logging_mixin.py:149} INFO - [2026-03-11T03:10:06.000+0000] {dag.py:3490} INFO - Setting next_dagrun for example_branch_operator to 2026-03-10T00:00:00+00:00, run_after=2026-03-11T00:00:00+00:00
[2026-03-11T03:10:06.012+0000] {processor.py:178} INFO - Processing /home/airflow/.local/lib/python3.7/site-packages/airflow/example_dags/example_branch_operator.py took 0.044 seconds
[2026-03-11T03:10:37.051+0000] {processor.py:156} INFO - Started process (PID=125) to work on /home/airflow/.local/lib/python3.7/site-packages/airflow/example_dags/example_branch_operator.py
[2026-03-11T03:10:37.052+0000] {processor.py:799} INFO - Processing file /home/airflow/.local/lib/python3.7/site-packages/airflow/example_dags/example_branch_operator.py for tasks to queue
[2026-03-11T03:10:37.053+0000] {logging_mixin.py:149} INFO - [2026-03-11T03:10:37.052+0000] {dagbag.py:541} INFO - Filling up the DagBag from /home/airflow/.local/lib/python3.7/site-packages/airflow/example_dags/example_branch_operator.py
[2026-03-11T03:10:37.059+0000] {processor.py:809} INFO - DAG(s) dict_keys(['example_branch_operator']) retrieved from /home/airflow/.local/lib/python3.7/site-packages/airflow/example_dags/example_branch_operator.py
[2026-03-11T03:10:37.070+0000] {logging_mixin.py:149} INFO - [2026-03-11T03:10:37.070+0000] {dag.py:2726} INFO - Sync 1 DAGs
[2026-03-11T03:10:37.081+0000] {logging_mixin.py:149} INFO - [2026-03-11T03:10:37.081+0000] {dag.py:3490} INFO - Setting next_dagrun for example_branch_operator to 2026-03-10T00:00:00+00:00, run_after=2026-03-11T00:00:00+00:00
[2026-03-11T03:10:37.094+0000] {processor.py:178} INFO - Processing /home/airflow/.local/lib/python3.7/site-packages/airflow/example_dags/example_branch_operator.py took 0.044 seconds
