[2026-03-11T03:09:22.372+0000] {processor.py:156} INFO - Started process (PID=66) to work on /home/airflow/.local/lib/python3.7/site-packages/airflow/example_dags/example_branch_datetime_operator.py
[2026-03-11T03:09:22.374+0000] {processor.py:799} INFO - Processing file /home/airflow/.local/lib/python3.7/site-packages/airflow/example_dags/example_branch_datetime_operator.py for tasks to queue
[2026-03-11T03:09:22.374+0000] {logging_mixin.py:149} INFO - [2026-03-11T03:09:22.374+0000] {dagbag.py:541} INFO - Filling up the DagBag from /home/airflow/.local/lib/python3.7/site-packages/airflow/example_dags/example_branch_datetime_operator.py
[2026-03-11T03:09:22.386+0000] {processor.py:809} INFO - DAG(s) dict_keys(['example_branch_datetime_operator_2', 'example_branch_datetime_operator_3', 'example_branch_datetime_operator']) retrieved from /home/airflow/.local/lib/python3.7/site-packages/airflow/example_dags/example_branch_datetime_operator.py
[2026-03-11T03:09:22.401+0000] {logging_mixin.py:149} INFO - [2026-03-11T03:09:22.401+0000] {dag.py:2726} INFO - Sync 3 DAGs
[2026-03-11T03:09:22.420+0000] {logging_mixin.py:149} INFO - [2026-03-11T03:09:22.419+0000] {dag.py:3490} INFO - Setting next_dagrun for example_branch_datetime_operator to 2026-03-10T00:00:00+00:00, run_after=2026-03-11T00:00:00+00:00
[2026-03-11T03:09:22.426+0000] {logging_mixin.py:149} INFO - [2026-03-11T03:09:22.426+0000] {dag.py:3490} INFO - Setting next_dagrun for example_branch_datetime_operator_2 to 2026-03-10T00:00:00+00:00, run_after=2026-03-11T00:00:00+00:00
[2026-03-11T03:09:22.429+0000] {logging_mixin.py:149} INFO - [2026-03-11T03:09:22.429+0000] {dag.py:3490} INFO - Setting next_dagrun for example_branch_datetime_operator_3 to 2026-03-10T00:00:00+00:00, run_after=2026-03-11T00:00:00+00:00
[2026-03-11T03:09:22.446+0000] {processor.py:178} INFO - Processing /home/airflow/.local/lib/python3.7/site-packages/airflow/example_dags/example_branch_datetime_operator.py took 0.077 seconds
[2026-03-11T03:10:05.823+0000] {processor.py:156} INFO - Started process (PID=59) to work on /home/airflow/.local/lib/python3.7/site-packages/airflow/example_dags/example_branch_datetime_operator.py
[2026-03-11T03:10:05.824+0000] {processor.py:799} INFO - Processing file /home/airflow/.local/lib/python3.7/site-packages/airflow/example_dags/example_branch_datetime_operator.py for tasks to queue
[2026-03-11T03:10:05.825+0000] {logging_mixin.py:149} INFO - [2026-03-11T03:10:05.825+0000] {dagbag.py:541} INFO - Filling up the DagBag from /home/airflow/.local/lib/python3.7/site-packages/airflow/example_dags/example_branch_datetime_operator.py
[2026-03-11T03:10:05.830+0000] {processor.py:809} INFO - DAG(s) dict_keys(['example_branch_datetime_operator', 'example_branch_datetime_operator_3', 'example_branch_datetime_operator_2']) retrieved from /home/airflow/.local/lib/python3.7/site-packages/airflow/example_dags/example_branch_datetime_operator.py
[2026-03-11T03:10:05.842+0000] {logging_mixin.py:149} INFO - [2026-03-11T03:10:05.841+0000] {dag.py:2726} INFO - Sync 3 DAGs
[2026-03-11T03:10:05.856+0000] {logging_mixin.py:149} INFO - [2026-03-11T03:10:05.855+0000] {dag.py:3490} INFO - Setting next_dagrun for example_branch_datetime_operator to 2026-03-10T00:00:00+00:00, run_after=2026-03-11T00:00:00+00:00
[2026-03-11T03:10:05.859+0000] {logging_mixin.py:149} INFO - [2026-03-11T03:10:05.859+0000] {dag.py:3490} INFO - Setting next_dagrun for example_branch_datetime_operator_2 to 2026-03-10T00:00:00+00:00, run_after=2026-03-11T00:00:00+00:00
[2026-03-11T03:10:05.860+0000] {logging_mixin.py:149} INFO - [2026-03-11T03:10:05.860+0000] {dag.py:3490} INFO - Setting next_dagrun for example_branch_datetime_operator_3 to 2026-03-10T00:00:00+00:00, run_after=2026-03-11T00:00:00+00:00
[2026-03-11T03:10:05.872+0000] {processor.py:178} INFO - Processing /home/airflow/.local/lib/python3.7/site-packages/airflow/example_dags/example_branch_datetime_operator.py took 0.051 seconds
[2026-03-11T03:10:36.875+0000] {processor.py:156} INFO - Started process (PID=121) to work on /home/airflow/.local/lib/python3.7/site-packages/airflow/example_dags/example_branch_datetime_operator.py
[2026-03-11T03:10:36.876+0000] {processor.py:799} INFO - Processing file /home/airflow/.local/lib/python3.7/site-packages/airflow/example_dags/example_branch_datetime_operator.py for tasks to queue
[2026-03-11T03:10:36.878+0000] {logging_mixin.py:149} INFO - [2026-03-11T03:10:36.878+0000] {dagbag.py:541} INFO - Filling up the DagBag from /home/airflow/.local/lib/python3.7/site-packages/airflow/example_dags/example_branch_datetime_operator.py
[2026-03-11T03:10:36.882+0000] {processor.py:809} INFO - DAG(s) dict_keys(['example_branch_datetime_operator_2', 'example_branch_datetime_operator', 'example_branch_datetime_operator_3']) retrieved from /home/airflow/.local/lib/python3.7/site-packages/airflow/example_dags/example_branch_datetime_operator.py
[2026-03-11T03:10:36.903+0000] {logging_mixin.py:149} INFO - [2026-03-11T03:10:36.903+0000] {dag.py:2726} INFO - Sync 3 DAGs
[2026-03-11T03:10:36.915+0000] {logging_mixin.py:149} INFO - [2026-03-11T03:10:36.915+0000] {dag.py:3490} INFO - Setting next_dagrun for example_branch_datetime_operator to 2026-03-10T00:00:00+00:00, run_after=2026-03-11T00:00:00+00:00
[2026-03-11T03:10:36.917+0000] {logging_mixin.py:149} INFO - [2026-03-11T03:10:36.917+0000] {dag.py:3490} INFO - Setting next_dagrun for example_branch_datetime_operator_2 to 2026-03-10T00:00:00+00:00, run_after=2026-03-11T00:00:00+00:00
[2026-03-11T03:10:36.917+0000] {logging_mixin.py:149} INFO - [2026-03-11T03:10:36.917+0000] {dag.py:3490} INFO - Setting next_dagrun for example_branch_datetime_operator_3 to 2026-03-10T00:00:00+00:00, run_after=2026-03-11T00:00:00+00:00
[2026-03-11T03:10:36.926+0000] {processor.py:178} INFO - Processing /home/airflow/.local/lib/python3.7/site-packages/airflow/example_dags/example_branch_datetime_operator.py took 0.053 seconds
