[2026-03-11T03:09:22.500+0000] {processor.py:156} INFO - Started process (PID=69) to work on /home/airflow/.local/lib/python3.7/site-packages/airflow/example_dags/example_trigger_target_dag.py
[2026-03-11T03:09:22.501+0000] {processor.py:799} INFO - Processing file /home/airflow/.local/lib/python3.7/site-packages/airflow/example_dags/example_trigger_target_dag.py for tasks to queue
[2026-03-11T03:09:22.504+0000] {logging_mixin.py:149} INFO - [2026-03-11T03:09:22.504+0000] {dagbag.py:541} INFO - Filling up the DagBag from /home/airflow/.local/lib/python3.7/site-packages/airflow/example_dags/example_trigger_target_dag.py
[2026-03-11T03:09:22.510+0000] {processor.py:809} INFO - DAG(s) dict_keys(['example_trigger_target_dag']) retrieved from /home/airflow/.local/lib/python3.7/site-packages/airflow/example_dags/example_trigger_target_dag.py
[2026-03-11T03:09:22.521+0000] {logging_mixin.py:149} INFO - [2026-03-11T03:09:22.521+0000] {dag.py:2726} INFO - Sync 1 DAGs
[2026-03-11T03:09:22.536+0000] {logging_mixin.py:149} INFO - [2026-03-11T03:09:22.536+0000] {dag.py:3490} INFO - Setting next_dagrun for example_trigger_target_dag to None, run_after=None
[2026-03-11T03:09:22.555+0000] {processor.py:178} INFO - Processing /home/airflow/.local/lib/python3.7/site-packages/airflow/example_dags/example_trigger_target_dag.py took 0.057 seconds
[2026-03-11T03:10:05.936+0000] {processor.py:156} INFO - Started process (PID=62) to work on /home/airflow/.local/lib/python3.7/site-packages/airflow/example_dags/example_trigger_target_dag.py
[2026-03-11T03:10:05.936+0000] {processor.py:799} INFO - Processing file /home/airflow/.local/lib/python3.7/site-packages/airflow/example_dags/example_trigger_target_dag.py for tasks to queue
[2026-03-11T03:10:05.937+0000] {logging_mixin.py:149} INFO - [2026-03-11T03:10:05.937+0000] {dagbag.py:541} INFO - Filling up the DagBag from /home/airflow/.local/lib/python3.7/site-packages/airflow/example_dags/example_trigger_target_dag.py
[2026-03-11T03:10:05.940+0000] {processor.py:809} INFO - DAG(s) dict_keys(['example_trigger_target_dag']) retrieved from /home/airflow/.local/lib/python3.7/site-packages/airflow/example_dags/example_trigger_target_dag.py
[2026-03-11T03:10:05.945+0000] {logging_mixin.py:149} INFO - [2026-03-11T03:10:05.945+0000] {dag.py:2726} INFO - Sync 1 DAGs
[2026-03-11T03:10:05.955+0000] {logging_mixin.py:149} INFO - [2026-03-11T03:10:05.955+0000] {dag.py:3490} INFO - Setting next_dagrun for example_trigger_target_dag to None, run_after=None
[2026-03-11T03:10:05.962+0000] {processor.py:178} INFO - Processing /home/airflow/.local/lib/python3.7/site-packages/airflow/example_dags/example_trigger_target_dag.py took 0.027 seconds
[2026-03-11T03:10:37.011+0000] {processor.py:156} INFO - Started process (PID=124) to work on /home/airflow/.local/lib/python3.7/site-packages/airflow/example_dags/example_trigger_target_dag.py
[2026-03-11T03:10:37.011+0000] {processor.py:799} INFO - Processing file /home/airflow/.local/lib/python3.7/site-packages/airflow/example_dags/example_trigger_target_dag.py for tasks to queue
[2026-03-11T03:10:37.011+0000] {logging_mixin.py:149} INFO - [2026-03-11T03:10:37.011+0000] {dagbag.py:541} INFO - Filling up the DagBag from /home/airflow/.local/lib/python3.7/site-packages/airflow/example_dags/example_trigger_target_dag.py
[2026-03-11T03:10:37.014+0000] {processor.py:809} INFO - DAG(s) dict_keys(['example_trigger_target_dag']) retrieved from /home/airflow/.local/lib/python3.7/site-packages/airflow/example_dags/example_trigger_target_dag.py
[2026-03-11T03:10:37.024+0000] {logging_mixin.py:149} INFO - [2026-03-11T03:10:37.024+0000] {dag.py:2726} INFO - Sync 1 DAGs
[2026-03-11T03:10:37.034+0000] {logging_mixin.py:149} INFO - [2026-03-11T03:10:37.034+0000] {dag.py:3490} INFO - Setting next_dagrun for example_trigger_target_dag to None, run_after=None
[2026-03-11T03:10:37.042+0000] {processor.py:178} INFO - Processing /home/airflow/.local/lib/python3.7/site-packages/airflow/example_dags/example_trigger_target_dag.py took 0.033 seconds
