[2026-03-11T03:09:20.803+0000] {processor.py:156} INFO - Started process (PID=31) to work on /home/airflow/.local/lib/python3.7/site-packages/airflow/example_dags/example_sla_dag.py
[2026-03-11T03:09:20.804+0000] {processor.py:799} INFO - Processing file /home/airflow/.local/lib/python3.7/site-packages/airflow/example_dags/example_sla_dag.py for tasks to queue
[2026-03-11T03:09:20.806+0000] {logging_mixin.py:149} INFO - [2026-03-11T03:09:20.806+0000] {dagbag.py:541} INFO - Filling up the DagBag from /home/airflow/.local/lib/python3.7/site-packages/airflow/example_dags/example_sla_dag.py
[2026-03-11T03:09:20.825+0000] {processor.py:809} INFO - DAG(s) dict_keys(['example_sla_dag']) retrieved from /home/airflow/.local/lib/python3.7/site-packages/airflow/example_dags/example_sla_dag.py
[2026-03-11T03:09:20.938+0000] {logging_mixin.py:149} INFO - [2026-03-11T03:09:20.938+0000] {dag.py:2726} INFO - Sync 1 DAGs
[2026-03-11T03:09:20.951+0000] {logging_mixin.py:149} INFO - [2026-03-11T03:09:20.951+0000] {dag.py:3490} INFO - Setting next_dagrun for example_sla_dag to 2026-03-11T03:06:00+00:00, run_after=2026-03-11T03:08:00+00:00
[2026-03-11T03:09:20.959+0000] {processor.py:178} INFO - Processing /home/airflow/.local/lib/python3.7/site-packages/airflow/example_dags/example_sla_dag.py took 0.159 seconds
[2026-03-11T03:10:04.765+0000] {processor.py:156} INFO - Started process (PID=31) to work on /home/airflow/.local/lib/python3.7/site-packages/airflow/example_dags/example_sla_dag.py
[2026-03-11T03:10:04.766+0000] {processor.py:799} INFO - Processing file /home/airflow/.local/lib/python3.7/site-packages/airflow/example_dags/example_sla_dag.py for tasks to queue
[2026-03-11T03:10:04.766+0000] {logging_mixin.py:149} INFO - [2026-03-11T03:10:04.766+0000] {dagbag.py:541} INFO - Filling up the DagBag from /home/airflow/.local/lib/python3.7/site-packages/airflow/example_dags/example_sla_dag.py
[2026-03-11T03:10:04.776+0000] {processor.py:809} INFO - DAG(s) dict_keys(['example_sla_dag']) retrieved from /home/airflow/.local/lib/python3.7/site-packages/airflow/example_dags/example_sla_dag.py
[2026-03-11T03:10:04.793+0000] {logging_mixin.py:149} INFO - [2026-03-11T03:10:04.793+0000] {dag.py:2726} INFO - Sync 1 DAGs
[2026-03-11T03:10:04.810+0000] {logging_mixin.py:149} INFO - [2026-03-11T03:10:04.810+0000] {dag.py:3490} INFO - Setting next_dagrun for example_sla_dag to 2026-03-11T03:08:00+00:00, run_after=2026-03-11T03:10:00+00:00
[2026-03-11T03:10:04.820+0000] {processor.py:178} INFO - Processing /home/airflow/.local/lib/python3.7/site-packages/airflow/example_dags/example_sla_dag.py took 0.058 seconds
[2026-03-11T03:10:34.845+0000] {processor.py:156} INFO - Started process (PID=93) to work on /home/airflow/.local/lib/python3.7/site-packages/airflow/example_dags/example_sla_dag.py
[2026-03-11T03:10:34.845+0000] {processor.py:799} INFO - Processing file /home/airflow/.local/lib/python3.7/site-packages/airflow/example_dags/example_sla_dag.py for tasks to queue
[2026-03-11T03:10:34.846+0000] {logging_mixin.py:149} INFO - [2026-03-11T03:10:34.846+0000] {dagbag.py:541} INFO - Filling up the DagBag from /home/airflow/.local/lib/python3.7/site-packages/airflow/example_dags/example_sla_dag.py
[2026-03-11T03:10:34.850+0000] {processor.py:809} INFO - DAG(s) dict_keys(['example_sla_dag']) retrieved from /home/airflow/.local/lib/python3.7/site-packages/airflow/example_dags/example_sla_dag.py
[2026-03-11T03:10:34.868+0000] {logging_mixin.py:149} INFO - [2026-03-11T03:10:34.868+0000] {dag.py:2726} INFO - Sync 1 DAGs
[2026-03-11T03:10:34.905+0000] {logging_mixin.py:149} INFO - [2026-03-11T03:10:34.905+0000] {dag.py:3490} INFO - Setting next_dagrun for example_sla_dag to 2026-03-11T03:08:00+00:00, run_after=2026-03-11T03:10:00+00:00
[2026-03-11T03:10:34.930+0000] {processor.py:178} INFO - Processing /home/airflow/.local/lib/python3.7/site-packages/airflow/example_dags/example_sla_dag.py took 0.087 seconds
