[2026-03-11T03:09:21.628+0000] {processor.py:156} INFO - Started process (PID=41) to work on /home/airflow/.local/lib/python3.7/site-packages/airflow/example_dags/example_xcom.py
[2026-03-11T03:09:21.628+0000] {processor.py:799} INFO - Processing file /home/airflow/.local/lib/python3.7/site-packages/airflow/example_dags/example_xcom.py for tasks to queue
[2026-03-11T03:09:21.629+0000] {logging_mixin.py:149} INFO - [2026-03-11T03:09:21.629+0000] {dagbag.py:541} INFO - Filling up the DagBag from /home/airflow/.local/lib/python3.7/site-packages/airflow/example_dags/example_xcom.py
[2026-03-11T03:09:21.637+0000] {processor.py:809} INFO - DAG(s) dict_keys(['example_xcom']) retrieved from /home/airflow/.local/lib/python3.7/site-packages/airflow/example_dags/example_xcom.py
[2026-03-11T03:09:21.643+0000] {logging_mixin.py:149} INFO - [2026-03-11T03:09:21.643+0000] {dag.py:2726} INFO - Sync 1 DAGs
[2026-03-11T03:09:21.657+0000] {logging_mixin.py:149} INFO - [2026-03-11T03:09:21.657+0000] {dag.py:3490} INFO - Setting next_dagrun for example_xcom to 2021-01-01T00:00:00+00:00, run_after=2021-01-01T00:00:00+00:00
[2026-03-11T03:09:21.675+0000] {processor.py:178} INFO - Processing /home/airflow/.local/lib/python3.7/site-packages/airflow/example_dags/example_xcom.py took 0.048 seconds
[2026-03-11T03:10:05.208+0000] {processor.py:156} INFO - Started process (PID=41) to work on /home/airflow/.local/lib/python3.7/site-packages/airflow/example_dags/example_xcom.py
[2026-03-11T03:10:05.209+0000] {processor.py:799} INFO - Processing file /home/airflow/.local/lib/python3.7/site-packages/airflow/example_dags/example_xcom.py for tasks to queue
[2026-03-11T03:10:05.209+0000] {logging_mixin.py:149} INFO - [2026-03-11T03:10:05.209+0000] {dagbag.py:541} INFO - Filling up the DagBag from /home/airflow/.local/lib/python3.7/site-packages/airflow/example_dags/example_xcom.py
[2026-03-11T03:10:05.214+0000] {processor.py:809} INFO - DAG(s) dict_keys(['example_xcom']) retrieved from /home/airflow/.local/lib/python3.7/site-packages/airflow/example_dags/example_xcom.py
[2026-03-11T03:10:05.221+0000] {logging_mixin.py:149} INFO - [2026-03-11T03:10:05.221+0000] {dag.py:2726} INFO - Sync 1 DAGs
[2026-03-11T03:10:05.235+0000] {logging_mixin.py:149} INFO - [2026-03-11T03:10:05.235+0000] {dag.py:3490} INFO - Setting next_dagrun for example_xcom to 2021-01-01T00:00:00+00:00, run_after=2021-01-01T00:00:00+00:00
[2026-03-11T03:10:05.244+0000] {processor.py:178} INFO - Processing /home/airflow/.local/lib/python3.7/site-packages/airflow/example_dags/example_xcom.py took 0.038 seconds
[2026-03-11T03:10:36.226+0000] {processor.py:156} INFO - Started process (PID=103) to work on /home/airflow/.local/lib/python3.7/site-packages/airflow/example_dags/example_xcom.py
[2026-03-11T03:10:36.227+0000] {processor.py:799} INFO - Processing file /home/airflow/.local/lib/python3.7/site-packages/airflow/example_dags/example_xcom.py for tasks to queue
[2026-03-11T03:10:36.228+0000] {logging_mixin.py:149} INFO - [2026-03-11T03:10:36.228+0000] {dagbag.py:541} INFO - Filling up the DagBag from /home/airflow/.local/lib/python3.7/site-packages/airflow/example_dags/example_xcom.py
[2026-03-11T03:10:36.232+0000] {processor.py:809} INFO - DAG(s) dict_keys(['example_xcom']) retrieved from /home/airflow/.local/lib/python3.7/site-packages/airflow/example_dags/example_xcom.py
[2026-03-11T03:10:36.244+0000] {logging_mixin.py:149} INFO - [2026-03-11T03:10:36.244+0000] {dag.py:2726} INFO - Sync 1 DAGs
[2026-03-11T03:10:36.255+0000] {logging_mixin.py:149} INFO - [2026-03-11T03:10:36.255+0000] {dag.py:3490} INFO - Setting next_dagrun for example_xcom to 2021-01-01T00:00:00+00:00, run_after=2021-01-01T00:00:00+00:00
[2026-03-11T03:10:36.264+0000] {processor.py:178} INFO - Processing /home/airflow/.local/lib/python3.7/site-packages/airflow/example_dags/example_xcom.py took 0.039 seconds
