[2026-03-11T03:09:22.027+0000] {processor.py:156} INFO - Started process (PID=59) to work on /home/airflow/.local/lib/python3.7/site-packages/airflow/example_dags/example_sensors.py
[2026-03-11T03:09:22.028+0000] {processor.py:799} INFO - Processing file /home/airflow/.local/lib/python3.7/site-packages/airflow/example_dags/example_sensors.py for tasks to queue
[2026-03-11T03:09:22.029+0000] {logging_mixin.py:149} INFO - [2026-03-11T03:09:22.028+0000] {dagbag.py:541} INFO - Filling up the DagBag from /home/airflow/.local/lib/python3.7/site-packages/airflow/example_dags/example_sensors.py
[2026-03-11T03:09:22.039+0000] {processor.py:809} INFO - DAG(s) dict_keys(['example_sensors']) retrieved from /home/airflow/.local/lib/python3.7/site-packages/airflow/example_dags/example_sensors.py
[2026-03-11T03:09:22.060+0000] {logging_mixin.py:149} INFO - [2026-03-11T03:09:22.059+0000] {dag.py:2726} INFO - Sync 1 DAGs
[2026-03-11T03:09:22.112+0000] {logging_mixin.py:149} INFO - [2026-03-11T03:09:22.112+0000] {dag.py:3490} INFO - Setting next_dagrun for example_sensors to None, run_after=None
[2026-03-11T03:09:22.146+0000] {processor.py:178} INFO - Processing /home/airflow/.local/lib/python3.7/site-packages/airflow/example_dags/example_sensors.py took 0.121 seconds
[2026-03-11T03:10:05.605+0000] {processor.py:156} INFO - Started process (PID=53) to work on /home/airflow/.local/lib/python3.7/site-packages/airflow/example_dags/example_sensors.py
[2026-03-11T03:10:05.606+0000] {processor.py:799} INFO - Processing file /home/airflow/.local/lib/python3.7/site-packages/airflow/example_dags/example_sensors.py for tasks to queue
[2026-03-11T03:10:05.607+0000] {logging_mixin.py:149} INFO - [2026-03-11T03:10:05.607+0000] {dagbag.py:541} INFO - Filling up the DagBag from /home/airflow/.local/lib/python3.7/site-packages/airflow/example_dags/example_sensors.py
[2026-03-11T03:10:05.612+0000] {processor.py:809} INFO - DAG(s) dict_keys(['example_sensors']) retrieved from /home/airflow/.local/lib/python3.7/site-packages/airflow/example_dags/example_sensors.py
[2026-03-11T03:10:05.625+0000] {logging_mixin.py:149} INFO - [2026-03-11T03:10:05.625+0000] {dag.py:2726} INFO - Sync 1 DAGs
[2026-03-11T03:10:05.639+0000] {logging_mixin.py:149} INFO - [2026-03-11T03:10:05.639+0000] {dag.py:3490} INFO - Setting next_dagrun for example_sensors to None, run_after=None
[2026-03-11T03:10:05.660+0000] {processor.py:178} INFO - Processing /home/airflow/.local/lib/python3.7/site-packages/airflow/example_dags/example_sensors.py took 0.057 seconds
[2026-03-11T03:10:36.617+0000] {processor.py:156} INFO - Started process (PID=115) to work on /home/airflow/.local/lib/python3.7/site-packages/airflow/example_dags/example_sensors.py
[2026-03-11T03:10:36.618+0000] {processor.py:799} INFO - Processing file /home/airflow/.local/lib/python3.7/site-packages/airflow/example_dags/example_sensors.py for tasks to queue
[2026-03-11T03:10:36.618+0000] {logging_mixin.py:149} INFO - [2026-03-11T03:10:36.618+0000] {dagbag.py:541} INFO - Filling up the DagBag from /home/airflow/.local/lib/python3.7/site-packages/airflow/example_dags/example_sensors.py
[2026-03-11T03:10:36.622+0000] {processor.py:809} INFO - DAG(s) dict_keys(['example_sensors']) retrieved from /home/airflow/.local/lib/python3.7/site-packages/airflow/example_dags/example_sensors.py
[2026-03-11T03:10:36.634+0000] {logging_mixin.py:149} INFO - [2026-03-11T03:10:36.634+0000] {dag.py:2726} INFO - Sync 1 DAGs
[2026-03-11T03:10:36.644+0000] {logging_mixin.py:149} INFO - [2026-03-11T03:10:36.643+0000] {dag.py:3490} INFO - Setting next_dagrun for example_sensors to None, run_after=None
[2026-03-11T03:10:36.650+0000] {processor.py:178} INFO - Processing /home/airflow/.local/lib/python3.7/site-packages/airflow/example_dags/example_sensors.py took 0.035 seconds
