[2026-03-11T03:09:21.478+0000] {processor.py:156} INFO - Started process (PID=36) to work on /home/airflow/.local/lib/python3.7/site-packages/airflow/example_dags/example_dynamic_task_mapping.py
[2026-03-11T03:09:21.481+0000] {processor.py:799} INFO - Processing file /home/airflow/.local/lib/python3.7/site-packages/airflow/example_dags/example_dynamic_task_mapping.py for tasks to queue
[2026-03-11T03:09:21.481+0000] {logging_mixin.py:149} INFO - [2026-03-11T03:09:21.481+0000] {dagbag.py:541} INFO - Filling up the DagBag from /home/airflow/.local/lib/python3.7/site-packages/airflow/example_dags/example_dynamic_task_mapping.py
[2026-03-11T03:09:21.486+0000] {processor.py:809} INFO - DAG(s) dict_keys(['example_dynamic_task_mapping']) retrieved from /home/airflow/.local/lib/python3.7/site-packages/airflow/example_dags/example_dynamic_task_mapping.py
[2026-03-11T03:09:21.492+0000] {logging_mixin.py:149} INFO - [2026-03-11T03:09:21.492+0000] {dag.py:2726} INFO - Sync 1 DAGs
[2026-03-11T03:09:21.504+0000] {logging_mixin.py:149} INFO - [2026-03-11T03:09:21.504+0000] {dag.py:3490} INFO - Setting next_dagrun for example_dynamic_task_mapping to 2022-03-04T00:00:00+00:00, run_after=2022-03-05T00:00:00+00:00
[2026-03-11T03:09:21.514+0000] {processor.py:178} INFO - Processing /home/airflow/.local/lib/python3.7/site-packages/airflow/example_dags/example_dynamic_task_mapping.py took 0.038 seconds
[2026-03-11T03:10:05.027+0000] {processor.py:156} INFO - Started process (PID=36) to work on /home/airflow/.local/lib/python3.7/site-packages/airflow/example_dags/example_dynamic_task_mapping.py
[2026-03-11T03:10:05.028+0000] {processor.py:799} INFO - Processing file /home/airflow/.local/lib/python3.7/site-packages/airflow/example_dags/example_dynamic_task_mapping.py for tasks to queue
[2026-03-11T03:10:05.029+0000] {logging_mixin.py:149} INFO - [2026-03-11T03:10:05.029+0000] {dagbag.py:541} INFO - Filling up the DagBag from /home/airflow/.local/lib/python3.7/site-packages/airflow/example_dags/example_dynamic_task_mapping.py
[2026-03-11T03:10:05.034+0000] {processor.py:809} INFO - DAG(s) dict_keys(['example_dynamic_task_mapping']) retrieved from /home/airflow/.local/lib/python3.7/site-packages/airflow/example_dags/example_dynamic_task_mapping.py
[2026-03-11T03:10:05.045+0000] {logging_mixin.py:149} INFO - [2026-03-11T03:10:05.045+0000] {dag.py:2726} INFO - Sync 1 DAGs
[2026-03-11T03:10:05.064+0000] {logging_mixin.py:149} INFO - [2026-03-11T03:10:05.064+0000] {dag.py:3490} INFO - Setting next_dagrun for example_dynamic_task_mapping to 2022-03-04T00:00:00+00:00, run_after=2022-03-05T00:00:00+00:00
[2026-03-11T03:10:05.080+0000] {processor.py:178} INFO - Processing /home/airflow/.local/lib/python3.7/site-packages/airflow/example_dags/example_dynamic_task_mapping.py took 0.056 seconds
[2026-03-11T03:10:36.027+0000] {processor.py:156} INFO - Started process (PID=98) to work on /home/airflow/.local/lib/python3.7/site-packages/airflow/example_dags/example_dynamic_task_mapping.py
[2026-03-11T03:10:36.027+0000] {processor.py:799} INFO - Processing file /home/airflow/.local/lib/python3.7/site-packages/airflow/example_dags/example_dynamic_task_mapping.py for tasks to queue
[2026-03-11T03:10:36.027+0000] {logging_mixin.py:149} INFO - [2026-03-11T03:10:36.027+0000] {dagbag.py:541} INFO - Filling up the DagBag from /home/airflow/.local/lib/python3.7/site-packages/airflow/example_dags/example_dynamic_task_mapping.py
[2026-03-11T03:10:36.031+0000] {processor.py:809} INFO - DAG(s) dict_keys(['example_dynamic_task_mapping']) retrieved from /home/airflow/.local/lib/python3.7/site-packages/airflow/example_dags/example_dynamic_task_mapping.py
[2026-03-11T03:10:36.041+0000] {logging_mixin.py:149} INFO - [2026-03-11T03:10:36.041+0000] {dag.py:2726} INFO - Sync 1 DAGs
[2026-03-11T03:10:36.052+0000] {logging_mixin.py:149} INFO - [2026-03-11T03:10:36.052+0000] {dag.py:3490} INFO - Setting next_dagrun for example_dynamic_task_mapping to 2022-03-04T00:00:00+00:00, run_after=2022-03-05T00:00:00+00:00
[2026-03-11T03:10:36.058+0000] {processor.py:178} INFO - Processing /home/airflow/.local/lib/python3.7/site-packages/airflow/example_dags/example_dynamic_task_mapping.py took 0.033 seconds
