[2026-03-11T03:09:22.856+0000] {processor.py:156} INFO - Started process (PID=77) to work on /home/airflow/.local/lib/python3.7/site-packages/airflow/example_dags/example_kubernetes_executor.py
[2026-03-11T03:09:22.857+0000] {processor.py:799} INFO - Processing file /home/airflow/.local/lib/python3.7/site-packages/airflow/example_dags/example_kubernetes_executor.py for tasks to queue
[2026-03-11T03:09:22.857+0000] {logging_mixin.py:149} INFO - [2026-03-11T03:09:22.857+0000] {dagbag.py:541} INFO - Filling up the DagBag from /home/airflow/.local/lib/python3.7/site-packages/airflow/example_dags/example_kubernetes_executor.py
[2026-03-11T03:09:22.947+0000] {processor.py:809} INFO - DAG(s) dict_keys(['example_kubernetes_executor']) retrieved from /home/airflow/.local/lib/python3.7/site-packages/airflow/example_dags/example_kubernetes_executor.py
[2026-03-11T03:09:22.954+0000] {logging_mixin.py:149} INFO - [2026-03-11T03:09:22.954+0000] {dag.py:2726} INFO - Sync 1 DAGs
[2026-03-11T03:09:22.973+0000] {logging_mixin.py:149} INFO - [2026-03-11T03:09:22.972+0000] {dag.py:3490} INFO - Setting next_dagrun for example_kubernetes_executor to None, run_after=None
[2026-03-11T03:09:22.988+0000] {processor.py:178} INFO - Processing /home/airflow/.local/lib/python3.7/site-packages/airflow/example_dags/example_kubernetes_executor.py took 0.134 seconds
[2026-03-11T03:10:06.184+0000] {processor.py:156} INFO - Started process (PID=70) to work on /home/airflow/.local/lib/python3.7/site-packages/airflow/example_dags/example_kubernetes_executor.py
[2026-03-11T03:10:06.184+0000] {processor.py:799} INFO - Processing file /home/airflow/.local/lib/python3.7/site-packages/airflow/example_dags/example_kubernetes_executor.py for tasks to queue
[2026-03-11T03:10:06.184+0000] {logging_mixin.py:149} INFO - [2026-03-11T03:10:06.184+0000] {dagbag.py:541} INFO - Filling up the DagBag from /home/airflow/.local/lib/python3.7/site-packages/airflow/example_dags/example_kubernetes_executor.py
[2026-03-11T03:10:06.316+0000] {processor.py:809} INFO - DAG(s) dict_keys(['example_kubernetes_executor']) retrieved from /home/airflow/.local/lib/python3.7/site-packages/airflow/example_dags/example_kubernetes_executor.py
[2026-03-11T03:10:06.321+0000] {logging_mixin.py:149} INFO - [2026-03-11T03:10:06.321+0000] {dag.py:2726} INFO - Sync 1 DAGs
[2026-03-11T03:10:06.330+0000] {logging_mixin.py:149} INFO - [2026-03-11T03:10:06.330+0000] {dag.py:3490} INFO - Setting next_dagrun for example_kubernetes_executor to None, run_after=None
[2026-03-11T03:10:06.336+0000] {processor.py:178} INFO - Processing /home/airflow/.local/lib/python3.7/site-packages/airflow/example_dags/example_kubernetes_executor.py took 0.154 seconds
[2026-03-11T03:10:37.281+0000] {processor.py:156} INFO - Started process (PID=139) to work on /home/airflow/.local/lib/python3.7/site-packages/airflow/example_dags/example_kubernetes_executor.py
[2026-03-11T03:10:37.282+0000] {processor.py:799} INFO - Processing file /home/airflow/.local/lib/python3.7/site-packages/airflow/example_dags/example_kubernetes_executor.py for tasks to queue
[2026-03-11T03:10:37.283+0000] {logging_mixin.py:149} INFO - [2026-03-11T03:10:37.283+0000] {dagbag.py:541} INFO - Filling up the DagBag from /home/airflow/.local/lib/python3.7/site-packages/airflow/example_dags/example_kubernetes_executor.py
[2026-03-11T03:10:37.435+0000] {processor.py:809} INFO - DAG(s) dict_keys(['example_kubernetes_executor']) retrieved from /home/airflow/.local/lib/python3.7/site-packages/airflow/example_dags/example_kubernetes_executor.py
[2026-03-11T03:10:37.470+0000] {logging_mixin.py:149} INFO - [2026-03-11T03:10:37.470+0000] {dag.py:2726} INFO - Sync 1 DAGs
[2026-03-11T03:10:37.479+0000] {logging_mixin.py:149} INFO - [2026-03-11T03:10:37.479+0000] {dag.py:3490} INFO - Setting next_dagrun for example_kubernetes_executor to None, run_after=None
[2026-03-11T03:10:37.486+0000] {processor.py:178} INFO - Processing /home/airflow/.local/lib/python3.7/site-packages/airflow/example_dags/example_kubernetes_executor.py took 0.206 seconds
