[2026-03-11T03:09:22.654+0000] {processor.py:156} INFO - Started process (PID=73) to work on /home/airflow/.local/lib/python3.7/site-packages/airflow/example_dags/example_params_ui_tutorial.py
[2026-03-11T03:09:22.656+0000] {processor.py:799} INFO - Processing file /home/airflow/.local/lib/python3.7/site-packages/airflow/example_dags/example_params_ui_tutorial.py for tasks to queue
[2026-03-11T03:09:22.657+0000] {logging_mixin.py:149} INFO - [2026-03-11T03:09:22.657+0000] {dagbag.py:541} INFO - Filling up the DagBag from /home/airflow/.local/lib/python3.7/site-packages/airflow/example_dags/example_params_ui_tutorial.py
[2026-03-11T03:09:22.682+0000] {processor.py:809} INFO - DAG(s) dict_keys(['example_params_ui_tutorial']) retrieved from /home/airflow/.local/lib/python3.7/site-packages/airflow/example_dags/example_params_ui_tutorial.py
[2026-03-11T03:09:22.696+0000] {logging_mixin.py:149} INFO - [2026-03-11T03:09:22.696+0000] {dag.py:2726} INFO - Sync 1 DAGs
[2026-03-11T03:09:22.714+0000] {logging_mixin.py:149} INFO - [2026-03-11T03:09:22.713+0000] {dag.py:3490} INFO - Setting next_dagrun for example_params_ui_tutorial to None, run_after=None
[2026-03-11T03:09:22.737+0000] {processor.py:178} INFO - Processing /home/airflow/.local/lib/python3.7/site-packages/airflow/example_dags/example_params_ui_tutorial.py took 0.085 seconds
[2026-03-11T03:10:06.057+0000] {processor.py:156} INFO - Started process (PID=66) to work on /home/airflow/.local/lib/python3.7/site-packages/airflow/example_dags/example_params_ui_tutorial.py
[2026-03-11T03:10:06.057+0000] {processor.py:799} INFO - Processing file /home/airflow/.local/lib/python3.7/site-packages/airflow/example_dags/example_params_ui_tutorial.py for tasks to queue
[2026-03-11T03:10:06.059+0000] {logging_mixin.py:149} INFO - [2026-03-11T03:10:06.059+0000] {dagbag.py:541} INFO - Filling up the DagBag from /home/airflow/.local/lib/python3.7/site-packages/airflow/example_dags/example_params_ui_tutorial.py
[2026-03-11T03:10:06.084+0000] {processor.py:809} INFO - DAG(s) dict_keys(['example_params_ui_tutorial']) retrieved from /home/airflow/.local/lib/python3.7/site-packages/airflow/example_dags/example_params_ui_tutorial.py
[2026-03-11T03:10:06.094+0000] {logging_mixin.py:149} INFO - [2026-03-11T03:10:06.094+0000] {dag.py:2726} INFO - Sync 1 DAGs
[2026-03-11T03:10:06.111+0000] {logging_mixin.py:149} INFO - [2026-03-11T03:10:06.111+0000] {dag.py:3490} INFO - Setting next_dagrun for example_params_ui_tutorial to None, run_after=None
[2026-03-11T03:10:06.120+0000] {processor.py:178} INFO - Processing /home/airflow/.local/lib/python3.7/site-packages/airflow/example_dags/example_params_ui_tutorial.py took 0.065 seconds
[2026-03-11T03:10:37.136+0000] {processor.py:156} INFO - Started process (PID=128) to work on /home/airflow/.local/lib/python3.7/site-packages/airflow/example_dags/example_params_ui_tutorial.py
[2026-03-11T03:10:37.137+0000] {processor.py:799} INFO - Processing file /home/airflow/.local/lib/python3.7/site-packages/airflow/example_dags/example_params_ui_tutorial.py for tasks to queue
[2026-03-11T03:10:37.137+0000] {logging_mixin.py:149} INFO - [2026-03-11T03:10:37.137+0000] {dagbag.py:541} INFO - Filling up the DagBag from /home/airflow/.local/lib/python3.7/site-packages/airflow/example_dags/example_params_ui_tutorial.py
[2026-03-11T03:10:37.153+0000] {processor.py:809} INFO - DAG(s) dict_keys(['example_params_ui_tutorial']) retrieved from /home/airflow/.local/lib/python3.7/site-packages/airflow/example_dags/example_params_ui_tutorial.py
[2026-03-11T03:10:37.184+0000] {logging_mixin.py:149} INFO - [2026-03-11T03:10:37.184+0000] {dag.py:2726} INFO - Sync 1 DAGs
[2026-03-11T03:10:37.256+0000] {logging_mixin.py:149} INFO - [2026-03-11T03:10:37.256+0000] {dag.py:3490} INFO - Setting next_dagrun for example_params_ui_tutorial to None, run_after=None
[2026-03-11T03:10:37.268+0000] {processor.py:178} INFO - Processing /home/airflow/.local/lib/python3.7/site-packages/airflow/example_dags/example_params_ui_tutorial.py took 0.134 seconds
