[2026-03-11T03:09:21.578+0000] {processor.py:156} INFO - Started process (PID=40) to work on /home/airflow/.local/lib/python3.7/site-packages/airflow/example_dags/example_sensor_decorator.py
[2026-03-11T03:09:21.579+0000] {processor.py:799} INFO - Processing file /home/airflow/.local/lib/python3.7/site-packages/airflow/example_dags/example_sensor_decorator.py for tasks to queue
[2026-03-11T03:09:21.579+0000] {logging_mixin.py:149} INFO - [2026-03-11T03:09:21.579+0000] {dagbag.py:541} INFO - Filling up the DagBag from /home/airflow/.local/lib/python3.7/site-packages/airflow/example_dags/example_sensor_decorator.py
[2026-03-11T03:09:21.584+0000] {processor.py:809} INFO - DAG(s) dict_keys(['example_sensor_decorator']) retrieved from /home/airflow/.local/lib/python3.7/site-packages/airflow/example_dags/example_sensor_decorator.py
[2026-03-11T03:09:21.594+0000] {logging_mixin.py:149} INFO - [2026-03-11T03:09:21.594+0000] {dag.py:2726} INFO - Sync 1 DAGs
[2026-03-11T03:09:21.604+0000] {logging_mixin.py:149} INFO - [2026-03-11T03:09:21.604+0000] {dag.py:3490} INFO - Setting next_dagrun for example_sensor_decorator to None, run_after=None
[2026-03-11T03:09:21.618+0000] {processor.py:178} INFO - Processing /home/airflow/.local/lib/python3.7/site-packages/airflow/example_dags/example_sensor_decorator.py took 0.042 seconds
[2026-03-11T03:10:05.140+0000] {processor.py:156} INFO - Started process (PID=40) to work on /home/airflow/.local/lib/python3.7/site-packages/airflow/example_dags/example_sensor_decorator.py
[2026-03-11T03:10:05.141+0000] {processor.py:799} INFO - Processing file /home/airflow/.local/lib/python3.7/site-packages/airflow/example_dags/example_sensor_decorator.py for tasks to queue
[2026-03-11T03:10:05.141+0000] {logging_mixin.py:149} INFO - [2026-03-11T03:10:05.141+0000] {dagbag.py:541} INFO - Filling up the DagBag from /home/airflow/.local/lib/python3.7/site-packages/airflow/example_dags/example_sensor_decorator.py
[2026-03-11T03:10:05.149+0000] {processor.py:809} INFO - DAG(s) dict_keys(['example_sensor_decorator']) retrieved from /home/airflow/.local/lib/python3.7/site-packages/airflow/example_dags/example_sensor_decorator.py
[2026-03-11T03:10:05.159+0000] {logging_mixin.py:149} INFO - [2026-03-11T03:10:05.159+0000] {dag.py:2726} INFO - Sync 1 DAGs
[2026-03-11T03:10:05.179+0000] {logging_mixin.py:149} INFO - [2026-03-11T03:10:05.179+0000] {dag.py:3490} INFO - Setting next_dagrun for example_sensor_decorator to None, run_after=None
[2026-03-11T03:10:05.197+0000] {processor.py:178} INFO - Processing /home/airflow/.local/lib/python3.7/site-packages/airflow/example_dags/example_sensor_decorator.py took 0.059 seconds
[2026-03-11T03:10:36.169+0000] {processor.py:156} INFO - Started process (PID=102) to work on /home/airflow/.local/lib/python3.7/site-packages/airflow/example_dags/example_sensor_decorator.py
[2026-03-11T03:10:36.170+0000] {processor.py:799} INFO - Processing file /home/airflow/.local/lib/python3.7/site-packages/airflow/example_dags/example_sensor_decorator.py for tasks to queue
[2026-03-11T03:10:36.171+0000] {logging_mixin.py:149} INFO - [2026-03-11T03:10:36.171+0000] {dagbag.py:541} INFO - Filling up the DagBag from /home/airflow/.local/lib/python3.7/site-packages/airflow/example_dags/example_sensor_decorator.py
[2026-03-11T03:10:36.175+0000] {processor.py:809} INFO - DAG(s) dict_keys(['example_sensor_decorator']) retrieved from /home/airflow/.local/lib/python3.7/site-packages/airflow/example_dags/example_sensor_decorator.py
[2026-03-11T03:10:36.188+0000] {logging_mixin.py:149} INFO - [2026-03-11T03:10:36.188+0000] {dag.py:2726} INFO - Sync 1 DAGs
[2026-03-11T03:10:36.203+0000] {logging_mixin.py:149} INFO - [2026-03-11T03:10:36.203+0000] {dag.py:3490} INFO - Setting next_dagrun for example_sensor_decorator to None, run_after=None
[2026-03-11T03:10:36.215+0000] {processor.py:178} INFO - Processing /home/airflow/.local/lib/python3.7/site-packages/airflow/example_dags/example_sensor_decorator.py took 0.048 seconds
