[2026-03-11T03:09:22.466+0000] {processor.py:156} INFO - Started process (PID=68) to work on /home/airflow/.local/lib/python3.7/site-packages/airflow/example_dags/example_python_operator.py
[2026-03-11T03:09:22.468+0000] {processor.py:799} INFO - Processing file /home/airflow/.local/lib/python3.7/site-packages/airflow/example_dags/example_python_operator.py for tasks to queue
[2026-03-11T03:09:22.469+0000] {logging_mixin.py:149} INFO - [2026-03-11T03:09:22.469+0000] {dagbag.py:541} INFO - Filling up the DagBag from /home/airflow/.local/lib/python3.7/site-packages/airflow/example_dags/example_python_operator.py
[2026-03-11T03:09:22.478+0000] {logging_mixin.py:149} INFO - [2026-03-11T03:09:22.478+0000] {taskmixin.py:211} WARNING - Dependency <Task(_PythonDecoratedOperator): print_the_context>, log_sql_query already registered for DAG: example_python_operator
[2026-03-11T03:09:22.479+0000] {logging_mixin.py:149} INFO - [2026-03-11T03:09:22.479+0000] {taskmixin.py:211} WARNING - Dependency <Task(_PythonDecoratedOperator): log_sql_query>, print_the_context already registered for DAG: example_python_operator
[2026-03-11T03:09:22.479+0000] {logging_mixin.py:149} INFO - [2026-03-11T03:09:22.479+0000] {taskmixin.py:211} WARNING - Dependency <Task(_PythonDecoratedOperator): print_the_context>, log_sql_query already registered for DAG: example_python_operator
[2026-03-11T03:09:22.479+0000] {logging_mixin.py:149} INFO - [2026-03-11T03:09:22.479+0000] {taskmixin.py:211} WARNING - Dependency <Task(_PythonDecoratedOperator): log_sql_query>, print_the_context already registered for DAG: example_python_operator
[2026-03-11T03:09:22.481+0000] {logging_mixin.py:149} INFO - [2026-03-11T03:09:22.480+0000] {taskmixin.py:211} WARNING - Dependency <Task(_PythonDecoratedOperator): print_the_context>, log_sql_query already registered for DAG: example_python_operator
[2026-03-11T03:09:22.481+0000] {logging_mixin.py:149} INFO - [2026-03-11T03:09:22.481+0000] {taskmixin.py:211} WARNING - Dependency <Task(_PythonDecoratedOperator): log_sql_query>, print_the_context already registered for DAG: example_python_operator
[2026-03-11T03:09:22.482+0000] {logging_mixin.py:149} INFO - [2026-03-11T03:09:22.482+0000] {taskmixin.py:211} WARNING - Dependency <Task(_PythonDecoratedOperator): print_the_context>, log_sql_query already registered for DAG: example_python_operator
[2026-03-11T03:09:22.482+0000] {logging_mixin.py:149} INFO - [2026-03-11T03:09:22.482+0000] {taskmixin.py:211} WARNING - Dependency <Task(_PythonDecoratedOperator): log_sql_query>, print_the_context already registered for DAG: example_python_operator
[2026-03-11T03:09:22.488+0000] {processor.py:809} INFO - DAG(s) dict_keys(['example_python_operator']) retrieved from /home/airflow/.local/lib/python3.7/site-packages/airflow/example_dags/example_python_operator.py
[2026-03-11T03:09:22.498+0000] {logging_mixin.py:149} INFO - [2026-03-11T03:09:22.498+0000] {dag.py:2726} INFO - Sync 1 DAGs
[2026-03-11T03:09:22.517+0000] {logging_mixin.py:149} INFO - [2026-03-11T03:09:22.517+0000] {dag.py:3490} INFO - Setting next_dagrun for example_python_operator to None, run_after=None
[2026-03-11T03:09:22.541+0000] {processor.py:178} INFO - Processing /home/airflow/.local/lib/python3.7/site-packages/airflow/example_dags/example_python_operator.py took 0.078 seconds
[2026-03-11T03:10:05.884+0000] {processor.py:156} INFO - Started process (PID=61) to work on /home/airflow/.local/lib/python3.7/site-packages/airflow/example_dags/example_python_operator.py
[2026-03-11T03:10:05.885+0000] {processor.py:799} INFO - Processing file /home/airflow/.local/lib/python3.7/site-packages/airflow/example_dags/example_python_operator.py for tasks to queue
[2026-03-11T03:10:05.885+0000] {logging_mixin.py:149} INFO - [2026-03-11T03:10:05.885+0000] {dagbag.py:541} INFO - Filling up the DagBag from /home/airflow/.local/lib/python3.7/site-packages/airflow/example_dags/example_python_operator.py
[2026-03-11T03:10:05.888+0000] {logging_mixin.py:149} INFO - [2026-03-11T03:10:05.888+0000] {taskmixin.py:211} WARNING - Dependency <Task(_PythonDecoratedOperator): print_the_context>, log_sql_query already registered for DAG: example_python_operator
[2026-03-11T03:10:05.890+0000] {logging_mixin.py:149} INFO - [2026-03-11T03:10:05.890+0000] {taskmixin.py:211} WARNING - Dependency <Task(_PythonDecoratedOperator): log_sql_query>, print_the_context already registered for DAG: example_python_operator
[2026-03-11T03:10:05.890+0000] {logging_mixin.py:149} INFO - [2026-03-11T03:10:05.890+0000] {taskmixin.py:211} WARNING - Dependency <Task(_PythonDecoratedOperator): print_the_context>, log_sql_query already registered for DAG: example_python_operator
[2026-03-11T03:10:05.891+0000] {logging_mixin.py:149} INFO - [2026-03-11T03:10:05.891+0000] {taskmixin.py:211} WARNING - Dependency <Task(_PythonDecoratedOperator): log_sql_query>, print_the_context already registered for DAG: example_python_operator
[2026-03-11T03:10:05.891+0000] {logging_mixin.py:149} INFO - [2026-03-11T03:10:05.891+0000] {taskmixin.py:211} WARNING - Dependency <Task(_PythonDecoratedOperator): print_the_context>, log_sql_query already registered for DAG: example_python_operator
[2026-03-11T03:10:05.891+0000] {logging_mixin.py:149} INFO - [2026-03-11T03:10:05.891+0000] {taskmixin.py:211} WARNING - Dependency <Task(_PythonDecoratedOperator): log_sql_query>, print_the_context already registered for DAG: example_python_operator
[2026-03-11T03:10:05.892+0000] {logging_mixin.py:149} INFO - [2026-03-11T03:10:05.892+0000] {taskmixin.py:211} WARNING - Dependency <Task(_PythonDecoratedOperator): print_the_context>, log_sql_query already registered for DAG: example_python_operator
[2026-03-11T03:10:05.892+0000] {logging_mixin.py:149} INFO - [2026-03-11T03:10:05.892+0000] {taskmixin.py:211} WARNING - Dependency <Task(_PythonDecoratedOperator): log_sql_query>, print_the_context already registered for DAG: example_python_operator
[2026-03-11T03:10:05.894+0000] {processor.py:809} INFO - DAG(s) dict_keys(['example_python_operator']) retrieved from /home/airflow/.local/lib/python3.7/site-packages/airflow/example_dags/example_python_operator.py
[2026-03-11T03:10:05.903+0000] {logging_mixin.py:149} INFO - [2026-03-11T03:10:05.903+0000] {dag.py:2726} INFO - Sync 1 DAGs
[2026-03-11T03:10:05.915+0000] {logging_mixin.py:149} INFO - [2026-03-11T03:10:05.915+0000] {dag.py:3490} INFO - Setting next_dagrun for example_python_operator to None, run_after=None
[2026-03-11T03:10:05.930+0000] {processor.py:178} INFO - Processing /home/airflow/.local/lib/python3.7/site-packages/airflow/example_dags/example_python_operator.py took 0.048 seconds
[2026-03-11T03:10:36.934+0000] {processor.py:156} INFO - Started process (PID=123) to work on /home/airflow/.local/lib/python3.7/site-packages/airflow/example_dags/example_python_operator.py
[2026-03-11T03:10:36.935+0000] {processor.py:799} INFO - Processing file /home/airflow/.local/lib/python3.7/site-packages/airflow/example_dags/example_python_operator.py for tasks to queue
[2026-03-11T03:10:36.936+0000] {logging_mixin.py:149} INFO - [2026-03-11T03:10:36.936+0000] {dagbag.py:541} INFO - Filling up the DagBag from /home/airflow/.local/lib/python3.7/site-packages/airflow/example_dags/example_python_operator.py
[2026-03-11T03:10:36.940+0000] {logging_mixin.py:149} INFO - [2026-03-11T03:10:36.940+0000] {taskmixin.py:211} WARNING - Dependency <Task(_PythonDecoratedOperator): print_the_context>, log_sql_query already registered for DAG: example_python_operator
[2026-03-11T03:10:36.940+0000] {logging_mixin.py:149} INFO - [2026-03-11T03:10:36.940+0000] {taskmixin.py:211} WARNING - Dependency <Task(_PythonDecoratedOperator): log_sql_query>, print_the_context already registered for DAG: example_python_operator
[2026-03-11T03:10:36.940+0000] {logging_mixin.py:149} INFO - [2026-03-11T03:10:36.940+0000] {taskmixin.py:211} WARNING - Dependency <Task(_PythonDecoratedOperator): print_the_context>, log_sql_query already registered for DAG: example_python_operator
[2026-03-11T03:10:36.940+0000] {logging_mixin.py:149} INFO - [2026-03-11T03:10:36.940+0000] {taskmixin.py:211} WARNING - Dependency <Task(_PythonDecoratedOperator): log_sql_query>, print_the_context already registered for DAG: example_python_operator
[2026-03-11T03:10:36.940+0000] {logging_mixin.py:149} INFO - [2026-03-11T03:10:36.940+0000] {taskmixin.py:211} WARNING - Dependency <Task(_PythonDecoratedOperator): print_the_context>, log_sql_query already registered for DAG: example_python_operator
[2026-03-11T03:10:36.940+0000] {logging_mixin.py:149} INFO - [2026-03-11T03:10:36.940+0000] {taskmixin.py:211} WARNING - Dependency <Task(_PythonDecoratedOperator): log_sql_query>, print_the_context already registered for DAG: example_python_operator
[2026-03-11T03:10:36.941+0000] {logging_mixin.py:149} INFO - [2026-03-11T03:10:36.941+0000] {taskmixin.py:211} WARNING - Dependency <Task(_PythonDecoratedOperator): print_the_context>, log_sql_query already registered for DAG: example_python_operator
[2026-03-11T03:10:36.941+0000] {logging_mixin.py:149} INFO - [2026-03-11T03:10:36.941+0000] {taskmixin.py:211} WARNING - Dependency <Task(_PythonDecoratedOperator): log_sql_query>, print_the_context already registered for DAG: example_python_operator
[2026-03-11T03:10:36.942+0000] {processor.py:809} INFO - DAG(s) dict_keys(['example_python_operator']) retrieved from /home/airflow/.local/lib/python3.7/site-packages/airflow/example_dags/example_python_operator.py
[2026-03-11T03:10:36.969+0000] {logging_mixin.py:149} INFO - [2026-03-11T03:10:36.969+0000] {dag.py:2726} INFO - Sync 1 DAGs
[2026-03-11T03:10:37.037+0000] {logging_mixin.py:149} INFO - [2026-03-11T03:10:37.037+0000] {dag.py:3490} INFO - Setting next_dagrun for example_python_operator to None, run_after=None
[2026-03-11T03:10:37.048+0000] {processor.py:178} INFO - Processing /home/airflow/.local/lib/python3.7/site-packages/airflow/example_dags/example_python_operator.py took 0.116 seconds
