[2026-03-11T03:09:21.458+0000] {processor.py:156} INFO - Started process (PID=35) to work on /home/airflow/.local/lib/python3.7/site-packages/airflow/example_dags/example_branch_labels.py
[2026-03-11T03:09:21.458+0000] {processor.py:799} INFO - Processing file /home/airflow/.local/lib/python3.7/site-packages/airflow/example_dags/example_branch_labels.py for tasks to queue
[2026-03-11T03:09:21.458+0000] {logging_mixin.py:149} INFO - [2026-03-11T03:09:21.458+0000] {dagbag.py:541} INFO - Filling up the DagBag from /home/airflow/.local/lib/python3.7/site-packages/airflow/example_dags/example_branch_labels.py
[2026-03-11T03:09:21.466+0000] {processor.py:809} INFO - DAG(s) dict_keys(['example_branch_labels']) retrieved from /home/airflow/.local/lib/python3.7/site-packages/airflow/example_dags/example_branch_labels.py
[2026-03-11T03:09:21.475+0000] {logging_mixin.py:149} INFO - [2026-03-11T03:09:21.475+0000] {dag.py:2726} INFO - Sync 1 DAGs
[2026-03-11T03:09:21.488+0000] {logging_mixin.py:149} INFO - [2026-03-11T03:09:21.488+0000] {dag.py:3490} INFO - Setting next_dagrun for example_branch_labels to 2026-03-10T00:00:00+00:00, run_after=2026-03-11T00:00:00+00:00
[2026-03-11T03:09:21.500+0000] {processor.py:178} INFO - Processing /home/airflow/.local/lib/python3.7/site-packages/airflow/example_dags/example_branch_labels.py took 0.044 seconds
[2026-03-11T03:10:05.002+0000] {processor.py:156} INFO - Started process (PID=35) to work on /home/airflow/.local/lib/python3.7/site-packages/airflow/example_dags/example_branch_labels.py
[2026-03-11T03:10:05.003+0000] {processor.py:799} INFO - Processing file /home/airflow/.local/lib/python3.7/site-packages/airflow/example_dags/example_branch_labels.py for tasks to queue
[2026-03-11T03:10:05.003+0000] {logging_mixin.py:149} INFO - [2026-03-11T03:10:05.003+0000] {dagbag.py:541} INFO - Filling up the DagBag from /home/airflow/.local/lib/python3.7/site-packages/airflow/example_dags/example_branch_labels.py
[2026-03-11T03:10:05.011+0000] {processor.py:809} INFO - DAG(s) dict_keys(['example_branch_labels']) retrieved from /home/airflow/.local/lib/python3.7/site-packages/airflow/example_dags/example_branch_labels.py
[2026-03-11T03:10:05.022+0000] {logging_mixin.py:149} INFO - [2026-03-11T03:10:05.021+0000] {dag.py:2726} INFO - Sync 1 DAGs
[2026-03-11T03:10:05.044+0000] {logging_mixin.py:149} INFO - [2026-03-11T03:10:05.044+0000] {dag.py:3490} INFO - Setting next_dagrun for example_branch_labels to 2026-03-10T00:00:00+00:00, run_after=2026-03-11T00:00:00+00:00
[2026-03-11T03:10:05.060+0000] {processor.py:178} INFO - Processing /home/airflow/.local/lib/python3.7/site-packages/airflow/example_dags/example_branch_labels.py took 0.060 seconds
[2026-03-11T03:10:35.980+0000] {processor.py:156} INFO - Started process (PID=97) to work on /home/airflow/.local/lib/python3.7/site-packages/airflow/example_dags/example_branch_labels.py
[2026-03-11T03:10:35.980+0000] {processor.py:799} INFO - Processing file /home/airflow/.local/lib/python3.7/site-packages/airflow/example_dags/example_branch_labels.py for tasks to queue
[2026-03-11T03:10:35.981+0000] {logging_mixin.py:149} INFO - [2026-03-11T03:10:35.981+0000] {dagbag.py:541} INFO - Filling up the DagBag from /home/airflow/.local/lib/python3.7/site-packages/airflow/example_dags/example_branch_labels.py
[2026-03-11T03:10:35.984+0000] {processor.py:809} INFO - DAG(s) dict_keys(['example_branch_labels']) retrieved from /home/airflow/.local/lib/python3.7/site-packages/airflow/example_dags/example_branch_labels.py
[2026-03-11T03:10:35.997+0000] {logging_mixin.py:149} INFO - [2026-03-11T03:10:35.996+0000] {dag.py:2726} INFO - Sync 1 DAGs
[2026-03-11T03:10:36.008+0000] {logging_mixin.py:149} INFO - [2026-03-11T03:10:36.008+0000] {dag.py:3490} INFO - Setting next_dagrun for example_branch_labels to 2026-03-10T00:00:00+00:00, run_after=2026-03-11T00:00:00+00:00
[2026-03-11T03:10:36.017+0000] {processor.py:178} INFO - Processing /home/airflow/.local/lib/python3.7/site-packages/airflow/example_dags/example_branch_labels.py took 0.038 seconds
