[2026-03-11T03:09:21.643+0000] {processor.py:156} INFO - Started process (PID=42) to work on /home/airflow/.local/lib/python3.7/site-packages/airflow/example_dags/example_branch_operator_decorator.py
[2026-03-11T03:09:21.643+0000] {processor.py:799} INFO - Processing file /home/airflow/.local/lib/python3.7/site-packages/airflow/example_dags/example_branch_operator_decorator.py for tasks to queue
[2026-03-11T03:09:21.644+0000] {logging_mixin.py:149} INFO - [2026-03-11T03:09:21.643+0000] {dagbag.py:541} INFO - Filling up the DagBag from /home/airflow/.local/lib/python3.7/site-packages/airflow/example_dags/example_branch_operator_decorator.py
[2026-03-11T03:09:21.650+0000] {processor.py:809} INFO - DAG(s) dict_keys(['example_branch_python_operator_decorator']) retrieved from /home/airflow/.local/lib/python3.7/site-packages/airflow/example_dags/example_branch_operator_decorator.py
[2026-03-11T03:09:21.660+0000] {logging_mixin.py:149} INFO - [2026-03-11T03:09:21.660+0000] {dag.py:2726} INFO - Sync 1 DAGs
[2026-03-11T03:09:21.680+0000] {logging_mixin.py:149} INFO - [2026-03-11T03:09:21.680+0000] {dag.py:3490} INFO - Setting next_dagrun for example_branch_python_operator_decorator to 2026-03-10T00:00:00+00:00, run_after=2026-03-11T00:00:00+00:00
[2026-03-11T03:09:21.692+0000] {processor.py:178} INFO - Processing /home/airflow/.local/lib/python3.7/site-packages/airflow/example_dags/example_branch_operator_decorator.py took 0.051 seconds
[2026-03-11T03:10:05.252+0000] {processor.py:156} INFO - Started process (PID=42) to work on /home/airflow/.local/lib/python3.7/site-packages/airflow/example_dags/example_branch_operator_decorator.py
[2026-03-11T03:10:05.252+0000] {processor.py:799} INFO - Processing file /home/airflow/.local/lib/python3.7/site-packages/airflow/example_dags/example_branch_operator_decorator.py for tasks to queue
[2026-03-11T03:10:05.254+0000] {logging_mixin.py:149} INFO - [2026-03-11T03:10:05.254+0000] {dagbag.py:541} INFO - Filling up the DagBag from /home/airflow/.local/lib/python3.7/site-packages/airflow/example_dags/example_branch_operator_decorator.py
[2026-03-11T03:10:05.260+0000] {processor.py:809} INFO - DAG(s) dict_keys(['example_branch_python_operator_decorator']) retrieved from /home/airflow/.local/lib/python3.7/site-packages/airflow/example_dags/example_branch_operator_decorator.py
[2026-03-11T03:10:05.267+0000] {logging_mixin.py:149} INFO - [2026-03-11T03:10:05.267+0000] {dag.py:2726} INFO - Sync 1 DAGs
[2026-03-11T03:10:05.281+0000] {logging_mixin.py:149} INFO - [2026-03-11T03:10:05.281+0000] {dag.py:3490} INFO - Setting next_dagrun for example_branch_python_operator_decorator to 2026-03-10T00:00:00+00:00, run_after=2026-03-11T00:00:00+00:00
[2026-03-11T03:10:05.291+0000] {processor.py:178} INFO - Processing /home/airflow/.local/lib/python3.7/site-packages/airflow/example_dags/example_branch_operator_decorator.py took 0.040 seconds
[2026-03-11T03:10:36.274+0000] {processor.py:156} INFO - Started process (PID=104) to work on /home/airflow/.local/lib/python3.7/site-packages/airflow/example_dags/example_branch_operator_decorator.py
[2026-03-11T03:10:36.274+0000] {processor.py:799} INFO - Processing file /home/airflow/.local/lib/python3.7/site-packages/airflow/example_dags/example_branch_operator_decorator.py for tasks to queue
[2026-03-11T03:10:36.275+0000] {logging_mixin.py:149} INFO - [2026-03-11T03:10:36.275+0000] {dagbag.py:541} INFO - Filling up the DagBag from /home/airflow/.local/lib/python3.7/site-packages/airflow/example_dags/example_branch_operator_decorator.py
[2026-03-11T03:10:36.279+0000] {processor.py:809} INFO - DAG(s) dict_keys(['example_branch_python_operator_decorator']) retrieved from /home/airflow/.local/lib/python3.7/site-packages/airflow/example_dags/example_branch_operator_decorator.py
[2026-03-11T03:10:36.294+0000] {logging_mixin.py:149} INFO - [2026-03-11T03:10:36.293+0000] {dag.py:2726} INFO - Sync 1 DAGs
[2026-03-11T03:10:36.309+0000] {logging_mixin.py:149} INFO - [2026-03-11T03:10:36.309+0000] {dag.py:3490} INFO - Setting next_dagrun for example_branch_python_operator_decorator to 2026-03-10T00:00:00+00:00, run_after=2026-03-11T00:00:00+00:00
[2026-03-11T03:10:36.322+0000] {processor.py:178} INFO - Processing /home/airflow/.local/lib/python3.7/site-packages/airflow/example_dags/example_branch_operator_decorator.py took 0.049 seconds
