[2026-03-11T03:09:22.758+0000] {processor.py:156} INFO - Started process (PID=75) to work on /home/airflow/.local/lib/python3.7/site-packages/airflow/example_dags/example_subdag_operator.py
[2026-03-11T03:09:22.759+0000] {processor.py:799} INFO - Processing file /home/airflow/.local/lib/python3.7/site-packages/airflow/example_dags/example_subdag_operator.py for tasks to queue
[2026-03-11T03:09:22.759+0000] {logging_mixin.py:149} INFO - [2026-03-11T03:09:22.759+0000] {dagbag.py:541} INFO - Filling up the DagBag from /home/airflow/.local/lib/python3.7/site-packages/airflow/example_dags/example_subdag_operator.py
[2026-03-11T03:09:22.784+0000] {processor.py:809} INFO - DAG(s) dict_keys(['example_subdag_operator.section-1', 'example_subdag_operator.section-2', 'example_subdag_operator']) retrieved from /home/airflow/.local/lib/python3.7/site-packages/airflow/example_dags/example_subdag_operator.py
[2026-03-11T03:09:22.789+0000] {logging_mixin.py:149} INFO - [2026-03-11T03:09:22.789+0000] {dag.py:2726} INFO - Sync 3 DAGs
[2026-03-11T03:09:22.805+0000] {logging_mixin.py:149} INFO - [2026-03-11T03:09:22.804+0000] {dag.py:3490} INFO - Setting next_dagrun for example_subdag_operator to 2022-01-01T00:00:00+00:00, run_after=2022-01-01T00:00:00+00:00
[2026-03-11T03:09:22.808+0000] {logging_mixin.py:149} INFO - [2026-03-11T03:09:22.808+0000] {dag.py:3490} INFO - Setting next_dagrun for example_subdag_operator.section-1 to None, run_after=None
[2026-03-11T03:09:22.810+0000] {logging_mixin.py:149} INFO - [2026-03-11T03:09:22.809+0000] {dag.py:3490} INFO - Setting next_dagrun for example_subdag_operator.section-2 to None, run_after=None
[2026-03-11T03:09:22.818+0000] {logging_mixin.py:149} INFO - [2026-03-11T03:09:22.818+0000] {dag.py:2726} INFO - Sync 2 DAGs
[2026-03-11T03:09:22.828+0000] {logging_mixin.py:149} INFO - [2026-03-11T03:09:22.828+0000] {dag.py:3490} INFO - Setting next_dagrun for example_subdag_operator.section-1 to None, run_after=None
[2026-03-11T03:09:22.828+0000] {logging_mixin.py:149} INFO - [2026-03-11T03:09:22.828+0000] {dag.py:3490} INFO - Setting next_dagrun for example_subdag_operator.section-2 to None, run_after=None
[2026-03-11T03:09:22.842+0000] {processor.py:178} INFO - Processing /home/airflow/.local/lib/python3.7/site-packages/airflow/example_dags/example_subdag_operator.py took 0.087 seconds
[2026-03-11T03:10:06.120+0000] {processor.py:156} INFO - Started process (PID=68) to work on /home/airflow/.local/lib/python3.7/site-packages/airflow/example_dags/example_subdag_operator.py
[2026-03-11T03:10:06.120+0000] {processor.py:799} INFO - Processing file /home/airflow/.local/lib/python3.7/site-packages/airflow/example_dags/example_subdag_operator.py for tasks to queue
[2026-03-11T03:10:06.121+0000] {logging_mixin.py:149} INFO - [2026-03-11T03:10:06.121+0000] {dagbag.py:541} INFO - Filling up the DagBag from /home/airflow/.local/lib/python3.7/site-packages/airflow/example_dags/example_subdag_operator.py
[2026-03-11T03:10:06.134+0000] {processor.py:809} INFO - DAG(s) dict_keys(['example_subdag_operator.section-1', 'example_subdag_operator.section-2', 'example_subdag_operator']) retrieved from /home/airflow/.local/lib/python3.7/site-packages/airflow/example_dags/example_subdag_operator.py
[2026-03-11T03:10:06.137+0000] {logging_mixin.py:149} INFO - [2026-03-11T03:10:06.137+0000] {dag.py:2726} INFO - Sync 3 DAGs
[2026-03-11T03:10:06.151+0000] {logging_mixin.py:149} INFO - [2026-03-11T03:10:06.151+0000] {dag.py:3490} INFO - Setting next_dagrun for example_subdag_operator to 2022-01-01T00:00:00+00:00, run_after=2022-01-01T00:00:00+00:00
[2026-03-11T03:10:06.156+0000] {logging_mixin.py:149} INFO - [2026-03-11T03:10:06.156+0000] {dag.py:3490} INFO - Setting next_dagrun for example_subdag_operator.section-1 to None, run_after=None
[2026-03-11T03:10:06.157+0000] {logging_mixin.py:149} INFO - [2026-03-11T03:10:06.156+0000] {dag.py:3490} INFO - Setting next_dagrun for example_subdag_operator.section-2 to None, run_after=None
[2026-03-11T03:10:06.163+0000] {logging_mixin.py:149} INFO - [2026-03-11T03:10:06.163+0000] {dag.py:2726} INFO - Sync 2 DAGs
[2026-03-11T03:10:06.167+0000] {logging_mixin.py:149} INFO - [2026-03-11T03:10:06.167+0000] {dag.py:3490} INFO - Setting next_dagrun for example_subdag_operator.section-1 to None, run_after=None
[2026-03-11T03:10:06.168+0000] {logging_mixin.py:149} INFO - [2026-03-11T03:10:06.168+0000] {dag.py:3490} INFO - Setting next_dagrun for example_subdag_operator.section-2 to None, run_after=None
[2026-03-11T03:10:06.177+0000] {processor.py:178} INFO - Processing /home/airflow/.local/lib/python3.7/site-packages/airflow/example_dags/example_subdag_operator.py took 0.059 seconds
[2026-03-11T03:10:37.189+0000] {processor.py:156} INFO - Started process (PID=130) to work on /home/airflow/.local/lib/python3.7/site-packages/airflow/example_dags/example_subdag_operator.py
[2026-03-11T03:10:37.190+0000] {processor.py:799} INFO - Processing file /home/airflow/.local/lib/python3.7/site-packages/airflow/example_dags/example_subdag_operator.py for tasks to queue
[2026-03-11T03:10:37.190+0000] {logging_mixin.py:149} INFO - [2026-03-11T03:10:37.190+0000] {dagbag.py:541} INFO - Filling up the DagBag from /home/airflow/.local/lib/python3.7/site-packages/airflow/example_dags/example_subdag_operator.py
[2026-03-11T03:10:37.204+0000] {processor.py:809} INFO - DAG(s) dict_keys(['example_subdag_operator.section-1', 'example_subdag_operator.section-2', 'example_subdag_operator']) retrieved from /home/airflow/.local/lib/python3.7/site-packages/airflow/example_dags/example_subdag_operator.py
[2026-03-11T03:10:37.212+0000] {logging_mixin.py:149} INFO - [2026-03-11T03:10:37.211+0000] {dag.py:2726} INFO - Sync 3 DAGs
[2026-03-11T03:10:37.223+0000] {logging_mixin.py:149} INFO - [2026-03-11T03:10:37.223+0000] {dag.py:3490} INFO - Setting next_dagrun for example_subdag_operator to 2022-01-01T00:00:00+00:00, run_after=2022-01-01T00:00:00+00:00
[2026-03-11T03:10:37.225+0000] {logging_mixin.py:149} INFO - [2026-03-11T03:10:37.225+0000] {dag.py:3490} INFO - Setting next_dagrun for example_subdag_operator.section-1 to None, run_after=None
[2026-03-11T03:10:37.226+0000] {logging_mixin.py:149} INFO - [2026-03-11T03:10:37.226+0000] {dag.py:3490} INFO - Setting next_dagrun for example_subdag_operator.section-2 to None, run_after=None
[2026-03-11T03:10:37.230+0000] {logging_mixin.py:149} INFO - [2026-03-11T03:10:37.230+0000] {dag.py:2726} INFO - Sync 2 DAGs
[2026-03-11T03:10:37.233+0000] {logging_mixin.py:149} INFO - [2026-03-11T03:10:37.233+0000] {dag.py:3490} INFO - Setting next_dagrun for example_subdag_operator.section-1 to None, run_after=None
[2026-03-11T03:10:37.233+0000] {logging_mixin.py:149} INFO - [2026-03-11T03:10:37.233+0000] {dag.py:3490} INFO - Setting next_dagrun for example_subdag_operator.section-2 to None, run_after=None
[2026-03-11T03:10:37.239+0000] {processor.py:178} INFO - Processing /home/airflow/.local/lib/python3.7/site-packages/airflow/example_dags/example_subdag_operator.py took 0.051 seconds
