[2026-03-11T03:09:22.727+0000] {processor.py:156} INFO - Started process (PID=74) to work on /home/airflow/.local/lib/python3.7/site-packages/airflow/example_dags/example_branch_python_dop_operator_3.py
[2026-03-11T03:09:22.728+0000] {processor.py:799} INFO - Processing file /home/airflow/.local/lib/python3.7/site-packages/airflow/example_dags/example_branch_python_dop_operator_3.py for tasks to queue
[2026-03-11T03:09:22.728+0000] {logging_mixin.py:149} INFO - [2026-03-11T03:09:22.728+0000] {dagbag.py:541} INFO - Filling up the DagBag from /home/airflow/.local/lib/python3.7/site-packages/airflow/example_dags/example_branch_python_dop_operator_3.py
[2026-03-11T03:09:22.733+0000] {processor.py:809} INFO - DAG(s) dict_keys(['example_branch_dop_operator_v3']) retrieved from /home/airflow/.local/lib/python3.7/site-packages/airflow/example_dags/example_branch_python_dop_operator_3.py
[2026-03-11T03:09:22.745+0000] {logging_mixin.py:149} INFO - [2026-03-11T03:09:22.745+0000] {dag.py:2726} INFO - Sync 1 DAGs
[2026-03-11T03:09:22.766+0000] {logging_mixin.py:149} INFO - [2026-03-11T03:09:22.766+0000] {dag.py:3490} INFO - Setting next_dagrun for example_branch_dop_operator_v3 to 2026-03-11T03:08:00+00:00, run_after=2026-03-11T03:09:00+00:00
[2026-03-11T03:09:22.785+0000] {processor.py:178} INFO - Processing /home/airflow/.local/lib/python3.7/site-packages/airflow/example_dags/example_branch_python_dop_operator_3.py took 0.064 seconds
[2026-03-11T03:10:06.059+0000] {processor.py:156} INFO - Started process (PID=67) to work on /home/airflow/.local/lib/python3.7/site-packages/airflow/example_dags/example_branch_python_dop_operator_3.py
[2026-03-11T03:10:06.061+0000] {processor.py:799} INFO - Processing file /home/airflow/.local/lib/python3.7/site-packages/airflow/example_dags/example_branch_python_dop_operator_3.py for tasks to queue
[2026-03-11T03:10:06.063+0000] {logging_mixin.py:149} INFO - [2026-03-11T03:10:06.063+0000] {dagbag.py:541} INFO - Filling up the DagBag from /home/airflow/.local/lib/python3.7/site-packages/airflow/example_dags/example_branch_python_dop_operator_3.py
[2026-03-11T03:10:06.071+0000] {processor.py:809} INFO - DAG(s) dict_keys(['example_branch_dop_operator_v3']) retrieved from /home/airflow/.local/lib/python3.7/site-packages/airflow/example_dags/example_branch_python_dop_operator_3.py
[2026-03-11T03:10:06.079+0000] {logging_mixin.py:149} INFO - [2026-03-11T03:10:06.079+0000] {dag.py:2726} INFO - Sync 1 DAGs
[2026-03-11T03:10:06.094+0000] {logging_mixin.py:149} INFO - [2026-03-11T03:10:06.094+0000] {dag.py:3490} INFO - Setting next_dagrun for example_branch_dop_operator_v3 to 2026-03-11T03:09:00+00:00, run_after=2026-03-11T03:10:00+00:00
[2026-03-11T03:10:06.110+0000] {processor.py:178} INFO - Processing /home/airflow/.local/lib/python3.7/site-packages/airflow/example_dags/example_branch_python_dop_operator_3.py took 0.052 seconds
[2026-03-11T03:10:37.138+0000] {processor.py:156} INFO - Started process (PID=129) to work on /home/airflow/.local/lib/python3.7/site-packages/airflow/example_dags/example_branch_python_dop_operator_3.py
[2026-03-11T03:10:37.140+0000] {processor.py:799} INFO - Processing file /home/airflow/.local/lib/python3.7/site-packages/airflow/example_dags/example_branch_python_dop_operator_3.py for tasks to queue
[2026-03-11T03:10:37.140+0000] {logging_mixin.py:149} INFO - [2026-03-11T03:10:37.140+0000] {dagbag.py:541} INFO - Filling up the DagBag from /home/airflow/.local/lib/python3.7/site-packages/airflow/example_dags/example_branch_python_dop_operator_3.py
[2026-03-11T03:10:37.143+0000] {processor.py:809} INFO - DAG(s) dict_keys(['example_branch_dop_operator_v3']) retrieved from /home/airflow/.local/lib/python3.7/site-packages/airflow/example_dags/example_branch_python_dop_operator_3.py
[2026-03-11T03:10:37.153+0000] {logging_mixin.py:149} INFO - [2026-03-11T03:10:37.153+0000] {dag.py:2726} INFO - Sync 1 DAGs
[2026-03-11T03:10:37.166+0000] {logging_mixin.py:149} INFO - [2026-03-11T03:10:37.166+0000] {dag.py:3490} INFO - Setting next_dagrun for example_branch_dop_operator_v3 to 2026-03-11T03:09:00+00:00, run_after=2026-03-11T03:10:00+00:00
[2026-03-11T03:10:37.181+0000] {processor.py:178} INFO - Processing /home/airflow/.local/lib/python3.7/site-packages/airflow/example_dags/example_branch_python_dop_operator_3.py took 0.044 seconds
