[2026-03-11T03:09:22.188+0000] {processor.py:156} INFO - Started process (PID=63) to work on /home/airflow/.local/lib/python3.7/site-packages/airflow/example_dags/example_trigger_controller_dag.py
[2026-03-11T03:09:22.189+0000] {processor.py:799} INFO - Processing file /home/airflow/.local/lib/python3.7/site-packages/airflow/example_dags/example_trigger_controller_dag.py for tasks to queue
[2026-03-11T03:09:22.190+0000] {logging_mixin.py:149} INFO - [2026-03-11T03:09:22.189+0000] {dagbag.py:541} INFO - Filling up the DagBag from /home/airflow/.local/lib/python3.7/site-packages/airflow/example_dags/example_trigger_controller_dag.py
[2026-03-11T03:09:22.195+0000] {processor.py:809} INFO - DAG(s) dict_keys(['example_trigger_controller_dag']) retrieved from /home/airflow/.local/lib/python3.7/site-packages/airflow/example_dags/example_trigger_controller_dag.py
[2026-03-11T03:09:22.211+0000] {logging_mixin.py:149} INFO - [2026-03-11T03:09:22.211+0000] {dag.py:2726} INFO - Sync 1 DAGs
[2026-03-11T03:09:22.245+0000] {logging_mixin.py:149} INFO - [2026-03-11T03:09:22.244+0000] {dag.py:3490} INFO - Setting next_dagrun for example_trigger_controller_dag to 2021-01-01T00:00:00+00:00, run_after=2021-01-01T00:00:00+00:00
[2026-03-11T03:09:22.271+0000] {processor.py:178} INFO - Processing /home/airflow/.local/lib/python3.7/site-packages/airflow/example_dags/example_trigger_controller_dag.py took 0.086 seconds
[2026-03-11T03:10:05.754+0000] {processor.py:156} INFO - Started process (PID=56) to work on /home/airflow/.local/lib/python3.7/site-packages/airflow/example_dags/example_trigger_controller_dag.py
[2026-03-11T03:10:05.756+0000] {processor.py:799} INFO - Processing file /home/airflow/.local/lib/python3.7/site-packages/airflow/example_dags/example_trigger_controller_dag.py for tasks to queue
[2026-03-11T03:10:05.758+0000] {logging_mixin.py:149} INFO - [2026-03-11T03:10:05.758+0000] {dagbag.py:541} INFO - Filling up the DagBag from /home/airflow/.local/lib/python3.7/site-packages/airflow/example_dags/example_trigger_controller_dag.py
[2026-03-11T03:10:05.760+0000] {processor.py:809} INFO - DAG(s) dict_keys(['example_trigger_controller_dag']) retrieved from /home/airflow/.local/lib/python3.7/site-packages/airflow/example_dags/example_trigger_controller_dag.py
[2026-03-11T03:10:05.768+0000] {logging_mixin.py:149} INFO - [2026-03-11T03:10:05.768+0000] {dag.py:2726} INFO - Sync 1 DAGs
[2026-03-11T03:10:05.784+0000] {logging_mixin.py:149} INFO - [2026-03-11T03:10:05.784+0000] {dag.py:3490} INFO - Setting next_dagrun for example_trigger_controller_dag to 2021-01-01T00:00:00+00:00, run_after=2021-01-01T00:00:00+00:00
[2026-03-11T03:10:05.802+0000] {processor.py:178} INFO - Processing /home/airflow/.local/lib/python3.7/site-packages/airflow/example_dags/example_trigger_controller_dag.py took 0.049 seconds
[2026-03-11T03:10:36.708+0000] {processor.py:156} INFO - Started process (PID=118) to work on /home/airflow/.local/lib/python3.7/site-packages/airflow/example_dags/example_trigger_controller_dag.py
[2026-03-11T03:10:36.709+0000] {processor.py:799} INFO - Processing file /home/airflow/.local/lib/python3.7/site-packages/airflow/example_dags/example_trigger_controller_dag.py for tasks to queue
[2026-03-11T03:10:36.709+0000] {logging_mixin.py:149} INFO - [2026-03-11T03:10:36.709+0000] {dagbag.py:541} INFO - Filling up the DagBag from /home/airflow/.local/lib/python3.7/site-packages/airflow/example_dags/example_trigger_controller_dag.py
[2026-03-11T03:10:36.710+0000] {processor.py:809} INFO - DAG(s) dict_keys(['example_trigger_controller_dag']) retrieved from /home/airflow/.local/lib/python3.7/site-packages/airflow/example_dags/example_trigger_controller_dag.py
[2026-03-11T03:10:36.727+0000] {logging_mixin.py:149} INFO - [2026-03-11T03:10:36.727+0000] {dag.py:2726} INFO - Sync 1 DAGs
[2026-03-11T03:10:36.742+0000] {logging_mixin.py:149} INFO - [2026-03-11T03:10:36.742+0000] {dag.py:3490} INFO - Setting next_dagrun for example_trigger_controller_dag to 2021-01-01T00:00:00+00:00, run_after=2021-01-01T00:00:00+00:00
[2026-03-11T03:10:36.753+0000] {processor.py:178} INFO - Processing /home/airflow/.local/lib/python3.7/site-packages/airflow/example_dags/example_trigger_controller_dag.py took 0.047 seconds
