[2026-03-11T03:09:20.968+0000] {processor.py:156} INFO - Started process (PID=33) to work on /home/airflow/.local/lib/python3.7/site-packages/airflow/example_dags/example_local_kubernetes_executor.py
[2026-03-11T03:09:20.968+0000] {processor.py:799} INFO - Processing file /home/airflow/.local/lib/python3.7/site-packages/airflow/example_dags/example_local_kubernetes_executor.py for tasks to queue
[2026-03-11T03:09:20.969+0000] {logging_mixin.py:149} INFO - [2026-03-11T03:09:20.969+0000] {dagbag.py:541} INFO - Filling up the DagBag from /home/airflow/.local/lib/python3.7/site-packages/airflow/example_dags/example_local_kubernetes_executor.py
[2026-03-11T03:09:21.424+0000] {processor.py:809} INFO - DAG(s) dict_keys(['example_local_kubernetes_executor']) retrieved from /home/airflow/.local/lib/python3.7/site-packages/airflow/example_dags/example_local_kubernetes_executor.py
[2026-03-11T03:09:21.429+0000] {logging_mixin.py:149} INFO - [2026-03-11T03:09:21.429+0000] {dag.py:2726} INFO - Sync 1 DAGs
[2026-03-11T03:09:21.440+0000] {logging_mixin.py:149} INFO - [2026-03-11T03:09:21.440+0000] {dag.py:3490} INFO - Setting next_dagrun for example_local_kubernetes_executor to None, run_after=None
[2026-03-11T03:09:21.447+0000] {processor.py:178} INFO - Processing /home/airflow/.local/lib/python3.7/site-packages/airflow/example_dags/example_local_kubernetes_executor.py took 0.480 seconds
[2026-03-11T03:10:04.826+0000] {processor.py:156} INFO - Started process (PID=33) to work on /home/airflow/.local/lib/python3.7/site-packages/airflow/example_dags/example_local_kubernetes_executor.py
[2026-03-11T03:10:04.826+0000] {processor.py:799} INFO - Processing file /home/airflow/.local/lib/python3.7/site-packages/airflow/example_dags/example_local_kubernetes_executor.py for tasks to queue
[2026-03-11T03:10:04.827+0000] {logging_mixin.py:149} INFO - [2026-03-11T03:10:04.827+0000] {dagbag.py:541} INFO - Filling up the DagBag from /home/airflow/.local/lib/python3.7/site-packages/airflow/example_dags/example_local_kubernetes_executor.py
[2026-03-11T03:10:04.962+0000] {processor.py:809} INFO - DAG(s) dict_keys(['example_local_kubernetes_executor']) retrieved from /home/airflow/.local/lib/python3.7/site-packages/airflow/example_dags/example_local_kubernetes_executor.py
[2026-03-11T03:10:04.966+0000] {logging_mixin.py:149} INFO - [2026-03-11T03:10:04.966+0000] {dag.py:2726} INFO - Sync 1 DAGs
[2026-03-11T03:10:04.978+0000] {logging_mixin.py:149} INFO - [2026-03-11T03:10:04.978+0000] {dag.py:3490} INFO - Setting next_dagrun for example_local_kubernetes_executor to None, run_after=None
[2026-03-11T03:10:04.987+0000] {processor.py:178} INFO - Processing /home/airflow/.local/lib/python3.7/site-packages/airflow/example_dags/example_local_kubernetes_executor.py took 0.162 seconds
[2026-03-11T03:10:35.951+0000] {processor.py:156} INFO - Started process (PID=95) to work on /home/airflow/.local/lib/python3.7/site-packages/airflow/example_dags/example_local_kubernetes_executor.py
[2026-03-11T03:10:35.952+0000] {processor.py:799} INFO - Processing file /home/airflow/.local/lib/python3.7/site-packages/airflow/example_dags/example_local_kubernetes_executor.py for tasks to queue
[2026-03-11T03:10:35.952+0000] {logging_mixin.py:149} INFO - [2026-03-11T03:10:35.952+0000] {dagbag.py:541} INFO - Filling up the DagBag from /home/airflow/.local/lib/python3.7/site-packages/airflow/example_dags/example_local_kubernetes_executor.py
[2026-03-11T03:10:36.092+0000] {processor.py:809} INFO - DAG(s) dict_keys(['example_local_kubernetes_executor']) retrieved from /home/airflow/.local/lib/python3.7/site-packages/airflow/example_dags/example_local_kubernetes_executor.py
[2026-03-11T03:10:36.115+0000] {logging_mixin.py:149} INFO - [2026-03-11T03:10:36.115+0000] {dag.py:2726} INFO - Sync 1 DAGs
[2026-03-11T03:10:36.127+0000] {logging_mixin.py:149} INFO - [2026-03-11T03:10:36.127+0000] {dag.py:3490} INFO - Setting next_dagrun for example_local_kubernetes_executor to None, run_after=None
[2026-03-11T03:10:36.143+0000] {processor.py:178} INFO - Processing /home/airflow/.local/lib/python3.7/site-packages/airflow/example_dags/example_local_kubernetes_executor.py took 0.194 seconds
