[2026-03-11T03:09:21.795+0000] {processor.py:156} INFO - Started process (PID=47) to work on /home/airflow/.local/lib/python3.7/site-packages/airflow/example_dags/example_latest_only.py
[2026-03-11T03:09:21.796+0000] {processor.py:799} INFO - Processing file /home/airflow/.local/lib/python3.7/site-packages/airflow/example_dags/example_latest_only.py for tasks to queue
[2026-03-11T03:09:21.797+0000] {logging_mixin.py:149} INFO - [2026-03-11T03:09:21.796+0000] {dagbag.py:541} INFO - Filling up the DagBag from /home/airflow/.local/lib/python3.7/site-packages/airflow/example_dags/example_latest_only.py
[2026-03-11T03:09:21.803+0000] {processor.py:809} INFO - DAG(s) dict_keys(['latest_only']) retrieved from /home/airflow/.local/lib/python3.7/site-packages/airflow/example_dags/example_latest_only.py
[2026-03-11T03:09:21.813+0000] {logging_mixin.py:149} INFO - [2026-03-11T03:09:21.813+0000] {dag.py:2726} INFO - Sync 1 DAGs
[2026-03-11T03:09:21.830+0000] {logging_mixin.py:149} INFO - [2026-03-11T03:09:21.830+0000] {dag.py:3490} INFO - Setting next_dagrun for latest_only to 2026-03-10T23:09:21.830305+00:00, run_after=2026-03-11T03:09:21.830305+00:00
[2026-03-11T03:09:21.845+0000] {processor.py:178} INFO - Processing /home/airflow/.local/lib/python3.7/site-packages/airflow/example_dags/example_latest_only.py took 0.053 seconds
[2026-03-11T03:10:05.387+0000] {processor.py:156} INFO - Started process (PID=47) to work on /home/airflow/.local/lib/python3.7/site-packages/airflow/example_dags/example_latest_only.py
[2026-03-11T03:10:05.388+0000] {processor.py:799} INFO - Processing file /home/airflow/.local/lib/python3.7/site-packages/airflow/example_dags/example_latest_only.py for tasks to queue
[2026-03-11T03:10:05.388+0000] {logging_mixin.py:149} INFO - [2026-03-11T03:10:05.388+0000] {dagbag.py:541} INFO - Filling up the DagBag from /home/airflow/.local/lib/python3.7/site-packages/airflow/example_dags/example_latest_only.py
[2026-03-11T03:10:05.393+0000] {processor.py:809} INFO - DAG(s) dict_keys(['latest_only']) retrieved from /home/airflow/.local/lib/python3.7/site-packages/airflow/example_dags/example_latest_only.py
[2026-03-11T03:10:05.401+0000] {logging_mixin.py:149} INFO - [2026-03-11T03:10:05.401+0000] {dag.py:2726} INFO - Sync 1 DAGs
[2026-03-11T03:10:05.425+0000] {logging_mixin.py:149} INFO - [2026-03-11T03:10:05.425+0000] {dag.py:3490} INFO - Setting next_dagrun for latest_only to 2026-03-10T23:10:05.425195+00:00, run_after=2026-03-11T03:10:05.425195+00:00
[2026-03-11T03:10:05.448+0000] {processor.py:178} INFO - Processing /home/airflow/.local/lib/python3.7/site-packages/airflow/example_dags/example_latest_only.py took 0.064 seconds
[2026-03-11T03:10:36.425+0000] {processor.py:156} INFO - Started process (PID=109) to work on /home/airflow/.local/lib/python3.7/site-packages/airflow/example_dags/example_latest_only.py
[2026-03-11T03:10:36.426+0000] {processor.py:799} INFO - Processing file /home/airflow/.local/lib/python3.7/site-packages/airflow/example_dags/example_latest_only.py for tasks to queue
[2026-03-11T03:10:36.426+0000] {logging_mixin.py:149} INFO - [2026-03-11T03:10:36.426+0000] {dagbag.py:541} INFO - Filling up the DagBag from /home/airflow/.local/lib/python3.7/site-packages/airflow/example_dags/example_latest_only.py
[2026-03-11T03:10:36.428+0000] {processor.py:809} INFO - DAG(s) dict_keys(['latest_only']) retrieved from /home/airflow/.local/lib/python3.7/site-packages/airflow/example_dags/example_latest_only.py
[2026-03-11T03:10:36.439+0000] {logging_mixin.py:149} INFO - [2026-03-11T03:10:36.439+0000] {dag.py:2726} INFO - Sync 1 DAGs
[2026-03-11T03:10:36.451+0000] {logging_mixin.py:149} INFO - [2026-03-11T03:10:36.451+0000] {dag.py:3490} INFO - Setting next_dagrun for latest_only to 2026-03-10T23:10:36.451467+00:00, run_after=2026-03-11T03:10:36.451467+00:00
[2026-03-11T03:10:36.465+0000] {processor.py:178} INFO - Processing /home/airflow/.local/lib/python3.7/site-packages/airflow/example_dags/example_latest_only.py took 0.042 seconds
