[2026-03-11T03:09:22.644+0000] {processor.py:156} INFO - Started process (PID=72) to work on /home/airflow/.local/lib/python3.7/site-packages/airflow/example_dags/tutorial.py
[2026-03-11T03:09:22.645+0000] {processor.py:799} INFO - Processing file /home/airflow/.local/lib/python3.7/site-packages/airflow/example_dags/tutorial.py for tasks to queue
[2026-03-11T03:09:22.646+0000] {logging_mixin.py:149} INFO - [2026-03-11T03:09:22.645+0000] {dagbag.py:541} INFO - Filling up the DagBag from /home/airflow/.local/lib/python3.7/site-packages/airflow/example_dags/tutorial.py
[2026-03-11T03:09:22.654+0000] {processor.py:809} INFO - DAG(s) dict_keys(['tutorial']) retrieved from /home/airflow/.local/lib/python3.7/site-packages/airflow/example_dags/tutorial.py
[2026-03-11T03:09:22.670+0000] {logging_mixin.py:149} INFO - [2026-03-11T03:09:22.670+0000] {dag.py:2726} INFO - Sync 1 DAGs
[2026-03-11T03:09:22.689+0000] {logging_mixin.py:149} INFO - [2026-03-11T03:09:22.689+0000] {dag.py:3490} INFO - Setting next_dagrun for tutorial to 2026-03-10T03:09:22.689134+00:00, run_after=2026-03-11T03:09:22.689134+00:00
[2026-03-11T03:09:22.707+0000] {processor.py:178} INFO - Processing /home/airflow/.local/lib/python3.7/site-packages/airflow/example_dags/tutorial.py took 0.065 seconds
[2026-03-11T03:10:06.020+0000] {processor.py:156} INFO - Started process (PID=65) to work on /home/airflow/.local/lib/python3.7/site-packages/airflow/example_dags/tutorial.py
[2026-03-11T03:10:06.020+0000] {processor.py:799} INFO - Processing file /home/airflow/.local/lib/python3.7/site-packages/airflow/example_dags/tutorial.py for tasks to queue
[2026-03-11T03:10:06.021+0000] {logging_mixin.py:149} INFO - [2026-03-11T03:10:06.021+0000] {dagbag.py:541} INFO - Filling up the DagBag from /home/airflow/.local/lib/python3.7/site-packages/airflow/example_dags/tutorial.py
[2026-03-11T03:10:06.024+0000] {processor.py:809} INFO - DAG(s) dict_keys(['tutorial']) retrieved from /home/airflow/.local/lib/python3.7/site-packages/airflow/example_dags/tutorial.py
[2026-03-11T03:10:06.030+0000] {logging_mixin.py:149} INFO - [2026-03-11T03:10:06.030+0000] {dag.py:2726} INFO - Sync 1 DAGs
[2026-03-11T03:10:06.040+0000] {logging_mixin.py:149} INFO - [2026-03-11T03:10:06.040+0000] {dag.py:3490} INFO - Setting next_dagrun for tutorial to 2026-03-10T03:10:06.040555+00:00, run_after=2026-03-11T03:10:06.040555+00:00
[2026-03-11T03:10:06.048+0000] {processor.py:178} INFO - Processing /home/airflow/.local/lib/python3.7/site-packages/airflow/example_dags/tutorial.py took 0.029 seconds
[2026-03-11T03:10:37.102+0000] {processor.py:156} INFO - Started process (PID=127) to work on /home/airflow/.local/lib/python3.7/site-packages/airflow/example_dags/tutorial.py
[2026-03-11T03:10:37.102+0000] {processor.py:799} INFO - Processing file /home/airflow/.local/lib/python3.7/site-packages/airflow/example_dags/tutorial.py for tasks to queue
[2026-03-11T03:10:37.103+0000] {logging_mixin.py:149} INFO - [2026-03-11T03:10:37.103+0000] {dagbag.py:541} INFO - Filling up the DagBag from /home/airflow/.local/lib/python3.7/site-packages/airflow/example_dags/tutorial.py
[2026-03-11T03:10:37.105+0000] {processor.py:809} INFO - DAG(s) dict_keys(['tutorial']) retrieved from /home/airflow/.local/lib/python3.7/site-packages/airflow/example_dags/tutorial.py
[2026-03-11T03:10:37.114+0000] {logging_mixin.py:149} INFO - [2026-03-11T03:10:37.114+0000] {dag.py:2726} INFO - Sync 1 DAGs
[2026-03-11T03:10:37.123+0000] {logging_mixin.py:149} INFO - [2026-03-11T03:10:37.123+0000] {dag.py:3490} INFO - Setting next_dagrun for tutorial to 2026-03-10T03:10:37.122996+00:00, run_after=2026-03-11T03:10:37.122996+00:00
[2026-03-11T03:10:37.129+0000] {processor.py:178} INFO - Processing /home/airflow/.local/lib/python3.7/site-packages/airflow/example_dags/tutorial.py took 0.028 seconds
