[2026-03-11T03:09:22.575+0000] {processor.py:156} INFO - Started process (PID=71) to work on /home/airflow/.local/lib/python3.7/site-packages/airflow/example_dags/tutorial_taskflow_api.py
[2026-03-11T03:09:22.576+0000] {processor.py:799} INFO - Processing file /home/airflow/.local/lib/python3.7/site-packages/airflow/example_dags/tutorial_taskflow_api.py for tasks to queue
[2026-03-11T03:09:22.577+0000] {logging_mixin.py:149} INFO - [2026-03-11T03:09:22.577+0000] {dagbag.py:541} INFO - Filling up the DagBag from /home/airflow/.local/lib/python3.7/site-packages/airflow/example_dags/tutorial_taskflow_api.py
[2026-03-11T03:09:22.585+0000] {processor.py:809} INFO - DAG(s) dict_keys(['tutorial_taskflow_api']) retrieved from /home/airflow/.local/lib/python3.7/site-packages/airflow/example_dags/tutorial_taskflow_api.py
[2026-03-11T03:09:22.600+0000] {logging_mixin.py:149} INFO - [2026-03-11T03:09:22.600+0000] {dag.py:2726} INFO - Sync 1 DAGs
[2026-03-11T03:09:22.616+0000] {logging_mixin.py:149} INFO - [2026-03-11T03:09:22.616+0000] {dag.py:3490} INFO - Setting next_dagrun for tutorial_taskflow_api to None, run_after=None
[2026-03-11T03:09:22.637+0000] {processor.py:178} INFO - Processing /home/airflow/.local/lib/python3.7/site-packages/airflow/example_dags/tutorial_taskflow_api.py took 0.065 seconds
[2026-03-11T03:10:05.972+0000] {processor.py:156} INFO - Started process (PID=64) to work on /home/airflow/.local/lib/python3.7/site-packages/airflow/example_dags/tutorial_taskflow_api.py
[2026-03-11T03:10:05.975+0000] {processor.py:799} INFO - Processing file /home/airflow/.local/lib/python3.7/site-packages/airflow/example_dags/tutorial_taskflow_api.py for tasks to queue
[2026-03-11T03:10:05.975+0000] {logging_mixin.py:149} INFO - [2026-03-11T03:10:05.975+0000] {dagbag.py:541} INFO - Filling up the DagBag from /home/airflow/.local/lib/python3.7/site-packages/airflow/example_dags/tutorial_taskflow_api.py
[2026-03-11T03:10:05.980+0000] {processor.py:809} INFO - DAG(s) dict_keys(['tutorial_taskflow_api']) retrieved from /home/airflow/.local/lib/python3.7/site-packages/airflow/example_dags/tutorial_taskflow_api.py
[2026-03-11T03:10:05.987+0000] {logging_mixin.py:149} INFO - [2026-03-11T03:10:05.987+0000] {dag.py:2726} INFO - Sync 1 DAGs
[2026-03-11T03:10:06.000+0000] {logging_mixin.py:149} INFO - [2026-03-11T03:10:06.000+0000] {dag.py:3490} INFO - Setting next_dagrun for tutorial_taskflow_api to None, run_after=None
[2026-03-11T03:10:06.012+0000] {processor.py:178} INFO - Processing /home/airflow/.local/lib/python3.7/site-packages/airflow/example_dags/tutorial_taskflow_api.py took 0.041 seconds
[2026-03-11T03:10:37.063+0000] {processor.py:156} INFO - Started process (PID=126) to work on /home/airflow/.local/lib/python3.7/site-packages/airflow/example_dags/tutorial_taskflow_api.py
[2026-03-11T03:10:37.063+0000] {processor.py:799} INFO - Processing file /home/airflow/.local/lib/python3.7/site-packages/airflow/example_dags/tutorial_taskflow_api.py for tasks to queue
[2026-03-11T03:10:37.064+0000] {logging_mixin.py:149} INFO - [2026-03-11T03:10:37.064+0000] {dagbag.py:541} INFO - Filling up the DagBag from /home/airflow/.local/lib/python3.7/site-packages/airflow/example_dags/tutorial_taskflow_api.py
[2026-03-11T03:10:37.066+0000] {processor.py:809} INFO - DAG(s) dict_keys(['tutorial_taskflow_api']) retrieved from /home/airflow/.local/lib/python3.7/site-packages/airflow/example_dags/tutorial_taskflow_api.py
[2026-03-11T03:10:37.076+0000] {logging_mixin.py:149} INFO - [2026-03-11T03:10:37.076+0000] {dag.py:2726} INFO - Sync 1 DAGs
[2026-03-11T03:10:37.087+0000] {logging_mixin.py:149} INFO - [2026-03-11T03:10:37.087+0000] {dag.py:3490} INFO - Setting next_dagrun for tutorial_taskflow_api to None, run_after=None
[2026-03-11T03:10:37.097+0000] {processor.py:178} INFO - Processing /home/airflow/.local/lib/python3.7/site-packages/airflow/example_dags/tutorial_taskflow_api.py took 0.036 seconds
