[2026-03-17T02:10:06.481+0000] {taskinstance.py:1125} INFO - Dependencies all met for dep_context=non-requeueable deps ti=<TaskInstance: dag_mlops_full_pipeline.trigger_jupyter scheduled__2026-03-17T02:05:00+00:00 [queued]>
[2026-03-17T02:10:06.486+0000] {taskinstance.py:1125} INFO - Dependencies all met for dep_context=requeueable deps ti=<TaskInstance: dag_mlops_full_pipeline.trigger_jupyter scheduled__2026-03-17T02:05:00+00:00 [queued]>
[2026-03-17T02:10:06.486+0000] {taskinstance.py:1331} INFO - Starting attempt 1 of 1
[2026-03-17T02:10:06.493+0000] {taskinstance.py:1350} INFO - Executing <Task(PythonOperator): trigger_jupyter> on 2026-03-17 02:05:00+00:00
[2026-03-17T02:10:06.495+0000] {standard_task_runner.py:57} INFO - Started process 57174 to run task
[2026-03-17T02:10:06.497+0000] {standard_task_runner.py:84} INFO - Running: ['***', 'tasks', 'run', 'dag_mlops_full_pipeline', 'trigger_jupyter', 'scheduled__2026-03-17T02:05:00+00:00', '--job-id', '642', '--raw', '--subdir', 'DAGS_FOLDER/dag2.py', '--cfg-path', '/tmp/tmph2io0uif']
[2026-03-17T02:10:06.498+0000] {standard_task_runner.py:85} INFO - Job 642: Subtask trigger_jupyter
[2026-03-17T02:10:06.517+0000] {task_command.py:410} INFO - Running <TaskInstance: dag_mlops_full_pipeline.trigger_jupyter scheduled__2026-03-17T02:05:00+00:00 [running]> on host 87aa27980d8e
[2026-03-17T02:10:06.548+0000] {taskinstance.py:1570} INFO - Exporting env vars: AIRFLOW_CTX_DAG_OWNER='***' AIRFLOW_CTX_DAG_ID='dag_mlops_full_pipeline' AIRFLOW_CTX_TASK_ID='trigger_jupyter' AIRFLOW_CTX_EXECUTION_DATE='2026-03-17T02:05:00+00:00' AIRFLOW_CTX_TRY_NUMBER='1' AIRFLOW_CTX_DAG_RUN_ID='scheduled__2026-03-17T02:05:00+00:00'
[2026-03-17T02:10:06.554+0000] {logging_mixin.py:149} INFO - Creando kernel en Jupyter...
[2026-03-17T02:10:06.575+0000] {logging_mixin.py:149} INFO - Kernel creado: e389ad95-9b74-4f7b-a1b7-b96737636409
[2026-03-17T02:10:06.575+0000] {logging_mixin.py:149} INFO - Conectando WebSocket...
[2026-03-17T02:10:06.747+0000] {logging_mixin.py:149} INFO - WebSocket conectado
[2026-03-17T02:10:06.747+0000] {logging_mixin.py:149} INFO - Esperando que el kernel este listo...
[2026-03-17T02:10:06.761+0000] {logging_mixin.py:149} INFO -   Estado kernel: busy
[2026-03-17T02:10:07.768+0000] {logging_mixin.py:149} INFO -   Estado kernel: idle
[2026-03-17T02:10:07.769+0000] {logging_mixin.py:149} INFO - Kernel listo
[2026-03-17T02:10:07.769+0000] {logging_mixin.py:149} INFO - Leyendo notebook train_model.ipynb...
[2026-03-17T02:10:07.785+0000] {logging_mixin.py:149} INFO - Inyectando parametros...
[2026-03-17T02:10:07.794+0000] {logging_mixin.py:149} INFO -   [celda 0] Parametros inyectados: batch=1, group=4
[2026-03-17T02:10:07.797+0000] {logging_mixin.py:149} INFO - Ejecutando 7 celdas del notebook...
[2026-03-17T02:10:07.797+0000] {logging_mixin.py:149} INFO -   Ejecutando celda 1/7...
[2026-03-17T02:10:08.303+0000] {logging_mixin.py:149} INFO -   [celda 1] Librerias cargadas correctamente
[2026-03-17T02:10:08.305+0000] {logging_mixin.py:149} INFO -   Ejecutando celda 2/7...
[2026-03-17T02:10:08.308+0000] {logging_mixin.py:149} INFO -   [celda 2] Parametros: batch=1, group=4
[2026-03-17T02:10:08.349+0000] {logging_mixin.py:149} INFO -   Ejecutando celda 3/7...
[2026-03-17T02:10:08.370+0000] {logging_mixin.py:149} INFO -   [celda 3] Conectando a PostgreSQL en postgres:5432...
Datos cargados: 4577 filas (sin cover_type invalido)
   elevation    aspect     slope  horizontal_distance_to_hydrology  \
0   0.692208  0.263889  0.370370                          0.574310   
1   0.242857  0.991667  0.574074                          0.100849   
2   0.261039  0.972222  0.481481                          0.271762   
3   0.717532  0.230556  0.314815                          0.509554   
4   0.990260  0.083333  0.092593                          0.131635   

   vertical_distance_to_hydrology  horizontal_distance_to_roadways  \
0                        0.548638                         0.245427   
1                        0.406615                         0.248258   
2                        0.385214                         0.142639   
3                        0.597276                         0.104747   
4                        0.309339                         0.559451   

   hillshade_9am  hillshade_noon  hillshade_3pm  \
0       0.972477        0.701863       0.313253   
1       0.555046        0.472050       0.554217   
2       0.582569        0.577640       0.618474   
3       0.944954        0.708075       0.357430   
4       0.834862        0.838509       0.586345   

   horizontal_distance_to_fire_points  wilderness_area_encoded  \
0                            0.158478                        2   
1                            0.132948                        0   
2                            0.229528                        0   
3                            0.195328                        2   
4                            0.578516                        2   

   soil_type_encoded  cover_type  
0                 18           1  
1                  6           2  
2                  6           5  
3                 18           1  
4                 25           6
[2026-03-17T02:10:08.371+0000] {logging_mixin.py:149} INFO -   [celda 3] /tmp/ipykernel_6160/4271717583.py:45: UserWarning: pandas only supports SQLAlchemy connectable (engine/connection) or database string URI or sqlite3 DBAPI2 connection. Other DBAPI2 objects are not tested. Please consider using SQLAlchemy.
  df = pd.read_sql(query, conn, params=(BATCH_NUMBER, GROUP_NUMBER))
/tmp/ipykernel_6160/4271717583.py:55: UserWarning: pandas only supports SQLAlchemy connectable (engine/connection) or database string URI or sqlite3 DBAPI2 connection. Other DBAPI2 objects are not tested. Please consider using SQLAlchemy.
  df_text = pd.read_sql(query_text, conn, params=(BATCH_NUMBER, GROUP_NUMBER))
[2026-03-17T02:10:08.371+0000] {logging_mixin.py:149} INFO -   Ejecutando celda 4/7...
[2026-03-17T02:10:08.375+0000] {logging_mixin.py:149} INFO -   [celda 4] Wilderness areas en el encoder: ['Cache', 'Commanche', 'Rawah']
Soil types en el encoder: 27 tipos
[2026-03-17T02:10:08.375+0000] {logging_mixin.py:149} INFO -   Ejecutando celda 5/7...
[2026-03-17T02:10:08.382+0000] {logging_mixin.py:149} INFO -   [celda 5] Clases unicas en y: [np.int64(1), np.int64(2), np.int64(3), np.int64(4), np.int64(5), np.int64(6)]
Train: 3661 filas | Test: 916 filas
[2026-03-17T02:10:08.382+0000] {logging_mixin.py:149} INFO -   Ejecutando celda 6/7...
[2026-03-17T02:10:08.506+0000] {logging_mixin.py:149} INFO -   [celda 6] Entrenando Random Forest...
[2026-03-17T02:10:08.522+0000] {logging_mixin.py:149} INFO -   [celda 6] Entrenamiento completado
Accuracy en test: 0.9028 (90.28%)
Clases predichas: [np.int64(1), np.int64(2), np.int64(3), np.int64(4), np.int64(5), np.int64(6)]
[2026-03-17T02:10:08.523+0000] {logging_mixin.py:149} INFO -   Ejecutando celda 7/7...
[2026-03-17T02:10:08.570+0000] {logging_mixin.py:149} INFO -   [celda 7] Conectando a MinIO en http://minio:9000...
[2026-03-17T02:10:08.614+0000] {logging_mixin.py:149} INFO -   [celda 7] Bundle guardado en MinIO: s3://models/group_4/batch_1_acc_0.9028_20260317_021008.pkl
Tamano: 6941.5 KB
Wilderness areas en el bundle: ['Cache', 'Commanche', 'Rawah']
Soil types en el bundle: 27 tipos
Notebook completado exitosamente
[2026-03-17T02:10:08.615+0000] {logging_mixin.py:149} INFO - Todas las celdas ejecutadas exitosamente
[2026-03-17T02:10:08.838+0000] {logging_mixin.py:149} INFO - Kernel e389ad95-9b74-4f7b-a1b7-b96737636409 eliminado
[2026-03-17T02:10:08.838+0000] {python.py:183} INFO - Done. Returned value was: None
[2026-03-17T02:10:08.842+0000] {taskinstance.py:1373} INFO - Marking task as SUCCESS. dag_id=dag_mlops_full_pipeline, task_id=trigger_jupyter, execution_date=20260317T020500, start_date=20260317T021006, end_date=20260317T021008
[2026-03-17T02:10:08.854+0000] {local_task_job_runner.py:232} INFO - Task exited with return code 0
[2026-03-17T02:10:08.863+0000] {taskinstance.py:2674} INFO - 1 downstream tasks scheduled from follow-on schedule check
