[2026-03-14T19:49:48.566+0000] {taskinstance.py:1125} INFO - Dependencies all met for dep_context=non-requeueable deps ti=<TaskInstance: dag_mlops_full_pipeline.trigger_jupyter manual__2026-03-14T19:49:43.549375+00:00 [queued]>
[2026-03-14T19:49:48.569+0000] {taskinstance.py:1125} INFO - Dependencies all met for dep_context=requeueable deps ti=<TaskInstance: dag_mlops_full_pipeline.trigger_jupyter manual__2026-03-14T19:49:43.549375+00:00 [queued]>
[2026-03-14T19:49:48.569+0000] {taskinstance.py:1331} INFO - Starting attempt 1 of 1
[2026-03-14T19:49:48.574+0000] {taskinstance.py:1350} INFO - Executing <Task(PythonOperator): trigger_jupyter> on 2026-03-14 19:49:43.549375+00:00
[2026-03-14T19:49:48.576+0000] {standard_task_runner.py:57} INFO - Started process 339 to run task
[2026-03-14T19:49:48.578+0000] {standard_task_runner.py:84} INFO - Running: ['***', 'tasks', 'run', 'dag_mlops_full_pipeline', 'trigger_jupyter', 'manual__2026-03-14T19:49:43.549375+00:00', '--job-id', '90', '--raw', '--subdir', 'DAGS_FOLDER/dag2.py', '--cfg-path', '/tmp/tmp50kkvolj']
[2026-03-14T19:49:48.578+0000] {standard_task_runner.py:85} INFO - Job 90: Subtask trigger_jupyter
[2026-03-14T19:49:48.595+0000] {task_command.py:410} INFO - Running <TaskInstance: dag_mlops_full_pipeline.trigger_jupyter manual__2026-03-14T19:49:43.549375+00:00 [running]> on host 54b6f3fa3947
[2026-03-14T19:49:48.621+0000] {taskinstance.py:1570} INFO - Exporting env vars: AIRFLOW_CTX_DAG_OWNER='***' AIRFLOW_CTX_DAG_ID='dag_mlops_full_pipeline' AIRFLOW_CTX_TASK_ID='trigger_jupyter' AIRFLOW_CTX_EXECUTION_DATE='2026-03-14T19:49:43.549375+00:00' AIRFLOW_CTX_TRY_NUMBER='1' AIRFLOW_CTX_DAG_RUN_ID='manual__2026-03-14T19:49:43.549375+00:00'
[2026-03-14T19:49:48.627+0000] {logging_mixin.py:149} INFO - Ejecutando notebook con batch=1, group=4...
[2026-03-14T19:49:48.645+0000] {logging_mixin.py:149} INFO - Error response from daemon: client version 1.41 is too old. Minimum supported API version is 1.44, please upgrade your client to a newer version
[2026-03-14T19:49:48.645+0000] {taskinstance.py:1847} ERROR - Task failed with exception
Traceback (most recent call last):
  File "/home/airflow/.local/lib/python3.7/site-packages/airflow/operators/python.py", line 181, in execute
    return_value = self.execute_callable()
  File "/home/airflow/.local/lib/python3.7/site-packages/airflow/operators/python.py", line 198, in execute_callable
    return self.python_callable(*self.op_args, **self.op_kwargs)
  File "/opt/airflow/dags/dag2.py", line 311, in trigger_jupyter
    f"El notebook falló con código {result.returncode}:\n{result.stderr}"
RuntimeError: El notebook falló con código 1:
Error response from daemon: client version 1.41 is too old. Minimum supported API version is 1.44, please upgrade your client to a newer version

[2026-03-14T19:49:48.649+0000] {taskinstance.py:1373} INFO - Marking task as FAILED. dag_id=dag_mlops_full_pipeline, task_id=trigger_jupyter, execution_date=20260314T194943, start_date=20260314T194948, end_date=20260314T194948
[2026-03-14T19:49:48.654+0000] {standard_task_runner.py:109} ERROR - Failed to execute job 90 for task trigger_jupyter (El notebook falló con código 1:
Error response from daemon: client version 1.41 is too old. Minimum supported API version is 1.44, please upgrade your client to a newer version
; 339)
[2026-03-14T19:49:48.675+0000] {local_task_job_runner.py:232} INFO - Task exited with return code 1
[2026-03-14T19:49:48.695+0000] {taskinstance.py:2674} INFO - 0 downstream tasks scheduled from follow-on schedule check
