[2026-03-16T20:48:26.466+0000] {taskinstance.py:1125} INFO - Dependencies all met for dep_context=non-requeueable deps ti=<TaskInstance: dag_mlops_full_pipeline.trigger_jupyter manual__2026-03-16T20:48:21.975428+00:00 [queued]>
[2026-03-16T20:48:26.469+0000] {taskinstance.py:1125} INFO - Dependencies all met for dep_context=requeueable deps ti=<TaskInstance: dag_mlops_full_pipeline.trigger_jupyter manual__2026-03-16T20:48:21.975428+00:00 [queued]>
[2026-03-16T20:48:26.469+0000] {taskinstance.py:1331} INFO - Starting attempt 1 of 1
[2026-03-16T20:48:26.473+0000] {taskinstance.py:1350} INFO - Executing <Task(PythonOperator): trigger_jupyter> on 2026-03-16 20:48:21.975428+00:00
[2026-03-16T20:48:26.476+0000] {standard_task_runner.py:57} INFO - Started process 34772 to run task
[2026-03-16T20:48:26.477+0000] {standard_task_runner.py:84} INFO - Running: ['***', 'tasks', 'run', 'dag_mlops_full_pipeline', 'trigger_jupyter', 'manual__2026-03-16T20:48:21.975428+00:00', '--job-id', '449', '--raw', '--subdir', 'DAGS_FOLDER/dag2.py', '--cfg-path', '/tmp/tmprey5b3ym']
[2026-03-16T20:48:26.478+0000] {standard_task_runner.py:85} INFO - Job 449: Subtask trigger_jupyter
[2026-03-16T20:48:26.495+0000] {task_command.py:410} INFO - Running <TaskInstance: dag_mlops_full_pipeline.trigger_jupyter manual__2026-03-16T20:48:21.975428+00:00 [running]> on host 87aa27980d8e
[2026-03-16T20:48:26.525+0000] {taskinstance.py:1570} INFO - Exporting env vars: AIRFLOW_CTX_DAG_OWNER='***' AIRFLOW_CTX_DAG_ID='dag_mlops_full_pipeline' AIRFLOW_CTX_TASK_ID='trigger_jupyter' AIRFLOW_CTX_EXECUTION_DATE='2026-03-16T20:48:21.975428+00:00' AIRFLOW_CTX_TRY_NUMBER='1' AIRFLOW_CTX_DAG_RUN_ID='manual__2026-03-16T20:48:21.975428+00:00'
[2026-03-16T20:48:26.530+0000] {logging_mixin.py:149} INFO - Creando kernel en Jupyter...
[2026-03-16T20:48:26.547+0000] {logging_mixin.py:149} INFO - Kernel creado: 80ddef45-d5a0-4728-8360-b794589623d3
[2026-03-16T20:48:26.547+0000] {logging_mixin.py:149} INFO - Conectando WebSocket...
[2026-03-16T20:48:26.858+0000] {logging_mixin.py:149} INFO - WebSocket conectado
[2026-03-16T20:48:26.858+0000] {logging_mixin.py:149} INFO - Esperando que el kernel este listo...
[2026-03-16T20:48:26.884+0000] {logging_mixin.py:149} INFO -   Estado kernel: busy
[2026-03-16T20:48:27.888+0000] {logging_mixin.py:149} INFO -   Estado kernel: idle
[2026-03-16T20:48:27.889+0000] {logging_mixin.py:149} INFO - Kernel listo
[2026-03-16T20:48:27.890+0000] {logging_mixin.py:149} INFO - Leyendo notebook train_model.ipynb...
[2026-03-16T20:48:27.903+0000] {logging_mixin.py:149} INFO - Inyectando parametros...
[2026-03-16T20:48:27.911+0000] {logging_mixin.py:149} INFO -   [celda 0] Parametros inyectados: batch=5, group=4
[2026-03-16T20:48:27.914+0000] {logging_mixin.py:149} INFO - Ejecutando 6 celdas del notebook...
[2026-03-16T20:48:27.914+0000] {logging_mixin.py:149} INFO -   Ejecutando celda 1/6...
[2026-03-16T20:48:28.394+0000] {logging_mixin.py:149} INFO -   [celda 1] Librerias cargadas correctamente
[2026-03-16T20:48:28.395+0000] {logging_mixin.py:149} INFO -   Ejecutando celda 2/6...
[2026-03-16T20:48:28.399+0000] {logging_mixin.py:149} INFO -   [celda 2] Parametros: batch=5, group=4
[2026-03-16T20:48:28.399+0000] {logging_mixin.py:149} INFO -   Ejecutando celda 3/6...
[2026-03-16T20:48:28.422+0000] {logging_mixin.py:149} INFO -   [celda 3] Conectando a PostgreSQL en postgres:5432...
Datos cargados: 5810 filas
   elevation    aspect     slope  horizontal_distance_to_hydrology  \
0   0.618927  0.958333  0.254902                          0.043344   
1   0.951420  0.588889  0.470588                          0.819401   
2   0.630284  0.850000  0.450980                          0.196078   
3   0.658675  0.380556  0.235294                          0.309598   
4   0.131230  0.919444  0.549020                          0.187822   

   vertical_distance_to_hydrology  horizontal_distance_to_roadways  \
0                        0.292639                         0.233716   
1                        0.118492                         0.747890   
2                        0.335727                         0.563731   
3                        0.339318                         0.435404   
4                        0.547576                         0.045878   

   hillshade_9am  hillshade_noon  hillshade_3pm  \
0       0.763780        0.778481       0.657258   
1       0.751969        1.000000       0.754032   
2       0.590551        0.778481       0.834677   
3       0.937008        0.879747       0.508065   
4       0.566929        0.620253       0.737903   

   horizontal_distance_to_fire_points  wilderness_area_encoded  \
0                            0.535823                        1   
1                            0.613108                        2   
2                            0.341555                        1   
3                            0.288936                        1   
4                            0.154569                        0   

   soil_type_encoded  cover_type  
0                 17           0  
1                 26           0  
2                 17           1  
3                 22           1  
4                  6           2
[2026-03-16T20:48:28.424+0000] {logging_mixin.py:149} INFO -   [celda 3] /tmp/ipykernel_3970/3056758113.py:26: UserWarning: pandas only supports SQLAlchemy connectable (engine/connection) or database string URI or sqlite3 DBAPI2 connection. Other DBAPI2 objects are not tested. Please consider using SQLAlchemy.
  df = pd.read_sql(query, conn, params=(BATCH_NUMBER, GROUP_NUMBER))
[2026-03-16T20:48:28.424+0000] {logging_mixin.py:149} INFO -   Ejecutando celda 4/6...
[2026-03-16T20:48:28.430+0000] {logging_mixin.py:149} INFO -   [celda 4] Train: 4648 filas | Test: 1162 filas
[2026-03-16T20:48:28.430+0000] {logging_mixin.py:149} INFO -   Ejecutando celda 5/6...
[2026-03-16T20:48:28.591+0000] {logging_mixin.py:149} INFO -   [celda 5] Entrenando Random Forest...
Entrenamiento completado
Accuracy en test: 0.8649 (86.49%)
[2026-03-16T20:48:28.592+0000] {logging_mixin.py:149} INFO -   Ejecutando celda 6/6...
[2026-03-16T20:48:28.638+0000] {logging_mixin.py:149} INFO -   [celda 6] Conectando a MinIO en http://minio:9000...
[2026-03-16T20:48:28.691+0000] {logging_mixin.py:149} INFO -   [celda 6] Modelo guardado en MinIO: s3://models/group_4/batch_5_acc_0.8649_20260316_204828.pkl
Tamano: 11987.2 KB
Notebook completado exitosamente
[2026-03-16T20:48:28.693+0000] {logging_mixin.py:149} INFO - Todas las celdas ejecutadas exitosamente
[2026-03-16T20:48:28.916+0000] {logging_mixin.py:149} INFO - Kernel 80ddef45-d5a0-4728-8360-b794589623d3 eliminado
[2026-03-16T20:48:28.916+0000] {python.py:183} INFO - Done. Returned value was: None
[2026-03-16T20:48:28.920+0000] {taskinstance.py:1373} INFO - Marking task as SUCCESS. dag_id=dag_mlops_full_pipeline, task_id=trigger_jupyter, execution_date=20260316T204821, start_date=20260316T204826, end_date=20260316T204828
[2026-03-16T20:48:28.935+0000] {local_task_job_runner.py:232} INFO - Task exited with return code 0
[2026-03-16T20:48:28.946+0000] {taskinstance.py:2674} INFO - 1 downstream tasks scheduled from follow-on schedule check
