[2026-03-16T18:50:04.748+0000] {taskinstance.py:1125} INFO - Dependencies all met for dep_context=non-requeueable deps ti=<TaskInstance: dag_mlops_full_pipeline.trigger_jupyter scheduled__2026-03-16T18:45:00+00:00 [queued]>
[2026-03-16T18:50:04.751+0000] {taskinstance.py:1125} INFO - Dependencies all met for dep_context=requeueable deps ti=<TaskInstance: dag_mlops_full_pipeline.trigger_jupyter scheduled__2026-03-16T18:45:00+00:00 [queued]>
[2026-03-16T18:50:04.751+0000] {taskinstance.py:1331} INFO - Starting attempt 1 of 1
[2026-03-16T18:50:04.756+0000] {taskinstance.py:1350} INFO - Executing <Task(PythonOperator): trigger_jupyter> on 2026-03-16 18:45:00+00:00
[2026-03-16T18:50:04.758+0000] {standard_task_runner.py:57} INFO - Started process 25734 to run task
[2026-03-16T18:50:04.760+0000] {standard_task_runner.py:84} INFO - Running: ['***', 'tasks', 'run', 'dag_mlops_full_pipeline', 'trigger_jupyter', 'scheduled__2026-03-16T18:45:00+00:00', '--job-id', '318', '--raw', '--subdir', 'DAGS_FOLDER/dag2.py', '--cfg-path', '/tmp/tmpf17njncn']
[2026-03-16T18:50:04.760+0000] {standard_task_runner.py:85} INFO - Job 318: Subtask trigger_jupyter
[2026-03-16T18:50:04.778+0000] {task_command.py:410} INFO - Running <TaskInstance: dag_mlops_full_pipeline.trigger_jupyter scheduled__2026-03-16T18:45:00+00:00 [running]> on host 87aa27980d8e
[2026-03-16T18:50:04.807+0000] {taskinstance.py:1570} INFO - Exporting env vars: AIRFLOW_CTX_DAG_OWNER='***' AIRFLOW_CTX_DAG_ID='dag_mlops_full_pipeline' AIRFLOW_CTX_TASK_ID='trigger_jupyter' AIRFLOW_CTX_EXECUTION_DATE='2026-03-16T18:45:00+00:00' AIRFLOW_CTX_TRY_NUMBER='1' AIRFLOW_CTX_DAG_RUN_ID='scheduled__2026-03-16T18:45:00+00:00'
[2026-03-16T18:50:04.813+0000] {logging_mixin.py:149} INFO - Creando kernel en Jupyter...
[2026-03-16T18:50:04.829+0000] {logging_mixin.py:149} INFO - Kernel creado: 6ba99954-8c94-4f0c-84a7-03153ca3a6ef
[2026-03-16T18:50:04.829+0000] {logging_mixin.py:149} INFO - Conectando WebSocket...
[2026-03-16T18:50:04.984+0000] {logging_mixin.py:149} INFO - WebSocket conectado
[2026-03-16T18:50:04.984+0000] {logging_mixin.py:149} INFO - Esperando que el kernel este listo...
[2026-03-16T18:50:04.997+0000] {logging_mixin.py:149} INFO -   Estado kernel: busy
[2026-03-16T18:50:06.001+0000] {logging_mixin.py:149} INFO -   Estado kernel: busy
[2026-03-16T18:50:07.010+0000] {logging_mixin.py:149} INFO -   Estado kernel: idle
[2026-03-16T18:50:07.011+0000] {logging_mixin.py:149} INFO - Kernel listo
[2026-03-16T18:50:07.011+0000] {logging_mixin.py:149} INFO - Leyendo notebook train_model.ipynb...
[2026-03-16T18:50:07.024+0000] {logging_mixin.py:149} INFO - Inyectando parametros...
[2026-03-16T18:50:07.033+0000] {logging_mixin.py:149} INFO -   [celda 0] Parametros inyectados: batch=3, group=4
[2026-03-16T18:50:07.036+0000] {logging_mixin.py:149} INFO - Ejecutando 6 celdas del notebook...
[2026-03-16T18:50:07.036+0000] {logging_mixin.py:149} INFO -   Ejecutando celda 1/6...
[2026-03-16T18:50:07.516+0000] {logging_mixin.py:149} INFO -   [celda 1] Librerias cargadas correctamente
[2026-03-16T18:50:07.518+0000] {logging_mixin.py:149} INFO -   Ejecutando celda 2/6...
[2026-03-16T18:50:07.521+0000] {logging_mixin.py:149} INFO -   [celda 2] Parametros: batch=3, group=4
[2026-03-16T18:50:07.522+0000] {logging_mixin.py:149} INFO -   Ejecutando celda 3/6...
[2026-03-16T18:50:07.544+0000] {logging_mixin.py:149} INFO -   [celda 3] Conectando a PostgreSQL en postgres:5432...
Datos cargados: 5810 filas
   elevation    aspect     slope  horizontal_distance_to_hydrology  \
0   0.687817  0.572222  0.177778                          0.118421   
1   0.670685  0.425000  0.355556                          0.032895   
2   0.650381  0.286111  0.111111                          0.032895   
3   0.261421  0.675000  0.288889                          0.191886   
4   0.734772  0.405556  0.666667                          0.605263   

   vertical_distance_to_hydrology  horizontal_distance_to_roadways  \
0                        0.260952                         0.263744   
1                        0.285714                         0.284888   
2                        0.270476                         0.215224   
3                        0.350476                         0.078789   
4                        0.773333                         0.205431   

   hillshade_9am  hillshade_noon  hillshade_3pm  \
0       0.793651        0.959184       0.674699   
1       0.915344        0.897959       0.502008   
2       0.867725        0.857143       0.554217   
3       0.682540        0.972789       0.775100   
4       0.947090        0.768707       0.325301   

   horizontal_distance_to_fire_points  wilderness_area_encoded  \
0                            0.179749                        1   
1                            0.750348                        2   
2                            0.677891                        2   
3                            0.121691                        0   
4                            0.222945                        2   

   soil_type_encoded  cover_type  
0                 21           1  
1                 15           0  
2                 15           0  
3                  6           2  
4                 19           1
[2026-03-16T18:50:07.545+0000] {logging_mixin.py:149} INFO -   [celda 3] /tmp/ipykernel_2405/3056758113.py:26: UserWarning: pandas only supports SQLAlchemy connectable (engine/connection) or database string URI or sqlite3 DBAPI2 connection. Other DBAPI2 objects are not tested. Please consider using SQLAlchemy.
  df = pd.read_sql(query, conn, params=(BATCH_NUMBER, GROUP_NUMBER))
[2026-03-16T18:50:07.546+0000] {logging_mixin.py:149} INFO -   Ejecutando celda 4/6...
[2026-03-16T18:50:07.551+0000] {logging_mixin.py:149} INFO -   [celda 4] Train: 4648 filas | Test: 1162 filas
[2026-03-16T18:50:07.552+0000] {logging_mixin.py:149} INFO -   Ejecutando celda 5/6...
[2026-03-16T18:50:07.703+0000] {logging_mixin.py:149} INFO -   [celda 5] Entrenando Random Forest...
Entrenamiento completado
Accuracy en test: 0.8769 (87.69%)
[2026-03-16T18:50:07.706+0000] {logging_mixin.py:149} INFO -   Ejecutando celda 6/6...
[2026-03-16T18:50:07.751+0000] {logging_mixin.py:149} INFO -   [celda 6] Conectando a MinIO en http://minio:9000...
[2026-03-16T18:50:07.803+0000] {logging_mixin.py:149} INFO -   [celda 6] Modelo guardado en MinIO: s3://models/group_4/batch_3_acc_0.8769_20260316_185007.pkl
Tamano: 12480.4 KB
Notebook completado exitosamente
[2026-03-16T18:50:07.804+0000] {logging_mixin.py:149} INFO - Todas las celdas ejecutadas exitosamente
[2026-03-16T18:50:08.029+0000] {logging_mixin.py:149} INFO - Kernel 6ba99954-8c94-4f0c-84a7-03153ca3a6ef eliminado
[2026-03-16T18:50:08.030+0000] {python.py:183} INFO - Done. Returned value was: None
[2026-03-16T18:50:08.034+0000] {taskinstance.py:1373} INFO - Marking task as SUCCESS. dag_id=dag_mlops_full_pipeline, task_id=trigger_jupyter, execution_date=20260316T184500, start_date=20260316T185004, end_date=20260316T185008
[2026-03-16T18:50:08.058+0000] {local_task_job_runner.py:232} INFO - Task exited with return code 0
[2026-03-16T18:50:08.069+0000] {taskinstance.py:2674} INFO - 1 downstream tasks scheduled from follow-on schedule check
