[2026-03-16T16:15:40.266+0000] {taskinstance.py:1125} INFO - Dependencies all met for dep_context=non-requeueable deps ti=<TaskInstance: dag_mlops_full_pipeline.trigger_jupyter scheduled__2026-03-16T16:10:00+00:00 [queued]>
[2026-03-16T16:15:40.269+0000] {taskinstance.py:1125} INFO - Dependencies all met for dep_context=requeueable deps ti=<TaskInstance: dag_mlops_full_pipeline.trigger_jupyter scheduled__2026-03-16T16:10:00+00:00 [queued]>
[2026-03-16T16:15:40.269+0000] {taskinstance.py:1331} INFO - Starting attempt 1 of 1
[2026-03-16T16:15:40.274+0000] {taskinstance.py:1350} INFO - Executing <Task(PythonOperator): trigger_jupyter> on 2026-03-16 16:10:00+00:00
[2026-03-16T16:15:40.277+0000] {standard_task_runner.py:57} INFO - Started process 14031 to run task
[2026-03-16T16:15:40.278+0000] {standard_task_runner.py:84} INFO - Running: ['***', 'tasks', 'run', 'dag_mlops_full_pipeline', 'trigger_jupyter', 'scheduled__2026-03-16T16:10:00+00:00', '--job-id', '139', '--raw', '--subdir', 'DAGS_FOLDER/dag2.py', '--cfg-path', '/tmp/tmpym2buy8z']
[2026-03-16T16:15:40.279+0000] {standard_task_runner.py:85} INFO - Job 139: Subtask trigger_jupyter
[2026-03-16T16:15:40.296+0000] {task_command.py:410} INFO - Running <TaskInstance: dag_mlops_full_pipeline.trigger_jupyter scheduled__2026-03-16T16:10:00+00:00 [running]> on host 87aa27980d8e
[2026-03-16T16:15:40.326+0000] {taskinstance.py:1570} INFO - Exporting env vars: AIRFLOW_CTX_DAG_OWNER='***' AIRFLOW_CTX_DAG_ID='dag_mlops_full_pipeline' AIRFLOW_CTX_TASK_ID='trigger_jupyter' AIRFLOW_CTX_EXECUTION_DATE='2026-03-16T16:10:00+00:00' AIRFLOW_CTX_TRY_NUMBER='1' AIRFLOW_CTX_DAG_RUN_ID='scheduled__2026-03-16T16:10:00+00:00'
[2026-03-16T16:15:40.332+0000] {logging_mixin.py:149} INFO - Creando kernel en Jupyter...
[2026-03-16T16:15:40.349+0000] {logging_mixin.py:149} INFO - Kernel creado: ae78f1b8-0195-45bd-ac5e-5ae79bf86bbf
[2026-03-16T16:15:40.349+0000] {logging_mixin.py:149} INFO - Conectando WebSocket...
[2026-03-16T16:15:40.515+0000] {logging_mixin.py:149} INFO - WebSocket conectado
[2026-03-16T16:15:40.515+0000] {logging_mixin.py:149} INFO - Esperando que el kernel este listo...
[2026-03-16T16:15:40.533+0000] {logging_mixin.py:149} INFO -   Estado kernel: busy
[2026-03-16T16:15:41.541+0000] {logging_mixin.py:149} INFO -   Estado kernel: busy
[2026-03-16T16:15:42.545+0000] {logging_mixin.py:149} INFO -   Estado kernel: idle
[2026-03-16T16:15:42.546+0000] {logging_mixin.py:149} INFO - Kernel listo
[2026-03-16T16:15:42.546+0000] {logging_mixin.py:149} INFO - Leyendo notebook train_model.ipynb...
[2026-03-16T16:15:42.557+0000] {logging_mixin.py:149} INFO - Inyectando parametros...
[2026-03-16T16:15:42.564+0000] {logging_mixin.py:149} INFO -   [celda 0] Parametros inyectados: batch=1, group=4
[2026-03-16T16:15:42.566+0000] {logging_mixin.py:149} INFO - Ejecutando 6 celdas del notebook...
[2026-03-16T16:15:42.566+0000] {logging_mixin.py:149} INFO -   Ejecutando celda 1/6...
[2026-03-16T16:15:43.199+0000] {logging_mixin.py:149} INFO -   [celda 1] Librerias cargadas correctamente
[2026-03-16T16:15:43.200+0000] {logging_mixin.py:149} INFO -   Ejecutando celda 2/6...
[2026-03-16T16:15:43.207+0000] {logging_mixin.py:149} INFO -   [celda 2] Parametros: batch=1, group=4
[2026-03-16T16:15:43.207+0000] {logging_mixin.py:149} INFO -   Ejecutando celda 3/6...
[2026-03-16T16:15:43.233+0000] {logging_mixin.py:149} INFO -   [celda 3] Conectando a PostgreSQL en postgres:5432...
Datos cargados: 5810 filas
   elevation    aspect     slope  horizontal_distance_to_hydrology  \
0   0.227074  0.225000  0.346939                          0.032609   
1   0.648160  0.250000  0.081633                          0.322826   
2   0.562695  0.088889  0.551020                          0.163043   
3   0.676232  0.844444  0.387755                          0.352174   
4   0.877729  0.711111  0.469388                          0.195652   

   vertical_distance_to_hydrology  horizontal_distance_to_roadways  \
0                        0.248047                         0.155067   
1                        0.306641                         0.442801   
2                        0.341797                         0.226838   
3                        0.216797                         0.208134   
4                        0.365234                         0.453676   

   hillshade_9am  hillshade_noon  hillshade_3pm  \
0       0.930851        0.705128          0.368   
1       0.851064        0.865385          0.564   
2       0.723404        0.461538          0.360   
3       0.526596        0.826923          0.804   
4       0.510638        0.955128          0.880   

   horizontal_distance_to_fire_points  wilderness_area_encoded  \
0                            0.093633                        0   
1                            0.211610                        1   
2                            0.464888                        1   
3                            0.187266                        1   
4                            0.743914                        2   

   soil_type_encoded  cover_type  
0                  6           2  
1                 22           1  
2                 17           1  
3                 22           1  
4                 19           0
[2026-03-16T16:15:43.235+0000] {logging_mixin.py:149} INFO -   [celda 3] /tmp/ipykernel_326/3056758113.py:26: UserWarning: pandas only supports SQLAlchemy connectable (engine/connection) or database string URI or sqlite3 DBAPI2 connection. Other DBAPI2 objects are not tested. Please consider using SQLAlchemy.
  df = pd.read_sql(query, conn, params=(BATCH_NUMBER, GROUP_NUMBER))
[2026-03-16T16:15:43.235+0000] {logging_mixin.py:149} INFO -   Ejecutando celda 4/6...
[2026-03-16T16:15:43.243+0000] {logging_mixin.py:149} INFO -   [celda 4] Train: 4648 filas | Test: 1162 filas
[2026-03-16T16:15:43.243+0000] {logging_mixin.py:149} INFO -   Ejecutando celda 5/6...
[2026-03-16T16:15:43.402+0000] {logging_mixin.py:149} INFO -   [celda 5] Entrenando Random Forest...
[2026-03-16T16:15:43.438+0000] {logging_mixin.py:149} INFO -   [celda 5] Entrenamiento completado
Accuracy en test: 0.8511 (85.11%)
[2026-03-16T16:15:43.440+0000] {logging_mixin.py:149} INFO -   Ejecutando celda 6/6...
[2026-03-16T16:15:43.490+0000] {logging_mixin.py:149} INFO -   [celda 6] Conectando a MinIO en http://minio:9000...
[2026-03-16T16:15:43.561+0000] {logging_mixin.py:149} INFO -   [celda 6] Modelo guardado en MinIO: s3://models/group_4/batch_1_acc_0.8511_20260316_161543.pkl
Tamano: 12233.8 KB
Notebook completado exitosamente
[2026-03-16T16:15:43.563+0000] {logging_mixin.py:149} INFO - Todas las celdas ejecutadas exitosamente
[2026-03-16T16:15:43.889+0000] {logging_mixin.py:149} INFO - Kernel ae78f1b8-0195-45bd-ac5e-5ae79bf86bbf eliminado
[2026-03-16T16:15:43.889+0000] {python.py:183} INFO - Done. Returned value was: None
[2026-03-16T16:15:43.896+0000] {taskinstance.py:1373} INFO - Marking task as SUCCESS. dag_id=dag_mlops_full_pipeline, task_id=trigger_jupyter, execution_date=20260316T161000, start_date=20260316T161540, end_date=20260316T161543
[2026-03-16T16:15:43.929+0000] {local_task_job_runner.py:232} INFO - Task exited with return code 0
[2026-03-16T16:15:43.945+0000] {taskinstance.py:2674} INFO - 1 downstream tasks scheduled from follow-on schedule check
