[2026-03-17T01:48:06.444+0000] {taskinstance.py:1125} INFO - Dependencies all met for dep_context=non-requeueable deps ti=<TaskInstance: dag_mlops_full_pipeline.trigger_jupyter scheduled__2026-03-17T01:42:00+00:00 [queued]>
[2026-03-17T01:48:06.447+0000] {taskinstance.py:1125} INFO - Dependencies all met for dep_context=requeueable deps ti=<TaskInstance: dag_mlops_full_pipeline.trigger_jupyter scheduled__2026-03-17T01:42:00+00:00 [queued]>
[2026-03-17T01:48:06.447+0000] {taskinstance.py:1331} INFO - Starting attempt 1 of 1
[2026-03-17T01:48:06.451+0000] {taskinstance.py:1350} INFO - Executing <Task(PythonOperator): trigger_jupyter> on 2026-03-17 01:42:00+00:00
[2026-03-17T01:48:06.454+0000] {standard_task_runner.py:57} INFO - Started process 55431 to run task
[2026-03-17T01:48:06.456+0000] {standard_task_runner.py:84} INFO - Running: ['***', 'tasks', 'run', 'dag_mlops_full_pipeline', 'trigger_jupyter', 'scheduled__2026-03-17T01:42:00+00:00', '--job-id', '601', '--raw', '--subdir', 'DAGS_FOLDER/dag2.py', '--cfg-path', '/tmp/tmp3cahfa0v']
[2026-03-17T01:48:06.456+0000] {standard_task_runner.py:85} INFO - Job 601: Subtask trigger_jupyter
[2026-03-17T01:48:06.474+0000] {task_command.py:410} INFO - Running <TaskInstance: dag_mlops_full_pipeline.trigger_jupyter scheduled__2026-03-17T01:42:00+00:00 [running]> on host 87aa27980d8e
[2026-03-17T01:48:06.504+0000] {taskinstance.py:1570} INFO - Exporting env vars: AIRFLOW_CTX_DAG_OWNER='***' AIRFLOW_CTX_DAG_ID='dag_mlops_full_pipeline' AIRFLOW_CTX_TASK_ID='trigger_jupyter' AIRFLOW_CTX_EXECUTION_DATE='2026-03-17T01:42:00+00:00' AIRFLOW_CTX_TRY_NUMBER='1' AIRFLOW_CTX_DAG_RUN_ID='scheduled__2026-03-17T01:42:00+00:00'
[2026-03-17T01:48:06.510+0000] {logging_mixin.py:149} INFO - Creando kernel en Jupyter...
[2026-03-17T01:48:06.527+0000] {logging_mixin.py:149} INFO - Kernel creado: 76f9c51d-3861-4e9f-817b-a9f88a6a5f18
[2026-03-17T01:48:06.527+0000] {logging_mixin.py:149} INFO - Conectando WebSocket...
[2026-03-17T01:48:06.708+0000] {logging_mixin.py:149} INFO - WebSocket conectado
[2026-03-17T01:48:06.708+0000] {logging_mixin.py:149} INFO - Esperando que el kernel este listo...
[2026-03-17T01:48:06.721+0000] {logging_mixin.py:149} INFO -   Estado kernel: busy
[2026-03-17T01:48:07.724+0000] {logging_mixin.py:149} INFO -   Estado kernel: idle
[2026-03-17T01:48:07.724+0000] {logging_mixin.py:149} INFO - Kernel listo
[2026-03-17T01:48:07.725+0000] {logging_mixin.py:149} INFO - Leyendo notebook train_model.ipynb...
[2026-03-17T01:48:07.738+0000] {logging_mixin.py:149} INFO - Inyectando parametros...
[2026-03-17T01:48:07.747+0000] {logging_mixin.py:149} INFO -   [celda 0] Parametros inyectados: batch=6, group=4
[2026-03-17T01:48:07.750+0000] {logging_mixin.py:149} INFO - Ejecutando 7 celdas del notebook...
[2026-03-17T01:48:07.750+0000] {logging_mixin.py:149} INFO -   Ejecutando celda 1/7...
[2026-03-17T01:48:08.252+0000] {logging_mixin.py:149} INFO -   [celda 1] Librerias cargadas correctamente
[2026-03-17T01:48:08.254+0000] {logging_mixin.py:149} INFO -   Ejecutando celda 2/7...
[2026-03-17T01:48:08.257+0000] {logging_mixin.py:149} INFO -   [celda 2] Parametros: batch=6, group=4
[2026-03-17T01:48:08.297+0000] {logging_mixin.py:149} INFO -   Ejecutando celda 3/7...
[2026-03-17T01:48:08.314+0000] {logging_mixin.py:149} INFO -   [celda 3] Conectando a PostgreSQL en postgres:5432...
Datos cargados: 5810 filas
   elevation  aspect  slope  horizontal_distance_to_hydrology  \
0       2969     309     10                               295   
1       2709      50     16                                60   
2       2257     324     17                                60   
3       2895     159     13                               247   
4       2968       2     14                               630   

   vertical_distance_to_hydrology  horizontal_distance_to_roadways  \
0                              -3                             1833   
1                              -4                             2079   
2                              10                              845   
3                              72                             2099   
4                             132                             2630   

   hillshade_9am  hillshade_noon  hillshade_3pm  \
0            193             234            181   
1            225             204            108   
2            176             220            183   
3            233             242            137   
4            199             212            149   

   horizontal_distance_to_fire_points wilderness_area soil_type  cover_type  
0                                1816       Commanche     C7756           1  
1                                 256       Commanche     C7757           1  
2                                 437           Cache     C4703           2  
3                                 994       Commanche     C7756           4  
4                                1473       Commanche     C7756           0
[2026-03-17T01:48:08.316+0000] {logging_mixin.py:149} INFO -   [celda 3] /tmp/ipykernel_5724/1577938307.py:30: UserWarning: pandas only supports SQLAlchemy connectable (engine/connection) or database string URI or sqlite3 DBAPI2 connection. Other DBAPI2 objects are not tested. Please consider using SQLAlchemy.
  df = pd.read_sql(query, conn, params=(BATCH_NUMBER, GROUP_NUMBER))
[2026-03-17T01:48:08.316+0000] {logging_mixin.py:149} INFO -   Ejecutando celda 4/7...
[2026-03-17T01:48:08.322+0000] {logging_mixin.py:149} INFO -   [celda 4] Wilderness areas vistas: ['Cache', 'Commanche', 'Rawah']
Soil types vistos: ['C2702', 'C2703', 'C2704', 'C2705', 'C2706', 'C2717', 'C4703', 'C4704', 'C4758', 'C5101', 'C6101', 'C6102', 'C7101', 'C7102', 'C7201', 'C7202', 'C7700', 'C7710', 'C7745', 'C7746', 'C7755', 'C7756', 'C7757', 'C7790', 'C8771', 'C8772', 'C8776']
Preprocesamiento completado
[2026-03-17T01:48:08.323+0000] {logging_mixin.py:149} INFO -   Ejecutando celda 5/7...
[2026-03-17T01:48:08.329+0000] {logging_mixin.py:149} INFO -   [celda 5] Train: 4648 filas | Test: 1162 filas
[2026-03-17T01:48:08.329+0000] {logging_mixin.py:149} INFO -   Ejecutando celda 6/7...
[2026-03-17T01:48:08.455+0000] {logging_mixin.py:149} INFO -   [celda 6] Entrenando Random Forest...
[2026-03-17T01:48:08.488+0000] {logging_mixin.py:149} INFO -   [celda 6] Entrenamiento completado
Accuracy en test: 0.8589 (85.89%)
[2026-03-17T01:48:08.490+0000] {logging_mixin.py:149} INFO -   Ejecutando celda 7/7...
[2026-03-17T01:48:08.536+0000] {logging_mixin.py:149} INFO -   [celda 7] Conectando a MinIO en http://minio:9000...
[2026-03-17T01:48:08.593+0000] {logging_mixin.py:149} INFO -   [celda 7] Bundle guardado en MinIO: s3://models/group_4/batch_6_acc_0.8589_20260317_014808.pkl
Tamano: 11987.7 KB
Wilderness areas en el bundle: ['Cache', 'Commanche', 'Rawah']
Soil types en el bundle: 27 tipos
Notebook completado exitosamente
[2026-03-17T01:48:08.593+0000] {logging_mixin.py:149} INFO - Todas las celdas ejecutadas exitosamente
[2026-03-17T01:48:08.810+0000] {logging_mixin.py:149} INFO - Kernel 76f9c51d-3861-4e9f-817b-a9f88a6a5f18 eliminado
[2026-03-17T01:48:08.811+0000] {python.py:183} INFO - Done. Returned value was: None
[2026-03-17T01:48:08.815+0000] {taskinstance.py:1373} INFO - Marking task as SUCCESS. dag_id=dag_mlops_full_pipeline, task_id=trigger_jupyter, execution_date=20260317T014200, start_date=20260317T014806, end_date=20260317T014808
[2026-03-17T01:48:08.855+0000] {local_task_job_runner.py:232} INFO - Task exited with return code 0
[2026-03-17T01:48:08.866+0000] {taskinstance.py:2674} INFO - 1 downstream tasks scheduled from follow-on schedule check
