[2026-03-16T16:43:12.160+0000] {taskinstance.py:1125} INFO - Dependencies all met for dep_context=non-requeueable deps ti=<TaskInstance: dag_restart_data.drop_tables manual__2026-03-16T16:43:11.532480+00:00 [queued]>
[2026-03-16T16:43:12.163+0000] {taskinstance.py:1125} INFO - Dependencies all met for dep_context=requeueable deps ti=<TaskInstance: dag_restart_data.drop_tables manual__2026-03-16T16:43:11.532480+00:00 [queued]>
[2026-03-16T16:43:12.164+0000] {taskinstance.py:1331} INFO - Starting attempt 1 of 1
[2026-03-16T16:43:12.169+0000] {taskinstance.py:1350} INFO - Executing <Task(PythonOperator): drop_tables> on 2026-03-16 16:43:11.532480+00:00
[2026-03-16T16:43:12.170+0000] {standard_task_runner.py:57} INFO - Started process 16299 to run task
[2026-03-16T16:43:12.172+0000] {standard_task_runner.py:84} INFO - Running: ['***', 'tasks', 'run', 'dag_restart_data', 'drop_tables', 'manual__2026-03-16T16:43:11.532480+00:00', '--job-id', '186', '--raw', '--subdir', 'DAGS_FOLDER/dag_restart_data.py', '--cfg-path', '/tmp/tmpbepnkdyk']
[2026-03-16T16:43:12.173+0000] {standard_task_runner.py:85} INFO - Job 186: Subtask drop_tables
[2026-03-16T16:43:12.191+0000] {task_command.py:410} INFO - Running <TaskInstance: dag_restart_data.drop_tables manual__2026-03-16T16:43:11.532480+00:00 [running]> on host 87aa27980d8e
[2026-03-16T16:43:12.219+0000] {taskinstance.py:1570} INFO - Exporting env vars: AIRFLOW_CTX_DAG_OWNER='***' AIRFLOW_CTX_DAG_ID='dag_restart_data' AIRFLOW_CTX_TASK_ID='drop_tables' AIRFLOW_CTX_EXECUTION_DATE='2026-03-16T16:43:11.532480+00:00' AIRFLOW_CTX_TRY_NUMBER='1' AIRFLOW_CTX_DAG_RUN_ID='manual__2026-03-16T16:43:11.532480+00:00'
[2026-03-16T16:43:12.219+0000] {logging_mixin.py:149} INFO - Borrando tablas de PostgreSQL...
[2026-03-16T16:43:12.222+0000] {base.py:73} INFO - Using connection ID 'postgres_default' for task execution.
[2026-03-16T16:43:12.223+0000] {sql.py:375} INFO - Running statement: DROP TABLE IF EXISTS public.training_data_ready;, parameters: None
[2026-03-16T16:43:12.227+0000] {base.py:73} INFO - Using connection ID 'postgres_default' for task execution.
[2026-03-16T16:43:12.228+0000] {sql.py:375} INFO - Running statement: DROP TABLE IF EXISTS public.training_data_processed;, parameters: None
[2026-03-16T16:43:12.231+0000] {base.py:73} INFO - Using connection ID 'postgres_default' for task execution.
[2026-03-16T16:43:12.232+0000] {sql.py:375} INFO - Running statement: DROP TABLE IF EXISTS public.training_data;, parameters: None
[2026-03-16T16:43:12.233+0000] {logging_mixin.py:149} INFO - Tablas eliminadas:
[2026-03-16T16:43:12.233+0000] {logging_mixin.py:149} INFO -   - training_data_ready
[2026-03-16T16:43:12.233+0000] {logging_mixin.py:149} INFO -   - training_data_processed
[2026-03-16T16:43:12.233+0000] {logging_mixin.py:149} INFO -   - training_data
[2026-03-16T16:43:12.233+0000] {logging_mixin.py:149} INFO - Listo. Ya puedes activar el DAG principal para una nueva ronda de 10 batches.
[2026-03-16T16:43:12.233+0000] {python.py:183} INFO - Done. Returned value was: None
[2026-03-16T16:43:12.236+0000] {taskinstance.py:1373} INFO - Marking task as SUCCESS. dag_id=dag_restart_data, task_id=drop_tables, execution_date=20260316T164311, start_date=20260316T164312, end_date=20260316T164312
[2026-03-16T16:43:12.272+0000] {local_task_job_runner.py:232} INFO - Task exited with return code 0
[2026-03-16T16:43:12.280+0000] {taskinstance.py:2674} INFO - 0 downstream tasks scheduled from follow-on schedule check
