[2026-03-16T19:10:09.822+0000] {taskinstance.py:1125} INFO - Dependencies all met for dep_context=non-requeueable deps ti=<TaskInstance: dag_mlops_full_pipeline.verify_and_stop scheduled__2026-03-16T19:05:00+00:00 [queued]>
[2026-03-16T19:10:09.825+0000] {taskinstance.py:1125} INFO - Dependencies all met for dep_context=requeueable deps ti=<TaskInstance: dag_mlops_full_pipeline.verify_and_stop scheduled__2026-03-16T19:05:00+00:00 [queued]>
[2026-03-16T19:10:09.826+0000] {taskinstance.py:1331} INFO - Starting attempt 1 of 1
[2026-03-16T19:10:09.830+0000] {taskinstance.py:1350} INFO - Executing <Task(PythonOperator): verify_and_stop> on 2026-03-16 19:05:00+00:00
[2026-03-16T19:10:09.833+0000] {standard_task_runner.py:57} INFO - Started process 27266 to run task
[2026-03-16T19:10:09.834+0000] {standard_task_runner.py:84} INFO - Running: ['***', 'tasks', 'run', 'dag_mlops_full_pipeline', 'verify_and_stop', 'scheduled__2026-03-16T19:05:00+00:00', '--job-id', '339', '--raw', '--subdir', 'DAGS_FOLDER/dag2.py', '--cfg-path', '/tmp/tmplafxjihj']
[2026-03-16T19:10:09.835+0000] {standard_task_runner.py:85} INFO - Job 339: Subtask verify_and_stop
[2026-03-16T19:10:09.852+0000] {task_command.py:410} INFO - Running <TaskInstance: dag_mlops_full_pipeline.verify_and_stop scheduled__2026-03-16T19:05:00+00:00 [running]> on host 87aa27980d8e
[2026-03-16T19:10:09.881+0000] {taskinstance.py:1570} INFO - Exporting env vars: AIRFLOW_CTX_DAG_OWNER='***' AIRFLOW_CTX_DAG_ID='dag_mlops_full_pipeline' AIRFLOW_CTX_TASK_ID='verify_and_stop' AIRFLOW_CTX_EXECUTION_DATE='2026-03-16T19:05:00+00:00' AIRFLOW_CTX_TRY_NUMBER='1' AIRFLOW_CTX_DAG_RUN_ID='scheduled__2026-03-16T19:05:00+00:00'
[2026-03-16T19:10:10.015+0000] {logging_mixin.py:149} INFO - Modelo verificado: group_4/batch_5_acc_0.9277_20260316_191008.pkl (22568711 bytes)
[2026-03-16T19:10:10.020+0000] {crypto.py:83} WARNING - empty cryptography key - values will not be stored encrypted.
[2026-03-16T19:10:10.021+0000] {logging_mixin.py:149} INFO - Ejecucion 9/10 completada
[2026-03-16T19:10:10.021+0000] {logging_mixin.py:149} INFO - Faltan 1 ejecuciones. El DAG seguira corriendo.
[2026-03-16T19:10:10.021+0000] {python.py:183} INFO - Done. Returned value was: None
[2026-03-16T19:10:10.024+0000] {taskinstance.py:1373} INFO - Marking task as SUCCESS. dag_id=dag_mlops_full_pipeline, task_id=verify_and_stop, execution_date=20260316T190500, start_date=20260316T191009, end_date=20260316T191010
[2026-03-16T19:10:10.058+0000] {local_task_job_runner.py:232} INFO - Task exited with return code 0
[2026-03-16T19:10:10.066+0000] {taskinstance.py:2674} INFO - 0 downstream tasks scheduled from follow-on schedule check
[2026-03-16T19:14:18.844+0000] {taskinstance.py:1125} INFO - Dependencies all met for dep_context=non-requeueable deps ti=<TaskInstance: dag_mlops_full_pipeline.verify_and_stop scheduled__2026-03-16T19:05:00+00:00 [queued]>
[2026-03-16T19:14:18.848+0000] {taskinstance.py:1125} INFO - Dependencies all met for dep_context=requeueable deps ti=<TaskInstance: dag_mlops_full_pipeline.verify_and_stop scheduled__2026-03-16T19:05:00+00:00 [queued]>
[2026-03-16T19:14:18.848+0000] {taskinstance.py:1331} INFO - Starting attempt 1 of 1
[2026-03-16T19:14:18.853+0000] {taskinstance.py:1350} INFO - Executing <Task(PythonOperator): verify_and_stop> on 2026-03-16 19:05:00+00:00
[2026-03-16T19:14:18.856+0000] {standard_task_runner.py:57} INFO - Started process 27586 to run task
[2026-03-16T19:14:18.857+0000] {standard_task_runner.py:84} INFO - Running: ['***', 'tasks', 'run', 'dag_mlops_full_pipeline', 'verify_and_stop', 'scheduled__2026-03-16T19:05:00+00:00', '--job-id', '346', '--raw', '--subdir', 'DAGS_FOLDER/dag2.py', '--cfg-path', '/tmp/tmp2vf7llkw']
[2026-03-16T19:14:18.858+0000] {standard_task_runner.py:85} INFO - Job 346: Subtask verify_and_stop
[2026-03-16T19:14:18.879+0000] {task_command.py:410} INFO - Running <TaskInstance: dag_mlops_full_pipeline.verify_and_stop scheduled__2026-03-16T19:05:00+00:00 [running]> on host 87aa27980d8e
[2026-03-16T19:14:18.910+0000] {taskinstance.py:1570} INFO - Exporting env vars: AIRFLOW_CTX_DAG_OWNER='***' AIRFLOW_CTX_DAG_ID='dag_mlops_full_pipeline' AIRFLOW_CTX_TASK_ID='verify_and_stop' AIRFLOW_CTX_EXECUTION_DATE='2026-03-16T19:05:00+00:00' AIRFLOW_CTX_TRY_NUMBER='1' AIRFLOW_CTX_DAG_RUN_ID='scheduled__2026-03-16T19:05:00+00:00'
[2026-03-16T19:14:19.061+0000] {logging_mixin.py:149} INFO - Modelo verificado: group_4/batch_1_acc_0.9355_20260316_183507.pkl (22034471 bytes)
[2026-03-16T19:14:19.066+0000] {crypto.py:83} WARNING - empty cryptography key - values will not be stored encrypted.
[2026-03-16T19:14:19.067+0000] {logging_mixin.py:149} INFO - Ejecucion 10/10 completada
[2026-03-16T19:14:19.069+0000] {logging_mixin.py:149} INFO - Se completaron 10 ejecuciones. Pausando el DAG...
[2026-03-16T19:14:19.080+0000] {logging_mixin.py:149} INFO - DAG 'dag_mlops_full_pipeline' pausado. Para una nueva ronda corre dag_restart_data y activa el toggle.
[2026-03-16T19:14:19.081+0000] {python.py:183} INFO - Done. Returned value was: None
[2026-03-16T19:14:19.084+0000] {taskinstance.py:1373} INFO - Marking task as SUCCESS. dag_id=dag_mlops_full_pipeline, task_id=verify_and_stop, execution_date=20260316T190500, start_date=20260316T191418, end_date=20260316T191419
[2026-03-16T19:14:19.120+0000] {local_task_job_runner.py:232} INFO - Task exited with return code 0
[2026-03-16T19:14:19.128+0000] {taskinstance.py:2674} INFO - 0 downstream tasks scheduled from follow-on schedule check
