[2026-03-17T02:00:05.484+0000] {taskinstance.py:1125} INFO - Dependencies all met for dep_context=non-requeueable deps ti=<TaskInstance: dag_mlops_full_pipeline.trigger_jupyter scheduled__2026-03-17T01:55:00+00:00 [queued]>
[2026-03-17T02:00:05.487+0000] {taskinstance.py:1125} INFO - Dependencies all met for dep_context=requeueable deps ti=<TaskInstance: dag_mlops_full_pipeline.trigger_jupyter scheduled__2026-03-17T01:55:00+00:00 [queued]>
[2026-03-17T02:00:05.487+0000] {taskinstance.py:1331} INFO - Starting attempt 1 of 1
[2026-03-17T02:00:05.492+0000] {taskinstance.py:1350} INFO - Executing <Task(PythonOperator): trigger_jupyter> on 2026-03-17 01:55:00+00:00
[2026-03-17T02:00:05.494+0000] {standard_task_runner.py:57} INFO - Started process 56357 to run task
[2026-03-17T02:00:05.496+0000] {standard_task_runner.py:84} INFO - Running: ['***', 'tasks', 'run', 'dag_mlops_full_pipeline', 'trigger_jupyter', 'scheduled__2026-03-17T01:55:00+00:00', '--job-id', '625', '--raw', '--subdir', 'DAGS_FOLDER/dag2.py', '--cfg-path', '/tmp/tmpldo6rm9z']
[2026-03-17T02:00:05.496+0000] {standard_task_runner.py:85} INFO - Job 625: Subtask trigger_jupyter
[2026-03-17T02:00:05.513+0000] {task_command.py:410} INFO - Running <TaskInstance: dag_mlops_full_pipeline.trigger_jupyter scheduled__2026-03-17T01:55:00+00:00 [running]> on host 87aa27980d8e
[2026-03-17T02:00:05.544+0000] {taskinstance.py:1570} INFO - Exporting env vars: AIRFLOW_CTX_DAG_OWNER='***' AIRFLOW_CTX_DAG_ID='dag_mlops_full_pipeline' AIRFLOW_CTX_TASK_ID='trigger_jupyter' AIRFLOW_CTX_EXECUTION_DATE='2026-03-17T01:55:00+00:00' AIRFLOW_CTX_TRY_NUMBER='1' AIRFLOW_CTX_DAG_RUN_ID='scheduled__2026-03-17T01:55:00+00:00'
[2026-03-17T02:00:05.550+0000] {logging_mixin.py:149} INFO - Creando kernel en Jupyter...
[2026-03-17T02:00:05.567+0000] {logging_mixin.py:149} INFO - Kernel creado: 8791dcb1-fbb0-4ed1-ba8e-e7a2edb923d5
[2026-03-17T02:00:05.567+0000] {logging_mixin.py:149} INFO - Conectando WebSocket...
[2026-03-17T02:00:05.752+0000] {logging_mixin.py:149} INFO - WebSocket conectado
[2026-03-17T02:00:05.752+0000] {logging_mixin.py:149} INFO - Esperando que el kernel este listo...
[2026-03-17T02:00:05.769+0000] {logging_mixin.py:149} INFO -   Estado kernel: busy
[2026-03-17T02:00:06.776+0000] {logging_mixin.py:149} INFO -   Estado kernel: busy
[2026-03-17T02:00:07.782+0000] {logging_mixin.py:149} INFO -   Estado kernel: idle
[2026-03-17T02:00:07.783+0000] {logging_mixin.py:149} INFO - Kernel listo
[2026-03-17T02:00:07.784+0000] {logging_mixin.py:149} INFO - Leyendo notebook train_model.ipynb...
[2026-03-17T02:00:07.801+0000] {logging_mixin.py:149} INFO - Inyectando parametros...
[2026-03-17T02:00:07.809+0000] {logging_mixin.py:149} INFO -   [celda 0] Parametros inyectados: batch=1, group=4
[2026-03-17T02:00:07.811+0000] {logging_mixin.py:149} INFO - Ejecutando 7 celdas del notebook...
[2026-03-17T02:00:07.811+0000] {logging_mixin.py:149} INFO -   Ejecutando celda 1/7...
[2026-03-17T02:00:08.334+0000] {logging_mixin.py:149} INFO -   [celda 1] Librerias cargadas correctamente
[2026-03-17T02:00:08.335+0000] {logging_mixin.py:149} INFO -   Ejecutando celda 2/7...
[2026-03-17T02:00:08.338+0000] {logging_mixin.py:149} INFO -   [celda 2] Parametros: batch=1, group=4
[2026-03-17T02:00:08.378+0000] {logging_mixin.py:149} INFO -   Ejecutando celda 3/7...
[2026-03-17T02:00:08.430+0000] {logging_mixin.py:149} INFO -   [celda 3] Conectando a PostgreSQL en postgres:5432...
Datos cargados: 11620 filas
   elevation  aspect  slope  horizontal_distance_to_hydrology  \
0       2263     330     16                                30   
1       2265     354     30                                90   
2       3057     199     18                               270   
3       2866     341     18                               362   
4       2329      50     12                               150   

   vertical_distance_to_hydrology  horizontal_distance_to_roadways  \
0                               8                              781   
1                              20                              150   
2                             -18                              685   
3                              -1                              934   
4                              45                              564   

   hillshade_9am  hillshade_noon  hillshade_3pm  \
0            180             219            177   
1            156             173            145   
2            211             253            170   
3            180             211            168   
4            225             214            121   

   horizontal_distance_to_fire_points wilderness_area soil_type  cover_type  
0                                 513           Cache     C4703           2  
1                                 849           Cache     C4703           1  
2                                1532           Rawah     C7746           1  
3                                 552       Commanche     C7756           1  
4                                 721           Cache     C2705           2
[2026-03-17T02:00:08.431+0000] {logging_mixin.py:149} INFO -   [celda 3] /tmp/ipykernel_5973/1577938307.py:30: UserWarning: pandas only supports SQLAlchemy connectable (engine/connection) or database string URI or sqlite3 DBAPI2 connection. Other DBAPI2 objects are not tested. Please consider using SQLAlchemy.
  df = pd.read_sql(query, conn, params=(BATCH_NUMBER, GROUP_NUMBER))
[2026-03-17T02:00:08.431+0000] {logging_mixin.py:149} INFO -   Ejecutando celda 4/7...
[2026-03-17T02:00:08.439+0000] {logging_mixin.py:149} INFO -   [celda 4] Wilderness areas vistas: ['Cache', 'Commanche', 'Rawah']
Soil types vistos: ['C2702', 'C2703', 'C2704', 'C2705', 'C2706', 'C2717', 'C4703', 'C4704', 'C4758', 'C5101', 'C5151', 'C6101', 'C6102', 'C7101', 'C7102', 'C7201', 'C7202', 'C7700', 'C7710', 'C7745', 'C7746', 'C7755', 'C7756', 'C7757', 'C7790', 'C8771', 'C8772', 'C8776']
Preprocesamiento completado
[2026-03-17T02:00:08.439+0000] {logging_mixin.py:149} INFO -   Ejecutando celda 5/7...
[2026-03-17T02:00:08.446+0000] {logging_mixin.py:149} INFO -   [celda 5] Train: 9296 filas | Test: 2324 filas
[2026-03-17T02:00:08.446+0000] {logging_mixin.py:149} INFO -   Ejecutando celda 6/7...
[2026-03-17T02:00:08.538+0000] {logging_mixin.py:149} INFO -   [celda 6] Entrenando Random Forest...
[2026-03-17T02:00:08.707+0000] {logging_mixin.py:149} INFO -   [celda 6] Entrenamiento completado
Accuracy en test: 0.8946 (89.46%)
[2026-03-17T02:00:08.708+0000] {logging_mixin.py:149} INFO -   Ejecutando celda 7/7...
[2026-03-17T02:00:08.807+0000] {logging_mixin.py:149} INFO -   [celda 7] Conectando a MinIO en http://minio:9000...
Bundle guardado en MinIO: s3://models/group_4/batch_1_acc_0.8946_20260317_020008.pkl
Tamano: 18490.8 KB
Wilderness areas en el bundle: ['Cache', 'Commanche', 'Rawah']
Soil types en el bundle: 28 tipos
Notebook completado exitosamente
[2026-03-17T02:00:08.808+0000] {logging_mixin.py:149} INFO - Todas las celdas ejecutadas exitosamente
[2026-03-17T02:00:09.031+0000] {logging_mixin.py:149} INFO - Kernel 8791dcb1-fbb0-4ed1-ba8e-e7a2edb923d5 eliminado
[2026-03-17T02:00:09.031+0000] {python.py:183} INFO - Done. Returned value was: None
[2026-03-17T02:00:09.036+0000] {taskinstance.py:1373} INFO - Marking task as SUCCESS. dag_id=dag_mlops_full_pipeline, task_id=trigger_jupyter, execution_date=20260317T015500, start_date=20260317T020005, end_date=20260317T020009
[2026-03-17T02:00:09.085+0000] {local_task_job_runner.py:232} INFO - Task exited with return code 0
[2026-03-17T02:00:09.097+0000] {taskinstance.py:2674} INFO - 0 downstream tasks scheduled from follow-on schedule check
