[2026-03-17T01:24:06.160+0000] {taskinstance.py:1125} INFO - Dependencies all met for dep_context=non-requeueable deps ti=<TaskInstance: dag_mlops_full_pipeline.trigger_jupyter scheduled__2026-03-17T01:18:00+00:00 [queued]>
[2026-03-17T01:24:06.163+0000] {taskinstance.py:1125} INFO - Dependencies all met for dep_context=requeueable deps ti=<TaskInstance: dag_mlops_full_pipeline.trigger_jupyter scheduled__2026-03-17T01:18:00+00:00 [queued]>
[2026-03-17T01:24:06.163+0000] {taskinstance.py:1331} INFO - Starting attempt 1 of 1
[2026-03-17T01:24:06.168+0000] {taskinstance.py:1350} INFO - Executing <Task(PythonOperator): trigger_jupyter> on 2026-03-17 01:18:00+00:00
[2026-03-17T01:24:06.171+0000] {standard_task_runner.py:57} INFO - Started process 53680 to run task
[2026-03-17T01:24:06.172+0000] {standard_task_runner.py:84} INFO - Running: ['***', 'tasks', 'run', 'dag_mlops_full_pipeline', 'trigger_jupyter', 'scheduled__2026-03-17T01:18:00+00:00', '--job-id', '581', '--raw', '--subdir', 'DAGS_FOLDER/dag2.py', '--cfg-path', '/tmp/tmpub202w6y']
[2026-03-17T01:24:06.173+0000] {standard_task_runner.py:85} INFO - Job 581: Subtask trigger_jupyter
[2026-03-17T01:24:06.191+0000] {task_command.py:410} INFO - Running <TaskInstance: dag_mlops_full_pipeline.trigger_jupyter scheduled__2026-03-17T01:18:00+00:00 [running]> on host 87aa27980d8e
[2026-03-17T01:24:06.221+0000] {taskinstance.py:1570} INFO - Exporting env vars: AIRFLOW_CTX_DAG_OWNER='***' AIRFLOW_CTX_DAG_ID='dag_mlops_full_pipeline' AIRFLOW_CTX_TASK_ID='trigger_jupyter' AIRFLOW_CTX_EXECUTION_DATE='2026-03-17T01:18:00+00:00' AIRFLOW_CTX_TRY_NUMBER='1' AIRFLOW_CTX_DAG_RUN_ID='scheduled__2026-03-17T01:18:00+00:00'
[2026-03-17T01:24:06.227+0000] {logging_mixin.py:149} INFO - Creando kernel en Jupyter...
[2026-03-17T01:24:06.243+0000] {logging_mixin.py:149} INFO - Kernel creado: 46a35ddd-6902-410e-958d-72dd4e608db5
[2026-03-17T01:24:06.244+0000] {logging_mixin.py:149} INFO - Conectando WebSocket...
[2026-03-17T01:24:06.397+0000] {logging_mixin.py:149} INFO - WebSocket conectado
[2026-03-17T01:24:06.398+0000] {logging_mixin.py:149} INFO - Esperando que el kernel este listo...
[2026-03-17T01:24:06.415+0000] {logging_mixin.py:149} INFO -   Estado kernel: busy
[2026-03-17T01:24:07.418+0000] {logging_mixin.py:149} INFO -   Estado kernel: busy
[2026-03-17T01:24:08.426+0000] {logging_mixin.py:149} INFO -   Estado kernel: idle
[2026-03-17T01:24:08.427+0000] {logging_mixin.py:149} INFO - Kernel listo
[2026-03-17T01:24:08.427+0000] {logging_mixin.py:149} INFO - Leyendo notebook train_model.ipynb...
[2026-03-17T01:24:08.441+0000] {logging_mixin.py:149} INFO - Inyectando parametros...
[2026-03-17T01:24:08.450+0000] {logging_mixin.py:149} INFO -   [celda 0] Parametros inyectados: batch=2, group=4
[2026-03-17T01:24:08.453+0000] {logging_mixin.py:149} INFO - Ejecutando 7 celdas del notebook...
[2026-03-17T01:24:08.453+0000] {logging_mixin.py:149} INFO -   Ejecutando celda 1/7...
[2026-03-17T01:24:08.942+0000] {logging_mixin.py:149} INFO -   [celda 1] Librerias cargadas correctamente
[2026-03-17T01:24:08.943+0000] {logging_mixin.py:149} INFO -   Ejecutando celda 2/7...
[2026-03-17T01:24:08.946+0000] {logging_mixin.py:149} INFO -   [celda 2] Parametros: batch=2, group=4
[2026-03-17T01:24:08.987+0000] {logging_mixin.py:149} INFO -   Ejecutando celda 3/7...
[2026-03-17T01:24:09.036+0000] {logging_mixin.py:149} INFO -   [celda 3] Conectando a PostgreSQL en postgres:5432...
Datos cargados: 11620 filas
   elevation  aspect  slope  horizontal_distance_to_hydrology  \
0       2835     115     26                                90   
1       2992     338     16                                42   
2       2981       7     11                               601   
3       3155      79     17                               849   
4       2955     358     22                               127   

   vertical_distance_to_hydrology  horizontal_distance_to_roadways  \
0                              34                               95   
1                               5                              481   
2                              92                             2581   
3                              50                              924   
4                              22                              658   

   hillshade_9am  hillshade_noon  hillshade_3pm  \
0            254             204             61   
1            184             216            170   
2            206             217            148   
3            240             207             92   
4            181             194            146   

   horizontal_distance_to_fire_points wilderness_area soil_type  cover_type  
0                                 981           Rawah     C7746           1  
1                                1142       Commanche     C7700           1  
2                                1535       Commanche     C7756           0  
3                                1740           Rawah     C7745           1  
4                                1836       Commanche     C7700           0
[2026-03-17T01:24:09.037+0000] {logging_mixin.py:149} INFO -   [celda 3] /tmp/ipykernel_5473/1577938307.py:30: UserWarning: pandas only supports SQLAlchemy connectable (engine/connection) or database string URI or sqlite3 DBAPI2 connection. Other DBAPI2 objects are not tested. Please consider using SQLAlchemy.
  df = pd.read_sql(query, conn, params=(BATCH_NUMBER, GROUP_NUMBER))
[2026-03-17T01:24:09.037+0000] {logging_mixin.py:149} INFO -   Ejecutando celda 4/7...
[2026-03-17T01:24:09.045+0000] {logging_mixin.py:149} INFO -   [celda 4] Wilderness areas vistas: ['Cache', 'Commanche', 'Rawah']
Soil types vistos: ['C2702', 'C2703', 'C2704', 'C2705', 'C2706', 'C2717', 'C4703', 'C4704', 'C4758', 'C5101', 'C6101', 'C6102', 'C7101', 'C7102', 'C7201', 'C7202', 'C7700', 'C7710', 'C7745', 'C7746', 'C7755', 'C7756', 'C7757', 'C7790', 'C8771', 'C8772', 'C8776']
Preprocesamiento completado
[2026-03-17T01:24:09.045+0000] {logging_mixin.py:149} INFO -   Ejecutando celda 5/7...
[2026-03-17T01:24:09.053+0000] {logging_mixin.py:149} INFO -   [celda 5] Train: 9296 filas | Test: 2324 filas
[2026-03-17T01:24:09.053+0000] {logging_mixin.py:149} INFO -   Ejecutando celda 6/7...
[2026-03-17T01:24:09.145+0000] {logging_mixin.py:149} INFO -   [celda 6] Entrenando Random Forest...
[2026-03-17T01:24:09.247+0000] {logging_mixin.py:149} INFO -   [celda 6] Entrenamiento completado
Accuracy en test: 0.9105 (91.05%)
[2026-03-17T01:24:09.249+0000] {logging_mixin.py:149} INFO -   Ejecutando celda 7/7...
[2026-03-17T01:24:09.296+0000] {logging_mixin.py:149} INFO -   [celda 7] Conectando a MinIO en http://minio:9000...
[2026-03-17T01:24:09.342+0000] {logging_mixin.py:149} INFO -   [celda 7] Bundle guardado en MinIO: s3://models/group_4/batch_2_acc_0.9105_20260317_012409.pkl
Tamano: 18882.2 KB
Wilderness areas en el bundle: ['Cache', 'Commanche', 'Rawah']
Soil types en el bundle: 27 tipos
Notebook completado exitosamente
[2026-03-17T01:24:09.343+0000] {logging_mixin.py:149} INFO - Todas las celdas ejecutadas exitosamente
[2026-03-17T01:24:09.570+0000] {logging_mixin.py:149} INFO - Kernel 46a35ddd-6902-410e-958d-72dd4e608db5 eliminado
[2026-03-17T01:24:09.570+0000] {python.py:183} INFO - Done. Returned value was: None
[2026-03-17T01:24:09.575+0000] {taskinstance.py:1373} INFO - Marking task as SUCCESS. dag_id=dag_mlops_full_pipeline, task_id=trigger_jupyter, execution_date=20260317T011800, start_date=20260317T012406, end_date=20260317T012409
[2026-03-17T01:24:09.610+0000] {local_task_job_runner.py:232} INFO - Task exited with return code 0
[2026-03-17T01:24:09.622+0000] {taskinstance.py:2674} INFO - 1 downstream tasks scheduled from follow-on schedule check
