[2026-03-16T19:50:05.437+0000] {taskinstance.py:1125} INFO - Dependencies all met for dep_context=non-requeueable deps ti=<TaskInstance: dag_mlops_full_pipeline.trigger_jupyter scheduled__2026-03-16T19:45:00+00:00 [queued]>
[2026-03-16T19:50:05.440+0000] {taskinstance.py:1125} INFO - Dependencies all met for dep_context=requeueable deps ti=<TaskInstance: dag_mlops_full_pipeline.trigger_jupyter scheduled__2026-03-16T19:45:00+00:00 [queued]>
[2026-03-16T19:50:05.440+0000] {taskinstance.py:1331} INFO - Starting attempt 1 of 1
[2026-03-16T19:50:05.445+0000] {taskinstance.py:1350} INFO - Executing <Task(PythonOperator): trigger_jupyter> on 2026-03-16 19:45:00+00:00
[2026-03-16T19:50:05.447+0000] {standard_task_runner.py:57} INFO - Started process 30318 to run task
[2026-03-16T19:50:05.449+0000] {standard_task_runner.py:84} INFO - Running: ['***', 'tasks', 'run', 'dag_mlops_full_pipeline', 'trigger_jupyter', 'scheduled__2026-03-16T19:45:00+00:00', '--job-id', '387', '--raw', '--subdir', 'DAGS_FOLDER/dag2.py', '--cfg-path', '/tmp/tmp24m9fu6t']
[2026-03-16T19:50:05.450+0000] {standard_task_runner.py:85} INFO - Job 387: Subtask trigger_jupyter
[2026-03-16T19:50:05.466+0000] {task_command.py:410} INFO - Running <TaskInstance: dag_mlops_full_pipeline.trigger_jupyter scheduled__2026-03-16T19:45:00+00:00 [running]> on host 87aa27980d8e
[2026-03-16T19:50:05.495+0000] {taskinstance.py:1570} INFO - Exporting env vars: AIRFLOW_CTX_DAG_OWNER='***' AIRFLOW_CTX_DAG_ID='dag_mlops_full_pipeline' AIRFLOW_CTX_TASK_ID='trigger_jupyter' AIRFLOW_CTX_EXECUTION_DATE='2026-03-16T19:45:00+00:00' AIRFLOW_CTX_TRY_NUMBER='1' AIRFLOW_CTX_DAG_RUN_ID='scheduled__2026-03-16T19:45:00+00:00'
[2026-03-16T19:50:05.500+0000] {logging_mixin.py:149} INFO - Creando kernel en Jupyter...
[2026-03-16T19:50:05.519+0000] {logging_mixin.py:149} INFO - Kernel creado: 50847015-2474-4e5f-b8e2-b7a65fb73d74
[2026-03-16T19:50:05.519+0000] {logging_mixin.py:149} INFO - Conectando WebSocket...
[2026-03-16T19:50:05.800+0000] {logging_mixin.py:149} INFO - WebSocket conectado
[2026-03-16T19:50:05.800+0000] {logging_mixin.py:149} INFO - Esperando que el kernel este listo...
[2026-03-16T19:50:05.812+0000] {logging_mixin.py:149} INFO -   Estado kernel: busy
[2026-03-16T19:50:06.817+0000] {logging_mixin.py:149} INFO -   Estado kernel: idle
[2026-03-16T19:50:06.817+0000] {logging_mixin.py:149} INFO - Kernel listo
[2026-03-16T19:50:06.818+0000] {logging_mixin.py:149} INFO - Leyendo notebook train_model.ipynb...
[2026-03-16T19:50:06.829+0000] {logging_mixin.py:149} INFO - Inyectando parametros...
[2026-03-16T19:50:06.837+0000] {logging_mixin.py:149} INFO -   [celda 0] Parametros inyectados: batch=4, group=4
[2026-03-16T19:50:06.839+0000] {logging_mixin.py:149} INFO - Ejecutando 6 celdas del notebook...
[2026-03-16T19:50:06.839+0000] {logging_mixin.py:149} INFO -   Ejecutando celda 1/6...
[2026-03-16T19:50:07.320+0000] {logging_mixin.py:149} INFO -   [celda 1] Librerias cargadas correctamente
[2026-03-16T19:50:07.322+0000] {logging_mixin.py:149} INFO -   Ejecutando celda 2/6...
[2026-03-16T19:50:07.325+0000] {logging_mixin.py:149} INFO -   [celda 2] Parametros: batch=4, group=4
[2026-03-16T19:50:07.326+0000] {logging_mixin.py:149} INFO -   Ejecutando celda 3/6...
[2026-03-16T19:50:07.349+0000] {logging_mixin.py:149} INFO -   [celda 3] Conectando a PostgreSQL en postgres:5432...
Datos cargados: 5810 filas
   elevation    aspect     slope  horizontal_distance_to_hydrology  \
0   0.248731  0.916667  0.784314                          0.166304   
1   0.348985  0.247222  0.215686                          0.254348   
2   0.196066  0.888889  0.784314                          0.163043   
3   0.288071  0.547222  0.313725                          0.234783   
4   0.730330  0.194444  0.156863                          0.000000   

   vertical_distance_to_hydrology  horizontal_distance_to_roadways  \
0                        0.465729                         0.283537   
1                        0.393673                         0.049652   
2                        0.381371                         0.241725   
3                        0.395431                         0.205139   
4                        0.274165                         0.032666   

   hillshade_9am  hillshade_noon  hillshade_3pm  \
0       0.397638        0.363014       0.730924   
1       0.929134        0.787671       0.469880   
2       0.366142        0.424658       0.807229   
3       0.842520        0.986301       0.674699   
4       0.901575        0.801370       0.518072   

   horizontal_distance_to_fire_points  wilderness_area_encoded  \
0                            0.291736                        0   
1                            0.108454                        0   
2                            0.263320                        0   
3                            0.172152                        0   
4                            0.260242                        1   

   soil_type_encoded  cover_type  
0                  6           2  
1                  1           2  
2                  6           2  
3                  5           2  
4                 22           1
[2026-03-16T19:50:07.351+0000] {logging_mixin.py:149} INFO -   [celda 3] /tmp/ipykernel_3218/3056758113.py:26: UserWarning: pandas only supports SQLAlchemy connectable (engine/connection) or database string URI or sqlite3 DBAPI2 connection. Other DBAPI2 objects are not tested. Please consider using SQLAlchemy.
  df = pd.read_sql(query, conn, params=(BATCH_NUMBER, GROUP_NUMBER))
[2026-03-16T19:50:07.351+0000] {logging_mixin.py:149} INFO -   Ejecutando celda 4/6...
[2026-03-16T19:50:07.357+0000] {logging_mixin.py:149} INFO -   [celda 4] Train: 4648 filas | Test: 1162 filas
[2026-03-16T19:50:07.357+0000] {logging_mixin.py:149} INFO -   Ejecutando celda 5/6...
[2026-03-16T19:50:07.521+0000] {logging_mixin.py:149} INFO -   [celda 5] Entrenando Random Forest...
Entrenamiento completado
Accuracy en test: 0.8571 (85.71%)
[2026-03-16T19:50:07.523+0000] {logging_mixin.py:149} INFO -   Ejecutando celda 6/6...
[2026-03-16T19:50:07.569+0000] {logging_mixin.py:149} INFO -   [celda 6] Conectando a MinIO en http://minio:9000...
[2026-03-16T19:50:07.631+0000] {logging_mixin.py:149} INFO -   [celda 6] Modelo guardado en MinIO: s3://models/group_4/batch_4_acc_0.8571_20260316_195007.pkl
Tamano: 11752.2 KB
Notebook completado exitosamente
[2026-03-16T19:50:07.632+0000] {logging_mixin.py:149} INFO - Todas las celdas ejecutadas exitosamente
[2026-03-16T19:50:07.851+0000] {logging_mixin.py:149} INFO - Kernel 50847015-2474-4e5f-b8e2-b7a65fb73d74 eliminado
[2026-03-16T19:50:07.852+0000] {python.py:183} INFO - Done. Returned value was: None
[2026-03-16T19:50:07.857+0000] {taskinstance.py:1373} INFO - Marking task as SUCCESS. dag_id=dag_mlops_full_pipeline, task_id=trigger_jupyter, execution_date=20260316T194500, start_date=20260316T195005, end_date=20260316T195007
[2026-03-16T19:50:07.881+0000] {local_task_job_runner.py:232} INFO - Task exited with return code 0
[2026-03-16T19:50:07.892+0000] {taskinstance.py:2674} INFO - 1 downstream tasks scheduled from follow-on schedule check
