[2026-03-14T20:08:53.687+0000] {taskinstance.py:1125} INFO - Dependencies all met for dep_context=non-requeueable deps ti=<TaskInstance: dag_mlops_full_pipeline.trigger_jupyter manual__2026-03-14T20:08:48.938770+00:00 [queued]>
[2026-03-14T20:08:53.690+0000] {taskinstance.py:1125} INFO - Dependencies all met for dep_context=requeueable deps ti=<TaskInstance: dag_mlops_full_pipeline.trigger_jupyter manual__2026-03-14T20:08:48.938770+00:00 [queued]>
[2026-03-14T20:08:53.690+0000] {taskinstance.py:1331} INFO - Starting attempt 1 of 1
[2026-03-14T20:08:53.694+0000] {taskinstance.py:1350} INFO - Executing <Task(PythonOperator): trigger_jupyter> on 2026-03-14 20:08:48.938770+00:00
[2026-03-14T20:08:53.697+0000] {standard_task_runner.py:57} INFO - Started process 774 to run task
[2026-03-14T20:08:53.698+0000] {standard_task_runner.py:84} INFO - Running: ['***', 'tasks', 'run', 'dag_mlops_full_pipeline', 'trigger_jupyter', 'manual__2026-03-14T20:08:48.938770+00:00', '--job-id', '100', '--raw', '--subdir', 'DAGS_FOLDER/dag2.py', '--cfg-path', '/tmp/tmpmn6xprhu']
[2026-03-14T20:08:53.699+0000] {standard_task_runner.py:85} INFO - Job 100: Subtask trigger_jupyter
[2026-03-14T20:08:53.716+0000] {task_command.py:410} INFO - Running <TaskInstance: dag_mlops_full_pipeline.trigger_jupyter manual__2026-03-14T20:08:48.938770+00:00 [running]> on host 806b7d0ca00f
[2026-03-14T20:08:53.743+0000] {taskinstance.py:1570} INFO - Exporting env vars: AIRFLOW_CTX_DAG_OWNER='***' AIRFLOW_CTX_DAG_ID='dag_mlops_full_pipeline' AIRFLOW_CTX_TASK_ID='trigger_jupyter' AIRFLOW_CTX_EXECUTION_DATE='2026-03-14T20:08:48.938770+00:00' AIRFLOW_CTX_TRY_NUMBER='1' AIRFLOW_CTX_DAG_RUN_ID='manual__2026-03-14T20:08:48.938770+00:00'
[2026-03-14T20:08:53.749+0000] {logging_mixin.py:149} INFO - Creando kernel en Jupyter...
[2026-03-14T20:08:53.772+0000] {logging_mixin.py:149} INFO - Kernel creado: 206e8c70-f4fe-45ae-8efd-e1faaa7847cf
[2026-03-14T20:08:53.773+0000] {logging_mixin.py:149} INFO - Conectando WebSocket...
[2026-03-14T20:08:53.939+0000] {logging_mixin.py:149} INFO - WebSocket conectado
[2026-03-14T20:08:53.939+0000] {logging_mixin.py:149} INFO - Esperando que el kernel esté listo...
[2026-03-14T20:08:53.958+0000] {logging_mixin.py:149} INFO -   Estado kernel: idle
[2026-03-14T20:08:53.958+0000] {logging_mixin.py:149} INFO - Kernel listo
[2026-03-14T20:08:53.958+0000] {logging_mixin.py:149} INFO - Leyendo notebook train_model.ipynb...
[2026-03-14T20:08:53.962+0000] {logging_mixin.py:149} INFO - Inyectando parámetros...
[2026-03-14T20:08:53.967+0000] {logging_mixin.py:149} INFO -   [celda 0] Parámetros inyectados: batch=3, group=4
[2026-03-14T20:08:53.967+0000] {logging_mixin.py:149} INFO - Ejecutando 6 celdas del notebook...
[2026-03-14T20:08:53.967+0000] {logging_mixin.py:149} INFO -   Ejecutando celda 1/6...
[2026-03-14T20:08:53.973+0000] {logging_mixin.py:149} INFO -   [celda 1 ERROR] SyntaxError: unterminated string literal (detected at line 336) (3259065375.py, line 336)
[2026-03-14T20:08:54.092+0000] {logging_mixin.py:149} INFO - Kernel 206e8c70-f4fe-45ae-8efd-e1faaa7847cf eliminado
[2026-03-14T20:08:54.092+0000] {taskinstance.py:1847} ERROR - Task failed with exception
Traceback (most recent call last):
  File "/home/airflow/.local/lib/python3.7/site-packages/airflow/operators/python.py", line 181, in execute
    return_value = self.execute_callable()
  File "/home/airflow/.local/lib/python3.7/site-packages/airflow/operators/python.py", line 198, in execute_callable
    return self.python_callable(*self.op_args, **self.op_kwargs)
  File "/opt/airflow/dags/dag2.py", line 404, in trigger_jupyter
    raise RuntimeError(f"Error en celda {i}:\n" + "\n".join(errors))
RuntimeError: Error en celda 1:
SyntaxError: unterminated string literal (detected at line 336) (3259065375.py, line 336)
execute_reply: SyntaxError: unterminated string literal (detected at line 336) (3259065375.py, line 336)
[2026-03-14T20:08:54.096+0000] {taskinstance.py:1373} INFO - Marking task as FAILED. dag_id=dag_mlops_full_pipeline, task_id=trigger_jupyter, execution_date=20260314T200848, start_date=20260314T200853, end_date=20260314T200854
[2026-03-14T20:08:54.100+0000] {standard_task_runner.py:109} ERROR - Failed to execute job 100 for task trigger_jupyter (Error en celda 1:
SyntaxError: unterminated string literal (detected at line 336) (3259065375.py, line 336)
execute_reply: SyntaxError: unterminated string literal (detected at line 336) (3259065375.py, line 336); 774)
[2026-03-14T20:08:54.132+0000] {local_task_job_runner.py:232} INFO - Task exited with return code 1
[2026-03-14T20:08:54.144+0000] {taskinstance.py:2674} INFO - 0 downstream tasks scheduled from follow-on schedule check
