[2026-03-17T00:54:05.295+0000] {taskinstance.py:1125} INFO - Dependencies all met for dep_context=non-requeueable deps ti=<TaskInstance: dag_mlops_full_pipeline.trigger_jupyter scheduled__2026-03-17T00:48:00+00:00 [queued]>
[2026-03-17T00:54:05.298+0000] {taskinstance.py:1125} INFO - Dependencies all met for dep_context=requeueable deps ti=<TaskInstance: dag_mlops_full_pipeline.trigger_jupyter scheduled__2026-03-17T00:48:00+00:00 [queued]>
[2026-03-17T00:54:05.299+0000] {taskinstance.py:1331} INFO - Starting attempt 1 of 1
[2026-03-17T00:54:05.304+0000] {taskinstance.py:1350} INFO - Executing <Task(PythonOperator): trigger_jupyter> on 2026-03-17 00:48:00+00:00
[2026-03-17T00:54:05.306+0000] {standard_task_runner.py:57} INFO - Started process 51487 to run task
[2026-03-17T00:54:05.308+0000] {standard_task_runner.py:84} INFO - Running: ['***', 'tasks', 'run', 'dag_mlops_full_pipeline', 'trigger_jupyter', 'scheduled__2026-03-17T00:48:00+00:00', '--job-id', '554', '--raw', '--subdir', 'DAGS_FOLDER/dag2.py', '--cfg-path', '/tmp/tmpp7muia_6']
[2026-03-17T00:54:05.309+0000] {standard_task_runner.py:85} INFO - Job 554: Subtask trigger_jupyter
[2026-03-17T00:54:05.328+0000] {task_command.py:410} INFO - Running <TaskInstance: dag_mlops_full_pipeline.trigger_jupyter scheduled__2026-03-17T00:48:00+00:00 [running]> on host 87aa27980d8e
[2026-03-17T00:54:05.359+0000] {taskinstance.py:1570} INFO - Exporting env vars: AIRFLOW_CTX_DAG_OWNER='***' AIRFLOW_CTX_DAG_ID='dag_mlops_full_pipeline' AIRFLOW_CTX_TASK_ID='trigger_jupyter' AIRFLOW_CTX_EXECUTION_DATE='2026-03-17T00:48:00+00:00' AIRFLOW_CTX_TRY_NUMBER='1' AIRFLOW_CTX_DAG_RUN_ID='scheduled__2026-03-17T00:48:00+00:00'
[2026-03-17T00:54:05.365+0000] {logging_mixin.py:149} INFO - Creando kernel en Jupyter...
[2026-03-17T00:54:05.396+0000] {logging_mixin.py:149} INFO - Kernel creado: b265593f-01c9-4b0b-befb-fc728b3e38b9
[2026-03-17T00:54:05.396+0000] {logging_mixin.py:149} INFO - Conectando WebSocket...
[2026-03-17T00:54:05.573+0000] {logging_mixin.py:149} INFO - WebSocket conectado
[2026-03-17T00:54:05.573+0000] {logging_mixin.py:149} INFO - Esperando que el kernel este listo...
[2026-03-17T00:54:05.595+0000] {logging_mixin.py:149} INFO -   Estado kernel: busy
[2026-03-17T00:54:06.598+0000] {logging_mixin.py:149} INFO -   Estado kernel: busy
[2026-03-17T00:54:07.604+0000] {logging_mixin.py:149} INFO -   Estado kernel: idle
[2026-03-17T00:54:07.604+0000] {logging_mixin.py:149} INFO - Kernel listo
[2026-03-17T00:54:07.604+0000] {logging_mixin.py:149} INFO - Leyendo notebook train_model.ipynb...
[2026-03-17T00:54:07.615+0000] {logging_mixin.py:149} INFO - Inyectando parametros...
[2026-03-17T00:54:07.623+0000] {logging_mixin.py:149} INFO -   [celda 0] Parametros inyectados: batch=4, group=4
[2026-03-17T00:54:07.624+0000] {logging_mixin.py:149} INFO - Ejecutando 6 celdas del notebook...
[2026-03-17T00:54:07.624+0000] {logging_mixin.py:149} INFO -   Ejecutando celda 1/6...
[2026-03-17T00:54:08.146+0000] {logging_mixin.py:149} INFO -   [celda 1] Librerias cargadas correctamente
[2026-03-17T00:54:08.147+0000] {logging_mixin.py:149} INFO -   Ejecutando celda 2/6...
[2026-03-17T00:54:08.151+0000] {logging_mixin.py:149} INFO -   [celda 2] Parametros: batch=4, group=4
[2026-03-17T00:54:08.151+0000] {logging_mixin.py:149} INFO -   Ejecutando celda 3/6...
[2026-03-17T00:54:08.177+0000] {logging_mixin.py:149} INFO -   [celda 3] Conectando a PostgreSQL en postgres:5432...
Datos cargados: 5810 filas
   elevation    aspect     slope  horizontal_distance_to_hydrology  \
0   0.755500  0.286111  0.203704                          0.907660   
1   0.232558  0.861111  0.537037                          0.169990   
2   0.728473  0.919444  0.425926                          0.160546   
3   0.097423  0.019444  0.370370                          0.281217   
4   0.302954  0.894444  0.388889                          0.089192   

   vertical_distance_to_hydrology  horizontal_distance_to_roadways  \
0                        0.777164                         0.185445   
1                        0.373849                         0.248794   
2                        0.355433                         0.099518   
3                        0.414365                         0.122972   
4                        0.316759                         0.298115   

   hillshade_9am  hillshade_noon  hillshade_3pm  \
0       0.931193        0.816456       0.463710   
1       0.422018        0.696203       0.850806   
2       0.573394        0.689873       0.725806   
3       0.715596        0.639241       0.556452   
4       0.587156        0.753165       0.762097   

   horizontal_distance_to_fire_points  wilderness_area_encoded  \
0                            0.314425                        2   
1                            0.088909                        0   
2                            0.514008                        2   
3                            0.155360                        0   
4                            0.114610                        0   

   soil_type_encoded  cover_type  
0                 18           0  
1                  6           2  
2                 19           0  
3                  6           5  
4                  6           5
[2026-03-17T00:54:08.179+0000] {logging_mixin.py:149} INFO -   [celda 3] /tmp/ipykernel_5161/3056758113.py:26: UserWarning: pandas only supports SQLAlchemy connectable (engine/connection) or database string URI or sqlite3 DBAPI2 connection. Other DBAPI2 objects are not tested. Please consider using SQLAlchemy.
  df = pd.read_sql(query, conn, params=(BATCH_NUMBER, GROUP_NUMBER))
[2026-03-17T00:54:08.179+0000] {logging_mixin.py:149} INFO -   Ejecutando celda 4/6...
[2026-03-17T00:54:08.185+0000] {logging_mixin.py:149} INFO -   [celda 4] Train: 4648 filas | Test: 1162 filas
[2026-03-17T00:54:08.185+0000] {logging_mixin.py:149} INFO -   Ejecutando celda 5/6...
[2026-03-17T00:54:08.347+0000] {logging_mixin.py:149} INFO -   [celda 5] Entrenando Random Forest...
[2026-03-17T00:54:08.348+0000] {logging_mixin.py:149} INFO -   [celda 5] Entrenamiento completado
Accuracy en test: 0.8701 (87.01%)
[2026-03-17T00:54:08.350+0000] {logging_mixin.py:149} INFO -   Ejecutando celda 6/6...
[2026-03-17T00:54:08.396+0000] {logging_mixin.py:149} INFO -   [celda 6] Conectando a MinIO en http://minio:9000...
[2026-03-17T00:54:08.474+0000] {logging_mixin.py:149} INFO -   [celda 6] Modelo guardado en MinIO: s3://models/group_4/batch_4_acc_0.8701_20260317_005408.pkl
Tamano: 12093.2 KB
Notebook completado exitosamente
[2026-03-17T00:54:08.476+0000] {logging_mixin.py:149} INFO - Todas las celdas ejecutadas exitosamente
[2026-03-17T00:54:08.698+0000] {logging_mixin.py:149} INFO - Kernel b265593f-01c9-4b0b-befb-fc728b3e38b9 eliminado
[2026-03-17T00:54:08.698+0000] {python.py:183} INFO - Done. Returned value was: None
[2026-03-17T00:54:08.703+0000] {taskinstance.py:1373} INFO - Marking task as SUCCESS. dag_id=dag_mlops_full_pipeline, task_id=trigger_jupyter, execution_date=20260317T004800, start_date=20260317T005405, end_date=20260317T005408
[2026-03-17T00:54:08.752+0000] {local_task_job_runner.py:232} INFO - Task exited with return code 0
[2026-03-17T00:54:08.764+0000] {taskinstance.py:2674} INFO - 1 downstream tasks scheduled from follow-on schedule check
