[2026-03-17T01:56:22.854+0000] {taskinstance.py:1125} INFO - Dependencies all met for dep_context=non-requeueable deps ti=<TaskInstance: dag_mlops_full_pipeline.preprocess_data scheduled__2026-03-17T01:50:00+00:00 [queued]>
[2026-03-17T01:56:22.858+0000] {taskinstance.py:1125} INFO - Dependencies all met for dep_context=requeueable deps ti=<TaskInstance: dag_mlops_full_pipeline.preprocess_data scheduled__2026-03-17T01:50:00+00:00 [queued]>
[2026-03-17T01:56:22.858+0000] {taskinstance.py:1331} INFO - Starting attempt 1 of 1
[2026-03-17T01:56:22.863+0000] {taskinstance.py:1350} INFO - Executing <Task(PythonOperator): preprocess_data> on 2026-03-17 01:50:00+00:00
[2026-03-17T01:56:22.865+0000] {standard_task_runner.py:57} INFO - Started process 55992 to run task
[2026-03-17T01:56:22.867+0000] {standard_task_runner.py:84} INFO - Running: ['***', 'tasks', 'run', 'dag_mlops_full_pipeline', 'preprocess_data', 'scheduled__2026-03-17T01:50:00+00:00', '--job-id', '612', '--raw', '--subdir', 'DAGS_FOLDER/dag2.py', '--cfg-path', '/tmp/tmpn0ng49ba']
[2026-03-17T01:56:22.868+0000] {standard_task_runner.py:85} INFO - Job 612: Subtask preprocess_data
[2026-03-17T01:56:22.890+0000] {task_command.py:410} INFO - Running <TaskInstance: dag_mlops_full_pipeline.preprocess_data scheduled__2026-03-17T01:50:00+00:00 [running]> on host 87aa27980d8e
[2026-03-17T01:56:22.929+0000] {taskinstance.py:1570} INFO - Exporting env vars: AIRFLOW_CTX_DAG_OWNER='***' AIRFLOW_CTX_DAG_ID='dag_mlops_full_pipeline' AIRFLOW_CTX_TASK_ID='preprocess_data' AIRFLOW_CTX_EXECUTION_DATE='2026-03-17T01:50:00+00:00' AIRFLOW_CTX_TRY_NUMBER='1' AIRFLOW_CTX_DAG_RUN_ID='scheduled__2026-03-17T01:50:00+00:00'
[2026-03-17T01:56:22.938+0000] {base.py:73} INFO - Using connection ID 'postgres_default' for task execution.
[2026-03-17T01:56:22.962+0000] {logging_mixin.py:149} INFO - Filas recibidas: 11620
[2026-03-17T01:56:22.964+0000] {logging_mixin.py:149} INFO - Filas eliminadas por cover_type invalido (fuera de [1,7]): 2311
[2026-03-17T01:56:22.964+0000] {logging_mixin.py:149} INFO - Filas validas para procesar: 9309
[2026-03-17T01:56:24.799+0000] {logging_mixin.py:149} INFO - Preprocesamiento completado: 9309 filas en ambas tablas
[2026-03-17T01:56:24.801+0000] {python.py:183} INFO - Done. Returned value was: None
[2026-03-17T01:56:24.805+0000] {taskinstance.py:1373} INFO - Marking task as SUCCESS. dag_id=dag_mlops_full_pipeline, task_id=preprocess_data, execution_date=20260317T015000, start_date=20260317T015622, end_date=20260317T015624
[2026-03-17T01:56:24.843+0000] {local_task_job_runner.py:232} INFO - Task exited with return code 0
[2026-03-17T01:56:24.855+0000] {taskinstance.py:2674} INFO - 1 downstream tasks scheduled from follow-on schedule check
[2026-03-17T01:59:31.233+0000] {taskinstance.py:1125} INFO - Dependencies all met for dep_context=non-requeueable deps ti=<TaskInstance: dag_mlops_full_pipeline.preprocess_data scheduled__2026-03-17T01:50:00+00:00 [queued]>
[2026-03-17T01:59:31.236+0000] {taskinstance.py:1125} INFO - Dependencies all met for dep_context=requeueable deps ti=<TaskInstance: dag_mlops_full_pipeline.preprocess_data scheduled__2026-03-17T01:50:00+00:00 [queued]>
[2026-03-17T01:59:31.236+0000] {taskinstance.py:1331} INFO - Starting attempt 1 of 1
[2026-03-17T01:59:31.240+0000] {taskinstance.py:1350} INFO - Executing <Task(PythonOperator): preprocess_data> on 2026-03-17 01:50:00+00:00
[2026-03-17T01:59:31.243+0000] {standard_task_runner.py:57} INFO - Started process 56253 to run task
[2026-03-17T01:59:31.244+0000] {standard_task_runner.py:84} INFO - Running: ['***', 'tasks', 'run', 'dag_mlops_full_pipeline', 'preprocess_data', 'scheduled__2026-03-17T01:50:00+00:00', '--job-id', '619', '--raw', '--subdir', 'DAGS_FOLDER/dag2.py', '--cfg-path', '/tmp/tmpk1off2ak']
[2026-03-17T01:59:31.245+0000] {standard_task_runner.py:85} INFO - Job 619: Subtask preprocess_data
[2026-03-17T01:59:31.264+0000] {task_command.py:410} INFO - Running <TaskInstance: dag_mlops_full_pipeline.preprocess_data scheduled__2026-03-17T01:50:00+00:00 [running]> on host 87aa27980d8e
[2026-03-17T01:59:31.292+0000] {taskinstance.py:1570} INFO - Exporting env vars: AIRFLOW_CTX_DAG_OWNER='***' AIRFLOW_CTX_DAG_ID='dag_mlops_full_pipeline' AIRFLOW_CTX_TASK_ID='preprocess_data' AIRFLOW_CTX_EXECUTION_DATE='2026-03-17T01:50:00+00:00' AIRFLOW_CTX_TRY_NUMBER='1' AIRFLOW_CTX_DAG_RUN_ID='scheduled__2026-03-17T01:50:00+00:00'
[2026-03-17T01:59:31.300+0000] {base.py:73} INFO - Using connection ID 'postgres_default' for task execution.
[2026-03-17T01:59:31.314+0000] {logging_mixin.py:149} INFO - Filas recibidas: 5810
[2026-03-17T01:59:31.315+0000] {logging_mixin.py:149} INFO - Filas eliminadas por cover_type invalido (fuera de [1,7]): 1167
[2026-03-17T01:59:31.315+0000] {logging_mixin.py:149} INFO - Filas validas para procesar: 4643
[2026-03-17T01:59:32.161+0000] {logging_mixin.py:149} INFO - Preprocesamiento completado: 4643 filas en ambas tablas
[2026-03-17T01:59:32.162+0000] {python.py:183} INFO - Done. Returned value was: None
[2026-03-17T01:59:32.169+0000] {taskinstance.py:1373} INFO - Marking task as SUCCESS. dag_id=dag_mlops_full_pipeline, task_id=preprocess_data, execution_date=20260317T015000, start_date=20260317T015931, end_date=20260317T015932
[2026-03-17T01:59:32.193+0000] {local_task_job_runner.py:232} INFO - Task exited with return code 0
[2026-03-17T01:59:32.219+0000] {taskinstance.py:2674} INFO - 1 downstream tasks scheduled from follow-on schedule check
