[2026-03-16T19:25:06.225+0000] {taskinstance.py:1125} INFO - Dependencies all met for dep_context=non-requeueable deps ti=<TaskInstance: dag_mlops_full_pipeline.trigger_jupyter scheduled__2026-03-16T19:15:00+00:00 [queued]>
[2026-03-16T19:25:06.228+0000] {taskinstance.py:1125} INFO - Dependencies all met for dep_context=requeueable deps ti=<TaskInstance: dag_mlops_full_pipeline.trigger_jupyter scheduled__2026-03-16T19:15:00+00:00 [queued]>
[2026-03-16T19:25:06.228+0000] {taskinstance.py:1331} INFO - Starting attempt 1 of 1
[2026-03-16T19:25:06.233+0000] {taskinstance.py:1350} INFO - Executing <Task(PythonOperator): trigger_jupyter> on 2026-03-16 19:15:00+00:00
[2026-03-16T19:25:06.235+0000] {standard_task_runner.py:57} INFO - Started process 28314 to run task
[2026-03-16T19:25:06.237+0000] {standard_task_runner.py:84} INFO - Running: ['***', 'tasks', 'run', 'dag_mlops_full_pipeline', 'trigger_jupyter', 'scheduled__2026-03-16T19:15:00+00:00', '--job-id', '350', '--raw', '--subdir', 'DAGS_FOLDER/dag2.py', '--cfg-path', '/tmp/tmp5u91wsib']
[2026-03-16T19:25:06.238+0000] {standard_task_runner.py:85} INFO - Job 350: Subtask trigger_jupyter
[2026-03-16T19:25:06.256+0000] {task_command.py:410} INFO - Running <TaskInstance: dag_mlops_full_pipeline.trigger_jupyter scheduled__2026-03-16T19:15:00+00:00 [running]> on host 87aa27980d8e
[2026-03-16T19:25:06.286+0000] {taskinstance.py:1570} INFO - Exporting env vars: AIRFLOW_CTX_DAG_OWNER='***' AIRFLOW_CTX_DAG_ID='dag_mlops_full_pipeline' AIRFLOW_CTX_TASK_ID='trigger_jupyter' AIRFLOW_CTX_EXECUTION_DATE='2026-03-16T19:15:00+00:00' AIRFLOW_CTX_TRY_NUMBER='1' AIRFLOW_CTX_DAG_RUN_ID='scheduled__2026-03-16T19:15:00+00:00'
[2026-03-16T19:25:06.292+0000] {logging_mixin.py:149} INFO - Creando kernel en Jupyter...
[2026-03-16T19:25:06.319+0000] {logging_mixin.py:149} INFO - Kernel creado: 582d4327-de57-4b6b-a97f-897215bc4220
[2026-03-16T19:25:06.320+0000] {logging_mixin.py:149} INFO - Conectando WebSocket...
[2026-03-16T19:25:06.653+0000] {logging_mixin.py:149} INFO - WebSocket conectado
[2026-03-16T19:25:06.653+0000] {logging_mixin.py:149} INFO - Esperando que el kernel este listo...
[2026-03-16T19:25:06.669+0000] {logging_mixin.py:149} INFO -   Estado kernel: idle
[2026-03-16T19:25:06.669+0000] {logging_mixin.py:149} INFO - Kernel listo
[2026-03-16T19:25:06.669+0000] {logging_mixin.py:149} INFO - Leyendo notebook train_model.ipynb...
[2026-03-16T19:25:06.677+0000] {logging_mixin.py:149} INFO - Inyectando parametros...
[2026-03-16T19:25:06.685+0000] {logging_mixin.py:149} INFO -   [celda 0] Parametros inyectados: batch=2, group=4
[2026-03-16T19:25:06.685+0000] {logging_mixin.py:149} INFO - Ejecutando 6 celdas del notebook...
[2026-03-16T19:25:06.685+0000] {logging_mixin.py:149} INFO -   Ejecutando celda 1/6...
[2026-03-16T19:25:07.213+0000] {logging_mixin.py:149} INFO -   [celda 1] Librerias cargadas correctamente
[2026-03-16T19:25:07.215+0000] {logging_mixin.py:149} INFO -   Ejecutando celda 2/6...
[2026-03-16T19:25:07.219+0000] {logging_mixin.py:149} INFO -   [celda 2] Parametros: batch=2, group=4
[2026-03-16T19:25:07.219+0000] {logging_mixin.py:149} INFO -   Ejecutando celda 3/6...
[2026-03-16T19:25:07.241+0000] {logging_mixin.py:149} INFO -   [celda 3] Conectando a PostgreSQL en postgres:5432...
Datos cargados: 5810 filas
   elevation    aspect     slope  horizontal_distance_to_hydrology  \
0   0.612015  0.452778  0.395833                          0.062959   
1   0.551940  0.186111  0.333333                          0.190976   
2   0.553191  0.166667  0.500000                          0.094439   
3   0.335419  0.016667  0.229167                          0.245540   
4   0.635169  0.644444  0.291667                          0.239244   

   vertical_distance_to_hydrology  horizontal_distance_to_roadways  \
0                        0.282374                         0.223244   
1                        0.345324                         0.286496   
2                        0.316547                         0.217991   
3                        0.426259                         0.072445   
4                        0.410072                         0.335084   

   hillshade_9am  hillshade_noon  hillshade_3pm  \
0          0.900        0.918367       0.524194   
1          0.900        0.680272       0.403226   
2          0.880        0.517007       0.290323   
3          0.760        0.755102       0.600806   
4          0.715        0.986395       0.770161   

   horizontal_distance_to_fire_points  wilderness_area_encoded  \
0                            0.433989                        1   
1                            0.231742                        1   
2                            0.298221                        1   
3                            0.070459                        0   
4                            0.421816                        1   

   soil_type_encoded  cover_type  
0                 22           1  
1                 22           1  
2                 15           1  
3                  6           2  
4                 23           1
[2026-03-16T19:25:07.243+0000] {logging_mixin.py:149} INFO -   [celda 3] /tmp/ipykernel_2779/3056758113.py:26: UserWarning: pandas only supports SQLAlchemy connectable (engine/connection) or database string URI or sqlite3 DBAPI2 connection. Other DBAPI2 objects are not tested. Please consider using SQLAlchemy.
  df = pd.read_sql(query, conn, params=(BATCH_NUMBER, GROUP_NUMBER))
[2026-03-16T19:25:07.243+0000] {logging_mixin.py:149} INFO -   Ejecutando celda 4/6...
[2026-03-16T19:25:07.249+0000] {logging_mixin.py:149} INFO -   [celda 4] Train: 4648 filas | Test: 1162 filas
[2026-03-16T19:25:07.249+0000] {logging_mixin.py:149} INFO -   Ejecutando celda 5/6...
[2026-03-16T19:25:07.411+0000] {logging_mixin.py:149} INFO -   [celda 5] Entrenando Random Forest...
Entrenamiento completado
Accuracy en test: 0.8640 (86.40%)
[2026-03-16T19:25:07.413+0000] {logging_mixin.py:149} INFO -   Ejecutando celda 6/6...
[2026-03-16T19:25:07.459+0000] {logging_mixin.py:149} INFO -   [celda 6] Conectando a MinIO en http://minio:9000...
[2026-03-16T19:25:07.534+0000] {logging_mixin.py:149} INFO -   [celda 6] Modelo guardado en MinIO: s3://models/group_4/batch_2_acc_0.864_20260316_192507.pkl
Tamano: 12408.2 KB
Notebook completado exitosamente
[2026-03-16T19:25:07.536+0000] {logging_mixin.py:149} INFO - Todas las celdas ejecutadas exitosamente
[2026-03-16T19:25:07.761+0000] {logging_mixin.py:149} INFO - Kernel 582d4327-de57-4b6b-a97f-897215bc4220 eliminado
[2026-03-16T19:25:07.761+0000] {python.py:183} INFO - Done. Returned value was: None
[2026-03-16T19:25:07.765+0000] {taskinstance.py:1373} INFO - Marking task as SUCCESS. dag_id=dag_mlops_full_pipeline, task_id=trigger_jupyter, execution_date=20260316T191500, start_date=20260316T192506, end_date=20260316T192507
[2026-03-16T19:25:07.788+0000] {local_task_job_runner.py:232} INFO - Task exited with return code 0
[2026-03-16T19:25:07.798+0000] {taskinstance.py:2674} INFO - 1 downstream tasks scheduled from follow-on schedule check
