[2026-03-17T00:48:06.516+0000] {taskinstance.py:1125} INFO - Dependencies all met for dep_context=non-requeueable deps ti=<TaskInstance: dag_mlops_full_pipeline.trigger_jupyter scheduled__2026-03-17T00:42:00+00:00 [queued]>
[2026-03-17T00:48:06.519+0000] {taskinstance.py:1125} INFO - Dependencies all met for dep_context=requeueable deps ti=<TaskInstance: dag_mlops_full_pipeline.trigger_jupyter scheduled__2026-03-17T00:42:00+00:00 [queued]>
[2026-03-17T00:48:06.519+0000] {taskinstance.py:1331} INFO - Starting attempt 1 of 1
[2026-03-17T00:48:06.524+0000] {taskinstance.py:1350} INFO - Executing <Task(PythonOperator): trigger_jupyter> on 2026-03-17 00:42:00+00:00
[2026-03-17T00:48:06.526+0000] {standard_task_runner.py:57} INFO - Started process 51070 to run task
[2026-03-17T00:48:06.528+0000] {standard_task_runner.py:84} INFO - Running: ['***', 'tasks', 'run', 'dag_mlops_full_pipeline', 'trigger_jupyter', 'scheduled__2026-03-17T00:42:00+00:00', '--job-id', '549', '--raw', '--subdir', 'DAGS_FOLDER/dag2.py', '--cfg-path', '/tmp/tmpy690xpoj']
[2026-03-17T00:48:06.529+0000] {standard_task_runner.py:85} INFO - Job 549: Subtask trigger_jupyter
[2026-03-17T00:48:06.547+0000] {task_command.py:410} INFO - Running <TaskInstance: dag_mlops_full_pipeline.trigger_jupyter scheduled__2026-03-17T00:42:00+00:00 [running]> on host 87aa27980d8e
[2026-03-17T00:48:06.578+0000] {taskinstance.py:1570} INFO - Exporting env vars: AIRFLOW_CTX_DAG_OWNER='***' AIRFLOW_CTX_DAG_ID='dag_mlops_full_pipeline' AIRFLOW_CTX_TASK_ID='trigger_jupyter' AIRFLOW_CTX_EXECUTION_DATE='2026-03-17T00:42:00+00:00' AIRFLOW_CTX_TRY_NUMBER='1' AIRFLOW_CTX_DAG_RUN_ID='scheduled__2026-03-17T00:42:00+00:00'
[2026-03-17T00:48:06.584+0000] {logging_mixin.py:149} INFO - Creando kernel en Jupyter...
[2026-03-17T00:48:06.603+0000] {logging_mixin.py:149} INFO - Kernel creado: 250be5d3-eacd-4e7c-bb26-95d7421a75a1
[2026-03-17T00:48:06.603+0000] {logging_mixin.py:149} INFO - Conectando WebSocket...
[2026-03-17T00:48:06.899+0000] {logging_mixin.py:149} INFO - WebSocket conectado
[2026-03-17T00:48:06.900+0000] {logging_mixin.py:149} INFO - Esperando que el kernel este listo...
[2026-03-17T00:48:06.913+0000] {logging_mixin.py:149} INFO -   Estado kernel: busy
[2026-03-17T00:48:07.916+0000] {logging_mixin.py:149} INFO -   Estado kernel: idle
[2026-03-17T00:48:07.917+0000] {logging_mixin.py:149} INFO - Kernel listo
[2026-03-17T00:48:07.917+0000] {logging_mixin.py:149} INFO - Leyendo notebook train_model.ipynb...
[2026-03-17T00:48:07.932+0000] {logging_mixin.py:149} INFO - Inyectando parametros...
[2026-03-17T00:48:07.937+0000] {logging_mixin.py:149} INFO -   [celda 0] Parametros inyectados: batch=3, group=4
[2026-03-17T00:48:07.938+0000] {logging_mixin.py:149} INFO - Ejecutando 6 celdas del notebook...
[2026-03-17T00:48:07.938+0000] {logging_mixin.py:149} INFO -   Ejecutando celda 1/6...
[2026-03-17T00:48:08.440+0000] {logging_mixin.py:149} INFO -   [celda 1] Librerias cargadas correctamente
[2026-03-17T00:48:08.441+0000] {logging_mixin.py:149} INFO -   Ejecutando celda 2/6...
[2026-03-17T00:48:08.445+0000] {logging_mixin.py:149} INFO -   [celda 2] Parametros: batch=3, group=4
[2026-03-17T00:48:08.445+0000] {logging_mixin.py:149} INFO -   Ejecutando celda 3/6...
[2026-03-17T00:48:08.468+0000] {logging_mixin.py:149} INFO -   [celda 3] Conectando a PostgreSQL en postgres:5432...
Datos cargados: 5810 filas
   elevation    aspect     slope  horizontal_distance_to_hydrology  \
0   0.486367  0.922222  0.490196                          0.093848   
1   0.873811  0.413889  0.588235                          0.156413   
2   0.524413  0.280556  0.137255                          0.000000   
3   0.370323  0.980556  0.607843                          0.581856   
4   0.283450  0.950000  0.352941                          0.319082   

   vertical_distance_to_hydrology  horizontal_distance_to_roadways  \
0                        0.320354                         0.303115   
1                        0.357522                         0.515789   
2                        0.281416                         0.417615   
3                        0.702655                         0.208163   
4                        0.467257                         0.188400   

   hillshade_9am  hillshade_noon  hillshade_3pm  \
0       0.610236        0.658228       0.722892   
1       0.952756        0.803797       0.349398   
2       0.917323        0.848101       0.522088   
3       0.594488        0.462025       0.578313   
4       0.704724        0.721519       0.670683   

   horizontal_distance_to_fire_points  wilderness_area_encoded  \
0                            0.399531                        1   
1                            0.734818                        2   
2                            0.022743                        1   
3                            0.053458                        0   
4                            0.187573                        0   

   soil_type_encoded  cover_type  
0                  8           5  
1                 18           1  
2                 22           0  
3                  6           2  
4                  5           2
[2026-03-17T00:48:08.470+0000] {logging_mixin.py:149} INFO -   [celda 3] /tmp/ipykernel_5099/3056758113.py:26: UserWarning: pandas only supports SQLAlchemy connectable (engine/connection) or database string URI or sqlite3 DBAPI2 connection. Other DBAPI2 objects are not tested. Please consider using SQLAlchemy.
  df = pd.read_sql(query, conn, params=(BATCH_NUMBER, GROUP_NUMBER))
[2026-03-17T00:48:08.470+0000] {logging_mixin.py:149} INFO -   Ejecutando celda 4/6...
[2026-03-17T00:48:08.476+0000] {logging_mixin.py:149} INFO -   [celda 4] Train: 4648 filas | Test: 1162 filas
[2026-03-17T00:48:08.477+0000] {logging_mixin.py:149} INFO -   Ejecutando celda 5/6...
[2026-03-17T00:48:08.626+0000] {logging_mixin.py:149} INFO -   [celda 5] Entrenando Random Forest...
Entrenamiento completado
Accuracy en test: 0.8744 (87.44%)
[2026-03-17T00:48:08.628+0000] {logging_mixin.py:149} INFO -   Ejecutando celda 6/6...
[2026-03-17T00:48:08.674+0000] {logging_mixin.py:149} INFO -   [celda 6] Conectando a MinIO en http://minio:9000...
[2026-03-17T00:48:08.737+0000] {logging_mixin.py:149} INFO -   [celda 6] Modelo guardado en MinIO: s3://models/group_4/batch_3_acc_0.8744_20260317_004808.pkl
Tamano: 12106.6 KB
Notebook completado exitosamente
[2026-03-17T00:48:08.738+0000] {logging_mixin.py:149} INFO - Todas las celdas ejecutadas exitosamente
[2026-03-17T00:48:08.955+0000] {logging_mixin.py:149} INFO - Kernel 250be5d3-eacd-4e7c-bb26-95d7421a75a1 eliminado
[2026-03-17T00:48:08.955+0000] {python.py:183} INFO - Done. Returned value was: None
[2026-03-17T00:48:08.959+0000] {taskinstance.py:1373} INFO - Marking task as SUCCESS. dag_id=dag_mlops_full_pipeline, task_id=trigger_jupyter, execution_date=20260317T004200, start_date=20260317T004806, end_date=20260317T004808
[2026-03-17T00:48:09.004+0000] {local_task_job_runner.py:232} INFO - Task exited with return code 0
[2026-03-17T00:48:09.015+0000] {taskinstance.py:2674} INFO - 1 downstream tasks scheduled from follow-on schedule check
