[2026-03-16T16:35:38.448+0000] {taskinstance.py:1125} INFO - Dependencies all met for dep_context=non-requeueable deps ti=<TaskInstance: dag_mlops_full_pipeline.trigger_jupyter scheduled__2026-03-16T16:25:00+00:00 [queued]>
[2026-03-16T16:35:38.451+0000] {taskinstance.py:1125} INFO - Dependencies all met for dep_context=requeueable deps ti=<TaskInstance: dag_mlops_full_pipeline.trigger_jupyter scheduled__2026-03-16T16:25:00+00:00 [queued]>
[2026-03-16T16:35:38.451+0000] {taskinstance.py:1331} INFO - Starting attempt 2 of 2
[2026-03-16T16:35:38.456+0000] {taskinstance.py:1350} INFO - Executing <Task(PythonOperator): trigger_jupyter> on 2026-03-16 16:25:00+00:00
[2026-03-16T16:35:38.459+0000] {standard_task_runner.py:57} INFO - Started process 15711 to run task
[2026-03-16T16:35:38.460+0000] {standard_task_runner.py:84} INFO - Running: ['***', 'tasks', 'run', 'dag_mlops_full_pipeline', 'trigger_jupyter', 'scheduled__2026-03-16T16:25:00+00:00', '--job-id', '172', '--raw', '--subdir', 'DAGS_FOLDER/dag2.py', '--cfg-path', '/tmp/tmpkpol3pcp']
[2026-03-16T16:35:38.461+0000] {standard_task_runner.py:85} INFO - Job 172: Subtask trigger_jupyter
[2026-03-16T16:35:38.479+0000] {task_command.py:410} INFO - Running <TaskInstance: dag_mlops_full_pipeline.trigger_jupyter scheduled__2026-03-16T16:25:00+00:00 [running]> on host 87aa27980d8e
[2026-03-16T16:35:38.506+0000] {taskinstance.py:1570} INFO - Exporting env vars: AIRFLOW_CTX_DAG_OWNER='***' AIRFLOW_CTX_DAG_ID='dag_mlops_full_pipeline' AIRFLOW_CTX_TASK_ID='trigger_jupyter' AIRFLOW_CTX_EXECUTION_DATE='2026-03-16T16:25:00+00:00' AIRFLOW_CTX_TRY_NUMBER='2' AIRFLOW_CTX_DAG_RUN_ID='scheduled__2026-03-16T16:25:00+00:00'
[2026-03-16T16:35:38.511+0000] {logging_mixin.py:149} INFO - Creando kernel en Jupyter...
[2026-03-16T16:35:38.532+0000] {logging_mixin.py:149} INFO - Kernel creado: 9eac55a7-e5ce-4639-8df2-aa37e48f14f2
[2026-03-16T16:35:38.532+0000] {logging_mixin.py:149} INFO - Conectando WebSocket...
[2026-03-16T16:35:38.718+0000] {logging_mixin.py:149} INFO - WebSocket conectado
[2026-03-16T16:35:38.718+0000] {logging_mixin.py:149} INFO - Esperando que el kernel este listo...
[2026-03-16T16:35:38.743+0000] {logging_mixin.py:149} INFO -   Estado kernel: busy
[2026-03-16T16:35:39.747+0000] {logging_mixin.py:149} INFO -   Estado kernel: idle
[2026-03-16T16:35:39.748+0000] {logging_mixin.py:149} INFO - Kernel listo
[2026-03-16T16:35:39.748+0000] {logging_mixin.py:149} INFO - Leyendo notebook train_model.ipynb...
[2026-03-16T16:35:39.759+0000] {logging_mixin.py:149} INFO - Inyectando parametros...
[2026-03-16T16:35:39.765+0000] {logging_mixin.py:149} INFO -   [celda 0] Parametros inyectados: batch=1, group=4
[2026-03-16T16:35:39.767+0000] {logging_mixin.py:149} INFO - Ejecutando 6 celdas del notebook...
[2026-03-16T16:35:39.767+0000] {logging_mixin.py:149} INFO -   Ejecutando celda 1/6...
[2026-03-16T16:35:40.280+0000] {logging_mixin.py:149} INFO -   [celda 1] Librerias cargadas correctamente
[2026-03-16T16:35:40.281+0000] {logging_mixin.py:149} INFO -   Ejecutando celda 2/6...
[2026-03-16T16:35:40.286+0000] {logging_mixin.py:149} INFO -   [celda 2] Parametros: batch=1, group=4
[2026-03-16T16:35:40.286+0000] {logging_mixin.py:149} INFO -   Ejecutando celda 3/6...
[2026-03-16T16:35:40.321+0000] {logging_mixin.py:149} INFO -   [celda 3] Conectando a PostgreSQL en postgres:5432...
Datos cargados: 5810 filas
   elevation    aspect     slope  horizontal_distance_to_hydrology  \
0   0.141050  0.100000  0.680851                          0.127967   
1   0.561037  0.891667  0.425532                          0.030960   
2   0.229602  0.019444  0.595745                          0.235294   
3   0.665402  0.172222  0.319149                          0.092879   
4   0.561670  0.988889  0.361702                          0.111455   

   vertical_distance_to_hydrology  horizontal_distance_to_roadways  \
0                        0.284956                         0.108278   
1                        0.307965                         0.300195   
2                        0.518584                         0.220877   
3                        0.295575                         0.177005   
4                        0.228319                         0.014048   

   hillshade_9am  hillshade_noon  hillshade_3pm  \
0       0.707447        0.301370       0.274194   
1       0.531915        0.746575       0.762097   
2       0.574468        0.438356       0.500000   
3       0.877660        0.691781       0.427419   
4       0.670213        0.684932       0.616935   

   horizontal_distance_to_fire_points  wilderness_area_encoded  \
0                            0.112915                        0   
1                            0.365326                        1   
2                            0.270525                        0   
3                            0.462009                        1   
4                            0.167490                        2   

   soil_type_encoded  cover_type  
0                  6           5  
1                 16           0  
2                  6           2  
3                 21           1  
4                 19           0
[2026-03-16T16:35:40.323+0000] {logging_mixin.py:149} INFO -   [celda 3] /tmp/ipykernel_700/3056758113.py:26: UserWarning: pandas only supports SQLAlchemy connectable (engine/connection) or database string URI or sqlite3 DBAPI2 connection. Other DBAPI2 objects are not tested. Please consider using SQLAlchemy.
  df = pd.read_sql(query, conn, params=(BATCH_NUMBER, GROUP_NUMBER))
[2026-03-16T16:35:40.323+0000] {logging_mixin.py:149} INFO -   Ejecutando celda 4/6...
[2026-03-16T16:35:40.331+0000] {logging_mixin.py:149} INFO -   [celda 4] Train: 4648 filas | Test: 1162 filas
[2026-03-16T16:35:40.332+0000] {logging_mixin.py:149} INFO -   Ejecutando celda 5/6...
[2026-03-16T16:35:40.485+0000] {logging_mixin.py:149} INFO -   [celda 5] Entrenando Random Forest...
[2026-03-16T16:35:40.529+0000] {logging_mixin.py:149} INFO -   [celda 5] Entrenamiento completado
[2026-03-16T16:35:40.530+0000] {logging_mixin.py:149} INFO -   [celda 5] Accuracy en test: 0.8554 (85.54%)
[2026-03-16T16:35:40.531+0000] {logging_mixin.py:149} INFO -   Ejecutando celda 6/6...
[2026-03-16T16:35:40.577+0000] {logging_mixin.py:149} INFO -   [celda 6] Conectando a MinIO en http://minio:9000...
[2026-03-16T16:35:40.655+0000] {logging_mixin.py:149} INFO -   [celda 6] Modelo guardado en MinIO: s3://models/group_4/batch_1_acc_0.8554_20260316_163540.pkl
Tamano: 11582.7 KB
Notebook completado exitosamente
[2026-03-16T16:35:40.655+0000] {logging_mixin.py:149} INFO - Todas las celdas ejecutadas exitosamente
[2026-03-16T16:35:40.872+0000] {logging_mixin.py:149} INFO - Kernel 9eac55a7-e5ce-4639-8df2-aa37e48f14f2 eliminado
[2026-03-16T16:35:40.872+0000] {python.py:183} INFO - Done. Returned value was: None
[2026-03-16T16:35:40.876+0000] {taskinstance.py:1373} INFO - Marking task as SUCCESS. dag_id=dag_mlops_full_pipeline, task_id=trigger_jupyter, execution_date=20260316T162500, start_date=20260316T163538, end_date=20260316T163540
[2026-03-16T16:35:40.919+0000] {local_task_job_runner.py:232} INFO - Task exited with return code 0
[2026-03-16T16:35:40.929+0000] {taskinstance.py:2674} INFO - 1 downstream tasks scheduled from follow-on schedule check
